2026-08-06 07:20:20,951 [main.py] => model_type: PF
2026-08-06 07:20:20,951 [main.py] => dataset: Cifar
2026-08-06 07:20:20,951 [main.py] => file_root: /home/team/zhaohongwei/Code/Research/Awesome-MMCL/PromptFusion-main
2026-08-06 07:20:20,951 [main.py] => data_root: /home/team/zhaohongwei/Dataset
2026-08-06 07:20:20,951 [main.py] => backbone: ViT-B-16
2026-08-06 07:20:20,951 [main.py] => herding_method: barycenter
2026-08-06 07:20:20,951 [main.py] => device: cuda
2026-08-06 07:20:20,951 [main.py] => ngpus: 1
2026-08-06 07:20:20,951 [main.py] => batch_size: 32
2026-08-06 07:20:20,951 [main.py] => memory_size: 5000
2026-08-06 07:20:20,951 [main.py] => step: 10
2026-08-06 07:20:20,951 [main.py] => initial_increment: 50
2026-08-06 07:20:20,951 [main.py] => increment: 10
2026-08-06 07:20:20,951 [main.py] => epoch: 3
2026-08-06 07:20:20,951 [main.py] => learning_rate: 0.002
2026-08-06 07:20:20,951 [main.py] => weight_decay: 0.0001
2026-08-06 07:20:20,951 [main.py] => M: 30
2026-08-06 07:20:20,951 [main.py] => vpt_prompt_length: 30
2026-08-06 07:20:20,951 [main.py] => clip_image_prompt_length: 30
2026-08-06 07:20:20,951 [main.py] => config: config/pf_cifar_50_10.json
2026-08-06 07:20:20,951 [main.py] => seed: 2026
2026-08-06 07:20:20,951 [main.py] => clip_model_path: /home/team/zhaohongwei/pretrained_models/open_clip_pytorch_model_laion400m_e32.bin
2026-08-06 07:20:20,951 [main.py] => log_root_name: OpenCLIP_LAION400M_ViTB16
2026-08-06 07:20:20,951 [main.py] => log_backbone_token: clip
2026-08-06 07:20:20,951 [main.py] => experiment_tag: openclip_laion400m_e32
2026-08-06 07:20:20,951 [main.py] => backbone_label: OpenCLIP ViT-B/16 LAION-400M laion400m_e32
2026-08-06 07:20:20,951 [main.py] => output_folder: /home/team/zhaohongwei/Code/Research/Awesome-MMCL/PromptFusion-main/PF/Cifar/ViT-B-16/openclip_laion400m_e32/base_50_inc_10/seed_2026
2026-08-06 07:20:26,197 [vision_transformer.py] => Resized position embedding: torch.Size([1, 197, 768]) to torch.Size([1, 227, 768])
2026-08-06 07:20:26,198 [vision_transformer.py] => Position embedding grid-size from [14, 14] to (14, 14)
2026-08-06 07:20:26,673 [train_pf.py] => Start Training Task 1
2026-08-06 07:20:26,679 [train_pf.py] => number of trainable params: 892581
2026-08-06 07:20:26,680 [train_pf.py] => total number of params: 211038118
2026-08-06 07:45:49,726 [train_pf.py] => Task 1 Average Accuracy is 0.928
2026-08-06 07:47:00,074 [train_pf.py] => Start Training Task 2
2026-08-06 07:47:00,083 [train_pf.py] => number of trainable params: 278501
2026-08-06 07:47:00,085 [train_pf.py] => total number of params: 210424038
2026-08-06 08:00:38,101 [train_pf.py] => Task 2 Average Accuracy is 0.925
2026-08-06 08:01:05,841 [train_pf.py] => Start Training Task 3
2026-08-06 08:01:05,849 [train_pf.py] => number of trainable params: 278821
2026-08-06 08:01:05,851 [train_pf.py] => total number of params: 210424358
2026-08-06 08:16:37,379 [train_pf.py] => Task 3 Average Accuracy is 0.910
2026-08-06 08:17:04,724 [train_pf.py] => Start Training Task 4
2026-08-06 08:17:04,730 [train_pf.py] => number of trainable params: 279141
2026-08-06 08:17:04,732 [train_pf.py] => total number of params: 210424678
2026-08-06 08:34:14,881 [train_pf.py] => Task 4 Average Accuracy is 0.898
2026-08-06 08:34:42,090 [train_pf.py] => Start Training Task 5
2026-08-06 08:34:42,097 [train_pf.py] => number of trainable params: 279461
2026-08-06 08:34:42,099 [train_pf.py] => total number of params: 210424998
2026-08-06 08:53:39,722 [train_pf.py] => Task 5 Average Accuracy is 0.904
2026-08-06 08:54:07,032 [train_pf.py] => Start Training Task 6
2026-08-06 08:54:07,043 [train_pf.py] => number of trainable params: 279781
2026-08-06 08:54:07,045 [train_pf.py] => total number of params: 210425318
2026-08-06 09:15:15,993 [train_pf.py] => Task 6 Average Accuracy is 0.890
2026-08-06 09:15:43,291 [main.py] => CNN top1 curve: [92.8, 92.5, 91.03, 89.75, 90.4, 89.02]
2026-08-06 09:15:43,291 [main.py] => Average Accuracy (CNN top1): 90.92
2026-08-06 09:15:43,291 [main.py] => Last Accuracy: 89.02
2026-08-06 09:15:43,292 [main.py] => Finished Cifar_base50_inc10 seed=2026
2026-08-06 09:15:43,292 [main.py] => Backbone: OpenCLIP ViT-B/16 LAION-400M laion400m_e32
