2026-08-04 20:08:58,902 [main.py] => model_type: PF
2026-08-04 20:08:58,902 [main.py] => dataset: Cifar
2026-08-04 20:08:58,902 [main.py] => file_root: /home/team/zhaohongwei/Code/Research/Awesome-MMCL/PromptFusion-main
2026-08-04 20:08:58,902 [main.py] => data_root: /home/team/zhaohongwei/Dataset
2026-08-04 20:08:58,902 [main.py] => backbone: ViT-B-16
2026-08-04 20:08:58,903 [main.py] => herding_method: barycenter
2026-08-04 20:08:58,903 [main.py] => device: cuda
2026-08-04 20:08:58,903 [main.py] => ngpus: 1
2026-08-04 20:08:58,903 [main.py] => batch_size: 32
2026-08-04 20:08:58,903 [main.py] => memory_size: 5000
2026-08-04 20:08:58,903 [main.py] => step: 10
2026-08-04 20:08:58,903 [main.py] => initial_increment: 50
2026-08-04 20:08:58,903 [main.py] => increment: 10
2026-08-04 20:08:58,903 [main.py] => epoch: 3
2026-08-04 20:08:58,903 [main.py] => learning_rate: 0.002
2026-08-04 20:08:58,903 [main.py] => weight_decay: 0.0001
2026-08-04 20:08:58,903 [main.py] => M: 30
2026-08-04 20:08:58,903 [main.py] => vpt_prompt_length: 30
2026-08-04 20:08:58,903 [main.py] => clip_image_prompt_length: 30
2026-08-04 20:08:58,903 [main.py] => config: config/pf_cifar_50_10.json
2026-08-04 20:08:58,903 [main.py] => seed: 1993
2026-08-04 20:08:58,903 [main.py] => clip_model_path: /home/team/zhaohongwei/pretrained_models/open_clip_pytorch_model_laion400m_e32.bin
2026-08-04 20:08:58,903 [main.py] => log_root_name: OpenCLIP_LAION400M_ViTB16
2026-08-04 20:08:58,903 [main.py] => log_backbone_token: clip
2026-08-04 20:08:58,903 [main.py] => experiment_tag: openclip_laion400m_e32
2026-08-04 20:08:58,903 [main.py] => backbone_label: OpenCLIP ViT-B/16 LAION-400M laion400m_e32
2026-08-04 20:08:58,903 [main.py] => output_folder: /home/team/zhaohongwei/Code/Research/Awesome-MMCL/PromptFusion-main/PF/Cifar/ViT-B-16/openclip_laion400m_e32/base_50_inc_10/seed_1993
2026-08-04 20:09:05,040 [vision_transformer.py] => Resized position embedding: torch.Size([1, 197, 768]) to torch.Size([1, 227, 768])
2026-08-04 20:09:05,041 [vision_transformer.py] => Position embedding grid-size from [14, 14] to (14, 14)
2026-08-04 20:09:05,715 [train_pf.py] => Start Training Task 1
2026-08-04 20:09:05,721 [train_pf.py] => number of trainable params: 892581
2026-08-04 20:09:05,722 [train_pf.py] => total number of params: 211038118
2026-08-04 20:34:27,682 [train_pf.py] => Task 1 Average Accuracy is 0.932
2026-08-04 20:35:35,623 [train_pf.py] => Start Training Task 2
2026-08-04 20:35:35,630 [train_pf.py] => number of trainable params: 278501
2026-08-04 20:35:35,632 [train_pf.py] => total number of params: 210424038
2026-08-04 20:49:11,556 [train_pf.py] => Task 2 Average Accuracy is 0.925
2026-08-04 20:49:38,867 [train_pf.py] => Start Training Task 3
2026-08-04 20:49:38,885 [train_pf.py] => number of trainable params: 278821
2026-08-04 20:49:38,887 [train_pf.py] => total number of params: 210424358
2026-08-04 21:04:57,654 [train_pf.py] => Task 3 Average Accuracy is 0.916
2026-08-04 21:05:25,016 [train_pf.py] => Start Training Task 4
2026-08-04 21:05:25,022 [train_pf.py] => number of trainable params: 279141
2026-08-04 21:05:25,024 [train_pf.py] => total number of params: 210424678
2026-08-04 21:22:25,799 [train_pf.py] => Task 4 Average Accuracy is 0.902
2026-08-04 21:22:53,067 [train_pf.py] => Start Training Task 5
2026-08-04 21:22:53,074 [train_pf.py] => number of trainable params: 279461
2026-08-04 21:22:53,088 [train_pf.py] => total number of params: 210424998
2026-08-04 21:41:57,965 [train_pf.py] => Task 5 Average Accuracy is 0.907
2026-08-04 21:42:25,489 [train_pf.py] => Start Training Task 6
2026-08-04 21:42:25,505 [train_pf.py] => number of trainable params: 279781
2026-08-04 21:42:25,507 [train_pf.py] => total number of params: 210425318
2026-08-04 22:03:47,812 [train_pf.py] => Task 6 Average Accuracy is 0.890
2026-08-04 22:04:15,351 [main.py] => CNN top1 curve: [93.2, 92.5, 91.6, 90.18, 90.7, 89.03]
2026-08-04 22:04:15,352 [main.py] => Average Accuracy (CNN top1): 91.2
2026-08-04 22:04:15,352 [main.py] => Last Accuracy: 89.03
2026-08-04 22:04:15,353 [main.py] => Finished Cifar_base50_inc10 seed=1993
2026-08-04 22:04:15,353 [main.py] => Backbone: OpenCLIP ViT-B/16 LAION-400M laion400m_e32
