2026-08-05 17:14:33,811 [main.py] => model_type: PF
2026-08-05 17:14:33,811 [main.py] => dataset: Cifar
2026-08-05 17:14:33,811 [main.py] => file_root: /home/team/zhaohongwei/Code/Research/Awesome-MMCL/PromptFusion-main
2026-08-05 17:14:33,811 [main.py] => data_root: /home/team/zhaohongwei/Dataset
2026-08-05 17:14:33,811 [main.py] => backbone: ViT-B-16
2026-08-05 17:14:33,811 [main.py] => herding_method: barycenter
2026-08-05 17:14:33,811 [main.py] => device: cuda
2026-08-05 17:14:33,811 [main.py] => ngpus: 1
2026-08-05 17:14:33,811 [main.py] => batch_size: 32
2026-08-05 17:14:33,811 [main.py] => memory_size: 5000
2026-08-05 17:14:33,811 [main.py] => step: 10
2026-08-05 17:14:33,811 [main.py] => epoch: 3
2026-08-05 17:14:33,811 [main.py] => learning_rate: 0.002
2026-08-05 17:14:33,811 [main.py] => weight_decay: 0.0001
2026-08-05 17:14:33,811 [main.py] => M: 30
2026-08-05 17:14:33,811 [main.py] => vpt_prompt_length: 30
2026-08-05 17:14:33,811 [main.py] => clip_image_prompt_length: 30
2026-08-05 17:14:33,811 [main.py] => config: config/pf_cifar_10_10.json
2026-08-05 17:14:33,812 [main.py] => seed: 42
2026-08-05 17:14:33,812 [main.py] => clip_model_path: /home/team/zhaohongwei/pretrained_models/open_clip_pytorch_model_laion400m_e32.bin
2026-08-05 17:14:33,812 [main.py] => log_root_name: OpenCLIP_LAION400M_ViTB16
2026-08-05 17:14:33,812 [main.py] => log_backbone_token: clip
2026-08-05 17:14:33,812 [main.py] => experiment_tag: openclip_laion400m_e32
2026-08-05 17:14:33,812 [main.py] => backbone_label: OpenCLIP ViT-B/16 LAION-400M laion400m_e32
2026-08-05 17:14:33,812 [main.py] => output_folder: /home/team/zhaohongwei/Code/Research/Awesome-MMCL/PromptFusion-main/PF/Cifar/ViT-B-16/openclip_laion400m_e32/seed_42
2026-08-05 17:14:39,712 [vision_transformer.py] => Resized position embedding: torch.Size([1, 197, 768]) to torch.Size([1, 227, 768])
2026-08-05 17:14:39,712 [vision_transformer.py] => Position embedding grid-size from [14, 14] to (14, 14)
2026-08-05 17:14:40,237 [train_pf.py] => Start Training Task 1
2026-08-05 17:14:40,243 [train_pf.py] => number of trainable params: 276901
2026-08-05 17:14:40,244 [train_pf.py] => total number of params: 210422438
2026-08-05 17:18:58,503 [train_pf.py] => Task 1 Average Accuracy is 0.986
2026-08-05 17:19:17,279 [train_pf.py] => Start Training Task 2
2026-08-05 17:19:17,288 [train_pf.py] => number of trainable params: 277221
2026-08-05 17:19:17,290 [train_pf.py] => total number of params: 210422758
2026-08-05 17:28:15,588 [train_pf.py] => Task 2 Average Accuracy is 0.964
2026-08-05 17:28:43,128 [train_pf.py] => Start Training Task 3
2026-08-05 17:28:43,135 [train_pf.py] => number of trainable params: 277541
2026-08-05 17:28:43,137 [train_pf.py] => total number of params: 210423078
2026-08-05 17:38:39,094 [train_pf.py] => Task 3 Average Accuracy is 0.942
2026-08-05 17:39:07,294 [train_pf.py] => Start Training Task 4
2026-08-05 17:39:07,300 [train_pf.py] => number of trainable params: 277861
2026-08-05 17:39:07,301 [train_pf.py] => total number of params: 210423398
2026-08-05 17:50:10,963 [train_pf.py] => Task 4 Average Accuracy is 0.936
2026-08-05 17:50:38,438 [train_pf.py] => Start Training Task 5
2026-08-05 17:50:38,455 [train_pf.py] => number of trainable params: 278181
2026-08-05 17:50:38,457 [train_pf.py] => total number of params: 210423718
2026-08-05 18:03:06,970 [train_pf.py] => Task 5 Average Accuracy is 0.924
2026-08-05 18:03:34,389 [train_pf.py] => Start Training Task 6
2026-08-05 18:03:34,396 [train_pf.py] => number of trainable params: 278501
2026-08-05 18:03:34,398 [train_pf.py] => total number of params: 210424038
2026-08-05 18:17:35,749 [train_pf.py] => Task 6 Average Accuracy is 0.912
2026-08-05 18:18:03,234 [train_pf.py] => Start Training Task 7
2026-08-05 18:18:03,242 [train_pf.py] => number of trainable params: 278821
2026-08-05 18:18:03,244 [train_pf.py] => total number of params: 210424358
2026-08-05 18:33:32,302 [train_pf.py] => Task 7 Average Accuracy is 0.904
2026-08-05 18:33:59,860 [train_pf.py] => Start Training Task 8
2026-08-05 18:33:59,867 [train_pf.py] => number of trainable params: 279141
2026-08-05 18:33:59,869 [train_pf.py] => total number of params: 210424678
2026-08-05 18:51:10,334 [train_pf.py] => Task 8 Average Accuracy is 0.894
2026-08-05 18:51:37,629 [train_pf.py] => Start Training Task 9
2026-08-05 18:51:37,645 [train_pf.py] => number of trainable params: 279461
2026-08-05 18:51:37,647 [train_pf.py] => total number of params: 210424998
2026-08-05 19:11:34,774 [train_pf.py] => Task 9 Average Accuracy is 0.893
2026-08-05 19:12:03,941 [train_pf.py] => Start Training Task 10
2026-08-05 19:12:03,952 [train_pf.py] => number of trainable params: 279781
2026-08-05 19:12:03,954 [train_pf.py] => total number of params: 210425318
2026-08-05 19:33:49,567 [train_pf.py] => Task 10 Average Accuracy is 0.882
2026-08-05 19:34:17,937 [main.py] => CNN top1 curve: [98.6, 96.4, 94.23, 93.65, 92.44, 91.25, 90.36, 89.4, 89.3, 88.2]
2026-08-05 19:34:17,938 [main.py] => Average Accuracy (CNN top1): 92.38
2026-08-05 19:34:17,938 [main.py] => Last Accuracy: 88.2
2026-08-05 19:34:17,952 [main.py] => Finished Cifar_base0_inc10 seed=42
2026-08-05 19:34:17,952 [main.py] => Backbone: OpenCLIP ViT-B/16 LAION-400M laion400m_e32
