2026-08-06 15:33:52,804 [main.py] => model_type: PF
2026-08-06 15:33:52,804 [main.py] => dataset: CUB200
2026-08-06 15:33:52,804 [main.py] => file_root: /home/team/zhaohongwei/Code/Research/Awesome-MMCL/PromptFusion-main
2026-08-06 15:33:52,804 [main.py] => data_root: /home/team/zhaohongwei/Dataset
2026-08-06 15:33:52,804 [main.py] => backbone: ViT-B-16
2026-08-06 15:33:52,804 [main.py] => herding_method: barycenter
2026-08-06 15:33:52,804 [main.py] => device: cuda
2026-08-06 15:33:52,804 [main.py] => ngpus: 1
2026-08-06 15:33:52,804 [main.py] => batch_size: 32
2026-08-06 15:33:52,804 [main.py] => memory_size: 5000
2026-08-06 15:33:52,804 [main.py] => step: 10
2026-08-06 15:33:52,804 [main.py] => initial_increment: 100
2026-08-06 15:33:52,804 [main.py] => increment: 20
2026-08-06 15:33:52,805 [main.py] => epoch: 3
2026-08-06 15:33:52,805 [main.py] => learning_rate: 0.002
2026-08-06 15:33:52,805 [main.py] => weight_decay: 0.0001
2026-08-06 15:33:52,805 [main.py] => M: 30
2026-08-06 15:33:52,805 [main.py] => vpt_prompt_length: 30
2026-08-06 15:33:52,805 [main.py] => clip_image_prompt_length: 30
2026-08-06 15:33:52,805 [main.py] => config: config/pf_cub_100_20.json
2026-08-06 15:33:52,805 [main.py] => seed: 2026
2026-08-06 15:33:52,805 [main.py] => clip_model_path: /home/team/zhaohongwei/pretrained_models/open_clip_pytorch_model_laion400m_e32.bin
2026-08-06 15:33:52,805 [main.py] => log_root_name: OpenCLIP_LAION400M_ViTB16
2026-08-06 15:33:52,805 [main.py] => log_backbone_token: clip
2026-08-06 15:33:52,805 [main.py] => experiment_tag: openclip_laion400m_e32
2026-08-06 15:33:52,805 [main.py] => backbone_label: OpenCLIP ViT-B/16 LAION-400M laion400m_e32
2026-08-06 15:33:52,805 [main.py] => output_folder: /home/team/zhaohongwei/Code/Research/Awesome-MMCL/PromptFusion-main/PF/CUB200/ViT-B-16/openclip_laion400m_e32/base_100_inc_20/seed_2026
2026-08-06 15:33:57,603 [vision_transformer.py] => Resized position embedding: torch.Size([1, 197, 768]) to torch.Size([1, 227, 768])
2026-08-06 15:33:57,604 [vision_transformer.py] => Position embedding grid-size from [14, 14] to (14, 14)
2026-08-06 15:33:58,390 [train_pf.py] => Start Training Task 1
2026-08-06 15:33:58,396 [train_pf.py] => number of trainable params: 1739081
2026-08-06 15:33:58,397 [train_pf.py] => total number of params: 211884618
2026-08-06 15:40:25,692 [train_pf.py] => Task 1 Average Accuracy is 0.863
2026-08-06 15:40:35,612 [train_pf.py] => Start Training Task 2
2026-08-06 15:40:35,617 [train_pf.py] => number of trainable params: 510921
2026-08-06 15:40:35,619 [train_pf.py] => total number of params: 210656458
2026-08-06 15:48:54,901 [train_pf.py] => Task 2 Average Accuracy is 0.847
2026-08-06 15:49:05,535 [train_pf.py] => Start Training Task 3
2026-08-06 15:49:05,542 [train_pf.py] => number of trainable params: 511561
2026-08-06 15:49:05,544 [train_pf.py] => total number of params: 210657098
2026-08-06 15:59:52,542 [train_pf.py] => Task 3 Average Accuracy is 0.835
2026-08-06 16:00:04,997 [train_pf.py] => Start Training Task 4
2026-08-06 16:00:05,003 [train_pf.py] => number of trainable params: 512201
2026-08-06 16:00:05,005 [train_pf.py] => total number of params: 210657738
2026-08-06 16:13:15,196 [train_pf.py] => Task 4 Average Accuracy is 0.831
2026-08-06 16:13:28,956 [train_pf.py] => Start Training Task 5
2026-08-06 16:13:28,963 [train_pf.py] => number of trainable params: 512841
2026-08-06 16:13:28,965 [train_pf.py] => total number of params: 210658378
2026-08-06 16:29:22,124 [train_pf.py] => Task 5 Average Accuracy is 0.833
2026-08-06 16:29:37,745 [train_pf.py] => Start Training Task 6
2026-08-06 16:29:37,749 [train_pf.py] => number of trainable params: 513481
2026-08-06 16:29:37,750 [train_pf.py] => total number of params: 210659018
2026-08-06 16:47:56,429 [train_pf.py] => Task 6 Average Accuracy is 0.851
2026-08-06 16:48:12,250 [main.py] => CNN top1 curve: [86.3, 84.7, 83.47, 83.12, 83.32, 85.12]
2026-08-06 16:48:12,251 [main.py] => Average Accuracy (CNN top1): 84.34
2026-08-06 16:48:12,251 [main.py] => Last Accuracy: 85.12
2026-08-06 16:48:12,252 [main.py] => Finished CUB200_base100_inc20 seed=2026
2026-08-06 16:48:12,252 [main.py] => Backbone: OpenCLIP ViT-B/16 LAION-400M laion400m_e32
