2026-08-06 02:26:07,053 [main.py] => model_type: PF
2026-08-06 02:26:07,053 [main.py] => dataset: CUB200
2026-08-06 02:26:07,053 [main.py] => file_root: /home/team/zhaohongwei/Code/Research/Awesome-MMCL/PromptFusion-main
2026-08-06 02:26:07,053 [main.py] => data_root: /home/team/zhaohongwei/Dataset
2026-08-06 02:26:07,053 [main.py] => backbone: ViT-B-16
2026-08-06 02:26:07,053 [main.py] => herding_method: barycenter
2026-08-06 02:26:07,053 [main.py] => device: cuda
2026-08-06 02:26:07,053 [main.py] => ngpus: 1
2026-08-06 02:26:07,053 [main.py] => batch_size: 32
2026-08-06 02:26:07,053 [main.py] => memory_size: 5000
2026-08-06 02:26:07,053 [main.py] => step: 10
2026-08-06 02:26:07,053 [main.py] => initial_increment: 20
2026-08-06 02:26:07,053 [main.py] => increment: 20
2026-08-06 02:26:07,053 [main.py] => epoch: 3
2026-08-06 02:26:07,053 [main.py] => learning_rate: 0.002
2026-08-06 02:26:07,053 [main.py] => weight_decay: 0.0001
2026-08-06 02:26:07,053 [main.py] => M: 30
2026-08-06 02:26:07,053 [main.py] => vpt_prompt_length: 30
2026-08-06 02:26:07,053 [main.py] => clip_image_prompt_length: 30
2026-08-06 02:26:07,053 [main.py] => config: config/pf_cub_20_20.json
2026-08-06 02:26:07,053 [main.py] => seed: 42
2026-08-06 02:26:07,053 [main.py] => clip_model_path: /home/team/zhaohongwei/pretrained_models/open_clip_pytorch_model_laion400m_e32.bin
2026-08-06 02:26:07,053 [main.py] => log_root_name: OpenCLIP_LAION400M_ViTB16
2026-08-06 02:26:07,053 [main.py] => log_backbone_token: clip
2026-08-06 02:26:07,053 [main.py] => experiment_tag: openclip_laion400m_e32
2026-08-06 02:26:07,053 [main.py] => backbone_label: OpenCLIP ViT-B/16 LAION-400M laion400m_e32
2026-08-06 02:26:07,053 [main.py] => output_folder: /home/team/zhaohongwei/Code/Research/Awesome-MMCL/PromptFusion-main/PF/CUB200/ViT-B-16/openclip_laion400m_e32/seed_42
2026-08-06 02:26:11,324 [vision_transformer.py] => Resized position embedding: torch.Size([1, 197, 768]) to torch.Size([1, 227, 768])
2026-08-06 02:26:11,325 [vision_transformer.py] => Position embedding grid-size from [14, 14] to (14, 14)
2026-08-06 02:26:11,800 [train_pf.py] => Start Training Task 1
2026-08-06 02:26:11,805 [train_pf.py] => number of trainable params: 507721
2026-08-06 02:26:11,806 [train_pf.py] => total number of params: 210653258
2026-08-06 02:26:55,413 [train_pf.py] => Task 1 Average Accuracy is 0.899
2026-08-06 02:26:58,282 [train_pf.py] => Start Training Task 2
2026-08-06 02:26:58,289 [train_pf.py] => number of trainable params: 508361
2026-08-06 02:26:58,300 [train_pf.py] => total number of params: 210653898
2026-08-06 02:28:43,602 [train_pf.py] => Task 2 Average Accuracy is 0.827
2026-08-06 02:28:47,871 [train_pf.py] => Start Training Task 3
2026-08-06 02:28:47,878 [train_pf.py] => number of trainable params: 509001
2026-08-06 02:28:47,880 [train_pf.py] => total number of params: 210654538
2026-08-06 02:31:47,611 [train_pf.py] => Task 3 Average Accuracy is 0.868
2026-08-06 02:31:53,671 [train_pf.py] => Start Training Task 4
2026-08-06 02:31:53,678 [train_pf.py] => number of trainable params: 509641
2026-08-06 02:31:53,680 [train_pf.py] => total number of params: 210655178
2026-08-06 02:36:28,749 [train_pf.py] => Task 4 Average Accuracy is 0.848
2026-08-06 02:36:36,279 [train_pf.py] => Start Training Task 5
2026-08-06 02:36:36,286 [train_pf.py] => number of trainable params: 510281
2026-08-06 02:36:36,297 [train_pf.py] => total number of params: 210655818
2026-08-06 02:42:56,627 [train_pf.py] => Task 5 Average Accuracy is 0.868
2026-08-06 02:43:05,687 [train_pf.py] => Start Training Task 6
2026-08-06 02:43:05,705 [train_pf.py] => number of trainable params: 510921
2026-08-06 02:43:05,707 [train_pf.py] => total number of params: 210656458
2026-08-06 02:51:20,227 [train_pf.py] => Task 6 Average Accuracy is 0.861
2026-08-06 02:51:30,894 [train_pf.py] => Start Training Task 7
2026-08-06 02:51:30,901 [train_pf.py] => number of trainable params: 511561
2026-08-06 02:51:30,914 [train_pf.py] => total number of params: 210657098
2026-08-06 03:02:08,024 [train_pf.py] => Task 7 Average Accuracy is 0.844
2026-08-06 03:02:20,258 [train_pf.py] => Start Training Task 8
2026-08-06 03:02:20,265 [train_pf.py] => number of trainable params: 512201
2026-08-06 03:02:20,278 [train_pf.py] => total number of params: 210657738
2026-08-06 03:15:31,795 [train_pf.py] => Task 8 Average Accuracy is 0.845
2026-08-06 03:15:45,724 [train_pf.py] => Start Training Task 9
2026-08-06 03:15:45,738 [train_pf.py] => number of trainable params: 512841
2026-08-06 03:15:45,739 [train_pf.py] => total number of params: 210658378
2026-08-06 03:31:41,371 [train_pf.py] => Task 9 Average Accuracy is 0.841
2026-08-06 03:31:56,819 [train_pf.py] => Start Training Task 10
2026-08-06 03:31:56,834 [train_pf.py] => number of trainable params: 513481
2026-08-06 03:31:56,835 [train_pf.py] => total number of params: 210659018
2026-08-06 03:50:16,889 [train_pf.py] => Task 10 Average Accuracy is 0.851
2026-08-06 03:50:32,495 [main.py] => CNN top1 curve: [89.9, 82.65, 86.8, 84.8, 86.8, 86.07, 84.43, 84.46, 84.08, 85.11]
2026-08-06 03:50:32,495 [main.py] => Average Accuracy (CNN top1): 85.51
2026-08-06 03:50:32,495 [main.py] => Last Accuracy: 85.11
2026-08-06 03:50:32,496 [main.py] => Finished CUB200_base0_inc20 seed=42
2026-08-06 03:50:32,496 [main.py] => Backbone: OpenCLIP ViT-B/16 LAION-400M laion400m_e32
