2026-08-05 02:55:37,623 [main.py] => model_type: PF
2026-08-05 02:55:37,623 [main.py] => dataset: CUB200
2026-08-05 02:55:37,623 [main.py] => file_root: /home/team/zhaohongwei/Code/Research/Awesome-MMCL/PromptFusion-main
2026-08-05 02:55:37,623 [main.py] => data_root: /home/team/zhaohongwei/Dataset
2026-08-05 02:55:37,623 [main.py] => backbone: ViT-B-16
2026-08-05 02:55:37,623 [main.py] => herding_method: barycenter
2026-08-05 02:55:37,623 [main.py] => device: cuda
2026-08-05 02:55:37,623 [main.py] => ngpus: 1
2026-08-05 02:55:37,623 [main.py] => batch_size: 32
2026-08-05 02:55:37,623 [main.py] => memory_size: 5000
2026-08-05 02:55:37,623 [main.py] => step: 10
2026-08-05 02:55:37,623 [main.py] => initial_increment: 20
2026-08-05 02:55:37,623 [main.py] => increment: 20
2026-08-05 02:55:37,623 [main.py] => epoch: 3
2026-08-05 02:55:37,624 [main.py] => learning_rate: 0.002
2026-08-05 02:55:37,624 [main.py] => weight_decay: 0.0001
2026-08-05 02:55:37,624 [main.py] => M: 30
2026-08-05 02:55:37,624 [main.py] => vpt_prompt_length: 30
2026-08-05 02:55:37,624 [main.py] => clip_image_prompt_length: 30
2026-08-05 02:55:37,624 [main.py] => config: config/pf_cub_20_20.json
2026-08-05 02:55:37,624 [main.py] => seed: 1993
2026-08-05 02:55:37,624 [main.py] => clip_model_path: /home/team/zhaohongwei/pretrained_models/open_clip_pytorch_model_laion400m_e32.bin
2026-08-05 02:55:37,624 [main.py] => log_root_name: OpenCLIP_LAION400M_ViTB16
2026-08-05 02:55:37,624 [main.py] => log_backbone_token: clip
2026-08-05 02:55:37,624 [main.py] => experiment_tag: openclip_laion400m_e32
2026-08-05 02:55:37,624 [main.py] => backbone_label: OpenCLIP ViT-B/16 LAION-400M laion400m_e32
2026-08-05 02:55:37,624 [main.py] => output_folder: /home/team/zhaohongwei/Code/Research/Awesome-MMCL/PromptFusion-main/PF/CUB200/ViT-B-16/openclip_laion400m_e32/seed_1993
2026-08-05 02:55:41,847 [vision_transformer.py] => Resized position embedding: torch.Size([1, 197, 768]) to torch.Size([1, 227, 768])
2026-08-05 02:55:41,847 [vision_transformer.py] => Position embedding grid-size from [14, 14] to (14, 14)
2026-08-05 02:55:42,279 [train_pf.py] => Start Training Task 1
2026-08-05 02:55:42,285 [train_pf.py] => number of trainable params: 507721
2026-08-05 02:55:42,286 [train_pf.py] => total number of params: 210653258
2026-08-05 02:56:25,561 [train_pf.py] => Task 1 Average Accuracy is 0.911
2026-08-05 02:56:28,371 [train_pf.py] => Start Training Task 2
2026-08-05 02:56:28,378 [train_pf.py] => number of trainable params: 508361
2026-08-05 02:56:28,379 [train_pf.py] => total number of params: 210653898
2026-08-05 02:58:10,784 [train_pf.py] => Task 2 Average Accuracy is 0.851
2026-08-05 02:58:15,263 [train_pf.py] => Start Training Task 3
2026-08-05 02:58:15,269 [train_pf.py] => number of trainable params: 509001
2026-08-05 02:58:15,270 [train_pf.py] => total number of params: 210654538
2026-08-05 03:01:11,297 [train_pf.py] => Task 3 Average Accuracy is 0.868
2026-08-05 03:01:17,273 [train_pf.py] => Start Training Task 4
2026-08-05 03:01:17,280 [train_pf.py] => number of trainable params: 509641
2026-08-05 03:01:17,282 [train_pf.py] => total number of params: 210655178
2026-08-05 03:05:45,422 [train_pf.py] => Task 4 Average Accuracy is 0.850
2026-08-05 03:05:53,028 [train_pf.py] => Start Training Task 5
2026-08-05 03:05:53,037 [train_pf.py] => number of trainable params: 510281
2026-08-05 03:05:53,038 [train_pf.py] => total number of params: 210655818
2026-08-05 03:12:04,860 [train_pf.py] => Task 5 Average Accuracy is 0.868
2026-08-05 03:12:14,044 [train_pf.py] => Start Training Task 6
2026-08-05 03:12:14,057 [train_pf.py] => number of trainable params: 510921
2026-08-05 03:12:14,059 [train_pf.py] => total number of params: 210656458
2026-08-05 03:20:23,471 [train_pf.py] => Task 6 Average Accuracy is 0.860
2026-08-05 03:20:34,213 [train_pf.py] => Start Training Task 7
2026-08-05 03:20:34,221 [train_pf.py] => number of trainable params: 511561
2026-08-05 03:20:34,223 [train_pf.py] => total number of params: 210657098
2026-08-05 03:31:08,123 [train_pf.py] => Task 7 Average Accuracy is 0.845
2026-08-05 03:31:20,532 [train_pf.py] => Start Training Task 8
2026-08-05 03:31:20,546 [train_pf.py] => number of trainable params: 512201
2026-08-05 03:31:20,560 [train_pf.py] => total number of params: 210657738
2026-08-05 03:44:18,850 [train_pf.py] => Task 8 Average Accuracy is 0.841
2026-08-05 03:44:32,709 [train_pf.py] => Start Training Task 9
2026-08-05 03:44:32,726 [train_pf.py] => number of trainable params: 512841
2026-08-05 03:44:32,730 [train_pf.py] => total number of params: 210658378
2026-08-05 04:00:17,103 [train_pf.py] => Task 9 Average Accuracy is 0.838
2026-08-05 04:00:32,529 [train_pf.py] => Start Training Task 10
2026-08-05 04:00:32,546 [train_pf.py] => number of trainable params: 513481
2026-08-05 04:00:32,548 [train_pf.py] => total number of params: 210659018
2026-08-05 04:18:41,430 [train_pf.py] => Task 10 Average Accuracy is 0.844
2026-08-05 04:18:57,039 [main.py] => CNN top1 curve: [91.1, 85.05, 86.77, 84.95, 86.8, 85.95, 84.49, 84.05, 83.83, 84.4]
2026-08-05 04:18:57,040 [main.py] => Average Accuracy (CNN top1): 85.74
2026-08-05 04:18:57,040 [main.py] => Last Accuracy: 84.4
2026-08-05 04:18:57,041 [main.py] => Finished CUB200_base0_inc20 seed=1993
2026-08-05 04:18:57,041 [main.py] => Backbone: OpenCLIP ViT-B/16 LAION-400M laion400m_e32
