2026-08-05 04:19:02,809 [main.py] => model_type: PF
2026-08-05 04:19:02,809 [main.py] => dataset: CUB200
2026-08-05 04:19:02,809 [main.py] => file_root: /home/team/zhaohongwei/Code/Research/Awesome-MMCL/PromptFusion-main
2026-08-05 04:19:02,809 [main.py] => data_root: /home/team/zhaohongwei/Dataset
2026-08-05 04:19:02,809 [main.py] => backbone: ViT-B-16
2026-08-05 04:19:02,809 [main.py] => herding_method: barycenter
2026-08-05 04:19:02,809 [main.py] => device: cuda
2026-08-05 04:19:02,809 [main.py] => ngpus: 1
2026-08-05 04:19:02,809 [main.py] => batch_size: 32
2026-08-05 04:19:02,809 [main.py] => memory_size: 5000
2026-08-05 04:19:02,809 [main.py] => step: 10
2026-08-05 04:19:02,809 [main.py] => initial_increment: 100
2026-08-05 04:19:02,810 [main.py] => increment: 20
2026-08-05 04:19:02,810 [main.py] => epoch: 3
2026-08-05 04:19:02,810 [main.py] => learning_rate: 0.002
2026-08-05 04:19:02,810 [main.py] => weight_decay: 0.0001
2026-08-05 04:19:02,810 [main.py] => M: 30
2026-08-05 04:19:02,810 [main.py] => vpt_prompt_length: 30
2026-08-05 04:19:02,810 [main.py] => clip_image_prompt_length: 30
2026-08-05 04:19:02,810 [main.py] => config: config/pf_cub_100_20.json
2026-08-05 04:19:02,810 [main.py] => seed: 1993
2026-08-05 04:19:02,810 [main.py] => clip_model_path: /home/team/zhaohongwei/pretrained_models/open_clip_pytorch_model_laion400m_e32.bin
2026-08-05 04:19:02,810 [main.py] => log_root_name: OpenCLIP_LAION400M_ViTB16
2026-08-05 04:19:02,810 [main.py] => log_backbone_token: clip
2026-08-05 04:19:02,810 [main.py] => experiment_tag: openclip_laion400m_e32
2026-08-05 04:19:02,810 [main.py] => backbone_label: OpenCLIP ViT-B/16 LAION-400M laion400m_e32
2026-08-05 04:19:02,810 [main.py] => output_folder: /home/team/zhaohongwei/Code/Research/Awesome-MMCL/PromptFusion-main/PF/CUB200/ViT-B-16/openclip_laion400m_e32/base_100_inc_20/seed_1993
2026-08-05 04:19:07,107 [vision_transformer.py] => Resized position embedding: torch.Size([1, 197, 768]) to torch.Size([1, 227, 768])
2026-08-05 04:19:07,107 [vision_transformer.py] => Position embedding grid-size from [14, 14] to (14, 14)
2026-08-05 04:19:07,596 [train_pf.py] => Start Training Task 1
2026-08-05 04:19:07,603 [train_pf.py] => number of trainable params: 1739081
2026-08-05 04:19:07,604 [train_pf.py] => total number of params: 211884618
2026-08-05 04:25:24,247 [train_pf.py] => Task 1 Average Accuracy is 0.867
2026-08-05 04:25:33,752 [train_pf.py] => Start Training Task 2
2026-08-05 04:25:33,759 [train_pf.py] => number of trainable params: 510921
2026-08-05 04:25:33,761 [train_pf.py] => total number of params: 210656458
2026-08-05 04:33:42,518 [train_pf.py] => Task 2 Average Accuracy is 0.851
2026-08-05 04:33:53,202 [train_pf.py] => Start Training Task 3
2026-08-05 04:33:53,209 [train_pf.py] => number of trainable params: 511561
2026-08-05 04:33:53,211 [train_pf.py] => total number of params: 210657098
2026-08-05 04:44:26,034 [train_pf.py] => Task 3 Average Accuracy is 0.842
2026-08-05 04:44:38,325 [train_pf.py] => Start Training Task 4
2026-08-05 04:44:38,332 [train_pf.py] => number of trainable params: 512201
2026-08-05 04:44:38,334 [train_pf.py] => total number of params: 210657738
2026-08-05 04:57:35,503 [train_pf.py] => Task 4 Average Accuracy is 0.833
2026-08-05 04:57:49,311 [train_pf.py] => Start Training Task 5
2026-08-05 04:57:49,318 [train_pf.py] => number of trainable params: 512841
2026-08-05 04:57:49,320 [train_pf.py] => total number of params: 210658378
2026-08-05 05:13:32,806 [train_pf.py] => Task 5 Average Accuracy is 0.832
2026-08-05 05:13:48,285 [train_pf.py] => Start Training Task 6
2026-08-05 05:13:48,302 [train_pf.py] => number of trainable params: 513481
2026-08-05 05:13:48,303 [train_pf.py] => total number of params: 210659018
2026-08-05 05:31:58,011 [train_pf.py] => Task 6 Average Accuracy is 0.850
2026-08-05 05:32:13,655 [main.py] => CNN top1 curve: [86.7, 85.15, 84.17, 83.3, 83.2, 84.98]
2026-08-05 05:32:13,656 [main.py] => Average Accuracy (CNN top1): 84.58
2026-08-05 05:32:13,656 [main.py] => Last Accuracy: 84.98
2026-08-05 05:32:13,657 [main.py] => Finished CUB200_base100_inc20 seed=1993
2026-08-05 05:32:13,657 [main.py] => Backbone: OpenCLIP ViT-B/16 LAION-400M laion400m_e32
