2026-08-06 14:10:11,910 [main.py] => model_type: PF
2026-08-06 14:10:11,910 [main.py] => dataset: CUB200
2026-08-06 14:10:11,910 [main.py] => file_root: /home/team/zhaohongwei/Code/Research/Awesome-MMCL/PromptFusion-main
2026-08-06 14:10:11,910 [main.py] => data_root: /home/team/zhaohongwei/Dataset
2026-08-06 14:10:11,910 [main.py] => backbone: ViT-B-16
2026-08-06 14:10:11,910 [main.py] => herding_method: barycenter
2026-08-06 14:10:11,910 [main.py] => device: cuda
2026-08-06 14:10:11,910 [main.py] => ngpus: 1
2026-08-06 14:10:11,910 [main.py] => batch_size: 32
2026-08-06 14:10:11,910 [main.py] => memory_size: 5000
2026-08-06 14:10:11,911 [main.py] => step: 10
2026-08-06 14:10:11,911 [main.py] => initial_increment: 20
2026-08-06 14:10:11,911 [main.py] => increment: 20
2026-08-06 14:10:11,911 [main.py] => epoch: 3
2026-08-06 14:10:11,911 [main.py] => learning_rate: 0.002
2026-08-06 14:10:11,911 [main.py] => weight_decay: 0.0001
2026-08-06 14:10:11,911 [main.py] => M: 30
2026-08-06 14:10:11,911 [main.py] => vpt_prompt_length: 30
2026-08-06 14:10:11,911 [main.py] => clip_image_prompt_length: 30
2026-08-06 14:10:11,911 [main.py] => config: config/pf_cub_20_20.json
2026-08-06 14:10:11,911 [main.py] => seed: 2026
2026-08-06 14:10:11,911 [main.py] => clip_model_path: /home/team/zhaohongwei/pretrained_models/open_clip_pytorch_model_laion400m_e32.bin
2026-08-06 14:10:11,911 [main.py] => log_root_name: OpenCLIP_LAION400M_ViTB16
2026-08-06 14:10:11,911 [main.py] => log_backbone_token: clip
2026-08-06 14:10:11,911 [main.py] => experiment_tag: openclip_laion400m_e32
2026-08-06 14:10:11,911 [main.py] => backbone_label: OpenCLIP ViT-B/16 LAION-400M laion400m_e32
2026-08-06 14:10:11,911 [main.py] => output_folder: /home/team/zhaohongwei/Code/Research/Awesome-MMCL/PromptFusion-main/PF/CUB200/ViT-B-16/openclip_laion400m_e32/seed_2026
2026-08-06 14:10:16,715 [vision_transformer.py] => Resized position embedding: torch.Size([1, 197, 768]) to torch.Size([1, 227, 768])
2026-08-06 14:10:16,716 [vision_transformer.py] => Position embedding grid-size from [14, 14] to (14, 14)
2026-08-06 14:10:17,130 [train_pf.py] => Start Training Task 1
2026-08-06 14:10:17,136 [train_pf.py] => number of trainable params: 507721
2026-08-06 14:10:17,137 [train_pf.py] => total number of params: 210653258
2026-08-06 14:10:59,216 [train_pf.py] => Task 1 Average Accuracy is 0.915
2026-08-06 14:11:02,513 [train_pf.py] => Start Training Task 2
2026-08-06 14:11:02,520 [train_pf.py] => number of trainable params: 508361
2026-08-06 14:11:02,522 [train_pf.py] => total number of params: 210653898
2026-08-06 14:12:45,623 [train_pf.py] => Task 2 Average Accuracy is 0.847
2026-08-06 14:12:49,849 [train_pf.py] => Start Training Task 3
2026-08-06 14:12:49,857 [train_pf.py] => number of trainable params: 509001
2026-08-06 14:12:49,858 [train_pf.py] => total number of params: 210654538
2026-08-06 14:15:45,957 [train_pf.py] => Task 3 Average Accuracy is 0.871
2026-08-06 14:15:51,864 [train_pf.py] => Start Training Task 4
2026-08-06 14:15:51,879 [train_pf.py] => number of trainable params: 509641
2026-08-06 14:15:51,881 [train_pf.py] => total number of params: 210655178
2026-08-06 14:20:20,635 [train_pf.py] => Task 4 Average Accuracy is 0.852
2026-08-06 14:20:28,077 [train_pf.py] => Start Training Task 5
2026-08-06 14:20:28,084 [train_pf.py] => number of trainable params: 510281
2026-08-06 14:20:28,086 [train_pf.py] => total number of params: 210655818
2026-08-06 14:26:40,114 [train_pf.py] => Task 5 Average Accuracy is 0.866
2026-08-06 14:26:49,146 [train_pf.py] => Start Training Task 6
2026-08-06 14:26:49,153 [train_pf.py] => number of trainable params: 510921
2026-08-06 14:26:49,176 [train_pf.py] => total number of params: 210656458
2026-08-06 14:34:58,731 [train_pf.py] => Task 6 Average Accuracy is 0.849
2026-08-06 14:35:09,393 [train_pf.py] => Start Training Task 7
2026-08-06 14:35:09,399 [train_pf.py] => number of trainable params: 511561
2026-08-06 14:35:09,400 [train_pf.py] => total number of params: 210657098
2026-08-06 14:45:44,448 [train_pf.py] => Task 7 Average Accuracy is 0.841
2026-08-06 14:45:56,894 [train_pf.py] => Start Training Task 8
2026-08-06 14:45:56,901 [train_pf.py] => number of trainable params: 512201
2026-08-06 14:45:56,903 [train_pf.py] => total number of params: 210657738
2026-08-06 14:59:06,295 [train_pf.py] => Task 8 Average Accuracy is 0.838
2026-08-06 14:59:20,081 [train_pf.py] => Start Training Task 9
2026-08-06 14:59:20,097 [train_pf.py] => number of trainable params: 512841
2026-08-06 14:59:20,099 [train_pf.py] => total number of params: 210658378
2026-08-06 15:15:03,231 [train_pf.py] => Task 9 Average Accuracy is 0.842
2026-08-06 15:15:18,709 [train_pf.py] => Start Training Task 10
2026-08-06 15:15:18,735 [train_pf.py] => number of trainable params: 513481
2026-08-06 15:15:18,736 [train_pf.py] => total number of params: 210659018
2026-08-06 15:33:28,157 [train_pf.py] => Task 10 Average Accuracy is 0.850
2026-08-06 15:33:43,812 [main.py] => CNN top1 curve: [91.5, 84.65, 87.1, 85.15, 86.64, 84.85, 84.09, 83.84, 84.22, 84.98]
2026-08-06 15:33:43,813 [main.py] => Average Accuracy (CNN top1): 85.7
2026-08-06 15:33:43,813 [main.py] => Last Accuracy: 84.98
2026-08-06 15:33:43,814 [main.py] => Finished CUB200_base0_inc20 seed=2026
2026-08-06 15:33:43,814 [main.py] => Backbone: OpenCLIP ViT-B/16 LAION-400M laion400m_e32
