2026-08-04 22:04:21,200 [main.py] => model_type: PF
2026-08-04 22:04:21,200 [main.py] => dataset: ImagenetR
2026-08-04 22:04:21,200 [main.py] => file_root: /home/team/zhaohongwei/Code/Research/Awesome-MMCL/PromptFusion-main
2026-08-04 22:04:21,200 [main.py] => data_root: /home/team/zhaohongwei/Dataset/imagenet-r
2026-08-04 22:04:21,200 [main.py] => backbone: ViT-B-16
2026-08-04 22:04:21,201 [main.py] => herding_method: barycenter
2026-08-04 22:04:21,201 [main.py] => device: cuda
2026-08-04 22:04:21,201 [main.py] => ngpus: 1
2026-08-04 22:04:21,201 [main.py] => batch_size: 32
2026-08-04 22:04:21,201 [main.py] => memory_size: 5000
2026-08-04 22:04:21,201 [main.py] => step: 10
2026-08-04 22:04:21,201 [main.py] => epoch: 5
2026-08-04 22:04:21,201 [main.py] => learning_rate: 0.003
2026-08-04 22:04:21,201 [main.py] => weight_decay: 0.01
2026-08-04 22:04:21,201 [main.py] => M: 30
2026-08-04 22:04:21,201 [main.py] => vpt_prompt_length: 20
2026-08-04 22:04:21,201 [main.py] => clip_image_prompt_length: 40
2026-08-04 22:04:21,201 [main.py] => config: config/pf_inr_20_20.json
2026-08-04 22:04:21,201 [main.py] => seed: 1993
2026-08-04 22:04:21,201 [main.py] => clip_model_path: /home/team/zhaohongwei/pretrained_models/open_clip_pytorch_model_laion400m_e32.bin
2026-08-04 22:04:21,201 [main.py] => log_root_name: OpenCLIP_LAION400M_ViTB16
2026-08-04 22:04:21,201 [main.py] => log_backbone_token: clip
2026-08-04 22:04:21,201 [main.py] => experiment_tag: openclip_laion400m_e32
2026-08-04 22:04:21,201 [main.py] => backbone_label: OpenCLIP ViT-B/16 LAION-400M laion400m_e32
2026-08-04 22:04:21,201 [main.py] => output_folder: /home/team/zhaohongwei/Code/Research/Awesome-MMCL/PromptFusion-main/PF/ImagenetR/ViT-B-16/openclip_laion400m_e32/seed_1993
2026-08-04 22:04:26,301 [vision_transformer.py] => Resized position embedding: torch.Size([1, 197, 768]) to torch.Size([1, 217, 768])
2026-08-04 22:04:26,301 [vision_transformer.py] => Position embedding grid-size from [14, 14] to (14, 14)
2026-08-04 22:04:26,815 [train_pf.py] => Start Training Task 1
2026-08-04 22:04:26,821 [train_pf.py] => number of trainable params: 507721
2026-08-04 22:04:26,822 [train_pf.py] => total number of params: 210645578
2026-08-04 22:08:08,813 [train_pf.py] => Task 1 Average Accuracy is 0.871
2026-08-04 22:08:17,251 [train_pf.py] => Start Training Task 2
2026-08-04 22:08:17,258 [train_pf.py] => number of trainable params: 508361
2026-08-04 22:08:17,260 [train_pf.py] => total number of params: 210646218
2026-08-04 22:16:40,536 [train_pf.py] => Task 2 Average Accuracy is 0.861
2026-08-04 22:16:56,234 [train_pf.py] => Start Training Task 3
2026-08-04 22:16:56,241 [train_pf.py] => number of trainable params: 509001
2026-08-04 22:16:56,243 [train_pf.py] => total number of params: 210646858
2026-08-04 22:26:53,518 [train_pf.py] => Task 3 Average Accuracy is 0.845
2026-08-04 22:27:10,416 [train_pf.py] => Start Training Task 4
2026-08-04 22:27:10,423 [train_pf.py] => number of trainable params: 509641
2026-08-04 22:27:10,425 [train_pf.py] => total number of params: 210647498
2026-08-04 22:40:02,366 [train_pf.py] => Task 4 Average Accuracy is 0.845
2026-08-04 22:40:21,960 [train_pf.py] => Start Training Task 5
2026-08-04 22:40:21,967 [train_pf.py] => number of trainable params: 510281
2026-08-04 22:40:21,969 [train_pf.py] => total number of params: 210648138
2026-08-04 22:55:51,825 [train_pf.py] => Task 5 Average Accuracy is 0.834
2026-08-04 22:56:13,342 [train_pf.py] => Start Training Task 6
2026-08-04 22:56:13,349 [train_pf.py] => number of trainable params: 510921
2026-08-04 22:56:13,351 [train_pf.py] => total number of params: 210648778
2026-08-04 23:12:43,063 [train_pf.py] => Task 6 Average Accuracy is 0.824
2026-08-04 23:13:03,080 [train_pf.py] => Start Training Task 7
2026-08-04 23:13:03,092 [train_pf.py] => number of trainable params: 511561
2026-08-04 23:13:03,094 [train_pf.py] => total number of params: 210649418
2026-08-04 23:31:44,934 [train_pf.py] => Task 7 Average Accuracy is 0.818
2026-08-04 23:32:05,226 [train_pf.py] => Start Training Task 8
2026-08-04 23:32:05,242 [train_pf.py] => number of trainable params: 512201
2026-08-04 23:32:05,243 [train_pf.py] => total number of params: 210650058
2026-08-04 23:51:54,225 [train_pf.py] => Task 8 Average Accuracy is 0.806
2026-08-04 23:52:13,299 [train_pf.py] => Start Training Task 9
2026-08-04 23:52:13,306 [train_pf.py] => number of trainable params: 512841
2026-08-04 23:52:13,308 [train_pf.py] => total number of params: 210650698
2026-08-05 00:15:51,170 [train_pf.py] => Task 9 Average Accuracy is 0.804
2026-08-05 00:16:11,919 [train_pf.py] => Start Training Task 10
2026-08-05 00:16:11,926 [train_pf.py] => number of trainable params: 513481
2026-08-05 00:16:11,928 [train_pf.py] => total number of params: 210651338
2026-08-05 00:43:09,490 [train_pf.py] => Task 10 Average Accuracy is 0.805
2026-08-05 00:43:30,961 [main.py] => CNN top1 curve: [87.1, 86.1, 84.47, 84.5, 83.42, 82.38, 81.76, 80.59, 80.38, 80.48]
2026-08-05 00:43:30,962 [main.py] => Average Accuracy (CNN top1): 83.12
2026-08-05 00:43:30,962 [main.py] => Last Accuracy: 80.48
2026-08-05 00:43:30,963 [main.py] => Finished ImagenetR_base0_inc20 seed=1993
2026-08-05 00:43:30,963 [main.py] => Backbone: OpenCLIP ViT-B/16 LAION-400M laion400m_e32
