2026-06-16 18:58:05,454 [trainer.py] => config: ./configs/bofa/bofa_aircraft_B50_Inc10.json
2026-06-16 18:58:05,454 [trainer.py] => prefix: -
2026-06-16 18:58:05,454 [trainer.py] => dataset: aircraft
2026-06-16 18:58:05,454 [trainer.py] => memory_size: 0
2026-06-16 18:58:05,454 [trainer.py] => memory_per_class: 0
2026-06-16 18:58:05,454 [trainer.py] => fixed_memory: False
2026-06-16 18:58:05,454 [trainer.py] => shuffle: True
2026-06-16 18:58:05,454 [trainer.py] => init_cls: 50
2026-06-16 18:58:05,454 [trainer.py] => increment: 10
2026-06-16 18:58:05,455 [trainer.py] => model_name: bofa
2026-06-16 18:58:05,455 [trainer.py] => backbone_type: clip
2026-06-16 18:58:05,455 [trainer.py] => device: [device(type='cuda', index=5)]
2026-06-16 18:58:05,455 [trainer.py] => seed: 2026
2026-06-16 18:58:05,455 [trainer.py] => projection_type: pure_mlp
2026-06-16 18:58:05,455 [trainer.py] => frozen_layers: visual
2026-06-16 18:58:05,455 [trainer.py] => tuned_epoch: 15
2026-06-16 18:58:05,455 [trainer.py] => init_lr: 0.05
2026-06-16 18:58:05,455 [trainer.py] => batch_size: 128
2026-06-16 18:58:05,455 [trainer.py] => weight_decay: 0.05
2026-06-16 18:58:05,455 [trainer.py] => min_lr: 0
2026-06-16 18:58:05,455 [trainer.py] => optimizer: sgd
2026-06-16 18:58:05,455 [trainer.py] => text_des: 2
2026-06-16 18:58:05,455 [trainer.py] => image_aug: 0
2026-06-16 18:58:05,455 [trainer.py] => stat: 0.85
2026-06-16 18:58:05,455 [trainer.py] => Kt: 64
2026-06-16 18:58:05,455 [trainer.py] => use_up_cov: True
2026-06-16 18:58:05,455 [trainer.py] => total_class_num: 100
2026-06-16 18:58:05,485 [data_manager.py] => [98, 10, 4, 18, 88, 13, 8, 84, 79, 21, 85, 96, 53, 42, 52, 97, 74, 5, 58, 23, 90, 59, 16, 72, 75, 30, 43, 99, 44, 41, 0, 46, 61, 80, 65, 39, 70, 87, 89, 91, 82, 14, 12, 71, 50, 11, 15, 57, 22, 67, 45, 32, 78, 63, 66, 55, 31, 62, 35, 34, 19, 49, 24, 9, 37, 36, 3, 64, 40, 86, 81, 93, 47, 73, 17, 60, 68, 25, 38, 48, 33, 20, 83, 7, 27, 94, 54, 2, 92, 76, 69, 51, 28, 29, 95, 77, 56, 26, 6, 1]
2026-06-16 18:58:05,503 [factory.py] => Loaded ViT-B-16 model config.
2026-06-16 18:58:07,211 [factory.py] => Loading pretrained ViT-B-16 weights (/home/team/zhaohongwei/pretrained_models/open_clip_pytorch_model_laion400m_e32.bin).
2026-06-16 18:58:08,175 [bofa.py] => Learning on 0-50
2026-06-16 18:58:40,800 [bofa.py] => Eval Test Loader: Zero_Shot_Lam: 59.81
2026-06-16 18:58:53,346 [bofa.py] => Task 0, Epoch 1/15 => Loss_Clip 3.118, Train_acc 31.59
2026-06-16 18:59:04,972 [bofa.py] => Task 0, Epoch 2/15 => Loss_Clip 2.798, Train_acc 41.97
2026-06-16 18:59:17,809 [bofa.py] => Task 0, Epoch 3/15 => Loss_Clip 2.743, Train_acc 48.84
2026-06-16 18:59:29,944 [bofa.py] => Task 0, Epoch 4/15 => Loss_Clip 2.969, Train_acc 33.51
2026-06-16 18:59:41,996 [bofa.py] => Task 0, Epoch 5/15 => Loss_Clip 2.709, Train_acc 45.33
2026-06-16 18:59:53,699 [bofa.py] => Task 0, Epoch 6/15 => Loss_Clip 2.771, Train_acc 45.27
2026-06-16 19:00:05,506 [bofa.py] => Task 0, Epoch 7/15 => Loss_Clip 2.699, Train_acc 50.53
2026-06-16 19:00:18,690 [bofa.py] => Task 0, Epoch 8/15 => Loss_Clip 2.683, Train_acc 51.31
2026-06-16 19:00:30,588 [bofa.py] => Task 0, Epoch 9/15 => Loss_Clip 2.623, Train_acc 56.89
2026-06-16 19:00:43,460 [bofa.py] => Task 0, Epoch 10/15 => Loss_Clip 2.595, Train_acc 57.28
2026-06-16 19:00:55,504 [bofa.py] => Task 0, Epoch 11/15 => Loss_Clip 2.688, Train_acc 48.93
2026-06-16 19:01:09,108 [bofa.py] => Task 0, Epoch 12/15 => Loss_Clip 2.523, Train_acc 61.93
2026-06-16 19:01:21,980 [bofa.py] => Task 0, Epoch 13/15 => Loss_Clip 2.486, Train_acc 65.08
2026-06-16 19:01:34,519 [bofa.py] => Task 0, Epoch 14/15 => Loss_Clip 2.425, Train_acc 69.13
2026-06-16 19:01:46,633 [bofa.py] => Task 0, Epoch 15/15 => Loss_Clip 2.399, Train_acc 70.03
2026-06-16 19:01:58,799 [bofa.py] => Task 0, Epoch 16/15 => Loss_Clip 2.398, Train_acc 70.39
2026-06-16 19:02:10,781 [bofa.py] => Task 0, Epoch 17/15 => Loss_Clip 2.402, Train_acc 70.21
2026-06-16 19:02:22,603 [trainer.py] => CNN: {'total': 74.21, '00-09': 59.04, '10-19': 75.15, '20-29': 78.98, '30-39': 88.32, '40-49': 69.46, 'old': 0, 'new': 74.21, 'harmonic': 0.0}
2026-06-16 19:02:22,603 [trainer.py] => CNN top1 curve: [74.21]
2026-06-16 19:02:22,603 [trainer.py] => CNN top5 curve: [94.84]
2026-06-16 19:02:22,603 [trainer.py] => Average Accuracy (CNN top1): 74.21
2026-06-16 19:02:22,603 [bofa.py] => Learning on 50-60
2026-06-16 19:02:35,875 [bofa.py] => Eval Test Loader: Zero_Shot_Lam: 57.10
2026-06-16 19:02:40,507 [bofa.py] => Task 1, Epoch 1/15 => Loss_Clip 3.371, Train_acc 10.04
2026-06-16 19:02:45,269 [bofa.py] => Task 1, Epoch 2/15 => Loss_Clip 3.210, Train_acc 19.19
2026-06-16 19:02:50,269 [bofa.py] => Task 1, Epoch 3/15 => Loss_Clip 3.142, Train_acc 29.39
2026-06-16 19:02:55,125 [bofa.py] => Task 1, Epoch 4/15 => Loss_Clip 3.067, Train_acc 30.13
2026-06-16 19:02:59,645 [bofa.py] => Task 1, Epoch 5/15 => Loss_Clip 2.979, Train_acc 33.13
2026-06-16 19:03:04,178 [bofa.py] => Task 1, Epoch 6/15 => Loss_Clip 2.864, Train_acc 37.03
2026-06-16 19:03:09,039 [bofa.py] => Task 1, Epoch 7/15 => Loss_Clip 2.672, Train_acc 45.58
2026-06-16 19:03:13,945 [bofa.py] => Task 1, Epoch 8/15 => Loss_Clip 2.532, Train_acc 62.37
2026-06-16 19:03:18,647 [bofa.py] => Task 1, Epoch 9/15 => Loss_Clip 2.517, Train_acc 65.07
2026-06-16 19:03:23,996 [bofa.py] => Task 1, Epoch 10/15 => Loss_Clip 2.451, Train_acc 67.47
2026-06-16 19:03:29,138 [bofa.py] => Task 1, Epoch 11/15 => Loss_Clip 2.396, Train_acc 70.01
2026-06-16 19:03:33,410 [bofa.py] => Task 1, Epoch 12/15 => Loss_Clip 2.383, Train_acc 68.22
2026-06-16 19:03:38,351 [bofa.py] => Task 1, Epoch 13/15 => Loss_Clip 2.352, Train_acc 69.57
2026-06-16 19:03:43,204 [bofa.py] => Task 1, Epoch 14/15 => Loss_Clip 2.351, Train_acc 69.72
2026-06-16 19:03:48,289 [bofa.py] => Task 1, Epoch 15/15 => Loss_Clip 2.355, Train_acc 69.12
2026-06-16 19:03:53,119 [bofa.py] => Task 1, Epoch 16/15 => Loss_Clip 3.760, Train_acc 36.43
2026-06-16 19:03:57,604 [bofa.py] => Task 1, Epoch 17/15 => Loss_Clip 3.751, Train_acc 36.43
2026-06-16 19:04:10,433 [trainer.py] => CNN: {'total': 70.95, '00-09': 56.02, '10-19': 72.46, '20-29': 74.17, '30-39': 82.63, '40-49': 69.46, '50-59': 70.87, 'old': 70.97, 'new': 70.87, 'harmonic': 70.92}
2026-06-16 19:04:10,433 [trainer.py] => CNN top1 curve: [74.21, 70.95]
2026-06-16 19:04:10,434 [trainer.py] => CNN top5 curve: [94.84, 93.2]
2026-06-16 19:04:10,434 [trainer.py] => Average Accuracy (CNN top1): 72.58
2026-06-16 19:04:10,434 [bofa.py] => Learning on 60-70
2026-06-16 19:04:23,467 [bofa.py] => Eval Test Loader: Zero_Shot_Lam: 54.05
2026-06-16 19:04:28,160 [bofa.py] => Task 2, Epoch 1/15 => Loss_Clip 3.670, Train_acc 8.52
2026-06-16 19:04:33,203 [bofa.py] => Task 2, Epoch 2/15 => Loss_Clip 3.351, Train_acc 29.75
2026-06-16 19:04:37,746 [bofa.py] => Task 2, Epoch 3/15 => Loss_Clip 3.170, Train_acc 48.88
2026-06-16 19:04:42,954 [bofa.py] => Task 2, Epoch 4/15 => Loss_Clip 3.026, Train_acc 54.41
2026-06-16 19:04:47,534 [bofa.py] => Task 2, Epoch 5/15 => Loss_Clip 2.941, Train_acc 43.65
2026-06-16 19:04:51,890 [bofa.py] => Task 2, Epoch 6/15 => Loss_Clip 2.849, Train_acc 63.08
2026-06-16 19:04:56,312 [bofa.py] => Task 2, Epoch 7/15 => Loss_Clip 2.785, Train_acc 74.44
2026-06-16 19:05:00,897 [bofa.py] => Task 2, Epoch 8/15 => Loss_Clip 2.709, Train_acc 76.08
2026-06-16 19:05:05,488 [bofa.py] => Task 2, Epoch 9/15 => Loss_Clip 2.668, Train_acc 81.32
2026-06-16 19:05:10,598 [bofa.py] => Task 2, Epoch 10/15 => Loss_Clip 2.656, Train_acc 79.97
2026-06-16 19:05:15,767 [bofa.py] => Task 2, Epoch 11/15 => Loss_Clip 2.612, Train_acc 81.76
2026-06-16 19:05:21,064 [bofa.py] => Task 2, Epoch 12/15 => Loss_Clip 2.589, Train_acc 81.91
2026-06-16 19:05:25,456 [bofa.py] => Task 2, Epoch 13/15 => Loss_Clip 2.561, Train_acc 84.90
2026-06-16 19:05:29,857 [bofa.py] => Task 2, Epoch 14/15 => Loss_Clip 2.552, Train_acc 87.59
2026-06-16 19:05:34,430 [bofa.py] => Task 2, Epoch 15/15 => Loss_Clip 2.548, Train_acc 87.29
2026-06-16 19:05:39,306 [bofa.py] => Task 2, Epoch 16/15 => Loss_Clip 3.958, Train_acc 18.98
2026-06-16 19:05:44,288 [bofa.py] => Task 2, Epoch 17/15 => Loss_Clip 3.963, Train_acc 18.98
2026-06-16 19:05:59,698 [trainer.py] => CNN: {'total': 67.52, '00-09': 50.0, '10-19': 67.07, '20-29': 72.97, '30-39': 79.34, '40-49': 66.47, '50-59': 69.97, '60-69': 66.77, 'old': 67.65, 'new': 66.77, 'harmonic': 67.21}
2026-06-16 19:05:59,698 [trainer.py] => CNN top1 curve: [74.21, 70.95, 67.52]
2026-06-16 19:05:59,698 [trainer.py] => CNN top5 curve: [94.84, 93.2, 91.38]
2026-06-16 19:05:59,698 [trainer.py] => Average Accuracy (CNN top1): 70.89333333333333
2026-06-16 19:05:59,698 [bofa.py] => Learning on 70-80
2026-06-16 19:06:14,095 [bofa.py] => Eval Test Loader: Zero_Shot_Lam: 52.48
2026-06-16 19:06:18,837 [bofa.py] => Task 3, Epoch 1/15 => Loss_Clip 3.410, Train_acc 21.89
2026-06-16 19:06:23,788 [bofa.py] => Task 3, Epoch 2/15 => Loss_Clip 2.871, Train_acc 48.13
2026-06-16 19:06:28,342 [bofa.py] => Task 3, Epoch 3/15 => Loss_Clip 2.684, Train_acc 63.87
2026-06-16 19:06:33,651 [bofa.py] => Task 3, Epoch 4/15 => Loss_Clip 2.606, Train_acc 60.27
2026-06-16 19:06:38,125 [bofa.py] => Task 3, Epoch 5/15 => Loss_Clip 2.523, Train_acc 75.26
2026-06-16 19:06:42,624 [bofa.py] => Task 3, Epoch 6/15 => Loss_Clip 2.497, Train_acc 74.06
2026-06-16 19:06:47,258 [bofa.py] => Task 3, Epoch 7/15 => Loss_Clip 2.423, Train_acc 84.41
2026-06-16 19:06:51,718 [bofa.py] => Task 3, Epoch 8/15 => Loss_Clip 2.395, Train_acc 83.21
2026-06-16 19:06:56,232 [bofa.py] => Task 3, Epoch 9/15 => Loss_Clip 2.366, Train_acc 87.41
2026-06-16 19:07:00,778 [bofa.py] => Task 3, Epoch 10/15 => Loss_Clip 2.353, Train_acc 86.81
2026-06-16 19:07:05,861 [bofa.py] => Task 3, Epoch 11/15 => Loss_Clip 2.326, Train_acc 89.06
2026-06-16 19:07:10,205 [bofa.py] => Task 3, Epoch 12/15 => Loss_Clip 2.306, Train_acc 87.86
2026-06-16 19:07:15,223 [bofa.py] => Task 3, Epoch 13/15 => Loss_Clip 2.321, Train_acc 90.70
2026-06-16 19:07:19,768 [bofa.py] => Task 3, Epoch 14/15 => Loss_Clip 2.291, Train_acc 89.21
2026-06-16 19:07:24,414 [bofa.py] => Task 3, Epoch 15/15 => Loss_Clip 2.297, Train_acc 90.25
2026-06-16 19:07:29,078 [bofa.py] => Task 3, Epoch 16/15 => Loss_Clip 4.009, Train_acc 23.69
2026-06-16 19:07:34,270 [bofa.py] => Task 3, Epoch 17/15 => Loss_Clip 4.008, Train_acc 23.69
2026-06-16 19:07:50,988 [trainer.py] => CNN: {'total': 65.35, '00-09': 49.1, '10-19': 66.77, '20-29': 67.87, '30-39': 72.75, '40-49': 64.67, '50-59': 68.77, '60-69': 63.44, '70-79': 69.37, 'old': 64.78, 'new': 69.37, 'harmonic': 67.0}
2026-06-16 19:07:50,988 [trainer.py] => CNN top1 curve: [74.21, 70.95, 67.52, 65.35]
2026-06-16 19:07:50,989 [trainer.py] => CNN top5 curve: [94.84, 93.2, 91.38, 90.73]
2026-06-16 19:07:50,989 [trainer.py] => Average Accuracy (CNN top1): 69.5075
2026-06-16 19:07:50,989 [bofa.py] => Learning on 80-90
2026-06-16 19:08:07,683 [bofa.py] => Eval Test Loader: Zero_Shot_Lam: 50.40
2026-06-16 19:08:12,192 [bofa.py] => Task 4, Epoch 1/15 => Loss_Clip 3.614, Train_acc 23.42
2026-06-16 19:08:16,735 [bofa.py] => Task 4, Epoch 2/15 => Loss_Clip 3.089, Train_acc 57.21
2026-06-16 19:08:21,148 [bofa.py] => Task 4, Epoch 3/15 => Loss_Clip 2.936, Train_acc 65.47
2026-06-16 19:08:25,548 [bofa.py] => Task 4, Epoch 4/15 => Loss_Clip 2.890, Train_acc 67.87
2026-06-16 19:08:30,159 [bofa.py] => Task 4, Epoch 5/15 => Loss_Clip 2.813, Train_acc 71.77
2026-06-16 19:08:35,175 [bofa.py] => Task 4, Epoch 6/15 => Loss_Clip 2.778, Train_acc 71.32
2026-06-16 19:08:39,689 [bofa.py] => Task 4, Epoch 7/15 => Loss_Clip 2.756, Train_acc 74.32
2026-06-16 19:08:44,122 [bofa.py] => Task 4, Epoch 8/15 => Loss_Clip 2.746, Train_acc 75.08
2026-06-16 19:08:48,613 [bofa.py] => Task 4, Epoch 9/15 => Loss_Clip 2.697, Train_acc 77.33
2026-06-16 19:08:53,640 [bofa.py] => Task 4, Epoch 10/15 => Loss_Clip 2.678, Train_acc 77.33
2026-06-16 19:08:58,549 [bofa.py] => Task 4, Epoch 11/15 => Loss_Clip 2.651, Train_acc 79.73
2026-06-16 19:09:03,272 [bofa.py] => Task 4, Epoch 12/15 => Loss_Clip 2.633, Train_acc 80.63
2026-06-16 19:09:08,321 [bofa.py] => Task 4, Epoch 13/15 => Loss_Clip 2.668, Train_acc 80.48
2026-06-16 19:09:13,149 [bofa.py] => Task 4, Epoch 14/15 => Loss_Clip 2.629, Train_acc 79.43
2026-06-16 19:09:17,787 [bofa.py] => Task 4, Epoch 15/15 => Loss_Clip 2.611, Train_acc 80.78
2026-06-16 19:09:22,184 [bofa.py] => Task 4, Epoch 16/15 => Loss_Clip 4.188, Train_acc 19.67
2026-06-16 19:09:27,073 [bofa.py] => Task 4, Epoch 17/15 => Loss_Clip 4.185, Train_acc 19.67
2026-06-16 19:09:45,750 [trainer.py] => CNN: {'total': 63.34, '00-09': 48.8, '10-19': 64.67, '20-29': 65.17, '30-39': 72.46, '40-49': 62.28, '50-59': 65.77, '60-69': 61.63, '70-79': 68.17, '80-89': 61.08, 'old': 63.63, 'new': 61.08, 'harmonic': 62.33}
2026-06-16 19:09:45,751 [trainer.py] => CNN top1 curve: [74.21, 70.95, 67.52, 65.35, 63.34]
2026-06-16 19:09:45,751 [trainer.py] => CNN top5 curve: [94.84, 93.2, 91.38, 90.73, 89.36]
2026-06-16 19:09:45,751 [trainer.py] => Average Accuracy (CNN top1): 68.274
2026-06-16 19:09:45,751 [bofa.py] => Learning on 90-100
2026-06-16 19:10:02,043 [bofa.py] => Eval Test Loader: Zero_Shot_Lam: 48.60
2026-06-16 19:10:06,762 [bofa.py] => Task 5, Epoch 1/15 => Loss_Clip 3.723, Train_acc 20.15
2026-06-16 19:10:11,338 [bofa.py] => Task 5, Epoch 2/15 => Loss_Clip 3.273, Train_acc 40.30
2026-06-16 19:10:15,683 [bofa.py] => Task 5, Epoch 3/15 => Loss_Clip 3.113, Train_acc 56.69
2026-06-16 19:10:20,693 [bofa.py] => Task 5, Epoch 4/15 => Loss_Clip 3.054, Train_acc 50.83
2026-06-16 19:10:26,059 [bofa.py] => Task 5, Epoch 5/15 => Loss_Clip 2.974, Train_acc 61.50
2026-06-16 19:10:30,662 [bofa.py] => Task 5, Epoch 6/15 => Loss_Clip 2.955, Train_acc 60.60
2026-06-16 19:10:35,073 [bofa.py] => Task 5, Epoch 7/15 => Loss_Clip 2.857, Train_acc 69.77
2026-06-16 19:10:39,888 [bofa.py] => Task 5, Epoch 8/15 => Loss_Clip 2.867, Train_acc 70.83
2026-06-16 19:10:44,435 [bofa.py] => Task 5, Epoch 9/15 => Loss_Clip 2.858, Train_acc 76.24
2026-06-16 19:10:49,198 [bofa.py] => Task 5, Epoch 10/15 => Loss_Clip 2.820, Train_acc 76.24
2026-06-16 19:10:53,907 [bofa.py] => Task 5, Epoch 11/15 => Loss_Clip 2.819, Train_acc 80.15
2026-06-16 19:10:58,702 [bofa.py] => Task 5, Epoch 12/15 => Loss_Clip 2.808, Train_acc 79.70
2026-06-16 19:11:03,357 [bofa.py] => Task 5, Epoch 13/15 => Loss_Clip 2.819, Train_acc 82.11
2026-06-16 19:11:07,941 [bofa.py] => Task 5, Epoch 14/15 => Loss_Clip 2.811, Train_acc 81.05
2026-06-16 19:11:12,521 [bofa.py] => Task 5, Epoch 15/15 => Loss_Clip 2.785, Train_acc 81.95
2026-06-16 19:11:17,037 [bofa.py] => Task 5, Epoch 16/15 => Loss_Clip 4.259, Train_acc 26.47
2026-06-16 19:11:21,683 [bofa.py] => Task 5, Epoch 17/15 => Loss_Clip 4.258, Train_acc 26.47
2026-06-16 19:11:42,170 [trainer.py] => CNN: {'total': 61.81, '00-09': 46.99, '10-19': 63.17, '20-29': 64.56, '30-39': 72.16, '40-49': 60.78, '50-59': 65.17, '60-69': 59.82, '70-79': 65.17, '80-89': 59.28, '90-99': 60.9, 'old': 61.91, 'new': 60.9, 'harmonic': 61.4}
2026-06-16 19:11:42,170 [trainer.py] => CNN top1 curve: [74.21, 70.95, 67.52, 65.35, 63.34, 61.81]
2026-06-16 19:11:42,170 [trainer.py] => CNN top5 curve: [94.84, 93.2, 91.38, 90.73, 89.36, 87.85]
2026-06-16 19:11:42,170 [trainer.py] => Average Accuracy (CNN top1): 67.19666666666667
