2026-06-16 19:11:45,776 [trainer.py] => config: ./configs/bofa/bofa_cifar_B0_Inc10.json
2026-06-16 19:11:45,777 [trainer.py] => prefix: -
2026-06-16 19:11:45,777 [trainer.py] => dataset: cifar224
2026-06-16 19:11:45,777 [trainer.py] => memory_size: 0
2026-06-16 19:11:45,777 [trainer.py] => memory_per_class: 0
2026-06-16 19:11:45,777 [trainer.py] => fixed_memory: False
2026-06-16 19:11:45,777 [trainer.py] => shuffle: True
2026-06-16 19:11:45,777 [trainer.py] => init_cls: 10
2026-06-16 19:11:45,777 [trainer.py] => increment: 10
2026-06-16 19:11:45,777 [trainer.py] => model_name: bofa
2026-06-16 19:11:45,777 [trainer.py] => backbone_type: clip
2026-06-16 19:11:45,777 [trainer.py] => device: [device(type='cuda', index=5)]
2026-06-16 19:11:45,777 [trainer.py] => seed: 0
2026-06-16 19:11:45,777 [trainer.py] => projection_type: pure_mlp
2026-06-16 19:11:45,777 [trainer.py] => frozen_layers: visual
2026-06-16 19:11:45,777 [trainer.py] => tuned_epoch: 15
2026-06-16 19:11:45,777 [trainer.py] => init_lr: 0.05
2026-06-16 19:11:45,777 [trainer.py] => batch_size: 128
2026-06-16 19:11:45,777 [trainer.py] => weight_decay: 0.05
2026-06-16 19:11:45,777 [trainer.py] => min_lr: 0
2026-06-16 19:11:45,777 [trainer.py] => optimizer: sgd
2026-06-16 19:11:45,777 [trainer.py] => text_des: 2
2026-06-16 19:11:45,777 [trainer.py] => image_aug: 2
2026-06-16 19:11:45,777 [trainer.py] => stat: 0.1
2026-06-16 19:11:45,778 [trainer.py] => Kt: 64
2026-06-16 19:11:45,778 [trainer.py] => use_up_cov: True
2026-06-16 19:11:45,778 [trainer.py] => total_class_num: 100
2026-06-16 19:11:47,087 [data_manager.py] => [26, 86, 2, 55, 75, 93, 16, 73, 54, 95, 53, 92, 78, 13, 7, 30, 22, 24, 33, 8, 43, 62, 3, 71, 45, 48, 6, 99, 82, 76, 60, 80, 90, 68, 51, 27, 18, 56, 63, 74, 1, 61, 42, 41, 4, 15, 17, 40, 38, 5, 91, 59, 0, 34, 28, 50, 11, 35, 23, 52, 10, 31, 66, 57, 79, 85, 32, 84, 14, 89, 19, 29, 49, 97, 98, 69, 20, 94, 72, 77, 25, 37, 81, 46, 39, 65, 58, 12, 88, 70, 87, 36, 21, 83, 9, 96, 67, 64, 47, 44]
2026-06-16 19:11:48,790 [instantiator.py] => Created a temporary directory at /tmp/tmpoy_28lx_
2026-06-16 19:11:48,790 [instantiator.py] => Writing /tmp/tmpoy_28lx_/_remote_module_non_scriptable.py
2026-06-16 19:11:48,981 [factory.py] => Loaded ViT-B-16 model config.
2026-06-16 19:11:51,279 [factory.py] => Loading pretrained ViT-B-16 weights (/home/team/zhaohongwei/pretrained_models/open_clip_pytorch_model_laion400m_e32.bin).
2026-06-16 19:11:52,524 [bofa.py] => Learning on 0-10
2026-06-16 19:12:24,956 [bofa.py] => Eval Test Loader: Zero_Shot_Lam: 91.20
2026-06-16 19:12:40,489 [bofa.py] => Task 0, Epoch 1/15 => Loss_Clip 1.094, Train_acc 90.44
2026-06-16 19:12:55,555 [bofa.py] => Task 0, Epoch 2/15 => Loss_Clip 0.888, Train_acc 92.72
2026-06-16 19:13:10,399 [bofa.py] => Task 0, Epoch 3/15 => Loss_Clip 0.893, Train_acc 92.36
2026-06-16 19:13:25,197 [bofa.py] => Task 0, Epoch 4/15 => Loss_Clip 0.882, Train_acc 93.18
2026-06-16 19:13:40,578 [bofa.py] => Task 0, Epoch 5/15 => Loss_Clip 0.882, Train_acc 93.00
2026-06-16 19:13:56,033 [bofa.py] => Task 0, Epoch 6/15 => Loss_Clip 0.885, Train_acc 93.32
2026-06-16 19:14:10,961 [bofa.py] => Task 0, Epoch 7/15 => Loss_Clip 0.864, Train_acc 93.66
2026-06-16 19:14:25,744 [bofa.py] => Task 0, Epoch 8/15 => Loss_Clip 0.854, Train_acc 94.64
2026-06-16 19:14:40,538 [bofa.py] => Task 0, Epoch 9/15 => Loss_Clip 0.863, Train_acc 94.32
2026-06-16 19:14:55,591 [bofa.py] => Task 0, Epoch 10/15 => Loss_Clip 0.865, Train_acc 93.88
2026-06-16 19:15:10,567 [bofa.py] => Task 0, Epoch 11/15 => Loss_Clip 0.832, Train_acc 95.28
2026-06-16 19:15:25,690 [bofa.py] => Task 0, Epoch 12/15 => Loss_Clip 0.821, Train_acc 96.26
2026-06-16 19:15:40,712 [bofa.py] => Task 0, Epoch 13/15 => Loss_Clip 0.819, Train_acc 96.40
2026-06-16 19:15:55,855 [bofa.py] => Task 0, Epoch 14/15 => Loss_Clip 0.802, Train_acc 96.90
2026-06-16 19:16:11,234 [bofa.py] => Task 0, Epoch 15/15 => Loss_Clip 0.794, Train_acc 97.24
2026-06-16 19:16:26,861 [bofa.py] => Task 0, Epoch 16/15 => Loss_Clip 0.792, Train_acc 97.36
2026-06-16 19:16:42,040 [bofa.py] => Task 0, Epoch 17/15 => Loss_Clip 0.790, Train_acc 97.34
2026-06-16 19:16:48,524 [trainer.py] => CNN: {'total': 93.9, '00-09': 93.9, 'old': 0, 'new': 93.9, 'harmonic': 0.0}
2026-06-16 19:16:48,525 [trainer.py] => CNN top1 curve: [93.9]
2026-06-16 19:16:48,525 [trainer.py] => CNN top5 curve: [99.7]
2026-06-16 19:16:48,525 [trainer.py] => Average Accuracy (CNN top1): 93.9
2026-06-16 19:16:48,525 [bofa.py] => Learning on 10-20
2026-06-16 19:17:09,203 [bofa.py] => Eval Test Loader: Zero_Shot_Lam: 88.65
2026-06-16 19:17:24,286 [bofa.py] => Task 1, Epoch 1/15 => Loss_Clip 1.764, Train_acc 71.26
2026-06-16 19:17:39,538 [bofa.py] => Task 1, Epoch 2/15 => Loss_Clip 1.197, Train_acc 92.18
2026-06-16 19:17:54,636 [bofa.py] => Task 1, Epoch 3/15 => Loss_Clip 1.167, Train_acc 95.32
2026-06-16 19:18:10,244 [bofa.py] => Task 1, Epoch 4/15 => Loss_Clip 1.161, Train_acc 95.64
2026-06-16 19:18:26,041 [bofa.py] => Task 1, Epoch 5/15 => Loss_Clip 1.151, Train_acc 95.74
2026-06-16 19:18:41,331 [bofa.py] => Task 1, Epoch 6/15 => Loss_Clip 1.164, Train_acc 94.94
2026-06-16 19:18:57,032 [bofa.py] => Task 1, Epoch 7/15 => Loss_Clip 1.159, Train_acc 95.30
2026-06-16 19:19:12,513 [bofa.py] => Task 1, Epoch 8/15 => Loss_Clip 1.154, Train_acc 95.82
2026-06-16 19:19:28,031 [bofa.py] => Task 1, Epoch 9/15 => Loss_Clip 1.145, Train_acc 96.08
2026-06-16 19:19:43,865 [bofa.py] => Task 1, Epoch 10/15 => Loss_Clip 1.142, Train_acc 96.16
2026-06-16 19:19:59,081 [bofa.py] => Task 1, Epoch 11/15 => Loss_Clip 1.126, Train_acc 96.46
2026-06-16 19:20:14,287 [bofa.py] => Task 1, Epoch 12/15 => Loss_Clip 1.118, Train_acc 97.10
2026-06-16 19:20:29,574 [bofa.py] => Task 1, Epoch 13/15 => Loss_Clip 1.115, Train_acc 97.02
2026-06-16 19:20:44,796 [bofa.py] => Task 1, Epoch 14/15 => Loss_Clip 1.105, Train_acc 97.34
2026-06-16 19:21:00,486 [bofa.py] => Task 1, Epoch 15/15 => Loss_Clip 1.103, Train_acc 97.66
2026-06-16 19:21:15,953 [bofa.py] => Task 1, Epoch 16/15 => Loss_Clip 2.137, Train_acc 90.62
2026-06-16 19:21:31,285 [bofa.py] => Task 1, Epoch 17/15 => Loss_Clip 2.144, Train_acc 90.62
2026-06-16 19:21:43,254 [trainer.py] => CNN: {'total': 88.3, '00-09': 88.3, '10-19': 88.3, 'old': 88.3, 'new': 88.3, 'harmonic': 88.3}
2026-06-16 19:21:43,254 [trainer.py] => CNN top1 curve: [93.9, 88.3]
2026-06-16 19:21:43,255 [trainer.py] => CNN top5 curve: [99.7, 98.1]
2026-06-16 19:21:43,255 [trainer.py] => Average Accuracy (CNN top1): 91.1
2026-06-16 19:21:43,255 [bofa.py] => Learning on 20-30
2026-06-16 19:22:06,873 [bofa.py] => Eval Test Loader: Zero_Shot_Lam: 87.27
2026-06-16 19:22:22,198 [bofa.py] => Task 2, Epoch 1/15 => Loss_Clip 2.284, Train_acc 54.12
2026-06-16 19:22:37,489 [bofa.py] => Task 2, Epoch 2/15 => Loss_Clip 1.629, Train_acc 95.44
2026-06-16 19:22:52,903 [bofa.py] => Task 2, Epoch 3/15 => Loss_Clip 1.557, Train_acc 97.28
2026-06-16 19:23:08,405 [bofa.py] => Task 2, Epoch 4/15 => Loss_Clip 1.562, Train_acc 97.80
2026-06-16 19:23:23,712 [bofa.py] => Task 2, Epoch 5/15 => Loss_Clip 1.549, Train_acc 97.66
2026-06-16 19:23:39,147 [bofa.py] => Task 2, Epoch 6/15 => Loss_Clip 1.547, Train_acc 97.56
2026-06-16 19:23:54,676 [bofa.py] => Task 2, Epoch 7/15 => Loss_Clip 1.543, Train_acc 97.76
2026-06-16 19:24:10,544 [bofa.py] => Task 2, Epoch 8/15 => Loss_Clip 1.564, Train_acc 97.60
2026-06-16 19:24:25,958 [bofa.py] => Task 2, Epoch 9/15 => Loss_Clip 1.523, Train_acc 98.18
2026-06-16 19:24:41,280 [bofa.py] => Task 2, Epoch 10/15 => Loss_Clip 1.526, Train_acc 98.16
2026-06-16 19:24:56,892 [bofa.py] => Task 2, Epoch 11/15 => Loss_Clip 1.519, Train_acc 98.28
2026-06-16 19:25:12,493 [bofa.py] => Task 2, Epoch 12/15 => Loss_Clip 1.504, Train_acc 98.74
2026-06-16 19:25:28,283 [bofa.py] => Task 2, Epoch 13/15 => Loss_Clip 1.506, Train_acc 98.84
2026-06-16 19:25:43,854 [bofa.py] => Task 2, Epoch 14/15 => Loss_Clip 1.491, Train_acc 98.92
2026-06-16 19:25:59,384 [bofa.py] => Task 2, Epoch 15/15 => Loss_Clip 1.487, Train_acc 99.14
2026-06-16 19:26:15,015 [bofa.py] => Task 2, Epoch 16/15 => Loss_Clip 2.549, Train_acc 90.12
2026-06-16 19:26:30,616 [bofa.py] => Task 2, Epoch 17/15 => Loss_Clip 2.552, Train_acc 90.12
2026-06-16 19:26:48,046 [trainer.py] => CNN: {'total': 86.53, '00-09': 85.0, '10-19': 84.5, '20-29': 90.1, 'old': 84.75, 'new': 90.1, 'harmonic': 87.34}
2026-06-16 19:26:48,046 [trainer.py] => CNN top1 curve: [93.9, 88.3, 86.53]
2026-06-16 19:26:48,047 [trainer.py] => CNN top5 curve: [99.7, 98.1, 97.3]
2026-06-16 19:26:48,047 [trainer.py] => Average Accuracy (CNN top1): 89.57666666666667
2026-06-16 19:26:48,047 [bofa.py] => Learning on 30-40
2026-06-16 19:27:14,502 [bofa.py] => Eval Test Loader: Zero_Shot_Lam: 84.00
2026-06-16 19:27:29,750 [bofa.py] => Task 3, Epoch 1/15 => Loss_Clip 2.823, Train_acc 35.96
2026-06-16 19:27:44,785 [bofa.py] => Task 3, Epoch 2/15 => Loss_Clip 2.337, Train_acc 64.50
2026-06-16 19:27:59,979 [bofa.py] => Task 3, Epoch 3/15 => Loss_Clip 1.989, Train_acc 92.10
2026-06-16 19:28:15,149 [bofa.py] => Task 3, Epoch 4/15 => Loss_Clip 1.992, Train_acc 91.88
2026-06-16 19:28:30,099 [bofa.py] => Task 3, Epoch 5/15 => Loss_Clip 2.004, Train_acc 91.64
2026-06-16 19:28:44,975 [bofa.py] => Task 3, Epoch 6/15 => Loss_Clip 1.999, Train_acc 90.52
2026-06-16 19:28:59,791 [bofa.py] => Task 3, Epoch 7/15 => Loss_Clip 1.983, Train_acc 92.56
2026-06-16 19:29:14,868 [bofa.py] => Task 3, Epoch 8/15 => Loss_Clip 1.971, Train_acc 92.18
2026-06-16 19:29:29,835 [bofa.py] => Task 3, Epoch 9/15 => Loss_Clip 2.005, Train_acc 89.64
2026-06-16 19:29:44,833 [bofa.py] => Task 3, Epoch 10/15 => Loss_Clip 1.941, Train_acc 94.40
2026-06-16 19:29:59,759 [bofa.py] => Task 3, Epoch 11/15 => Loss_Clip 1.943, Train_acc 93.98
2026-06-16 19:30:14,652 [bofa.py] => Task 3, Epoch 12/15 => Loss_Clip 1.923, Train_acc 94.94
2026-06-16 19:30:29,404 [bofa.py] => Task 3, Epoch 13/15 => Loss_Clip 1.917, Train_acc 95.26
2026-06-16 19:30:44,243 [bofa.py] => Task 3, Epoch 14/15 => Loss_Clip 1.909, Train_acc 95.94
2026-06-16 19:30:59,141 [bofa.py] => Task 3, Epoch 15/15 => Loss_Clip 1.904, Train_acc 96.12
2026-06-16 19:31:13,880 [bofa.py] => Task 3, Epoch 16/15 => Loss_Clip 2.948, Train_acc 83.10
2026-06-16 19:31:28,934 [bofa.py] => Task 3, Epoch 17/15 => Loss_Clip 2.946, Train_acc 83.10
2026-06-16 19:31:50,951 [trainer.py] => CNN: {'total': 84.5, '00-09': 82.8, '10-19': 82.2, '20-29': 88.6, '30-39': 84.4, 'old': 84.53, 'new': 84.4, 'harmonic': 84.46}
2026-06-16 19:31:50,951 [trainer.py] => CNN top1 curve: [93.9, 88.3, 86.53, 84.5]
2026-06-16 19:31:50,951 [trainer.py] => CNN top5 curve: [99.7, 98.1, 97.3, 95.35]
2026-06-16 19:31:50,951 [trainer.py] => Average Accuracy (CNN top1): 88.3075
2026-06-16 19:31:50,952 [bofa.py] => Learning on 40-50
2026-06-16 19:32:19,497 [bofa.py] => Eval Test Loader: Zero_Shot_Lam: 83.28
2026-06-16 19:32:34,709 [bofa.py] => Task 4, Epoch 1/15 => Loss_Clip 2.584, Train_acc 72.84
2026-06-16 19:32:49,458 [bofa.py] => Task 4, Epoch 2/15 => Loss_Clip 2.023, Train_acc 94.52
2026-06-16 19:33:04,202 [bofa.py] => Task 4, Epoch 3/15 => Loss_Clip 1.965, Train_acc 96.48
2026-06-16 19:33:19,144 [bofa.py] => Task 4, Epoch 4/15 => Loss_Clip 1.971, Train_acc 96.22
2026-06-16 19:33:34,361 [bofa.py] => Task 4, Epoch 5/15 => Loss_Clip 1.966, Train_acc 96.28
2026-06-16 19:33:49,350 [bofa.py] => Task 4, Epoch 6/15 => Loss_Clip 1.956, Train_acc 96.80
2026-06-16 19:34:04,331 [bofa.py] => Task 4, Epoch 7/15 => Loss_Clip 1.955, Train_acc 96.80
2026-06-16 19:34:19,476 [bofa.py] => Task 4, Epoch 8/15 => Loss_Clip 1.937, Train_acc 97.36
2026-06-16 19:34:34,464 [bofa.py] => Task 4, Epoch 9/15 => Loss_Clip 1.944, Train_acc 97.24
2026-06-16 19:34:49,327 [bofa.py] => Task 4, Epoch 10/15 => Loss_Clip 1.964, Train_acc 96.94
2026-06-16 19:35:04,334 [bofa.py] => Task 4, Epoch 11/15 => Loss_Clip 1.922, Train_acc 97.44
2026-06-16 19:35:19,446 [bofa.py] => Task 4, Epoch 12/15 => Loss_Clip 1.908, Train_acc 98.08
2026-06-16 19:35:34,477 [bofa.py] => Task 4, Epoch 13/15 => Loss_Clip 1.901, Train_acc 98.14
2026-06-16 19:35:49,407 [bofa.py] => Task 4, Epoch 14/15 => Loss_Clip 1.896, Train_acc 98.50
2026-06-16 19:36:04,654 [bofa.py] => Task 4, Epoch 15/15 => Loss_Clip 1.891, Train_acc 98.70
2026-06-16 19:36:19,604 [bofa.py] => Task 4, Epoch 16/15 => Loss_Clip 3.085, Train_acc 86.42
2026-06-16 19:36:34,614 [bofa.py] => Task 4, Epoch 17/15 => Loss_Clip 3.088, Train_acc 86.42
2026-06-16 19:37:02,720 [trainer.py] => CNN: {'total': 83.6, '00-09': 81.6, '10-19': 81.4, '20-29': 87.5, '30-39': 82.8, '40-49': 84.7, 'old': 83.32, 'new': 84.7, 'harmonic': 84.0}
2026-06-16 19:37:02,721 [trainer.py] => CNN top1 curve: [93.9, 88.3, 86.53, 84.5, 83.6]
2026-06-16 19:37:02,721 [trainer.py] => CNN top5 curve: [99.7, 98.1, 97.3, 95.35, 94.58]
2026-06-16 19:37:02,721 [trainer.py] => Average Accuracy (CNN top1): 87.36600000000001
2026-06-16 19:37:02,721 [bofa.py] => Learning on 50-60
2026-06-16 19:37:34,356 [bofa.py] => Eval Test Loader: Zero_Shot_Lam: 81.87
2026-06-16 19:37:49,512 [bofa.py] => Task 5, Epoch 1/15 => Loss_Clip 3.188, Train_acc 38.82
2026-06-16 19:38:04,877 [bofa.py] => Task 5, Epoch 2/15 => Loss_Clip 2.481, Train_acc 78.40
2026-06-16 19:38:20,115 [bofa.py] => Task 5, Epoch 3/15 => Loss_Clip 2.173, Train_acc 91.40
2026-06-16 19:38:35,341 [bofa.py] => Task 5, Epoch 4/15 => Loss_Clip 2.176, Train_acc 92.26
2026-06-16 19:38:50,717 [bofa.py] => Task 5, Epoch 5/15 => Loss_Clip 2.160, Train_acc 93.18
2026-06-16 19:39:05,855 [bofa.py] => Task 5, Epoch 6/15 => Loss_Clip 2.189, Train_acc 91.72
2026-06-16 19:39:21,011 [bofa.py] => Task 5, Epoch 7/15 => Loss_Clip 2.162, Train_acc 92.90
2026-06-16 19:39:36,536 [bofa.py] => Task 5, Epoch 8/15 => Loss_Clip 2.147, Train_acc 93.48
2026-06-16 19:39:52,040 [bofa.py] => Task 5, Epoch 9/15 => Loss_Clip 2.146, Train_acc 93.46
2026-06-16 19:40:07,307 [bofa.py] => Task 5, Epoch 10/15 => Loss_Clip 2.139, Train_acc 93.62
2026-06-16 19:40:22,439 [bofa.py] => Task 5, Epoch 11/15 => Loss_Clip 2.140, Train_acc 93.94
2026-06-16 19:40:37,674 [bofa.py] => Task 5, Epoch 12/15 => Loss_Clip 2.123, Train_acc 94.42
2026-06-16 19:40:53,214 [bofa.py] => Task 5, Epoch 13/15 => Loss_Clip 2.115, Train_acc 94.72
2026-06-16 19:41:08,754 [bofa.py] => Task 5, Epoch 14/15 => Loss_Clip 2.108, Train_acc 95.18
2026-06-16 19:41:23,974 [bofa.py] => Task 5, Epoch 15/15 => Loss_Clip 2.103, Train_acc 95.50
2026-06-16 19:41:39,455 [bofa.py] => Task 5, Epoch 16/15 => Loss_Clip 3.263, Train_acc 82.20
2026-06-16 19:41:54,819 [bofa.py] => Task 5, Epoch 17/15 => Loss_Clip 3.261, Train_acc 82.20
2026-06-16 19:42:29,483 [trainer.py] => CNN: {'total': 82.72, '00-09': 80.0, '10-19': 81.6, '20-29': 87.4, '30-39': 80.0, '40-49': 84.7, '50-59': 82.6, 'old': 82.74, 'new': 82.6, 'harmonic': 82.67}
2026-06-16 19:42:29,483 [trainer.py] => CNN top1 curve: [93.9, 88.3, 86.53, 84.5, 83.6, 82.72]
2026-06-16 19:42:29,483 [trainer.py] => CNN top5 curve: [99.7, 98.1, 97.3, 95.35, 94.58, 94.68]
2026-06-16 19:42:29,483 [trainer.py] => Average Accuracy (CNN top1): 86.59166666666668
2026-06-16 19:42:29,483 [bofa.py] => Learning on 60-70
2026-06-16 19:43:05,096 [bofa.py] => Eval Test Loader: Zero_Shot_Lam: 81.01
2026-06-16 19:43:20,884 [bofa.py] => Task 6, Epoch 1/15 => Loss_Clip 3.357, Train_acc 34.46
2026-06-16 19:43:36,215 [bofa.py] => Task 6, Epoch 2/15 => Loss_Clip 2.569, Train_acc 93.06
2026-06-16 19:43:51,831 [bofa.py] => Task 6, Epoch 3/15 => Loss_Clip 2.392, Train_acc 96.22
2026-06-16 19:44:07,288 [bofa.py] => Task 6, Epoch 4/15 => Loss_Clip 2.392, Train_acc 96.46
2026-06-16 19:44:22,591 [bofa.py] => Task 6, Epoch 5/15 => Loss_Clip 2.395, Train_acc 96.42
2026-06-16 19:44:38,225 [bofa.py] => Task 6, Epoch 6/15 => Loss_Clip 2.387, Train_acc 96.56
2026-06-16 19:44:53,607 [bofa.py] => Task 6, Epoch 7/15 => Loss_Clip 2.408, Train_acc 95.64
2026-06-16 19:45:09,378 [bofa.py] => Task 6, Epoch 8/15 => Loss_Clip 2.355, Train_acc 97.24
2026-06-16 19:45:24,777 [bofa.py] => Task 6, Epoch 9/15 => Loss_Clip 2.359, Train_acc 97.30
2026-06-16 19:45:40,292 [bofa.py] => Task 6, Epoch 10/15 => Loss_Clip 2.350, Train_acc 97.52
2026-06-16 19:45:55,538 [bofa.py] => Task 6, Epoch 11/15 => Loss_Clip 2.338, Train_acc 97.84
2026-06-16 19:46:11,027 [bofa.py] => Task 6, Epoch 12/15 => Loss_Clip 2.324, Train_acc 98.26
2026-06-16 19:46:26,382 [bofa.py] => Task 6, Epoch 13/15 => Loss_Clip 2.345, Train_acc 97.48
2026-06-16 19:46:42,392 [bofa.py] => Task 6, Epoch 14/15 => Loss_Clip 2.311, Train_acc 98.28
2026-06-16 19:46:57,553 [bofa.py] => Task 6, Epoch 15/15 => Loss_Clip 2.302, Train_acc 98.54
2026-06-16 19:47:12,666 [bofa.py] => Task 6, Epoch 16/15 => Loss_Clip 3.471, Train_acc 82.62
2026-06-16 19:47:27,844 [bofa.py] => Task 6, Epoch 17/15 => Loss_Clip 3.470, Train_acc 82.62
2026-06-16 19:48:06,910 [trainer.py] => CNN: {'total': 81.7, '00-09': 78.5, '10-19': 81.2, '20-29': 86.8, '30-39': 79.8, '40-49': 82.2, '50-59': 80.4, '60-69': 83.0, 'old': 81.48, 'new': 83.0, 'harmonic': 82.23}
2026-06-16 19:48:06,910 [trainer.py] => CNN top1 curve: [93.9, 88.3, 86.53, 84.5, 83.6, 82.72, 81.7]
2026-06-16 19:48:06,910 [trainer.py] => CNN top5 curve: [99.7, 98.1, 97.3, 95.35, 94.58, 94.68, 93.96]
2026-06-16 19:48:06,910 [trainer.py] => Average Accuracy (CNN top1): 85.89285714285715
2026-06-16 19:48:06,910 [bofa.py] => Learning on 70-80
2026-06-16 19:48:43,979 [bofa.py] => Eval Test Loader: Zero_Shot_Lam: 80.05
2026-06-16 19:48:58,943 [bofa.py] => Task 7, Epoch 1/15 => Loss_Clip 2.973, Train_acc 78.76
2026-06-16 19:49:13,909 [bofa.py] => Task 7, Epoch 2/15 => Loss_Clip 2.433, Train_acc 96.58
2026-06-16 19:49:28,976 [bofa.py] => Task 7, Epoch 3/15 => Loss_Clip 2.415, Train_acc 96.72
2026-06-16 19:49:43,728 [bofa.py] => Task 7, Epoch 4/15 => Loss_Clip 2.422, Train_acc 96.70
2026-06-16 19:49:58,650 [bofa.py] => Task 7, Epoch 5/15 => Loss_Clip 2.409, Train_acc 97.24
2026-06-16 19:50:13,610 [bofa.py] => Task 7, Epoch 6/15 => Loss_Clip 2.411, Train_acc 96.92
2026-06-16 19:50:28,712 [bofa.py] => Task 7, Epoch 7/15 => Loss_Clip 2.388, Train_acc 97.60
2026-06-16 19:50:43,697 [bofa.py] => Task 7, Epoch 8/15 => Loss_Clip 2.389, Train_acc 97.58
2026-06-16 19:50:58,349 [bofa.py] => Task 7, Epoch 9/15 => Loss_Clip 2.379, Train_acc 97.56
2026-06-16 19:51:13,194 [bofa.py] => Task 7, Epoch 10/15 => Loss_Clip 2.382, Train_acc 97.90
2026-06-16 19:51:28,593 [bofa.py] => Task 7, Epoch 11/15 => Loss_Clip 2.389, Train_acc 97.34
2026-06-16 19:51:43,420 [bofa.py] => Task 7, Epoch 12/15 => Loss_Clip 2.370, Train_acc 98.32
2026-06-16 19:51:58,547 [bofa.py] => Task 7, Epoch 13/15 => Loss_Clip 2.351, Train_acc 98.58
2026-06-16 19:52:13,432 [bofa.py] => Task 7, Epoch 14/15 => Loss_Clip 2.345, Train_acc 98.70
2026-06-16 19:52:28,161 [bofa.py] => Task 7, Epoch 15/15 => Loss_Clip 2.339, Train_acc 99.02
2026-06-16 19:52:43,171 [bofa.py] => Task 7, Epoch 16/15 => Loss_Clip 3.529, Train_acc 85.10
2026-06-16 19:52:58,227 [bofa.py] => Task 7, Epoch 17/15 => Loss_Clip 3.531, Train_acc 85.10
2026-06-16 19:53:42,181 [trainer.py] => CNN: {'total': 81.15, '00-09': 76.9, '10-19': 80.8, '20-29': 86.2, '30-39': 79.4, '40-49': 81.3, '50-59': 78.6, '60-69': 81.8, '70-79': 84.2, 'old': 80.71, 'new': 84.2, 'harmonic': 82.42}
2026-06-16 19:53:42,181 [trainer.py] => CNN top1 curve: [93.9, 88.3, 86.53, 84.5, 83.6, 82.72, 81.7, 81.15]
2026-06-16 19:53:42,181 [trainer.py] => CNN top5 curve: [99.7, 98.1, 97.3, 95.35, 94.58, 94.68, 93.96, 93.48]
2026-06-16 19:53:42,181 [trainer.py] => Average Accuracy (CNN top1): 85.30000000000001
2026-06-16 19:53:42,182 [bofa.py] => Learning on 80-90
2026-06-16 19:54:21,520 [bofa.py] => Eval Test Loader: Zero_Shot_Lam: 79.58
2026-06-16 19:54:36,582 [bofa.py] => Task 8, Epoch 1/15 => Loss_Clip 3.449, Train_acc 47.04
2026-06-16 19:54:51,726 [bofa.py] => Task 8, Epoch 2/15 => Loss_Clip 2.645, Train_acc 96.04
2026-06-16 19:55:06,731 [bofa.py] => Task 8, Epoch 3/15 => Loss_Clip 2.445, Train_acc 97.78
2026-06-16 19:55:21,827 [bofa.py] => Task 8, Epoch 4/15 => Loss_Clip 2.448, Train_acc 97.90
2026-06-16 19:55:37,047 [bofa.py] => Task 8, Epoch 5/15 => Loss_Clip 2.443, Train_acc 97.84
2026-06-16 19:55:52,983 [bofa.py] => Task 8, Epoch 6/15 => Loss_Clip 2.442, Train_acc 98.12
2026-06-16 19:56:08,237 [bofa.py] => Task 8, Epoch 7/15 => Loss_Clip 2.445, Train_acc 98.22
2026-06-16 19:56:23,309 [bofa.py] => Task 8, Epoch 8/15 => Loss_Clip 2.424, Train_acc 98.34
2026-06-16 19:56:38,745 [bofa.py] => Task 8, Epoch 9/15 => Loss_Clip 2.441, Train_acc 97.94
2026-06-16 19:56:53,939 [bofa.py] => Task 8, Epoch 10/15 => Loss_Clip 2.416, Train_acc 98.66
2026-06-16 19:57:09,074 [bofa.py] => Task 8, Epoch 11/15 => Loss_Clip 2.399, Train_acc 98.70
2026-06-16 19:57:24,217 [bofa.py] => Task 8, Epoch 12/15 => Loss_Clip 2.425, Train_acc 98.18
2026-06-16 19:57:39,277 [bofa.py] => Task 8, Epoch 13/15 => Loss_Clip 2.387, Train_acc 99.06
2026-06-16 19:57:54,490 [bofa.py] => Task 8, Epoch 14/15 => Loss_Clip 2.380, Train_acc 99.18
2026-06-16 19:58:10,255 [bofa.py] => Task 8, Epoch 15/15 => Loss_Clip 2.380, Train_acc 99.30
2026-06-16 19:58:25,415 [bofa.py] => Task 8, Epoch 16/15 => Loss_Clip 3.658, Train_acc 83.40
2026-06-16 19:58:40,581 [bofa.py] => Task 8, Epoch 17/15 => Loss_Clip 3.664, Train_acc 83.40
2026-06-16 19:59:31,784 [trainer.py] => CNN: {'total': 80.69, '00-09': 76.0, '10-19': 79.1, '20-29': 85.8, '30-39': 78.7, '40-49': 79.9, '50-59': 77.7, '60-69': 81.2, '70-79': 83.6, '80-89': 84.2, 'old': 80.25, 'new': 84.2, 'harmonic': 82.18}
2026-06-16 19:59:31,785 [trainer.py] => CNN top1 curve: [93.9, 88.3, 86.53, 84.5, 83.6, 82.72, 81.7, 81.15, 80.69]
2026-06-16 19:59:31,785 [trainer.py] => CNN top5 curve: [99.7, 98.1, 97.3, 95.35, 94.58, 94.68, 93.96, 93.48, 93.7]
2026-06-16 19:59:31,785 [trainer.py] => Average Accuracy (CNN top1): 84.78777777777779
2026-06-16 19:59:31,785 [bofa.py] => Learning on 90-100
2026-06-16 20:00:15,054 [bofa.py] => Eval Test Loader: Zero_Shot_Lam: 77.90
2026-06-16 20:00:30,450 [bofa.py] => Task 9, Epoch 1/15 => Loss_Clip 3.517, Train_acc 53.88
2026-06-16 20:00:46,204 [bofa.py] => Task 9, Epoch 2/15 => Loss_Clip 2.766, Train_acc 85.40
2026-06-16 20:01:01,398 [bofa.py] => Task 9, Epoch 3/15 => Loss_Clip 2.627, Train_acc 92.44
2026-06-16 20:01:16,671 [bofa.py] => Task 9, Epoch 4/15 => Loss_Clip 2.625, Train_acc 93.30
2026-06-16 20:01:32,176 [bofa.py] => Task 9, Epoch 5/15 => Loss_Clip 2.629, Train_acc 93.00
2026-06-16 20:01:47,543 [bofa.py] => Task 9, Epoch 6/15 => Loss_Clip 2.609, Train_acc 93.84
2026-06-16 20:02:02,938 [bofa.py] => Task 9, Epoch 7/15 => Loss_Clip 2.610, Train_acc 93.20
2026-06-16 20:02:18,537 [bofa.py] => Task 9, Epoch 8/15 => Loss_Clip 2.604, Train_acc 94.34
2026-06-16 20:02:33,820 [bofa.py] => Task 9, Epoch 9/15 => Loss_Clip 2.594, Train_acc 94.36
2026-06-16 20:02:49,236 [bofa.py] => Task 9, Epoch 10/15 => Loss_Clip 2.597, Train_acc 94.36
2026-06-16 20:03:04,406 [bofa.py] => Task 9, Epoch 11/15 => Loss_Clip 2.575, Train_acc 95.08
2026-06-16 20:03:20,169 [bofa.py] => Task 9, Epoch 12/15 => Loss_Clip 2.573, Train_acc 95.46
2026-06-16 20:03:35,796 [bofa.py] => Task 9, Epoch 13/15 => Loss_Clip 2.561, Train_acc 95.76
2026-06-16 20:03:51,237 [bofa.py] => Task 9, Epoch 14/15 => Loss_Clip 2.562, Train_acc 96.16
2026-06-16 20:04:06,888 [bofa.py] => Task 9, Epoch 15/15 => Loss_Clip 2.550, Train_acc 96.52
2026-06-16 20:04:22,256 [bofa.py] => Task 9, Epoch 16/15 => Loss_Clip 3.778, Train_acc 76.90
2026-06-16 20:04:37,608 [bofa.py] => Task 9, Epoch 17/15 => Loss_Clip 3.780, Train_acc 76.90
2026-06-16 20:05:32,716 [trainer.py] => CNN: {'total': 79.17, '00-09': 74.6, '10-19': 78.1, '20-29': 85.2, '30-39': 77.6, '40-49': 79.8, '50-59': 74.4, '60-69': 80.0, '70-79': 83.4, '80-89': 83.8, '90-99': 74.8, 'old': 79.66, 'new': 74.8, 'harmonic': 77.15}
2026-06-16 20:05:32,716 [trainer.py] => CNN top1 curve: [93.9, 88.3, 86.53, 84.5, 83.6, 82.72, 81.7, 81.15, 80.69, 79.17]
2026-06-16 20:05:32,716 [trainer.py] => CNN top5 curve: [99.7, 98.1, 97.3, 95.35, 94.58, 94.68, 93.96, 93.48, 93.7, 93.28]
2026-06-16 20:05:32,716 [trainer.py] => Average Accuracy (CNN top1): 84.22600000000001
