2026-06-17 06:16:31,750 [trainer.py] => config: ./configs/bofa/bofa_inr_B100_Inc20.json
2026-06-17 06:16:31,750 [trainer.py] => prefix: -
2026-06-17 06:16:31,751 [trainer.py] => dataset: imagenetr
2026-06-17 06:16:31,751 [trainer.py] => memory_size: 0
2026-06-17 06:16:31,751 [trainer.py] => memory_per_class: 0
2026-06-17 06:16:31,751 [trainer.py] => fixed_memory: False
2026-06-17 06:16:31,751 [trainer.py] => shuffle: True
2026-06-17 06:16:31,751 [trainer.py] => init_cls: 100
2026-06-17 06:16:31,751 [trainer.py] => increment: 20
2026-06-17 06:16:31,751 [trainer.py] => model_name: bofa
2026-06-17 06:16:31,751 [trainer.py] => backbone_type: clip
2026-06-17 06:16:31,751 [trainer.py] => device: [device(type='cuda', index=5)]
2026-06-17 06:16:31,751 [trainer.py] => seed: 42
2026-06-17 06:16:31,751 [trainer.py] => projection_type: pure_mlp
2026-06-17 06:16:31,751 [trainer.py] => frozen_layers: visual
2026-06-17 06:16:31,751 [trainer.py] => tuned_epoch: 15
2026-06-17 06:16:31,751 [trainer.py] => init_lr: 0.05
2026-06-17 06:16:31,751 [trainer.py] => batch_size: 128
2026-06-17 06:16:31,751 [trainer.py] => weight_decay: 0.05
2026-06-17 06:16:31,751 [trainer.py] => min_lr: 0
2026-06-17 06:16:31,751 [trainer.py] => optimizer: sgd
2026-06-17 06:16:31,751 [trainer.py] => text_des: 2
2026-06-17 06:16:31,751 [trainer.py] => image_aug: 2
2026-06-17 06:16:31,751 [trainer.py] => stat: 0
2026-06-17 06:16:31,751 [trainer.py] => Kt: 64
2026-06-17 06:16:31,751 [trainer.py] => use_up_cov: True
2026-06-17 06:16:31,751 [trainer.py] => total_class_num: 200
2026-06-17 06:16:31,866 [data_manager.py] => [95, 15, 30, 158, 128, 115, 69, 170, 174, 45, 66, 182, 165, 78, 186, 177, 56, 152, 82, 68, 124, 16, 148, 93, 65, 60, 84, 67, 125, 132, 9, 18, 55, 75, 150, 104, 135, 137, 164, 76, 79, 197, 38, 24, 122, 195, 29, 19, 143, 86, 114, 173, 5, 126, 117, 73, 140, 98, 172, 96, 169, 97, 31, 12, 35, 119, 42, 189, 90, 136, 51, 127, 162, 41, 118, 113, 26, 139, 100, 111, 2, 77, 46, 187, 191, 85, 161, 36, 190, 61, 22, 141, 101, 33, 11, 194, 159, 6, 27, 120, 4, 32, 142, 145, 109, 144, 10, 62, 112, 146, 166, 0, 198, 153, 70, 123, 64, 44, 163, 28, 40, 108, 155, 156, 25, 23, 184, 147, 81, 39, 168, 47, 94, 154, 43, 138, 3, 105, 53, 133, 180, 178, 185, 49, 80, 34, 7, 110, 91, 83, 176, 181, 89, 8, 13, 59, 171, 131, 17, 72, 175, 134, 167, 183, 63, 54, 107, 50, 196, 58, 48, 88, 21, 57, 160, 192, 129, 37, 157, 193, 1, 52, 149, 130, 151, 103, 99, 116, 87, 74, 121, 199, 20, 188, 71, 106, 14, 92, 179, 102]
2026-06-17 06:16:31,963 [factory.py] => Loaded ViT-B-16 model config.
2026-06-17 06:16:33,636 [factory.py] => Loading pretrained ViT-B-16 weights (/home/team/zhaohongwei/pretrained_models/open_clip_pytorch_model_laion400m_e32.bin).
2026-06-17 06:16:34,641 [bofa.py] => Learning on 0-100
2026-06-17 06:17:58,988 [bofa.py] => Eval Test Loader: Zero_Shot_Lam: 83.74
2026-06-17 06:18:37,258 [bofa.py] => Task 0, Epoch 1/15 => Loss_Clip 3.077, Train_acc 80.97
2026-06-17 06:19:15,569 [bofa.py] => Task 0, Epoch 2/15 => Loss_Clip 2.977, Train_acc 80.74
2026-06-17 06:19:53,630 [bofa.py] => Task 0, Epoch 3/15 => Loss_Clip 2.979, Train_acc 80.08
2026-06-17 06:20:31,847 [bofa.py] => Task 0, Epoch 4/15 => Loss_Clip 2.972, Train_acc 81.00
2026-06-17 06:21:09,687 [bofa.py] => Task 0, Epoch 5/15 => Loss_Clip 2.962, Train_acc 81.14
2026-06-17 06:21:47,207 [bofa.py] => Task 0, Epoch 6/15 => Loss_Clip 2.954, Train_acc 81.48
2026-06-17 06:22:24,471 [bofa.py] => Task 0, Epoch 7/15 => Loss_Clip 2.944, Train_acc 81.51
2026-06-17 06:23:02,451 [bofa.py] => Task 0, Epoch 8/15 => Loss_Clip 2.933, Train_acc 82.73
2026-06-17 06:23:40,126 [bofa.py] => Task 0, Epoch 9/15 => Loss_Clip 2.917, Train_acc 83.13
2026-06-17 06:24:18,203 [bofa.py] => Task 0, Epoch 10/15 => Loss_Clip 2.896, Train_acc 83.94
2026-06-17 06:24:55,888 [bofa.py] => Task 0, Epoch 11/15 => Loss_Clip 2.878, Train_acc 85.03
2026-06-17 06:25:33,716 [bofa.py] => Task 0, Epoch 12/15 => Loss_Clip 2.855, Train_acc 85.89
2026-06-17 06:26:12,623 [bofa.py] => Task 0, Epoch 13/15 => Loss_Clip 2.829, Train_acc 87.04
2026-06-17 06:26:51,118 [bofa.py] => Task 0, Epoch 14/15 => Loss_Clip 2.798, Train_acc 88.67
2026-06-17 06:27:29,107 [bofa.py] => Task 0, Epoch 15/15 => Loss_Clip 2.774, Train_acc 89.83
2026-06-17 06:28:07,913 [bofa.py] => Task 0, Epoch 16/15 => Loss_Clip 2.766, Train_acc 90.39
2026-06-17 06:28:46,684 [bofa.py] => Task 0, Epoch 17/15 => Loss_Clip 2.770, Train_acc 90.03
2026-06-17 06:29:06,371 [trainer.py] => CNN: {'total': 83.33, '00-09': 79.17, '10-19': 88.76, '20-29': 73.83, '30-39': 81.64, '40-49': 81.56, '50-59': 82.8, '60-69': 85.08, '70-79': 87.58, '80-89': 89.46, '90-99': 81.9, 'old': 0, 'new': 83.33, 'harmonic': 0.0}
2026-06-17 06:29:06,371 [trainer.py] => CNN top1 curve: [83.33]
2026-06-17 06:29:06,371 [trainer.py] => CNN top5 curve: [95.73]
2026-06-17 06:29:06,371 [trainer.py] => Average Accuracy (CNN top1): 83.33
2026-06-17 06:29:06,371 [bofa.py] => Learning on 100-120
2026-06-17 06:29:26,051 [bofa.py] => Eval Test Loader: Zero_Shot_Lam: 82.86
2026-06-17 06:29:34,280 [bofa.py] => Task 1, Epoch 1/15 => Loss_Clip 2.956, Train_acc 83.27
2026-06-17 06:29:42,773 [bofa.py] => Task 1, Epoch 2/15 => Loss_Clip 2.625, Train_acc 96.41
2026-06-17 06:29:51,227 [bofa.py] => Task 1, Epoch 3/15 => Loss_Clip 2.572, Train_acc 97.72
2026-06-17 06:29:59,475 [bofa.py] => Task 1, Epoch 4/15 => Loss_Clip 2.571, Train_acc 98.16
2026-06-17 06:30:07,365 [bofa.py] => Task 1, Epoch 5/15 => Loss_Clip 2.585, Train_acc 98.20
2026-06-17 06:30:15,302 [bofa.py] => Task 1, Epoch 6/15 => Loss_Clip 2.568, Train_acc 98.47
2026-06-17 06:30:23,179 [bofa.py] => Task 1, Epoch 7/15 => Loss_Clip 2.551, Train_acc 98.82
2026-06-17 06:30:31,041 [bofa.py] => Task 1, Epoch 8/15 => Loss_Clip 2.546, Train_acc 98.51
2026-06-17 06:30:38,871 [bofa.py] => Task 1, Epoch 9/15 => Loss_Clip 2.538, Train_acc 98.86
2026-06-17 06:30:46,813 [bofa.py] => Task 1, Epoch 10/15 => Loss_Clip 2.518, Train_acc 99.30
2026-06-17 06:30:54,631 [bofa.py] => Task 1, Epoch 11/15 => Loss_Clip 2.500, Train_acc 99.30
2026-06-17 06:31:02,529 [bofa.py] => Task 1, Epoch 12/15 => Loss_Clip 2.486, Train_acc 99.61
2026-06-17 06:31:10,307 [bofa.py] => Task 1, Epoch 13/15 => Loss_Clip 2.473, Train_acc 99.61
2026-06-17 06:31:18,165 [bofa.py] => Task 1, Epoch 14/15 => Loss_Clip 2.462, Train_acc 99.65
2026-06-17 06:31:26,470 [bofa.py] => Task 1, Epoch 15/15 => Loss_Clip 2.455, Train_acc 99.65
2026-06-17 06:31:34,473 [bofa.py] => Task 1, Epoch 16/15 => Loss_Clip 3.848, Train_acc 86.82
2026-06-17 06:31:42,271 [bofa.py] => Task 1, Epoch 17/15 => Loss_Clip 3.848, Train_acc 86.82
2026-06-17 06:32:04,557 [trainer.py] => CNN: {'total': 84.34, '00-09': 80.21, '10-19': 87.08, '20-29': 76.95, '30-39': 86.44, '40-49': 82.5, '50-59': 83.44, '60-69': 87.3, '70-79': 89.22, '80-89': 88.78, '90-99': 83.99, '100-109': 80.44, '110-119': 82.85, 'old': 84.76, 'new': 81.84, 'harmonic': 83.27}
2026-06-17 06:32:04,557 [trainer.py] => CNN top1 curve: [83.33, 84.34]
2026-06-17 06:32:04,557 [trainer.py] => CNN top5 curve: [95.73, 96.31]
2026-06-17 06:32:04,557 [trainer.py] => Average Accuracy (CNN top1): 83.83500000000001
2026-06-17 06:32:04,557 [bofa.py] => Learning on 120-140
2026-06-17 06:32:24,881 [bofa.py] => Eval Test Loader: Zero_Shot_Lam: 81.43
2026-06-17 06:32:32,285 [bofa.py] => Task 2, Epoch 1/15 => Loss_Clip 3.544, Train_acc 51.78
2026-06-17 06:32:39,419 [bofa.py] => Task 2, Epoch 2/15 => Loss_Clip 2.990, Train_acc 86.41
2026-06-17 06:32:46,637 [bofa.py] => Task 2, Epoch 3/15 => Loss_Clip 2.825, Train_acc 93.15
2026-06-17 06:32:54,234 [bofa.py] => Task 2, Epoch 4/15 => Loss_Clip 2.750, Train_acc 96.09
2026-06-17 06:33:01,010 [bofa.py] => Task 2, Epoch 5/15 => Loss_Clip 2.730, Train_acc 97.58
2026-06-17 06:33:08,009 [bofa.py] => Task 2, Epoch 6/15 => Loss_Clip 2.735, Train_acc 97.79
2026-06-17 06:33:14,688 [bofa.py] => Task 2, Epoch 7/15 => Loss_Clip 2.708, Train_acc 98.25
2026-06-17 06:33:21,871 [bofa.py] => Task 2, Epoch 8/15 => Loss_Clip 2.696, Train_acc 98.71
2026-06-17 06:33:29,583 [bofa.py] => Task 2, Epoch 9/15 => Loss_Clip 2.676, Train_acc 99.02
2026-06-17 06:33:36,525 [bofa.py] => Task 2, Epoch 10/15 => Loss_Clip 2.677, Train_acc 99.18
2026-06-17 06:33:44,048 [bofa.py] => Task 2, Epoch 11/15 => Loss_Clip 2.656, Train_acc 99.54
2026-06-17 06:33:50,947 [bofa.py] => Task 2, Epoch 12/15 => Loss_Clip 2.632, Train_acc 99.64
2026-06-17 06:33:57,842 [bofa.py] => Task 2, Epoch 13/15 => Loss_Clip 2.615, Train_acc 99.74
2026-06-17 06:34:05,156 [bofa.py] => Task 2, Epoch 14/15 => Loss_Clip 2.606, Train_acc 99.79
2026-06-17 06:34:12,159 [bofa.py] => Task 2, Epoch 15/15 => Loss_Clip 2.599, Train_acc 99.79
2026-06-17 06:34:19,249 [bofa.py] => Task 2, Epoch 16/15 => Loss_Clip 4.007, Train_acc 81.73
2026-06-17 06:34:26,505 [bofa.py] => Task 2, Epoch 17/15 => Loss_Clip 4.011, Train_acc 81.73
2026-06-17 06:34:51,850 [trainer.py] => CNN: {'total': 82.62, '00-09': 78.12, '10-19': 86.52, '20-29': 77.34, '30-39': 85.31, '40-49': 79.06, '50-59': 81.53, '60-69': 85.4, '70-79': 86.6, '80-89': 87.07, '90-99': 82.6, '100-109': 82.22, '110-119': 83.82, '120-129': 81.86, '130-139': 76.53, 'old': 83.12, 'new': 78.99, 'harmonic': 81.0}
2026-06-17 06:34:51,851 [trainer.py] => CNN top1 curve: [83.33, 84.34, 82.62]
2026-06-17 06:34:51,851 [trainer.py] => CNN top5 curve: [95.73, 96.31, 95.89]
2026-06-17 06:34:51,851 [trainer.py] => Average Accuracy (CNN top1): 83.43
2026-06-17 06:34:51,851 [bofa.py] => Learning on 140-160
2026-06-17 06:35:15,583 [bofa.py] => Eval Test Loader: Zero_Shot_Lam: 80.77
2026-06-17 06:35:23,853 [bofa.py] => Task 3, Epoch 1/15 => Loss_Clip 3.322, Train_acc 73.58
2026-06-17 06:35:32,513 [bofa.py] => Task 3, Epoch 2/15 => Loss_Clip 2.917, Train_acc 92.15
2026-06-17 06:35:40,663 [bofa.py] => Task 3, Epoch 3/15 => Loss_Clip 2.847, Train_acc 96.48
2026-06-17 06:35:48,840 [bofa.py] => Task 3, Epoch 4/15 => Loss_Clip 2.836, Train_acc 96.81
2026-06-17 06:35:57,083 [bofa.py] => Task 3, Epoch 5/15 => Loss_Clip 2.847, Train_acc 97.34
2026-06-17 06:36:05,324 [bofa.py] => Task 3, Epoch 6/15 => Loss_Clip 2.847, Train_acc 97.10
2026-06-17 06:36:14,073 [bofa.py] => Task 3, Epoch 7/15 => Loss_Clip 2.823, Train_acc 97.51
2026-06-17 06:36:22,378 [bofa.py] => Task 3, Epoch 8/15 => Loss_Clip 2.823, Train_acc 97.75
2026-06-17 06:36:30,851 [bofa.py] => Task 3, Epoch 9/15 => Loss_Clip 2.808, Train_acc 97.59
2026-06-17 06:36:39,244 [bofa.py] => Task 3, Epoch 10/15 => Loss_Clip 2.810, Train_acc 97.87
2026-06-17 06:36:47,808 [bofa.py] => Task 3, Epoch 11/15 => Loss_Clip 2.783, Train_acc 98.24
2026-06-17 06:36:56,548 [bofa.py] => Task 3, Epoch 12/15 => Loss_Clip 2.770, Train_acc 98.49
2026-06-17 06:37:04,933 [bofa.py] => Task 3, Epoch 13/15 => Loss_Clip 2.756, Train_acc 98.61
2026-06-17 06:37:13,023 [bofa.py] => Task 3, Epoch 14/15 => Loss_Clip 2.744, Train_acc 98.90
2026-06-17 06:37:21,864 [bofa.py] => Task 3, Epoch 15/15 => Loss_Clip 2.735, Train_acc 98.85
2026-06-17 06:37:30,259 [bofa.py] => Task 3, Epoch 16/15 => Loss_Clip 4.108, Train_acc 85.97
2026-06-17 06:37:38,601 [bofa.py] => Task 3, Epoch 17/15 => Loss_Clip 4.102, Train_acc 85.97
2026-06-17 06:38:07,999 [trainer.py] => CNN: {'total': 81.98, '00-09': 77.78, '10-19': 85.11, '20-29': 76.56, '30-39': 85.31, '40-49': 78.44, '50-59': 81.53, '60-69': 84.76, '70-79': 84.31, '80-89': 85.71, '90-99': 82.13, '100-109': 82.67, '110-119': 83.5, '120-129': 80.59, '130-139': 76.9, '140-149': 79.42, '150-159': 84.11, 'old': 81.99, 'new': 81.87, 'harmonic': 81.93}
2026-06-17 06:38:07,999 [trainer.py] => CNN top1 curve: [83.33, 84.34, 82.62, 81.98]
2026-06-17 06:38:07,999 [trainer.py] => CNN top5 curve: [95.73, 96.31, 95.89, 95.54]
2026-06-17 06:38:07,999 [trainer.py] => Average Accuracy (CNN top1): 83.06750000000001
2026-06-17 06:38:07,999 [bofa.py] => Learning on 160-180
2026-06-17 06:38:32,884 [bofa.py] => Eval Test Loader: Zero_Shot_Lam: 80.31
2026-06-17 06:38:41,443 [bofa.py] => Task 4, Epoch 1/15 => Loss_Clip 3.337, Train_acc 77.50
2026-06-17 06:38:49,898 [bofa.py] => Task 4, Epoch 2/15 => Loss_Clip 3.014, Train_acc 92.30
2026-06-17 06:38:58,336 [bofa.py] => Task 4, Epoch 3/15 => Loss_Clip 2.957, Train_acc 94.83
2026-06-17 06:39:07,353 [bofa.py] => Task 4, Epoch 4/15 => Loss_Clip 2.949, Train_acc 96.39
2026-06-17 06:39:16,326 [bofa.py] => Task 4, Epoch 5/15 => Loss_Clip 2.970, Train_acc 95.99
2026-06-17 06:39:24,790 [bofa.py] => Task 4, Epoch 6/15 => Loss_Clip 2.961, Train_acc 96.43
2026-06-17 06:39:33,932 [bofa.py] => Task 4, Epoch 7/15 => Loss_Clip 2.935, Train_acc 96.79
2026-06-17 06:39:42,715 [bofa.py] => Task 4, Epoch 8/15 => Loss_Clip 2.927, Train_acc 97.23
2026-06-17 06:39:51,050 [bofa.py] => Task 4, Epoch 9/15 => Loss_Clip 2.917, Train_acc 97.51
2026-06-17 06:39:59,554 [bofa.py] => Task 4, Epoch 10/15 => Loss_Clip 2.901, Train_acc 97.91
2026-06-17 06:40:07,677 [bofa.py] => Task 4, Epoch 11/15 => Loss_Clip 2.888, Train_acc 97.87
2026-06-17 06:40:15,952 [bofa.py] => Task 4, Epoch 12/15 => Loss_Clip 2.872, Train_acc 98.36
2026-06-17 06:40:24,942 [bofa.py] => Task 4, Epoch 13/15 => Loss_Clip 2.861, Train_acc 98.52
2026-06-17 06:40:33,450 [bofa.py] => Task 4, Epoch 14/15 => Loss_Clip 2.852, Train_acc 98.56
2026-06-17 06:40:42,577 [bofa.py] => Task 4, Epoch 15/15 => Loss_Clip 2.843, Train_acc 98.88
2026-06-17 06:40:51,071 [bofa.py] => Task 4, Epoch 16/15 => Loss_Clip 4.219, Train_acc 84.48
2026-06-17 06:40:59,394 [bofa.py] => Task 4, Epoch 17/15 => Loss_Clip 4.218, Train_acc 84.48
2026-06-17 06:41:30,948 [trainer.py] => CNN: {'total': 81.5, '00-09': 77.78, '10-19': 84.55, '20-29': 75.78, '30-39': 83.9, '40-49': 77.81, '50-59': 80.89, '60-69': 84.76, '70-79': 83.99, '80-89': 83.33, '90-99': 80.97, '100-109': 82.22, '110-119': 84.14, '120-129': 80.59, '130-139': 76.53, '140-149': 78.7, '150-159': 83.44, '160-169': 82.21, '170-179': 82.97, 'old': 81.36, 'new': 82.6, 'harmonic': 81.98}
2026-06-17 06:41:30,949 [trainer.py] => CNN top1 curve: [83.33, 84.34, 82.62, 81.98, 81.5]
2026-06-17 06:41:30,949 [trainer.py] => CNN top5 curve: [95.73, 96.31, 95.89, 95.54, 95.03]
2026-06-17 06:41:30,949 [trainer.py] => Average Accuracy (CNN top1): 82.754
2026-06-17 06:41:30,949 [bofa.py] => Learning on 180-200
2026-06-17 06:41:55,846 [bofa.py] => Eval Test Loader: Zero_Shot_Lam: 79.47
2026-06-17 06:42:03,446 [bofa.py] => Task 5, Epoch 1/15 => Loss_Clip 3.723, Train_acc 71.17
2026-06-17 06:42:10,818 [bofa.py] => Task 5, Epoch 2/15 => Loss_Clip 3.222, Train_acc 91.66
2026-06-17 06:42:17,981 [bofa.py] => Task 5, Epoch 3/15 => Loss_Clip 3.109, Train_acc 95.39
2026-06-17 06:42:25,468 [bofa.py] => Task 5, Epoch 4/15 => Loss_Clip 3.064, Train_acc 97.11
2026-06-17 06:42:33,193 [bofa.py] => Task 5, Epoch 5/15 => Loss_Clip 3.064, Train_acc 97.81
2026-06-17 06:42:40,804 [bofa.py] => Task 5, Epoch 6/15 => Loss_Clip 3.062, Train_acc 97.90
2026-06-17 06:42:48,424 [bofa.py] => Task 5, Epoch 7/15 => Loss_Clip 3.056, Train_acc 98.23
2026-06-17 06:42:55,880 [bofa.py] => Task 5, Epoch 8/15 => Loss_Clip 3.033, Train_acc 98.28
2026-06-17 06:43:03,114 [bofa.py] => Task 5, Epoch 9/15 => Loss_Clip 3.022, Train_acc 98.65
2026-06-17 06:43:10,184 [bofa.py] => Task 5, Epoch 10/15 => Loss_Clip 3.006, Train_acc 99.07
2026-06-17 06:43:17,707 [bofa.py] => Task 5, Epoch 11/15 => Loss_Clip 2.995, Train_acc 99.07
2026-06-17 06:43:25,334 [bofa.py] => Task 5, Epoch 12/15 => Loss_Clip 2.977, Train_acc 99.21
2026-06-17 06:43:32,546 [bofa.py] => Task 5, Epoch 13/15 => Loss_Clip 2.962, Train_acc 99.35
2026-06-17 06:43:40,188 [bofa.py] => Task 5, Epoch 14/15 => Loss_Clip 2.952, Train_acc 99.44
2026-06-17 06:43:48,080 [bofa.py] => Task 5, Epoch 15/15 => Loss_Clip 2.946, Train_acc 99.35
2026-06-17 06:43:55,756 [bofa.py] => Task 5, Epoch 16/15 => Loss_Clip 4.366, Train_acc 80.16
2026-06-17 06:44:03,382 [bofa.py] => Task 5, Epoch 17/15 => Loss_Clip 4.366, Train_acc 80.16
2026-06-17 06:44:37,481 [trainer.py] => CNN: {'total': 80.55, '00-09': 78.12, '10-19': 83.71, '20-29': 75.39, '30-39': 82.77, '40-49': 75.94, '50-59': 80.25, '60-69': 84.44, '70-79': 83.01, '80-89': 79.93, '90-99': 80.74, '100-109': 82.22, '110-119': 83.82, '120-129': 80.17, '130-139': 75.45, '140-149': 78.34, '150-159': 83.77, '160-169': 82.55, '170-179': 82.65, '180-189': 75.0, '190-199': 79.17, 'old': 80.86, 'new': 77.29, 'harmonic': 79.03}
2026-06-17 06:44:37,481 [trainer.py] => CNN top1 curve: [83.33, 84.34, 82.62, 81.98, 81.5, 80.55]
2026-06-17 06:44:37,481 [trainer.py] => CNN top5 curve: [95.73, 96.31, 95.89, 95.54, 95.03, 94.43]
2026-06-17 06:44:37,481 [trainer.py] => Average Accuracy (CNN top1): 82.38666666666667
