2026-06-18 17:13:48,834 [trainer.py] => config: ./configs/bofa/bofa_objectnet_B100_Inc20.json
2026-06-18 17:13:48,834 [trainer.py] => prefix: -
2026-06-18 17:13:48,834 [trainer.py] => dataset: objectnet
2026-06-18 17:13:48,834 [trainer.py] => memory_size: 0
2026-06-18 17:13:48,834 [trainer.py] => memory_per_class: 0
2026-06-18 17:13:48,834 [trainer.py] => fixed_memory: False
2026-06-18 17:13:48,834 [trainer.py] => shuffle: True
2026-06-18 17:13:48,834 [trainer.py] => init_cls: 100
2026-06-18 17:13:48,834 [trainer.py] => increment: 20
2026-06-18 17:13:48,834 [trainer.py] => model_name: bofa
2026-06-18 17:13:48,834 [trainer.py] => backbone_type: clip
2026-06-18 17:13:48,834 [trainer.py] => device: [device(type='cuda', index=5)]
2026-06-18 17:13:48,834 [trainer.py] => seed: 0
2026-06-18 17:13:48,834 [trainer.py] => projection_type: pure_mlp
2026-06-18 17:13:48,834 [trainer.py] => frozen_layers: visual
2026-06-18 17:13:48,834 [trainer.py] => tuned_epoch: 15
2026-06-18 17:13:48,835 [trainer.py] => init_lr: 0.05
2026-06-18 17:13:48,835 [trainer.py] => batch_size: 128
2026-06-18 17:13:48,835 [trainer.py] => weight_decay: 0.05
2026-06-18 17:13:48,835 [trainer.py] => min_lr: 0
2026-06-18 17:13:48,835 [trainer.py] => optimizer: sgd
2026-06-18 17:13:48,835 [trainer.py] => text_des: 2
2026-06-18 17:13:48,835 [trainer.py] => image_aug: 2
2026-06-18 17:13:48,835 [trainer.py] => stat: 0.8
2026-06-18 17:13:48,835 [trainer.py] => Kt: 64
2026-06-18 17:13:48,835 [trainer.py] => use_up_cov: True
2026-06-18 17:13:48,835 [trainer.py] => total_class_num: 200
2026-06-18 17:13:49,082 [data_manager.py] => [18, 170, 107, 98, 177, 182, 5, 146, 12, 152, 61, 125, 180, 154, 80, 7, 33, 130, 37, 74, 183, 145, 45, 159, 60, 123, 179, 185, 122, 44, 16, 55, 150, 111, 22, 189, 129, 4, 83, 106, 134, 66, 26, 113, 168, 63, 8, 75, 118, 143, 71, 124, 184, 97, 149, 24, 30, 160, 40, 56, 131, 96, 181, 19, 153, 92, 54, 163, 51, 86, 139, 90, 137, 101, 144, 89, 109, 14, 27, 141, 187, 46, 138, 195, 108, 62, 2, 59, 136, 197, 43, 10, 194, 73, 196, 178, 175, 126, 93, 112, 158, 191, 50, 0, 94, 110, 95, 64, 167, 41, 69, 49, 48, 85, 13, 161, 23, 186, 135, 20, 15, 78, 104, 52, 100, 76, 3, 116, 164, 198, 6, 68, 84, 121, 155, 171, 156, 91, 199, 11, 119, 102, 35, 57, 65, 1, 120, 162, 42, 105, 132, 173, 17, 38, 133, 53, 157, 128, 34, 28, 114, 151, 31, 166, 127, 176, 32, 142, 169, 147, 29, 99, 82, 79, 115, 148, 193, 72, 77, 25, 165, 81, 188, 174, 190, 39, 58, 140, 88, 70, 87, 36, 21, 9, 103, 67, 192, 117, 47, 172]
2026-06-18 17:13:50,907 [instantiator.py] => Created a temporary directory at /tmp/tmp7zsxy966
2026-06-18 17:13:50,907 [instantiator.py] => Writing /tmp/tmp7zsxy966/_remote_module_non_scriptable.py
2026-06-18 17:13:51,129 [factory.py] => Loaded ViT-B-16 model config.
2026-06-18 17:13:53,820 [factory.py] => Loading pretrained ViT-B-16 weights (/home/team/zhaohongwei/pretrained_models/open_clip_pytorch_model_laion400m_e32.bin).
2026-06-18 17:13:55,812 [bofa.py] => Learning on 0-100
2026-06-18 17:25:52,666 [bofa.py] => Eval Test Loader: Zero_Shot_Lam: 47.56
2026-06-18 17:31:09,567 [bofa.py] => Task 0, Epoch 1/15 => Loss_Clip 3.714, Train_acc 40.50
2026-06-18 17:36:19,177 [bofa.py] => Task 0, Epoch 2/15 => Loss_Clip 3.604, Train_acc 43.08
2026-06-18 17:41:37,704 [bofa.py] => Task 0, Epoch 3/15 => Loss_Clip 3.608, Train_acc 42.50
2026-06-18 17:46:19,847 [bofa.py] => Task 0, Epoch 4/15 => Loss_Clip 3.594, Train_acc 43.66
2026-06-18 17:51:24,871 [bofa.py] => Task 0, Epoch 5/15 => Loss_Clip 3.583, Train_acc 44.36
2026-06-18 17:56:03,926 [bofa.py] => Task 0, Epoch 6/15 => Loss_Clip 3.573, Train_acc 44.27
2026-06-18 18:01:06,757 [bofa.py] => Task 0, Epoch 7/15 => Loss_Clip 3.557, Train_acc 45.65
2026-06-18 18:06:10,606 [bofa.py] => Task 0, Epoch 8/15 => Loss_Clip 3.534, Train_acc 46.78
2026-06-18 18:11:45,551 [bofa.py] => Task 0, Epoch 9/15 => Loss_Clip 3.512, Train_acc 48.10
2026-06-18 18:16:50,160 [bofa.py] => Task 0, Epoch 10/15 => Loss_Clip 3.482, Train_acc 48.91
2026-06-18 18:21:40,848 [bofa.py] => Task 0, Epoch 11/15 => Loss_Clip 3.451, Train_acc 51.30
2026-06-18 18:27:15,625 [bofa.py] => Task 0, Epoch 12/15 => Loss_Clip 3.410, Train_acc 53.38
2026-06-18 18:32:33,282 [bofa.py] => Task 0, Epoch 13/15 => Loss_Clip 3.367, Train_acc 55.18
2026-06-18 18:37:16,371 [bofa.py] => Task 0, Epoch 14/15 => Loss_Clip 3.306, Train_acc 59.06
2026-06-18 18:42:25,276 [bofa.py] => Task 0, Epoch 15/15 => Loss_Clip 3.259, Train_acc 61.77
2026-06-18 18:47:29,126 [bofa.py] => Task 0, Epoch 16/15 => Loss_Clip 3.239, Train_acc 62.58
2026-06-18 18:52:22,265 [bofa.py] => Task 0, Epoch 17/15 => Loss_Clip 3.251, Train_acc 62.29
2026-06-18 18:53:43,773 [trainer.py] => CNN: {'total': 55.85, '00-09': 54.6, '10-19': 62.59, '20-29': 55.97, '30-39': 57.76, '40-49': 49.66, '50-59': 47.83, '60-69': 55.41, '70-79': 62.37, '80-89': 55.39, '90-99': 57.18, 'old': 0, 'new': 55.85, 'harmonic': 0.0}
2026-06-18 18:53:43,774 [trainer.py] => CNN top1 curve: [55.85]
2026-06-18 18:53:43,774 [trainer.py] => CNN top5 curve: [78.13]
2026-06-18 18:53:43,774 [trainer.py] => Average Accuracy (CNN top1): 55.85
2026-06-18 18:53:43,774 [bofa.py] => Learning on 100-120
2026-06-18 18:56:23,872 [bofa.py] => Eval Test Loader: Zero_Shot_Lam: 46.09
2026-06-18 18:57:39,551 [bofa.py] => Task 1, Epoch 1/15 => Loss_Clip 3.679, Train_acc 44.76
2026-06-18 18:58:51,205 [bofa.py] => Task 1, Epoch 2/15 => Loss_Clip 3.058, Train_acc 76.24
2026-06-18 19:00:05,789 [bofa.py] => Task 1, Epoch 3/15 => Loss_Clip 2.897, Train_acc 83.30
2026-06-18 19:01:21,681 [bofa.py] => Task 1, Epoch 4/15 => Loss_Clip 2.886, Train_acc 84.57
2026-06-18 19:02:38,139 [bofa.py] => Task 1, Epoch 5/15 => Loss_Clip 2.909, Train_acc 84.93
2026-06-18 19:03:57,111 [bofa.py] => Task 1, Epoch 6/15 => Loss_Clip 2.852, Train_acc 85.41
2026-06-18 19:05:04,062 [bofa.py] => Task 1, Epoch 7/15 => Loss_Clip 2.821, Train_acc 87.95
2026-06-18 19:06:20,206 [bofa.py] => Task 1, Epoch 8/15 => Loss_Clip 2.799, Train_acc 87.30
2026-06-18 19:07:31,352 [bofa.py] => Task 1, Epoch 9/15 => Loss_Clip 2.793, Train_acc 88.21
2026-06-18 19:08:48,336 [bofa.py] => Task 1, Epoch 10/15 => Loss_Clip 2.746, Train_acc 90.72
2026-06-18 19:10:09,737 [bofa.py] => Task 1, Epoch 11/15 => Loss_Clip 2.721, Train_acc 91.23
2026-06-18 19:11:27,814 [bofa.py] => Task 1, Epoch 12/15 => Loss_Clip 2.686, Train_acc 92.76
2026-06-18 19:12:42,862 [bofa.py] => Task 1, Epoch 13/15 => Loss_Clip 2.662, Train_acc 93.01
2026-06-18 19:14:00,493 [bofa.py] => Task 1, Epoch 14/15 => Loss_Clip 2.618, Train_acc 95.12
2026-06-18 19:15:17,208 [bofa.py] => Task 1, Epoch 15/15 => Loss_Clip 2.601, Train_acc 94.87
2026-06-18 19:16:22,895 [bofa.py] => Task 1, Epoch 16/15 => Loss_Clip 4.396, Train_acc 34.06
2026-06-18 19:17:29,917 [bofa.py] => Task 1, Epoch 17/15 => Loss_Clip 4.398, Train_acc 34.06
2026-06-18 19:19:11,948 [trainer.py] => CNN: {'total': 54.52, '00-09': 52.82, '10-19': 60.14, '20-29': 54.11, '30-39': 56.83, '40-49': 49.66, '50-59': 47.49, '60-69': 52.16, '70-79': 61.02, '80-89': 54.49, '90-99': 55.43, '100-109': 58.97, '110-119': 51.69, 'old': 54.35, 'new': 55.3, 'harmonic': 54.82}
2026-06-18 19:19:11,949 [trainer.py] => CNN top1 curve: [55.85, 54.52]
2026-06-18 19:19:11,949 [trainer.py] => CNN top5 curve: [78.13, 76.3]
2026-06-18 19:19:11,949 [trainer.py] => Average Accuracy (CNN top1): 55.185
2026-06-18 19:19:11,949 [bofa.py] => Learning on 120-140
2026-06-18 19:22:30,297 [bofa.py] => Eval Test Loader: Zero_Shot_Lam: 43.74
2026-06-18 19:23:46,473 [bofa.py] => Task 2, Epoch 1/15 => Loss_Clip 4.189, Train_acc 21.95
2026-06-18 19:25:05,947 [bofa.py] => Task 2, Epoch 2/15 => Loss_Clip 3.637, Train_acc 56.30
2026-06-18 19:26:13,349 [bofa.py] => Task 2, Epoch 3/15 => Loss_Clip 3.258, Train_acc 71.40
2026-06-18 19:27:19,209 [bofa.py] => Task 2, Epoch 4/15 => Loss_Clip 3.105, Train_acc 77.70
2026-06-18 19:28:47,830 [bofa.py] => Task 2, Epoch 5/15 => Loss_Clip 3.110, Train_acc 79.15
2026-06-18 19:29:56,082 [bofa.py] => Task 2, Epoch 6/15 => Loss_Clip 3.061, Train_acc 81.57
2026-06-18 19:31:13,261 [bofa.py] => Task 2, Epoch 7/15 => Loss_Clip 3.032, Train_acc 82.75
2026-06-18 19:32:36,717 [bofa.py] => Task 2, Epoch 8/15 => Loss_Clip 3.030, Train_acc 82.59
2026-06-18 19:33:52,426 [bofa.py] => Task 2, Epoch 9/15 => Loss_Clip 2.982, Train_acc 85.09
2026-06-18 19:35:06,022 [bofa.py] => Task 2, Epoch 10/15 => Loss_Clip 2.943, Train_acc 86.66
2026-06-18 19:36:16,545 [bofa.py] => Task 2, Epoch 11/15 => Loss_Clip 2.895, Train_acc 88.81
2026-06-18 19:37:20,151 [bofa.py] => Task 2, Epoch 12/15 => Loss_Clip 2.875, Train_acc 89.55
2026-06-18 19:38:22,518 [bofa.py] => Task 2, Epoch 13/15 => Loss_Clip 2.841, Train_acc 91.20
2026-06-18 19:39:28,262 [bofa.py] => Task 2, Epoch 14/15 => Loss_Clip 2.794, Train_acc 93.04
2026-06-18 19:40:33,525 [bofa.py] => Task 2, Epoch 15/15 => Loss_Clip 2.773, Train_acc 93.54
2026-06-18 19:41:40,802 [bofa.py] => Task 2, Epoch 16/15 => Loss_Clip 4.570, Train_acc 27.93
2026-06-18 19:42:47,517 [bofa.py] => Task 2, Epoch 17/15 => Loss_Clip 4.570, Train_acc 27.93
2026-06-18 19:44:35,160 [trainer.py] => CNN: {'total': 51.52, '00-09': 51.34, '10-19': 57.69, '20-29': 52.52, '30-39': 54.97, '40-49': 46.26, '50-59': 46.15, '60-69': 47.84, '70-79': 57.97, '80-89': 50.9, '90-99': 54.25, '100-109': 57.55, '110-119': 49.44, '120-129': 48.62, '130-139': 46.22, 'old': 52.2, 'new': 47.41, 'harmonic': 49.69}
2026-06-18 19:44:35,161 [trainer.py] => CNN top1 curve: [55.85, 54.52, 51.52]
2026-06-18 19:44:35,161 [trainer.py] => CNN top5 curve: [78.13, 76.3, 74.56]
2026-06-18 19:44:35,161 [trainer.py] => Average Accuracy (CNN top1): 53.96333333333334
2026-06-18 19:44:35,161 [bofa.py] => Learning on 140-160
2026-06-18 19:47:48,403 [bofa.py] => Eval Test Loader: Zero_Shot_Lam: 43.27
2026-06-18 19:48:57,300 [bofa.py] => Task 3, Epoch 1/15 => Loss_Clip 4.225, Train_acc 25.58
2026-06-18 19:50:12,846 [bofa.py] => Task 3, Epoch 2/15 => Loss_Clip 3.578, Train_acc 65.74
2026-06-18 19:51:18,290 [bofa.py] => Task 3, Epoch 3/15 => Loss_Clip 3.363, Train_acc 75.98
2026-06-18 19:52:18,950 [bofa.py] => Task 3, Epoch 4/15 => Loss_Clip 3.300, Train_acc 79.67
2026-06-18 19:53:19,518 [bofa.py] => Task 3, Epoch 5/15 => Loss_Clip 3.266, Train_acc 82.53
2026-06-18 19:54:23,223 [bofa.py] => Task 3, Epoch 6/15 => Loss_Clip 3.260, Train_acc 81.62
2026-06-18 19:55:28,720 [bofa.py] => Task 3, Epoch 7/15 => Loss_Clip 3.223, Train_acc 84.59
2026-06-18 19:56:38,332 [bofa.py] => Task 3, Epoch 8/15 => Loss_Clip 3.215, Train_acc 85.09
2026-06-18 19:57:51,472 [bofa.py] => Task 3, Epoch 9/15 => Loss_Clip 3.199, Train_acc 85.71
2026-06-18 19:59:02,422 [bofa.py] => Task 3, Epoch 10/15 => Loss_Clip 3.151, Train_acc 87.92
2026-06-18 20:00:13,906 [bofa.py] => Task 3, Epoch 11/15 => Loss_Clip 3.127, Train_acc 89.07
2026-06-18 20:01:27,923 [bofa.py] => Task 3, Epoch 12/15 => Loss_Clip 3.096, Train_acc 90.70
2026-06-18 20:02:38,596 [bofa.py] => Task 3, Epoch 13/15 => Loss_Clip 3.050, Train_acc 92.40
2026-06-18 20:03:47,056 [bofa.py] => Task 3, Epoch 14/15 => Loss_Clip 3.013, Train_acc 93.42
2026-06-18 20:04:54,473 [bofa.py] => Task 3, Epoch 15/15 => Loss_Clip 2.991, Train_acc 93.99
2026-06-18 20:06:05,305 [bofa.py] => Task 3, Epoch 16/15 => Loss_Clip 4.714, Train_acc 25.43
2026-06-18 20:07:18,501 [bofa.py] => Task 3, Epoch 17/15 => Loss_Clip 4.714, Train_acc 25.43
2026-06-18 20:09:52,140 [trainer.py] => CNN: {'total': 50.92, '00-09': 51.34, '10-19': 56.64, '20-29': 51.99, '30-39': 53.73, '40-49': 44.56, '50-59': 43.81, '60-69': 47.57, '70-79': 55.93, '80-89': 50.3, '90-99': 52.49, '100-109': 56.98, '110-119': 49.16, '120-129': 47.69, '130-139': 43.81, '140-149': 49.4, '150-159': 58.12, 'old': 50.43, 'new': 54.06, 'harmonic': 52.18}
2026-06-18 20:09:52,140 [trainer.py] => CNN top1 curve: [55.85, 54.52, 51.52, 50.92]
2026-06-18 20:09:52,140 [trainer.py] => CNN top5 curve: [78.13, 76.3, 74.56, 73.35]
2026-06-18 20:09:52,140 [trainer.py] => Average Accuracy (CNN top1): 53.2025
2026-06-18 20:09:52,140 [bofa.py] => Learning on 160-180
2026-06-18 20:13:18,990 [bofa.py] => Eval Test Loader: Zero_Shot_Lam: 41.55
2026-06-18 20:14:36,775 [bofa.py] => Task 4, Epoch 1/15 => Loss_Clip 4.503, Train_acc 15.38
2026-06-18 20:15:47,132 [bofa.py] => Task 4, Epoch 2/15 => Loss_Clip 4.114, Train_acc 42.60
2026-06-18 20:16:58,008 [bofa.py] => Task 4, Epoch 3/15 => Loss_Clip 3.647, Train_acc 66.56
2026-06-18 20:18:14,994 [bofa.py] => Task 4, Epoch 4/15 => Loss_Clip 3.513, Train_acc 74.06
2026-06-18 20:19:38,343 [bofa.py] => Task 4, Epoch 5/15 => Loss_Clip 3.511, Train_acc 74.25
2026-06-18 20:20:55,084 [bofa.py] => Task 4, Epoch 6/15 => Loss_Clip 3.438, Train_acc 76.75
2026-06-18 20:22:07,958 [bofa.py] => Task 4, Epoch 7/15 => Loss_Clip 3.435, Train_acc 77.19
2026-06-18 20:23:24,514 [bofa.py] => Task 4, Epoch 8/15 => Loss_Clip 3.406, Train_acc 78.40
2026-06-18 20:24:44,597 [bofa.py] => Task 4, Epoch 9/15 => Loss_Clip 3.384, Train_acc 79.87
2026-06-18 20:25:55,948 [bofa.py] => Task 4, Epoch 10/15 => Loss_Clip 3.337, Train_acc 82.01
2026-06-18 20:27:07,273 [bofa.py] => Task 4, Epoch 11/15 => Loss_Clip 3.304, Train_acc 83.48
2026-06-18 20:28:22,519 [bofa.py] => Task 4, Epoch 12/15 => Loss_Clip 3.264, Train_acc 85.43
2026-06-18 20:29:37,149 [bofa.py] => Task 4, Epoch 13/15 => Loss_Clip 3.252, Train_acc 85.50
2026-06-18 20:30:50,867 [bofa.py] => Task 4, Epoch 14/15 => Loss_Clip 3.197, Train_acc 87.90
2026-06-18 20:32:06,614 [bofa.py] => Task 4, Epoch 15/15 => Loss_Clip 3.164, Train_acc 88.67
2026-06-18 20:33:20,407 [bofa.py] => Task 4, Epoch 16/15 => Loss_Clip 4.833, Train_acc 23.18
2026-06-18 20:34:34,565 [bofa.py] => Task 4, Epoch 17/15 => Loss_Clip 4.834, Train_acc 23.18
2026-06-18 20:36:49,400 [trainer.py] => CNN: {'total': 49.32, '00-09': 49.55, '10-19': 55.59, '20-29': 51.99, '30-39': 54.04, '40-49': 43.54, '50-59': 41.47, '60-69': 44.32, '70-79': 56.27, '80-89': 49.1, '90-99': 51.32, '100-109': 56.13, '110-119': 48.6, '120-129': 46.46, '130-139': 40.79, '140-149': 48.8, '150-159': 56.54, '160-169': 44.37, '170-179': 47.78, 'old': 49.72, 'new': 46.25, 'harmonic': 47.92}
2026-06-18 20:36:49,401 [trainer.py] => CNN top1 curve: [55.85, 54.52, 51.52, 50.92, 49.32]
2026-06-18 20:36:49,401 [trainer.py] => CNN top5 curve: [78.13, 76.3, 74.56, 73.35, 71.77]
2026-06-18 20:36:49,401 [trainer.py] => Average Accuracy (CNN top1): 52.426
2026-06-18 20:36:49,401 [bofa.py] => Learning on 180-200
2026-06-18 20:40:44,885 [bofa.py] => Eval Test Loader: Zero_Shot_Lam: 40.24
2026-06-18 20:41:53,238 [bofa.py] => Task 5, Epoch 1/15 => Loss_Clip 4.468, Train_acc 31.34
2026-06-18 20:43:04,499 [bofa.py] => Task 5, Epoch 2/15 => Loss_Clip 3.843, Train_acc 58.94
2026-06-18 20:44:22,430 [bofa.py] => Task 5, Epoch 3/15 => Loss_Clip 3.644, Train_acc 71.08
2026-06-18 20:45:25,922 [bofa.py] => Task 5, Epoch 4/15 => Loss_Clip 3.744, Train_acc 63.04
2026-06-18 20:46:27,809 [bofa.py] => Task 5, Epoch 5/15 => Loss_Clip 3.605, Train_acc 73.50
2026-06-18 20:47:31,291 [bofa.py] => Task 5, Epoch 6/15 => Loss_Clip 3.808, Train_acc 60.50
2026-06-18 20:48:39,126 [bofa.py] => Task 5, Epoch 7/15 => Loss_Clip 3.696, Train_acc 68.77
2026-06-18 20:49:47,936 [bofa.py] => Task 5, Epoch 8/15 => Loss_Clip 3.827, Train_acc 57.14
2026-06-18 20:51:01,781 [bofa.py] => Task 5, Epoch 9/15 => Loss_Clip 3.556, Train_acc 72.40
2026-06-18 20:52:14,338 [bofa.py] => Task 5, Epoch 10/15 => Loss_Clip 3.490, Train_acc 77.56
2026-06-18 20:53:28,379 [bofa.py] => Task 5, Epoch 11/15 => Loss_Clip 3.450, Train_acc 77.56
2026-06-18 20:54:40,975 [bofa.py] => Task 5, Epoch 12/15 => Loss_Clip 3.371, Train_acc 81.46
2026-06-18 20:55:53,851 [bofa.py] => Task 5, Epoch 13/15 => Loss_Clip 3.346, Train_acc 83.10
2026-06-18 20:57:06,152 [bofa.py] => Task 5, Epoch 14/15 => Loss_Clip 3.330, Train_acc 84.27
2026-06-18 20:58:09,933 [bofa.py] => Task 5, Epoch 15/15 => Loss_Clip 3.298, Train_acc 84.89
2026-06-18 20:59:12,285 [bofa.py] => Task 5, Epoch 16/15 => Loss_Clip 4.923, Train_acc 23.81
2026-06-18 21:00:15,890 [bofa.py] => Task 5, Epoch 17/15 => Loss_Clip 4.931, Train_acc 23.81
2026-06-18 21:03:01,056 [trainer.py] => CNN: {'total': 47.24, '00-09': 49.26, '10-19': 52.1, '20-29': 49.6, '30-39': 51.55, '40-49': 43.54, '50-59': 39.8, '60-69': 43.51, '70-79': 52.54, '80-89': 47.31, '90-99': 48.39, '100-109': 54.99, '110-119': 44.94, '120-129': 44.62, '130-139': 40.18, '140-149': 46.99, '150-159': 56.28, '160-169': 44.05, '170-179': 46.48, '180-189': 47.08, '190-199': 40.29, 'old': 47.64, 'new': 43.19, 'harmonic': 45.31}
2026-06-18 21:03:01,057 [trainer.py] => CNN top1 curve: [55.85, 54.52, 51.52, 50.92, 49.32, 47.24]
2026-06-18 21:03:01,057 [trainer.py] => CNN top5 curve: [78.13, 76.3, 74.56, 73.35, 71.77, 70.56]
2026-06-18 21:03:01,057 [trainer.py] => Average Accuracy (CNN top1): 51.56166666666667
