2026-06-18 08:52:51,198 [trainer.py] => config: ./configs/bofa/bofa_objectnet_B0_Inc20.json
2026-06-18 08:52:51,199 [trainer.py] => prefix: -
2026-06-18 08:52:51,199 [trainer.py] => dataset: objectnet
2026-06-18 08:52:51,199 [trainer.py] => memory_size: 0
2026-06-18 08:52:51,199 [trainer.py] => memory_per_class: 0
2026-06-18 08:52:51,199 [trainer.py] => fixed_memory: False
2026-06-18 08:52:51,199 [trainer.py] => shuffle: True
2026-06-18 08:52:51,199 [trainer.py] => init_cls: 20
2026-06-18 08:52:51,199 [trainer.py] => increment: 20
2026-06-18 08:52:51,199 [trainer.py] => model_name: bofa
2026-06-18 08:52:51,199 [trainer.py] => backbone_type: clip
2026-06-18 08:52:51,199 [trainer.py] => device: [device(type='cuda', index=5)]
2026-06-18 08:52:51,199 [trainer.py] => seed: 1993
2026-06-18 08:52:51,199 [trainer.py] => projection_type: pure_mlp
2026-06-18 08:52:51,199 [trainer.py] => frozen_layers: visual
2026-06-18 08:52:51,199 [trainer.py] => tuned_epoch: 15
2026-06-18 08:52:51,199 [trainer.py] => init_lr: 0.05
2026-06-18 08:52:51,199 [trainer.py] => batch_size: 128
2026-06-18 08:52:51,199 [trainer.py] => weight_decay: 0.05
2026-06-18 08:52:51,200 [trainer.py] => min_lr: 0
2026-06-18 08:52:51,200 [trainer.py] => optimizer: sgd
2026-06-18 08:52:51,200 [trainer.py] => text_des: 2
2026-06-18 08:52:51,200 [trainer.py] => image_aug: 2
2026-06-18 08:52:51,200 [trainer.py] => stat: 0.8
2026-06-18 08:52:51,200 [trainer.py] => Kt: 64
2026-06-18 08:52:51,200 [trainer.py] => use_up_cov: True
2026-06-18 08:52:51,200 [trainer.py] => total_class_num: 200
2026-06-18 08:52:51,369 [data_manager.py] => [168, 136, 51, 9, 183, 101, 171, 99, 42, 159, 191, 70, 16, 188, 27, 10, 175, 26, 68, 187, 98, 6, 85, 35, 112, 43, 100, 0, 103, 181, 88, 59, 4, 2, 116, 174, 94, 80, 106, 1, 147, 17, 141, 131, 72, 23, 173, 54, 197, 118, 87, 32, 79, 104, 91, 19, 135, 107, 178, 36, 11, 199, 142, 8, 122, 3, 28, 57, 153, 172, 190, 56, 49, 44, 97, 62, 151, 169, 194, 55, 192, 12, 189, 78, 66, 180, 15, 137, 109, 134, 92, 119, 126, 52, 170, 40, 148, 65, 144, 64, 138, 45, 77, 89, 154, 90, 71, 193, 74, 30, 113, 143, 96, 84, 67, 50, 186, 156, 69, 21, 18, 111, 108, 58, 125, 157, 150, 110, 182, 129, 166, 83, 81, 60, 13, 165, 14, 176, 63, 117, 5, 22, 145, 121, 38, 41, 82, 127, 114, 20, 31, 53, 37, 163, 196, 130, 152, 162, 86, 76, 24, 34, 184, 149, 33, 128, 198, 155, 146, 167, 139, 120, 140, 102, 47, 25, 158, 123, 46, 164, 61, 7, 115, 75, 133, 160, 105, 132, 179, 124, 48, 73, 93, 39, 95, 195, 29, 177, 185, 161]
2026-06-18 08:52:51,582 [factory.py] => Loaded ViT-B-16 model config.
2026-06-18 08:52:53,449 [factory.py] => Loading pretrained ViT-B-16 weights (/home/team/zhaohongwei/pretrained_models/open_clip_pytorch_model_laion400m_e32.bin).
2026-06-18 08:52:54,779 [bofa.py] => Learning on 0-20
2026-06-18 08:55:42,184 [bofa.py] => Eval Test Loader: Zero_Shot_Lam: 73.24
2026-06-18 08:56:48,145 [bofa.py] => Task 0, Epoch 1/15 => Loss_Clip 2.113, Train_acc 68.72
2026-06-18 08:57:54,398 [bofa.py] => Task 0, Epoch 2/15 => Loss_Clip 1.569, Train_acc 78.73
2026-06-18 08:58:58,186 [bofa.py] => Task 0, Epoch 3/15 => Loss_Clip 1.438, Train_acc 81.76
2026-06-18 09:00:13,960 [bofa.py] => Task 0, Epoch 4/15 => Loss_Clip 1.428, Train_acc 83.51
2026-06-18 09:01:33,145 [bofa.py] => Task 0, Epoch 5/15 => Loss_Clip 1.408, Train_acc 83.18
2026-06-18 09:02:34,656 [bofa.py] => Task 0, Epoch 6/15 => Loss_Clip 1.393, Train_acc 85.75
2026-06-18 09:03:38,118 [bofa.py] => Task 0, Epoch 7/15 => Loss_Clip 1.373, Train_acc 85.71
2026-06-18 09:04:38,995 [bofa.py] => Task 0, Epoch 8/15 => Loss_Clip 1.347, Train_acc 86.28
2026-06-18 09:05:43,574 [bofa.py] => Task 0, Epoch 9/15 => Loss_Clip 1.309, Train_acc 89.21
2026-06-18 09:06:50,594 [bofa.py] => Task 0, Epoch 10/15 => Loss_Clip 1.296, Train_acc 89.35
2026-06-18 09:07:55,952 [bofa.py] => Task 0, Epoch 11/15 => Loss_Clip 1.268, Train_acc 90.49
2026-06-18 09:09:01,300 [bofa.py] => Task 0, Epoch 12/15 => Loss_Clip 1.215, Train_acc 92.59
2026-06-18 09:10:16,530 [bofa.py] => Task 0, Epoch 13/15 => Loss_Clip 1.190, Train_acc 93.73
2026-06-18 09:11:27,770 [bofa.py] => Task 0, Epoch 14/15 => Loss_Clip 1.155, Train_acc 94.48
2026-06-18 09:12:47,875 [bofa.py] => Task 0, Epoch 15/15 => Loss_Clip 1.137, Train_acc 95.33
2026-06-18 09:14:05,673 [bofa.py] => Task 0, Epoch 16/15 => Loss_Clip 1.133, Train_acc 95.37
2026-06-18 09:15:11,155 [bofa.py] => Task 0, Epoch 17/15 => Loss_Clip 1.135, Train_acc 95.40
2026-06-18 09:15:34,849 [trainer.py] => CNN: {'total': 80.85, '00-09': 81.13, '10-19': 80.42, 'old': 0, 'new': 80.85, 'harmonic': 0.0}
2026-06-18 09:15:34,849 [trainer.py] => CNN top1 curve: [80.85]
2026-06-18 09:15:34,849 [trainer.py] => CNN top5 curve: [93.8]
2026-06-18 09:15:34,849 [trainer.py] => Average Accuracy (CNN top1): 80.85
2026-06-18 09:15:34,849 [bofa.py] => Learning on 20-40
2026-06-18 09:18:38,750 [bofa.py] => Eval Test Loader: Zero_Shot_Lam: 64.12
2026-06-18 09:19:54,112 [bofa.py] => Task 1, Epoch 1/15 => Loss_Clip 3.042, Train_acc 29.07
2026-06-18 09:21:08,471 [bofa.py] => Task 1, Epoch 2/15 => Loss_Clip 2.475, Train_acc 58.45
2026-06-18 09:22:17,076 [bofa.py] => Task 1, Epoch 3/15 => Loss_Clip 2.096, Train_acc 74.84
2026-06-18 09:23:27,344 [bofa.py] => Task 1, Epoch 4/15 => Loss_Clip 1.968, Train_acc 80.33
2026-06-18 09:24:30,954 [bofa.py] => Task 1, Epoch 5/15 => Loss_Clip 1.964, Train_acc 81.28
2026-06-18 09:25:33,779 [bofa.py] => Task 1, Epoch 6/15 => Loss_Clip 1.916, Train_acc 83.69
2026-06-18 09:26:37,231 [bofa.py] => Task 1, Epoch 7/15 => Loss_Clip 1.903, Train_acc 84.95
2026-06-18 09:27:49,085 [bofa.py] => Task 1, Epoch 8/15 => Loss_Clip 1.868, Train_acc 86.57
2026-06-18 09:29:07,662 [bofa.py] => Task 1, Epoch 9/15 => Loss_Clip 1.857, Train_acc 86.37
2026-06-18 09:30:28,019 [bofa.py] => Task 1, Epoch 10/15 => Loss_Clip 1.808, Train_acc 88.94
2026-06-18 09:31:38,539 [bofa.py] => Task 1, Epoch 11/15 => Loss_Clip 1.767, Train_acc 91.07
2026-06-18 09:32:47,813 [bofa.py] => Task 1, Epoch 12/15 => Loss_Clip 1.725, Train_acc 92.93
2026-06-18 09:34:09,757 [bofa.py] => Task 1, Epoch 13/15 => Loss_Clip 1.686, Train_acc 93.92
2026-06-18 09:35:26,721 [bofa.py] => Task 1, Epoch 14/15 => Loss_Clip 1.659, Train_acc 95.22
2026-06-18 09:36:47,182 [bofa.py] => Task 1, Epoch 15/15 => Loss_Clip 1.641, Train_acc 95.26
2026-06-18 09:37:56,448 [bofa.py] => Task 1, Epoch 16/15 => Loss_Clip 3.285, Train_acc 51.18
2026-06-18 09:39:05,980 [bofa.py] => Task 1, Epoch 17/15 => Loss_Clip 3.285, Train_acc 51.18
2026-06-18 09:39:50,167 [trainer.py] => CNN: {'total': 71.68, '00-09': 73.11, '10-19': 73.43, '20-29': 67.08, '30-39': 72.87, 'old': 73.24, 'new': 69.95, 'harmonic': 71.56}
2026-06-18 09:39:50,167 [trainer.py] => CNN top1 curve: [80.85, 71.68]
2026-06-18 09:39:50,167 [trainer.py] => CNN top5 curve: [93.8, 87.55]
2026-06-18 09:39:50,167 [trainer.py] => Average Accuracy (CNN top1): 76.265
2026-06-18 09:39:50,168 [bofa.py] => Learning on 40-60
2026-06-18 09:43:01,958 [bofa.py] => Eval Test Loader: Zero_Shot_Lam: 59.03
2026-06-18 09:44:07,733 [bofa.py] => Task 2, Epoch 1/15 => Loss_Clip 3.340, Train_acc 30.38
2026-06-18 09:45:15,927 [bofa.py] => Task 2, Epoch 2/15 => Loss_Clip 2.685, Train_acc 64.93
2026-06-18 09:46:29,141 [bofa.py] => Task 2, Epoch 3/15 => Loss_Clip 2.354, Train_acc 78.18
2026-06-18 09:47:39,870 [bofa.py] => Task 2, Epoch 4/15 => Loss_Clip 2.264, Train_acc 80.45
2026-06-18 09:48:50,884 [bofa.py] => Task 2, Epoch 5/15 => Loss_Clip 2.260, Train_acc 82.20
2026-06-18 09:50:04,153 [bofa.py] => Task 2, Epoch 6/15 => Loss_Clip 2.209, Train_acc 83.80
2026-06-18 09:51:14,979 [bofa.py] => Task 2, Epoch 7/15 => Loss_Clip 2.196, Train_acc 85.00
2026-06-18 09:52:33,670 [bofa.py] => Task 2, Epoch 8/15 => Loss_Clip 2.146, Train_acc 86.97
2026-06-18 09:53:53,219 [bofa.py] => Task 2, Epoch 9/15 => Loss_Clip 2.132, Train_acc 86.90
2026-06-18 09:55:05,117 [bofa.py] => Task 2, Epoch 10/15 => Loss_Clip 2.118, Train_acc 88.76
2026-06-18 09:56:19,281 [bofa.py] => Task 2, Epoch 11/15 => Loss_Clip 2.081, Train_acc 89.80
2026-06-18 09:57:36,533 [bofa.py] => Task 2, Epoch 12/15 => Loss_Clip 2.051, Train_acc 90.80
2026-06-18 09:58:55,023 [bofa.py] => Task 2, Epoch 13/15 => Loss_Clip 1.999, Train_acc 92.78
2026-06-18 10:00:10,980 [bofa.py] => Task 2, Epoch 14/15 => Loss_Clip 1.969, Train_acc 93.34
2026-06-18 10:01:29,244 [bofa.py] => Task 2, Epoch 15/15 => Loss_Clip 1.949, Train_acc 94.12
2026-06-18 10:02:41,964 [bofa.py] => Task 2, Epoch 16/15 => Loss_Clip 3.706, Train_acc 43.97
2026-06-18 10:03:57,313 [bofa.py] => Task 2, Epoch 17/15 => Loss_Clip 3.706, Train_acc 43.97
2026-06-18 10:04:48,848 [trainer.py] => CNN: {'total': 66.04, '00-09': 67.45, '10-19': 68.88, '20-29': 63.35, '30-39': 69.4, '40-49': 61.16, '50-59': 66.01, 'old': 67.23, 'new': 63.51, 'harmonic': 65.32}
2026-06-18 10:04:48,848 [trainer.py] => CNN top1 curve: [80.85, 71.68, 66.04]
2026-06-18 10:04:48,848 [trainer.py] => CNN top5 curve: [93.8, 87.55, 84.46]
2026-06-18 10:04:48,848 [trainer.py] => Average Accuracy (CNN top1): 72.85666666666667
2026-06-18 10:04:48,848 [bofa.py] => Learning on 60-80
2026-06-18 10:08:36,278 [bofa.py] => Eval Test Loader: Zero_Shot_Lam: 53.79
2026-06-18 10:09:49,954 [bofa.py] => Task 3, Epoch 1/15 => Loss_Clip 3.668, Train_acc 18.90
2026-06-18 10:11:00,541 [bofa.py] => Task 3, Epoch 2/15 => Loss_Clip 3.140, Train_acc 54.16
2026-06-18 10:12:09,398 [bofa.py] => Task 3, Epoch 3/15 => Loss_Clip 2.858, Train_acc 66.63
2026-06-18 10:13:25,644 [bofa.py] => Task 3, Epoch 4/15 => Loss_Clip 2.785, Train_acc 71.44
2026-06-18 10:14:44,679 [bofa.py] => Task 3, Epoch 5/15 => Loss_Clip 2.768, Train_acc 72.48
2026-06-18 10:15:56,819 [bofa.py] => Task 3, Epoch 6/15 => Loss_Clip 2.731, Train_acc 75.47
2026-06-18 10:17:06,636 [bofa.py] => Task 3, Epoch 7/15 => Loss_Clip 2.755, Train_acc 74.25
2026-06-18 10:18:19,912 [bofa.py] => Task 3, Epoch 8/15 => Loss_Clip 2.701, Train_acc 76.10
2026-06-18 10:19:32,830 [bofa.py] => Task 3, Epoch 9/15 => Loss_Clip 2.672, Train_acc 78.32
2026-06-18 10:20:45,114 [bofa.py] => Task 3, Epoch 10/15 => Loss_Clip 2.635, Train_acc 80.43
2026-06-18 10:22:00,299 [bofa.py] => Task 3, Epoch 11/15 => Loss_Clip 2.593, Train_acc 80.58
2026-06-18 10:23:23,170 [bofa.py] => Task 3, Epoch 12/15 => Loss_Clip 2.557, Train_acc 83.20
2026-06-18 10:24:36,626 [bofa.py] => Task 3, Epoch 13/15 => Loss_Clip 2.509, Train_acc 86.02
2026-06-18 10:25:48,523 [bofa.py] => Task 3, Epoch 14/15 => Loss_Clip 2.472, Train_acc 87.42
2026-06-18 10:27:03,070 [bofa.py] => Task 3, Epoch 15/15 => Loss_Clip 2.449, Train_acc 88.79
2026-06-18 10:28:20,280 [bofa.py] => Task 3, Epoch 16/15 => Loss_Clip 4.009, Train_acc 37.48
2026-06-18 10:29:39,289 [bofa.py] => Task 3, Epoch 17/15 => Loss_Clip 4.007, Train_acc 37.48
2026-06-18 10:30:50,981 [trainer.py] => CNN: {'total': 60.44, '00-09': 64.15, '10-19': 63.29, '20-29': 58.7, '30-39': 64.98, '40-49': 58.41, '50-59': 59.15, '60-69': 58.79, '70-79': 55.59, 'old': 61.55, 'new': 57.27, 'harmonic': 59.33}
2026-06-18 10:30:50,981 [trainer.py] => CNN top1 curve: [80.85, 71.68, 66.04, 60.44]
2026-06-18 10:30:50,981 [trainer.py] => CNN top5 curve: [93.8, 87.55, 84.46, 81.55]
2026-06-18 10:30:50,981 [trainer.py] => Average Accuracy (CNN top1): 69.7525
2026-06-18 10:30:50,981 [bofa.py] => Learning on 80-100
2026-06-18 10:33:34,225 [bofa.py] => Eval Test Loader: Zero_Shot_Lam: 51.13
2026-06-18 10:34:54,928 [bofa.py] => Task 4, Epoch 1/15 => Loss_Clip 3.653, Train_acc 34.20
2026-06-18 10:36:08,245 [bofa.py] => Task 4, Epoch 2/15 => Loss_Clip 3.042, Train_acc 66.55
2026-06-18 10:37:21,172 [bofa.py] => Task 4, Epoch 3/15 => Loss_Clip 2.834, Train_acc 75.09
2026-06-18 10:38:35,522 [bofa.py] => Task 4, Epoch 4/15 => Loss_Clip 2.815, Train_acc 78.89
2026-06-18 10:39:59,645 [bofa.py] => Task 4, Epoch 5/15 => Loss_Clip 2.788, Train_acc 80.30
2026-06-18 10:41:17,457 [bofa.py] => Task 4, Epoch 6/15 => Loss_Clip 2.751, Train_acc 82.53
2026-06-18 10:42:27,536 [bofa.py] => Task 4, Epoch 7/15 => Loss_Clip 2.750, Train_acc 83.43
2026-06-18 10:43:34,584 [bofa.py] => Task 4, Epoch 8/15 => Loss_Clip 2.715, Train_acc 84.41
2026-06-18 10:44:49,327 [bofa.py] => Task 4, Epoch 9/15 => Loss_Clip 2.698, Train_acc 85.62
2026-06-18 10:46:02,816 [bofa.py] => Task 4, Epoch 10/15 => Loss_Clip 2.692, Train_acc 85.31
2026-06-18 10:47:17,836 [bofa.py] => Task 4, Epoch 11/15 => Loss_Clip 2.641, Train_acc 88.21
2026-06-18 10:48:36,404 [bofa.py] => Task 4, Epoch 12/15 => Loss_Clip 2.598, Train_acc 89.66
2026-06-18 10:49:40,973 [bofa.py] => Task 4, Epoch 13/15 => Loss_Clip 2.564, Train_acc 91.62
2026-06-18 10:50:47,004 [bofa.py] => Task 4, Epoch 14/15 => Loss_Clip 2.535, Train_acc 92.64
2026-06-18 10:51:54,363 [bofa.py] => Task 4, Epoch 15/15 => Loss_Clip 2.519, Train_acc 92.99
2026-06-18 10:53:04,566 [bofa.py] => Task 4, Epoch 16/15 => Loss_Clip 4.222, Train_acc 35.76
2026-06-18 10:54:22,100 [bofa.py] => Task 4, Epoch 17/15 => Loss_Clip 4.222, Train_acc 35.76
2026-06-18 10:55:55,675 [trainer.py] => CNN: {'total': 58.29, '00-09': 61.79, '10-19': 60.84, '20-29': 58.07, '30-39': 63.09, '40-49': 57.8, '50-59': 57.84, '60-69': 56.87, '70-79': 51.06, '80-89': 52.16, '90-99': 61.54, 'old': 58.46, 'new': 57.5, 'harmonic': 57.98}
2026-06-18 10:55:55,675 [trainer.py] => CNN top1 curve: [80.85, 71.68, 66.04, 60.44, 58.29]
2026-06-18 10:55:55,675 [trainer.py] => CNN top5 curve: [93.8, 87.55, 84.46, 81.55, 79.02]
2026-06-18 10:55:55,675 [trainer.py] => Average Accuracy (CNN top1): 67.46000000000001
2026-06-18 10:55:55,675 [bofa.py] => Learning on 100-120
2026-06-18 10:58:51,769 [bofa.py] => Eval Test Loader: Zero_Shot_Lam: 48.81
2026-06-18 11:00:04,473 [bofa.py] => Task 5, Epoch 1/15 => Loss_Clip 3.733, Train_acc 44.05
2026-06-18 11:01:22,125 [bofa.py] => Task 5, Epoch 2/15 => Loss_Clip 3.185, Train_acc 70.41
2026-06-18 11:02:40,337 [bofa.py] => Task 5, Epoch 3/15 => Loss_Clip 3.042, Train_acc 76.57
2026-06-18 11:03:49,439 [bofa.py] => Task 5, Epoch 4/15 => Loss_Clip 3.022, Train_acc 79.38
2026-06-18 11:05:07,158 [bofa.py] => Task 5, Epoch 5/15 => Loss_Clip 3.025, Train_acc 79.72
2026-06-18 11:06:22,266 [bofa.py] => Task 5, Epoch 6/15 => Loss_Clip 2.996, Train_acc 81.42
2026-06-18 11:07:39,656 [bofa.py] => Task 5, Epoch 7/15 => Loss_Clip 2.972, Train_acc 82.42
2026-06-18 11:09:02,906 [bofa.py] => Task 5, Epoch 8/15 => Loss_Clip 3.038, Train_acc 77.57
2026-06-18 11:10:19,816 [bofa.py] => Task 5, Epoch 9/15 => Loss_Clip 2.962, Train_acc 83.57
2026-06-18 11:11:30,727 [bofa.py] => Task 5, Epoch 10/15 => Loss_Clip 2.911, Train_acc 84.24
2026-06-18 11:12:45,333 [bofa.py] => Task 5, Epoch 11/15 => Loss_Clip 2.910, Train_acc 85.06
2026-06-18 11:14:04,146 [bofa.py] => Task 5, Epoch 12/15 => Loss_Clip 2.858, Train_acc 86.76
2026-06-18 11:15:21,043 [bofa.py] => Task 5, Epoch 13/15 => Loss_Clip 2.821, Train_acc 88.43
2026-06-18 11:16:35,757 [bofa.py] => Task 5, Epoch 14/15 => Loss_Clip 2.784, Train_acc 90.29
2026-06-18 11:17:49,838 [bofa.py] => Task 5, Epoch 15/15 => Loss_Clip 2.762, Train_acc 90.77
2026-06-18 11:19:02,842 [bofa.py] => Task 5, Epoch 16/15 => Loss_Clip 4.389, Train_acc 36.67
2026-06-18 11:20:10,626 [bofa.py] => Task 5, Epoch 17/15 => Loss_Clip 4.386, Train_acc 36.67
2026-06-18 11:21:55,810 [trainer.py] => CNN: {'total': 55.88, '00-09': 59.67, '10-19': 59.09, '20-29': 55.9, '30-39': 59.62, '40-49': 57.19, '50-59': 54.9, '60-69': 55.22, '70-79': 47.73, '80-89': 50.2, '90-99': 59.76, '100-109': 55.74, '110-119': 53.89, 'old': 56.12, 'new': 54.72, 'harmonic': 55.41}
2026-06-18 11:21:55,810 [trainer.py] => CNN top1 curve: [80.85, 71.68, 66.04, 60.44, 58.29, 55.88]
2026-06-18 11:21:55,810 [trainer.py] => CNN top5 curve: [93.8, 87.55, 84.46, 81.55, 79.02, 76.98]
2026-06-18 11:21:55,810 [trainer.py] => Average Accuracy (CNN top1): 65.53
2026-06-18 11:21:55,810 [bofa.py] => Learning on 120-140
2026-06-18 11:25:11,067 [bofa.py] => Eval Test Loader: Zero_Shot_Lam: 46.09
2026-06-18 11:26:29,176 [bofa.py] => Task 6, Epoch 1/15 => Loss_Clip 4.056, Train_acc 32.64
2026-06-18 11:27:42,574 [bofa.py] => Task 6, Epoch 2/15 => Loss_Clip 3.472, Train_acc 68.68
2026-06-18 11:28:55,911 [bofa.py] => Task 6, Epoch 3/15 => Loss_Clip 3.300, Train_acc 75.86
2026-06-18 11:30:13,030 [bofa.py] => Task 6, Epoch 4/15 => Loss_Clip 3.290, Train_acc 78.45
2026-06-18 11:31:27,956 [bofa.py] => Task 6, Epoch 5/15 => Loss_Clip 3.253, Train_acc 81.00
2026-06-18 11:32:41,755 [bofa.py] => Task 6, Epoch 6/15 => Loss_Clip 3.220, Train_acc 81.54
2026-06-18 11:33:55,382 [bofa.py] => Task 6, Epoch 7/15 => Loss_Clip 3.216, Train_acc 82.85
2026-06-18 11:35:08,784 [bofa.py] => Task 6, Epoch 8/15 => Loss_Clip 3.211, Train_acc 81.88
2026-06-18 11:36:19,582 [bofa.py] => Task 6, Epoch 9/15 => Loss_Clip 3.179, Train_acc 83.74
2026-06-18 11:37:30,866 [bofa.py] => Task 6, Epoch 10/15 => Loss_Clip 3.131, Train_acc 86.06
2026-06-18 11:38:44,891 [bofa.py] => Task 6, Epoch 11/15 => Loss_Clip 3.090, Train_acc 87.95
2026-06-18 11:39:55,087 [bofa.py] => Task 6, Epoch 12/15 => Loss_Clip 3.060, Train_acc 89.19
2026-06-18 11:41:11,392 [bofa.py] => Task 6, Epoch 13/15 => Loss_Clip 3.019, Train_acc 91.43
2026-06-18 11:42:30,572 [bofa.py] => Task 6, Epoch 14/15 => Loss_Clip 2.992, Train_acc 91.70
2026-06-18 11:43:46,734 [bofa.py] => Task 6, Epoch 15/15 => Loss_Clip 2.964, Train_acc 92.58
2026-06-18 11:44:59,713 [bofa.py] => Task 6, Epoch 16/15 => Loss_Clip 4.564, Train_acc 29.78
2026-06-18 11:46:10,392 [bofa.py] => Task 6, Epoch 17/15 => Loss_Clip 4.568, Train_acc 29.78
2026-06-18 11:48:06,043 [trainer.py] => CNN: {'total': 52.89, '00-09': 57.31, '10-19': 54.55, '20-29': 53.73, '30-39': 57.41, '40-49': 55.96, '50-59': 54.58, '60-69': 53.85, '70-79': 44.11, '80-89': 48.24, '90-99': 58.28, '100-109': 53.44, '110-119': 48.53, '120-129': 47.95, '130-139': 51.39, 'old': 53.44, 'new': 49.62, 'harmonic': 51.46}
2026-06-18 11:48:06,043 [trainer.py] => CNN top1 curve: [80.85, 71.68, 66.04, 60.44, 58.29, 55.88, 52.89]
2026-06-18 11:48:06,043 [trainer.py] => CNN top5 curve: [93.8, 87.55, 84.46, 81.55, 79.02, 76.98, 75.14]
2026-06-18 11:48:06,043 [trainer.py] => Average Accuracy (CNN top1): 63.72428571428571
2026-06-18 11:48:06,043 [bofa.py] => Learning on 140-160
2026-06-18 11:51:31,845 [bofa.py] => Eval Test Loader: Zero_Shot_Lam: 43.46
2026-06-18 11:52:47,221 [bofa.py] => Task 7, Epoch 1/15 => Loss_Clip 4.263, Train_acc 24.14
2026-06-18 11:54:01,711 [bofa.py] => Task 7, Epoch 2/15 => Loss_Clip 3.672, Train_acc 61.72
2026-06-18 11:55:08,338 [bofa.py] => Task 7, Epoch 3/15 => Loss_Clip 3.491, Train_acc 71.96
2026-06-18 11:56:16,634 [bofa.py] => Task 7, Epoch 4/15 => Loss_Clip 3.447, Train_acc 75.41
2026-06-18 11:57:34,269 [bofa.py] => Task 7, Epoch 5/15 => Loss_Clip 3.444, Train_acc 75.62
2026-06-18 11:58:50,042 [bofa.py] => Task 7, Epoch 6/15 => Loss_Clip 3.413, Train_acc 77.84
2026-06-18 12:00:03,087 [bofa.py] => Task 7, Epoch 7/15 => Loss_Clip 3.383, Train_acc 78.08
2026-06-18 12:01:21,823 [bofa.py] => Task 7, Epoch 8/15 => Loss_Clip 3.373, Train_acc 79.46
2026-06-18 12:02:44,183 [bofa.py] => Task 7, Epoch 9/15 => Loss_Clip 3.344, Train_acc 80.57
2026-06-18 12:03:54,612 [bofa.py] => Task 7, Epoch 10/15 => Loss_Clip 3.314, Train_acc 82.92
2026-06-18 12:05:07,914 [bofa.py] => Task 7, Epoch 11/15 => Loss_Clip 3.273, Train_acc 84.82
2026-06-18 12:06:24,015 [bofa.py] => Task 7, Epoch 12/15 => Loss_Clip 3.242, Train_acc 86.93
2026-06-18 12:07:44,532 [bofa.py] => Task 7, Epoch 13/15 => Loss_Clip 3.205, Train_acc 88.17
2026-06-18 12:08:54,753 [bofa.py] => Task 7, Epoch 14/15 => Loss_Clip 3.170, Train_acc 89.45
2026-06-18 12:10:05,026 [bofa.py] => Task 7, Epoch 15/15 => Loss_Clip 3.147, Train_acc 90.42
2026-06-18 12:11:17,932 [bofa.py] => Task 7, Epoch 16/15 => Loss_Clip 4.737, Train_acc 23.06
2026-06-18 12:12:21,620 [bofa.py] => Task 7, Epoch 17/15 => Loss_Clip 4.736, Train_acc 23.06
2026-06-18 12:14:20,177 [trainer.py] => CNN: {'total': 50.41, '00-09': 55.66, '10-19': 52.8, '20-29': 52.48, '30-39': 55.52, '40-49': 54.13, '50-59': 52.29, '60-69': 51.37, '70-79': 41.39, '80-89': 47.06, '90-99': 56.51, '100-109': 53.11, '110-119': 45.84, '120-129': 47.08, '130-139': 50.77, '140-149': 42.9, '150-159': 48.07, 'old': 51.2, 'new': 45.44, 'harmonic': 48.15}
2026-06-18 12:14:20,177 [trainer.py] => CNN top1 curve: [80.85, 71.68, 66.04, 60.44, 58.29, 55.88, 52.89, 50.41]
2026-06-18 12:14:20,177 [trainer.py] => CNN top5 curve: [93.8, 87.55, 84.46, 81.55, 79.02, 76.98, 75.14, 73.17]
2026-06-18 12:14:20,177 [trainer.py] => Average Accuracy (CNN top1): 62.06
2026-06-18 12:14:20,177 [bofa.py] => Learning on 160-180
2026-06-18 12:17:36,848 [bofa.py] => Eval Test Loader: Zero_Shot_Lam: 42.38
2026-06-18 12:18:44,774 [bofa.py] => Task 8, Epoch 1/15 => Loss_Clip 4.487, Train_acc 22.94
2026-06-18 12:19:50,586 [bofa.py] => Task 8, Epoch 2/15 => Loss_Clip 4.077, Train_acc 49.04
2026-06-18 12:21:05,743 [bofa.py] => Task 8, Epoch 3/15 => Loss_Clip 3.650, Train_acc 66.03
2026-06-18 12:22:12,159 [bofa.py] => Task 8, Epoch 4/15 => Loss_Clip 3.528, Train_acc 71.94
2026-06-18 12:23:25,341 [bofa.py] => Task 8, Epoch 5/15 => Loss_Clip 3.516, Train_acc 74.34
2026-06-18 12:24:34,945 [bofa.py] => Task 8, Epoch 6/15 => Loss_Clip 3.476, Train_acc 75.94
2026-06-18 12:25:44,508 [bofa.py] => Task 8, Epoch 7/15 => Loss_Clip 3.460, Train_acc 76.42
2026-06-18 12:26:59,120 [bofa.py] => Task 8, Epoch 8/15 => Loss_Clip 3.405, Train_acc 78.78
2026-06-18 12:28:06,906 [bofa.py] => Task 8, Epoch 9/15 => Loss_Clip 3.390, Train_acc 80.74
2026-06-18 12:29:12,582 [bofa.py] => Task 8, Epoch 10/15 => Loss_Clip 3.358, Train_acc 81.65
2026-06-18 12:30:32,709 [bofa.py] => Task 8, Epoch 11/15 => Loss_Clip 3.318, Train_acc 84.05
2026-06-18 12:31:38,892 [bofa.py] => Task 8, Epoch 12/15 => Loss_Clip 3.302, Train_acc 85.49
2026-06-18 12:33:01,534 [bofa.py] => Task 8, Epoch 13/15 => Loss_Clip 3.247, Train_acc 86.73
2026-06-18 12:34:07,003 [bofa.py] => Task 8, Epoch 14/15 => Loss_Clip 3.213, Train_acc 89.57
2026-06-18 12:35:11,622 [bofa.py] => Task 8, Epoch 15/15 => Loss_Clip 3.186, Train_acc 89.89
2026-06-18 12:36:17,251 [bofa.py] => Task 8, Epoch 16/15 => Loss_Clip 4.853, Train_acc 24.82
2026-06-18 12:37:24,738 [bofa.py] => Task 8, Epoch 17/15 => Loss_Clip 4.853, Train_acc 24.82
2026-06-18 12:39:41,688 [trainer.py] => CNN: {'total': 48.95, '00-09': 54.48, '10-19': 51.4, '20-29': 50.0, '30-39': 54.89, '40-49': 54.43, '50-59': 50.65, '60-69': 51.65, '70-79': 40.18, '80-89': 45.88, '90-99': 55.62, '100-109': 51.8, '110-119': 44.24, '120-129': 45.61, '130-139': 50.15, '140-149': 40.21, '150-159': 47.51, '160-169': 46.81, '170-179': 45.67, 'old': 49.27, 'new': 46.26, 'harmonic': 47.72}
2026-06-18 12:39:41,689 [trainer.py] => CNN top1 curve: [80.85, 71.68, 66.04, 60.44, 58.29, 55.88, 52.89, 50.41, 48.95]
2026-06-18 12:39:41,689 [trainer.py] => CNN top5 curve: [93.8, 87.55, 84.46, 81.55, 79.02, 76.98, 75.14, 73.17, 71.42]
2026-06-18 12:39:41,689 [trainer.py] => Average Accuracy (CNN top1): 60.60333333333334
2026-06-18 12:39:41,689 [bofa.py] => Learning on 180-200
2026-06-18 12:43:49,931 [bofa.py] => Eval Test Loader: Zero_Shot_Lam: 40.53
2026-06-18 12:45:11,118 [bofa.py] => Task 9, Epoch 1/15 => Loss_Clip 4.486, Train_acc 21.08
2026-06-18 12:46:33,391 [bofa.py] => Task 9, Epoch 2/15 => Loss_Clip 4.150, Train_acc 38.97
2026-06-18 12:47:54,118 [bofa.py] => Task 9, Epoch 3/15 => Loss_Clip 3.742, Train_acc 64.05
2026-06-18 12:49:12,418 [bofa.py] => Task 9, Epoch 4/15 => Loss_Clip 3.574, Train_acc 72.21
2026-06-18 12:50:24,837 [bofa.py] => Task 9, Epoch 5/15 => Loss_Clip 3.511, Train_acc 76.30
2026-06-18 12:51:35,063 [bofa.py] => Task 9, Epoch 6/15 => Loss_Clip 3.499, Train_acc 77.67
2026-06-18 12:52:45,851 [bofa.py] => Task 9, Epoch 7/15 => Loss_Clip 3.478, Train_acc 79.28
2026-06-18 12:53:53,998 [bofa.py] => Task 9, Epoch 8/15 => Loss_Clip 3.440, Train_acc 79.59
2026-06-18 12:55:14,595 [bofa.py] => Task 9, Epoch 9/15 => Loss_Clip 3.435, Train_acc 82.10
2026-06-18 12:56:30,629 [bofa.py] => Task 9, Epoch 10/15 => Loss_Clip 3.394, Train_acc 83.01
2026-06-18 12:57:40,857 [bofa.py] => Task 9, Epoch 11/15 => Loss_Clip 3.343, Train_acc 85.91
2026-06-18 12:58:50,157 [bofa.py] => Task 9, Epoch 12/15 => Loss_Clip 3.301, Train_acc 87.64
2026-06-18 13:00:08,420 [bofa.py] => Task 9, Epoch 13/15 => Loss_Clip 3.267, Train_acc 89.32
2026-06-18 13:01:23,312 [bofa.py] => Task 9, Epoch 14/15 => Loss_Clip 3.232, Train_acc 91.09
2026-06-18 13:02:41,662 [bofa.py] => Task 9, Epoch 15/15 => Loss_Clip 3.210, Train_acc 91.56
2026-06-18 13:03:51,936 [bofa.py] => Task 9, Epoch 16/15 => Loss_Clip 4.926, Train_acc 24.88
2026-06-18 13:05:00,943 [bofa.py] => Task 9, Epoch 17/15 => Loss_Clip 4.926, Train_acc 24.88
2026-06-18 13:08:06,322 [trainer.py] => CNN: {'total': 47.18, '00-09': 53.07, '10-19': 50.7, '20-29': 49.07, '30-39': 54.26, '40-49': 53.52, '50-59': 48.04, '60-69': 49.73, '70-79': 39.27, '80-89': 45.49, '90-99': 54.44, '100-109': 49.18, '110-119': 42.9, '120-129': 43.86, '130-139': 48.92, '140-149': 39.68, '150-159': 45.3, '160-169': 42.86, '170-179': 44.0, '180-189': 48.43, '190-199': 41.76, 'old': 47.45, 'new': 44.7, 'harmonic': 46.03}
2026-06-18 13:08:06,322 [trainer.py] => CNN top1 curve: [80.85, 71.68, 66.04, 60.44, 58.29, 55.88, 52.89, 50.41, 48.95, 47.18]
2026-06-18 13:08:06,322 [trainer.py] => CNN top5 curve: [93.8, 87.55, 84.46, 81.55, 79.02, 76.98, 75.14, 73.17, 71.42, 70.55]
2026-06-18 13:08:06,322 [trainer.py] => Average Accuracy (CNN top1): 59.261
