2026-08-14 03:48:05,874 [trainer.py] => config: /home/team/zhaohongwei/Code/Research/Awesome-MMCL/configs/area/area_aircraft_B50_Inc10.json
2026-08-14 03:48:05,875 [trainer.py] => dataset: aircraft
2026-08-14 03:48:05,875 [trainer.py] => shuffle: True
2026-08-14 03:48:05,875 [trainer.py] => init_cls: 50
2026-08-14 03:48:05,875 [trainer.py] => increment: 10
2026-08-14 03:48:05,875 [trainer.py] => model_name: area
2026-08-14 03:48:05,875 [trainer.py] => backbone_type: clip
2026-08-14 03:48:05,875 [trainer.py] => clip_pretrained: laion400m_e32
2026-08-14 03:48:05,875 [trainer.py] => device: [device(type='cuda', index=0)]
2026-08-14 03:48:05,875 [trainer.py] => seed: 2026
2026-08-14 03:48:05,875 [trainer.py] => epochs: 20
2026-08-14 03:48:05,875 [trainer.py] => milestones: [8, 15]
2026-08-14 03:48:05,875 [trainer.py] => init_lr: 0.01
2026-08-14 03:48:05,875 [trainer.py] => batch_size: 64
2026-08-14 03:48:05,875 [trainer.py] => weight_decay: 0.05
2026-08-14 03:48:05,875 [trainer.py] => optimizer: sgd
2026-08-14 03:48:05,875 [trainer.py] => samples_per_class: 4
2026-08-14 03:48:05,875 [trainer.py] => K: 8
2026-08-14 03:48:05,875 [trainer.py] => vib_lambda: 1
2026-08-14 03:48:05,875 [trainer.py] => precomputed_basis_path: ./precomputed_basis/area/aircraft
2026-08-14 03:48:05,875 [trainer.py] => g_lambda: 0.5
2026-08-14 03:48:05,875 [trainer.py] => num_workers: 8
2026-08-14 03:48:05,969 [data_manager.py] => [98, 10, 4, 18, 88, 13, 8, 84, 79, 21, 85, 96, 53, 42, 52, 97, 74, 5, 58, 23, 90, 59, 16, 72, 75, 30, 43, 99, 44, 41, 0, 46, 61, 80, 65, 39, 70, 87, 89, 91, 82, 14, 12, 71, 50, 11, 15, 57, 22, 67, 45, 32, 78, 63, 66, 55, 31, 62, 35, 34, 19, 49, 24, 9, 37, 36, 3, 64, 40, 86, 81, 93, 47, 73, 17, 60, 68, 25, 38, 48, 33, 20, 83, 7, 27, 94, 54, 2, 92, 76, 69, 51, 28, 29, 95, 77, 56, 26, 6, 1]
2026-08-14 03:48:07,141 [instantiator.py] => Created a temporary directory at /tmp/tmp1s6f1ufs
2026-08-14 03:48:07,141 [instantiator.py] => Writing /tmp/tmp1s6f1ufs/_remote_module_non_scriptable.py
2026-08-14 03:48:07,274 [factory.py] => Loaded ViT-B-16 model config.
2026-08-14 03:48:08,757 [factory.py] => Loading pretrained ViT-B-16 weights (/home/team/zhaohongwei/pretrained_models/open_clip_pytorch_model_laion400m_e32.bin).
2026-08-14 03:48:09,679 [area.py] => Learning on 0-50
2026-08-14 03:48:09,927 [area.py] => Loading AREA basis cache from precomputed_basis/area/aircraft/seed_2026/textual_base_matrices.pth
2026-08-14 03:48:09,954 [area.py] => Loading AREA basis cache from precomputed_basis/area/aircraft/seed_2026/visual_base_matrices.pth
2026-08-14 04:10:23,889 [trainer.py] => CNN: {'total': 72.35, '00-09': 53.92, '10-19': 77.25, '20-29': 76.58, '30-39': 85.63, '40-49': 68.26, 'old': 0, 'new': 72.35, 'harmonic': 0.0}
2026-08-14 04:10:23,890 [trainer.py] => CNN top1 curve: [72.35]
2026-08-14 04:10:23,890 [trainer.py] => CNN top5 curve: [94.72]
2026-08-14 04:10:23,890 [trainer.py] => Average Accuracy (CNN top1): 72.35
2026-08-14 04:10:23,891 [area.py] => Learning on 50-60
2026-08-14 04:16:26,185 [trainer.py] => CNN: {'total': 70.25, '00-09': 54.52, '10-19': 72.75, '20-29': 75.38, '30-39': 79.94, '40-49': 65.87, '50-59': 72.97, 'old': 69.71, 'new': 72.97, 'harmonic': 71.3}
2026-08-14 04:16:26,185 [trainer.py] => CNN top1 curve: [72.35, 70.25]
2026-08-14 04:16:26,185 [trainer.py] => CNN top5 curve: [94.72, 93.65]
2026-08-14 04:16:26,185 [trainer.py] => Average Accuracy (CNN top1): 71.3
2026-08-14 04:16:26,186 [area.py] => Learning on 60-70
2026-08-14 04:22:56,325 [trainer.py] => CNN: {'total': 68.08, '00-09': 47.89, '10-19': 72.16, '20-29': 72.07, '30-39': 79.94, '40-49': 66.17, '50-59': 73.27, '60-69': 64.95, 'old': 68.6, 'new': 64.95, 'harmonic': 66.73}
2026-08-14 04:22:56,325 [trainer.py] => CNN top1 curve: [72.35, 70.25, 68.08]
2026-08-14 04:22:56,325 [trainer.py] => CNN top5 curve: [94.72, 93.65, 92.71]
2026-08-14 04:22:56,325 [trainer.py] => Average Accuracy (CNN top1): 70.22666666666667
2026-08-14 04:22:56,326 [area.py] => Learning on 70-80
2026-08-14 04:30:12,806 [trainer.py] => CNN: {'total': 65.54, '00-09': 46.39, '10-19': 70.36, '20-29': 68.17, '30-39': 71.26, '40-49': 62.57, '50-59': 72.37, '60-69': 63.44, '70-79': 69.67, 'old': 64.95, 'new': 69.67, 'harmonic': 67.23}
2026-08-14 04:30:12,807 [trainer.py] => CNN top1 curve: [72.35, 70.25, 68.08, 65.54]
2026-08-14 04:30:12,807 [trainer.py] => CNN top5 curve: [94.72, 93.65, 92.71, 91.52]
2026-08-14 04:30:12,807 [trainer.py] => Average Accuracy (CNN top1): 69.055
2026-08-14 04:30:12,807 [area.py] => Learning on 80-90
2026-08-14 04:38:02,477 [trainer.py] => CNN: {'total': 64.34, '00-09': 47.29, '10-19': 69.76, '20-29': 66.07, '30-39': 73.05, '40-49': 63.17, '50-59': 68.77, '60-69': 60.12, '70-79': 69.97, '80-89': 60.78, 'old': 64.79, 'new': 60.78, 'harmonic': 62.72}
2026-08-14 04:38:02,477 [trainer.py] => CNN top1 curve: [72.35, 70.25, 68.08, 65.54, 64.34]
2026-08-14 04:38:02,477 [trainer.py] => CNN top5 curve: [94.72, 93.65, 92.71, 91.52, 89.73]
2026-08-14 04:38:02,477 [trainer.py] => Average Accuracy (CNN top1): 68.11200000000001
2026-08-14 04:38:02,478 [area.py] => Learning on 90-100
2026-08-14 04:46:33,057 [trainer.py] => CNN: {'total': 62.86, '00-09': 45.78, '10-19': 72.16, '20-29': 64.56, '30-39': 73.35, '40-49': 60.78, '50-59': 68.17, '60-69': 59.82, '70-79': 65.47, '80-89': 56.89, '90-99': 61.49, 'old': 63.01, 'new': 61.49, 'harmonic': 62.24}
2026-08-14 04:46:33,057 [trainer.py] => CNN top1 curve: [72.35, 70.25, 68.08, 65.54, 64.34, 62.86]
2026-08-14 04:46:33,057 [trainer.py] => CNN top5 curve: [94.72, 93.65, 92.71, 91.52, 89.73, 88.12]
2026-08-14 04:46:33,058 [trainer.py] => Average Accuracy (CNN top1): 67.23666666666668
