2026-08-04 22:10:54,015 [trainer.py] => config: /dev/stdin
2026-08-04 22:10:54,015 [trainer.py] => dataset: aircraft
2026-08-04 22:10:54,015 [trainer.py] => shuffle: True
2026-08-04 22:10:54,015 [trainer.py] => init_cls: 50
2026-08-04 22:10:54,015 [trainer.py] => increment: 10
2026-08-04 22:10:54,015 [trainer.py] => model_name: area
2026-08-04 22:10:54,015 [trainer.py] => backbone_type: clip
2026-08-04 22:10:54,015 [trainer.py] => clip_pretrained: laion400m_e32
2026-08-04 22:10:54,015 [trainer.py] => device: [device(type='cuda', index=5)]
2026-08-04 22:10:54,015 [trainer.py] => seed: 0
2026-08-04 22:10:54,015 [trainer.py] => epochs: 20
2026-08-04 22:10:54,015 [trainer.py] => milestones: [8, 15]
2026-08-04 22:10:54,015 [trainer.py] => init_lr: 0.01
2026-08-04 22:10:54,015 [trainer.py] => batch_size: 64
2026-08-04 22:10:54,015 [trainer.py] => weight_decay: 0.05
2026-08-04 22:10:54,015 [trainer.py] => optimizer: sgd
2026-08-04 22:10:54,015 [trainer.py] => samples_per_class: 4
2026-08-04 22:10:54,015 [trainer.py] => K: 8
2026-08-04 22:10:54,015 [trainer.py] => vib_lambda: 1
2026-08-04 22:10:54,016 [trainer.py] => precomputed_basis_path: ./precomputed_basis/area/aircraft
2026-08-04 22:10:54,016 [trainer.py] => g_lambda: 0.5
2026-08-04 22:10:54,016 [trainer.py] => num_workers: 8
2026-08-04 22:10:54,122 [data_manager.py] => [26, 86, 2, 55, 75, 93, 16, 73, 54, 95, 53, 92, 78, 13, 7, 30, 22, 24, 33, 8, 43, 62, 3, 71, 45, 48, 6, 99, 82, 76, 60, 80, 90, 68, 51, 27, 18, 56, 63, 74, 1, 61, 42, 41, 4, 15, 17, 40, 38, 5, 91, 59, 0, 34, 28, 50, 11, 35, 23, 52, 10, 31, 66, 57, 79, 85, 32, 84, 14, 89, 19, 29, 49, 97, 98, 69, 20, 94, 72, 77, 25, 37, 81, 46, 39, 65, 58, 12, 88, 70, 87, 36, 21, 83, 9, 96, 67, 64, 47, 44]
2026-08-04 22:10:55,275 [instantiator.py] => Created a temporary directory at /tmp/tmp3biwxysd
2026-08-04 22:10:55,276 [instantiator.py] => Writing /tmp/tmp3biwxysd/_remote_module_non_scriptable.py
2026-08-04 22:10:55,424 [factory.py] => Loaded ViT-B-16 model config.
2026-08-04 22:10:57,560 [factory.py] => Loading pretrained ViT-B-16 weights (laion400m_e32).
2026-08-04 22:10:58,350 [area.py] => Learning on 0-50
2026-08-04 22:10:58,706 [area.py] => Loading AREA basis cache from precomputed_basis/area/aircraft/seed_0/textual_base_matrices.pth
2026-08-04 22:10:58,708 [area.py] => Loading AREA basis cache from precomputed_basis/area/aircraft/seed_0/visual_base_matrices.pth
2026-08-04 22:34:34,677 [trainer.py] => CNN: {'total': 70.83, '00-09': 69.76, '10-19': 56.76, '20-29': 79.22, '30-39': 81.44, '40-49': 66.97, 'old': 0, 'new': 70.83, 'harmonic': 0.0}
2026-08-04 22:34:34,677 [trainer.py] => CNN top1 curve: [70.83]
2026-08-04 22:34:34,677 [trainer.py] => CNN top5 curve: [93.04]
2026-08-04 22:34:34,677 [trainer.py] => Average Accuracy (CNN top1): 70.83
2026-08-04 22:34:34,678 [area.py] => Learning on 50-60
2026-08-04 22:40:49,657 [trainer.py] => CNN: {'total': 68.02, '00-09': 66.77, '10-19': 51.95, '20-29': 78.61, '30-39': 79.64, '40-49': 65.47, '50-59': 65.67, 'old': 68.49, 'new': 65.67, 'harmonic': 67.05}
2026-08-04 22:40:49,657 [trainer.py] => CNN top1 curve: [70.83, 68.02]
2026-08-04 22:40:49,657 [trainer.py] => CNN top5 curve: [93.04, 92.05]
2026-08-04 22:40:49,657 [trainer.py] => Average Accuracy (CNN top1): 69.425
2026-08-04 22:40:49,658 [area.py] => Learning on 60-70
2026-08-04 22:47:30,476 [trainer.py] => CNN: {'total': 66.2, '00-09': 66.47, '10-19': 50.15, '20-29': 77.41, '30-39': 76.35, '40-49': 64.26, '50-59': 60.6, '60-69': 68.17, 'old': 65.87, 'new': 68.17, 'harmonic': 67.0}
2026-08-04 22:47:30,476 [trainer.py] => CNN top1 curve: [70.83, 68.02, 66.2]
2026-08-04 22:47:30,476 [trainer.py] => CNN top5 curve: [93.04, 92.05, 90.06]
2026-08-04 22:47:30,476 [trainer.py] => Average Accuracy (CNN top1): 68.35000000000001
2026-08-04 22:47:30,477 [area.py] => Learning on 70-80
2026-08-04 22:54:37,757 [trainer.py] => CNN: {'total': 65.25, '00-09': 64.37, '10-19': 48.65, '20-29': 76.81, '30-39': 76.95, '40-49': 61.26, '50-59': 59.1, '60-69': 65.77, '70-79': 69.16, 'old': 64.7, 'new': 69.16, 'harmonic': 66.86}
2026-08-04 22:54:37,758 [trainer.py] => CNN top1 curve: [70.83, 68.02, 66.2, 65.25]
2026-08-04 22:54:37,758 [trainer.py] => CNN top5 curve: [93.04, 92.05, 90.06, 89.88]
2026-08-04 22:54:37,758 [trainer.py] => Average Accuracy (CNN top1): 67.575
2026-08-04 22:54:37,759 [area.py] => Learning on 80-90
2026-08-04 23:02:26,269 [trainer.py] => CNN: {'total': 63.57, '00-09': 59.58, '10-19': 45.95, '20-29': 76.2, '30-39': 73.65, '40-49': 57.96, '50-59': 60.9, '60-69': 63.06, '70-79': 68.26, '80-89': 66.57, 'old': 63.19, 'new': 66.57, 'harmonic': 64.84}
2026-08-04 23:02:26,269 [trainer.py] => CNN top1 curve: [70.83, 68.02, 66.2, 65.25, 63.57]
2026-08-04 23:02:26,269 [trainer.py] => CNN top5 curve: [93.04, 92.05, 90.06, 89.88, 88.77]
2026-08-04 23:02:26,269 [trainer.py] => Average Accuracy (CNN top1): 66.774
2026-08-04 23:02:26,270 [area.py] => Learning on 90-100
2026-08-04 23:10:44,521 [trainer.py] => CNN: {'total': 62.65, '00-09': 60.48, '10-19': 43.54, '20-29': 72.59, '30-39': 71.56, '40-49': 56.16, '50-59': 58.51, '60-69': 64.56, '70-79': 68.56, '80-89': 63.25, '90-99': 67.27, 'old': 62.13, 'new': 67.27, 'harmonic': 64.6}
2026-08-04 23:10:44,522 [trainer.py] => CNN top1 curve: [70.83, 68.02, 66.2, 65.25, 63.57, 62.65]
2026-08-04 23:10:44,522 [trainer.py] => CNN top5 curve: [93.04, 92.05, 90.06, 89.88, 88.77, 88.36]
2026-08-04 23:10:44,522 [trainer.py] => Average Accuracy (CNN top1): 66.08666666666666
2026-08-12 15:34:28,095 [trainer.py] => config: /home/team/zhaohongwei/Code/Research/Awesome-MMCL/configs/area/area_aircraft_B50_Inc10.json
2026-08-12 15:34:28,095 [trainer.py] => dataset: aircraft
2026-08-12 15:34:28,095 [trainer.py] => shuffle: True
2026-08-12 15:34:28,095 [trainer.py] => init_cls: 50
2026-08-12 15:34:28,095 [trainer.py] => increment: 10
2026-08-12 15:34:28,095 [trainer.py] => model_name: area
2026-08-12 15:34:28,095 [trainer.py] => backbone_type: clip
2026-08-12 15:34:28,095 [trainer.py] => clip_pretrained: laion400m_e32
2026-08-12 15:34:28,095 [trainer.py] => device: [device(type='cuda', index=0)]
2026-08-12 15:34:28,095 [trainer.py] => seed: 0
2026-08-12 15:34:28,095 [trainer.py] => epochs: 20
2026-08-12 15:34:28,095 [trainer.py] => milestones: [8, 15]
2026-08-12 15:34:28,095 [trainer.py] => init_lr: 0.01
2026-08-12 15:34:28,095 [trainer.py] => batch_size: 64
2026-08-12 15:34:28,095 [trainer.py] => weight_decay: 0.05
2026-08-12 15:34:28,095 [trainer.py] => optimizer: sgd
2026-08-12 15:34:28,095 [trainer.py] => samples_per_class: 4
2026-08-12 15:34:28,096 [trainer.py] => K: 8
2026-08-12 15:34:28,096 [trainer.py] => vib_lambda: 1
2026-08-12 15:34:28,096 [trainer.py] => precomputed_basis_path: ./precomputed_basis/area/aircraft
2026-08-12 15:34:28,096 [trainer.py] => g_lambda: 0.5
2026-08-12 15:34:28,096 [trainer.py] => num_workers: 8
2026-08-12 15:34:28,193 [data_manager.py] => [26, 86, 2, 55, 75, 93, 16, 73, 54, 95, 53, 92, 78, 13, 7, 30, 22, 24, 33, 8, 43, 62, 3, 71, 45, 48, 6, 99, 82, 76, 60, 80, 90, 68, 51, 27, 18, 56, 63, 74, 1, 61, 42, 41, 4, 15, 17, 40, 38, 5, 91, 59, 0, 34, 28, 50, 11, 35, 23, 52, 10, 31, 66, 57, 79, 85, 32, 84, 14, 89, 19, 29, 49, 97, 98, 69, 20, 94, 72, 77, 25, 37, 81, 46, 39, 65, 58, 12, 88, 70, 87, 36, 21, 83, 9, 96, 67, 64, 47, 44]
2026-08-12 15:34:29,363 [instantiator.py] => Created a temporary directory at /tmp/tmpzwjxhi_l
2026-08-12 15:34:29,363 [instantiator.py] => Writing /tmp/tmpzwjxhi_l/_remote_module_non_scriptable.py
2026-08-12 15:34:29,501 [factory.py] => Loaded ViT-B-16 model config.
2026-08-12 15:34:31,016 [factory.py] => Loading pretrained ViT-B-16 weights (/home/team/zhaohongwei/pretrained_models/open_clip_pytorch_model_laion400m_e32.bin).
2026-08-12 15:34:32,364 [area.py] => Learning on 0-50
2026-08-12 15:34:32,741 [area.py] => Loading AREA basis cache from precomputed_basis/area/aircraft/seed_0/textual_base_matrices.pth
2026-08-12 15:34:32,744 [area.py] => Loading AREA basis cache from precomputed_basis/area/aircraft/seed_0/visual_base_matrices.pth
