2026-08-13 13:09:58,891 [trainer.py] => config: /home/team/zhaohongwei/Code/Research/Awesome-MMCL/configs/area/area_aircraft_B50_Inc10.json
2026-08-13 13:09:58,891 [trainer.py] => dataset: aircraft
2026-08-13 13:09:58,891 [trainer.py] => shuffle: True
2026-08-13 13:09:58,891 [trainer.py] => init_cls: 50
2026-08-13 13:09:58,891 [trainer.py] => increment: 10
2026-08-13 13:09:58,891 [trainer.py] => model_name: area
2026-08-13 13:09:58,891 [trainer.py] => backbone_type: clip
2026-08-13 13:09:58,891 [trainer.py] => clip_pretrained: laion400m_e32
2026-08-13 13:09:58,891 [trainer.py] => device: [device(type='cuda', index=0)]
2026-08-13 13:09:58,891 [trainer.py] => seed: 42
2026-08-13 13:09:58,891 [trainer.py] => epochs: 20
2026-08-13 13:09:58,891 [trainer.py] => milestones: [8, 15]
2026-08-13 13:09:58,891 [trainer.py] => init_lr: 0.01
2026-08-13 13:09:58,891 [trainer.py] => batch_size: 64
2026-08-13 13:09:58,891 [trainer.py] => weight_decay: 0.05
2026-08-13 13:09:58,891 [trainer.py] => optimizer: sgd
2026-08-13 13:09:58,891 [trainer.py] => samples_per_class: 4
2026-08-13 13:09:58,891 [trainer.py] => K: 8
2026-08-13 13:09:58,891 [trainer.py] => vib_lambda: 1
2026-08-13 13:09:58,891 [trainer.py] => precomputed_basis_path: ./precomputed_basis/area/aircraft
2026-08-13 13:09:58,891 [trainer.py] => g_lambda: 0.5
2026-08-13 13:09:58,891 [trainer.py] => num_workers: 8
2026-08-13 13:09:58,997 [data_manager.py] => [83, 53, 70, 45, 44, 39, 22, 80, 10, 0, 18, 30, 73, 33, 90, 4, 76, 77, 12, 31, 55, 88, 26, 42, 69, 15, 40, 96, 9, 72, 11, 47, 85, 28, 93, 5, 66, 65, 35, 16, 49, 34, 7, 95, 27, 19, 81, 25, 62, 13, 24, 3, 17, 38, 8, 78, 6, 64, 36, 89, 56, 99, 54, 43, 50, 67, 46, 68, 61, 97, 79, 41, 58, 48, 98, 57, 75, 32, 94, 59, 63, 84, 37, 29, 1, 52, 21, 2, 23, 87, 91, 74, 86, 82, 20, 60, 71, 14, 92, 51]
2026-08-13 13:10:00,382 [instantiator.py] => Created a temporary directory at /tmp/tmp4n5wbesh
2026-08-13 13:10:00,382 [instantiator.py] => Writing /tmp/tmp4n5wbesh/_remote_module_non_scriptable.py
2026-08-13 13:10:00,515 [factory.py] => Loaded ViT-B-16 model config.
2026-08-13 13:10:02,019 [factory.py] => Loading pretrained ViT-B-16 weights (/home/team/zhaohongwei/pretrained_models/open_clip_pytorch_model_laion400m_e32.bin).
2026-08-13 13:10:03,175 [area.py] => Learning on 0-50
2026-08-13 13:10:03,710 [area.py] => Computing AREA textual base matrices
2026-08-13 13:10:07,257 [area.py] => Computing AREA visual base matrices
2026-08-13 13:50:28,981 [trainer.py] => CNN: {'total': 69.47, '00-09': 76.42, '10-19': 69.49, '20-29': 77.64, '30-39': 63.28, '40-49': 60.54, 'old': 0, 'new': 69.47, 'harmonic': 0.0}
2026-08-13 13:50:28,981 [trainer.py] => CNN top1 curve: [69.47]
2026-08-13 13:50:28,981 [trainer.py] => CNN top5 curve: [93.57]
2026-08-13 13:50:28,982 [trainer.py] => Average Accuracy (CNN top1): 69.47
2026-08-13 13:50:28,983 [area.py] => Learning on 50-60
2026-08-13 13:59:17,927 [trainer.py] => CNN: {'total': 65.3, '00-09': 73.43, '10-19': 67.98, '20-29': 73.41, '30-39': 59.1, '40-49': 57.83, '50-59': 60.06, 'old': 66.35, 'new': 60.06, 'harmonic': 63.05}
2026-08-13 13:59:17,928 [trainer.py] => CNN top1 curve: [69.47, 65.3]
2026-08-13 13:59:17,928 [trainer.py] => CNN top5 curve: [93.57, 90.29]
2026-08-13 13:59:17,928 [trainer.py] => Average Accuracy (CNN top1): 67.38499999999999
2026-08-13 13:59:17,929 [area.py] => Learning on 60-70
2026-08-13 14:07:00,954 [trainer.py] => CNN: {'total': 64.51, '00-09': 65.37, '10-19': 66.16, '20-29': 70.09, '30-39': 60.0, '40-49': 56.02, '50-59': 55.26, '60-69': 78.68, 'old': 62.14, 'new': 78.68, 'harmonic': 69.44}
2026-08-13 14:07:00,955 [trainer.py] => CNN top1 curve: [69.47, 65.3, 64.51]
2026-08-13 14:07:00,955 [trainer.py] => CNN top5 curve: [93.57, 90.29, 90.69]
2026-08-13 14:07:00,955 [trainer.py] => Average Accuracy (CNN top1): 66.42666666666666
2026-08-13 14:07:00,955 [area.py] => Learning on 70-80
2026-08-13 14:15:15,378 [trainer.py] => CNN: {'total': 65.88, '00-09': 63.28, '10-19': 63.14, '20-29': 69.49, '30-39': 57.31, '40-49': 54.52, '50-59': 57.06, '60-69': 78.38, '70-79': 83.83, 'old': 63.3, 'new': 83.83, 'harmonic': 72.13}
2026-08-13 14:15:15,378 [trainer.py] => CNN top1 curve: [69.47, 65.3, 64.51, 65.88]
2026-08-13 14:15:15,379 [trainer.py] => CNN top5 curve: [93.57, 90.29, 90.69, 90.77]
2026-08-13 14:15:15,379 [trainer.py] => Average Accuracy (CNN top1): 66.28999999999999
2026-08-13 14:15:15,379 [area.py] => Learning on 80-90
2026-08-13 14:24:11,740 [trainer.py] => CNN: {'total': 63.03, '00-09': 60.9, '10-19': 62.54, '20-29': 67.98, '30-39': 54.03, '40-49': 53.61, '50-59': 54.35, '60-69': 78.68, '70-79': 82.04, '80-89': 53.15, 'old': 64.26, 'new': 53.15, 'harmonic': 58.18}
2026-08-13 14:24:11,740 [trainer.py] => CNN top1 curve: [69.47, 65.3, 64.51, 65.88, 63.03]
2026-08-13 14:24:11,741 [trainer.py] => CNN top5 curve: [93.57, 90.29, 90.69, 90.77, 88.39]
2026-08-13 14:24:11,741 [trainer.py] => Average Accuracy (CNN top1): 65.63799999999999
2026-08-13 14:24:11,742 [area.py] => Learning on 90-100
2026-08-13 14:33:10,483 [trainer.py] => CNN: {'total': 62.5, '00-09': 60.6, '10-19': 62.54, '20-29': 65.26, '30-39': 54.03, '40-49': 52.11, '50-59': 52.85, '60-69': 75.38, '70-79': 77.84, '80-89': 50.75, '90-99': 73.51, 'old': 61.26, 'new': 73.51, 'harmonic': 66.83}
2026-08-13 14:33:10,484 [trainer.py] => CNN top1 curve: [69.47, 65.3, 64.51, 65.88, 63.03, 62.5]
2026-08-13 14:33:10,484 [trainer.py] => CNN top5 curve: [93.57, 90.29, 90.69, 90.77, 88.39, 88.12]
2026-08-13 14:33:10,484 [trainer.py] => Average Accuracy (CNN top1): 65.115
