2026-07-25 22:07:50,493 [trainer.py] => config: /dev/stdin
2026-07-25 22:07:50,493 [trainer.py] => dataset: cifar224
2026-07-25 22:07:50,493 [trainer.py] => shuffle: True
2026-07-25 22:07:50,493 [trainer.py] => init_cls: 10
2026-07-25 22:07:50,493 [trainer.py] => increment: 10
2026-07-25 22:07:50,493 [trainer.py] => model_name: area
2026-07-25 22:07:50,493 [trainer.py] => backbone_type: clip
2026-07-25 22:07:50,493 [trainer.py] => clip_pretrained: laion400m_e32
2026-07-25 22:07:50,493 [trainer.py] => device: [device(type='cuda', index=6)]
2026-07-25 22:07:50,493 [trainer.py] => seed: 42
2026-07-25 22:07:50,493 [trainer.py] => epochs: 40
2026-07-25 22:07:50,493 [trainer.py] => milestones: [15, 28]
2026-07-25 22:07:50,493 [trainer.py] => init_lr: 0.03
2026-07-25 22:07:50,493 [trainer.py] => batch_size: 64
2026-07-25 22:07:50,493 [trainer.py] => weight_decay: 0.01
2026-07-25 22:07:50,493 [trainer.py] => optimizer: sgd
2026-07-25 22:07:50,493 [trainer.py] => samples_per_class: 4
2026-07-25 22:07:50,493 [trainer.py] => K: 16
2026-07-25 22:07:50,493 [trainer.py] => vib_lambda: 1
2026-07-25 22:07:50,493 [trainer.py] => precomputed_basis_path: ./precomputed_basis/area/cifar100
2026-07-25 22:07:50,493 [trainer.py] => g_lambda: 0.2
2026-07-25 22:07:50,493 [trainer.py] => num_workers: 8
2026-07-25 22:07:51,620 [data_manager.py] => [83, 53, 70, 45, 44, 39, 22, 80, 10, 0, 18, 30, 73, 33, 90, 4, 76, 77, 12, 31, 55, 88, 26, 42, 69, 15, 40, 96, 9, 72, 11, 47, 85, 28, 93, 5, 66, 65, 35, 16, 49, 34, 7, 95, 27, 19, 81, 25, 62, 13, 24, 3, 17, 38, 8, 78, 6, 64, 36, 89, 56, 99, 54, 43, 50, 67, 46, 68, 61, 97, 79, 41, 58, 48, 98, 57, 75, 32, 94, 59, 63, 84, 37, 29, 1, 52, 21, 2, 23, 87, 91, 74, 86, 82, 20, 60, 71, 14, 92, 51]
2026-07-25 22:07:53,127 [instantiator.py] => Created a temporary directory at /tmp/tmp1su599ew
2026-07-25 22:07:53,127 [instantiator.py] => Writing /tmp/tmp1su599ew/_remote_module_non_scriptable.py
2026-07-25 22:07:53,266 [factory.py] => Loaded ViT-B-16 model config.
2026-08-05 10:50:07,155 [trainer.py] => config: /dev/stdin
2026-08-05 10:50:07,155 [trainer.py] => dataset: cifar224
2026-08-05 10:50:07,155 [trainer.py] => shuffle: True
2026-08-05 10:50:07,155 [trainer.py] => init_cls: 10
2026-08-05 10:50:07,155 [trainer.py] => increment: 10
2026-08-05 10:50:07,156 [trainer.py] => model_name: area
2026-08-05 10:50:07,156 [trainer.py] => backbone_type: clip
2026-08-05 10:50:07,156 [trainer.py] => clip_pretrained: laion400m_e32
2026-08-05 10:50:07,156 [trainer.py] => device: [device(type='cuda', index=5)]
2026-08-05 10:50:07,156 [trainer.py] => seed: 42
2026-08-05 10:50:07,156 [trainer.py] => epochs: 40
2026-08-05 10:50:07,156 [trainer.py] => milestones: [15, 28]
2026-08-05 10:50:07,156 [trainer.py] => init_lr: 0.03
2026-08-05 10:50:07,156 [trainer.py] => batch_size: 64
2026-08-05 10:50:07,156 [trainer.py] => weight_decay: 0.01
2026-08-05 10:50:07,156 [trainer.py] => optimizer: sgd
2026-08-05 10:50:07,156 [trainer.py] => samples_per_class: 4
2026-08-05 10:50:07,156 [trainer.py] => K: 16
2026-08-05 10:50:07,156 [trainer.py] => vib_lambda: 1
2026-08-05 10:50:07,156 [trainer.py] => precomputed_basis_path: ./precomputed_basis/area/cifar100
2026-08-05 10:50:07,156 [trainer.py] => g_lambda: 0.2
2026-08-05 10:50:07,156 [trainer.py] => num_workers: 8
2026-08-05 10:50:08,243 [data_manager.py] => [83, 53, 70, 45, 44, 39, 22, 80, 10, 0, 18, 30, 73, 33, 90, 4, 76, 77, 12, 31, 55, 88, 26, 42, 69, 15, 40, 96, 9, 72, 11, 47, 85, 28, 93, 5, 66, 65, 35, 16, 49, 34, 7, 95, 27, 19, 81, 25, 62, 13, 24, 3, 17, 38, 8, 78, 6, 64, 36, 89, 56, 99, 54, 43, 50, 67, 46, 68, 61, 97, 79, 41, 58, 48, 98, 57, 75, 32, 94, 59, 63, 84, 37, 29, 1, 52, 21, 2, 23, 87, 91, 74, 86, 82, 20, 60, 71, 14, 92, 51]
2026-08-05 10:50:09,520 [instantiator.py] => Created a temporary directory at /tmp/tmpvwm3qopg
2026-08-05 10:50:09,520 [instantiator.py] => Writing /tmp/tmpvwm3qopg/_remote_module_non_scriptable.py
2026-08-05 10:50:09,649 [factory.py] => Loaded ViT-B-16 model config.
2026-08-05 11:04:31,038 [file_download.py] => Error while downloading from https://us.aws.cdn.hf.co/xet-bridge-us/6719251d3474bbb73c26091f/0241bf0544727ed4f7060429f129a3e0c993022e4c50aa1a985235e23ce508ea?response-content-disposition=inline%3B+filename*%3DUTF-8%27%27open_clip_pytorch_model.bin%3B+filename%3D%22open_clip_pytorch_model.bin%22%3B&response-content-type=application%2Foctet-stream&user_id=660fcb7b51c7a7d61902b4dc&X-Xet-Cas-Uid=660fcb7b51c7a7d61902b4dc&Expires=1785901816&Policy=eyJTdGF0ZW1lbnQiOlt7IlJlc291cmNlIjoiaHR0cHM6Ly91cy5hd3MuY2RuLmhmLmNvL3hldC1icmlkZ2UtdXMvNjcxOTI1MWQzNDc0YmJiNzNjMjYwOTFmLzAyNDFiZjA1NDQ3MjdlZDRmNzA2MDQyOWYxMjlhM2UwYzk5MzAyMmU0YzUwYWExYTk4NTIzNWUyM2NlNTA4ZWFcXD9yZXNwb25zZS1jb250ZW50LWRpc3Bvc2l0aW9uPWlubGluZSUzQitmaWxlbmFtZSUyQSUzRFVURi04JTI3JTI3b3Blbl9jbGlwX3B5dG9yY2hfbW9kZWwuYmluJTNCK2ZpbGVuYW1lJTNEJTIyb3Blbl9jbGlwX3B5dG9yY2hfbW9kZWwuYmluJTIyJTNCJnJlc3BvbnNlLWNvbnRlbnQtdHlwZT1hcHBsaWNhdGlvbiUyRm9jdGV0LXN0cmVhbSZ1c2VyX2lkPTY2MGZjYjdiNTFjN2E3ZDYxOTAyYjRkYyZYLVhldC1DYXMtVWlkPTY2MGZjYjdiNTFjN2E3ZDYxOTAyYjRkYyIsIkNvbmRpdGlvbiI6eyJEYXRlTGVzc1RoYW4iOnsiRXBvY2hUaW1lIjoxNzg1OTAxODE2fX19XX0_&Signature=MEUCIQDN8g%7EmxbRbcYZw3cIL3IZMtJ%7EFdOZEC38FaDpToV2PwgIgfDygp56%7ERLg7piaqxCk5hm2zEMjdzOwaFRNzbcjoRLY_&Key-Pair-Id=01KXEF4KZ1B6FV465MAWR4M21F: HTTPSConnectionPool(host='us.aws.cdn.hf.co', port=443): Read timed out.
Trying to resume download...
2026-08-05 11:08:47,712 [file_download.py] => Error while downloading from https://us.aws.cdn.hf.co/xet-bridge-us/6719251d3474bbb73c26091f/0241bf0544727ed4f7060429f129a3e0c993022e4c50aa1a985235e23ce508ea?response-content-disposition=inline%3B+filename*%3DUTF-8%27%27open_clip_pytorch_model.bin%3B+filename%3D%22open_clip_pytorch_model.bin%22%3B&response-content-type=application%2Foctet-stream&user_id=660fcb7b51c7a7d61902b4dc&X-Xet-Cas-Uid=660fcb7b51c7a7d61902b4dc&Expires=1785901816&Policy=eyJTdGF0ZW1lbnQiOlt7IlJlc291cmNlIjoiaHR0cHM6Ly91cy5hd3MuY2RuLmhmLmNvL3hldC1icmlkZ2UtdXMvNjcxOTI1MWQzNDc0YmJiNzNjMjYwOTFmLzAyNDFiZjA1NDQ3MjdlZDRmNzA2MDQyOWYxMjlhM2UwYzk5MzAyMmU0YzUwYWExYTk4NTIzNWUyM2NlNTA4ZWFcXD9yZXNwb25zZS1jb250ZW50LWRpc3Bvc2l0aW9uPWlubGluZSUzQitmaWxlbmFtZSUyQSUzRFVURi04JTI3JTI3b3Blbl9jbGlwX3B5dG9yY2hfbW9kZWwuYmluJTNCK2ZpbGVuYW1lJTNEJTIyb3Blbl9jbGlwX3B5dG9yY2hfbW9kZWwuYmluJTIyJTNCJnJlc3BvbnNlLWNvbnRlbnQtdHlwZT1hcHBsaWNhdGlvbiUyRm9jdGV0LXN0cmVhbSZ1c2VyX2lkPTY2MGZjYjdiNTFjN2E3ZDYxOTAyYjRkYyZYLVhldC1DYXMtVWlkPTY2MGZjYjdiNTFjN2E3ZDYxOTAyYjRkYyIsIkNvbmRpdGlvbiI6eyJEYXRlTGVzc1RoYW4iOnsiRXBvY2hUaW1lIjoxNzg1OTAxODE2fX19XX0_&Signature=MEUCIQDN8g%7EmxbRbcYZw3cIL3IZMtJ%7EFdOZEC38FaDpToV2PwgIgfDygp56%7ERLg7piaqxCk5hm2zEMjdzOwaFRNzbcjoRLY_&Key-Pair-Id=01KXEF4KZ1B6FV465MAWR4M21F: HTTPSConnectionPool(host='us.aws.cdn.hf.co', port=443): Read timed out.
Trying to resume download...
2026-08-05 11:08:58,874 [factory.py] => Loading pretrained ViT-B-16 weights (laion400m_e32).
2026-08-05 11:08:59,996 [area.py] => Learning on 0-10
2026-08-05 11:09:00,304 [area.py] => Computing AREA textual base matrices
2026-08-05 11:09:09,241 [area.py] => Computing AREA visual base matrices
2026-08-05 12:22:46,728 [trainer.py] => CNN: {'total': 94.3, '00-09': 94.3, 'old': 0, 'new': 94.3, 'harmonic': 0.0}
2026-08-05 12:22:46,729 [trainer.py] => CNN top1 curve: [94.3]
2026-08-05 12:22:46,729 [trainer.py] => CNN top5 curve: [99.9]
2026-08-05 12:22:46,729 [trainer.py] => Average Accuracy (CNN top1): 94.3
2026-08-05 12:22:46,730 [area.py] => Learning on 10-20
2026-08-05 13:32:11,964 [trainer.py] => CNN: {'total': 91.85, '00-09': 92.8, '10-19': 90.9, 'old': 92.8, 'new': 90.9, 'harmonic': 91.84}
2026-08-05 13:32:11,964 [trainer.py] => CNN top1 curve: [94.3, 91.85]
2026-08-05 13:32:11,965 [trainer.py] => CNN top5 curve: [99.9, 99.45]
2026-08-05 13:32:11,965 [trainer.py] => Average Accuracy (CNN top1): 93.07499999999999
2026-08-05 13:32:11,966 [area.py] => Learning on 20-30
2026-08-05 14:43:51,496 [trainer.py] => CNN: {'total': 87.6, '00-09': 91.5, '10-19': 85.9, '20-29': 85.4, 'old': 88.7, 'new': 85.4, 'harmonic': 87.02}
2026-08-05 14:43:51,497 [trainer.py] => CNN top1 curve: [94.3, 91.85, 87.6]
2026-08-05 14:43:51,497 [trainer.py] => CNN top5 curve: [99.9, 99.45, 98.63]
2026-08-05 14:43:51,497 [trainer.py] => Average Accuracy (CNN top1): 91.25
2026-08-05 14:43:51,498 [area.py] => Learning on 30-40
2026-08-05 15:59:48,785 [trainer.py] => CNN: {'total': 88.18, '00-09': 91.2, '10-19': 86.8, '20-29': 85.0, '30-39': 89.7, 'old': 87.67, 'new': 89.7, 'harmonic': 88.67}
2026-08-05 15:59:48,785 [trainer.py] => CNN top1 curve: [94.3, 91.85, 87.6, 88.18]
2026-08-05 15:59:48,785 [trainer.py] => CNN top5 curve: [99.9, 99.45, 98.63, 98.52]
2026-08-05 15:59:48,785 [trainer.py] => Average Accuracy (CNN top1): 90.4825
2026-08-05 15:59:48,786 [area.py] => Learning on 40-50
2026-08-05 17:51:28,517 [trainer.py] => CNN: {'total': 85.8, '00-09': 88.4, '10-19': 85.7, '20-29': 82.7, '30-39': 87.4, '40-49': 84.8, 'old': 86.05, 'new': 84.8, 'harmonic': 85.42}
2026-08-05 17:51:28,517 [trainer.py] => CNN top1 curve: [94.3, 91.85, 87.6, 88.18, 85.8]
2026-08-05 17:51:28,517 [trainer.py] => CNN top5 curve: [99.9, 99.45, 98.63, 98.52, 97.96]
2026-08-05 17:51:28,517 [trainer.py] => Average Accuracy (CNN top1): 89.546
2026-08-05 17:51:28,521 [area.py] => Learning on 50-60
2026-08-05 19:30:46,664 [trainer.py] => CNN: {'total': 83.95, '00-09': 87.6, '10-19': 84.8, '20-29': 80.8, '30-39': 86.5, '40-49': 80.1, '50-59': 83.9, 'old': 83.96, 'new': 83.9, 'harmonic': 83.93}
2026-08-05 19:30:46,664 [trainer.py] => CNN top1 curve: [94.3, 91.85, 87.6, 88.18, 85.8, 83.95]
2026-08-05 19:30:46,664 [trainer.py] => CNN top5 curve: [99.9, 99.45, 98.63, 98.52, 97.96, 97.18]
2026-08-05 19:30:46,664 [trainer.py] => Average Accuracy (CNN top1): 88.61333333333334
2026-08-05 19:30:46,665 [area.py] => Learning on 60-70
2026-08-05 21:06:29,565 [trainer.py] => CNN: {'total': 82.77, '00-09': 85.9, '10-19': 80.5, '20-29': 78.7, '30-39': 84.6, '40-49': 80.6, '50-59': 81.1, '60-69': 88.0, 'old': 81.9, 'new': 88.0, 'harmonic': 84.84}
2026-08-05 21:06:29,565 [trainer.py] => CNN top1 curve: [94.3, 91.85, 87.6, 88.18, 85.8, 83.95, 82.77]
2026-08-05 21:06:29,565 [trainer.py] => CNN top5 curve: [99.9, 99.45, 98.63, 98.52, 97.96, 97.18, 96.8]
2026-08-05 21:06:29,565 [trainer.py] => Average Accuracy (CNN top1): 87.77857142857144
2026-08-05 21:06:29,566 [area.py] => Learning on 70-80
2026-08-05 22:46:45,192 [trainer.py] => CNN: {'total': 82.85, '00-09': 83.7, '10-19': 81.5, '20-29': 77.4, '30-39': 83.2, '40-49': 80.7, '50-59': 81.9, '60-69': 84.3, '70-79': 90.1, 'old': 81.81, 'new': 90.1, 'harmonic': 85.76}
2026-08-05 22:46:45,192 [trainer.py] => CNN top1 curve: [94.3, 91.85, 87.6, 88.18, 85.8, 83.95, 82.77, 82.85]
2026-08-05 22:46:45,192 [trainer.py] => CNN top5 curve: [99.9, 99.45, 98.63, 98.52, 97.96, 97.18, 96.8, 96.81]
2026-08-05 22:46:45,192 [trainer.py] => Average Accuracy (CNN top1): 87.16250000000001
2026-08-05 22:46:45,196 [area.py] => Learning on 80-90
2026-08-06 00:30:33,729 [trainer.py] => CNN: {'total': 81.88, '00-09': 84.7, '10-19': 82.6, '20-29': 74.5, '30-39': 81.6, '40-49': 79.3, '50-59': 80.5, '60-69': 84.0, '70-79': 87.3, '80-89': 82.4, 'old': 81.81, 'new': 82.4, 'harmonic': 82.1}
2026-08-06 00:30:33,729 [trainer.py] => CNN top1 curve: [94.3, 91.85, 87.6, 88.18, 85.8, 83.95, 82.77, 82.85, 81.88]
2026-08-06 00:30:33,729 [trainer.py] => CNN top5 curve: [99.9, 99.45, 98.63, 98.52, 97.96, 97.18, 96.8, 96.81, 96.51]
2026-08-06 00:30:33,729 [trainer.py] => Average Accuracy (CNN top1): 86.57555555555557
2026-08-06 00:30:33,733 [area.py] => Learning on 90-100
2026-08-06 02:21:25,105 [trainer.py] => CNN: {'total': 81.46, '00-09': 83.4, '10-19': 78.8, '20-29': 74.8, '30-39': 80.2, '40-49': 77.6, '50-59': 79.9, '60-69': 84.1, '70-79': 87.8, '80-89': 80.1, '90-99': 87.9, 'old': 80.74, 'new': 87.9, 'harmonic': 84.17}
2026-08-06 02:21:25,106 [trainer.py] => CNN top1 curve: [94.3, 91.85, 87.6, 88.18, 85.8, 83.95, 82.77, 82.85, 81.88, 81.46]
2026-08-06 02:21:25,106 [trainer.py] => CNN top5 curve: [99.9, 99.45, 98.63, 98.52, 97.96, 97.18, 96.8, 96.81, 96.51, 96.55]
2026-08-06 02:21:25,106 [trainer.py] => Average Accuracy (CNN top1): 86.06400000000001
