2026-07-24 18:46:56,842 [trainer.py] => config: /dev/stdin
2026-07-24 18:46:56,842 [trainer.py] => dataset: food101
2026-07-24 18:46:56,842 [trainer.py] => shuffle: True
2026-07-24 18:46:56,842 [trainer.py] => init_cls: 10
2026-07-24 18:46:56,842 [trainer.py] => increment: 10
2026-07-24 18:46:56,842 [trainer.py] => model_name: area
2026-07-24 18:46:56,842 [trainer.py] => backbone_type: clip
2026-07-24 18:46:56,842 [trainer.py] => clip_pretrained: laion400m_e32
2026-07-24 18:46:56,842 [trainer.py] => device: [device(type='cuda', index=6)]
2026-07-24 18:46:56,842 [trainer.py] => seed: 2026
2026-07-24 18:46:56,842 [trainer.py] => epochs: 20
2026-07-24 18:46:56,842 [trainer.py] => milestones: [8, 15]
2026-07-24 18:46:56,842 [trainer.py] => init_lr: 0.01
2026-07-24 18:46:56,842 [trainer.py] => batch_size: 64
2026-07-24 18:46:56,842 [trainer.py] => weight_decay: 0.05
2026-07-24 18:46:56,842 [trainer.py] => optimizer: sgd
2026-07-24 18:46:56,842 [trainer.py] => samples_per_class: 4
2026-07-24 18:46:56,842 [trainer.py] => K: 8
2026-07-24 18:46:56,843 [trainer.py] => vib_lambda: 1
2026-07-24 18:46:56,843 [trainer.py] => precomputed_basis_path: ./precomputed_basis/area/food
2026-07-24 18:46:56,843 [trainer.py] => g_lambda: 0.5
2026-07-24 18:46:56,843 [trainer.py] => num_workers: 8
2026-07-24 18:46:57,224 [data_manager.py] => [98, 10, 4, 18, 88, 13, 8, 84, 79, 21, 85, 96, 53, 42, 52, 97, 74, 5, 58, 23, 90, 59, 16, 72, 75, 30, 43, 99, 44, 41, 0, 46, 61, 80, 65, 39, 70, 87, 89, 91, 82, 14, 12, 71, 50, 11, 15, 57, 22, 67, 45, 32, 78, 63, 66, 55, 31, 62, 35, 34, 19, 49, 24, 9, 37, 36, 3, 64, 40, 86, 81, 93, 47, 73, 17, 60, 68, 25, 38, 48, 33, 20, 83, 7, 27, 94, 54, 2, 92, 76, 69, 51, 28, 29, 95, 77, 56, 26, 6, 1]
2026-07-24 18:47:05,676 [instantiator.py] => Created a temporary directory at /tmp/tmpkpcf6_8m
2026-07-24 18:47:05,676 [instantiator.py] => Writing /tmp/tmpkpcf6_8m/_remote_module_non_scriptable.py
2026-07-24 18:47:06,748 [factory.py] => Loaded ViT-B-16 model config.
2026-07-24 18:47:14,361 [factory.py] => Loading pretrained ViT-B-16 weights (laion400m_e32).
2026-07-24 18:47:17,713 [area.py] => Learning on 0-10
2026-07-24 18:47:18,064 [area.py] => Loading AREA basis cache from precomputed_basis/area/food/seed_2026/textual_base_matrices.pth
2026-07-24 18:47:18,081 [area.py] => Loading AREA basis cache from precomputed_basis/area/food/seed_2026/visual_base_matrices.pth
2026-07-24 19:37:39,724 [trainer.py] => CNN: {'total': 95.17, '00-09': 95.17, 'old': 0, 'new': 95.17, 'harmonic': 0.0}
2026-07-24 19:37:39,724 [trainer.py] => CNN top1 curve: [95.17]
2026-07-24 19:37:39,724 [trainer.py] => CNN top5 curve: [99.9]
2026-07-24 19:37:39,724 [trainer.py] => Average Accuracy (CNN top1): 95.17
2026-07-24 19:37:39,725 [area.py] => Learning on 10-20
2026-07-24 20:29:01,593 [trainer.py] => CNN: {'total': 94.21, '00-09': 93.3, '10-19': 95.07, 'old': 93.3, 'new': 95.07, 'harmonic': 94.18}
2026-07-24 20:29:01,593 [trainer.py] => CNN top1 curve: [95.17, 94.21]
2026-07-24 20:29:01,593 [trainer.py] => CNN top5 curve: [99.9, 99.58]
2026-07-24 20:29:01,593 [trainer.py] => Average Accuracy (CNN top1): 94.69
2026-07-24 20:29:01,594 [area.py] => Learning on 20-30
2026-07-24 21:23:01,826 [trainer.py] => CNN: {'total': 92.7, '00-09': 90.18, '10-19': 93.68, '20-29': 94.19, 'old': 91.98, 'new': 94.19, 'harmonic': 93.07}
2026-07-24 21:23:01,826 [trainer.py] => CNN top1 curve: [95.17, 94.21, 92.7]
2026-07-24 21:23:01,826 [trainer.py] => CNN top5 curve: [99.9, 99.58, 98.97]
2026-07-24 21:23:01,826 [trainer.py] => Average Accuracy (CNN top1): 94.02666666666666
2026-07-24 21:23:01,827 [area.py] => Learning on 30-40
2026-07-24 22:18:47,046 [trainer.py] => CNN: {'total': 90.25, '00-09': 88.67, '10-19': 90.67, '20-29': 91.28, '30-39': 90.38, 'old': 90.21, 'new': 90.38, 'harmonic': 90.29}
2026-07-24 22:18:47,047 [trainer.py] => CNN top1 curve: [95.17, 94.21, 92.7, 90.25]
2026-07-24 22:18:47,047 [trainer.py] => CNN top5 curve: [99.9, 99.58, 98.97, 98.58]
2026-07-24 22:18:47,047 [trainer.py] => Average Accuracy (CNN top1): 93.0825
2026-07-24 22:18:47,048 [area.py] => Learning on 40-50
2026-07-24 23:20:11,179 [trainer.py] => CNN: {'total': 85.32, '00-09': 81.82, '10-19': 85.88, '20-29': 87.97, '30-39': 86.66, '40-49': 84.25, 'old': 85.58, 'new': 84.25, 'harmonic': 84.91}
2026-07-24 23:20:11,180 [trainer.py] => CNN top1 curve: [95.17, 94.21, 92.7, 90.25, 85.32]
2026-07-24 23:20:11,180 [trainer.py] => CNN top5 curve: [99.9, 99.58, 98.97, 98.58, 97.23]
2026-07-24 23:20:11,180 [trainer.py] => Average Accuracy (CNN top1): 91.53
2026-07-24 23:20:11,181 [area.py] => Learning on 50-60
2026-07-25 01:07:46,398 [trainer.py] => CNN: {'total': 84.68, '00-09': 79.41, '10-19': 84.39, '20-29': 89.7, '30-39': 85.18, '40-49': 80.54, '50-59': 88.86, 'old': 83.84, 'new': 88.86, 'harmonic': 86.28}
2026-07-25 01:07:46,399 [trainer.py] => CNN top1 curve: [95.17, 94.21, 92.7, 90.25, 85.32, 84.68]
2026-07-25 01:07:46,399 [trainer.py] => CNN top5 curve: [99.9, 99.58, 98.97, 98.58, 97.23, 96.71]
2026-07-25 01:07:46,399 [trainer.py] => Average Accuracy (CNN top1): 90.38833333333332
2026-07-25 01:07:46,399 [area.py] => Learning on 60-70
2026-07-25 02:13:08,767 [trainer.py] => CNN: {'total': 84.21, '00-09': 79.31, '10-19': 82.24, '20-29': 87.0, '30-39': 85.42, '40-49': 81.34, '50-59': 87.33, '60-69': 86.87, 'old': 83.77, 'new': 86.87, 'harmonic': 85.29}
2026-07-25 02:13:08,767 [trainer.py] => CNN top1 curve: [95.17, 94.21, 92.7, 90.25, 85.32, 84.68, 84.21]
2026-07-25 02:13:08,767 [trainer.py] => CNN top5 curve: [99.9, 99.58, 98.97, 98.58, 97.23, 96.71, 96.49]
2026-07-25 02:13:08,767 [trainer.py] => Average Accuracy (CNN top1): 89.50571428571428
2026-07-25 02:13:08,768 [area.py] => Learning on 70-80
2026-07-25 03:21:11,304 [trainer.py] => CNN: {'total': 82.34, '00-09': 76.18, '10-19': 81.28, '20-29': 83.94, '30-39': 85.13, '40-49': 79.69, '50-59': 87.33, '60-69': 82.0, '70-79': 83.09, 'old': 82.24, 'new': 83.09, 'harmonic': 82.66}
2026-07-25 03:21:11,304 [trainer.py] => CNN top1 curve: [95.17, 94.21, 92.7, 90.25, 85.32, 84.68, 84.21, 82.34]
2026-07-25 03:21:11,304 [trainer.py] => CNN top5 curve: [99.9, 99.58, 98.97, 98.58, 97.23, 96.71, 96.49, 95.89]
2026-07-25 03:21:11,305 [trainer.py] => Average Accuracy (CNN top1): 88.61
2026-07-25 03:21:11,306 [area.py] => Learning on 80-90
2026-07-25 04:33:26,920 [trainer.py] => CNN: {'total': 82.49, '00-09': 76.23, '10-19': 81.91, '20-29': 81.86, '30-39': 85.13, '40-49': 78.74, '50-59': 86.94, '60-69': 79.67, '70-79': 82.04, '80-89': 89.86, 'old': 81.59, 'new': 89.86, 'harmonic': 85.53}
2026-07-25 04:33:26,921 [trainer.py] => CNN top1 curve: [95.17, 94.21, 92.7, 90.25, 85.32, 84.68, 84.21, 82.34, 82.49]
2026-07-25 04:33:26,921 [trainer.py] => CNN top5 curve: [99.9, 99.58, 98.97, 98.58, 97.23, 96.71, 96.49, 95.89, 95.92]
2026-07-25 04:33:26,921 [trainer.py] => Average Accuracy (CNN top1): 87.93
2026-07-25 04:33:26,921 [area.py] => Learning on 90-100
2026-07-25 05:49:53,246 [trainer.py] => CNN: {'total': 81.62, '00-09': 75.23, '10-19': 79.89, '20-29': 81.45, '30-39': 84.38, '40-49': 77.53, '50-59': 85.67, '60-69': 79.06, '70-79': 81.85, '80-89': 89.09, '90-99': 82.07, 'old': 81.57, 'new': 82.07, 'harmonic': 81.82}
2026-07-25 05:49:53,247 [trainer.py] => CNN top1 curve: [95.17, 94.21, 92.7, 90.25, 85.32, 84.68, 84.21, 82.34, 82.49, 81.62]
2026-07-25 05:49:53,247 [trainer.py] => CNN top5 curve: [99.9, 99.58, 98.97, 98.58, 97.23, 96.71, 96.49, 95.89, 95.92, 95.51]
2026-07-25 05:49:53,248 [trainer.py] => Average Accuracy (CNN top1): 87.299
