2026-08-13 01:37:41,355 [trainer.py] => config: /home/team/zhaohongwei/Code/Research/Awesome-MMCL/configs/area/area_food_B0_Inc10.json
2026-08-13 01:37:41,355 [trainer.py] => dataset: food101
2026-08-13 01:37:41,355 [trainer.py] => shuffle: True
2026-08-13 01:37:41,355 [trainer.py] => init_cls: 10
2026-08-13 01:37:41,356 [trainer.py] => increment: 10
2026-08-13 01:37:41,356 [trainer.py] => model_name: area
2026-08-13 01:37:41,356 [trainer.py] => backbone_type: clip
2026-08-13 01:37:41,356 [trainer.py] => clip_pretrained: laion400m_e32
2026-08-13 01:37:41,356 [trainer.py] => device: [device(type='cuda', index=0)]
2026-08-13 01:37:41,356 [trainer.py] => seed: 0
2026-08-13 01:37:41,356 [trainer.py] => epochs: 20
2026-08-13 01:37:41,356 [trainer.py] => milestones: [8, 15]
2026-08-13 01:37:41,356 [trainer.py] => init_lr: 0.01
2026-08-13 01:37:41,357 [trainer.py] => batch_size: 64
2026-08-13 01:37:41,357 [trainer.py] => weight_decay: 0.05
2026-08-13 01:37:41,357 [trainer.py] => optimizer: sgd
2026-08-13 01:37:41,357 [trainer.py] => samples_per_class: 4
2026-08-13 01:37:41,357 [trainer.py] => K: 8
2026-08-13 01:37:41,357 [trainer.py] => vib_lambda: 1
2026-08-13 01:37:41,357 [trainer.py] => precomputed_basis_path: ./precomputed_basis/area/food
2026-08-13 01:37:41,357 [trainer.py] => g_lambda: 0.5
2026-08-13 01:37:41,357 [trainer.py] => num_workers: 8
2026-08-13 01:37:43,271 [data_manager.py] => [26, 86, 2, 55, 75, 93, 16, 73, 54, 95, 53, 92, 78, 13, 7, 30, 22, 24, 33, 8, 43, 62, 3, 71, 45, 48, 6, 99, 82, 76, 60, 80, 90, 68, 51, 27, 18, 56, 63, 74, 1, 61, 42, 41, 4, 15, 17, 40, 38, 5, 91, 59, 0, 34, 28, 50, 11, 35, 23, 52, 10, 31, 66, 57, 79, 85, 32, 84, 14, 89, 19, 29, 49, 97, 98, 69, 20, 94, 72, 77, 25, 37, 81, 46, 39, 65, 58, 12, 88, 70, 87, 36, 21, 83, 9, 96, 67, 64, 47, 44]
2026-08-13 01:38:18,644 [instantiator.py] => Created a temporary directory at /tmp/tmplte1jd5i
2026-08-13 01:38:18,645 [instantiator.py] => Writing /tmp/tmplte1jd5i/_remote_module_non_scriptable.py
2026-08-13 01:38:20,488 [factory.py] => Loaded ViT-B-16 model config.
2026-08-13 01:38:22,091 [factory.py] => Loading pretrained ViT-B-16 weights (/home/team/zhaohongwei/pretrained_models/open_clip_pytorch_model_laion400m_e32.bin).
2026-08-13 01:38:30,335 [area.py] => Learning on 0-10
2026-08-13 01:38:31,233 [area.py] => Loading AREA basis cache from precomputed_basis/area/food/seed_0/textual_base_matrices.pth
2026-08-13 01:38:31,294 [area.py] => Loading AREA basis cache from precomputed_basis/area/food/seed_0/visual_base_matrices.pth
2026-08-13 02:31:59,159 [trainer.py] => CNN: {'total': 96.59, '00-09': 96.59, 'old': 0, 'new': 96.59, 'harmonic': 0.0}
2026-08-13 02:31:59,159 [trainer.py] => CNN top1 curve: [96.59]
2026-08-13 02:31:59,159 [trainer.py] => CNN top5 curve: [99.95]
2026-08-13 02:31:59,159 [trainer.py] => Average Accuracy (CNN top1): 96.59
2026-08-13 02:31:59,160 [area.py] => Learning on 10-20
2026-08-13 03:25:57,076 [trainer.py] => CNN: {'total': 95.36, '00-09': 94.68, '10-19': 96.05, 'old': 94.68, 'new': 96.05, 'harmonic': 95.36}
2026-08-13 03:25:57,077 [trainer.py] => CNN top1 curve: [96.59, 95.36]
2026-08-13 03:25:57,077 [trainer.py] => CNN top5 curve: [99.95, 99.5]
2026-08-13 03:25:57,077 [trainer.py] => Average Accuracy (CNN top1): 95.975
2026-08-13 03:25:57,078 [area.py] => Learning on 20-30
2026-08-13 04:22:08,642 [trainer.py] => CNN: {'total': 93.77, '00-09': 93.33, '10-19': 93.31, '20-29': 94.63, 'old': 93.32, 'new': 94.63, 'harmonic': 93.97}
2026-08-13 04:22:08,642 [trainer.py] => CNN top1 curve: [96.59, 95.36, 93.77]
2026-08-13 04:22:08,642 [trainer.py] => CNN top5 curve: [99.95, 99.5, 99.19]
2026-08-13 04:22:08,642 [trainer.py] => Average Accuracy (CNN top1): 95.24
2026-08-13 04:22:08,643 [area.py] => Learning on 30-40
2026-08-13 05:20:56,947 [trainer.py] => CNN: {'total': 92.7, '00-09': 92.62, '10-19': 92.05, '20-29': 92.07, '30-39': 94.03, 'old': 92.25, 'new': 94.03, 'harmonic': 93.13}
2026-08-13 05:20:56,947 [trainer.py] => CNN top1 curve: [96.59, 95.36, 93.77, 92.7]
2026-08-13 05:20:56,947 [trainer.py] => CNN top5 curve: [99.95, 99.5, 99.19, 98.75]
2026-08-13 05:20:56,948 [trainer.py] => Average Accuracy (CNN top1): 94.60499999999999
2026-08-13 05:20:56,953 [area.py] => Learning on 40-50
2026-08-13 06:28:30,572 [trainer.py] => CNN: {'total': 90.23, '00-09': 89.96, '10-19': 90.98, '20-29': 88.59, '30-39': 91.24, '40-49': 90.43, 'old': 90.18, 'new': 90.43, 'harmonic': 90.3}
2026-08-13 06:28:30,575 [trainer.py] => CNN top1 curve: [96.59, 95.36, 93.77, 92.7, 90.23]
2026-08-13 06:28:30,575 [trainer.py] => CNN top5 curve: [99.95, 99.5, 99.19, 98.75, 98.29]
2026-08-13 06:28:30,575 [trainer.py] => Average Accuracy (CNN top1): 93.72999999999999
2026-08-13 06:28:30,576 [area.py] => Learning on 50-60
2026-08-13 07:41:41,862 [trainer.py] => CNN: {'total': 88.92, '00-09': 90.17, '10-19': 90.12, '20-29': 86.07, '30-39': 89.08, '40-49': 88.49, '50-59': 89.73, 'old': 88.77, 'new': 89.73, 'harmonic': 89.25}
2026-08-13 07:41:41,862 [trainer.py] => CNN top1 curve: [96.59, 95.36, 93.77, 92.7, 90.23, 88.92]
2026-08-13 07:41:41,862 [trainer.py] => CNN top5 curve: [99.95, 99.5, 99.19, 98.75, 98.29, 98.0]
2026-08-13 07:41:41,862 [trainer.py] => Average Accuracy (CNN top1): 92.92833333333333
2026-08-13 07:41:41,863 [area.py] => Learning on 60-70
2026-08-13 09:08:23,150 [trainer.py] => CNN: {'total': 87.08, '00-09': 86.3, '10-19': 87.23, '20-29': 86.07, '30-39': 88.84, '40-49': 87.24, '50-59': 87.72, '60-69': 86.16, 'old': 87.23, 'new': 86.16, 'harmonic': 86.69}
2026-08-13 09:08:23,150 [trainer.py] => CNN top1 curve: [96.59, 95.36, 93.77, 92.7, 90.23, 88.92, 87.08]
2026-08-13 09:08:23,150 [trainer.py] => CNN top5 curve: [99.95, 99.5, 99.19, 98.75, 98.29, 98.0, 97.42]
2026-08-13 09:08:23,150 [trainer.py] => Average Accuracy (CNN top1): 92.09285714285714
2026-08-13 09:08:23,151 [area.py] => Learning on 70-80
2026-08-13 10:38:57,457 [trainer.py] => CNN: {'total': 86.48, '00-09': 86.95, '10-19': 87.54, '20-29': 84.86, '30-39': 87.81, '40-49': 85.3, '50-59': 87.22, '60-69': 83.65, '70-79': 88.64, 'old': 86.19, 'new': 88.64, 'harmonic': 87.4}
2026-08-13 10:38:57,457 [trainer.py] => CNN top1 curve: [96.59, 95.36, 93.77, 92.7, 90.23, 88.92, 87.08, 86.48]
2026-08-13 10:38:57,457 [trainer.py] => CNN top5 curve: [99.95, 99.5, 99.19, 98.75, 98.29, 98.0, 97.42, 97.1]
2026-08-13 10:38:57,457 [trainer.py] => Average Accuracy (CNN top1): 91.39125
2026-08-13 10:38:57,458 [area.py] => Learning on 80-90
2026-08-13 12:29:01,625 [trainer.py] => CNN: {'total': 84.34, '00-09': 83.89, '10-19': 85.87, '20-29': 81.53, '30-39': 85.95, '40-49': 83.91, '50-59': 85.51, '60-69': 82.9, '70-79': 83.48, '80-89': 86.13, 'old': 84.12, 'new': 86.13, 'harmonic': 85.11}
2026-08-13 12:29:01,625 [trainer.py] => CNN top1 curve: [96.59, 95.36, 93.77, 92.7, 90.23, 88.92, 87.08, 86.48, 84.34]
2026-08-13 12:29:01,625 [trainer.py] => CNN top5 curve: [99.95, 99.5, 99.19, 98.75, 98.29, 98.0, 97.42, 97.1, 96.51]
2026-08-13 12:29:01,625 [trainer.py] => Average Accuracy (CNN top1): 90.60777777777778
2026-08-13 12:29:01,626 [area.py] => Learning on 90-100
2026-08-13 14:57:00,952 [trainer.py] => CNN: {'total': 82.56, '00-09': 82.29, '10-19': 83.79, '20-29': 79.5, '30-39': 85.07, '40-49': 82.96, '50-59': 85.05, '60-69': 81.64, '70-79': 82.34, '80-89': 82.19, '90-99': 80.87, 'old': 82.75, 'new': 80.87, 'harmonic': 81.8}
2026-08-13 14:57:00,952 [trainer.py] => CNN top1 curve: [96.59, 95.36, 93.77, 92.7, 90.23, 88.92, 87.08, 86.48, 84.34, 82.56]
2026-08-13 14:57:00,952 [trainer.py] => CNN top5 curve: [99.95, 99.5, 99.19, 98.75, 98.29, 98.0, 97.42, 97.1, 96.51, 95.84]
2026-08-13 14:57:00,952 [trainer.py] => Average Accuracy (CNN top1): 89.803
