2026-08-13 01:37:41,354 [trainer.py] => config: /home/team/zhaohongwei/Code/Research/Awesome-MMCL/configs/area/area_food_B50_Inc10.json
2026-08-13 01:37:41,355 [trainer.py] => dataset: food101
2026-08-13 01:37:41,355 [trainer.py] => shuffle: True
2026-08-13 01:37:41,355 [trainer.py] => init_cls: 50
2026-08-13 01:37:41,355 [trainer.py] => increment: 10
2026-08-13 01:37:41,355 [trainer.py] => model_name: area
2026-08-13 01:37:41,355 [trainer.py] => backbone_type: clip
2026-08-13 01:37:41,356 [trainer.py] => clip_pretrained: laion400m_e32
2026-08-13 01:37:41,356 [trainer.py] => device: [device(type='cuda', index=0)]
2026-08-13 01:37:41,356 [trainer.py] => seed: 0
2026-08-13 01:37:41,356 [trainer.py] => epochs: 20
2026-08-13 01:37:41,356 [trainer.py] => milestones: [8, 15]
2026-08-13 01:37:41,356 [trainer.py] => init_lr: 0.01
2026-08-13 01:37:41,356 [trainer.py] => batch_size: 64
2026-08-13 01:37:41,356 [trainer.py] => weight_decay: 0.05
2026-08-13 01:37:41,356 [trainer.py] => optimizer: sgd
2026-08-13 01:37:41,357 [trainer.py] => samples_per_class: 4
2026-08-13 01:37:41,357 [trainer.py] => K: 8
2026-08-13 01:37:41,357 [trainer.py] => vib_lambda: 1
2026-08-13 01:37:41,357 [trainer.py] => precomputed_basis_path: ./precomputed_basis/area/food
2026-08-13 01:37:41,357 [trainer.py] => g_lambda: 0.5
2026-08-13 01:37:41,357 [trainer.py] => num_workers: 8
2026-08-13 01:37:43,269 [data_manager.py] => [26, 86, 2, 55, 75, 93, 16, 73, 54, 95, 53, 92, 78, 13, 7, 30, 22, 24, 33, 8, 43, 62, 3, 71, 45, 48, 6, 99, 82, 76, 60, 80, 90, 68, 51, 27, 18, 56, 63, 74, 1, 61, 42, 41, 4, 15, 17, 40, 38, 5, 91, 59, 0, 34, 28, 50, 11, 35, 23, 52, 10, 31, 66, 57, 79, 85, 32, 84, 14, 89, 19, 29, 49, 97, 98, 69, 20, 94, 72, 77, 25, 37, 81, 46, 39, 65, 58, 12, 88, 70, 87, 36, 21, 83, 9, 96, 67, 64, 47, 44]
2026-08-13 01:38:18,644 [instantiator.py] => Created a temporary directory at /tmp/tmpbwm3f_6s
2026-08-13 01:38:18,645 [instantiator.py] => Writing /tmp/tmpbwm3f_6s/_remote_module_non_scriptable.py
2026-08-13 01:38:20,488 [factory.py] => Loaded ViT-B-16 model config.
2026-08-13 01:38:22,118 [factory.py] => Loading pretrained ViT-B-16 weights (/home/team/zhaohongwei/pretrained_models/open_clip_pytorch_model_laion400m_e32.bin).
2026-08-13 01:38:30,337 [area.py] => Learning on 0-50
2026-08-13 01:38:31,233 [area.py] => Loading AREA basis cache from precomputed_basis/area/food/seed_0/textual_base_matrices.pth
2026-08-13 01:38:31,294 [area.py] => Loading AREA basis cache from precomputed_basis/area/food/seed_0/visual_base_matrices.pth
2026-08-13 05:57:39,208 [trainer.py] => CNN: {'total': 91.63, '00-09': 92.37, '10-19': 91.64, '20-29': 91.34, '30-39': 93.83, '40-49': 88.94, 'old': 0, 'new': 91.63, 'harmonic': 0.0}
2026-08-13 05:57:39,210 [trainer.py] => CNN top1 curve: [91.63]
2026-08-13 05:57:39,210 [trainer.py] => CNN top5 curve: [98.57]
2026-08-13 05:57:39,210 [trainer.py] => Average Accuracy (CNN top1): 91.63
2026-08-13 05:57:39,211 [area.py] => Learning on 50-60
2026-08-13 07:13:45,978 [trainer.py] => CNN: {'total': 90.3, '00-09': 91.02, '10-19': 90.02, '20-29': 88.73, '30-39': 91.34, '40-49': 89.19, '50-59': 91.55, 'old': 90.05, 'new': 91.55, 'harmonic': 90.79}
2026-08-13 07:13:45,979 [trainer.py] => CNN top1 curve: [91.63, 90.3]
2026-08-13 07:13:45,979 [trainer.py] => CNN top5 curve: [98.57, 98.44]
2026-08-13 07:13:45,979 [trainer.py] => Average Accuracy (CNN top1): 90.965
2026-08-13 07:13:45,979 [area.py] => Learning on 60-70
2026-08-13 08:32:43,303 [trainer.py] => CNN: {'total': 89.29, '00-09': 90.37, '10-19': 89.36, '20-29': 87.77, '30-39': 90.75, '40-49': 88.19, '50-59': 89.13, '60-69': 89.52, 'old': 89.26, 'new': 89.52, 'harmonic': 89.39}
2026-08-13 08:32:43,303 [trainer.py] => CNN top1 curve: [91.63, 90.3, 89.29]
2026-08-13 08:32:43,303 [trainer.py] => CNN top5 curve: [98.57, 98.44, 98.25]
2026-08-13 08:32:43,303 [trainer.py] => Average Accuracy (CNN top1): 90.40666666666668
2026-08-13 08:32:43,304 [area.py] => Learning on 70-80
2026-08-13 09:59:20,994 [trainer.py] => CNN: {'total': 88.5, '00-09': 88.86, '10-19': 88.6, '20-29': 87.81, '30-39': 90.8, '40-49': 87.19, '50-59': 87.57, '60-69': 86.76, '70-79': 90.4, 'old': 88.23, 'new': 90.4, 'harmonic': 89.3}
2026-08-13 09:59:20,995 [trainer.py] => CNN top1 curve: [91.63, 90.3, 89.29, 88.5]
2026-08-13 09:59:20,995 [trainer.py] => CNN top5 curve: [98.57, 98.44, 98.25, 97.92]
2026-08-13 09:59:20,995 [trainer.py] => Average Accuracy (CNN top1): 89.93
2026-08-13 09:59:20,995 [area.py] => Learning on 80-90
2026-08-13 11:31:09,415 [trainer.py] => CNN: {'total': 87.47, '00-09': 86.35, '10-19': 87.94, '20-29': 86.07, '30-39': 90.01, '40-49': 86.35, '50-59': 87.92, '60-69': 85.71, '70-79': 86.78, '80-89': 90.08, 'old': 87.15, 'new': 90.08, 'harmonic': 88.59}
2026-08-13 11:31:09,415 [trainer.py] => CNN top1 curve: [91.63, 90.3, 89.29, 88.5, 87.47]
2026-08-13 11:31:09,415 [trainer.py] => CNN top5 curve: [98.57, 98.44, 98.25, 97.92, 97.65]
2026-08-13 11:31:09,416 [trainer.py] => Average Accuracy (CNN top1): 89.43800000000002
2026-08-13 11:31:09,416 [area.py] => Learning on 90-100
2026-08-13 13:09:55,871 [trainer.py] => CNN: {'total': 86.27, '00-09': 84.95, '10-19': 86.63, '20-29': 84.82, '30-39': 89.23, '40-49': 86.25, '50-59': 87.07, '60-69': 85.16, '70-79': 86.06, '80-89': 87.35, '90-99': 85.19, 'old': 86.39, 'new': 85.19, 'harmonic': 85.79}
2026-08-13 13:09:55,872 [trainer.py] => CNN top1 curve: [91.63, 90.3, 89.29, 88.5, 87.47, 86.27]
2026-08-13 13:09:55,872 [trainer.py] => CNN top5 curve: [98.57, 98.44, 98.25, 97.92, 97.65, 97.29]
2026-08-13 13:09:55,872 [trainer.py] => Average Accuracy (CNN top1): 88.91000000000001
