2026-08-05 10:46:44,325 [trainer.py] => config: /dev/stdin
2026-08-05 10:46:44,325 [trainer.py] => dataset: imagenetr
2026-08-05 10:46:44,325 [trainer.py] => shuffle: True
2026-08-05 10:46:44,325 [trainer.py] => init_cls: 100
2026-08-05 10:46:44,325 [trainer.py] => increment: 20
2026-08-05 10:46:44,325 [trainer.py] => model_name: area
2026-08-05 10:46:44,325 [trainer.py] => backbone_type: clip
2026-08-05 10:46:44,325 [trainer.py] => clip_pretrained: laion400m_e32
2026-08-05 10:46:44,325 [trainer.py] => device: [device(type='cuda', index=5)]
2026-08-05 10:46:44,325 [trainer.py] => seed: 0
2026-08-05 10:46:44,325 [trainer.py] => epochs: 20
2026-08-05 10:46:44,326 [trainer.py] => milestones: [8, 15]
2026-08-05 10:46:44,326 [trainer.py] => init_lr: 0.01
2026-08-05 10:46:44,326 [trainer.py] => batch_size: 64
2026-08-05 10:46:44,326 [trainer.py] => weight_decay: 0.05
2026-08-05 10:46:44,326 [trainer.py] => optimizer: sgd
2026-08-05 10:46:44,326 [trainer.py] => samples_per_class: 4
2026-08-05 10:46:44,326 [trainer.py] => K: 8
2026-08-05 10:46:44,326 [trainer.py] => vib_lambda: 1
2026-08-05 10:46:44,326 [trainer.py] => precomputed_basis_path: ./precomputed_basis/area/imagenet-r
2026-08-05 10:46:44,326 [trainer.py] => g_lambda: 0.5
2026-08-05 10:46:44,326 [trainer.py] => num_workers: 8
2026-08-05 10:46:44,473 [data_manager.py] => [18, 170, 107, 98, 177, 182, 5, 146, 12, 152, 61, 125, 180, 154, 80, 7, 33, 130, 37, 74, 183, 145, 45, 159, 60, 123, 179, 185, 122, 44, 16, 55, 150, 111, 22, 189, 129, 4, 83, 106, 134, 66, 26, 113, 168, 63, 8, 75, 118, 143, 71, 124, 184, 97, 149, 24, 30, 160, 40, 56, 131, 96, 181, 19, 153, 92, 54, 163, 51, 86, 139, 90, 137, 101, 144, 89, 109, 14, 27, 141, 187, 46, 138, 195, 108, 62, 2, 59, 136, 197, 43, 10, 194, 73, 196, 178, 175, 126, 93, 112, 158, 191, 50, 0, 94, 110, 95, 64, 167, 41, 69, 49, 48, 85, 13, 161, 23, 186, 135, 20, 15, 78, 104, 52, 100, 76, 3, 116, 164, 198, 6, 68, 84, 121, 155, 171, 156, 91, 199, 11, 119, 102, 35, 57, 65, 1, 120, 162, 42, 105, 132, 173, 17, 38, 133, 53, 157, 128, 34, 28, 114, 151, 31, 166, 127, 176, 32, 142, 169, 147, 29, 99, 82, 79, 115, 148, 193, 72, 77, 25, 165, 81, 188, 174, 190, 39, 58, 140, 88, 70, 87, 36, 21, 9, 103, 67, 192, 117, 47, 172]
2026-08-05 10:46:45,729 [instantiator.py] => Created a temporary directory at /tmp/tmp8wbrln9h
2026-08-05 10:46:45,729 [instantiator.py] => Writing /tmp/tmp8wbrln9h/_remote_module_non_scriptable.py
2026-08-05 10:46:45,870 [factory.py] => Loaded ViT-B-16 model config.
2026-08-12 15:40:19,182 [trainer.py] => config: /home/team/zhaohongwei/Code/Research/Awesome-MMCL/configs/area/area_inr_B100_Inc20.json
2026-08-12 15:40:19,182 [trainer.py] => dataset: imagenetr
2026-08-12 15:40:19,182 [trainer.py] => shuffle: True
2026-08-12 15:40:19,182 [trainer.py] => init_cls: 100
2026-08-12 15:40:19,182 [trainer.py] => increment: 20
2026-08-12 15:40:19,183 [trainer.py] => model_name: area
2026-08-12 15:40:19,183 [trainer.py] => backbone_type: clip
2026-08-12 15:40:19,183 [trainer.py] => clip_pretrained: laion400m_e32
2026-08-12 15:40:19,183 [trainer.py] => device: [device(type='cuda', index=0)]
2026-08-12 15:40:19,183 [trainer.py] => seed: 0
2026-08-12 15:40:19,183 [trainer.py] => epochs: 20
2026-08-12 15:40:19,183 [trainer.py] => milestones: [8, 15]
2026-08-12 15:40:19,183 [trainer.py] => init_lr: 0.01
2026-08-12 15:40:19,183 [trainer.py] => batch_size: 64
2026-08-12 15:40:19,183 [trainer.py] => weight_decay: 0.05
2026-08-12 15:40:19,183 [trainer.py] => optimizer: sgd
2026-08-12 15:40:19,183 [trainer.py] => samples_per_class: 4
2026-08-12 15:40:19,183 [trainer.py] => K: 8
2026-08-12 15:40:19,183 [trainer.py] => vib_lambda: 1
2026-08-12 15:40:19,183 [trainer.py] => precomputed_basis_path: ./precomputed_basis/area/imagenet-r
2026-08-12 15:40:19,183 [trainer.py] => g_lambda: 0.5
2026-08-12 15:40:19,183 [trainer.py] => num_workers: 8
2026-08-12 15:40:19,360 [data_manager.py] => [18, 170, 107, 98, 177, 182, 5, 146, 12, 152, 61, 125, 180, 154, 80, 7, 33, 130, 37, 74, 183, 145, 45, 159, 60, 123, 179, 185, 122, 44, 16, 55, 150, 111, 22, 189, 129, 4, 83, 106, 134, 66, 26, 113, 168, 63, 8, 75, 118, 143, 71, 124, 184, 97, 149, 24, 30, 160, 40, 56, 131, 96, 181, 19, 153, 92, 54, 163, 51, 86, 139, 90, 137, 101, 144, 89, 109, 14, 27, 141, 187, 46, 138, 195, 108, 62, 2, 59, 136, 197, 43, 10, 194, 73, 196, 178, 175, 126, 93, 112, 158, 191, 50, 0, 94, 110, 95, 64, 167, 41, 69, 49, 48, 85, 13, 161, 23, 186, 135, 20, 15, 78, 104, 52, 100, 76, 3, 116, 164, 198, 6, 68, 84, 121, 155, 171, 156, 91, 199, 11, 119, 102, 35, 57, 65, 1, 120, 162, 42, 105, 132, 173, 17, 38, 133, 53, 157, 128, 34, 28, 114, 151, 31, 166, 127, 176, 32, 142, 169, 147, 29, 99, 82, 79, 115, 148, 193, 72, 77, 25, 165, 81, 188, 174, 190, 39, 58, 140, 88, 70, 87, 36, 21, 9, 103, 67, 192, 117, 47, 172]
2026-08-12 15:40:20,587 [instantiator.py] => Created a temporary directory at /tmp/tmp6b2e0o70
2026-08-12 15:40:20,588 [instantiator.py] => Writing /tmp/tmp6b2e0o70/_remote_module_non_scriptable.py
2026-08-12 15:40:20,726 [factory.py] => Loaded ViT-B-16 model config.
2026-08-12 15:40:22,164 [factory.py] => Loading pretrained ViT-B-16 weights (/home/team/zhaohongwei/pretrained_models/open_clip_pytorch_model_laion400m_e32.bin).
2026-08-12 15:40:23,020 [area.py] => Learning on 0-100
2026-08-12 15:40:23,318 [area.py] => Loading AREA basis cache from precomputed_basis/area/imagenet-r/seed_0/textual_base_matrices.pth
2026-08-12 15:40:23,320 [area.py] => Loading AREA basis cache from precomputed_basis/area/imagenet-r/seed_0/visual_base_matrices.pth
2026-08-12 18:10:40,134 [trainer.py] => config: /home/team/zhaohongwei/Code/Research/Awesome-MMCL/configs/area/area_inr_B100_Inc20.json
2026-08-12 18:10:40,134 [trainer.py] => dataset: imagenetr
2026-08-12 18:10:40,134 [trainer.py] => shuffle: True
2026-08-12 18:10:40,134 [trainer.py] => init_cls: 100
2026-08-12 18:10:40,134 [trainer.py] => increment: 20
2026-08-12 18:10:40,134 [trainer.py] => model_name: area
2026-08-12 18:10:40,134 [trainer.py] => backbone_type: clip
2026-08-12 18:10:40,134 [trainer.py] => clip_pretrained: laion400m_e32
2026-08-12 18:10:40,134 [trainer.py] => device: [device(type='cuda', index=0)]
2026-08-12 18:10:40,134 [trainer.py] => seed: 0
2026-08-12 18:10:40,134 [trainer.py] => epochs: 20
2026-08-12 18:10:40,134 [trainer.py] => milestones: [8, 15]
2026-08-12 18:10:40,134 [trainer.py] => init_lr: 0.01
2026-08-12 18:10:40,134 [trainer.py] => batch_size: 64
2026-08-12 18:10:40,134 [trainer.py] => weight_decay: 0.05
2026-08-12 18:10:40,134 [trainer.py] => optimizer: sgd
2026-08-12 18:10:40,134 [trainer.py] => samples_per_class: 4
2026-08-12 18:10:40,134 [trainer.py] => K: 8
2026-08-12 18:10:40,134 [trainer.py] => vib_lambda: 1
2026-08-12 18:10:40,134 [trainer.py] => precomputed_basis_path: ./precomputed_basis/area/imagenet-r
2026-08-12 18:10:40,135 [trainer.py] => g_lambda: 0.5
2026-08-12 18:10:40,135 [trainer.py] => num_workers: 8
2026-08-12 18:10:40,287 [data_manager.py] => [18, 170, 107, 98, 177, 182, 5, 146, 12, 152, 61, 125, 180, 154, 80, 7, 33, 130, 37, 74, 183, 145, 45, 159, 60, 123, 179, 185, 122, 44, 16, 55, 150, 111, 22, 189, 129, 4, 83, 106, 134, 66, 26, 113, 168, 63, 8, 75, 118, 143, 71, 124, 184, 97, 149, 24, 30, 160, 40, 56, 131, 96, 181, 19, 153, 92, 54, 163, 51, 86, 139, 90, 137, 101, 144, 89, 109, 14, 27, 141, 187, 46, 138, 195, 108, 62, 2, 59, 136, 197, 43, 10, 194, 73, 196, 178, 175, 126, 93, 112, 158, 191, 50, 0, 94, 110, 95, 64, 167, 41, 69, 49, 48, 85, 13, 161, 23, 186, 135, 20, 15, 78, 104, 52, 100, 76, 3, 116, 164, 198, 6, 68, 84, 121, 155, 171, 156, 91, 199, 11, 119, 102, 35, 57, 65, 1, 120, 162, 42, 105, 132, 173, 17, 38, 133, 53, 157, 128, 34, 28, 114, 151, 31, 166, 127, 176, 32, 142, 169, 147, 29, 99, 82, 79, 115, 148, 193, 72, 77, 25, 165, 81, 188, 174, 190, 39, 58, 140, 88, 70, 87, 36, 21, 9, 103, 67, 192, 117, 47, 172]
2026-08-12 18:10:41,608 [instantiator.py] => Created a temporary directory at /tmp/tmp7qs__da1
2026-08-12 18:10:41,608 [instantiator.py] => Writing /tmp/tmp7qs__da1/_remote_module_non_scriptable.py
2026-08-12 18:10:41,743 [factory.py] => Loaded ViT-B-16 model config.
2026-08-12 18:10:43,489 [factory.py] => Loading pretrained ViT-B-16 weights (/home/team/zhaohongwei/pretrained_models/open_clip_pytorch_model_laion400m_e32.bin).
2026-08-12 18:10:47,219 [area.py] => Learning on 0-100
2026-08-12 18:10:47,696 [area.py] => Loading AREA basis cache from precomputed_basis/area/imagenet-r/seed_0/textual_base_matrices.pth
2026-08-12 18:10:47,699 [area.py] => Loading AREA basis cache from precomputed_basis/area/imagenet-r/seed_0/visual_base_matrices.pth
2026-08-12 20:03:34,963 [trainer.py] => CNN: {'total': 84.27, '00-09': 81.39, '10-19': 83.39, '20-29': 80.56, '30-39': 85.11, '40-49': 90.45, '50-59': 83.86, '60-69': 88.96, '70-79': 80.94, '80-89': 85.26, '90-99': 77.83, 'old': 0, 'new': 84.27, 'harmonic': 0.0}
2026-08-12 20:03:34,964 [trainer.py] => CNN top1 curve: [84.27]
2026-08-12 20:03:34,964 [trainer.py] => CNN top5 curve: [95.8]
2026-08-12 20:03:34,964 [trainer.py] => Average Accuracy (CNN top1): 84.27
2026-08-12 20:03:34,965 [area.py] => Learning on 100-120
2026-08-12 20:30:06,770 [trainer.py] => CNN: {'total': 84.29, '00-09': 84.54, '10-19': 84.13, '20-29': 80.95, '30-39': 83.59, '40-49': 88.07, '50-59': 82.28, '60-69': 88.33, '70-79': 81.27, '80-89': 86.86, '90-99': 76.09, '100-109': 85.14, '110-119': 85.63, 'old': 84.07, 'new': 85.41, 'harmonic': 84.73}
2026-08-12 20:30:06,770 [trainer.py] => CNN top1 curve: [84.27, 84.29]
2026-08-12 20:30:06,770 [trainer.py] => CNN top5 curve: [95.8, 95.67]
2026-08-12 20:30:06,770 [trainer.py] => Average Accuracy (CNN top1): 84.28
2026-08-12 20:30:06,771 [area.py] => Learning on 120-140
2026-08-12 20:56:52,997 [trainer.py] => CNN: {'total': 83.02, '00-09': 81.39, '10-19': 82.66, '20-29': 78.17, '30-39': 81.46, '40-49': 87.83, '50-59': 84.65, '60-69': 85.49, '70-79': 82.27, '80-89': 84.62, '90-99': 73.04, '100-109': 87.32, '110-119': 84.71, '120-129': 79.46, '130-139': 84.64, 'old': 83.18, 'new': 82.03, 'harmonic': 82.6}
2026-08-12 20:56:52,997 [trainer.py] => CNN top1 curve: [84.27, 84.29, 83.02]
2026-08-12 20:56:52,997 [trainer.py] => CNN top5 curve: [95.8, 95.67, 95.13]
2026-08-12 20:56:52,997 [trainer.py] => Average Accuracy (CNN top1): 83.86
2026-08-12 20:56:52,998 [area.py] => Learning on 140-160
2026-08-12 21:22:44,630 [trainer.py] => CNN: {'total': 81.4, '00-09': 82.65, '10-19': 80.07, '20-29': 78.17, '30-39': 81.16, '40-49': 87.11, '50-59': 81.5, '60-69': 84.54, '70-79': 77.93, '80-89': 82.05, '90-99': 70.0, '100-109': 85.14, '110-119': 82.87, '120-129': 79.12, '130-139': 87.37, '140-149': 74.92, '150-159': 82.18, 'old': 81.8, 'new': 78.57, 'harmonic': 80.15}
2026-08-12 21:22:44,631 [trainer.py] => CNN top1 curve: [84.27, 84.29, 83.02, 81.4]
2026-08-12 21:22:44,631 [trainer.py] => CNN top5 curve: [95.8, 95.67, 95.13, 94.43]
2026-08-12 21:22:44,631 [trainer.py] => Average Accuracy (CNN top1): 83.245
2026-08-12 21:22:44,632 [area.py] => Learning on 160-180
2026-08-12 21:50:18,209 [trainer.py] => CNN: {'total': 80.71, '00-09': 80.76, '10-19': 78.6, '20-29': 76.59, '30-39': 80.55, '40-49': 86.87, '50-59': 80.31, '60-69': 83.91, '70-79': 78.6, '80-89': 79.49, '90-99': 65.22, '100-109': 84.06, '110-119': 81.96, '120-129': 78.79, '130-139': 85.67, '140-149': 76.25, '150-159': 83.5, '160-169': 81.05, '170-179': 83.54, 'old': 80.5, 'new': 82.36, 'harmonic': 81.42}
2026-08-12 21:50:18,209 [trainer.py] => CNN top1 curve: [84.27, 84.29, 83.02, 81.4, 80.71]
2026-08-12 21:50:18,209 [trainer.py] => CNN top5 curve: [95.8, 95.67, 95.13, 94.43, 94.26]
2026-08-12 21:50:18,209 [trainer.py] => Average Accuracy (CNN top1): 82.738
2026-08-12 21:50:18,210 [area.py] => Learning on 180-200
2026-08-12 22:18:25,510 [trainer.py] => CNN: {'total': 80.35, '00-09': 79.5, '10-19': 78.97, '20-29': 75.4, '30-39': 77.51, '40-49': 85.44, '50-59': 80.71, '60-69': 84.23, '70-79': 78.26, '80-89': 79.17, '90-99': 63.91, '100-109': 83.7, '110-119': 80.73, '120-129': 78.11, '130-139': 84.98, '140-149': 75.25, '150-159': 84.16, '160-169': 82.81, '170-179': 83.86, '180-189': 80.86, '190-199': 83.06, 'old': 80.17, 'new': 81.95, 'harmonic': 81.05}
2026-08-12 22:18:25,510 [trainer.py] => CNN top1 curve: [84.27, 84.29, 83.02, 81.4, 80.71, 80.35]
2026-08-12 22:18:25,510 [trainer.py] => CNN top5 curve: [95.8, 95.67, 95.13, 94.43, 94.26, 94.38]
2026-08-12 22:18:25,510 [trainer.py] => Average Accuracy (CNN top1): 82.33999999999999
