2026-07-25 22:08:03,612 [trainer.py] => config: /dev/stdin
2026-07-25 22:08:03,613 [trainer.py] => dataset: imagenetr
2026-07-25 22:08:03,613 [trainer.py] => shuffle: True
2026-07-25 22:08:03,613 [trainer.py] => init_cls: 20
2026-07-25 22:08:03,613 [trainer.py] => increment: 20
2026-07-25 22:08:03,613 [trainer.py] => model_name: area
2026-07-25 22:08:03,613 [trainer.py] => backbone_type: clip
2026-07-25 22:08:03,613 [trainer.py] => clip_pretrained: laion400m_e32
2026-07-25 22:08:03,613 [trainer.py] => device: [device(type='cuda', index=6)]
2026-07-25 22:08:03,613 [trainer.py] => seed: 42
2026-07-25 22:08:03,613 [trainer.py] => epochs: 20
2026-07-25 22:08:03,613 [trainer.py] => milestones: [8, 15]
2026-07-25 22:08:03,613 [trainer.py] => init_lr: 0.01
2026-07-25 22:08:03,613 [trainer.py] => batch_size: 64
2026-07-25 22:08:03,613 [trainer.py] => weight_decay: 0.05
2026-07-25 22:08:03,613 [trainer.py] => optimizer: sgd
2026-07-25 22:08:03,613 [trainer.py] => samples_per_class: 4
2026-07-25 22:08:03,613 [trainer.py] => K: 8
2026-07-25 22:08:03,613 [trainer.py] => vib_lambda: 1
2026-07-25 22:08:03,613 [trainer.py] => precomputed_basis_path: ./precomputed_basis/area/imagenet-r
2026-07-25 22:08:03,613 [trainer.py] => g_lambda: 0.5
2026-07-25 22:08:03,613 [trainer.py] => num_workers: 8
2026-07-25 22:08:03,768 [data_manager.py] => [95, 15, 30, 158, 128, 115, 69, 170, 174, 45, 66, 182, 165, 78, 186, 177, 56, 152, 82, 68, 124, 16, 148, 93, 65, 60, 84, 67, 125, 132, 9, 18, 55, 75, 150, 104, 135, 137, 164, 76, 79, 197, 38, 24, 122, 195, 29, 19, 143, 86, 114, 173, 5, 126, 117, 73, 140, 98, 172, 96, 169, 97, 31, 12, 35, 119, 42, 189, 90, 136, 51, 127, 162, 41, 118, 113, 26, 139, 100, 111, 2, 77, 46, 187, 191, 85, 161, 36, 190, 61, 22, 141, 101, 33, 11, 194, 159, 6, 27, 120, 4, 32, 142, 145, 109, 144, 10, 62, 112, 146, 166, 0, 198, 153, 70, 123, 64, 44, 163, 28, 40, 108, 155, 156, 25, 23, 184, 147, 81, 39, 168, 47, 94, 154, 43, 138, 3, 105, 53, 133, 180, 178, 185, 49, 80, 34, 7, 110, 91, 83, 176, 181, 89, 8, 13, 59, 171, 131, 17, 72, 175, 134, 167, 183, 63, 54, 107, 50, 196, 58, 48, 88, 21, 57, 160, 192, 129, 37, 157, 193, 1, 52, 149, 130, 151, 103, 99, 116, 87, 74, 121, 199, 20, 188, 71, 106, 14, 92, 179, 102]
2026-07-25 22:08:05,146 [instantiator.py] => Created a temporary directory at /tmp/tmp9wt0ic0i
2026-07-25 22:08:05,147 [instantiator.py] => Writing /tmp/tmp9wt0ic0i/_remote_module_non_scriptable.py
2026-07-25 22:08:05,293 [factory.py] => Loaded ViT-B-16 model config.
2026-08-06 12:10:10,458 [trainer.py] => config: /dev/stdin
2026-08-06 12:10:10,458 [trainer.py] => dataset: imagenetr
2026-08-06 12:10:10,458 [trainer.py] => shuffle: True
2026-08-06 12:10:10,458 [trainer.py] => init_cls: 20
2026-08-06 12:10:10,458 [trainer.py] => increment: 20
2026-08-06 12:10:10,458 [trainer.py] => model_name: area
2026-08-06 12:10:10,458 [trainer.py] => backbone_type: clip
2026-08-06 12:10:10,458 [trainer.py] => clip_pretrained: laion400m_e32
2026-08-06 12:10:10,458 [trainer.py] => device: [device(type='cuda', index=5)]
2026-08-06 12:10:10,458 [trainer.py] => seed: 42
2026-08-06 12:10:10,458 [trainer.py] => epochs: 20
2026-08-06 12:10:10,458 [trainer.py] => milestones: [8, 15]
2026-08-06 12:10:10,458 [trainer.py] => init_lr: 0.01
2026-08-06 12:10:10,458 [trainer.py] => batch_size: 64
2026-08-06 12:10:10,458 [trainer.py] => weight_decay: 0.05
2026-08-06 12:10:10,458 [trainer.py] => optimizer: sgd
2026-08-06 12:10:10,458 [trainer.py] => samples_per_class: 4
2026-08-06 12:10:10,458 [trainer.py] => K: 8
2026-08-06 12:10:10,458 [trainer.py] => vib_lambda: 1
2026-08-06 12:10:10,458 [trainer.py] => precomputed_basis_path: ./precomputed_basis/area/imagenet-r
2026-08-06 12:10:10,458 [trainer.py] => g_lambda: 0.5
2026-08-06 12:10:10,458 [trainer.py] => num_workers: 8
2026-08-06 12:10:10,662 [data_manager.py] => [95, 15, 30, 158, 128, 115, 69, 170, 174, 45, 66, 182, 165, 78, 186, 177, 56, 152, 82, 68, 124, 16, 148, 93, 65, 60, 84, 67, 125, 132, 9, 18, 55, 75, 150, 104, 135, 137, 164, 76, 79, 197, 38, 24, 122, 195, 29, 19, 143, 86, 114, 173, 5, 126, 117, 73, 140, 98, 172, 96, 169, 97, 31, 12, 35, 119, 42, 189, 90, 136, 51, 127, 162, 41, 118, 113, 26, 139, 100, 111, 2, 77, 46, 187, 191, 85, 161, 36, 190, 61, 22, 141, 101, 33, 11, 194, 159, 6, 27, 120, 4, 32, 142, 145, 109, 144, 10, 62, 112, 146, 166, 0, 198, 153, 70, 123, 64, 44, 163, 28, 40, 108, 155, 156, 25, 23, 184, 147, 81, 39, 168, 47, 94, 154, 43, 138, 3, 105, 53, 133, 180, 178, 185, 49, 80, 34, 7, 110, 91, 83, 176, 181, 89, 8, 13, 59, 171, 131, 17, 72, 175, 134, 167, 183, 63, 54, 107, 50, 196, 58, 48, 88, 21, 57, 160, 192, 129, 37, 157, 193, 1, 52, 149, 130, 151, 103, 99, 116, 87, 74, 121, 199, 20, 188, 71, 106, 14, 92, 179, 102]
2026-08-06 12:10:12,036 [instantiator.py] => Created a temporary directory at /tmp/tmpentrqad7
2026-08-06 12:10:12,036 [instantiator.py] => Writing /tmp/tmpentrqad7/_remote_module_non_scriptable.py
2026-08-06 12:10:12,172 [factory.py] => Loaded ViT-B-16 model config.
2026-08-06 12:10:14,027 [factory.py] => Loading pretrained ViT-B-16 weights (laion400m_e32).
2026-08-06 12:10:14,840 [area.py] => Learning on 0-20
2026-08-06 12:10:15,557 [area.py] => Computing AREA textual base matrices
2026-08-06 12:10:20,694 [area.py] => Computing AREA visual base matrices
2026-08-06 12:33:50,326 [trainer.py] => CNN: {'total': 95.34, '00-09': 95.83, '10-19': 94.94, 'old': 0, 'new': 95.34, 'harmonic': 0.0}
2026-08-06 12:33:50,327 [trainer.py] => CNN top1 curve: [95.34]
2026-08-06 12:33:50,327 [trainer.py] => CNN top5 curve: [99.38]
2026-08-06 12:33:50,327 [trainer.py] => Average Accuracy (CNN top1): 95.34
2026-08-06 12:33:50,329 [area.py] => Learning on 20-40
2026-08-06 12:53:21,540 [trainer.py] => CNN: {'total': 90.35, '00-09': 90.28, '10-19': 92.13, '20-29': 86.72, '30-39': 91.24, 'old': 91.3, 'new': 89.34, 'harmonic': 90.31}
2026-08-06 12:53:21,540 [trainer.py] => CNN top1 curve: [95.34, 90.35]
2026-08-06 12:53:21,540 [trainer.py] => CNN top5 curve: [99.38, 98.48]
2026-08-06 12:53:21,540 [trainer.py] => Average Accuracy (CNN top1): 92.845
2026-08-06 12:53:21,541 [area.py] => Learning on 40-60
2026-08-06 13:12:52,101 [trainer.py] => CNN: {'total': 87.02, '00-09': 87.5, '10-19': 91.01, '20-29': 83.98, '30-39': 88.98, '40-49': 82.5, '50-59': 86.94, 'old': 88.2, 'new': 84.7, 'harmonic': 86.41}
2026-08-06 13:12:52,101 [trainer.py] => CNN top1 curve: [95.34, 90.35, 87.02]
2026-08-06 13:12:52,101 [trainer.py] => CNN top5 curve: [99.38, 98.48, 97.35]
2026-08-06 13:12:52,102 [trainer.py] => Average Accuracy (CNN top1): 90.90333333333332
2026-08-06 13:12:52,102 [area.py] => Learning on 60-80
2026-08-06 13:36:37,898 [trainer.py] => CNN: {'total': 85.73, '00-09': 86.11, '10-19': 88.76, '20-29': 80.08, '30-39': 88.14, '40-49': 82.19, '50-59': 86.62, '60-69': 86.35, '70-79': 85.95, 'old': 85.59, 'new': 86.15, 'harmonic': 85.87}
2026-08-06 13:36:37,898 [trainer.py] => CNN top1 curve: [95.34, 90.35, 87.02, 85.73]
2026-08-06 13:36:37,898 [trainer.py] => CNN top5 curve: [99.38, 98.48, 97.35, 96.33]
2026-08-06 13:36:37,898 [trainer.py] => Average Accuracy (CNN top1): 89.61
2026-08-06 13:36:37,899 [area.py] => Learning on 80-100
2026-08-06 14:04:42,439 [trainer.py] => CNN: {'total': 84.94, '00-09': 85.07, '10-19': 88.2, '20-29': 80.08, '30-39': 85.59, '40-49': 82.81, '50-59': 81.53, '60-69': 86.98, '70-79': 86.27, '80-89': 88.44, '90-99': 83.76, 'old': 84.73, 'new': 85.66, 'harmonic': 85.19}
2026-08-06 14:04:42,439 [trainer.py] => CNN top1 curve: [95.34, 90.35, 87.02, 85.73, 84.94]
2026-08-06 14:04:42,439 [trainer.py] => CNN top5 curve: [99.38, 98.48, 97.35, 96.33, 96.41]
2026-08-06 14:04:42,439 [trainer.py] => Average Accuracy (CNN top1): 88.676
2026-08-06 14:04:42,440 [area.py] => Learning on 100-120
2026-08-06 14:29:03,769 [trainer.py] => CNN: {'total': 84.1, '00-09': 82.64, '10-19': 87.08, '20-29': 79.3, '30-39': 86.16, '40-49': 81.25, '50-59': 81.21, '60-69': 86.67, '70-79': 84.64, '80-89': 86.39, '90-99': 84.45, '100-109': 83.11, '110-119': 84.47, 'old': 84.14, 'new': 83.9, 'harmonic': 84.02}
2026-08-06 14:29:03,769 [trainer.py] => CNN top1 curve: [95.34, 90.35, 87.02, 85.73, 84.94, 84.1]
2026-08-06 14:29:03,770 [trainer.py] => CNN top5 curve: [99.38, 98.48, 97.35, 96.33, 96.41, 95.67]
2026-08-06 14:29:03,770 [trainer.py] => Average Accuracy (CNN top1): 87.91333333333334
2026-08-06 14:29:03,770 [area.py] => Learning on 120-140
2026-08-06 14:53:12,129 [trainer.py] => CNN: {'total': 82.91, '00-09': 82.29, '10-19': 85.67, '20-29': 80.47, '30-39': 85.31, '40-49': 80.31, '50-59': 80.25, '60-69': 84.44, '70-79': 83.66, '80-89': 84.35, '90-99': 82.6, '100-109': 82.67, '110-119': 84.79, '120-129': 81.01, '130-139': 81.23, 'old': 83.15, 'new': 81.13, 'harmonic': 82.13}
2026-08-06 14:53:12,129 [trainer.py] => CNN top1 curve: [95.34, 90.35, 87.02, 85.73, 84.94, 84.1, 82.91]
2026-08-06 14:53:12,129 [trainer.py] => CNN top5 curve: [99.38, 98.48, 97.35, 96.33, 96.41, 95.67, 95.03]
2026-08-06 14:53:12,130 [trainer.py] => Average Accuracy (CNN top1): 87.19857142857143
2026-08-06 14:53:12,130 [area.py] => Learning on 140-160
2026-08-06 15:22:33,191 [trainer.py] => CNN: {'total': 82.6, '00-09': 81.25, '10-19': 85.11, '20-29': 78.52, '30-39': 83.9, '40-49': 79.06, '50-59': 79.3, '60-69': 84.13, '70-79': 83.99, '80-89': 85.71, '90-99': 82.6, '100-109': 80.44, '110-119': 84.79, '120-129': 80.17, '130-139': 83.39, '140-149': 80.51, '150-159': 86.42, 'old': 82.46, 'new': 83.59, 'harmonic': 83.02}
2026-08-06 15:22:33,191 [trainer.py] => CNN top1 curve: [95.34, 90.35, 87.02, 85.73, 84.94, 84.1, 82.91, 82.6]
2026-08-06 15:22:33,191 [trainer.py] => CNN top5 curve: [99.38, 98.48, 97.35, 96.33, 96.41, 95.67, 95.03, 94.92]
2026-08-06 15:22:33,191 [trainer.py] => Average Accuracy (CNN top1): 86.62375
2026-08-06 15:22:33,192 [area.py] => Learning on 160-180
2026-08-06 15:54:36,483 [trainer.py] => CNN: {'total': 81.94, '00-09': 81.25, '10-19': 83.43, '20-29': 77.34, '30-39': 83.33, '40-49': 78.12, '50-59': 79.94, '60-69': 82.22, '70-79': 83.66, '80-89': 85.03, '90-99': 81.44, '100-109': 78.67, '110-119': 83.5, '120-129': 81.86, '130-139': 81.59, '140-149': 80.51, '150-159': 85.76, '160-169': 82.55, '170-179': 82.97, 'old': 81.84, 'new': 82.76, 'harmonic': 82.3}
2026-08-06 15:54:36,483 [trainer.py] => CNN top1 curve: [95.34, 90.35, 87.02, 85.73, 84.94, 84.1, 82.91, 82.6, 81.94]
2026-08-06 15:54:36,483 [trainer.py] => CNN top5 curve: [99.38, 98.48, 97.35, 96.33, 96.41, 95.67, 95.03, 94.92, 94.83]
2026-08-06 15:54:36,483 [trainer.py] => Average Accuracy (CNN top1): 86.10333333333334
2026-08-06 15:54:36,484 [area.py] => Learning on 180-200
2026-08-06 16:24:22,184 [trainer.py] => CNN: {'total': 81.08, '00-09': 81.25, '10-19': 83.99, '20-29': 77.73, '30-39': 82.2, '40-49': 78.44, '50-59': 77.71, '60-69': 84.44, '70-79': 82.03, '80-89': 80.61, '90-99': 80.74, '100-109': 79.11, '110-119': 84.14, '120-129': 79.75, '130-139': 80.51, '140-149': 80.51, '150-159': 84.11, '160-169': 82.55, '170-179': 82.97, '180-189': 76.27, '190-199': 79.51, 'old': 81.37, 'new': 78.05, 'harmonic': 79.68}
2026-08-06 16:24:22,185 [trainer.py] => CNN top1 curve: [95.34, 90.35, 87.02, 85.73, 84.94, 84.1, 82.91, 82.6, 81.94, 81.08]
2026-08-06 16:24:22,185 [trainer.py] => CNN top5 curve: [99.38, 98.48, 97.35, 96.33, 96.41, 95.67, 95.03, 94.92, 94.83, 94.4]
2026-08-06 16:24:22,185 [trainer.py] => Average Accuracy (CNN top1): 85.60100000000001
