2026-08-13 12:58:30,317 [trainer.py] => config: /home/team/zhaohongwei/Code/Research/Awesome-MMCL/configs/area/area_objectnet_B100_Inc20.json
2026-08-13 12:58:30,317 [trainer.py] => dataset: objectnet
2026-08-13 12:58:30,317 [trainer.py] => shuffle: True
2026-08-13 12:58:30,317 [trainer.py] => init_cls: 100
2026-08-13 12:58:30,317 [trainer.py] => increment: 20
2026-08-13 12:58:30,317 [trainer.py] => model_name: area
2026-08-13 12:58:30,317 [trainer.py] => backbone_type: clip
2026-08-13 12:58:30,317 [trainer.py] => clip_pretrained: laion400m_e32
2026-08-13 12:58:30,318 [trainer.py] => device: [device(type='cuda', index=0)]
2026-08-13 12:58:30,318 [trainer.py] => seed: 0
2026-08-13 12:58:30,318 [trainer.py] => epochs: 20
2026-08-13 12:58:30,318 [trainer.py] => milestones: [8, 15]
2026-08-13 12:58:30,318 [trainer.py] => init_lr: 0.01
2026-08-13 12:58:30,318 [trainer.py] => batch_size: 64
2026-08-13 12:58:30,318 [trainer.py] => weight_decay: 0.05
2026-08-13 12:58:30,318 [trainer.py] => optimizer: sgd
2026-08-13 12:58:30,318 [trainer.py] => samples_per_class: 6
2026-08-13 12:58:30,318 [trainer.py] => K: 8
2026-08-13 12:58:30,318 [trainer.py] => vib_lambda: 1
2026-08-13 12:58:30,318 [trainer.py] => precomputed_basis_path: ./precomputed_basis/area/objectnet
2026-08-13 12:58:30,318 [trainer.py] => g_lambda: 0.6
2026-08-13 12:58:30,318 [trainer.py] => num_workers: 8
2026-08-13 12:58:30,466 [data_manager.py] => [18, 170, 107, 98, 177, 182, 5, 146, 12, 152, 61, 125, 180, 154, 80, 7, 33, 130, 37, 74, 183, 145, 45, 159, 60, 123, 179, 185, 122, 44, 16, 55, 150, 111, 22, 189, 129, 4, 83, 106, 134, 66, 26, 113, 168, 63, 8, 75, 118, 143, 71, 124, 184, 97, 149, 24, 30, 160, 40, 56, 131, 96, 181, 19, 153, 92, 54, 163, 51, 86, 139, 90, 137, 101, 144, 89, 109, 14, 27, 141, 187, 46, 138, 195, 108, 62, 2, 59, 136, 197, 43, 10, 194, 73, 196, 178, 175, 126, 93, 112, 158, 191, 50, 0, 94, 110, 95, 64, 167, 41, 69, 49, 48, 85, 13, 161, 23, 186, 135, 20, 15, 78, 104, 52, 100, 76, 3, 116, 164, 198, 6, 68, 84, 121, 155, 171, 156, 91, 199, 11, 119, 102, 35, 57, 65, 1, 120, 162, 42, 105, 132, 173, 17, 38, 133, 53, 157, 128, 34, 28, 114, 151, 31, 166, 127, 176, 32, 142, 169, 147, 29, 99, 82, 79, 115, 148, 193, 72, 77, 25, 165, 81, 188, 174, 190, 39, 58, 140, 88, 70, 87, 36, 21, 9, 103, 67, 192, 117, 47, 172]
2026-08-13 12:58:31,745 [instantiator.py] => Created a temporary directory at /tmp/tmpqoz4o67q
2026-08-13 12:58:31,746 [instantiator.py] => Writing /tmp/tmpqoz4o67q/_remote_module_non_scriptable.py
2026-08-13 12:58:31,926 [factory.py] => Loaded ViT-B-16 model config.
2026-08-13 12:58:33,418 [factory.py] => Loading pretrained ViT-B-16 weights (/home/team/zhaohongwei/pretrained_models/open_clip_pytorch_model_laion400m_e32.bin).
2026-08-13 12:58:34,492 [area.py] => Learning on 0-100
2026-08-13 12:58:34,846 [area.py] => Loading AREA basis cache from precomputed_basis/area/objectnet/seed_0/textual_base_matrices.pth
2026-08-13 12:58:34,978 [area.py] => Loading AREA basis cache from precomputed_basis/area/objectnet/seed_0/visual_base_matrices.pth
2026-08-13 16:24:19,253 [trainer.py] => CNN: {'total': 55.39, '00-09': 58.16, '10-19': 61.89, '20-29': 56.76, '30-39': 59.32, '40-49': 51.02, '50-59': 47.16, '60-69': 48.11, '70-79': 62.71, '80-89': 53.59, '90-99': 56.3, 'old': 0, 'new': 55.39, 'harmonic': 0.0}
2026-08-13 16:24:19,253 [trainer.py] => CNN top1 curve: [55.39]
2026-08-13 16:24:19,253 [trainer.py] => CNN top5 curve: [79.45]
2026-08-13 16:24:19,254 [trainer.py] => Average Accuracy (CNN top1): 55.39
2026-08-13 16:24:19,258 [area.py] => Learning on 100-120
2026-08-13 17:17:32,067 [trainer.py] => CNN: {'total': 54.8, '00-09': 53.71, '10-19': 60.14, '20-29': 55.44, '30-39': 60.87, '40-49': 49.32, '50-59': 46.15, '60-69': 48.92, '70-79': 59.66, '80-89': 54.49, '90-99': 53.67, '100-109': 60.97, '110-119': 54.49, 'old': 54.16, 'new': 57.71, 'harmonic': 55.88}
2026-08-13 17:17:32,067 [trainer.py] => CNN top1 curve: [55.39, 54.8]
2026-08-13 17:17:32,067 [trainer.py] => CNN top5 curve: [79.45, 78.09]
2026-08-13 17:17:32,067 [trainer.py] => Average Accuracy (CNN top1): 55.095
2026-08-13 17:17:32,071 [area.py] => Learning on 120-140
2026-08-13 18:06:32,169 [trainer.py] => CNN: {'total': 52.06, '00-09': 52.82, '10-19': 55.59, '20-29': 55.17, '30-39': 57.14, '40-49': 48.3, '50-59': 44.48, '60-69': 47.57, '70-79': 59.66, '80-89': 49.7, '90-99': 52.49, '100-109': 60.68, '110-119': 55.34, '120-129': 48.92, '130-139': 40.48, 'old': 53.28, 'new': 44.66, 'harmonic': 48.59}
2026-08-13 18:06:32,169 [trainer.py] => CNN top1 curve: [55.39, 54.8, 52.06]
2026-08-13 18:06:32,169 [trainer.py] => CNN top5 curve: [79.45, 78.09, 76.31]
2026-08-13 18:06:32,169 [trainer.py] => Average Accuracy (CNN top1): 54.083333333333336
2026-08-13 18:06:32,172 [area.py] => Learning on 140-160
2026-08-13 19:05:54,484 [trainer.py] => CNN: {'total': 49.96, '00-09': 49.85, '10-19': 54.55, '20-29': 48.81, '30-39': 56.21, '40-49': 45.58, '50-59': 45.48, '60-69': 46.49, '70-79': 56.95, '80-89': 50.6, '90-99': 49.56, '100-109': 56.13, '110-119': 49.16, '120-129': 44.92, '130-139': 39.88, '140-149': 50.3, '150-159': 54.97, 'old': 49.52, 'new': 52.8, 'harmonic': 51.11}
2026-08-13 19:05:54,484 [trainer.py] => CNN top1 curve: [55.39, 54.8, 52.06, 49.96]
2026-08-13 19:05:54,484 [trainer.py] => CNN top5 curve: [79.45, 78.09, 76.31, 73.67]
2026-08-13 19:05:54,484 [trainer.py] => Average Accuracy (CNN top1): 53.0525
2026-08-13 19:05:54,489 [area.py] => Learning on 160-180
2026-08-13 20:43:30,468 [trainer.py] => CNN: {'total': 46.66, '00-09': 46.29, '10-19': 49.3, '20-29': 48.54, '30-39': 54.35, '40-49': 42.52, '50-59': 41.81, '60-69': 41.08, '70-79': 56.95, '80-89': 42.81, '90-99': 45.45, '100-109': 54.13, '110-119': 49.16, '120-129': 44.0, '130-139': 39.27, '140-149': 51.51, '150-159': 51.31, '160-169': 38.26, '170-179': 43.08, 'old': 47.41, 'new': 40.92, 'harmonic': 43.93}
2026-08-13 20:43:30,468 [trainer.py] => CNN top1 curve: [55.39, 54.8, 52.06, 49.96, 46.66]
2026-08-13 20:43:30,468 [trainer.py] => CNN top5 curve: [79.45, 78.09, 76.31, 73.67, 69.12]
2026-08-13 20:43:30,468 [trainer.py] => Average Accuracy (CNN top1): 51.774
2026-08-13 20:43:30,473 [area.py] => Learning on 180-200
2026-08-13 21:47:39,100 [trainer.py] => CNN: {'total': 44.25, '00-09': 48.66, '10-19': 47.9, '20-29': 42.71, '30-39': 51.86, '40-49': 40.14, '50-59': 37.46, '60-69': 39.46, '70-79': 54.92, '80-89': 41.62, '90-99': 40.18, '100-109': 53.28, '110-119': 42.7, '120-129': 41.23, '130-139': 36.86, '140-149': 47.29, '150-159': 53.4, '160-169': 38.26, '170-179': 45.95, '180-189': 40.08, '190-199': 39.42, 'old': 44.71, 'new': 39.7, 'harmonic': 42.06}
2026-08-13 21:47:39,100 [trainer.py] => CNN top1 curve: [55.39, 54.8, 52.06, 49.96, 46.66, 44.25]
2026-08-13 21:47:39,100 [trainer.py] => CNN top5 curve: [79.45, 78.09, 76.31, 73.67, 69.12, 67.25]
2026-08-13 21:47:39,100 [trainer.py] => Average Accuracy (CNN top1): 50.52
