2026-08-14 10:35:13,175 [trainer.py] => config: /home/team/zhaohongwei/Code/Research/Awesome-MMCL/configs/area/area_objectnet_B100_Inc20.json
2026-08-14 10:35:13,175 [trainer.py] => dataset: objectnet
2026-08-14 10:35:13,176 [trainer.py] => shuffle: True
2026-08-14 10:35:13,176 [trainer.py] => init_cls: 100
2026-08-14 10:35:13,176 [trainer.py] => increment: 20
2026-08-14 10:35:13,176 [trainer.py] => model_name: area
2026-08-14 10:35:13,176 [trainer.py] => backbone_type: clip
2026-08-14 10:35:13,176 [trainer.py] => clip_pretrained: laion400m_e32
2026-08-14 10:35:13,176 [trainer.py] => device: [device(type='cuda', index=0)]
2026-08-14 10:35:13,176 [trainer.py] => seed: 42
2026-08-14 10:35:13,176 [trainer.py] => epochs: 20
2026-08-14 10:35:13,176 [trainer.py] => milestones: [8, 15]
2026-08-14 10:35:13,176 [trainer.py] => init_lr: 0.01
2026-08-14 10:35:13,176 [trainer.py] => batch_size: 64
2026-08-14 10:35:13,176 [trainer.py] => weight_decay: 0.05
2026-08-14 10:35:13,176 [trainer.py] => optimizer: sgd
2026-08-14 10:35:13,176 [trainer.py] => samples_per_class: 6
2026-08-14 10:35:13,176 [trainer.py] => K: 8
2026-08-14 10:35:13,176 [trainer.py] => vib_lambda: 1
2026-08-14 10:35:13,176 [trainer.py] => precomputed_basis_path: ./precomputed_basis/area/objectnet
2026-08-14 10:35:13,176 [trainer.py] => g_lambda: 0.6
2026-08-14 10:35:13,176 [trainer.py] => num_workers: 8
2026-08-14 10:35:13,334 [data_manager.py] => [95, 15, 30, 158, 128, 115, 69, 170, 174, 45, 66, 182, 165, 78, 186, 177, 56, 152, 82, 68, 124, 16, 148, 93, 65, 60, 84, 67, 125, 132, 9, 18, 55, 75, 150, 104, 135, 137, 164, 76, 79, 197, 38, 24, 122, 195, 29, 19, 143, 86, 114, 173, 5, 126, 117, 73, 140, 98, 172, 96, 169, 97, 31, 12, 35, 119, 42, 189, 90, 136, 51, 127, 162, 41, 118, 113, 26, 139, 100, 111, 2, 77, 46, 187, 191, 85, 161, 36, 190, 61, 22, 141, 101, 33, 11, 194, 159, 6, 27, 120, 4, 32, 142, 145, 109, 144, 10, 62, 112, 146, 166, 0, 198, 153, 70, 123, 64, 44, 163, 28, 40, 108, 155, 156, 25, 23, 184, 147, 81, 39, 168, 47, 94, 154, 43, 138, 3, 105, 53, 133, 180, 178, 185, 49, 80, 34, 7, 110, 91, 83, 176, 181, 89, 8, 13, 59, 171, 131, 17, 72, 175, 134, 167, 183, 63, 54, 107, 50, 196, 58, 48, 88, 21, 57, 160, 192, 129, 37, 157, 193, 1, 52, 149, 130, 151, 103, 99, 116, 87, 74, 121, 199, 20, 188, 71, 106, 14, 92, 179, 102]
2026-08-14 10:35:14,576 [instantiator.py] => Created a temporary directory at /tmp/tmpnqw1dq_5
2026-08-14 10:35:14,576 [instantiator.py] => Writing /tmp/tmpnqw1dq_5/_remote_module_non_scriptable.py
2026-08-14 10:35:14,710 [factory.py] => Loaded ViT-B-16 model config.
2026-08-14 10:35:16,202 [factory.py] => Loading pretrained ViT-B-16 weights (/home/team/zhaohongwei/pretrained_models/open_clip_pytorch_model_laion400m_e32.bin).
2026-08-14 10:35:17,098 [area.py] => Learning on 0-100
2026-08-14 10:35:17,481 [area.py] => Computing AREA textual base matrices
2026-08-14 10:35:21,579 [area.py] => Computing AREA visual base matrices
2026-08-14 12:41:44,997 [trainer.py] => CNN: {'total': 56.81, '00-09': 54.66, '10-19': 53.87, '20-29': 67.83, '30-39': 55.12, '40-49': 53.33, '50-59': 56.97, '60-69': 50.99, '70-79': 59.87, '80-89': 55.39, '90-99': 58.95, 'old': 0, 'new': 56.81, 'harmonic': 0.0}
2026-08-14 12:41:44,997 [trainer.py] => CNN top1 curve: [56.81]
2026-08-14 12:41:44,997 [trainer.py] => CNN top5 curve: [80.13]
2026-08-14 12:41:44,997 [trainer.py] => Average Accuracy (CNN top1): 56.81
2026-08-14 12:41:44,998 [area.py] => Learning on 100-120
2026-08-14 13:14:40,131 [trainer.py] => CNN: {'total': 54.79, '00-09': 53.38, '10-19': 53.55, '20-29': 62.9, '30-39': 54.46, '40-49': 50.28, '50-59': 55.42, '60-69': 50.66, '70-79': 60.19, '80-89': 51.8, '90-99': 54.82, '100-109': 54.46, '110-119': 55.49, 'old': 54.75, 'new': 54.99, 'harmonic': 54.87}
2026-08-14 13:14:40,131 [trainer.py] => CNN top1 curve: [56.81, 54.79]
2026-08-14 13:14:40,131 [trainer.py] => CNN top5 curve: [80.13, 79.05]
2026-08-14 13:14:40,131 [trainer.py] => Average Accuracy (CNN top1): 55.8
2026-08-14 13:14:40,132 [area.py] => Learning on 120-140
2026-08-14 13:46:54,480 [trainer.py] => CNN: {'total': 52.91, '00-09': 52.09, '10-19': 49.03, '20-29': 62.61, '30-39': 51.49, '40-49': 48.33, '50-59': 55.11, '60-69': 51.97, '70-79': 58.58, '80-89': 49.7, '90-99': 51.79, '100-109': 56.85, '110-119': 58.03, '120-129': 38.89, '130-139': 56.52, 'old': 53.83, 'new': 47.44, 'harmonic': 50.43}
2026-08-14 13:46:54,480 [trainer.py] => CNN top1 curve: [56.81, 54.79, 52.91]
2026-08-14 13:46:54,480 [trainer.py] => CNN top5 curve: [80.13, 79.05, 76.95]
2026-08-14 13:46:54,480 [trainer.py] => Average Accuracy (CNN top1): 54.836666666666666
2026-08-14 13:46:54,481 [area.py] => Learning on 140-160
2026-08-14 14:18:48,245 [trainer.py] => CNN: {'total': 50.17, '00-09': 49.52, '10-19': 46.45, '20-29': 57.68, '30-39': 49.83, '40-49': 44.44, '50-59': 50.46, '60-69': 48.68, '70-79': 54.05, '80-89': 47.01, '90-99': 49.86, '100-109': 56.25, '110-119': 54.93, '120-129': 40.35, '130-139': 52.17, '140-149': 52.91, '150-159': 47.98, 'old': 50.12, 'new': 50.53, 'harmonic': 50.32}
2026-08-14 14:18:48,246 [trainer.py] => CNN top1 curve: [56.81, 54.79, 52.91, 50.17]
2026-08-14 14:18:48,246 [trainer.py] => CNN top5 curve: [80.13, 79.05, 76.95, 73.76]
2026-08-14 14:18:48,246 [trainer.py] => Average Accuracy (CNN top1): 53.67
2026-08-14 14:18:48,247 [area.py] => Learning on 160-180
2026-08-14 14:52:17,782 [trainer.py] => CNN: {'total': 49.56, '00-09': 46.95, '10-19': 46.45, '20-29': 57.68, '30-39': 50.17, '40-49': 42.78, '50-59': 48.3, '60-69': 48.68, '70-79': 56.31, '80-89': 49.1, '90-99': 48.48, '100-109': 54.76, '110-119': 54.93, '120-129': 38.89, '130-139': 52.8, '140-149': 50.0, '150-159': 46.11, '160-169': 48.46, '170-179': 51.28, 'old': 49.51, 'new': 49.93, 'harmonic': 49.72}
2026-08-14 14:52:17,783 [trainer.py] => CNN top1 curve: [56.81, 54.79, 52.91, 50.17, 49.56]
2026-08-14 14:52:17,783 [trainer.py] => CNN top5 curve: [80.13, 79.05, 76.95, 73.76, 73.85]
2026-08-14 14:52:17,783 [trainer.py] => Average Accuracy (CNN top1): 52.848
2026-08-14 14:52:17,784 [area.py] => Learning on 180-200
2026-08-14 15:28:39,114 [trainer.py] => CNN: {'total': 48.05, '00-09': 47.59, '10-19': 46.13, '20-29': 57.39, '30-39': 47.85, '40-49': 42.5, '50-59': 46.75, '60-69': 48.36, '70-79': 54.37, '80-89': 46.11, '90-99': 46.83, '100-109': 50.89, '110-119': 50.99, '120-129': 35.38, '130-139': 50.93, '140-149': 49.42, '150-159': 48.6, '160-169': 52.16, '170-179': 50.71, '180-189': 44.44, '190-199': 44.38, 'old': 48.46, 'new': 44.41, 'harmonic': 46.35}
2026-08-14 15:28:39,115 [trainer.py] => CNN top1 curve: [56.81, 54.79, 52.91, 50.17, 49.56, 48.05]
2026-08-14 15:28:39,115 [trainer.py] => CNN top5 curve: [80.13, 79.05, 76.95, 73.76, 73.85, 72.6]
2026-08-14 15:28:39,115 [trainer.py] => Average Accuracy (CNN top1): 52.04833333333334
