2026-08-14 06:04:55,661 [trainer.py] => config: /home/team/zhaohongwei/Code/Research/Awesome-MMCL/configs/area/area_objectnet_B100_Inc20.json
2026-08-14 06:04:55,661 [trainer.py] => dataset: objectnet
2026-08-14 06:04:55,661 [trainer.py] => shuffle: True
2026-08-14 06:04:55,661 [trainer.py] => init_cls: 100
2026-08-14 06:04:55,661 [trainer.py] => increment: 20
2026-08-14 06:04:55,661 [trainer.py] => model_name: area
2026-08-14 06:04:55,661 [trainer.py] => backbone_type: clip
2026-08-14 06:04:55,662 [trainer.py] => clip_pretrained: laion400m_e32
2026-08-14 06:04:55,662 [trainer.py] => device: [device(type='cuda', index=0)]
2026-08-14 06:04:55,662 [trainer.py] => seed: 2026
2026-08-14 06:04:55,662 [trainer.py] => epochs: 20
2026-08-14 06:04:55,662 [trainer.py] => milestones: [8, 15]
2026-08-14 06:04:55,662 [trainer.py] => init_lr: 0.01
2026-08-14 06:04:55,662 [trainer.py] => batch_size: 64
2026-08-14 06:04:55,662 [trainer.py] => weight_decay: 0.05
2026-08-14 06:04:55,662 [trainer.py] => optimizer: sgd
2026-08-14 06:04:55,662 [trainer.py] => samples_per_class: 6
2026-08-14 06:04:55,662 [trainer.py] => K: 8
2026-08-14 06:04:55,662 [trainer.py] => vib_lambda: 1
2026-08-14 06:04:55,662 [trainer.py] => precomputed_basis_path: ./precomputed_basis/area/objectnet
2026-08-14 06:04:55,662 [trainer.py] => g_lambda: 0.6
2026-08-14 06:04:55,662 [trainer.py] => num_workers: 8
2026-08-14 06:04:55,824 [data_manager.py] => [115, 91, 15, 57, 123, 5, 193, 196, 88, 185, 191, 168, 90, 80, 106, 146, 188, 118, 44, 151, 24, 56, 42, 127, 113, 119, 197, 194, 99, 12, 65, 71, 131, 6, 46, 186, 126, 31, 117, 30, 110, 82, 102, 165, 11, 76, 53, 138, 199, 18, 163, 149, 84, 133, 170, 189, 52, 104, 45, 114, 41, 23, 160, 171, 172, 169, 177, 142, 94, 50, 128, 39, 59, 120, 107, 162, 124, 9, 74, 198, 62, 174, 166, 122, 141, 81, 10, 63, 176, 100, 136, 187, 129, 16, 72, 147, 54, 0, 98, 150, 92, 155, 4, 167, 125, 97, 153, 8, 83, 159, 85, 86, 13, 34, 173, 93, 180, 33, 21, 132, 190, 87, 121, 108, 103, 145, 37, 158, 69, 89, 2, 19, 67, 175, 51, 78, 43, 64, 66, 143, 61, 20, 144, 154, 183, 14, 140, 139, 75, 79, 22, 58, 101, 109, 32, 178, 73, 164, 55, 35, 49, 152, 137, 36, 3, 40, 70, 95, 105, 181, 157, 47, 192, 17, 60, 112, 68, 25, 38, 48, 161, 148, 111, 135, 96, 7, 27, 182, 130, 28, 179, 156, 116, 29, 195, 77, 184, 26, 134, 1]
2026-08-14 06:04:57,130 [instantiator.py] => Created a temporary directory at /tmp/tmpeilihvsd
2026-08-14 06:04:57,131 [instantiator.py] => Writing /tmp/tmpeilihvsd/_remote_module_non_scriptable.py
2026-08-14 06:04:57,266 [factory.py] => Loaded ViT-B-16 model config.
2026-08-14 06:04:58,780 [factory.py] => Loading pretrained ViT-B-16 weights (/home/team/zhaohongwei/pretrained_models/open_clip_pytorch_model_laion400m_e32.bin).
2026-08-14 06:05:00,944 [area.py] => Learning on 0-100
2026-08-14 06:05:01,330 [area.py] => Loading AREA basis cache from precomputed_basis/area/objectnet/seed_2026/textual_base_matrices.pth
2026-08-14 06:05:01,383 [area.py] => Loading AREA basis cache from precomputed_basis/area/objectnet/seed_2026/visual_base_matrices.pth
2026-08-14 07:45:32,504 [trainer.py] => CNN: {'total': 57.25, '00-09': 63.78, '10-19': 53.47, '20-29': 54.46, '30-39': 48.14, '40-49': 56.01, '50-59': 54.46, '60-69': 61.39, '70-79': 61.29, '80-89': 62.54, '90-99': 57.34, 'old': 0, 'new': 57.25, 'harmonic': 0.0}
2026-08-14 07:45:32,504 [trainer.py] => CNN top1 curve: [57.25]
2026-08-14 07:45:32,504 [trainer.py] => CNN top5 curve: [80.16]
2026-08-14 07:45:32,504 [trainer.py] => Average Accuracy (CNN top1): 57.25
2026-08-14 07:45:32,505 [area.py] => Learning on 100-120
2026-08-14 08:22:32,209 [trainer.py] => CNN: {'total': 55.27, '00-09': 62.54, '10-19': 48.94, '20-29': 52.92, '30-39': 47.52, '40-49': 53.67, '50-59': 51.91, '60-69': 60.4, '70-79': 55.13, '80-89': 67.1, '90-99': 55.63, '100-109': 54.25, '110-119': 54.44, 'old': 55.47, 'new': 54.34, 'harmonic': 54.9}
2026-08-14 08:22:32,209 [trainer.py] => CNN top1 curve: [57.25, 55.27]
2026-08-14 08:22:32,209 [trainer.py] => CNN top5 curve: [80.16, 78.91]
2026-08-14 08:22:32,209 [trainer.py] => Average Accuracy (CNN top1): 56.260000000000005
2026-08-14 08:22:32,210 [area.py] => Learning on 120-140
2026-08-14 09:00:46,430 [trainer.py] => CNN: {'total': 53.93, '00-09': 58.82, '10-19': 50.15, '20-29': 51.69, '30-39': 44.41, '40-49': 51.91, '50-59': 52.55, '60-69': 60.07, '70-79': 57.18, '80-89': 64.5, '90-99': 54.27, '100-109': 55.43, '110-119': 53.55, '120-129': 45.69, '130-139': 55.1, 'old': 54.47, 'new': 50.92, 'harmonic': 52.64}
2026-08-14 09:00:46,430 [trainer.py] => CNN top1 curve: [57.25, 55.27, 53.93]
2026-08-14 09:00:46,430 [trainer.py] => CNN top5 curve: [80.16, 78.91, 77.03]
2026-08-14 09:00:46,430 [trainer.py] => Average Accuracy (CNN top1): 55.48333333333334
2026-08-14 09:00:46,431 [area.py] => Learning on 140-160
2026-08-14 09:55:11,761 [trainer.py] => CNN: {'total': 51.31, '00-09': 55.11, '10-19': 45.92, '20-29': 48.0, '30-39': 41.93, '40-49': 50.73, '50-59': 47.13, '60-69': 59.08, '70-79': 53.67, '80-89': 61.24, '90-99': 50.51, '100-109': 52.2, '110-119': 49.41, '120-129': 46.01, '130-139': 56.63, '140-149': 54.48, '150-159': 49.0, 'old': 51.29, 'new': 51.49, 'harmonic': 51.39}
2026-08-14 09:55:11,761 [trainer.py] => CNN top1 curve: [57.25, 55.27, 53.93, 51.31]
2026-08-14 09:55:11,761 [trainer.py] => CNN top5 curve: [80.16, 78.91, 77.03, 75.4]
2026-08-14 09:55:11,761 [trainer.py] => Average Accuracy (CNN top1): 54.440000000000005
2026-08-14 09:55:11,762 [area.py] => Learning on 160-180
2026-08-14 11:05:24,433 [trainer.py] => CNN: {'total': 49.54, '00-09': 51.08, '10-19': 46.22, '20-29': 48.62, '30-39': 39.44, '40-49': 52.79, '50-59': 46.18, '60-69': 57.76, '70-79': 50.44, '80-89': 59.61, '90-99': 51.88, '100-109': 51.91, '110-119': 46.45, '120-129': 43.45, '130-139': 54.85, '140-149': 55.52, '150-159': 47.56, '160-169': 47.27, '170-179': 42.48, 'old': 50.2, 'new': 44.71, 'harmonic': 47.3}
2026-08-14 11:05:24,434 [trainer.py] => CNN top1 curve: [57.25, 55.27, 53.93, 51.31, 49.54]
2026-08-14 11:05:24,434 [trainer.py] => CNN top5 curve: [80.16, 78.91, 77.03, 75.4, 74.16]
2026-08-14 11:05:24,434 [trainer.py] => Average Accuracy (CNN top1): 53.46
2026-08-14 11:05:24,439 [area.py] => Learning on 180-200
2026-08-14 12:12:49,946 [trainer.py] => CNN: {'total': 48.04, '00-09': 52.01, '10-19': 45.02, '20-29': 47.08, '30-39': 40.06, '40-49': 52.2, '50-59': 45.54, '60-69': 56.77, '70-79': 47.8, '80-89': 57.33, '90-99': 51.19, '100-109': 48.97, '110-119': 45.86, '120-129': 40.89, '130-139': 54.85, '140-149': 52.07, '150-159': 47.56, '160-169': 47.58, '170-179': 43.8, '180-189': 50.79, '190-199': 33.33, 'old': 48.65, 'new': 42.82, 'harmonic': 45.55}
2026-08-14 12:12:49,946 [trainer.py] => CNN top1 curve: [57.25, 55.27, 53.93, 51.31, 49.54, 48.04]
2026-08-14 12:12:49,946 [trainer.py] => CNN top5 curve: [80.16, 78.91, 77.03, 75.4, 74.16, 72.24]
2026-08-14 12:12:49,946 [trainer.py] => Average Accuracy (CNN top1): 52.55666666666667
