2026-08-13 01:37:41,354 [trainer.py] => config: /home/team/zhaohongwei/Code/Research/Awesome-MMCL/configs/area/area_sun_B0_Inc30.json
2026-08-13 01:37:41,355 [trainer.py] => dataset: sun
2026-08-13 01:37:41,355 [trainer.py] => shuffle: True
2026-08-13 01:37:41,355 [trainer.py] => init_cls: 30
2026-08-13 01:37:41,355 [trainer.py] => increment: 30
2026-08-13 01:37:41,355 [trainer.py] => model_name: area
2026-08-13 01:37:41,355 [trainer.py] => backbone_type: clip
2026-08-13 01:37:41,355 [trainer.py] => clip_pretrained: laion400m_e32
2026-08-13 01:37:41,356 [trainer.py] => device: [device(type='cuda', index=0)]
2026-08-13 01:37:41,356 [trainer.py] => seed: 0
2026-08-13 01:37:41,356 [trainer.py] => epochs: 20
2026-08-13 01:37:41,356 [trainer.py] => milestones: [8, 15]
2026-08-13 01:37:41,356 [trainer.py] => init_lr: 0.01
2026-08-13 01:37:41,356 [trainer.py] => batch_size: 64
2026-08-13 01:37:41,356 [trainer.py] => weight_decay: 0.05
2026-08-13 01:37:41,356 [trainer.py] => optimizer: sgd
2026-08-13 01:37:41,356 [trainer.py] => samples_per_class: 4
2026-08-13 01:37:41,356 [trainer.py] => K: 8
2026-08-13 01:37:41,357 [trainer.py] => vib_lambda: 1
2026-08-13 01:37:41,357 [trainer.py] => precomputed_basis_path: ./precomputed_basis/area/sun
2026-08-13 01:37:41,357 [trainer.py] => g_lambda: 0.6
2026-08-13 01:37:41,357 [trainer.py] => num_workers: 8
2026-08-13 01:37:49,345 [data_manager.py] => [208, 188, 12, 221, 239, 136, 230, 206, 52, 108, 290, 15, 184, 248, 22, 74, 270, 90, 229, 164, 190, 103, 124, 129, 222, 116, 194, 286, 234, 295, 92, 66, 8, 122, 219, 150, 176, 182, 299, 5, 223, 89, 81, 34, 55, 139, 236, 64, 7, 45, 73, 213, 173, 106, 59, 253, 168, 26, 284, 153, 134, 145, 63, 293, 285, 224, 252, 111, 20, 46, 156, 228, 273, 27, 144, 259, 37, 97, 191, 135, 118, 160, 264, 214, 238, 76, 212, 225, 255, 237, 282, 44, 272, 189, 152, 158, 101, 54, 181, 18, 281, 250, 126, 171, 71, 227, 245, 205, 288, 215, 154, 159, 33, 83, 249, 60, 167, 280, 110, 21, 29, 146, 16, 56, 75, 109, 175, 201, 161, 4, 96, 166, 61, 67, 137, 198, 262, 279, 40, 268, 13, 107, 220, 3, 157, 125, 24, 30, 77, 291, 210, 19, 254, 241, 266, 80, 51, 2, 235, 104, 179, 86, 10, 199, 58, 41, 14, 155, 50, 292, 233, 123, 200, 62, 187, 226, 130, 209, 260, 43, 114, 138, 294, 218, 149, 112, 247, 98, 217, 93, 216, 162, 36, 178, 113, 0, 94, 275, 95, 296, 261, 240, 69, 49, 48, 85, 297, 141, 207, 23, 246, 148, 143, 78, 180, 100, 204, 131, 267, 298, 196, 6, 68, 203, 84, 170, 121, 140, 256, 274, 142, 257, 91, 82, 283, 11, 119, 102, 35, 57, 169, 231, 65, 1, 120, 269, 186, 42, 105, 132, 79, 17, 263, 232, 38, 133, 53, 258, 128, 28, 183, 163, 151, 244, 202, 31, 32, 127, 185, 278, 271, 147, 276, 177, 99, 197, 243, 115, 265, 72, 25, 165, 287, 174, 289, 39, 193, 88, 70, 87, 242, 277, 211, 9, 195, 251, 192, 117, 47, 172]
2026-08-13 01:38:18,644 [instantiator.py] => Created a temporary directory at /tmp/tmp2j2s44su
2026-08-13 01:38:18,644 [instantiator.py] => Writing /tmp/tmp2j2s44su/_remote_module_non_scriptable.py
2026-08-13 01:38:20,488 [factory.py] => Loaded ViT-B-16 model config.
2026-08-13 01:38:22,132 [factory.py] => Loading pretrained ViT-B-16 weights (/home/team/zhaohongwei/pretrained_models/open_clip_pytorch_model_laion400m_e32.bin).
2026-08-13 01:38:30,350 [area.py] => Learning on 0-30
2026-08-13 01:38:31,242 [area.py] => Loading AREA basis cache from precomputed_basis/area/sun/seed_0/textual_base_matrices.pth
2026-08-13 01:38:31,338 [area.py] => Loading AREA basis cache from precomputed_basis/area/sun/seed_0/visual_base_matrices.pth
2026-08-13 02:21:45,159 [trainer.py] => CNN: {'total': 97.92, '00-09': 97.24, '10-19': 98.73, '20-29': 97.88, 'old': 0, 'new': 97.92, 'harmonic': 0.0}
2026-08-13 02:21:45,159 [trainer.py] => CNN top1 curve: [97.92]
2026-08-13 02:21:45,159 [trainer.py] => CNN top5 curve: [99.94]
2026-08-13 02:21:45,159 [trainer.py] => Average Accuracy (CNN top1): 97.92
2026-08-13 02:21:45,160 [area.py] => Learning on 30-60
2026-08-13 03:20:34,079 [trainer.py] => CNN: {'total': 92.71, '00-09': 93.33, '10-19': 97.21, '20-29': 93.52, '30-39': 94.44, '40-49': 87.63, '50-59': 91.83, 'old': 94.36, 'new': 91.44, 'harmonic': 92.88}
2026-08-13 03:20:34,079 [trainer.py] => CNN top1 curve: [97.92, 92.71]
2026-08-13 03:20:34,080 [trainer.py] => CNN top5 curve: [99.94, 99.63]
2026-08-13 03:20:34,080 [trainer.py] => Average Accuracy (CNN top1): 95.315
2026-08-13 03:20:34,080 [area.py] => Learning on 60-90
2026-08-13 04:23:34,868 [trainer.py] => CNN: {'total': 90.86, '00-09': 89.89, '10-19': 91.37, '20-29': 90.29, '30-39': 93.64, '40-49': 84.41, '50-59': 89.88, '60-69': 94.57, '70-79': 89.91, '80-89': 92.26, 'old': 89.92, 'new': 92.6, 'harmonic': 91.24}
2026-08-13 04:23:34,868 [trainer.py] => CNN top1 curve: [97.92, 92.71, 90.86]
2026-08-13 04:23:34,868 [trainer.py] => CNN top5 curve: [99.94, 99.63, 99.31]
2026-08-13 04:23:34,868 [trainer.py] => Average Accuracy (CNN top1): 93.83
2026-08-13 04:23:34,869 [area.py] => Learning on 90-120
2026-08-13 05:30:58,388 [trainer.py] => CNN: {'total': 88.68, '00-09': 84.6, '10-19': 89.85, '20-29': 88.04, '30-39': 92.28, '40-49': 85.35, '50-59': 87.16, '60-69': 90.06, '70-79': 89.55, '80-89': 89.62, '90-99': 85.93, '100-109': 88.87, '110-119': 90.07, 'old': 88.74, 'new': 88.54, 'harmonic': 88.64}
2026-08-13 05:30:58,388 [trainer.py] => CNN top1 curve: [97.92, 92.71, 90.86, 88.68]
2026-08-13 05:30:58,388 [trainer.py] => CNN top5 curve: [99.94, 99.63, 99.31, 98.94]
2026-08-13 05:30:58,388 [trainer.py] => Average Accuracy (CNN top1): 92.5425
2026-08-13 05:30:58,389 [area.py] => Learning on 120-150
2026-08-13 06:53:30,358 [trainer.py] => CNN: {'total': 86.03, '00-09': 81.15, '10-19': 88.32, '20-29': 87.42, '30-39': 89.22, '40-49': 84.27, '50-59': 85.41, '60-69': 82.66, '70-79': 85.95, '80-89': 89.62, '90-99': 85.02, '100-109': 88.06, '110-119': 82.65, '120-129': 87.0, '130-139': 83.33, '140-149': 89.97, 'old': 85.72, 'new': 87.24, 'harmonic': 86.47}
2026-08-13 06:53:30,358 [trainer.py] => CNN top1 curve: [97.92, 92.71, 90.86, 88.68, 86.03]
2026-08-13 06:53:30,358 [trainer.py] => CNN top5 curve: [99.94, 99.63, 99.31, 98.94, 98.67]
2026-08-13 06:53:30,358 [trainer.py] => Average Accuracy (CNN top1): 91.24000000000001
2026-08-13 06:53:30,360 [area.py] => Learning on 150-180
2026-08-13 07:50:37,149 [trainer.py] => CNN: {'total': 84.79, '00-09': 79.77, '10-19': 85.28, '20-29': 86.55, '30-39': 87.97, '40-49': 82.66, '50-59': 79.57, '60-69': 78.96, '70-79': 86.49, '80-89': 87.64, '90-99': 83.21, '100-109': 86.29, '110-119': 82.15, '120-129': 86.83, '130-139': 81.94, '140-149': 87.69, '150-159': 86.26, '160-169': 90.06, '170-179': 91.52, 'old': 84.29, 'new': 88.62, 'harmonic': 86.4}
2026-08-13 07:50:37,149 [trainer.py] => CNN top1 curve: [97.92, 92.71, 90.86, 88.68, 86.03, 84.79]
2026-08-13 07:50:37,149 [trainer.py] => CNN top5 curve: [99.94, 99.63, 99.31, 98.94, 98.67, 98.45]
2026-08-13 07:50:37,149 [trainer.py] => Average Accuracy (CNN top1): 90.165
2026-08-13 07:50:37,150 [area.py] => Learning on 180-210
2026-08-13 09:39:44,257 [trainer.py] => CNN: {'total': 84.54, '00-09': 78.62, '10-19': 83.76, '20-29': 86.18, '30-39': 86.61, '40-49': 82.39, '50-59': 78.99, '60-69': 81.16, '70-79': 85.59, '80-89': 88.47, '90-99': 80.33, '100-109': 85.81, '110-119': 82.75, '120-129': 85.79, '130-139': 80.73, '140-149': 87.91, '150-159': 83.55, '160-169': 90.06, '170-179': 90.3, '180-189': 81.14, '190-199': 82.87, '200-209': 90.48, 'old': 84.26, 'new': 86.02, 'harmonic': 85.13}
2026-08-13 09:39:44,258 [trainer.py] => CNN top1 curve: [97.92, 92.71, 90.86, 88.68, 86.03, 84.79, 84.54]
2026-08-13 09:39:44,258 [trainer.py] => CNN top5 curve: [99.94, 99.63, 99.31, 98.94, 98.67, 98.45, 98.41]
2026-08-13 09:39:44,258 [trainer.py] => Average Accuracy (CNN top1): 89.36142857142856
2026-08-13 09:39:44,258 [area.py] => Learning on 210-240
2026-08-13 11:05:12,934 [trainer.py] => CNN: {'total': 83.15, '00-09': 77.24, '10-19': 83.76, '20-29': 86.05, '30-39': 84.56, '40-49': 81.45, '50-59': 76.26, '60-69': 79.31, '70-79': 85.05, '80-89': 88.96, '90-99': 79.27, '100-109': 84.68, '110-119': 79.94, '120-129': 84.06, '130-139': 79.51, '140-149': 87.0, '150-159': 82.59, '160-169': 88.95, '170-179': 89.7, '180-189': 80.7, '190-199': 79.76, '200-209': 85.88, '210-219': 82.05, '220-229': 84.77, '230-239': 86.23, 'old': 82.99, 'new': 84.49, 'harmonic': 83.73}
2026-08-13 11:05:12,935 [trainer.py] => CNN top1 curve: [97.92, 92.71, 90.86, 88.68, 86.03, 84.79, 84.54, 83.15]
2026-08-13 11:05:12,935 [trainer.py] => CNN top5 curve: [99.94, 99.63, 99.31, 98.94, 98.67, 98.45, 98.41, 98.06]
2026-08-13 11:05:12,935 [trainer.py] => Average Accuracy (CNN top1): 88.585
2026-08-13 11:05:12,936 [area.py] => Learning on 240-270
2026-08-13 12:35:58,086 [trainer.py] => CNN: {'total': 81.68, '00-09': 75.4, '10-19': 82.49, '20-29': 84.18, '30-39': 82.86, '40-49': 80.51, '50-59': 76.46, '60-69': 78.5, '70-79': 84.68, '80-89': 88.3, '90-99': 79.27, '100-109': 84.03, '110-119': 78.84, '120-129': 83.02, '130-139': 80.21, '140-149': 85.06, '150-159': 80.03, '160-169': 88.95, '170-179': 87.88, '180-189': 80.48, '190-199': 76.51, '200-209': 86.18, '210-219': 82.5, '220-229': 84.43, '230-239': 84.89, '240-249': 76.31, '250-259': 74.73, '260-269': 78.46, 'old': 82.18, 'new': 76.39, 'harmonic': 79.18}
2026-08-13 12:35:58,086 [trainer.py] => CNN top1 curve: [97.92, 92.71, 90.86, 88.68, 86.03, 84.79, 84.54, 83.15, 81.68]
2026-08-13 12:35:58,086 [trainer.py] => CNN top5 curve: [99.94, 99.63, 99.31, 98.94, 98.67, 98.45, 98.41, 98.06, 97.59]
2026-08-13 12:35:58,086 [trainer.py] => Average Accuracy (CNN top1): 87.81777777777776
2026-08-13 12:35:58,087 [area.py] => Learning on 270-300
2026-08-13 14:58:12,957 [trainer.py] => CNN: {'total': 80.18, '00-09': 75.17, '10-19': 83.25, '20-29': 76.09, '30-39': 81.04, '40-49': 79.7, '50-59': 75.88, '60-69': 78.73, '70-79': 82.7, '80-89': 87.64, '90-99': 79.43, '100-109': 83.55, '110-119': 78.74, '120-129': 79.72, '130-139': 77.26, '140-149': 84.15, '150-159': 79.71, '160-169': 88.4, '170-179': 86.06, '180-189': 79.17, '190-199': 75.04, '200-209': 85.26, '210-219': 80.68, '220-229': 84.26, '230-239': 83.17, '240-249': 75.85, '250-259': 65.93, '260-269': 77.8, '270-279': 78.35, '280-289': 73.87, '290-299': 88.68, 'old': 80.14, 'new': 80.56, 'harmonic': 80.35}
2026-08-13 14:58:12,957 [trainer.py] => CNN top1 curve: [97.92, 92.71, 90.86, 88.68, 86.03, 84.79, 84.54, 83.15, 81.68, 80.18]
2026-08-13 14:58:12,957 [trainer.py] => CNN top5 curve: [99.94, 99.63, 99.31, 98.94, 98.67, 98.45, 98.41, 98.06, 97.59, 97.31]
2026-08-13 14:58:12,957 [trainer.py] => Average Accuracy (CNN top1): 87.054
