2026-08-14 20:11:21,503 [trainer.py] => config: /home/team/zhaohongwei/Code/Research/Awesome-MMCL/configs/area/area_ucf_B50_Inc10.json
2026-08-14 20:11:21,503 [trainer.py] => dataset: ucf101
2026-08-14 20:11:21,503 [trainer.py] => shuffle: True
2026-08-14 20:11:21,503 [trainer.py] => init_cls: 50
2026-08-14 20:11:21,503 [trainer.py] => increment: 10
2026-08-14 20:11:21,504 [trainer.py] => model_name: area
2026-08-14 20:11:21,504 [trainer.py] => backbone_type: clip
2026-08-14 20:11:21,504 [trainer.py] => clip_pretrained: laion400m_e32
2026-08-14 20:11:21,504 [trainer.py] => device: [device(type='cuda', index=0)]
2026-08-14 20:11:21,504 [trainer.py] => seed: 2026
2026-08-14 20:11:21,504 [trainer.py] => epochs: 20
2026-08-14 20:11:21,504 [trainer.py] => milestones: [8, 15]
2026-08-14 20:11:21,504 [trainer.py] => init_lr: 0.01
2026-08-14 20:11:21,504 [trainer.py] => batch_size: 64
2026-08-14 20:11:21,504 [trainer.py] => weight_decay: 0.05
2026-08-14 20:11:21,504 [trainer.py] => optimizer: sgd
2026-08-14 20:11:21,504 [trainer.py] => samples_per_class: 4
2026-08-14 20:11:21,504 [trainer.py] => K: 8
2026-08-14 20:11:21,504 [trainer.py] => vib_lambda: 1
2026-08-14 20:11:21,504 [trainer.py] => precomputed_basis_path: ./precomputed_basis/area/ucf
2026-08-14 20:11:21,504 [trainer.py] => g_lambda: 0.3
2026-08-14 20:11:21,504 [trainer.py] => num_workers: 8
2026-08-14 20:11:21,603 [data_manager.py] => [98, 10, 4, 18, 88, 13, 8, 84, 79, 21, 85, 96, 53, 42, 52, 97, 74, 5, 58, 23, 90, 59, 16, 72, 75, 30, 43, 99, 44, 41, 0, 46, 61, 80, 65, 39, 70, 87, 89, 91, 82, 14, 12, 71, 50, 11, 15, 57, 22, 67, 45, 32, 78, 63, 66, 55, 31, 62, 35, 34, 19, 49, 24, 9, 37, 36, 3, 64, 40, 86, 81, 93, 47, 73, 17, 60, 68, 25, 38, 48, 33, 20, 83, 7, 27, 94, 54, 2, 92, 76, 69, 51, 28, 29, 95, 77, 56, 26, 6, 1]
2026-08-14 20:11:22,742 [instantiator.py] => Created a temporary directory at /tmp/tmp4s25c8bt
2026-08-14 20:11:22,743 [instantiator.py] => Writing /tmp/tmp4s25c8bt/_remote_module_non_scriptable.py
2026-08-14 20:11:22,875 [factory.py] => Loaded ViT-B-16 model config.
2026-08-14 20:11:24,272 [factory.py] => Loading pretrained ViT-B-16 weights (/home/team/zhaohongwei/pretrained_models/open_clip_pytorch_model_laion400m_e32.bin).
2026-08-14 20:11:25,249 [area.py] => Learning on 0-50
2026-08-14 20:11:25,508 [area.py] => Loading AREA basis cache from precomputed_basis/area/ucf/seed_2026/textual_base_matrices.pth
2026-08-14 20:11:25,555 [area.py] => Loading AREA basis cache from precomputed_basis/area/ucf/seed_2026/visual_base_matrices.pth
2026-08-14 20:45:58,356 [trainer.py] => CNN: {'total': 97.64, '00-09': 97.2, '10-19': 97.76, '20-29': 98.02, '30-39': 97.26, '40-49': 98.03, 'old': 0, 'new': 97.64, 'harmonic': 0.0}
2026-08-14 20:45:58,357 [trainer.py] => CNN top1 curve: [97.64]
2026-08-14 20:45:58,357 [trainer.py] => CNN top5 curve: [99.85]
2026-08-14 20:45:58,357 [trainer.py] => Average Accuracy (CNN top1): 97.64
2026-08-14 20:45:58,358 [area.py] => Learning on 50-60
2026-08-14 20:53:53,921 [trainer.py] => CNN: {'total': 97.05, '00-09': 96.8, '10-19': 95.52, '20-29': 98.81, '30-39': 97.26, '40-49': 96.85, '50-59': 97.09, 'old': 97.04, 'new': 97.09, 'harmonic': 97.06}
2026-08-14 20:53:53,922 [trainer.py] => CNN top1 curve: [97.64, 97.05]
2026-08-14 20:53:53,922 [trainer.py] => CNN top5 curve: [99.85, 99.81]
2026-08-14 20:53:53,922 [trainer.py] => Average Accuracy (CNN top1): 97.345
2026-08-14 20:53:53,923 [area.py] => Learning on 60-70
2026-08-14 21:02:01,930 [trainer.py] => CNN: {'total': 95.96, '00-09': 95.2, '10-19': 94.4, '20-29': 98.41, '30-39': 96.23, '40-49': 94.09, '50-59': 96.0, '60-69': 97.36, 'old': 95.73, 'new': 97.36, 'harmonic': 96.54}
2026-08-14 21:02:01,930 [trainer.py] => CNN top1 curve: [97.64, 97.05, 95.96]
2026-08-14 21:02:01,930 [trainer.py] => CNN top5 curve: [99.85, 99.81, 99.68]
2026-08-14 21:02:01,930 [trainer.py] => Average Accuracy (CNN top1): 96.88333333333333
2026-08-14 21:02:01,931 [area.py] => Learning on 70-80
2026-08-14 21:10:42,251 [trainer.py] => CNN: {'total': 94.96, '00-09': 94.4, '10-19': 91.79, '20-29': 97.22, '30-39': 94.86, '40-49': 93.31, '50-59': 94.55, '60-69': 97.36, '70-79': 96.15, 'old': 94.77, 'new': 96.15, 'harmonic': 95.46}
2026-08-14 21:10:42,251 [trainer.py] => CNN top1 curve: [97.64, 97.05, 95.96, 94.96]
2026-08-14 21:10:42,251 [trainer.py] => CNN top5 curve: [99.85, 99.81, 99.68, 99.58]
2026-08-14 21:10:42,251 [trainer.py] => Average Accuracy (CNN top1): 96.40249999999999
2026-08-14 21:10:42,252 [area.py] => Learning on 80-90
2026-08-14 21:19:27,758 [trainer.py] => CNN: {'total': 90.69, '00-09': 88.4, '10-19': 85.82, '20-29': 94.05, '30-39': 86.64, '40-49': 88.58, '50-59': 87.64, '60-69': 97.36, '70-79': 93.36, '80-89': 94.55, 'old': 90.2, 'new': 94.55, 'harmonic': 92.32}
2026-08-14 21:19:27,758 [trainer.py] => CNN top1 curve: [97.64, 97.05, 95.96, 94.96, 90.69]
2026-08-14 21:19:27,758 [trainer.py] => CNN top5 curve: [99.85, 99.81, 99.68, 99.58, 98.63]
2026-08-14 21:19:27,758 [trainer.py] => Average Accuracy (CNN top1): 95.25999999999999
2026-08-14 21:19:27,759 [area.py] => Learning on 90-100
2026-08-14 21:29:06,832 [trainer.py] => CNN: {'total': 92.88, '00-09': 91.2, '10-19': 88.43, '20-29': 96.43, '30-39': 90.41, '40-49': 90.55, '50-59': 91.64, '60-69': 96.98, '70-79': 95.8, '80-89': 94.18, '90-99': 93.24, 'old': 92.84, 'new': 93.24, 'harmonic': 93.04}
2026-08-14 21:29:06,832 [trainer.py] => CNN top1 curve: [97.64, 97.05, 95.96, 94.96, 90.69, 92.88]
2026-08-14 21:29:06,832 [trainer.py] => CNN top5 curve: [99.85, 99.81, 99.68, 99.58, 98.63, 99.2]
2026-08-14 21:29:06,832 [trainer.py] => Average Accuracy (CNN top1): 94.86333333333333
