2026-08-13 14:33:13,196 [trainer.py] => config: /home/team/zhaohongwei/Code/Research/Awesome-MMCL/configs/area/area_ucf_B0_Inc10.json
2026-08-13 14:33:13,196 [trainer.py] => dataset: ucf101
2026-08-13 14:33:13,196 [trainer.py] => shuffle: True
2026-08-13 14:33:13,196 [trainer.py] => init_cls: 10
2026-08-13 14:33:13,196 [trainer.py] => increment: 10
2026-08-13 14:33:13,196 [trainer.py] => model_name: area
2026-08-13 14:33:13,196 [trainer.py] => backbone_type: clip
2026-08-13 14:33:13,196 [trainer.py] => clip_pretrained: laion400m_e32
2026-08-13 14:33:13,196 [trainer.py] => device: [device(type='cuda', index=0)]
2026-08-13 14:33:13,196 [trainer.py] => seed: 42
2026-08-13 14:33:13,196 [trainer.py] => epochs: 20
2026-08-13 14:33:13,196 [trainer.py] => milestones: [8, 15]
2026-08-13 14:33:13,196 [trainer.py] => init_lr: 0.01
2026-08-13 14:33:13,196 [trainer.py] => batch_size: 64
2026-08-13 14:33:13,196 [trainer.py] => weight_decay: 0.05
2026-08-13 14:33:13,196 [trainer.py] => optimizer: sgd
2026-08-13 14:33:13,196 [trainer.py] => samples_per_class: 4
2026-08-13 14:33:13,196 [trainer.py] => K: 8
2026-08-13 14:33:13,196 [trainer.py] => vib_lambda: 1
2026-08-13 14:33:13,196 [trainer.py] => precomputed_basis_path: ./precomputed_basis/area/ucf
2026-08-13 14:33:13,196 [trainer.py] => g_lambda: 0.3
2026-08-13 14:33:13,196 [trainer.py] => num_workers: 8
2026-08-13 14:33:13,299 [data_manager.py] => [83, 53, 70, 45, 44, 39, 22, 80, 10, 0, 18, 30, 73, 33, 90, 4, 76, 77, 12, 31, 55, 88, 26, 42, 69, 15, 40, 96, 9, 72, 11, 47, 85, 28, 93, 5, 66, 65, 35, 16, 49, 34, 7, 95, 27, 19, 81, 25, 62, 13, 24, 3, 17, 38, 8, 78, 6, 64, 36, 89, 56, 99, 54, 43, 50, 67, 46, 68, 61, 97, 79, 41, 58, 48, 98, 57, 75, 32, 94, 59, 63, 84, 37, 29, 1, 52, 21, 2, 23, 87, 91, 74, 86, 82, 20, 60, 71, 14, 92, 51]
2026-08-13 14:33:14,463 [instantiator.py] => Created a temporary directory at /tmp/tmpp5qd5ndk
2026-08-13 14:33:14,464 [instantiator.py] => Writing /tmp/tmpp5qd5ndk/_remote_module_non_scriptable.py
2026-08-13 14:33:14,600 [factory.py] => Loaded ViT-B-16 model config.
2026-08-13 14:33:16,018 [factory.py] => Loading pretrained ViT-B-16 weights (/home/team/zhaohongwei/pretrained_models/open_clip_pytorch_model_laion400m_e32.bin).
2026-08-13 14:33:17,000 [area.py] => Learning on 0-10
2026-08-13 14:33:17,257 [area.py] => Computing AREA textual base matrices
2026-08-13 14:33:19,147 [area.py] => Computing AREA visual base matrices
2026-08-13 14:41:25,756 [trainer.py] => CNN: {'total': 98.65, '00-09': 98.65, 'old': 0, 'new': 98.65, 'harmonic': 0.0}
2026-08-13 14:41:25,757 [trainer.py] => CNN top1 curve: [98.65]
2026-08-13 14:41:25,757 [trainer.py] => CNN top5 curve: [100.0]
2026-08-13 14:41:25,757 [trainer.py] => Average Accuracy (CNN top1): 98.65
2026-08-13 14:41:25,759 [area.py] => Learning on 10-20
2026-08-13 14:48:28,821 [trainer.py] => CNN: {'total': 96.87, '00-09': 98.32, '10-19': 95.12, 'old': 98.32, 'new': 95.12, 'harmonic': 96.69}
2026-08-13 14:48:28,821 [trainer.py] => CNN top1 curve: [98.65, 96.87]
2026-08-13 14:48:28,822 [trainer.py] => CNN top5 curve: [100.0, 100.0]
2026-08-13 14:48:28,822 [trainer.py] => Average Accuracy (CNN top1): 97.76
2026-08-13 14:48:28,823 [area.py] => Learning on 20-30
2026-08-13 14:55:57,290 [trainer.py] => CNN: {'total': 96.02, '00-09': 93.94, '10-19': 95.93, '20-29': 98.47, 'old': 94.84, 'new': 98.47, 'harmonic': 96.62}
2026-08-13 14:55:57,291 [trainer.py] => CNN top1 curve: [98.65, 96.87, 96.02]
2026-08-13 14:55:57,291 [trainer.py] => CNN top5 curve: [100.0, 100.0, 99.75]
2026-08-13 14:55:57,291 [trainer.py] => Average Accuracy (CNN top1): 97.18
2026-08-13 14:55:57,292 [area.py] => Learning on 30-40
2026-08-13 15:03:38,930 [trainer.py] => CNN: {'total': 96.47, '00-09': 94.28, '10-19': 95.93, '20-29': 97.7, '30-39': 98.15, 'old': 95.9, 'new': 98.15, 'harmonic': 97.01}
2026-08-13 15:03:38,931 [trainer.py] => CNN top1 curve: [98.65, 96.87, 96.02, 96.47]
2026-08-13 15:03:38,931 [trainer.py] => CNN top5 curve: [100.0, 100.0, 99.75, 99.72]
2026-08-13 15:03:38,931 [trainer.py] => Average Accuracy (CNN top1): 97.0025
2026-08-13 15:03:38,932 [area.py] => Learning on 40-50
2026-08-13 15:11:32,679 [trainer.py] => CNN: {'total': 95.56, '00-09': 94.28, '10-19': 93.09, '20-29': 96.17, '30-39': 96.68, '40-49': 97.64, 'old': 95.07, 'new': 97.64, 'harmonic': 96.34}
2026-08-13 15:11:32,679 [trainer.py] => CNN top1 curve: [98.65, 96.87, 96.02, 96.47, 95.56]
2026-08-13 15:11:32,679 [trainer.py] => CNN top5 curve: [100.0, 100.0, 99.75, 99.72, 99.7]
2026-08-13 15:11:32,680 [trainer.py] => Average Accuracy (CNN top1): 96.714
2026-08-13 15:11:32,681 [area.py] => Learning on 50-60
2026-08-13 15:20:26,464 [trainer.py] => CNN: {'total': 95.47, '00-09': 94.61, '10-19': 93.5, '20-29': 96.17, '30-39': 95.57, '40-49': 96.06, '50-59': 96.82, 'old': 95.18, 'new': 96.82, 'harmonic': 95.99}
2026-08-13 15:20:26,464 [trainer.py] => CNN top1 curve: [98.65, 96.87, 96.02, 96.47, 95.56, 95.47]
2026-08-13 15:20:26,464 [trainer.py] => CNN top5 curve: [100.0, 100.0, 99.75, 99.72, 99.7, 99.57]
2026-08-13 15:20:26,464 [trainer.py] => Average Accuracy (CNN top1): 96.50666666666666
2026-08-13 15:20:26,465 [area.py] => Learning on 60-70
2026-08-13 15:29:48,825 [trainer.py] => CNN: {'total': 94.26, '00-09': 93.27, '10-19': 92.68, '20-29': 95.4, '30-39': 93.73, '40-49': 96.06, '50-59': 95.76, '60-69': 92.91, 'old': 94.48, 'new': 92.91, 'harmonic': 93.69}
2026-08-13 15:29:48,825 [trainer.py] => CNN top1 curve: [98.65, 96.87, 96.02, 96.47, 95.56, 95.47, 94.26]
2026-08-13 15:29:48,825 [trainer.py] => CNN top5 curve: [100.0, 100.0, 99.75, 99.72, 99.7, 99.57, 99.57]
2026-08-13 15:29:48,825 [trainer.py] => Average Accuracy (CNN top1): 96.18571428571428
2026-08-13 15:29:48,826 [area.py] => Learning on 70-80
2026-08-13 15:39:54,037 [trainer.py] => CNN: {'total': 94.43, '00-09': 94.28, '10-19': 93.09, '20-29': 96.17, '30-39': 92.99, '40-49': 96.85, '50-59': 94.35, '60-69': 93.28, '70-79': 94.53, 'old': 94.41, 'new': 94.53, 'harmonic': 94.47}
2026-08-13 15:39:54,037 [trainer.py] => CNN top1 curve: [98.65, 96.87, 96.02, 96.47, 95.56, 95.47, 94.26, 94.43]
2026-08-13 15:39:54,037 [trainer.py] => CNN top5 curve: [100.0, 100.0, 99.75, 99.72, 99.7, 99.57, 99.57, 99.44]
2026-08-13 15:39:54,037 [trainer.py] => Average Accuracy (CNN top1): 95.96625
2026-08-13 15:39:54,038 [area.py] => Learning on 80-90
2026-08-13 15:50:13,582 [trainer.py] => CNN: {'total': 93.69, '00-09': 92.59, '10-19': 91.46, '20-29': 94.64, '30-39': 92.62, '40-49': 96.46, '50-59': 94.7, '60-69': 92.91, '70-79': 95.26, '80-89': 92.55, 'old': 93.83, 'new': 92.55, 'harmonic': 93.19}
2026-08-13 15:50:13,582 [trainer.py] => CNN top1 curve: [98.65, 96.87, 96.02, 96.47, 95.56, 95.47, 94.26, 94.43, 93.69]
2026-08-13 15:50:13,582 [trainer.py] => CNN top5 curve: [100.0, 100.0, 99.75, 99.72, 99.7, 99.57, 99.57, 99.44, 99.42]
2026-08-13 15:50:13,583 [trainer.py] => Average Accuracy (CNN top1): 95.71333333333334
2026-08-13 15:50:13,584 [area.py] => Learning on 90-100
2026-08-13 16:01:01,316 [trainer.py] => CNN: {'total': 92.5, '00-09': 91.25, '10-19': 91.87, '20-29': 93.87, '30-39': 91.88, '40-49': 95.28, '50-59': 94.7, '60-69': 92.16, '70-79': 94.89, '80-89': 89.8, '90-99': 88.7, 'old': 92.86, 'new': 88.7, 'harmonic': 90.73}
2026-08-13 16:01:01,316 [trainer.py] => CNN top1 curve: [98.65, 96.87, 96.02, 96.47, 95.56, 95.47, 94.26, 94.43, 93.69, 92.5]
2026-08-13 16:01:01,316 [trainer.py] => CNN top5 curve: [100.0, 100.0, 99.75, 99.72, 99.7, 99.57, 99.57, 99.44, 99.42, 99.09]
2026-08-13 16:01:01,316 [trainer.py] => Average Accuracy (CNN top1): 95.39200000000001
