2026-07-25 22:07:19,413 [trainer.py] => config: /dev/stdin
2026-07-25 22:07:19,413 [trainer.py] => dataset: ucf101
2026-07-25 22:07:19,413 [trainer.py] => shuffle: True
2026-07-25 22:07:19,413 [trainer.py] => init_cls: 10
2026-07-25 22:07:19,413 [trainer.py] => increment: 10
2026-07-25 22:07:19,413 [trainer.py] => model_name: area
2026-07-25 22:07:19,413 [trainer.py] => backbone_type: clip
2026-07-25 22:07:19,413 [trainer.py] => clip_pretrained: laion400m_e32
2026-07-25 22:07:19,413 [trainer.py] => device: [device(type='cuda', index=6)]
2026-07-25 22:07:19,413 [trainer.py] => seed: 0
2026-07-25 22:07:19,413 [trainer.py] => epochs: 20
2026-07-25 22:07:19,413 [trainer.py] => milestones: [8, 15]
2026-07-25 22:07:19,414 [trainer.py] => init_lr: 0.01
2026-07-25 22:07:19,414 [trainer.py] => batch_size: 64
2026-07-25 22:07:19,414 [trainer.py] => weight_decay: 0.05
2026-07-25 22:07:19,414 [trainer.py] => optimizer: sgd
2026-07-25 22:07:19,414 [trainer.py] => samples_per_class: 4
2026-07-25 22:07:19,414 [trainer.py] => K: 8
2026-07-25 22:07:19,414 [trainer.py] => vib_lambda: 1
2026-07-25 22:07:19,414 [trainer.py] => precomputed_basis_path: ./precomputed_basis/area/ucf
2026-07-25 22:07:19,414 [trainer.py] => g_lambda: 0.3
2026-07-25 22:07:19,414 [trainer.py] => num_workers: 8
2026-07-25 22:07:19,534 [data_manager.py] => [26, 86, 2, 55, 75, 93, 16, 73, 54, 95, 53, 92, 78, 13, 7, 30, 22, 24, 33, 8, 43, 62, 3, 71, 45, 48, 6, 99, 82, 76, 60, 80, 90, 68, 51, 27, 18, 56, 63, 74, 1, 61, 42, 41, 4, 15, 17, 40, 38, 5, 91, 59, 0, 34, 28, 50, 11, 35, 23, 52, 10, 31, 66, 57, 79, 85, 32, 84, 14, 89, 19, 29, 49, 97, 98, 69, 20, 94, 72, 77, 25, 37, 81, 46, 39, 65, 58, 12, 88, 70, 87, 36, 21, 83, 9, 96, 67, 64, 47, 44]
2026-07-25 22:07:20,830 [instantiator.py] => Created a temporary directory at /tmp/tmp9l7x5z3g
2026-07-25 22:07:20,830 [instantiator.py] => Writing /tmp/tmp9l7x5z3g/_remote_module_non_scriptable.py
2026-07-25 22:07:20,980 [factory.py] => Loaded ViT-B-16 model config.
2026-08-05 10:47:30,815 [trainer.py] => config: /dev/stdin
2026-08-05 10:47:30,815 [trainer.py] => dataset: ucf101
2026-08-05 10:47:30,815 [trainer.py] => shuffle: True
2026-08-05 10:47:30,815 [trainer.py] => init_cls: 10
2026-08-05 10:47:30,815 [trainer.py] => increment: 10
2026-08-05 10:47:30,815 [trainer.py] => model_name: area
2026-08-05 10:47:30,815 [trainer.py] => backbone_type: clip
2026-08-05 10:47:30,815 [trainer.py] => clip_pretrained: laion400m_e32
2026-08-05 10:47:30,815 [trainer.py] => device: [device(type='cuda', index=5)]
2026-08-05 10:47:30,815 [trainer.py] => seed: 0
2026-08-05 10:47:30,815 [trainer.py] => epochs: 20
2026-08-05 10:47:30,815 [trainer.py] => milestones: [8, 15]
2026-08-05 10:47:30,815 [trainer.py] => init_lr: 0.01
2026-08-05 10:47:30,816 [trainer.py] => batch_size: 64
2026-08-05 10:47:30,816 [trainer.py] => weight_decay: 0.05
2026-08-05 10:47:30,816 [trainer.py] => optimizer: sgd
2026-08-05 10:47:30,816 [trainer.py] => samples_per_class: 4
2026-08-05 10:47:30,816 [trainer.py] => K: 8
2026-08-05 10:47:30,816 [trainer.py] => vib_lambda: 1
2026-08-05 10:47:30,816 [trainer.py] => precomputed_basis_path: ./precomputed_basis/area/ucf
2026-08-05 10:47:30,816 [trainer.py] => g_lambda: 0.3
2026-08-05 10:47:30,816 [trainer.py] => num_workers: 8
2026-08-05 10:47:30,926 [data_manager.py] => [26, 86, 2, 55, 75, 93, 16, 73, 54, 95, 53, 92, 78, 13, 7, 30, 22, 24, 33, 8, 43, 62, 3, 71, 45, 48, 6, 99, 82, 76, 60, 80, 90, 68, 51, 27, 18, 56, 63, 74, 1, 61, 42, 41, 4, 15, 17, 40, 38, 5, 91, 59, 0, 34, 28, 50, 11, 35, 23, 52, 10, 31, 66, 57, 79, 85, 32, 84, 14, 89, 19, 29, 49, 97, 98, 69, 20, 94, 72, 77, 25, 37, 81, 46, 39, 65, 58, 12, 88, 70, 87, 36, 21, 83, 9, 96, 67, 64, 47, 44]
2026-08-05 10:47:32,109 [instantiator.py] => Created a temporary directory at /tmp/tmpemeoz4ty
2026-08-05 10:47:32,109 [instantiator.py] => Writing /tmp/tmpemeoz4ty/_remote_module_non_scriptable.py
2026-08-05 10:47:32,242 [factory.py] => Loaded ViT-B-16 model config.
2026-08-12 22:18:28,114 [trainer.py] => config: /home/team/zhaohongwei/Code/Research/Awesome-MMCL/configs/area/area_ucf_B0_Inc10.json
2026-08-12 22:18:28,114 [trainer.py] => dataset: ucf101
2026-08-12 22:18:28,114 [trainer.py] => shuffle: True
2026-08-12 22:18:28,114 [trainer.py] => init_cls: 10
2026-08-12 22:18:28,114 [trainer.py] => increment: 10
2026-08-12 22:18:28,114 [trainer.py] => model_name: area
2026-08-12 22:18:28,114 [trainer.py] => backbone_type: clip
2026-08-12 22:18:28,114 [trainer.py] => clip_pretrained: laion400m_e32
2026-08-12 22:18:28,114 [trainer.py] => device: [device(type='cuda', index=0)]
2026-08-12 22:18:28,114 [trainer.py] => seed: 0
2026-08-12 22:18:28,114 [trainer.py] => epochs: 20
2026-08-12 22:18:28,114 [trainer.py] => milestones: [8, 15]
2026-08-12 22:18:28,114 [trainer.py] => init_lr: 0.01
2026-08-12 22:18:28,114 [trainer.py] => batch_size: 64
2026-08-12 22:18:28,114 [trainer.py] => weight_decay: 0.05
2026-08-12 22:18:28,114 [trainer.py] => optimizer: sgd
2026-08-12 22:18:28,114 [trainer.py] => samples_per_class: 4
2026-08-12 22:18:28,114 [trainer.py] => K: 8
2026-08-12 22:18:28,114 [trainer.py] => vib_lambda: 1
2026-08-12 22:18:28,115 [trainer.py] => precomputed_basis_path: ./precomputed_basis/area/ucf
2026-08-12 22:18:28,115 [trainer.py] => g_lambda: 0.3
2026-08-12 22:18:28,115 [trainer.py] => num_workers: 8
2026-08-12 22:18:28,221 [data_manager.py] => [26, 86, 2, 55, 75, 93, 16, 73, 54, 95, 53, 92, 78, 13, 7, 30, 22, 24, 33, 8, 43, 62, 3, 71, 45, 48, 6, 99, 82, 76, 60, 80, 90, 68, 51, 27, 18, 56, 63, 74, 1, 61, 42, 41, 4, 15, 17, 40, 38, 5, 91, 59, 0, 34, 28, 50, 11, 35, 23, 52, 10, 31, 66, 57, 79, 85, 32, 84, 14, 89, 19, 29, 49, 97, 98, 69, 20, 94, 72, 77, 25, 37, 81, 46, 39, 65, 58, 12, 88, 70, 87, 36, 21, 83, 9, 96, 67, 64, 47, 44]
2026-08-12 22:18:29,410 [instantiator.py] => Created a temporary directory at /tmp/tmpiz03h0gq
2026-08-12 22:18:29,410 [instantiator.py] => Writing /tmp/tmpiz03h0gq/_remote_module_non_scriptable.py
2026-08-12 22:18:29,542 [factory.py] => Loaded ViT-B-16 model config.
2026-08-12 22:18:31,105 [factory.py] => Loading pretrained ViT-B-16 weights (/home/team/zhaohongwei/pretrained_models/open_clip_pytorch_model_laion400m_e32.bin).
2026-08-12 22:18:32,087 [area.py] => Learning on 0-10
2026-08-12 22:18:32,343 [area.py] => Loading AREA basis cache from precomputed_basis/area/ucf/seed_0/textual_base_matrices.pth
2026-08-12 22:18:32,345 [area.py] => Loading AREA basis cache from precomputed_basis/area/ucf/seed_0/visual_base_matrices.pth
2026-08-12 22:28:24,889 [trainer.py] => CNN: {'total': 100.0, '00-09': 100.0, 'old': 0, 'new': 100.0, 'harmonic': 0.0}
2026-08-12 22:28:24,889 [trainer.py] => CNN top1 curve: [100.0]
2026-08-12 22:28:24,889 [trainer.py] => CNN top5 curve: [100.0]
2026-08-12 22:28:24,889 [trainer.py] => Average Accuracy (CNN top1): 100.0
2026-08-12 22:28:24,891 [area.py] => Learning on 10-20
2026-08-12 22:38:15,453 [trainer.py] => CNN: {'total': 97.68, '00-09': 98.46, '10-19': 96.91, 'old': 98.46, 'new': 96.91, 'harmonic': 97.68}
2026-08-12 22:38:15,454 [trainer.py] => CNN top1 curve: [100.0, 97.68]
2026-08-12 22:38:15,454 [trainer.py] => CNN top5 curve: [100.0, 100.0]
2026-08-12 22:38:15,454 [trainer.py] => Average Accuracy (CNN top1): 98.84
2026-08-12 22:38:15,455 [area.py] => Learning on 20-30
2026-08-12 22:48:36,725 [trainer.py] => CNN: {'total': 97.35, '00-09': 98.07, '10-19': 95.75, '20-29': 98.17, 'old': 96.91, 'new': 98.17, 'harmonic': 97.54}
2026-08-12 22:48:36,726 [trainer.py] => CNN top1 curve: [100.0, 97.68, 97.35]
2026-08-12 22:48:36,726 [trainer.py] => CNN top5 curve: [100.0, 100.0, 99.87]
2026-08-12 22:48:36,726 [trainer.py] => Average Accuracy (CNN top1): 98.34333333333332
2026-08-12 22:48:36,727 [area.py] => Learning on 30-40
2026-08-12 22:58:33,506 [trainer.py] => CNN: {'total': 96.65, '00-09': 98.07, '10-19': 95.75, '20-29': 97.07, '30-39': 95.54, 'old': 96.97, 'new': 95.54, 'harmonic': 96.25}
2026-08-12 22:58:33,506 [trainer.py] => CNN top1 curve: [100.0, 97.68, 97.35, 96.65]
2026-08-12 22:58:33,506 [trainer.py] => CNN top5 curve: [100.0, 100.0, 99.87, 99.7]
2026-08-12 22:58:33,506 [trainer.py] => Average Accuracy (CNN top1): 97.91999999999999
2026-08-12 22:58:33,507 [area.py] => Learning on 40-50
2026-08-12 23:09:59,207 [trainer.py] => CNN: {'total': 96.11, '00-09': 96.91, '10-19': 96.14, '20-29': 95.97, '30-39': 95.09, '40-49': 96.3, 'old': 96.06, 'new': 96.3, 'harmonic': 96.18}
2026-08-12 23:09:59,208 [trainer.py] => CNN top1 curve: [100.0, 97.68, 97.35, 96.65, 96.11]
2026-08-12 23:09:59,208 [trainer.py] => CNN top5 curve: [100.0, 100.0, 99.87, 99.7, 99.7]
2026-08-12 23:09:59,208 [trainer.py] => Average Accuracy (CNN top1): 97.55799999999999
2026-08-12 23:09:59,209 [area.py] => Learning on 50-60
2026-08-12 23:22:49,157 [trainer.py] => CNN: {'total': 94.34, '00-09': 96.91, '10-19': 93.05, '20-29': 95.97, '30-39': 94.64, '40-49': 94.95, '50-59': 90.68, 'old': 95.12, 'new': 90.68, 'harmonic': 92.85}
2026-08-12 23:22:49,157 [trainer.py] => CNN top1 curve: [100.0, 97.68, 97.35, 96.65, 96.11, 94.34]
2026-08-12 23:22:49,157 [trainer.py] => CNN top5 curve: [100.0, 100.0, 99.87, 99.7, 99.7, 99.43]
2026-08-12 23:22:49,157 [trainer.py] => Average Accuracy (CNN top1): 97.02166666666666
2026-08-12 23:22:49,158 [area.py] => Learning on 60-70
2026-08-12 23:34:27,587 [trainer.py] => CNN: {'total': 92.82, '00-09': 95.75, '10-19': 91.51, '20-29': 94.87, '30-39': 94.64, '40-49': 92.93, '50-59': 89.25, '60-69': 91.09, 'old': 93.09, 'new': 91.09, 'harmonic': 92.08}
2026-08-12 23:34:27,588 [trainer.py] => CNN top1 curve: [100.0, 97.68, 97.35, 96.65, 96.11, 94.34, 92.82]
2026-08-12 23:34:27,588 [trainer.py] => CNN top5 curve: [100.0, 100.0, 99.87, 99.7, 99.7, 99.43, 99.18]
2026-08-12 23:34:27,588 [trainer.py] => Average Accuracy (CNN top1): 96.42142857142858
2026-08-12 23:34:27,589 [area.py] => Learning on 70-80
2026-08-12 23:46:41,732 [trainer.py] => CNN: {'total': 92.14, '00-09': 93.82, '10-19': 92.28, '20-29': 94.51, '30-39': 93.75, '40-49': 92.93, '50-59': 87.1, '60-69': 89.07, '70-79': 93.95, 'old': 91.89, 'new': 93.95, 'harmonic': 92.91}
2026-08-12 23:46:41,733 [trainer.py] => CNN top1 curve: [100.0, 97.68, 97.35, 96.65, 96.11, 94.34, 92.82, 92.14]
2026-08-12 23:46:41,733 [trainer.py] => CNN top5 curve: [100.0, 100.0, 99.87, 99.7, 99.7, 99.43, 99.18, 98.95]
2026-08-12 23:46:41,733 [trainer.py] => Average Accuracy (CNN top1): 95.88625
2026-08-12 23:46:41,734 [area.py] => Learning on 80-90
2026-08-13 00:00:15,980 [trainer.py] => CNN: {'total': 92.84, '00-09': 94.98, '10-19': 90.35, '20-29': 95.24, '30-39': 93.75, '40-49': 94.28, '50-59': 89.25, '60-69': 91.5, '70-79': 93.55, '80-89': 92.67, 'old': 92.86, 'new': 92.67, 'harmonic': 92.76}
2026-08-13 00:00:15,981 [trainer.py] => CNN top1 curve: [100.0, 97.68, 97.35, 96.65, 96.11, 94.34, 92.82, 92.14, 92.84]
2026-08-13 00:00:15,981 [trainer.py] => CNN top5 curve: [100.0, 100.0, 99.87, 99.7, 99.7, 99.43, 99.18, 98.95, 99.15]
2026-08-13 00:00:15,981 [trainer.py] => Average Accuracy (CNN top1): 95.54777777777778
2026-08-13 00:00:15,981 [area.py] => Learning on 90-100
2026-08-13 00:14:09,211 [trainer.py] => CNN: {'total': 92.61, '00-09': 94.59, '10-19': 89.96, '20-29': 95.97, '30-39': 93.3, '40-49': 93.6, '50-59': 91.04, '60-69': 90.28, '70-79': 93.95, '80-89': 90.48, '90-99': 92.86, 'old': 92.58, 'new': 92.86, 'harmonic': 92.72}
2026-08-13 00:14:09,211 [trainer.py] => CNN top1 curve: [100.0, 97.68, 97.35, 96.65, 96.11, 94.34, 92.82, 92.14, 92.84, 92.61]
2026-08-13 00:14:09,211 [trainer.py] => CNN top5 curve: [100.0, 100.0, 99.87, 99.7, 99.7, 99.43, 99.18, 98.95, 99.15, 98.98]
2026-08-13 00:14:09,211 [trainer.py] => Average Accuracy (CNN top1): 95.254
