2026-07-24 23:39:45,100 [trainer.py] => config: configs/validation/dualprompt_objectnet_B0_Inc20_seed1993_gpu4.json
2026-07-24 23:39:45,100 [trainer.py] => prefix: -
2026-07-24 23:39:45,100 [trainer.py] => dataset: objectnet
2026-07-24 23:39:45,100 [trainer.py] => memory_size: 0
2026-07-24 23:39:45,100 [trainer.py] => memory_per_class: 0
2026-07-24 23:39:45,100 [trainer.py] => fixed_memory: False
2026-07-24 23:39:45,100 [trainer.py] => shuffle: True
2026-07-24 23:39:45,100 [trainer.py] => init_cls: 20
2026-07-24 23:39:45,100 [trainer.py] => increment: 20
2026-07-24 23:39:45,101 [trainer.py] => model_name: dualprompt
2026-07-24 23:39:45,101 [trainer.py] => backbone_type: clip
2026-07-24 23:39:45,101 [trainer.py] => get_original_backbone: True
2026-07-24 23:39:45,101 [trainer.py] => device: [device(type='cuda', index=4)]
2026-07-24 23:39:45,101 [trainer.py] => seed: 1993
2026-07-24 23:39:45,101 [trainer.py] => nb_classes: 200
2026-07-24 23:39:45,101 [trainer.py] => tuned_epoch: 10
2026-07-24 23:39:45,101 [trainer.py] => init_lr: 0.001
2026-07-24 23:39:45,101 [trainer.py] => batch_size: 64
2026-07-24 23:39:45,101 [trainer.py] => weight_decay: 0
2026-07-24 23:39:45,101 [trainer.py] => min_lr: 1e-05
2026-07-24 23:39:45,101 [trainer.py] => optimizer: adam
2026-07-24 23:39:45,101 [trainer.py] => scheduler: constant
2026-07-24 23:39:45,101 [trainer.py] => reinit_optimizer: True
2026-07-24 23:39:45,101 [trainer.py] => global_pool: token
2026-07-24 23:39:45,101 [trainer.py] => head_type: token
2026-07-24 23:39:45,101 [trainer.py] => freeze: ['blocks', 'patch_embed', 'cls_token', 'norm', 'pos_embed']
2026-07-24 23:39:45,101 [trainer.py] => pretrained: True
2026-07-24 23:39:45,101 [trainer.py] => drop: 0.0
2026-07-24 23:39:45,101 [trainer.py] => drop_path: 0.0
2026-07-24 23:39:45,101 [trainer.py] => use_g_prompt: True
2026-07-24 23:39:45,101 [trainer.py] => g_prompt_length: 5
2026-07-24 23:39:45,101 [trainer.py] => g_prompt_layer_idx: [0, 1]
2026-07-24 23:39:45,101 [trainer.py] => use_prefix_tune_for_g_prompt: True
2026-07-24 23:39:45,102 [trainer.py] => use_e_prompt: True
2026-07-24 23:39:45,102 [trainer.py] => e_prompt_layer_idx: [2, 3, 4]
2026-07-24 23:39:45,102 [trainer.py] => use_prefix_tune_for_e_prompt: True
2026-07-24 23:39:45,102 [trainer.py] => prompt_pool: True
2026-07-24 23:39:45,102 [trainer.py] => size: 10
2026-07-24 23:39:45,102 [trainer.py] => length: 5
2026-07-24 23:39:45,102 [trainer.py] => top_k: 1
2026-07-24 23:39:45,102 [trainer.py] => initializer: uniform
2026-07-24 23:39:45,102 [trainer.py] => prompt_key: True
2026-07-24 23:39:45,102 [trainer.py] => prompt_key_init: uniform
2026-07-24 23:39:45,102 [trainer.py] => use_prompt_mask: True
2026-07-24 23:39:45,102 [trainer.py] => shared_prompt_pool: True
2026-07-24 23:39:45,102 [trainer.py] => shared_prompt_key: False
2026-07-24 23:39:45,102 [trainer.py] => batchwise_prompt: True
2026-07-24 23:39:45,102 [trainer.py] => embedding_key: cls
2026-07-24 23:39:45,102 [trainer.py] => predefined_key: 
2026-07-24 23:39:45,102 [trainer.py] => pull_constraint: True
2026-07-24 23:39:45,102 [trainer.py] => pull_constraint_coeff: 0.1
2026-07-24 23:39:45,102 [trainer.py] => same_key_value: False
2026-07-24 23:39:45,102 [trainer.py] => total_class_num: 200
2026-07-24 23:39:45,463 [data_manager.py] => [168, 136, 51, 9, 183, 101, 171, 99, 42, 159, 191, 70, 16, 188, 27, 10, 175, 26, 68, 187, 98, 6, 85, 35, 112, 43, 100, 0, 103, 181, 88, 59, 4, 2, 116, 174, 94, 80, 106, 1, 147, 17, 141, 131, 72, 23, 173, 54, 197, 118, 87, 32, 79, 104, 91, 19, 135, 107, 178, 36, 11, 199, 142, 8, 122, 3, 28, 57, 153, 172, 190, 56, 49, 44, 97, 62, 151, 169, 194, 55, 192, 12, 189, 78, 66, 180, 15, 137, 109, 134, 92, 119, 126, 52, 170, 40, 148, 65, 144, 64, 138, 45, 77, 89, 154, 90, 71, 193, 74, 30, 113, 143, 96, 84, 67, 50, 186, 156, 69, 21, 18, 111, 108, 58, 125, 157, 150, 110, 182, 129, 166, 83, 81, 60, 13, 165, 14, 176, 63, 117, 5, 22, 145, 121, 38, 41, 82, 127, 114, 20, 31, 53, 37, 163, 196, 130, 152, 162, 86, 76, 24, 34, 184, 149, 33, 128, 198, 155, 146, 167, 139, 120, 140, 102, 47, 25, 158, 123, 46, 164, 61, 7, 115, 75, 133, 160, 105, 132, 179, 124, 48, 73, 93, 39, 95, 195, 29, 177, 185, 161]
2026-07-24 23:43:14,127 [trainer.py] => config: configs/validation/dualprompt_objectnet_B0_Inc20_seed1993_gpu4.json
2026-07-24 23:43:14,142 [trainer.py] => prefix: -
2026-07-24 23:43:14,142 [trainer.py] => dataset: objectnet
2026-07-24 23:43:14,142 [trainer.py] => memory_size: 0
2026-07-24 23:43:14,142 [trainer.py] => memory_per_class: 0
2026-07-24 23:43:14,142 [trainer.py] => fixed_memory: False
2026-07-24 23:43:14,142 [trainer.py] => shuffle: True
2026-07-24 23:43:14,142 [trainer.py] => init_cls: 20
2026-07-24 23:43:14,142 [trainer.py] => increment: 20
2026-07-24 23:43:14,142 [trainer.py] => model_name: dualprompt
2026-07-24 23:43:14,143 [trainer.py] => backbone_type: clip
2026-07-24 23:43:14,143 [trainer.py] => get_original_backbone: True
2026-07-24 23:43:14,143 [trainer.py] => device: [device(type='cuda', index=4)]
2026-07-24 23:43:14,143 [trainer.py] => seed: 1993
2026-07-24 23:43:14,143 [trainer.py] => nb_classes: 200
2026-07-24 23:43:14,143 [trainer.py] => tuned_epoch: 10
2026-07-24 23:43:14,143 [trainer.py] => init_lr: 0.001
2026-07-24 23:43:14,143 [trainer.py] => batch_size: 64
2026-07-24 23:43:14,143 [trainer.py] => weight_decay: 0
2026-07-24 23:43:14,143 [trainer.py] => min_lr: 1e-05
2026-07-24 23:43:14,143 [trainer.py] => optimizer: adam
2026-07-24 23:43:14,143 [trainer.py] => scheduler: constant
2026-07-24 23:43:14,143 [trainer.py] => reinit_optimizer: True
2026-07-24 23:43:14,143 [trainer.py] => global_pool: token
2026-07-24 23:43:14,143 [trainer.py] => head_type: token
2026-07-24 23:43:14,143 [trainer.py] => freeze: ['blocks', 'patch_embed', 'cls_token', 'norm', 'pos_embed']
2026-07-24 23:43:14,143 [trainer.py] => pretrained: True
2026-07-24 23:43:14,143 [trainer.py] => drop: 0.0
2026-07-24 23:43:14,143 [trainer.py] => drop_path: 0.0
2026-07-24 23:43:14,143 [trainer.py] => use_g_prompt: True
2026-07-24 23:43:14,143 [trainer.py] => g_prompt_length: 5
2026-07-24 23:43:14,143 [trainer.py] => g_prompt_layer_idx: [0, 1]
2026-07-24 23:43:14,143 [trainer.py] => use_prefix_tune_for_g_prompt: True
2026-07-24 23:43:14,144 [trainer.py] => use_e_prompt: True
2026-07-24 23:43:14,144 [trainer.py] => e_prompt_layer_idx: [2, 3, 4]
2026-07-24 23:43:14,144 [trainer.py] => use_prefix_tune_for_e_prompt: True
2026-07-24 23:43:14,144 [trainer.py] => prompt_pool: True
2026-07-24 23:43:14,144 [trainer.py] => size: 10
2026-07-24 23:43:14,144 [trainer.py] => length: 5
2026-07-24 23:43:14,144 [trainer.py] => top_k: 1
2026-07-24 23:43:14,144 [trainer.py] => initializer: uniform
2026-07-24 23:43:14,144 [trainer.py] => prompt_key: True
2026-07-24 23:43:14,144 [trainer.py] => prompt_key_init: uniform
2026-07-24 23:43:14,144 [trainer.py] => use_prompt_mask: True
2026-07-24 23:43:14,144 [trainer.py] => shared_prompt_pool: True
2026-07-24 23:43:14,144 [trainer.py] => shared_prompt_key: False
2026-07-24 23:43:14,144 [trainer.py] => batchwise_prompt: True
2026-07-24 23:43:14,144 [trainer.py] => embedding_key: cls
2026-07-24 23:43:14,144 [trainer.py] => predefined_key: 
2026-07-24 23:43:14,144 [trainer.py] => pull_constraint: True
2026-07-24 23:43:14,144 [trainer.py] => pull_constraint_coeff: 0.1
2026-07-24 23:43:14,144 [trainer.py] => same_key_value: False
2026-07-24 23:43:14,144 [trainer.py] => total_class_num: 200
2026-07-24 23:43:14,522 [data_manager.py] => [168, 136, 51, 9, 183, 101, 171, 99, 42, 159, 191, 70, 16, 188, 27, 10, 175, 26, 68, 187, 98, 6, 85, 35, 112, 43, 100, 0, 103, 181, 88, 59, 4, 2, 116, 174, 94, 80, 106, 1, 147, 17, 141, 131, 72, 23, 173, 54, 197, 118, 87, 32, 79, 104, 91, 19, 135, 107, 178, 36, 11, 199, 142, 8, 122, 3, 28, 57, 153, 172, 190, 56, 49, 44, 97, 62, 151, 169, 194, 55, 192, 12, 189, 78, 66, 180, 15, 137, 109, 134, 92, 119, 126, 52, 170, 40, 148, 65, 144, 64, 138, 45, 77, 89, 154, 90, 71, 193, 74, 30, 113, 143, 96, 84, 67, 50, 186, 156, 69, 21, 18, 111, 108, 58, 125, 157, 150, 110, 182, 129, 166, 83, 81, 60, 13, 165, 14, 176, 63, 117, 5, 22, 145, 121, 38, 41, 82, 127, 114, 20, 31, 53, 37, 163, 196, 130, 152, 162, 86, 76, 24, 34, 184, 149, 33, 128, 198, 155, 146, 167, 139, 120, 140, 102, 47, 25, 158, 123, 46, 164, 61, 7, 115, 75, 133, 160, 105, 132, 179, 124, 48, 73, 93, 39, 95, 195, 29, 177, 185, 161]
2026-07-24 23:43:18,098 [instantiator.py] => Created a temporary directory at /tmp/tmpp3cjvydn
2026-07-24 23:43:18,099 [instantiator.py] => Writing /tmp/tmpp3cjvydn/_remote_module_non_scriptable.py
2026-07-24 23:43:18,474 [factory.py] => Loaded ViT-B-16 model config.
2026-07-24 23:43:29,218 [factory.py] => Loading pretrained ViT-B-16 weights (laion400m_e32).
2026-07-24 23:46:37,678 [trainer.py] => config: configs/validation/dualprompt_objectnet_B0_Inc20_seed1993_gpu4.json
2026-07-24 23:46:37,679 [trainer.py] => prefix: -
2026-07-24 23:46:37,679 [trainer.py] => dataset: objectnet
2026-07-24 23:46:37,679 [trainer.py] => memory_size: 0
2026-07-24 23:46:37,679 [trainer.py] => memory_per_class: 0
2026-07-24 23:46:37,679 [trainer.py] => fixed_memory: False
2026-07-24 23:46:37,679 [trainer.py] => shuffle: True
2026-07-24 23:46:37,679 [trainer.py] => init_cls: 20
2026-07-24 23:46:37,679 [trainer.py] => increment: 20
2026-07-24 23:46:37,679 [trainer.py] => model_name: dualprompt
2026-07-24 23:46:37,679 [trainer.py] => backbone_type: clip
2026-07-24 23:46:37,679 [trainer.py] => get_original_backbone: True
2026-07-24 23:46:37,679 [trainer.py] => device: [device(type='cuda', index=4)]
2026-07-24 23:46:37,679 [trainer.py] => seed: 1993
2026-07-24 23:46:37,679 [trainer.py] => nb_classes: 200
2026-07-24 23:46:37,679 [trainer.py] => tuned_epoch: 10
2026-07-24 23:46:37,679 [trainer.py] => init_lr: 0.001
2026-07-24 23:46:37,679 [trainer.py] => batch_size: 64
2026-07-24 23:46:37,679 [trainer.py] => weight_decay: 0
2026-07-24 23:46:37,679 [trainer.py] => min_lr: 1e-05
2026-07-24 23:46:37,679 [trainer.py] => optimizer: adam
2026-07-24 23:46:37,679 [trainer.py] => scheduler: constant
2026-07-24 23:46:37,679 [trainer.py] => reinit_optimizer: True
2026-07-24 23:46:37,680 [trainer.py] => global_pool: token
2026-07-24 23:46:37,680 [trainer.py] => head_type: token
2026-07-24 23:46:37,680 [trainer.py] => freeze: ['blocks', 'patch_embed', 'cls_token', 'norm', 'pos_embed']
2026-07-24 23:46:37,680 [trainer.py] => pretrained: True
2026-07-24 23:46:37,680 [trainer.py] => drop: 0.0
2026-07-24 23:46:37,680 [trainer.py] => drop_path: 0.0
2026-07-24 23:46:37,680 [trainer.py] => use_g_prompt: True
2026-07-24 23:46:37,680 [trainer.py] => g_prompt_length: 5
2026-07-24 23:46:37,680 [trainer.py] => g_prompt_layer_idx: [0, 1]
2026-07-24 23:46:37,680 [trainer.py] => use_prefix_tune_for_g_prompt: True
2026-07-24 23:46:37,680 [trainer.py] => use_e_prompt: True
2026-07-24 23:46:37,680 [trainer.py] => e_prompt_layer_idx: [2, 3, 4]
2026-07-24 23:46:37,680 [trainer.py] => use_prefix_tune_for_e_prompt: True
2026-07-24 23:46:37,680 [trainer.py] => prompt_pool: True
2026-07-24 23:46:37,680 [trainer.py] => size: 10
2026-07-24 23:46:37,680 [trainer.py] => length: 5
2026-07-24 23:46:37,680 [trainer.py] => top_k: 1
2026-07-24 23:46:37,680 [trainer.py] => initializer: uniform
2026-07-24 23:46:37,680 [trainer.py] => prompt_key: True
2026-07-24 23:46:37,680 [trainer.py] => prompt_key_init: uniform
2026-07-24 23:46:37,680 [trainer.py] => use_prompt_mask: True
2026-07-24 23:46:37,680 [trainer.py] => shared_prompt_pool: True
2026-07-24 23:46:37,680 [trainer.py] => shared_prompt_key: False
2026-07-24 23:46:37,680 [trainer.py] => batchwise_prompt: True
2026-07-24 23:46:37,681 [trainer.py] => embedding_key: cls
2026-07-24 23:46:37,681 [trainer.py] => predefined_key: 
2026-07-24 23:46:37,681 [trainer.py] => pull_constraint: True
2026-07-24 23:46:37,681 [trainer.py] => pull_constraint_coeff: 0.1
2026-07-24 23:46:37,681 [trainer.py] => same_key_value: False
2026-07-24 23:46:37,681 [trainer.py] => total_class_num: 200
2026-07-24 23:46:38,223 [data_manager.py] => [168, 136, 51, 9, 183, 101, 171, 99, 42, 159, 191, 70, 16, 188, 27, 10, 175, 26, 68, 187, 98, 6, 85, 35, 112, 43, 100, 0, 103, 181, 88, 59, 4, 2, 116, 174, 94, 80, 106, 1, 147, 17, 141, 131, 72, 23, 173, 54, 197, 118, 87, 32, 79, 104, 91, 19, 135, 107, 178, 36, 11, 199, 142, 8, 122, 3, 28, 57, 153, 172, 190, 56, 49, 44, 97, 62, 151, 169, 194, 55, 192, 12, 189, 78, 66, 180, 15, 137, 109, 134, 92, 119, 126, 52, 170, 40, 148, 65, 144, 64, 138, 45, 77, 89, 154, 90, 71, 193, 74, 30, 113, 143, 96, 84, 67, 50, 186, 156, 69, 21, 18, 111, 108, 58, 125, 157, 150, 110, 182, 129, 166, 83, 81, 60, 13, 165, 14, 176, 63, 117, 5, 22, 145, 121, 38, 41, 82, 127, 114, 20, 31, 53, 37, 163, 196, 130, 152, 162, 86, 76, 24, 34, 184, 149, 33, 128, 198, 155, 146, 167, 139, 120, 140, 102, 47, 25, 158, 123, 46, 164, 61, 7, 115, 75, 133, 160, 105, 132, 179, 124, 48, 73, 93, 39, 95, 195, 29, 177, 185, 161]
2026-07-24 23:46:41,590 [instantiator.py] => Created a temporary directory at /tmp/tmpscrfpd9y
2026-07-24 23:46:41,590 [instantiator.py] => Writing /tmp/tmpscrfpd9y/_remote_module_non_scriptable.py
2026-07-24 23:46:41,806 [factory.py] => Loaded ViT-B-16 model config.
2026-07-24 23:46:51,721 [factory.py] => Loading pretrained ViT-B-16 weights (laion400m_e32).
2026-07-24 23:47:08,754 [dual_prompt.py] => 86,546,120 model total parameters.
2026-07-24 23:47:08,755 [dual_prompt.py] => 338,120 model training parameters.
2026-07-24 23:47:08,756 [dual_prompt.py] => e_prompt.prompt: 230400
2026-07-24 23:47:08,756 [dual_prompt.py] => e_prompt.prompt_key: 5120
2026-07-24 23:47:08,756 [dual_prompt.py] => head.weight: 102400
2026-07-24 23:47:08,756 [dual_prompt.py] => head.bias: 200
2026-07-24 23:47:08,756 [dual_prompt.py] => Learning on 0-20
2026-07-25 00:19:03,439 [dual_prompt.py] => Task 0, Epoch 10/10 => Loss 0.589, Train_accy 84.15, Test_accy 80.70
2026-07-25 00:19:03,440 [base.py] => Reducing exemplars...(0 per classes)
2026-07-25 00:19:03,441 [base.py] => Constructing exemplars...(0 per classes)
