2026-06-15 22:23:06,602 [trainer.py] => config: ./configs/engine/engine_aircraft_B50_Inc10.json
2026-06-15 22:23:06,602 [trainer.py] => prefix: -
2026-06-15 22:23:06,602 [trainer.py] => dataset: aircraft
2026-06-15 22:23:06,602 [trainer.py] => shuffle: True
2026-06-15 22:23:06,602 [trainer.py] => init_cls: 50
2026-06-15 22:23:06,602 [trainer.py] => increment: 10
2026-06-15 22:23:06,602 [trainer.py] => model_name: engine
2026-06-15 22:23:06,602 [trainer.py] => backbone_type: clip
2026-06-15 22:23:06,602 [trainer.py] => device: [device(type='cuda', index=4)]
2026-06-15 22:23:06,602 [trainer.py] => seed: 42
2026-06-15 22:23:06,603 [trainer.py] => projection_type: pure_mlp
2026-06-15 22:23:06,603 [trainer.py] => frozen_layers: visual
2026-06-15 22:23:06,603 [trainer.py] => tuned_epoch: 10
2026-06-15 22:23:06,603 [trainer.py] => init_lr: 0.05
2026-06-15 22:23:06,603 [trainer.py] => batch_size: 64
2026-06-15 22:23:06,603 [trainer.py] => weight_decay: 0.05
2026-06-15 22:23:06,603 [trainer.py] => min_lr: 0
2026-06-15 22:23:06,603 [trainer.py] => optimizer: sgd
2026-06-15 22:23:06,603 [trainer.py] => text_des: 2
2026-06-15 22:23:06,603 [trainer.py] => image_aug: 0
2026-06-15 22:23:06,603 [trainer.py] => rerank: 0.2
2026-06-15 22:23:06,603 [trainer.py] => stat: 0.99
2026-06-15 22:23:06,603 [trainer.py] => sample_num: 0
2026-06-15 22:23:06,603 [trainer.py] => sample_noise: 0.25
2026-06-15 22:23:06,603 [trainer.py] => rerank_top: 5
2026-06-15 22:23:06,632 [data_manager.py] => [83, 53, 70, 45, 44, 39, 22, 80, 10, 0, 18, 30, 73, 33, 90, 4, 76, 77, 12, 31, 55, 88, 26, 42, 69, 15, 40, 96, 9, 72, 11, 47, 85, 28, 93, 5, 66, 65, 35, 16, 49, 34, 7, 95, 27, 19, 81, 25, 62, 13, 24, 3, 17, 38, 8, 78, 6, 64, 36, 89, 56, 99, 54, 43, 50, 67, 46, 68, 61, 97, 79, 41, 58, 48, 98, 57, 75, 32, 94, 59, 63, 84, 37, 29, 1, 52, 21, 2, 23, 87, 91, 74, 86, 82, 20, 60, 71, 14, 92, 51]
2026-06-15 22:23:06,649 [factory.py] => Loaded ViT-B-16 model config.
2026-06-15 22:23:08,191 [factory.py] => Loading pretrained ViT-B-16 weights (/home/team/zhaohongwei/pretrained_models/open_clip_pytorch_model_laion400m_e32.bin).
2026-06-15 22:23:08,696 [factory.py] => Loaded ViT-B-16 model config.
2026-06-15 22:23:10,084 [factory.py] => Loading pretrained ViT-B-16 weights (/home/team/zhaohongwei/pretrained_models/open_clip_pytorch_model_laion400m_e32.bin).
2026-06-15 22:23:10,574 [engine.py] => Learning on 0-50
2026-06-15 22:31:30,128 [trainer.py] => CNN: {'total': 69.65, '00-09': 73.43, '10-19': 71.0, '20-29': 78.25, '30-39': 62.69, '40-49': 62.95, 'old': 0, 'new': 69.65, 'harmonic': 0.0}
2026-06-15 22:31:30,129 [trainer.py] => CNN top1 curve: [69.65]
2026-06-15 22:31:30,129 [trainer.py] => CNN top5 curve: [93.75]
2026-06-15 22:31:30,129 [trainer.py] => Average Accuracy (CNN top1): 69.65
2026-06-15 22:31:30,129 [engine.py] => Learning on 50-60
2026-06-15 22:37:39,252 [trainer.py] => CNN: {'total': 63.35, '00-09': 68.06, '10-19': 63.75, '20-29': 72.51, '30-39': 58.21, '40-49': 59.34, '50-59': 58.26, 'old': 64.36, 'new': 58.26, 'harmonic': 61.16}
2026-06-15 22:37:39,252 [trainer.py] => CNN top1 curve: [69.65, 63.35]
2026-06-15 22:37:39,252 [trainer.py] => CNN top5 curve: [93.75, 88.33]
2026-06-15 22:37:39,253 [trainer.py] => Average Accuracy (CNN top1): 66.5
2026-06-15 22:37:39,253 [engine.py] => Learning on 60-70
2026-06-15 22:44:43,002 [trainer.py] => CNN: {'total': 61.63, '00-09': 61.19, '10-19': 61.63, '20-29': 67.37, '30-39': 56.12, '40-49': 54.82, '50-59': 52.85, '60-69': 77.48, 'old': 58.99, 'new': 77.48, 'harmonic': 66.98}
2026-06-15 22:44:43,002 [trainer.py] => CNN top1 curve: [69.65, 63.35, 61.63]
2026-06-15 22:44:43,003 [trainer.py] => CNN top5 curve: [93.75, 88.33, 87.98]
2026-06-15 22:44:43,003 [trainer.py] => Average Accuracy (CNN top1): 64.87666666666667
2026-06-15 22:44:43,003 [engine.py] => Learning on 70-80
2026-06-15 22:52:24,431 [trainer.py] => CNN: {'total': 62.39, '00-09': 58.81, '10-19': 61.33, '20-29': 65.26, '30-39': 53.43, '40-49': 54.82, '50-59': 49.85, '60-69': 74.77, '70-79': 80.84, 'old': 59.74, 'new': 80.84, 'harmonic': 68.71}
2026-06-15 22:52:24,431 [trainer.py] => CNN top1 curve: [69.65, 63.35, 61.63, 62.39]
2026-06-15 22:52:24,431 [trainer.py] => CNN top5 curve: [93.75, 88.33, 87.98, 88.51]
2026-06-15 22:52:24,431 [trainer.py] => Average Accuracy (CNN top1): 64.255
2026-06-15 22:52:24,431 [engine.py] => Learning on 80-90
2026-06-15 23:01:08,441 [trainer.py] => CNN: {'total': 58.66, '00-09': 57.31, '10-19': 59.82, '20-29': 62.54, '30-39': 50.75, '40-49': 53.31, '50-59': 42.94, '60-69': 72.67, '70-79': 79.04, '80-89': 49.55, 'old': 59.8, 'new': 49.55, 'harmonic': 54.19}
2026-06-15 23:01:08,441 [trainer.py] => CNN top1 curve: [69.65, 63.35, 61.63, 62.39, 58.66]
2026-06-15 23:01:08,441 [trainer.py] => CNN top5 curve: [93.75, 88.33, 87.98, 88.51, 85.59]
2026-06-15 23:01:08,441 [trainer.py] => Average Accuracy (CNN top1): 63.13599999999999
2026-06-15 23:01:08,442 [engine.py] => Learning on 90-100
2026-06-15 23:10:41,163 [trainer.py] => CNN: {'total': 58.96, '00-09': 56.42, '10-19': 60.12, '20-29': 60.42, '30-39': 52.54, '40-49': 53.31, '50-59': 42.94, '60-69': 68.17, '70-79': 76.95, '80-89': 43.54, '90-99': 75.0, 'old': 57.16, 'new': 75.0, 'harmonic': 64.88}
2026-06-15 23:10:41,163 [trainer.py] => CNN top1 curve: [69.65, 63.35, 61.63, 62.39, 58.66, 58.96]
2026-06-15 23:10:41,163 [trainer.py] => CNN top5 curve: [93.75, 88.33, 87.98, 88.51, 85.59, 84.82]
2026-06-15 23:10:41,163 [trainer.py] => Average Accuracy (CNN top1): 62.43999999999999
