2026-06-15 17:36:19,107 [trainer.py] => config: ./configs/engine/engine_aircraft_B0_Inc10.json
2026-06-15 17:36:19,107 [trainer.py] => prefix: -
2026-06-15 17:36:19,107 [trainer.py] => dataset: aircraft
2026-06-15 17:36:19,107 [trainer.py] => shuffle: True
2026-06-15 17:36:19,107 [trainer.py] => init_cls: 10
2026-06-15 17:36:19,107 [trainer.py] => increment: 10
2026-06-15 17:36:19,107 [trainer.py] => model_name: engine
2026-06-15 17:36:19,107 [trainer.py] => backbone_type: clip
2026-06-15 17:36:19,107 [trainer.py] => device: [device(type='cuda', index=4)]
2026-06-15 17:36:19,107 [trainer.py] => seed: 0
2026-06-15 17:36:19,107 [trainer.py] => projection_type: pure_mlp
2026-06-15 17:36:19,107 [trainer.py] => frozen_layers: visual
2026-06-15 17:36:19,107 [trainer.py] => tuned_epoch: 10
2026-06-15 17:36:19,107 [trainer.py] => init_lr: 0.05
2026-06-15 17:36:19,107 [trainer.py] => batch_size: 64
2026-06-15 17:36:19,107 [trainer.py] => weight_decay: 0.05
2026-06-15 17:36:19,107 [trainer.py] => min_lr: 0
2026-06-15 17:36:19,107 [trainer.py] => optimizer: sgd
2026-06-15 17:36:19,107 [trainer.py] => text_des: 2
2026-06-15 17:36:19,107 [trainer.py] => image_aug: 0
2026-06-15 17:36:19,107 [trainer.py] => rerank: 0.2
2026-06-15 17:36:19,107 [trainer.py] => stat: 0.99
2026-06-15 17:36:19,107 [trainer.py] => sample_num: 0
2026-06-15 17:36:19,107 [trainer.py] => sample_noise: 0.25
2026-06-15 17:36:19,107 [trainer.py] => rerank_top: 5
2026-06-15 17:36:19,202 [data_manager.py] => [26, 86, 2, 55, 75, 93, 16, 73, 54, 95, 53, 92, 78, 13, 7, 30, 22, 24, 33, 8, 43, 62, 3, 71, 45, 48, 6, 99, 82, 76, 60, 80, 90, 68, 51, 27, 18, 56, 63, 74, 1, 61, 42, 41, 4, 15, 17, 40, 38, 5, 91, 59, 0, 34, 28, 50, 11, 35, 23, 52, 10, 31, 66, 57, 79, 85, 32, 84, 14, 89, 19, 29, 49, 97, 98, 69, 20, 94, 72, 77, 25, 37, 81, 46, 39, 65, 58, 12, 88, 70, 87, 36, 21, 83, 9, 96, 67, 64, 47, 44]
2026-06-15 17:36:20,562 [instantiator.py] => Created a temporary directory at /tmp/tmpp622fm5f
2026-06-15 17:36:20,562 [instantiator.py] => Writing /tmp/tmpp622fm5f/_remote_module_non_scriptable.py
2026-06-15 17:36:20,706 [factory.py] => Loaded ViT-B-16 model config.
2026-06-15 17:36:22,403 [factory.py] => Loading pretrained ViT-B-16 weights (/home/team/zhaohongwei/pretrained_models/open_clip_pytorch_model_laion400m_e32.bin).
2026-06-15 17:36:22,902 [factory.py] => Loaded ViT-B-16 model config.
2026-06-15 17:36:24,313 [factory.py] => Loading pretrained ViT-B-16 weights (/home/team/zhaohongwei/pretrained_models/open_clip_pytorch_model_laion400m_e32.bin).
2026-06-15 17:36:24,807 [engine.py] => Learning on 0-10
2026-06-15 17:38:19,615 [trainer.py] => CNN: {'total': 88.62, '00-09': 88.62, 'old': 0, 'new': 88.62, 'harmonic': 0.0}
2026-06-15 17:38:19,616 [trainer.py] => CNN top1 curve: [88.62]
2026-06-15 17:38:19,616 [trainer.py] => CNN top5 curve: [99.7]
2026-06-15 17:38:19,616 [trainer.py] => Average Accuracy (CNN top1): 88.62
2026-06-15 17:38:19,616 [engine.py] => Learning on 10-20
2026-06-15 17:41:20,451 [trainer.py] => CNN: {'total': 70.91, '00-09': 74.85, '10-19': 66.97, 'old': 74.85, 'new': 66.97, 'harmonic': 70.69}
2026-06-15 17:41:20,452 [trainer.py] => CNN top1 curve: [88.62, 70.91]
2026-06-15 17:41:20,452 [trainer.py] => CNN top5 curve: [99.7, 97.3]
2026-06-15 17:41:20,452 [trainer.py] => Average Accuracy (CNN top1): 79.765
2026-06-15 17:41:20,453 [engine.py] => Learning on 20-30
2026-06-15 17:45:12,064 [trainer.py] => CNN: {'total': 71.17, '00-09': 73.95, '10-19': 58.86, '20-29': 80.72, 'old': 66.42, 'new': 80.72, 'harmonic': 72.88}
2026-06-15 17:45:12,064 [trainer.py] => CNN top1 curve: [88.62, 70.91, 71.17]
2026-06-15 17:45:12,064 [trainer.py] => CNN top5 curve: [99.7, 97.3, 96.5]
2026-06-15 17:45:12,064 [trainer.py] => Average Accuracy (CNN top1): 76.89999999999999
2026-06-15 17:45:12,064 [engine.py] => Learning on 30-40
2026-06-15 17:49:49,390 [trainer.py] => CNN: {'total': 70.44, '00-09': 69.46, '10-19': 54.05, '20-29': 78.31, '30-39': 79.94, 'old': 67.27, 'new': 79.94, 'harmonic': 73.06}
2026-06-15 17:49:49,390 [trainer.py] => CNN top1 curve: [88.62, 70.91, 71.17, 70.44]
2026-06-15 17:49:49,390 [trainer.py] => CNN top5 curve: [99.7, 97.3, 96.5, 94.75]
2026-06-15 17:49:49,391 [trainer.py] => Average Accuracy (CNN top1): 75.285
2026-06-15 17:49:49,391 [engine.py] => Learning on 40-50
2026-06-15 17:55:19,618 [trainer.py] => CNN: {'total': 66.93, '00-09': 69.46, '10-19': 50.45, '20-29': 78.01, '30-39': 77.84, '40-49': 58.86, 'old': 68.94, 'new': 58.86, 'harmonic': 63.5}
2026-06-15 17:55:19,619 [trainer.py] => CNN top1 curve: [88.62, 70.91, 71.17, 70.44, 66.93]
2026-06-15 17:55:19,619 [trainer.py] => CNN top5 curve: [99.7, 97.3, 96.5, 94.75, 90.88]
2026-06-15 17:55:19,619 [trainer.py] => Average Accuracy (CNN top1): 73.614
2026-06-15 17:55:19,619 [engine.py] => Learning on 50-60
2026-06-15 18:01:45,679 [trainer.py] => CNN: {'total': 64.22, '00-09': 63.47, '10-19': 49.55, '20-29': 78.31, '30-39': 74.85, '40-49': 58.26, '50-59': 60.9, 'old': 64.89, 'new': 60.9, 'harmonic': 62.83}
2026-06-15 18:01:45,679 [trainer.py] => CNN top1 curve: [88.62, 70.91, 71.17, 70.44, 66.93, 64.22]
2026-06-15 18:01:45,679 [trainer.py] => CNN top5 curve: [99.7, 97.3, 96.5, 94.75, 90.88, 89.96]
2026-06-15 18:01:45,679 [trainer.py] => Average Accuracy (CNN top1): 72.04833333333333
2026-06-15 18:01:45,679 [engine.py] => Learning on 60-70
2026-06-15 18:09:09,410 [trainer.py] => CNN: {'total': 62.38, '00-09': 62.57, '10-19': 46.55, '20-29': 75.6, '30-39': 72.75, '40-49': 56.46, '50-59': 57.61, '60-69': 65.17, 'old': 61.92, 'new': 65.17, 'harmonic': 63.5}
2026-06-15 18:09:09,411 [trainer.py] => CNN top1 curve: [88.62, 70.91, 71.17, 70.44, 66.93, 64.22, 62.38]
2026-06-15 18:09:09,411 [trainer.py] => CNN top5 curve: [99.7, 97.3, 96.5, 94.75, 90.88, 89.96, 87.45]
2026-06-15 18:09:09,411 [trainer.py] => Average Accuracy (CNN top1): 70.66714285714285
2026-06-15 18:09:09,411 [engine.py] => Learning on 70-80
2026-06-15 18:17:14,721 [trainer.py] => CNN: {'total': 61.36, '00-09': 62.57, '10-19': 45.35, '20-29': 74.7, '30-39': 70.96, '40-49': 57.06, '50-59': 55.82, '60-69': 62.46, '70-79': 61.98, 'old': 61.27, 'new': 61.98, 'harmonic': 61.62}
2026-06-15 18:17:14,722 [trainer.py] => CNN top1 curve: [88.62, 70.91, 71.17, 70.44, 66.93, 64.22, 62.38, 61.36]
2026-06-15 18:17:14,722 [trainer.py] => CNN top5 curve: [99.7, 97.3, 96.5, 94.75, 90.88, 89.96, 87.45, 87.26]
2026-06-15 18:17:14,722 [trainer.py] => Average Accuracy (CNN top1): 69.50375
2026-06-15 18:17:14,722 [engine.py] => Learning on 80-90
2026-06-15 18:26:10,483 [trainer.py] => CNN: {'total': 59.73, '00-09': 61.38, '10-19': 43.84, '20-29': 73.19, '30-39': 69.46, '40-49': 47.75, '50-59': 56.12, '60-69': 60.96, '70-79': 60.48, '80-89': 64.46, 'old': 59.15, 'new': 64.46, 'harmonic': 61.69}
2026-06-15 18:26:10,484 [trainer.py] => CNN top1 curve: [88.62, 70.91, 71.17, 70.44, 66.93, 64.22, 62.38, 61.36, 59.73]
2026-06-15 18:26:10,484 [trainer.py] => CNN top5 curve: [99.7, 97.3, 96.5, 94.75, 90.88, 89.96, 87.45, 87.26, 86.3]
2026-06-15 18:26:10,484 [trainer.py] => Average Accuracy (CNN top1): 68.41777777777777
2026-06-15 18:26:10,484 [engine.py] => Learning on 90-100
2026-06-15 18:36:06,427 [trainer.py] => CNN: {'total': 58.27, '00-09': 58.98, '10-19': 42.04, '20-29': 68.98, '30-39': 68.26, '40-49': 43.84, '50-59': 55.22, '60-69': 60.36, '70-79': 59.88, '80-89': 60.54, '90-99': 64.56, 'old': 57.57, 'new': 64.56, 'harmonic': 60.86}
2026-06-15 18:36:06,428 [trainer.py] => CNN top1 curve: [88.62, 70.91, 71.17, 70.44, 66.93, 64.22, 62.38, 61.36, 59.73, 58.27]
2026-06-15 18:36:06,428 [trainer.py] => CNN top5 curve: [99.7, 97.3, 96.5, 94.75, 90.88, 89.96, 87.45, 87.26, 86.3, 85.69]
2026-06-15 18:36:06,428 [trainer.py] => Average Accuracy (CNN top1): 67.40299999999999
