2026-06-15 23:59:12,988 [trainer.py] => config: ./configs/engine/engine_aircraft_B50_Inc10.json
2026-06-15 23:59:12,988 [trainer.py] => prefix: -
2026-06-15 23:59:12,988 [trainer.py] => dataset: aircraft
2026-06-15 23:59:12,988 [trainer.py] => shuffle: True
2026-06-15 23:59:12,988 [trainer.py] => init_cls: 50
2026-06-15 23:59:12,988 [trainer.py] => increment: 10
2026-06-15 23:59:12,988 [trainer.py] => model_name: engine
2026-06-15 23:59:12,988 [trainer.py] => backbone_type: clip
2026-06-15 23:59:12,988 [trainer.py] => device: [device(type='cuda', index=4)]
2026-06-15 23:59:12,988 [trainer.py] => seed: 2026
2026-06-15 23:59:12,988 [trainer.py] => projection_type: pure_mlp
2026-06-15 23:59:12,988 [trainer.py] => frozen_layers: visual
2026-06-15 23:59:12,988 [trainer.py] => tuned_epoch: 10
2026-06-15 23:59:12,988 [trainer.py] => init_lr: 0.05
2026-06-15 23:59:12,988 [trainer.py] => batch_size: 64
2026-06-15 23:59:12,988 [trainer.py] => weight_decay: 0.05
2026-06-15 23:59:12,988 [trainer.py] => min_lr: 0
2026-06-15 23:59:12,988 [trainer.py] => optimizer: sgd
2026-06-15 23:59:12,989 [trainer.py] => text_des: 2
2026-06-15 23:59:12,989 [trainer.py] => image_aug: 0
2026-06-15 23:59:12,989 [trainer.py] => rerank: 0.2
2026-06-15 23:59:12,989 [trainer.py] => stat: 0.99
2026-06-15 23:59:12,989 [trainer.py] => sample_num: 0
2026-06-15 23:59:12,989 [trainer.py] => sample_noise: 0.25
2026-06-15 23:59:12,989 [trainer.py] => rerank_top: 5
2026-06-15 23:59:13,033 [data_manager.py] => [98, 10, 4, 18, 88, 13, 8, 84, 79, 21, 85, 96, 53, 42, 52, 97, 74, 5, 58, 23, 90, 59, 16, 72, 75, 30, 43, 99, 44, 41, 0, 46, 61, 80, 65, 39, 70, 87, 89, 91, 82, 14, 12, 71, 50, 11, 15, 57, 22, 67, 45, 32, 78, 63, 66, 55, 31, 62, 35, 34, 19, 49, 24, 9, 37, 36, 3, 64, 40, 86, 81, 93, 47, 73, 17, 60, 68, 25, 38, 48, 33, 20, 83, 7, 27, 94, 54, 2, 92, 76, 69, 51, 28, 29, 95, 77, 56, 26, 6, 1]
2026-06-15 23:59:13,060 [factory.py] => Loaded ViT-B-16 model config.
2026-06-15 23:59:15,297 [factory.py] => Loading pretrained ViT-B-16 weights (/home/team/zhaohongwei/pretrained_models/open_clip_pytorch_model_laion400m_e32.bin).
2026-06-15 23:59:16,291 [factory.py] => Loaded ViT-B-16 model config.
2026-06-15 23:59:18,102 [factory.py] => Loading pretrained ViT-B-16 weights (/home/team/zhaohongwei/pretrained_models/open_clip_pytorch_model_laion400m_e32.bin).
2026-06-15 23:59:18,739 [engine.py] => Learning on 0-50
2026-06-16 00:07:57,093 [trainer.py] => CNN: {'total': 72.95, '00-09': 58.73, '10-19': 75.15, '20-29': 75.68, '30-39': 85.63, '40-49': 69.46, 'old': 0, 'new': 72.95, 'harmonic': 0.0}
2026-06-16 00:07:57,094 [trainer.py] => CNN top1 curve: [72.95]
2026-06-16 00:07:57,094 [trainer.py] => CNN top5 curve: [94.24]
2026-06-16 00:07:57,094 [trainer.py] => Average Accuracy (CNN top1): 72.95
2026-06-16 00:07:57,094 [engine.py] => Learning on 50-60
2026-06-16 00:14:17,570 [trainer.py] => CNN: {'total': 67.9, '00-09': 52.11, '10-19': 72.46, '20-29': 70.27, '30-39': 76.95, '40-49': 64.97, '50-59': 70.57, 'old': 67.37, 'new': 70.57, 'harmonic': 68.93}
2026-06-16 00:14:17,571 [trainer.py] => CNN top1 curve: [72.95, 67.9]
2026-06-16 00:14:17,571 [trainer.py] => CNN top5 curve: [94.24, 92.45]
2026-06-16 00:14:17,571 [trainer.py] => Average Accuracy (CNN top1): 70.42500000000001
2026-06-16 00:14:17,572 [engine.py] => Learning on 60-70
2026-06-16 00:21:30,470 [trainer.py] => CNN: {'total': 65.59, '00-09': 47.29, '10-19': 67.07, '20-29': 66.37, '30-39': 76.65, '40-49': 63.17, '50-59': 70.57, '60-69': 67.98, 'old': 65.2, 'new': 67.98, 'harmonic': 66.56}
2026-06-16 00:21:30,470 [trainer.py] => CNN top1 curve: [72.95, 67.9, 65.59]
2026-06-16 00:21:30,470 [trainer.py] => CNN top5 curve: [94.24, 92.45, 91.08]
2026-06-16 00:21:30,471 [trainer.py] => Average Accuracy (CNN top1): 68.81333333333335
2026-06-16 00:21:30,471 [engine.py] => Learning on 70-80
2026-06-16 00:29:16,590 [trainer.py] => CNN: {'total': 62.42, '00-09': 46.99, '10-19': 64.67, '20-29': 63.66, '30-39': 71.56, '40-49': 62.87, '50-59': 66.37, '60-69': 57.1, '70-79': 66.07, 'old': 61.9, 'new': 66.07, 'harmonic': 63.92}
2026-06-16 00:29:16,590 [trainer.py] => CNN top1 curve: [72.95, 67.9, 65.59, 62.42]
2026-06-16 00:29:16,590 [trainer.py] => CNN top5 curve: [94.24, 92.45, 91.08, 89.71]
2026-06-16 00:29:16,590 [trainer.py] => Average Accuracy (CNN top1): 67.215
2026-06-16 00:29:16,591 [engine.py] => Learning on 80-90
2026-06-16 00:38:01,872 [trainer.py] => CNN: {'total': 60.61, '00-09': 45.18, '10-19': 61.98, '20-29': 61.86, '30-39': 71.86, '40-49': 60.18, '50-59': 64.26, '60-69': 57.4, '70-79': 61.86, '80-89': 60.78, 'old': 60.59, 'new': 60.78, 'harmonic': 60.68}
2026-06-16 00:38:01,872 [trainer.py] => CNN top1 curve: [72.95, 67.9, 65.59, 62.42, 60.61]
2026-06-16 00:38:01,872 [trainer.py] => CNN top5 curve: [94.24, 92.45, 91.08, 89.71, 87.76]
2026-06-16 00:38:01,872 [trainer.py] => Average Accuracy (CNN top1): 65.894
2026-06-16 00:38:01,872 [engine.py] => Learning on 90-100
2026-06-16 00:47:48,264 [trainer.py] => CNN: {'total': 58.84, '00-09': 44.28, '10-19': 59.28, '20-29': 60.36, '30-39': 70.66, '40-49': 59.88, '50-59': 62.76, '60-69': 56.19, '70-79': 60.06, '80-89': 56.89, '90-99': 57.91, 'old': 58.94, 'new': 57.91, 'harmonic': 58.42}
2026-06-16 00:47:48,265 [trainer.py] => CNN top1 curve: [72.95, 67.9, 65.59, 62.42, 60.61, 58.84]
2026-06-16 00:47:48,265 [trainer.py] => CNN top5 curve: [94.24, 92.45, 91.08, 89.71, 87.76, 85.27]
2026-06-16 00:47:48,265 [trainer.py] => Average Accuracy (CNN top1): 64.71833333333335
