2026-06-16 13:00:47,757 [trainer.py] => config: ./configs/engine/engine_cifar_B0_Inc10.json
2026-06-16 13:00:47,757 [trainer.py] => prefix: -
2026-06-16 13:00:47,757 [trainer.py] => dataset: cifar224
2026-06-16 13:00:47,757 [trainer.py] => shuffle: True
2026-06-16 13:00:47,757 [trainer.py] => init_cls: 10
2026-06-16 13:00:47,757 [trainer.py] => increment: 10
2026-06-16 13:00:47,758 [trainer.py] => model_name: engine
2026-06-16 13:00:47,758 [trainer.py] => backbone_type: clip
2026-06-16 13:00:47,758 [trainer.py] => device: [device(type='cuda', index=4)]
2026-06-16 13:00:47,758 [trainer.py] => seed: 2026
2026-06-16 13:00:47,758 [trainer.py] => projection_type: pure_mlp
2026-06-16 13:00:47,758 [trainer.py] => frozen_layers: visual
2026-06-16 13:00:47,758 [trainer.py] => tuned_epoch: 10
2026-06-16 13:00:47,758 [trainer.py] => init_lr: 0.05
2026-06-16 13:00:47,758 [trainer.py] => batch_size: 64
2026-06-16 13:00:47,758 [trainer.py] => weight_decay: 0.05
2026-06-16 13:00:47,758 [trainer.py] => min_lr: 0
2026-06-16 13:00:47,758 [trainer.py] => optimizer: sgd
2026-06-16 13:00:47,758 [trainer.py] => text_des: 2
2026-06-16 13:00:47,758 [trainer.py] => image_aug: 0.5
2026-06-16 13:00:47,758 [trainer.py] => rerank: 0.5
2026-06-16 13:00:47,758 [trainer.py] => stat: 0.8
2026-06-16 13:00:47,758 [trainer.py] => sample_num: 0
2026-06-16 13:00:47,758 [trainer.py] => sample_noise: 0.25
2026-06-16 13:00:47,758 [trainer.py] => rerank_top: 5
2026-06-16 13:00:48,705 [data_manager.py] => [98, 10, 4, 18, 88, 13, 8, 84, 79, 21, 85, 96, 53, 42, 52, 97, 74, 5, 58, 23, 90, 59, 16, 72, 75, 30, 43, 99, 44, 41, 0, 46, 61, 80, 65, 39, 70, 87, 89, 91, 82, 14, 12, 71, 50, 11, 15, 57, 22, 67, 45, 32, 78, 63, 66, 55, 31, 62, 35, 34, 19, 49, 24, 9, 37, 36, 3, 64, 40, 86, 81, 93, 47, 73, 17, 60, 68, 25, 38, 48, 33, 20, 83, 7, 27, 94, 54, 2, 92, 76, 69, 51, 28, 29, 95, 77, 56, 26, 6, 1]
2026-06-16 13:00:48,807 [factory.py] => Loaded ViT-B-16 model config.
2026-06-16 13:00:50,474 [factory.py] => Loading pretrained ViT-B-16 weights (/home/team/zhaohongwei/pretrained_models/open_clip_pytorch_model_laion400m_e32.bin).
2026-06-16 13:00:51,535 [factory.py] => Loaded ViT-B-16 model config.
2026-06-16 13:00:53,109 [factory.py] => Loading pretrained ViT-B-16 weights (/home/team/zhaohongwei/pretrained_models/open_clip_pytorch_model_laion400m_e32.bin).
2026-06-16 13:00:54,770 [engine.py] => Learning on 0-10
2026-06-16 13:12:08,989 [trainer.py] => CNN: {'total': 97.3, '00-09': 97.3, 'old': 0, 'new': 97.3, 'harmonic': 0.0}
2026-06-16 13:12:08,989 [trainer.py] => CNN top1 curve: [97.3]
2026-06-16 13:12:08,990 [trainer.py] => CNN top5 curve: [100.0]
2026-06-16 13:12:08,990 [trainer.py] => Average Accuracy (CNN top1): 97.3
2026-06-16 13:12:08,990 [engine.py] => Learning on 10-20
2026-06-16 13:26:37,414 [trainer.py] => CNN: {'total': 92.7, '00-09': 91.9, '10-19': 93.5, 'old': 91.9, 'new': 93.5, 'harmonic': 92.69}
2026-06-16 13:26:37,415 [trainer.py] => CNN top1 curve: [97.3, 92.7]
2026-06-16 13:26:37,415 [trainer.py] => CNN top5 curve: [100.0, 99.75]
2026-06-16 13:26:37,415 [trainer.py] => Average Accuracy (CNN top1): 95.0
2026-06-16 13:26:37,415 [engine.py] => Learning on 20-30
2026-06-16 13:43:33,139 [trainer.py] => CNN: {'total': 89.27, '00-09': 87.8, '10-19': 88.8, '20-29': 91.2, 'old': 88.3, 'new': 91.2, 'harmonic': 89.73}
2026-06-16 13:43:33,140 [trainer.py] => CNN top1 curve: [97.3, 92.7, 89.27]
2026-06-16 13:43:33,140 [trainer.py] => CNN top5 curve: [100.0, 99.75, 99.13]
2026-06-16 13:43:33,140 [trainer.py] => Average Accuracy (CNN top1): 93.08999999999999
2026-06-16 13:43:33,140 [engine.py] => Learning on 30-40
2026-06-16 14:02:57,873 [trainer.py] => CNN: {'total': 88.58, '00-09': 85.3, '10-19': 87.7, '20-29': 86.5, '30-39': 94.8, 'old': 86.5, 'new': 94.8, 'harmonic': 90.46}
2026-06-16 14:02:57,873 [trainer.py] => CNN top1 curve: [97.3, 92.7, 89.27, 88.58]
2026-06-16 14:02:57,873 [trainer.py] => CNN top5 curve: [100.0, 99.75, 99.13, 98.82]
2026-06-16 14:02:57,874 [trainer.py] => Average Accuracy (CNN top1): 91.96249999999999
2026-06-16 14:02:57,874 [engine.py] => Learning on 40-50
2026-06-16 14:25:04,906 [trainer.py] => CNN: {'total': 86.98, '00-09': 84.6, '10-19': 84.6, '20-29': 84.5, '30-39': 89.1, '40-49': 92.1, 'old': 85.7, 'new': 92.1, 'harmonic': 88.78}
2026-06-16 14:25:04,907 [trainer.py] => CNN top1 curve: [97.3, 92.7, 89.27, 88.58, 86.98]
2026-06-16 14:25:04,907 [trainer.py] => CNN top5 curve: [100.0, 99.75, 99.13, 98.82, 98.28]
2026-06-16 14:25:04,907 [trainer.py] => Average Accuracy (CNN top1): 90.966
2026-06-16 14:25:04,908 [engine.py] => Learning on 50-60
2026-06-16 14:49:47,418 [trainer.py] => CNN: {'total': 83.97, '00-09': 82.4, '10-19': 82.9, '20-29': 82.1, '30-39': 85.8, '40-49': 86.9, '50-59': 83.7, 'old': 84.02, 'new': 83.7, 'harmonic': 83.86}
2026-06-16 14:49:47,419 [trainer.py] => CNN top1 curve: [97.3, 92.7, 89.27, 88.58, 86.98, 83.97]
2026-06-16 14:49:47,419 [trainer.py] => CNN top5 curve: [100.0, 99.75, 99.13, 98.82, 98.28, 97.05]
2026-06-16 14:49:47,419 [trainer.py] => Average Accuracy (CNN top1): 89.8
2026-06-16 14:49:47,419 [engine.py] => Learning on 60-70
2026-06-16 15:17:22,109 [trainer.py] => CNN: {'total': 83.16, '00-09': 82.8, '10-19': 82.4, '20-29': 80.9, '30-39': 86.3, '40-49': 84.4, '50-59': 76.9, '60-69': 88.4, 'old': 82.28, 'new': 88.4, 'harmonic': 85.23}
2026-06-16 15:17:22,109 [trainer.py] => CNN top1 curve: [97.3, 92.7, 89.27, 88.58, 86.98, 83.97, 83.16]
2026-06-16 15:17:22,109 [trainer.py] => CNN top5 curve: [100.0, 99.75, 99.13, 98.82, 98.28, 97.05, 96.74]
2026-06-16 15:17:22,109 [trainer.py] => Average Accuracy (CNN top1): 88.85142857142856
2026-06-16 15:17:22,109 [engine.py] => Learning on 70-80
2026-06-16 15:47:26,077 [trainer.py] => CNN: {'total': 81.21, '00-09': 80.4, '10-19': 79.6, '20-29': 78.0, '30-39': 85.4, '40-49': 83.0, '50-59': 73.5, '60-69': 83.8, '70-79': 86.0, 'old': 80.53, 'new': 86.0, 'harmonic': 83.18}
2026-06-16 15:47:26,077 [trainer.py] => CNN top1 curve: [97.3, 92.7, 89.27, 88.58, 86.98, 83.97, 83.16, 81.21]
2026-06-16 15:47:26,077 [trainer.py] => CNN top5 curve: [100.0, 99.75, 99.13, 98.82, 98.28, 97.05, 96.74, 96.38]
2026-06-16 15:47:26,077 [trainer.py] => Average Accuracy (CNN top1): 87.89625
2026-06-16 15:47:26,077 [engine.py] => Learning on 80-90
2026-06-16 16:20:10,525 [trainer.py] => CNN: {'total': 79.94, '00-09': 80.3, '10-19': 78.7, '20-29': 76.8, '30-39': 83.8, '40-49': 80.6, '50-59': 69.1, '60-69': 82.9, '70-79': 80.8, '80-89': 86.5, 'old': 79.12, 'new': 86.5, 'harmonic': 82.65}
2026-06-16 16:20:10,525 [trainer.py] => CNN top1 curve: [97.3, 92.7, 89.27, 88.58, 86.98, 83.97, 83.16, 81.21, 79.94]
2026-06-16 16:20:10,525 [trainer.py] => CNN top5 curve: [100.0, 99.75, 99.13, 98.82, 98.28, 97.05, 96.74, 96.38, 96.23]
2026-06-16 16:20:10,525 [trainer.py] => Average Accuracy (CNN top1): 87.0122222222222
2026-06-16 16:20:10,525 [engine.py] => Learning on 90-100
2026-06-16 16:55:10,402 [trainer.py] => CNN: {'total': 79.28, '00-09': 78.5, '10-19': 79.5, '20-29': 75.2, '30-39': 84.0, '40-49': 78.7, '50-59': 69.0, '60-69': 82.3, '70-79': 78.8, '80-89': 81.5, '90-99': 85.3, 'old': 78.61, 'new': 85.3, 'harmonic': 81.82}
2026-06-16 16:55:10,402 [trainer.py] => CNN top1 curve: [97.3, 92.7, 89.27, 88.58, 86.98, 83.97, 83.16, 81.21, 79.94, 79.28]
2026-06-16 16:55:10,402 [trainer.py] => CNN top5 curve: [100.0, 99.75, 99.13, 98.82, 98.28, 97.05, 96.74, 96.38, 96.23, 95.76]
2026-06-16 16:55:10,402 [trainer.py] => Average Accuracy (CNN top1): 86.23899999999999
