2026-06-18 10:57:50,690 [trainer.py] => config: ./configs/engine/engine_cub_B0_Inc20.json
2026-06-18 10:57:50,690 [trainer.py] => prefix: -
2026-06-18 10:57:50,690 [trainer.py] => dataset: cub
2026-06-18 10:57:50,690 [trainer.py] => shuffle: True
2026-06-18 10:57:50,690 [trainer.py] => init_cls: 20
2026-06-18 10:57:50,690 [trainer.py] => increment: 20
2026-06-18 10:57:50,690 [trainer.py] => model_name: engine
2026-06-18 10:57:50,690 [trainer.py] => backbone_type: clip
2026-06-18 10:57:50,690 [trainer.py] => device: [device(type='cuda', index=4)]
2026-06-18 10:57:50,691 [trainer.py] => seed: 1993
2026-06-18 10:57:50,691 [trainer.py] => projection_type: pure_mlp
2026-06-18 10:57:50,691 [trainer.py] => frozen_layers: visual
2026-06-18 10:57:50,691 [trainer.py] => tuned_epoch: 20
2026-06-18 10:57:50,691 [trainer.py] => init_lr: 0.05
2026-06-18 10:57:50,691 [trainer.py] => batch_size: 64
2026-06-18 10:57:50,691 [trainer.py] => weight_decay: 0.05
2026-06-18 10:57:50,691 [trainer.py] => min_lr: 0
2026-06-18 10:57:50,691 [trainer.py] => optimizer: sgd
2026-06-18 10:57:50,691 [trainer.py] => text_des: 2
2026-06-18 10:57:50,691 [trainer.py] => image_aug: 2
2026-06-18 10:57:50,691 [trainer.py] => rerank: 0.8
2026-06-18 10:57:50,691 [trainer.py] => stat: 0.95
2026-06-18 10:57:50,691 [trainer.py] => sample_num: 0
2026-06-18 10:57:50,691 [trainer.py] => sample_noise: 0.3
2026-06-18 10:57:50,691 [trainer.py] => rerank_top: 5
2026-06-18 10:57:50,744 [data_manager.py] => [168, 136, 51, 9, 183, 101, 171, 99, 42, 159, 191, 70, 16, 188, 27, 10, 175, 26, 68, 187, 98, 6, 85, 35, 112, 43, 100, 0, 103, 181, 88, 59, 4, 2, 116, 174, 94, 80, 106, 1, 147, 17, 141, 131, 72, 23, 173, 54, 197, 118, 87, 32, 79, 104, 91, 19, 135, 107, 178, 36, 11, 199, 142, 8, 122, 3, 28, 57, 153, 172, 190, 56, 49, 44, 97, 62, 151, 169, 194, 55, 192, 12, 189, 78, 66, 180, 15, 137, 109, 134, 92, 119, 126, 52, 170, 40, 148, 65, 144, 64, 138, 45, 77, 89, 154, 90, 71, 193, 74, 30, 113, 143, 96, 84, 67, 50, 186, 156, 69, 21, 18, 111, 108, 58, 125, 157, 150, 110, 182, 129, 166, 83, 81, 60, 13, 165, 14, 176, 63, 117, 5, 22, 145, 121, 38, 41, 82, 127, 114, 20, 31, 53, 37, 163, 196, 130, 152, 162, 86, 76, 24, 34, 184, 149, 33, 128, 198, 155, 146, 167, 139, 120, 140, 102, 47, 25, 158, 123, 46, 164, 61, 7, 115, 75, 133, 160, 105, 132, 179, 124, 48, 73, 93, 39, 95, 195, 29, 177, 185, 161]
2026-06-18 10:57:50,786 [factory.py] => Loaded ViT-B-16 model config.
2026-06-18 10:57:52,650 [factory.py] => Loading pretrained ViT-B-16 weights (/home/team/zhaohongwei/pretrained_models/open_clip_pytorch_model_laion400m_e32.bin).
2026-06-18 10:57:53,972 [factory.py] => Loaded ViT-B-16 model config.
2026-06-18 10:57:55,666 [factory.py] => Loading pretrained ViT-B-16 weights (/home/team/zhaohongwei/pretrained_models/open_clip_pytorch_model_laion400m_e32.bin).
2026-06-18 10:57:56,850 [engine.py] => Learning on 0-20
2026-06-18 11:02:15,041 [trainer.py] => CNN: {'total': 97.98, '00-09': 98.31, '10-19': 97.67, 'old': 0, 'new': 97.98, 'harmonic': 0.0}
2026-06-18 11:02:15,041 [trainer.py] => CNN top1 curve: [97.98]
2026-06-18 11:02:15,042 [trainer.py] => CNN top5 curve: [100.0]
2026-06-18 11:02:15,042 [trainer.py] => Average Accuracy (CNN top1): 97.98
2026-06-18 11:02:15,042 [engine.py] => Learning on 20-40
2026-06-18 11:07:36,197 [trainer.py] => CNN: {'total': 93.39, '00-09': 96.61, '10-19': 94.57, '20-29': 93.81, '30-39': 88.18, 'old': 95.55, 'new': 90.82, 'harmonic': 93.12}
2026-06-18 11:07:36,197 [trainer.py] => CNN top1 curve: [97.98, 93.39]
2026-06-18 11:07:36,197 [trainer.py] => CNN top5 curve: [100.0, 99.34]
2026-06-18 11:07:36,197 [trainer.py] => Average Accuracy (CNN top1): 95.685
2026-06-18 11:07:36,197 [engine.py] => Learning on 40-60
2026-06-18 11:13:33,680 [trainer.py] => CNN: {'total': 90.03, '00-09': 89.83, '10-19': 93.02, '20-29': 91.75, '30-39': 82.73, '40-49': 93.46, '50-59': 89.19, 'old': 89.43, 'new': 91.28, 'harmonic': 90.35}
2026-06-18 11:13:33,680 [trainer.py] => CNN top1 curve: [97.98, 93.39, 90.03]
2026-06-18 11:13:33,680 [trainer.py] => CNN top5 curve: [100.0, 99.34, 98.96]
2026-06-18 11:13:33,680 [trainer.py] => Average Accuracy (CNN top1): 93.8
2026-06-18 11:13:33,680 [engine.py] => Learning on 60-80
2026-06-18 11:20:51,126 [trainer.py] => CNN: {'total': 87.16, '00-09': 86.44, '10-19': 87.6, '20-29': 90.72, '30-39': 80.91, '40-49': 92.52, '50-59': 83.78, '60-69': 87.74, '70-79': 87.94, 'old': 86.9, 'new': 87.85, 'harmonic': 87.37}
2026-06-18 11:20:51,126 [trainer.py] => CNN top1 curve: [97.98, 93.39, 90.03, 87.16]
2026-06-18 11:20:51,126 [trainer.py] => CNN top5 curve: [100.0, 99.34, 98.96, 98.48]
2026-06-18 11:20:51,126 [trainer.py] => Average Accuracy (CNN top1): 92.13999999999999
2026-06-18 11:20:51,126 [engine.py] => Learning on 80-100
2026-06-18 11:28:50,144 [trainer.py] => CNN: {'total': 86.87, '00-09': 83.05, '10-19': 86.82, '20-29': 89.69, '30-39': 79.09, '40-49': 90.65, '50-59': 82.88, '60-69': 87.74, '70-79': 87.23, '80-89': 90.98, '90-99': 89.71, 'old': 85.85, 'new': 90.33, 'harmonic': 88.03}
2026-06-18 11:28:50,145 [trainer.py] => CNN top1 curve: [97.98, 93.39, 90.03, 87.16, 86.87]
2026-06-18 11:28:50,145 [trainer.py] => CNN top5 curve: [100.0, 99.34, 98.96, 98.48, 97.73]
2026-06-18 11:28:50,145 [trainer.py] => Average Accuracy (CNN top1): 91.08599999999998
2026-06-18 11:28:50,145 [engine.py] => Learning on 100-120
2026-06-18 11:38:05,720 [trainer.py] => CNN: {'total': 84.39, '00-09': 83.9, '10-19': 83.72, '20-29': 89.69, '30-39': 77.27, '40-49': 89.72, '50-59': 77.48, '60-69': 82.08, '70-79': 84.4, '80-89': 85.71, '90-99': 89.71, '100-109': 85.22, '110-119': 83.19, 'old': 84.43, 'new': 84.21, 'harmonic': 84.32}
2026-06-18 11:38:05,720 [trainer.py] => CNN top1 curve: [97.98, 93.39, 90.03, 87.16, 86.87, 84.39]
2026-06-18 11:38:05,720 [trainer.py] => CNN top5 curve: [100.0, 99.34, 98.96, 98.48, 97.73, 97.32]
2026-06-18 11:38:05,720 [trainer.py] => Average Accuracy (CNN top1): 89.96999999999998
2026-06-18 11:38:05,721 [engine.py] => Learning on 120-140
2026-06-18 11:48:15,231 [trainer.py] => CNN: {'total': 82.88, '00-09': 80.51, '10-19': 83.72, '20-29': 89.69, '30-39': 73.64, '40-49': 85.05, '50-59': 78.38, '60-69': 83.02, '70-79': 84.4, '80-89': 83.46, '90-99': 89.71, '100-109': 85.22, '110-119': 80.53, '120-129': 79.44, '130-139': 82.2, 'old': 83.19, 'new': 80.89, 'harmonic': 82.02}
2026-06-18 11:48:15,232 [trainer.py] => CNN top1 curve: [97.98, 93.39, 90.03, 87.16, 86.87, 84.39, 82.88]
2026-06-18 11:48:15,235 [trainer.py] => CNN top5 curve: [100.0, 99.34, 98.96, 98.48, 97.73, 97.32, 96.77]
2026-06-18 11:48:15,235 [trainer.py] => Average Accuracy (CNN top1): 88.95714285714284
2026-06-18 11:48:15,235 [engine.py] => Learning on 140-160
2026-06-18 11:59:17,239 [trainer.py] => CNN: {'total': 81.86, '00-09': 78.81, '10-19': 83.72, '20-29': 88.66, '30-39': 72.73, '40-49': 83.18, '50-59': 81.08, '60-69': 80.19, '70-79': 82.27, '80-89': 84.21, '90-99': 87.5, '100-109': 82.61, '110-119': 81.42, '120-129': 79.44, '130-139': 82.2, '140-149': 73.02, '150-159': 87.9, 'old': 82.08, 'new': 80.4, 'harmonic': 81.23}
2026-06-18 11:59:17,239 [trainer.py] => CNN top1 curve: [97.98, 93.39, 90.03, 87.16, 86.87, 84.39, 82.88, 81.86]
2026-06-18 11:59:17,240 [trainer.py] => CNN top5 curve: [100.0, 99.34, 98.96, 98.48, 97.73, 97.32, 96.77, 96.51]
2026-06-18 11:59:17,240 [trainer.py] => Average Accuracy (CNN top1): 88.07
2026-06-18 11:59:17,240 [engine.py] => Learning on 160-180
2026-06-18 12:11:19,792 [trainer.py] => CNN: {'total': 81.16, '00-09': 77.97, '10-19': 83.72, '20-29': 89.69, '30-39': 72.73, '40-49': 85.98, '50-59': 77.48, '60-69': 80.19, '70-79': 82.27, '80-89': 81.95, '90-99': 86.03, '100-109': 81.74, '110-119': 80.53, '120-129': 78.5, '130-139': 82.2, '140-149': 70.63, '150-159': 84.68, '160-169': 85.07, '170-179': 78.64, 'old': 81.02, 'new': 82.28, 'harmonic': 81.65}
2026-06-18 12:11:19,793 [trainer.py] => CNN top1 curve: [97.98, 93.39, 90.03, 87.16, 86.87, 84.39, 82.88, 81.86, 81.16]
2026-06-18 12:11:19,793 [trainer.py] => CNN top5 curve: [100.0, 99.34, 98.96, 98.48, 97.73, 97.32, 96.77, 96.51, 96.05]
2026-06-18 12:11:19,793 [trainer.py] => Average Accuracy (CNN top1): 87.30222222222221
2026-06-18 12:11:19,793 [engine.py] => Learning on 180-200
2026-06-18 12:24:14,057 [trainer.py] => CNN: {'total': 80.36, '00-09': 77.97, '10-19': 81.4, '20-29': 88.66, '30-39': 70.0, '40-49': 84.11, '50-59': 76.58, '60-69': 78.3, '70-79': 82.27, '80-89': 80.45, '90-99': 86.76, '100-109': 83.48, '110-119': 79.65, '120-129': 75.7, '130-139': 79.66, '140-149': 71.43, '150-159': 86.29, '160-169': 85.07, '170-179': 78.64, '180-189': 79.55, '190-199': 79.59, 'old': 80.45, 'new': 79.57, 'harmonic': 80.01}
2026-06-18 12:24:14,058 [trainer.py] => CNN top1 curve: [97.98, 93.39, 90.03, 87.16, 86.87, 84.39, 82.88, 81.86, 81.16, 80.36]
2026-06-18 12:24:14,058 [trainer.py] => CNN top5 curve: [100.0, 99.34, 98.96, 98.48, 97.73, 97.32, 96.77, 96.51, 96.05, 95.08]
2026-06-18 12:24:14,058 [trainer.py] => Average Accuracy (CNN top1): 86.60799999999999
