2026-06-21 07:06:55,009 [trainer.py] => config: ./configs/engine/engine_food_B0_Inc10.json
2026-06-21 07:06:55,009 [trainer.py] => prefix: -
2026-06-21 07:06:55,009 [trainer.py] => dataset: food101
2026-06-21 07:06:55,009 [trainer.py] => shuffle: True
2026-06-21 07:06:55,009 [trainer.py] => init_cls: 10
2026-06-21 07:06:55,009 [trainer.py] => increment: 10
2026-06-21 07:06:55,009 [trainer.py] => model_name: engine
2026-06-21 07:06:55,010 [trainer.py] => backbone_type: clip
2026-06-21 07:06:55,010 [trainer.py] => device: [device(type='cuda', index=4)]
2026-06-21 07:06:55,010 [trainer.py] => seed: 0
2026-06-21 07:06:55,010 [trainer.py] => projection_type: pure_mlp
2026-06-21 07:06:55,010 [trainer.py] => frozen_layers: visual
2026-06-21 07:06:55,010 [trainer.py] => tuned_epoch: 10
2026-06-21 07:06:55,010 [trainer.py] => init_lr: 0.05
2026-06-21 07:06:55,010 [trainer.py] => batch_size: 64
2026-06-21 07:06:55,010 [trainer.py] => weight_decay: 0.05
2026-06-21 07:06:55,010 [trainer.py] => min_lr: 0
2026-06-21 07:06:55,010 [trainer.py] => optimizer: sgd
2026-06-21 07:06:55,010 [trainer.py] => text_des: 2
2026-06-21 07:06:55,010 [trainer.py] => image_aug: 2
2026-06-21 07:06:55,010 [trainer.py] => rerank: 0.8
2026-06-21 07:06:55,010 [trainer.py] => stat: 0.8
2026-06-21 07:06:55,010 [trainer.py] => sample_num: 0
2026-06-21 07:06:55,010 [trainer.py] => sample_noise: 0.25
2026-06-21 07:06:55,010 [trainer.py] => rerank_top: 5
2026-06-21 07:06:56,096 [data_manager.py] => [26, 86, 2, 55, 75, 93, 16, 73, 54, 95, 53, 92, 78, 13, 7, 30, 22, 24, 33, 8, 43, 62, 3, 71, 45, 48, 6, 99, 82, 76, 60, 80, 90, 68, 51, 27, 18, 56, 63, 74, 1, 61, 42, 41, 4, 15, 17, 40, 38, 5, 91, 59, 0, 34, 28, 50, 11, 35, 23, 52, 10, 31, 66, 57, 79, 85, 32, 84, 14, 89, 19, 29, 49, 97, 98, 69, 20, 94, 72, 77, 25, 37, 81, 46, 39, 65, 58, 12, 88, 70, 87, 36, 21, 83, 9, 96, 67, 64, 47, 44]
2026-06-21 07:06:57,974 [instantiator.py] => Created a temporary directory at /tmp/tmpct5_vivn
2026-06-21 07:06:57,974 [instantiator.py] => Writing /tmp/tmpct5_vivn/_remote_module_non_scriptable.py
2026-06-21 07:06:58,187 [factory.py] => Loaded ViT-B-16 model config.
2026-06-21 07:06:59,960 [factory.py] => Loading pretrained ViT-B-16 weights (/home/team/zhaohongwei/pretrained_models/open_clip_pytorch_model_laion400m_e32.bin).
2026-06-21 07:07:01,132 [factory.py] => Loaded ViT-B-16 model config.
2026-06-21 07:07:03,475 [factory.py] => Loading pretrained ViT-B-16 weights (/home/team/zhaohongwei/pretrained_models/open_clip_pytorch_model_laion400m_e32.bin).
2026-06-21 07:07:04,455 [engine.py] => Learning on 0-10
2026-06-21 07:25:23,176 [trainer.py] => CNN: {'total': 96.79, '00-09': 96.79, 'old': 0, 'new': 96.79, 'harmonic': 0.0}
2026-06-21 07:25:23,176 [trainer.py] => CNN top1 curve: [96.79]
2026-06-21 07:25:23,176 [trainer.py] => CNN top5 curve: [99.7]
2026-06-21 07:25:23,176 [trainer.py] => Average Accuracy (CNN top1): 96.79
2026-06-21 07:25:23,176 [engine.py] => Learning on 10-20
2026-06-21 07:48:40,137 [trainer.py] => CNN: {'total': 95.03, '00-09': 94.33, '10-19': 95.74, 'old': 94.33, 'new': 95.74, 'harmonic': 95.03}
2026-06-21 07:48:40,138 [trainer.py] => CNN top1 curve: [96.79, 95.03]
2026-06-21 07:48:40,138 [trainer.py] => CNN top5 curve: [99.7, 99.5]
2026-06-21 07:48:40,138 [trainer.py] => Average Accuracy (CNN top1): 95.91
2026-06-21 07:48:40,138 [engine.py] => Learning on 20-30
2026-06-21 08:17:07,225 [trainer.py] => CNN: {'total': 93.59, '00-09': 92.93, '10-19': 93.01, '20-29': 94.78, 'old': 92.97, 'new': 94.78, 'harmonic': 93.87}
2026-06-21 08:17:07,225 [trainer.py] => CNN top1 curve: [96.79, 95.03, 93.59]
2026-06-21 08:17:07,225 [trainer.py] => CNN top5 curve: [99.7, 99.5, 98.92]
2026-06-21 08:17:07,225 [trainer.py] => Average Accuracy (CNN top1): 95.13666666666666
2026-06-21 08:17:07,225 [engine.py] => Learning on 30-40
2026-06-21 08:50:53,080 [trainer.py] => CNN: {'total': 92.29, '00-09': 92.17, '10-19': 92.3, '20-29': 91.3, '30-39': 93.39, 'old': 91.91, 'new': 93.39, 'harmonic': 92.64}
2026-06-21 08:50:53,080 [trainer.py] => CNN top1 curve: [96.79, 95.03, 93.59, 92.29]
2026-06-21 08:50:53,080 [trainer.py] => CNN top5 curve: [99.7, 99.5, 98.92, 98.71]
2026-06-21 08:50:53,080 [trainer.py] => Average Accuracy (CNN top1): 94.425
2026-06-21 08:50:53,080 [engine.py] => Learning on 40-50
2026-06-21 09:30:04,387 [trainer.py] => CNN: {'total': 90.03, '00-09': 90.57, '10-19': 90.73, '20-29': 88.25, '30-39': 91.24, '40-49': 89.44, 'old': 90.18, 'new': 89.44, 'harmonic': 89.81}
2026-06-21 09:30:04,387 [trainer.py] => CNN top1 curve: [96.79, 95.03, 93.59, 92.29, 90.03]
2026-06-21 09:30:04,387 [trainer.py] => CNN top5 curve: [99.7, 99.5, 98.92, 98.71, 98.23]
2026-06-21 09:30:04,387 [trainer.py] => Average Accuracy (CNN top1): 93.546
2026-06-21 09:30:04,387 [engine.py] => Learning on 50-60
2026-06-21 10:14:33,058 [trainer.py] => CNN: {'total': 88.67, '00-09': 90.57, '10-19': 90.12, '20-29': 86.03, '30-39': 89.57, '40-49': 86.9, '50-59': 88.93, 'old': 88.62, 'new': 88.93, 'harmonic': 88.77}
2026-06-21 10:14:33,059 [trainer.py] => CNN top1 curve: [96.79, 95.03, 93.59, 92.29, 90.03, 88.67]
2026-06-21 10:14:33,059 [trainer.py] => CNN top5 curve: [99.7, 99.5, 98.92, 98.71, 98.23, 97.97]
2026-06-21 10:14:33,059 [trainer.py] => Average Accuracy (CNN top1): 92.73333333333333
2026-06-21 10:14:33,059 [engine.py] => Learning on 60-70
2026-06-21 11:04:28,738 [trainer.py] => CNN: {'total': 87.43, '00-09': 89.51, '10-19': 89.26, '20-29': 85.35, '30-39': 88.3, '40-49': 85.7, '50-59': 86.61, '60-69': 87.36, 'old': 87.44, 'new': 87.36, 'harmonic': 87.4}
2026-06-21 11:04:28,739 [trainer.py] => CNN top1 curve: [96.79, 95.03, 93.59, 92.29, 90.03, 88.67, 87.43]
2026-06-21 11:04:28,739 [trainer.py] => CNN top5 curve: [99.7, 99.5, 98.92, 98.71, 98.23, 97.97, 97.5]
2026-06-21 11:04:28,739 [trainer.py] => Average Accuracy (CNN top1): 91.97571428571428
2026-06-21 11:04:28,739 [engine.py] => Learning on 70-80
2026-06-21 11:59:47,449 [trainer.py] => CNN: {'total': 86.45, '00-09': 88.41, '10-19': 88.25, '20-29': 84.96, '30-39': 87.91, '40-49': 84.06, '50-59': 85.1, '60-69': 84.75, '70-79': 88.28, 'old': 86.2, 'new': 88.28, 'harmonic': 87.23}
2026-06-21 11:59:47,449 [trainer.py] => CNN top1 curve: [96.79, 95.03, 93.59, 92.29, 90.03, 88.67, 87.43, 86.45]
2026-06-21 11:59:47,449 [trainer.py] => CNN top5 curve: [99.7, 99.5, 98.92, 98.71, 98.23, 97.97, 97.5, 97.03]
2026-06-21 11:59:47,450 [trainer.py] => Average Accuracy (CNN top1): 91.285
2026-06-21 11:59:47,450 [engine.py] => Learning on 80-90
2026-06-21 12:59:45,666 [trainer.py] => CNN: {'total': 85.29, '00-09': 84.85, '10-19': 87.39, '20-29': 82.83, '30-39': 87.27, '40-49': 83.56, '50-59': 84.75, '60-69': 83.05, '70-79': 85.39, '80-89': 88.61, 'old': 84.88, 'new': 88.61, 'harmonic': 86.7}
2026-06-21 12:59:45,666 [trainer.py] => CNN top1 curve: [96.79, 95.03, 93.59, 92.29, 90.03, 88.67, 87.43, 86.45, 85.29]
2026-06-21 12:59:45,666 [trainer.py] => CNN top5 curve: [99.7, 99.5, 98.92, 98.71, 98.23, 97.97, 97.5, 97.03, 96.62]
2026-06-21 12:59:45,666 [trainer.py] => Average Accuracy (CNN top1): 90.61888888888888
2026-06-21 12:59:45,666 [engine.py] => Learning on 90-100
2026-06-21 14:04:50,968 [trainer.py] => CNN: {'total': 84.12, '00-09': 84.3, '10-19': 86.52, '20-29': 82.11, '30-39': 86.39, '40-49': 82.86, '50-59': 83.95, '60-69': 82.25, '70-79': 83.58, '80-89': 86.49, '90-99': 82.88, 'old': 84.26, 'new': 82.88, 'harmonic': 83.56}
2026-06-21 14:04:50,968 [trainer.py] => CNN top1 curve: [96.79, 95.03, 93.59, 92.29, 90.03, 88.67, 87.43, 86.45, 85.29, 84.12]
2026-06-21 14:04:50,968 [trainer.py] => CNN top5 curve: [99.7, 99.5, 98.92, 98.71, 98.23, 97.97, 97.5, 97.03, 96.62, 96.16]
2026-06-21 14:04:50,968 [trainer.py] => Average Accuracy (CNN top1): 89.969
