2026-07-12 21:02:31,428 [trainer.py] => config: ./configs/engine/engine_food_B50_Inc10.json
2026-07-12 21:02:31,429 [trainer.py] => prefix: -
2026-07-12 21:02:31,429 [trainer.py] => dataset: food101
2026-07-12 21:02:31,429 [trainer.py] => shuffle: True
2026-07-12 21:02:31,429 [trainer.py] => init_cls: 50
2026-07-12 21:02:31,429 [trainer.py] => increment: 10
2026-07-12 21:02:31,429 [trainer.py] => model_name: engine
2026-07-12 21:02:31,429 [trainer.py] => backbone_type: clip
2026-07-12 21:02:31,429 [trainer.py] => device: [device(type='cuda', index=5)]
2026-07-12 21:02:31,429 [trainer.py] => seed: 1993
2026-07-12 21:02:31,429 [trainer.py] => projection_type: pure_mlp
2026-07-12 21:02:31,429 [trainer.py] => frozen_layers: visual
2026-07-12 21:02:31,429 [trainer.py] => tuned_epoch: 10
2026-07-12 21:02:31,429 [trainer.py] => init_lr: 0.05
2026-07-12 21:02:31,429 [trainer.py] => batch_size: 64
2026-07-12 21:02:31,429 [trainer.py] => weight_decay: 0.05
2026-07-12 21:02:31,429 [trainer.py] => min_lr: 0
2026-07-12 21:02:31,429 [trainer.py] => optimizer: sgd
2026-07-12 21:02:31,429 [trainer.py] => text_des: 2
2026-07-12 21:02:31,430 [trainer.py] => image_aug: 2
2026-07-12 21:02:31,430 [trainer.py] => rerank: 0.8
2026-07-12 21:02:31,430 [trainer.py] => stat: 0.8
2026-07-12 21:02:31,430 [trainer.py] => sample_num: 0
2026-07-12 21:02:31,430 [trainer.py] => sample_noise: 0.25
2026-07-12 21:02:31,430 [trainer.py] => rerank_top: 5
2026-07-12 21:02:31,688 [data_manager.py] => [68, 56, 78, 8, 23, 84, 90, 65, 74, 76, 40, 89, 3, 92, 55, 9, 26, 80, 43, 38, 58, 70, 77, 1, 85, 19, 17, 50, 28, 53, 13, 81, 45, 82, 6, 59, 83, 16, 15, 44, 91, 41, 72, 60, 79, 52, 20, 10, 31, 54, 37, 95, 14, 71, 96, 98, 97, 2, 64, 66, 42, 22, 35, 86, 24, 34, 87, 21, 99, 0, 88, 27, 18, 94, 11, 12, 47, 25, 30, 46, 62, 69, 36, 61, 7, 63, 75, 5, 32, 4, 51, 48, 73, 93, 39, 67, 29, 49, 57, 33]
2026-07-12 21:02:31,856 [factory.py] => Loaded ViT-B-16 model config.
2026-07-12 21:02:33,270 [factory.py] => Loading pretrained ViT-B-16 weights (/home/team/zhaohongwei/pretrained_models/open_clip_pytorch_model_laion400m_e32.bin).
2026-07-12 21:02:33,727 [factory.py] => Loaded ViT-B-16 model config.
2026-07-12 21:02:35,033 [factory.py] => Loading pretrained ViT-B-16 weights (/home/team/zhaohongwei/pretrained_models/open_clip_pytorch_model_laion400m_e32.bin).
2026-07-12 21:02:35,540 [engine.py] => Learning on 0-50
2026-07-12 22:11:21,209 [trainer.py] => CNN: {'total': 90.51, '00-09': 91.68, '10-19': 90.89, '20-29': 90.71, '30-39': 89.56, '40-49': 89.73, 'old': 0, 'new': 90.51, 'harmonic': 0.0}
2026-07-12 22:11:21,210 [trainer.py] => CNN top1 curve: [90.51]
2026-07-12 22:11:21,210 [trainer.py] => CNN top5 curve: [98.45]
2026-07-12 22:11:21,210 [trainer.py] => Average Accuracy (CNN top1): 90.51
2026-07-12 22:11:21,210 [engine.py] => Learning on 50-60
2026-07-12 22:43:18,142 [trainer.py] => CNN: {'total': 88.68, '00-09': 89.55, '10-19': 89.77, '20-29': 87.67, '30-39': 86.6, '40-49': 88.02, '50-59': 90.5, 'old': 88.31, 'new': 90.5, 'harmonic': 89.39}
2026-07-12 22:43:18,142 [trainer.py] => CNN top1 curve: [90.51, 88.68]
2026-07-12 22:43:18,142 [trainer.py] => CNN top5 curve: [98.45, 97.91]
2026-07-12 22:43:18,142 [trainer.py] => Average Accuracy (CNN top1): 89.595
2026-07-12 22:43:18,142 [engine.py] => Learning on 60-70
2026-07-12 23:18:56,661 [trainer.py] => CNN: {'total': 86.67, '00-09': 88.32, '10-19': 88.51, '20-29': 86.07, '30-39': 85.58, '40-49': 86.66, '50-59': 86.47, '60-69': 85.1, 'old': 86.93, 'new': 85.1, 'harmonic': 86.01}
2026-07-12 23:18:56,662 [trainer.py] => CNN top1 curve: [90.51, 88.68, 86.67]
2026-07-12 23:18:56,662 [trainer.py] => CNN top5 curve: [98.45, 97.91, 97.06]
2026-07-12 23:18:56,662 [trainer.py] => Average Accuracy (CNN top1): 88.62
2026-07-12 23:18:56,663 [engine.py] => Learning on 70-80
2026-07-12 23:58:01,455 [trainer.py] => CNN: {'total': 86.2, '00-09': 87.67, '10-19': 87.85, '20-29': 85.82, '30-39': 84.32, '40-49': 86.61, '50-59': 84.83, '60-69': 81.82, '70-79': 90.7, 'old': 85.56, 'new': 90.7, 'harmonic': 88.06}
2026-07-12 23:58:01,456 [trainer.py] => CNN top1 curve: [90.51, 88.68, 86.67, 86.2]
2026-07-12 23:58:01,456 [trainer.py] => CNN top5 curve: [98.45, 97.91, 97.06, 96.67]
2026-07-12 23:58:01,456 [trainer.py] => Average Accuracy (CNN top1): 88.015
2026-07-12 23:58:01,456 [engine.py] => Learning on 80-90
2026-07-13 00:41:38,658 [trainer.py] => CNN: {'total': 85.58, '00-09': 87.18, '10-19': 86.89, '20-29': 85.72, '30-39': 83.59, '40-49': 85.96, '50-59': 83.98, '60-69': 80.35, '70-79': 87.91, '80-89': 88.65, 'old': 85.2, 'new': 88.65, 'harmonic': 86.89}
2026-07-13 00:41:38,659 [trainer.py] => CNN top1 curve: [90.51, 88.68, 86.67, 86.2, 85.58]
2026-07-13 00:41:38,659 [trainer.py] => CNN top5 curve: [98.45, 97.91, 97.06, 96.67, 96.39]
2026-07-13 00:41:38,659 [trainer.py] => Average Accuracy (CNN top1): 87.52799999999999
2026-07-13 00:41:38,659 [engine.py] => Learning on 90-100
2026-07-13 01:28:48,987 [trainer.py] => CNN: {'total': 83.96, '00-09': 86.24, '10-19': 86.43, '20-29': 83.03, '30-39': 83.06, '40-49': 84.95, '50-59': 82.99, '60-69': 77.68, '70-79': 86.16, '80-89': 85.94, '90-99': 83.11, 'old': 84.05, 'new': 83.11, 'harmonic': 83.58}
2026-07-13 01:28:48,988 [trainer.py] => CNN top1 curve: [90.51, 88.68, 86.67, 86.2, 85.58, 83.96]
2026-07-13 01:28:48,988 [trainer.py] => CNN top5 curve: [98.45, 97.91, 97.06, 96.67, 96.39, 96.03]
2026-07-13 01:28:48,988 [trainer.py] => Average Accuracy (CNN top1): 86.93333333333334
