2026-06-21 21:03:09,329 [trainer.py] => config: ./configs/engine/engine_food_B0_Inc10.json
2026-06-21 21:03:09,330 [trainer.py] => prefix: -
2026-06-21 21:03:09,330 [trainer.py] => dataset: food101
2026-06-21 21:03:09,330 [trainer.py] => shuffle: True
2026-06-21 21:03:09,330 [trainer.py] => init_cls: 10
2026-06-21 21:03:09,330 [trainer.py] => increment: 10
2026-06-21 21:03:09,330 [trainer.py] => model_name: engine
2026-06-21 21:03:09,330 [trainer.py] => backbone_type: clip
2026-06-21 21:03:09,330 [trainer.py] => device: [device(type='cuda', index=4)]
2026-06-21 21:03:09,330 [trainer.py] => seed: 1993
2026-06-21 21:03:09,330 [trainer.py] => projection_type: pure_mlp
2026-06-21 21:03:09,330 [trainer.py] => frozen_layers: visual
2026-06-21 21:03:09,330 [trainer.py] => tuned_epoch: 10
2026-06-21 21:03:09,330 [trainer.py] => init_lr: 0.05
2026-06-21 21:03:09,330 [trainer.py] => batch_size: 64
2026-06-21 21:03:09,330 [trainer.py] => weight_decay: 0.05
2026-06-21 21:03:09,330 [trainer.py] => min_lr: 0
2026-06-21 21:03:09,330 [trainer.py] => optimizer: sgd
2026-06-21 21:03:09,330 [trainer.py] => text_des: 2
2026-06-21 21:03:09,330 [trainer.py] => image_aug: 2
2026-06-21 21:03:09,330 [trainer.py] => rerank: 0.8
2026-06-21 21:03:09,330 [trainer.py] => stat: 0.8
2026-06-21 21:03:09,330 [trainer.py] => sample_num: 0
2026-06-21 21:03:09,330 [trainer.py] => sample_noise: 0.25
2026-06-21 21:03:09,330 [trainer.py] => rerank_top: 5
2026-06-21 21:03:09,708 [data_manager.py] => [68, 56, 78, 8, 23, 84, 90, 65, 74, 76, 40, 89, 3, 92, 55, 9, 26, 80, 43, 38, 58, 70, 77, 1, 85, 19, 17, 50, 28, 53, 13, 81, 45, 82, 6, 59, 83, 16, 15, 44, 91, 41, 72, 60, 79, 52, 20, 10, 31, 54, 37, 95, 14, 71, 96, 98, 97, 2, 64, 66, 42, 22, 35, 86, 24, 34, 87, 21, 99, 0, 88, 27, 18, 94, 11, 12, 47, 25, 30, 46, 62, 69, 36, 61, 7, 63, 75, 5, 32, 4, 51, 48, 73, 93, 39, 67, 29, 49, 57, 33]
2026-06-21 21:03:09,931 [factory.py] => Loaded ViT-B-16 model config.
2026-06-21 21:03:12,349 [factory.py] => Loading pretrained ViT-B-16 weights (/home/team/zhaohongwei/pretrained_models/open_clip_pytorch_model_laion400m_e32.bin).
2026-06-21 21:03:15,124 [factory.py] => Loaded ViT-B-16 model config.
2026-06-21 21:03:17,064 [factory.py] => Loading pretrained ViT-B-16 weights (/home/team/zhaohongwei/pretrained_models/open_clip_pytorch_model_laion400m_e32.bin).
2026-06-21 21:03:18,561 [engine.py] => Learning on 0-10
2026-06-21 21:22:04,631 [trainer.py] => CNN: {'total': 98.27, '00-09': 98.27, 'old': 0, 'new': 98.27, 'harmonic': 0.0}
2026-06-21 21:22:04,631 [trainer.py] => CNN top1 curve: [98.27]
2026-06-21 21:22:04,631 [trainer.py] => CNN top5 curve: [99.85]
2026-06-21 21:22:04,631 [trainer.py] => Average Accuracy (CNN top1): 98.27
2026-06-21 21:22:04,631 [engine.py] => Learning on 10-20
2026-06-21 21:45:37,293 [trainer.py] => CNN: {'total': 94.49, '00-09': 94.55, '10-19': 94.43, 'old': 94.55, 'new': 94.43, 'harmonic': 94.49}
2026-06-21 21:45:37,293 [trainer.py] => CNN top1 curve: [98.27, 94.49]
2026-06-21 21:45:37,293 [trainer.py] => CNN top5 curve: [99.85, 99.42]
2026-06-21 21:45:37,293 [trainer.py] => Average Accuracy (CNN top1): 96.38
2026-06-21 21:45:37,293 [engine.py] => Learning on 20-30
2026-06-21 22:14:16,190 [trainer.py] => CNN: {'total': 92.7, '00-09': 92.38, '10-19': 91.9, '20-29': 93.81, 'old': 92.14, 'new': 93.81, 'harmonic': 92.97}
2026-06-21 22:14:16,191 [trainer.py] => CNN top1 curve: [98.27, 94.49, 92.7]
2026-06-21 22:14:16,191 [trainer.py] => CNN top5 curve: [99.85, 99.42, 99.08]
2026-06-21 22:14:16,191 [trainer.py] => Average Accuracy (CNN top1): 95.15333333333332
2026-06-21 22:14:16,191 [engine.py] => Learning on 30-40
2026-06-21 22:47:36,720 [trainer.py] => CNN: {'total': 91.41, '00-09': 91.73, '10-19': 90.58, '20-29': 90.96, '30-39': 92.33, 'old': 91.1, 'new': 92.33, 'harmonic': 91.71}
2026-06-21 22:47:36,721 [trainer.py] => CNN top1 curve: [98.27, 94.49, 92.7, 91.41]
2026-06-21 22:47:36,721 [trainer.py] => CNN top5 curve: [99.85, 99.42, 99.08, 98.66]
2026-06-21 22:47:36,721 [trainer.py] => Average Accuracy (CNN top1): 94.2175
2026-06-21 22:47:36,721 [engine.py] => Learning on 40-50
2026-06-21 23:27:21,451 [trainer.py] => CNN: {'total': 89.95, '00-09': 90.2, '10-19': 89.97, '20-29': 89.97, '30-39': 89.17, '40-49': 90.44, 'old': 89.82, 'new': 90.44, 'harmonic': 90.13}
2026-06-21 23:27:21,452 [trainer.py] => CNN top1 curve: [98.27, 94.49, 92.7, 91.41, 89.95]
2026-06-21 23:27:21,452 [trainer.py] => CNN top5 curve: [99.85, 99.42, 99.08, 98.66, 98.24]
2026-06-21 23:27:21,452 [trainer.py] => Average Accuracy (CNN top1): 93.364
2026-06-21 23:27:21,452 [engine.py] => Learning on 50-60
2026-06-22 00:11:54,142 [trainer.py] => CNN: {'total': 88.66, '00-09': 88.96, '10-19': 89.67, '20-29': 87.87, '30-39': 87.33, '40-49': 88.48, '50-59': 89.7, 'old': 88.45, 'new': 89.7, 'harmonic': 89.07}
2026-06-22 00:11:54,143 [trainer.py] => CNN top1 curve: [98.27, 94.49, 92.7, 91.41, 89.95, 88.66]
2026-06-22 00:11:54,143 [trainer.py] => CNN top5 curve: [99.85, 99.42, 99.08, 98.66, 98.24, 97.92]
2026-06-22 00:11:54,143 [trainer.py] => Average Accuracy (CNN top1): 92.58
2026-06-22 00:11:54,143 [engine.py] => Learning on 60-70
2026-06-22 01:01:25,984 [trainer.py] => CNN: {'total': 86.74, '00-09': 88.07, '10-19': 89.01, '20-29': 86.77, '30-39': 86.12, '40-49': 86.86, '50-59': 85.42, '60-69': 84.95, 'old': 87.03, 'new': 84.95, 'harmonic': 85.98}
2026-06-22 01:01:25,985 [trainer.py] => CNN top1 curve: [98.27, 94.49, 92.7, 91.41, 89.95, 88.66, 86.74]
2026-06-22 01:01:25,985 [trainer.py] => CNN top5 curve: [99.85, 99.42, 99.08, 98.66, 98.24, 97.92, 97.18]
2026-06-22 01:01:25,985 [trainer.py] => Average Accuracy (CNN top1): 91.74571428571429
2026-06-22 01:01:25,985 [engine.py] => Learning on 70-80
2026-06-22 01:56:05,892 [trainer.py] => CNN: {'total': 85.99, '00-09': 87.28, '10-19': 88.1, '20-29': 85.27, '30-39': 84.47, '40-49': 86.51, '50-59': 84.33, '60-69': 81.72, '70-79': 90.3, 'old': 85.38, 'new': 90.3, 'harmonic': 87.77}
2026-06-22 01:56:05,892 [trainer.py] => CNN top1 curve: [98.27, 94.49, 92.7, 91.41, 89.95, 88.66, 86.74, 85.99]
2026-06-22 01:56:05,892 [trainer.py] => CNN top5 curve: [99.85, 99.42, 99.08, 98.66, 98.24, 97.92, 97.18, 96.68]
2026-06-22 01:56:05,892 [trainer.py] => Average Accuracy (CNN top1): 91.02625
2026-06-22 01:56:05,892 [engine.py] => Learning on 80-90
2026-06-22 02:55:48,752 [trainer.py] => CNN: {'total': 85.58, '00-09': 87.28, '10-19': 86.89, '20-29': 85.87, '30-39': 83.93, '40-49': 86.01, '50-59': 83.93, '60-69': 80.35, '70-79': 87.91, '80-89': 88.1, 'old': 85.27, 'new': 88.1, 'harmonic': 86.66}
2026-06-22 02:55:48,752 [trainer.py] => CNN top1 curve: [98.27, 94.49, 92.7, 91.41, 89.95, 88.66, 86.74, 85.99, 85.58]
2026-06-22 02:55:48,752 [trainer.py] => CNN top5 curve: [99.85, 99.42, 99.08, 98.66, 98.24, 97.92, 97.18, 96.68, 96.44]
2026-06-22 02:55:48,752 [trainer.py] => Average Accuracy (CNN top1): 90.42111111111112
2026-06-22 02:55:48,752 [engine.py] => Learning on 90-100
2026-06-22 04:00:19,312 [trainer.py] => CNN: {'total': 83.92, '00-09': 86.49, '10-19': 86.38, '20-29': 83.18, '30-39': 82.72, '40-49': 85.1, '50-59': 82.69, '60-69': 77.22, '70-79': 86.31, '80-89': 86.3, '90-99': 82.81, 'old': 84.04, 'new': 82.81, 'harmonic': 83.42}
2026-06-22 04:00:19,312 [trainer.py] => CNN top1 curve: [98.27, 94.49, 92.7, 91.41, 89.95, 88.66, 86.74, 85.99, 85.58, 83.92]
2026-06-22 04:00:19,312 [trainer.py] => CNN top5 curve: [99.85, 99.42, 99.08, 98.66, 98.24, 97.92, 97.18, 96.68, 96.44, 96.03]
2026-06-22 04:00:19,312 [trainer.py] => Average Accuracy (CNN top1): 89.771
