2026-06-18 04:03:54,135 [trainer.py] => config: ./configs/engine/engine_inr_B100_Inc20.json
2026-06-18 04:03:54,135 [trainer.py] => prefix: -
2026-06-18 04:03:54,135 [trainer.py] => dataset: imagenetr
2026-06-18 04:03:54,135 [trainer.py] => shuffle: True
2026-06-18 04:03:54,135 [trainer.py] => init_cls: 100
2026-06-18 04:03:54,135 [trainer.py] => increment: 20
2026-06-18 04:03:54,135 [trainer.py] => model_name: engine
2026-06-18 04:03:54,135 [trainer.py] => backbone_type: clip
2026-06-18 04:03:54,136 [trainer.py] => device: [device(type='cuda', index=4)]
2026-06-18 04:03:54,136 [trainer.py] => seed: 1993
2026-06-18 04:03:54,136 [trainer.py] => projection_type: pure_mlp
2026-06-18 04:03:54,136 [trainer.py] => frozen_layers: visual
2026-06-18 04:03:54,136 [trainer.py] => tuned_epoch: 10
2026-06-18 04:03:54,136 [trainer.py] => init_lr: 0.05
2026-06-18 04:03:54,136 [trainer.py] => batch_size: 64
2026-06-18 04:03:54,136 [trainer.py] => weight_decay: 0.05
2026-06-18 04:03:54,136 [trainer.py] => min_lr: 0
2026-06-18 04:03:54,136 [trainer.py] => optimizer: sgd
2026-06-18 04:03:54,136 [trainer.py] => text_des: 2
2026-06-18 04:03:54,136 [trainer.py] => image_aug: 2
2026-06-18 04:03:54,136 [trainer.py] => rerank: 0.8
2026-06-18 04:03:54,136 [trainer.py] => stat: 0.8
2026-06-18 04:03:54,136 [trainer.py] => sample_num: 0
2026-06-18 04:03:54,136 [trainer.py] => sample_noise: 0.25
2026-06-18 04:03:54,136 [trainer.py] => rerank_top: 5
2026-06-18 04:03:54,222 [data_manager.py] => [168, 136, 51, 9, 183, 101, 171, 99, 42, 159, 191, 70, 16, 188, 27, 10, 175, 26, 68, 187, 98, 6, 85, 35, 112, 43, 100, 0, 103, 181, 88, 59, 4, 2, 116, 174, 94, 80, 106, 1, 147, 17, 141, 131, 72, 23, 173, 54, 197, 118, 87, 32, 79, 104, 91, 19, 135, 107, 178, 36, 11, 199, 142, 8, 122, 3, 28, 57, 153, 172, 190, 56, 49, 44, 97, 62, 151, 169, 194, 55, 192, 12, 189, 78, 66, 180, 15, 137, 109, 134, 92, 119, 126, 52, 170, 40, 148, 65, 144, 64, 138, 45, 77, 89, 154, 90, 71, 193, 74, 30, 113, 143, 96, 84, 67, 50, 186, 156, 69, 21, 18, 111, 108, 58, 125, 157, 150, 110, 182, 129, 166, 83, 81, 60, 13, 165, 14, 176, 63, 117, 5, 22, 145, 121, 38, 41, 82, 127, 114, 20, 31, 53, 37, 163, 196, 130, 152, 162, 86, 76, 24, 34, 184, 149, 33, 128, 198, 155, 146, 167, 139, 120, 140, 102, 47, 25, 158, 123, 46, 164, 61, 7, 115, 75, 133, 160, 105, 132, 179, 124, 48, 73, 93, 39, 95, 195, 29, 177, 185, 161]
2026-06-18 04:03:54,318 [factory.py] => Loaded ViT-B-16 model config.
2026-06-18 04:03:56,143 [factory.py] => Loading pretrained ViT-B-16 weights (/home/team/zhaohongwei/pretrained_models/open_clip_pytorch_model_laion400m_e32.bin).
2026-06-18 04:03:56,773 [factory.py] => Loaded ViT-B-16 model config.
2026-06-18 04:03:58,756 [factory.py] => Loading pretrained ViT-B-16 weights (/home/team/zhaohongwei/pretrained_models/open_clip_pytorch_model_laion400m_e32.bin).
2026-06-18 04:03:59,707 [engine.py] => Learning on 0-100
2026-06-18 04:34:50,019 [trainer.py] => CNN: {'total': 86.4, '00-09': 87.7, '10-19': 91.13, '20-29': 87.67, '30-39': 83.73, '40-49': 86.42, '50-59': 85.86, '60-69': 82.89, '70-79': 87.18, '80-89': 87.74, '90-99': 80.23, 'old': 0, 'new': 86.4, 'harmonic': 0.0}
2026-06-18 04:34:50,019 [trainer.py] => CNN top1 curve: [86.4]
2026-06-18 04:34:50,019 [trainer.py] => CNN top5 curve: [96.45]
2026-06-18 04:34:50,019 [trainer.py] => Average Accuracy (CNN top1): 86.4
2026-06-18 04:34:50,019 [engine.py] => Learning on 100-120
2026-06-18 04:49:57,193 [trainer.py] => CNN: {'total': 85.27, '00-09': 88.33, '10-19': 89.25, '20-29': 86.0, '30-39': 82.53, '40-49': 85.76, '50-59': 85.2, '60-69': 78.86, '70-79': 83.15, '80-89': 86.13, '90-99': 80.23, '100-109': 88.38, '110-119': 86.17, 'old': 84.86, 'new': 87.12, 'harmonic': 85.98}
2026-06-18 04:49:57,193 [trainer.py] => CNN top1 curve: [86.4, 85.27]
2026-06-18 04:49:57,194 [trainer.py] => CNN top5 curve: [96.45, 95.78]
2026-06-18 04:49:57,194 [trainer.py] => Average Accuracy (CNN top1): 85.83500000000001
2026-06-18 04:49:57,194 [engine.py] => Learning on 120-140
2026-06-18 05:05:19,033 [trainer.py] => CNN: {'total': 83.84, '00-09': 87.38, '10-19': 88.17, '20-29': 84.33, '30-39': 83.43, '40-49': 85.43, '50-59': 83.22, '60-69': 77.85, '70-79': 82.42, '80-89': 86.13, '90-99': 77.4, '100-109': 85.92, '110-119': 83.78, '120-129': 81.55, '130-139': 82.55, 'old': 84.12, 'new': 82.07, 'harmonic': 83.08}
2026-06-18 05:05:19,033 [trainer.py] => CNN top1 curve: [86.4, 85.27, 83.84]
2026-06-18 05:05:19,033 [trainer.py] => CNN top5 curve: [96.45, 95.78, 94.97]
2026-06-18 05:05:19,033 [trainer.py] => Average Accuracy (CNN top1): 85.17
2026-06-18 05:05:19,033 [engine.py] => Learning on 140-160
2026-06-18 05:24:10,237 [trainer.py] => CNN: {'total': 83.13, '00-09': 84.86, '10-19': 87.63, '20-29': 84.33, '30-39': 83.13, '40-49': 81.46, '50-59': 84.54, '60-69': 75.84, '70-79': 81.68, '80-89': 85.16, '90-99': 76.84, '100-109': 84.86, '110-119': 80.85, '120-129': 78.97, '130-139': 84.23, '140-149': 86.38, '150-159': 84.53, 'old': 82.72, 'new': 85.46, 'harmonic': 84.07}
2026-06-18 05:24:10,238 [trainer.py] => CNN top1 curve: [86.4, 85.27, 83.84, 83.13]
2026-06-18 05:24:10,238 [trainer.py] => CNN top5 curve: [96.45, 95.78, 94.97, 94.88]
2026-06-18 05:24:10,238 [trainer.py] => Average Accuracy (CNN top1): 84.66
2026-06-18 05:24:10,238 [engine.py] => Learning on 160-180
2026-06-18 05:42:30,889 [trainer.py] => CNN: {'total': 82.03, '00-09': 83.28, '10-19': 84.95, '20-29': 84.33, '30-39': 81.63, '40-49': 80.79, '50-59': 82.24, '60-69': 77.18, '70-79': 81.32, '80-89': 85.16, '90-99': 75.14, '100-109': 86.27, '110-119': 81.12, '120-129': 76.75, '130-139': 84.23, '140-149': 84.47, '150-159': 84.25, '160-169': 74.35, '170-179': 82.66, 'old': 82.36, 'new': 78.66, 'harmonic': 80.47}
2026-06-18 05:42:30,889 [trainer.py] => CNN top1 curve: [86.4, 85.27, 83.84, 83.13, 82.03]
2026-06-18 05:42:30,889 [trainer.py] => CNN top5 curve: [96.45, 95.78, 94.97, 94.88, 94.19]
2026-06-18 05:42:30,889 [trainer.py] => Average Accuracy (CNN top1): 84.13399999999999
2026-06-18 05:42:30,889 [engine.py] => Learning on 180-200
2026-06-18 06:03:13,538 [trainer.py] => CNN: {'total': 80.97, '00-09': 82.97, '10-19': 85.22, '20-29': 81.67, '30-39': 81.93, '40-49': 79.14, '50-59': 81.58, '60-69': 75.84, '70-79': 78.75, '80-89': 83.23, '90-99': 73.45, '100-109': 83.1, '110-119': 81.12, '120-129': 77.49, '130-139': 83.22, '140-149': 83.11, '150-159': 82.87, '160-169': 72.17, '170-179': 81.45, '180-189': 81.49, '190-199': 81.92, 'old': 80.89, 'new': 81.69, 'harmonic': 81.29}
2026-06-18 06:03:13,539 [trainer.py] => CNN top1 curve: [86.4, 85.27, 83.84, 83.13, 82.03, 80.97]
2026-06-18 06:03:13,539 [trainer.py] => CNN top5 curve: [96.45, 95.78, 94.97, 94.88, 94.19, 94.02]
2026-06-18 06:03:13,539 [trainer.py] => Average Accuracy (CNN top1): 83.60666666666667
