2026-06-17 21:46:50,256 [trainer.py] => config: ./configs/engine/engine_inr_B0_Inc20.json
2026-06-17 21:46:50,256 [trainer.py] => prefix: -
2026-06-17 21:46:50,256 [trainer.py] => dataset: imagenetr
2026-06-17 21:46:50,256 [trainer.py] => shuffle: True
2026-06-17 21:46:50,256 [trainer.py] => init_cls: 20
2026-06-17 21:46:50,256 [trainer.py] => increment: 20
2026-06-17 21:46:50,256 [trainer.py] => model_name: engine
2026-06-17 21:46:50,256 [trainer.py] => backbone_type: clip
2026-06-17 21:46:50,256 [trainer.py] => device: [device(type='cuda', index=4)]
2026-06-17 21:46:50,256 [trainer.py] => seed: 2026
2026-06-17 21:46:50,256 [trainer.py] => projection_type: pure_mlp
2026-06-17 21:46:50,256 [trainer.py] => frozen_layers: visual
2026-06-17 21:46:50,256 [trainer.py] => tuned_epoch: 10
2026-06-17 21:46:50,256 [trainer.py] => init_lr: 0.05
2026-06-17 21:46:50,256 [trainer.py] => batch_size: 64
2026-06-17 21:46:50,256 [trainer.py] => weight_decay: 0.05
2026-06-17 21:46:50,257 [trainer.py] => min_lr: 0
2026-06-17 21:46:50,257 [trainer.py] => optimizer: sgd
2026-06-17 21:46:50,257 [trainer.py] => text_des: 2
2026-06-17 21:46:50,257 [trainer.py] => image_aug: 2
2026-06-17 21:46:50,257 [trainer.py] => rerank: 0.8
2026-06-17 21:46:50,257 [trainer.py] => stat: 0.8
2026-06-17 21:46:50,257 [trainer.py] => sample_num: 0
2026-06-17 21:46:50,257 [trainer.py] => sample_noise: 0.25
2026-06-17 21:46:50,257 [trainer.py] => rerank_top: 5
2026-06-17 21:46:50,350 [data_manager.py] => [115, 91, 15, 57, 123, 5, 193, 196, 88, 185, 191, 168, 90, 80, 106, 146, 188, 118, 44, 151, 24, 56, 42, 127, 113, 119, 197, 194, 99, 12, 65, 71, 131, 6, 46, 186, 126, 31, 117, 30, 110, 82, 102, 165, 11, 76, 53, 138, 199, 18, 163, 149, 84, 133, 170, 189, 52, 104, 45, 114, 41, 23, 160, 171, 172, 169, 177, 142, 94, 50, 128, 39, 59, 120, 107, 162, 124, 9, 74, 198, 62, 174, 166, 122, 141, 81, 10, 63, 176, 100, 136, 187, 129, 16, 72, 147, 54, 0, 98, 150, 92, 155, 4, 167, 125, 97, 153, 8, 83, 159, 85, 86, 13, 34, 173, 93, 180, 33, 21, 132, 190, 87, 121, 108, 103, 145, 37, 158, 69, 89, 2, 19, 67, 175, 51, 78, 43, 64, 66, 143, 61, 20, 144, 154, 183, 14, 140, 139, 75, 79, 22, 58, 101, 109, 32, 178, 73, 164, 55, 35, 49, 152, 137, 36, 3, 40, 70, 95, 105, 181, 157, 47, 192, 17, 60, 112, 68, 25, 38, 48, 161, 148, 111, 135, 96, 7, 27, 182, 130, 28, 179, 156, 116, 29, 195, 77, 184, 26, 134, 1]
2026-06-17 21:46:50,456 [factory.py] => Loaded ViT-B-16 model config.
2026-06-17 21:46:52,029 [factory.py] => Loading pretrained ViT-B-16 weights (/home/team/zhaohongwei/pretrained_models/open_clip_pytorch_model_laion400m_e32.bin).
2026-06-17 21:46:52,616 [factory.py] => Loaded ViT-B-16 model config.
2026-06-17 21:46:53,952 [factory.py] => Loading pretrained ViT-B-16 weights (/home/team/zhaohongwei/pretrained_models/open_clip_pytorch_model_laion400m_e32.bin).
2026-06-17 21:46:54,567 [engine.py] => Learning on 0-20
2026-06-17 21:52:40,047 [trainer.py] => CNN: {'total': 96.44, '00-09': 97.04, '10-19': 95.86, 'old': 0, 'new': 96.44, 'harmonic': 0.0}
2026-06-17 21:52:40,047 [trainer.py] => CNN top1 curve: [96.44]
2026-06-17 21:52:40,047 [trainer.py] => CNN top5 curve: [99.19]
2026-06-17 21:52:40,048 [trainer.py] => Average Accuracy (CNN top1): 96.44
2026-06-17 21:52:40,048 [engine.py] => Learning on 20-40
2026-06-17 22:00:10,978 [trainer.py] => CNN: {'total': 91.86, '00-09': 92.43, '10-19': 92.04, '20-29': 88.02, '30-39': 93.75, 'old': 92.23, 'new': 91.48, 'harmonic': 91.85}
2026-06-17 22:00:10,979 [trainer.py] => CNN top1 curve: [96.44, 91.86]
2026-06-17 22:00:10,979 [trainer.py] => CNN top5 curve: [99.19, 98.21]
2026-06-17 22:00:10,979 [trainer.py] => Average Accuracy (CNN top1): 94.15
2026-06-17 22:00:10,979 [engine.py] => Learning on 40-60
2026-06-17 22:09:47,366 [trainer.py] => CNN: {'total': 89.1, '00-09': 90.46, '10-19': 88.22, '20-29': 84.3, '30-39': 90.76, '40-49': 90.55, '50-59': 88.54, 'old': 88.76, 'new': 89.75, 'harmonic': 89.25}
2026-06-17 22:09:47,366 [trainer.py] => CNN top1 curve: [96.44, 91.86, 89.1]
2026-06-17 22:09:47,367 [trainer.py] => CNN top5 curve: [99.19, 98.21, 97.58]
2026-06-17 22:09:47,367 [trainer.py] => Average Accuracy (CNN top1): 92.46666666666665
2026-06-17 22:09:47,367 [engine.py] => Learning on 60-80
2026-06-17 22:21:22,036 [trainer.py] => CNN: {'total': 86.82, '00-09': 86.84, '10-19': 85.99, '20-29': 79.75, '30-39': 88.32, '40-49': 90.03, '50-59': 87.75, '60-69': 86.33, '70-79': 87.16, 'old': 86.84, 'new': 86.74, 'harmonic': 86.79}
2026-06-17 22:21:22,036 [trainer.py] => CNN top1 curve: [96.44, 91.86, 89.1, 86.82]
2026-06-17 22:21:22,036 [trainer.py] => CNN top5 curve: [99.19, 98.21, 97.58, 96.26]
2026-06-17 22:21:22,036 [trainer.py] => Average Accuracy (CNN top1): 91.05499999999999
2026-06-17 22:21:22,036 [engine.py] => Learning on 80-100
2026-06-17 22:34:04,293 [trainer.py] => CNN: {'total': 85.7, '00-09': 86.18, '10-19': 87.26, '20-29': 79.34, '30-39': 87.23, '40-49': 86.35, '50-59': 86.17, '60-69': 84.0, '70-79': 85.14, '80-89': 83.78, '90-99': 90.21, 'old': 85.44, 'new': 86.72, 'harmonic': 86.08}
2026-06-17 22:34:04,294 [trainer.py] => CNN top1 curve: [96.44, 91.86, 89.1, 86.82, 85.7]
2026-06-17 22:34:04,294 [trainer.py] => CNN top5 curve: [99.19, 98.21, 97.58, 96.26, 95.95]
2026-06-17 22:34:04,294 [trainer.py] => Average Accuracy (CNN top1): 89.984
2026-06-17 22:34:04,294 [engine.py] => Learning on 100-120
2026-06-17 22:49:31,931 [trainer.py] => CNN: {'total': 83.79, '00-09': 83.22, '10-19': 85.35, '20-29': 76.45, '30-39': 86.14, '40-49': 85.83, '50-59': 84.19, '60-69': 83.0, '70-79': 81.42, '80-89': 81.71, '90-99': 89.86, '100-109': 80.0, '110-119': 86.16, 'old': 83.91, 'new': 83.21, 'harmonic': 83.56}
2026-06-17 22:49:31,932 [trainer.py] => CNN top1 curve: [96.44, 91.86, 89.1, 86.82, 85.7, 83.79]
2026-06-17 22:49:31,932 [trainer.py] => CNN top5 curve: [99.19, 98.21, 97.58, 96.26, 95.95, 95.43]
2026-06-17 22:49:31,932 [trainer.py] => Average Accuracy (CNN top1): 88.95166666666665
2026-06-17 22:49:31,932 [engine.py] => Learning on 120-140
2026-06-17 23:05:16,631 [trainer.py] => CNN: {'total': 83.4, '00-09': 83.88, '10-19': 83.44, '20-29': 77.69, '30-39': 85.05, '40-49': 85.04, '50-59': 81.03, '60-69': 83.33, '70-79': 81.42, '80-89': 82.01, '90-99': 88.46, '100-109': 78.46, '110-119': 85.03, '120-129': 85.39, '130-139': 86.96, 'old': 83.07, 'new': 86.08, 'harmonic': 84.55}
2026-06-17 23:05:16,632 [trainer.py] => CNN top1 curve: [96.44, 91.86, 89.1, 86.82, 85.7, 83.79, 83.4]
2026-06-17 23:05:16,632 [trainer.py] => CNN top5 curve: [99.19, 98.21, 97.58, 96.26, 95.95, 95.43, 95.09]
2026-06-17 23:05:16,632 [trainer.py] => Average Accuracy (CNN top1): 88.15857142857142
2026-06-17 23:05:16,632 [engine.py] => Learning on 140-160
2026-06-17 23:22:47,477 [trainer.py] => CNN: {'total': 82.01, '00-09': 81.58, '10-19': 81.53, '20-29': 75.21, '30-39': 85.6, '40-49': 85.04, '50-59': 79.45, '60-69': 81.0, '70-79': 79.39, '80-89': 79.65, '90-99': 84.62, '100-109': 79.38, '110-119': 82.2, '120-129': 83.9, '130-139': 84.54, '140-149': 86.49, '150-159': 80.75, 'old': 81.78, 'new': 83.78, 'harmonic': 82.77}
2026-06-17 23:22:47,478 [trainer.py] => CNN top1 curve: [96.44, 91.86, 89.1, 86.82, 85.7, 83.79, 83.4, 82.01]
2026-06-17 23:22:47,478 [trainer.py] => CNN top5 curve: [99.19, 98.21, 97.58, 96.26, 95.95, 95.43, 95.09, 94.75]
2026-06-17 23:22:47,478 [trainer.py] => Average Accuracy (CNN top1): 87.38999999999999
2026-06-17 23:22:47,478 [engine.py] => Learning on 160-180
2026-06-17 23:41:21,552 [trainer.py] => CNN: {'total': 81.13, '00-09': 81.91, '10-19': 80.89, '20-29': 75.62, '30-39': 85.6, '40-49': 84.25, '50-59': 79.45, '60-69': 81.67, '70-79': 78.38, '80-89': 78.76, '90-99': 86.01, '100-109': 77.54, '110-119': 81.64, '120-129': 83.15, '130-139': 80.19, '140-149': 85.47, '150-159': 78.87, '160-169': 77.43, '170-179': 80.52, 'old': 81.38, 'new': 78.81, 'harmonic': 80.07}
2026-06-17 23:41:21,553 [trainer.py] => CNN top1 curve: [96.44, 91.86, 89.1, 86.82, 85.7, 83.79, 83.4, 82.01, 81.13]
2026-06-17 23:41:21,553 [trainer.py] => CNN top5 curve: [99.19, 98.21, 97.58, 96.26, 95.95, 95.43, 95.09, 94.75, 94.3]
2026-06-17 23:41:21,553 [trainer.py] => Average Accuracy (CNN top1): 86.69444444444443
2026-06-17 23:41:21,553 [engine.py] => Learning on 180-200
2026-06-18 00:02:38,559 [trainer.py] => CNN: {'total': 80.85, '00-09': 80.26, '10-19': 81.85, '20-29': 75.21, '30-39': 83.7, '40-49': 83.99, '50-59': 79.84, '60-69': 80.33, '70-79': 77.36, '80-89': 76.11, '90-99': 84.97, '100-109': 76.92, '110-119': 82.49, '120-129': 83.15, '130-139': 77.29, '140-149': 85.81, '150-159': 79.25, '160-169': 76.39, '170-179': 79.65, '180-189': 86.44, '190-199': 81.52, 'old': 80.44, 'new': 84.06, 'harmonic': 82.21}
2026-06-18 00:02:38,559 [trainer.py] => CNN top1 curve: [96.44, 91.86, 89.1, 86.82, 85.7, 83.79, 83.4, 82.01, 81.13, 80.85]
2026-06-18 00:02:38,560 [trainer.py] => CNN top5 curve: [99.19, 98.21, 97.58, 96.26, 95.95, 95.43, 95.09, 94.75, 94.3, 94.05]
2026-06-18 00:02:38,560 [trainer.py] => Average Accuracy (CNN top1): 86.10999999999999
