2026-07-15 07:10:23,959 [trainer.py] => config: ./configs/engine/engine_objectnet_B100_Inc20.json
2026-07-15 07:10:23,959 [trainer.py] => prefix: -
2026-07-15 07:10:23,959 [trainer.py] => dataset: objectnet
2026-07-15 07:10:23,959 [trainer.py] => shuffle: True
2026-07-15 07:10:23,960 [trainer.py] => init_cls: 100
2026-07-15 07:10:23,960 [trainer.py] => increment: 20
2026-07-15 07:10:23,960 [trainer.py] => model_name: engine
2026-07-15 07:10:23,960 [trainer.py] => backbone_type: clip
2026-07-15 07:10:23,960 [trainer.py] => device: [device(type='cuda', index=1)]
2026-07-15 07:10:23,960 [trainer.py] => seed: 2026
2026-07-15 07:10:23,960 [trainer.py] => projection_type: pure_mlp
2026-07-15 07:10:23,960 [trainer.py] => frozen_layers: visual
2026-07-15 07:10:23,960 [trainer.py] => tuned_epoch: 10
2026-07-15 07:10:23,960 [trainer.py] => init_lr: 0.05
2026-07-15 07:10:23,960 [trainer.py] => batch_size: 64
2026-07-15 07:10:23,960 [trainer.py] => weight_decay: 0.05
2026-07-15 07:10:23,960 [trainer.py] => min_lr: 0
2026-07-15 07:10:23,960 [trainer.py] => optimizer: sgd
2026-07-15 07:10:23,960 [trainer.py] => text_des: 2
2026-07-15 07:10:23,960 [trainer.py] => image_aug: 2
2026-07-15 07:10:23,960 [trainer.py] => rerank: 0.5
2026-07-15 07:10:23,960 [trainer.py] => stat: 0.95
2026-07-15 07:10:23,960 [trainer.py] => sample_num: 0
2026-07-15 07:10:23,960 [trainer.py] => sample_noise: 0.25
2026-07-15 07:10:23,960 [trainer.py] => rerank_top: 5
2026-07-15 07:10:24,058 [data_manager.py] => [115, 91, 15, 57, 123, 5, 193, 196, 88, 185, 191, 168, 90, 80, 106, 146, 188, 118, 44, 151, 24, 56, 42, 127, 113, 119, 197, 194, 99, 12, 65, 71, 131, 6, 46, 186, 126, 31, 117, 30, 110, 82, 102, 165, 11, 76, 53, 138, 199, 18, 163, 149, 84, 133, 170, 189, 52, 104, 45, 114, 41, 23, 160, 171, 172, 169, 177, 142, 94, 50, 128, 39, 59, 120, 107, 162, 124, 9, 74, 198, 62, 174, 166, 122, 141, 81, 10, 63, 176, 100, 136, 187, 129, 16, 72, 147, 54, 0, 98, 150, 92, 155, 4, 167, 125, 97, 153, 8, 83, 159, 85, 86, 13, 34, 173, 93, 180, 33, 21, 132, 190, 87, 121, 108, 103, 145, 37, 158, 69, 89, 2, 19, 67, 175, 51, 78, 43, 64, 66, 143, 61, 20, 144, 154, 183, 14, 140, 139, 75, 79, 22, 58, 101, 109, 32, 178, 73, 164, 55, 35, 49, 152, 137, 36, 3, 40, 70, 95, 105, 181, 157, 47, 192, 17, 60, 112, 68, 25, 38, 48, 161, 148, 111, 135, 96, 7, 27, 182, 130, 28, 179, 156, 116, 29, 195, 77, 184, 26, 134, 1]
2026-07-15 07:10:24,166 [factory.py] => Loaded ViT-B-16 model config.
2026-07-15 07:10:25,975 [factory.py] => Loading pretrained ViT-B-16 weights (/home/team/zhaohongwei/pretrained_models/open_clip_pytorch_model_laion400m_e32.bin).
2026-07-15 07:10:26,821 [factory.py] => Loaded ViT-B-16 model config.
2026-07-15 07:10:28,092 [factory.py] => Loading pretrained ViT-B-16 weights (/home/team/zhaohongwei/pretrained_models/open_clip_pytorch_model_laion400m_e32.bin).
2026-07-15 07:10:28,587 [engine.py] => Learning on 0-100
2026-07-15 08:21:05,810 [trainer.py] => CNN: {'total': 57.84, '00-09': 58.2, '10-19': 49.85, '20-29': 57.54, '30-39': 47.2, '40-49': 60.7, '50-59': 59.24, '60-69': 63.04, '70-79': 58.65, '80-89': 68.08, '90-99': 56.66, 'old': 0, 'new': 57.84, 'harmonic': 0.0}
2026-07-15 08:21:05,810 [trainer.py] => CNN top1 curve: [57.84]
2026-07-15 08:21:05,810 [trainer.py] => CNN top5 curve: [79.06]
2026-07-15 08:21:05,810 [trainer.py] => Average Accuracy (CNN top1): 57.84
2026-07-15 08:21:05,810 [engine.py] => Learning on 100-120
2026-07-15 08:55:37,423 [trainer.py] => CNN: {'total': 53.6, '00-09': 55.42, '10-19': 45.62, '20-29': 50.15, '30-39': 42.55, '40-49': 56.89, '50-59': 50.32, '60-69': 60.4, '70-79': 55.43, '80-89': 62.54, '90-99': 55.63, '100-109': 52.79, '110-119': 56.21, 'old': 53.41, 'new': 54.49, 'harmonic': 53.94}
2026-07-15 08:55:37,424 [trainer.py] => CNN top1 curve: [57.84, 53.6]
2026-07-15 08:55:37,424 [trainer.py] => CNN top5 curve: [79.06, 76.28]
2026-07-15 08:55:37,424 [trainer.py] => Average Accuracy (CNN top1): 55.72
2026-07-15 08:55:37,424 [engine.py] => Learning on 120-140
2026-07-15 09:34:59,640 [trainer.py] => CNN: {'total': 51.59, '00-09': 52.01, '10-19': 43.81, '20-29': 49.23, '30-39': 40.68, '40-49': 53.96, '50-59': 51.91, '60-69': 58.42, '70-79': 52.79, '80-89': 61.24, '90-99': 54.61, '100-109': 49.56, '110-119': 52.07, '120-129': 46.65, '130-139': 55.61, 'old': 51.59, 'new': 51.63, 'harmonic': 51.61}
2026-07-15 09:34:59,640 [trainer.py] => CNN top1 curve: [57.84, 53.6, 51.59]
2026-07-15 09:34:59,640 [trainer.py] => CNN top5 curve: [79.06, 76.28, 73.34]
2026-07-15 09:34:59,641 [trainer.py] => Average Accuracy (CNN top1): 54.343333333333334
2026-07-15 09:34:59,641 [engine.py] => Learning on 140-160
2026-07-15 10:18:39,095 [trainer.py] => CNN: {'total': 49.45, '00-09': 50.77, '10-19': 39.88, '20-29': 48.62, '30-39': 38.51, '40-49': 55.13, '50-59': 49.04, '60-69': 59.08, '70-79': 49.56, '80-89': 57.65, '90-99': 51.88, '100-109': 47.21, '110-119': 49.7, '120-129': 43.45, '130-139': 53.57, '140-149': 54.14, '150-159': 44.13, 'old': 49.56, 'new': 48.67, 'harmonic': 49.11}
2026-07-15 10:18:39,095 [trainer.py] => CNN top1 curve: [57.84, 53.6, 51.59, 49.45]
2026-07-15 10:18:39,095 [trainer.py] => CNN top5 curve: [79.06, 76.28, 73.34, 71.24]
2026-07-15 10:18:39,095 [trainer.py] => Average Accuracy (CNN top1): 53.120000000000005
2026-07-15 10:18:39,095 [engine.py] => Learning on 160-180
2026-07-15 11:06:57,490 [trainer.py] => CNN: {'total': 47.13, '00-09': 49.54, '10-19': 39.27, '20-29': 47.69, '30-39': 36.96, '40-49': 54.55, '50-59': 46.5, '60-69': 58.09, '70-79': 50.15, '80-89': 56.68, '90-99': 48.46, '100-109': 47.8, '110-119': 46.75, '120-129': 41.53, '130-139': 53.32, '140-149': 49.66, '150-159': 42.41, '160-169': 39.09, '170-179': 41.16, 'old': 48.08, 'new': 40.2, 'harmonic': 43.79}
2026-07-15 11:06:57,491 [trainer.py] => CNN top1 curve: [57.84, 53.6, 51.59, 49.45, 47.13]
2026-07-15 11:06:57,491 [trainer.py] => CNN top5 curve: [79.06, 76.28, 73.34, 71.24, 68.51]
2026-07-15 11:06:57,491 [trainer.py] => Average Accuracy (CNN top1): 51.922000000000004
2026-07-15 11:06:57,491 [engine.py] => Learning on 180-200
2026-07-15 11:57:47,646 [trainer.py] => CNN: {'total': 44.89, '00-09': 47.99, '10-19': 37.16, '20-29': 48.31, '30-39': 33.85, '40-49': 54.55, '50-59': 44.9, '60-69': 55.78, '70-79': 48.68, '80-89': 53.09, '90-99': 45.73, '100-109': 44.57, '110-119': 46.15, '120-129': 39.3, '130-139': 50.0, '140-149': 45.52, '150-159': 44.13, '160-169': 38.18, '170-179': 41.42, '180-189': 44.71, '190-199': 33.65, 'old': 45.5, 'new': 39.66, 'harmonic': 42.38}
2026-07-15 11:57:47,647 [trainer.py] => CNN top1 curve: [57.84, 53.6, 51.59, 49.45, 47.13, 44.89]
2026-07-15 11:57:47,647 [trainer.py] => CNN top5 curve: [79.06, 76.28, 73.34, 71.24, 68.51, 67.05]
2026-07-15 11:57:47,647 [trainer.py] => Average Accuracy (CNN top1): 50.75
