2026-06-19 22:05:19,127 [trainer.py] => config: ./configs/engine/engine_sun_B0_Inc30.json
2026-06-19 22:05:19,128 [trainer.py] => prefix: -
2026-06-19 22:05:19,128 [trainer.py] => dataset: sun
2026-06-19 22:05:19,128 [trainer.py] => shuffle: True
2026-06-19 22:05:19,128 [trainer.py] => init_cls: 30
2026-06-19 22:05:19,128 [trainer.py] => increment: 30
2026-06-19 22:05:19,128 [trainer.py] => model_name: engine
2026-06-19 22:05:19,128 [trainer.py] => backbone_type: clip
2026-06-19 22:05:19,128 [trainer.py] => device: [device(type='cuda', index=4)]
2026-06-19 22:05:19,128 [trainer.py] => seed: 2026
2026-06-19 22:05:19,128 [trainer.py] => projection_type: pure_mlp
2026-06-19 22:05:19,128 [trainer.py] => frozen_layers: visual
2026-06-19 22:05:19,128 [trainer.py] => tuned_epoch: 10
2026-06-19 22:05:19,128 [trainer.py] => init_lr: 0.05
2026-06-19 22:05:19,128 [trainer.py] => batch_size: 64
2026-06-19 22:05:19,128 [trainer.py] => weight_decay: 0.05
2026-06-19 22:05:19,128 [trainer.py] => min_lr: 0
2026-06-19 22:05:19,128 [trainer.py] => optimizer: sgd
2026-06-19 22:05:19,128 [trainer.py] => text_des: 2
2026-06-19 22:05:19,129 [trainer.py] => image_aug: 2
2026-06-19 22:05:19,129 [trainer.py] => rerank: 0.8
2026-06-19 22:05:19,129 [trainer.py] => stat: 0.8
2026-06-19 22:05:19,129 [trainer.py] => sample_num: 0
2026-06-19 22:05:19,129 [trainer.py] => sample_noise: 0.25
2026-06-19 22:05:19,129 [trainer.py] => rerank_top: 5
2026-06-19 22:05:19,440 [data_manager.py] => [224, 200, 247, 134, 144, 294, 287, 225, 131, 191, 158, 138, 7, 23, 40, 155, 269, 178, 126, 44, 181, 266, 179, 275, 193, 114, 6, 235, 42, 109, 286, 230, 121, 210, 208, 102, 24, 256, 5, 254, 115, 168, 61, 184, 211, 18, 272, 227, 292, 296, 239, 107, 299, 283, 189, 202, 262, 105, 174, 206, 281, 150, 87, 265, 192, 271, 125, 74, 62, 56, 252, 197, 88, 180, 204, 46, 293, 298, 258, 146, 53, 80, 71, 37, 12, 219, 119, 4, 267, 90, 273, 65, 236, 1, 170, 100, 91, 213, 242, 209, 128, 261, 26, 50, 248, 140, 270, 185, 291, 156, 240, 199, 183, 186, 175, 81, 228, 177, 76, 52, 277, 54, 34, 94, 278, 110, 218, 99, 149, 220, 133, 234, 39, 154, 15, 233, 253, 289, 172, 187, 169, 143, 31, 198, 84, 157, 86, 173, 104, 9, 203, 147, 190, 223, 120, 30, 36, 196, 11, 288, 297, 285, 118, 129, 57, 82, 141, 241, 280, 45, 41, 151, 279, 166, 153, 217, 106, 93, 276, 123, 237, 167, 59, 48, 136, 246, 274, 244, 117, 60, 70, 229, 122, 20, 10, 63, 68, 231, 238, 171, 16, 72, 127, 232, 32, 124, 182, 0, 98, 264, 92, 38, 132, 95, 260, 97, 35, 8, 83, 163, 85, 113, 214, 13, 162, 145, 221, 33, 21, 195, 176, 215, 108, 103, 268, 165, 55, 69, 89, 2, 19, 67, 188, 284, 51, 243, 160, 222, 78, 255, 43, 142, 64, 207, 66, 161, 212, 164, 194, 14, 251, 139, 75, 79, 22, 58, 101, 73, 259, 159, 216, 226, 49, 152, 137, 3, 245, 290, 148, 47, 295, 201, 250, 17, 112, 25, 111, 135, 96, 263, 249, 27, 205, 130, 28, 116, 29, 77, 282, 257]
2026-06-19 22:05:19,867 [factory.py] => Loaded ViT-B-16 model config.
2026-06-19 22:05:21,795 [factory.py] => Loading pretrained ViT-B-16 weights (/home/team/zhaohongwei/pretrained_models/open_clip_pytorch_model_laion400m_e32.bin).
2026-06-19 22:05:22,551 [factory.py] => Loaded ViT-B-16 model config.
2026-06-19 22:05:23,970 [factory.py] => Loading pretrained ViT-B-16 weights (/home/team/zhaohongwei/pretrained_models/open_clip_pytorch_model_laion400m_e32.bin).
2026-06-19 22:05:25,306 [engine.py] => Learning on 0-30
2026-06-19 22:23:50,093 [trainer.py] => CNN: {'total': 97.62, '00-09': 96.72, '10-19': 97.6, '20-29': 98.56, 'old': 0, 'new': 97.62, 'harmonic': 0.0}
2026-06-19 22:23:50,093 [trainer.py] => CNN top1 curve: [97.62]
2026-06-19 22:23:50,093 [trainer.py] => CNN top5 curve: [99.89]
2026-06-19 22:23:50,093 [trainer.py] => Average Accuracy (CNN top1): 97.62
2026-06-19 22:23:50,094 [engine.py] => Learning on 30-60
2026-06-19 22:46:47,503 [trainer.py] => CNN: {'total': 92.65, '00-09': 92.34, '10-19': 95.73, '20-29': 95.13, '30-39': 94.24, '40-49': 87.42, '50-59': 88.56, 'old': 94.55, 'new': 90.67, 'harmonic': 92.57}
2026-06-19 22:46:47,504 [trainer.py] => CNN top1 curve: [97.62, 92.65]
2026-06-19 22:46:47,504 [trainer.py] => CNN top5 curve: [99.89, 99.64]
2026-06-19 22:46:47,504 [trainer.py] => Average Accuracy (CNN top1): 95.135
2026-06-19 22:46:47,504 [engine.py] => Learning on 60-90
2026-06-19 23:20:57,791 [trainer.py] => CNN: {'total': 89.92, '00-09': 91.79, '10-19': 94.53, '20-29': 91.88, '30-39': 92.49, '40-49': 84.04, '50-59': 82.67, '60-69': 89.44, '70-79': 90.88, '80-89': 87.55, 'old': 90.11, 'new': 89.59, 'harmonic': 89.85}
2026-06-19 23:20:57,792 [trainer.py] => CNN top1 curve: [97.62, 92.65, 89.92]
2026-06-19 23:20:57,792 [trainer.py] => CNN top5 curve: [99.89, 99.64, 99.05]
2026-06-19 23:20:57,792 [trainer.py] => Average Accuracy (CNN top1): 93.39666666666666
2026-06-19 23:20:57,792 [engine.py] => Learning on 90-120
2026-06-19 23:56:43,205 [trainer.py] => CNN: {'total': 87.35, '00-09': 91.61, '10-19': 92.67, '20-29': 89.35, '30-39': 91.96, '40-49': 80.45, '50-59': 78.34, '60-69': 88.59, '70-79': 82.08, '80-89': 84.15, '90-99': 87.06, '100-109': 92.78, '110-119': 87.84, 'old': 86.81, 'new': 89.1, 'harmonic': 87.94}
2026-06-19 23:56:43,205 [trainer.py] => CNN top1 curve: [97.62, 92.65, 89.92, 87.35]
2026-06-19 23:56:43,205 [trainer.py] => CNN top5 curve: [99.89, 99.64, 99.05, 98.65]
2026-06-19 23:56:43,205 [trainer.py] => Average Accuracy (CNN top1): 91.88499999999999
2026-06-19 23:56:43,205 [engine.py] => Learning on 120-150
2026-06-20 00:34:42,331 [trainer.py] => CNN: {'total': 85.6, '00-09': 87.23, '10-19': 89.73, '20-29': 87.36, '30-39': 90.75, '40-49': 79.55, '50-59': 76.6, '60-69': 84.79, '70-79': 80.9, '80-89': 83.58, '90-99': 86.08, '100-109': 91.7, '110-119': 85.9, '120-129': 89.51, '130-139': 82.19, '140-149': 82.91, 'old': 85.44, 'new': 86.41, 'harmonic': 85.92}
2026-06-20 00:34:42,332 [trainer.py] => CNN top1 curve: [97.62, 92.65, 89.92, 87.35, 85.6]
2026-06-20 00:34:42,332 [trainer.py] => CNN top5 curve: [99.89, 99.64, 99.05, 98.65, 98.35]
2026-06-20 00:34:42,332 [trainer.py] => Average Accuracy (CNN top1): 90.628
2026-06-20 00:34:42,332 [engine.py] => Learning on 150-180
2026-06-20 01:18:19,883 [trainer.py] => CNN: {'total': 84.36, '00-09': 85.95, '10-19': 85.73, '20-29': 86.1, '30-39': 89.81, '40-49': 77.53, '50-59': 76.78, '60-69': 83.52, '70-79': 78.86, '80-89': 81.32, '90-99': 85.28, '100-109': 90.79, '110-119': 84.12, '120-129': 87.72, '130-139': 81.51, '140-149': 81.12, '150-159': 86.32, '160-169': 84.82, '170-179': 89.07, 'old': 84.02, 'new': 86.38, 'harmonic': 85.18}
2026-06-20 01:18:19,883 [trainer.py] => CNN top1 curve: [97.62, 92.65, 89.92, 87.35, 85.6, 84.36]
2026-06-20 01:18:19,884 [trainer.py] => CNN top5 curve: [99.89, 99.64, 99.05, 98.65, 98.35, 97.98]
2026-06-20 01:18:19,884 [trainer.py] => Average Accuracy (CNN top1): 89.58333333333333
2026-06-20 01:18:19,884 [engine.py] => Learning on 180-210
2026-06-20 02:10:14,499 [trainer.py] => CNN: {'total': 82.84, '00-09': 84.49, '10-19': 85.07, '20-29': 81.95, '30-39': 89.41, '40-49': 75.28, '50-59': 75.39, '60-69': 79.58, '70-79': 77.15, '80-89': 79.25, '90-99': 84.63, '100-109': 89.89, '110-119': 83.79, '120-129': 86.29, '130-139': 81.85, '140-149': 78.32, '150-159': 81.25, '160-169': 84.16, '170-179': 87.16, '180-189': 83.36, '190-199': 88.54, '200-209': 80.94, 'old': 82.62, 'new': 84.31, 'harmonic': 83.46}
2026-06-20 02:10:14,499 [trainer.py] => CNN top1 curve: [97.62, 92.65, 89.92, 87.35, 85.6, 84.36, 82.84]
2026-06-20 02:10:14,499 [trainer.py] => CNN top5 curve: [99.89, 99.64, 99.05, 98.65, 98.35, 97.98, 97.62]
2026-06-20 02:10:14,499 [trainer.py] => Average Accuracy (CNN top1): 88.62
2026-06-20 02:10:14,499 [engine.py] => Learning on 210-240
2026-06-20 03:09:30,897 [trainer.py] => CNN: {'total': 81.49, '00-09': 83.58, '10-19': 83.6, '20-29': 81.23, '30-39': 88.87, '40-49': 72.81, '50-59': 74.18, '60-69': 78.31, '70-79': 75.54, '80-89': 77.55, '90-99': 83.66, '100-109': 88.63, '110-119': 84.12, '120-129': 85.34, '130-139': 79.79, '140-149': 76.53, '150-159': 80.74, '160-169': 83.66, '170-179': 86.34, '180-189': 82.89, '190-199': 86.8, '200-209': 79.87, '210-219': 81.8, '220-229': 78.99, '230-239': 78.74, 'old': 81.76, 'new': 79.72, 'harmonic': 80.73}
2026-06-20 03:09:30,898 [trainer.py] => CNN top1 curve: [97.62, 92.65, 89.92, 87.35, 85.6, 84.36, 82.84, 81.49]
2026-06-20 03:09:30,898 [trainer.py] => CNN top5 curve: [99.89, 99.64, 99.05, 98.65, 98.35, 97.98, 97.62, 97.12]
2026-06-20 03:09:30,898 [trainer.py] => Average Accuracy (CNN top1): 87.72875
2026-06-20 03:09:30,898 [engine.py] => Learning on 240-270
2026-06-20 04:22:41,219 [trainer.py] => CNN: {'total': 80.04, '00-09': 78.1, '10-19': 83.87, '20-29': 79.42, '30-39': 87.8, '40-49': 70.56, '50-59': 72.96, '60-69': 77.18, '70-79': 75.11, '80-89': 76.98, '90-99': 80.1, '100-109': 87.18, '110-119': 82.33, '120-129': 84.86, '130-139': 80.14, '140-149': 75.77, '150-159': 76.52, '160-169': 83.99, '170-179': 85.52, '180-189': 81.79, '190-199': 85.44, '200-209': 76.87, '210-219': 81.8, '220-229': 78.1, '230-239': 75.85, '240-249': 77.04, '250-259': 83.97, '260-269': 76.36, 'old': 80.04, 'new': 80.07, 'harmonic': 80.05}
2026-06-20 04:22:41,219 [trainer.py] => CNN top1 curve: [97.62, 92.65, 89.92, 87.35, 85.6, 84.36, 82.84, 81.49, 80.04]
2026-06-20 04:22:41,219 [trainer.py] => CNN top5 curve: [99.89, 99.64, 99.05, 98.65, 98.35, 97.98, 97.62, 97.12, 96.97]
2026-06-20 04:22:41,219 [trainer.py] => Average Accuracy (CNN top1): 86.87444444444445
2026-06-20 04:22:41,219 [engine.py] => Learning on 270-300
2026-06-20 05:31:23,819 [trainer.py] => CNN: {'total': 78.43, '00-09': 77.74, '10-19': 82.8, '20-29': 75.09, '30-39': 87.94, '40-49': 68.54, '50-59': 72.79, '60-69': 76.9, '70-79': 74.36, '80-89': 75.47, '90-99': 76.38, '100-109': 85.92, '110-119': 81.52, '120-129': 83.08, '130-139': 79.79, '140-149': 74.49, '150-159': 73.14, '160-169': 80.2, '170-179': 84.97, '180-189': 80.69, '190-199': 83.88, '200-209': 73.23, '210-219': 82.16, '220-229': 77.2, '230-239': 75.46, '240-249': 76.62, '250-259': 83.28, '260-269': 72.97, '270-279': 69.5, '280-289': 80.81, '290-299': 77.69, 'old': 78.61, 'new': 76.41, 'harmonic': 77.49}
2026-06-20 05:31:23,819 [trainer.py] => CNN top1 curve: [97.62, 92.65, 89.92, 87.35, 85.6, 84.36, 82.84, 81.49, 80.04, 78.43]
2026-06-20 05:31:23,819 [trainer.py] => CNN top5 curve: [99.89, 99.64, 99.05, 98.65, 98.35, 97.98, 97.62, 97.12, 96.97, 96.63]
2026-06-20 05:31:23,819 [trainer.py] => Average Accuracy (CNN top1): 86.03
