2026-06-18 21:30:15,607 [trainer.py] => config: ./configs/engine/engine_ucf_B50_Inc10.json
2026-06-18 21:30:15,608 [trainer.py] => prefix: -
2026-06-18 21:30:15,608 [trainer.py] => dataset: ucf101
2026-06-18 21:30:15,608 [trainer.py] => shuffle: True
2026-06-18 21:30:15,608 [trainer.py] => init_cls: 50
2026-06-18 21:30:15,608 [trainer.py] => increment: 10
2026-06-18 21:30:15,608 [trainer.py] => model_name: engine
2026-06-18 21:30:15,608 [trainer.py] => backbone_type: clip
2026-06-18 21:30:15,608 [trainer.py] => device: [device(type='cuda', index=4)]
2026-06-18 21:30:15,608 [trainer.py] => seed: 42
2026-06-18 21:30:15,608 [trainer.py] => projection_type: pure_mlp
2026-06-18 21:30:15,608 [trainer.py] => frozen_layers: visual
2026-06-18 21:30:15,608 [trainer.py] => tuned_epoch: 10
2026-06-18 21:30:15,608 [trainer.py] => init_lr: 0.05
2026-06-18 21:30:15,608 [trainer.py] => batch_size: 64
2026-06-18 21:30:15,608 [trainer.py] => weight_decay: 0.05
2026-06-18 21:30:15,608 [trainer.py] => min_lr: 0
2026-06-18 21:30:15,608 [trainer.py] => optimizer: sgd
2026-06-18 21:30:15,608 [trainer.py] => text_des: 2
2026-06-18 21:30:15,608 [trainer.py] => image_aug: 2
2026-06-18 21:30:15,608 [trainer.py] => rerank: 0.8
2026-06-18 21:30:15,608 [trainer.py] => stat: 0.8
2026-06-18 21:30:15,609 [trainer.py] => sample_num: 0
2026-06-18 21:30:15,609 [trainer.py] => sample_noise: 0.25
2026-06-18 21:30:15,609 [trainer.py] => rerank_top: 5
2026-06-18 21:30:15,670 [data_manager.py] => [83, 53, 70, 45, 44, 39, 22, 80, 10, 0, 18, 30, 73, 33, 90, 4, 76, 77, 12, 31, 55, 88, 26, 42, 69, 15, 40, 96, 9, 72, 11, 47, 85, 28, 93, 5, 66, 65, 35, 16, 49, 34, 7, 95, 27, 19, 81, 25, 62, 13, 24, 3, 17, 38, 8, 78, 6, 64, 36, 89, 56, 99, 54, 43, 50, 67, 46, 68, 61, 97, 79, 41, 58, 48, 98, 57, 75, 32, 94, 59, 63, 84, 37, 29, 1, 52, 21, 2, 23, 87, 91, 74, 86, 82, 20, 60, 71, 14, 92, 51]
2026-06-18 21:30:15,704 [factory.py] => Loaded ViT-B-16 model config.
2026-06-18 21:30:17,577 [factory.py] => Loading pretrained ViT-B-16 weights (/home/team/zhaohongwei/pretrained_models/open_clip_pytorch_model_laion400m_e32.bin).
2026-06-18 21:30:18,672 [factory.py] => Loaded ViT-B-16 model config.
2026-06-18 21:30:20,465 [factory.py] => Loading pretrained ViT-B-16 weights (/home/team/zhaohongwei/pretrained_models/open_clip_pytorch_model_laion400m_e32.bin).
2026-06-18 21:30:22,061 [engine.py] => Learning on 0-50
2026-06-18 21:43:28,980 [trainer.py] => CNN: {'total': 96.09, '00-09': 94.28, '10-19': 94.72, '20-29': 97.7, '30-39': 96.31, '40-49': 97.64, 'old': 0, 'new': 96.09, 'harmonic': 0.0}
2026-06-18 21:43:28,980 [trainer.py] => CNN top1 curve: [96.09]
2026-06-18 21:43:28,981 [trainer.py] => CNN top5 curve: [99.77]
2026-06-18 21:43:28,981 [trainer.py] => Average Accuracy (CNN top1): 96.09
2026-06-18 21:43:28,981 [engine.py] => Learning on 50-60
2026-06-18 21:50:19,964 [trainer.py] => CNN: {'total': 95.04, '00-09': 93.6, '10-19': 92.68, '20-29': 95.02, '30-39': 94.1, '40-49': 97.64, '50-59': 97.17, 'old': 94.58, 'new': 97.17, 'harmonic': 95.86}
2026-06-18 21:50:19,964 [trainer.py] => CNN top1 curve: [96.09, 95.04]
2026-06-18 21:50:19,964 [trainer.py] => CNN top5 curve: [99.77, 99.75]
2026-06-18 21:50:19,964 [trainer.py] => Average Accuracy (CNN top1): 95.565
2026-06-18 21:50:19,964 [engine.py] => Learning on 60-70
2026-06-18 21:57:30,221 [trainer.py] => CNN: {'total': 93.3, '00-09': 90.91, '10-19': 91.06, '20-29': 93.49, '30-39': 91.14, '40-49': 97.24, '50-59': 95.76, '60-69': 93.66, 'old': 93.24, 'new': 93.66, 'harmonic': 93.45}
2026-06-18 21:57:30,221 [trainer.py] => CNN top1 curve: [96.09, 95.04, 93.3]
2026-06-18 21:57:30,221 [trainer.py] => CNN top5 curve: [99.77, 99.75, 99.52]
2026-06-18 21:57:30,222 [trainer.py] => Average Accuracy (CNN top1): 94.81
2026-06-18 21:57:30,222 [engine.py] => Learning on 70-80
2026-06-18 22:05:48,755 [trainer.py] => CNN: {'total': 92.2, '00-09': 90.57, '10-19': 90.65, '20-29': 91.19, '30-39': 88.19, '40-49': 96.85, '50-59': 94.7, '60-69': 91.04, '70-79': 94.53, 'old': 91.86, 'new': 94.53, 'harmonic': 93.18}
2026-06-18 22:05:48,756 [trainer.py] => CNN top1 curve: [96.09, 95.04, 93.3, 92.2]
2026-06-18 22:05:48,756 [trainer.py] => CNN top5 curve: [99.77, 99.75, 99.52, 99.35]
2026-06-18 22:05:48,756 [trainer.py] => Average Accuracy (CNN top1): 94.1575
2026-06-18 22:05:48,756 [engine.py] => Learning on 80-90
2026-06-18 22:14:30,461 [trainer.py] => CNN: {'total': 91.32, '00-09': 87.21, '10-19': 89.02, '20-29': 92.72, '30-39': 88.19, '40-49': 95.28, '50-59': 94.35, '60-69': 89.93, '70-79': 94.89, '80-89': 90.59, 'old': 91.41, 'new': 90.59, 'harmonic': 91.0}
2026-06-18 22:14:30,462 [trainer.py] => CNN top1 curve: [96.09, 95.04, 93.3, 92.2, 91.32]
2026-06-18 22:14:30,462 [trainer.py] => CNN top5 curve: [99.77, 99.75, 99.52, 99.35, 99.34]
2026-06-18 22:14:30,462 [trainer.py] => Average Accuracy (CNN top1): 93.59
2026-06-18 22:14:30,462 [engine.py] => Learning on 90-100
2026-06-18 22:23:57,958 [trainer.py] => CNN: {'total': 89.73, '00-09': 86.53, '10-19': 89.02, '20-29': 90.8, '30-39': 87.45, '40-49': 94.49, '50-59': 93.64, '60-69': 86.57, '70-79': 93.8, '80-89': 89.41, '90-99': 85.22, 'old': 90.16, 'new': 85.22, 'harmonic': 87.62}
2026-06-18 22:23:57,958 [trainer.py] => CNN top1 curve: [96.09, 95.04, 93.3, 92.2, 91.32, 89.73]
2026-06-18 22:23:57,958 [trainer.py] => CNN top5 curve: [99.77, 99.75, 99.52, 99.35, 99.34, 99.05]
2026-06-18 22:23:57,959 [trainer.py] => Average Accuracy (CNN top1): 92.94666666666666
