2026-06-18 22:23:58,004 [trainer.py] => config: ./configs/engine/engine_ucf_B50_Inc10.json
2026-06-18 22:23:58,004 [trainer.py] => prefix: -
2026-06-18 22:23:58,004 [trainer.py] => dataset: ucf101
2026-06-18 22:23:58,004 [trainer.py] => shuffle: True
2026-06-18 22:23:58,004 [trainer.py] => init_cls: 50
2026-06-18 22:23:58,004 [trainer.py] => increment: 10
2026-06-18 22:23:58,004 [trainer.py] => model_name: engine
2026-06-18 22:23:58,004 [trainer.py] => backbone_type: clip
2026-06-18 22:23:58,004 [trainer.py] => device: [device(type='cuda', index=4)]
2026-06-18 22:23:58,004 [trainer.py] => seed: 1993
2026-06-18 22:23:58,004 [trainer.py] => projection_type: pure_mlp
2026-06-18 22:23:58,004 [trainer.py] => frozen_layers: visual
2026-06-18 22:23:58,004 [trainer.py] => tuned_epoch: 10
2026-06-18 22:23:58,004 [trainer.py] => init_lr: 0.05
2026-06-18 22:23:58,004 [trainer.py] => batch_size: 64
2026-06-18 22:23:58,004 [trainer.py] => weight_decay: 0.05
2026-06-18 22:23:58,004 [trainer.py] => min_lr: 0
2026-06-18 22:23:58,004 [trainer.py] => optimizer: sgd
2026-06-18 22:23:58,004 [trainer.py] => text_des: 2
2026-06-18 22:23:58,004 [trainer.py] => image_aug: 2
2026-06-18 22:23:58,004 [trainer.py] => rerank: 0.8
2026-06-18 22:23:58,004 [trainer.py] => stat: 0.8
2026-06-18 22:23:58,004 [trainer.py] => sample_num: 0
2026-06-18 22:23:58,005 [trainer.py] => sample_noise: 0.25
2026-06-18 22:23:58,005 [trainer.py] => rerank_top: 5
2026-06-18 22:23:58,047 [data_manager.py] => [68, 56, 78, 8, 23, 84, 90, 65, 74, 76, 40, 89, 3, 92, 55, 9, 26, 80, 43, 38, 58, 70, 77, 1, 85, 19, 17, 50, 28, 53, 13, 81, 45, 82, 6, 59, 83, 16, 15, 44, 91, 41, 72, 60, 79, 52, 20, 10, 31, 54, 37, 95, 14, 71, 96, 98, 97, 2, 64, 66, 42, 22, 35, 86, 24, 34, 87, 21, 99, 0, 88, 27, 18, 94, 11, 12, 47, 25, 30, 46, 62, 69, 36, 61, 7, 63, 75, 5, 32, 4, 51, 48, 73, 93, 39, 67, 29, 49, 57, 33]
2026-06-18 22:23:58,074 [factory.py] => Loaded ViT-B-16 model config.
2026-06-18 22:23:59,745 [factory.py] => Loading pretrained ViT-B-16 weights (/home/team/zhaohongwei/pretrained_models/open_clip_pytorch_model_laion400m_e32.bin).
2026-06-18 22:24:00,766 [factory.py] => Loaded ViT-B-16 model config.
2026-06-18 22:24:02,388 [factory.py] => Loading pretrained ViT-B-16 weights (/home/team/zhaohongwei/pretrained_models/open_clip_pytorch_model_laion400m_e32.bin).
2026-06-18 22:24:03,880 [engine.py] => Learning on 0-50
2026-06-18 22:37:45,846 [trainer.py] => CNN: {'total': 96.64, '00-09': 95.65, '10-19': 98.08, '20-29': 95.64, '30-39': 96.39, '40-49': 97.45, 'old': 0, 'new': 96.64, 'harmonic': 0.0}
2026-06-18 22:37:45,847 [trainer.py] => CNN top1 curve: [96.64]
2026-06-18 22:37:45,847 [trainer.py] => CNN top5 curve: [99.92]
2026-06-18 22:37:45,847 [trainer.py] => Average Accuracy (CNN top1): 96.64
2026-06-18 22:37:45,847 [engine.py] => Learning on 50-60
2026-06-18 22:43:57,015 [trainer.py] => CNN: {'total': 93.94, '00-09': 90.51, '10-19': 96.54, '20-29': 91.27, '30-39': 93.17, '40-49': 95.62, '50-59': 96.68, 'old': 93.44, 'new': 96.68, 'harmonic': 95.03}
2026-06-18 22:43:57,015 [trainer.py] => CNN top1 curve: [96.64, 93.94]
2026-06-18 22:43:57,015 [trainer.py] => CNN top5 curve: [99.92, 99.61]
2026-06-18 22:43:57,016 [trainer.py] => Average Accuracy (CNN top1): 95.28999999999999
2026-06-18 22:43:57,016 [engine.py] => Learning on 60-70
2026-06-18 22:51:24,543 [trainer.py] => CNN: {'total': 92.17, '00-09': 86.56, '10-19': 93.08, '20-29': 89.45, '30-39': 92.77, '40-49': 95.26, '50-59': 94.61, '60-69': 93.43, 'old': 91.95, 'new': 93.43, 'harmonic': 92.68}
2026-06-18 22:51:24,544 [trainer.py] => CNN top1 curve: [96.64, 93.94, 92.17]
2026-06-18 22:51:24,544 [trainer.py] => CNN top5 curve: [99.92, 99.61, 99.56]
2026-06-18 22:51:24,544 [trainer.py] => Average Accuracy (CNN top1): 94.25
2026-06-18 22:51:24,544 [engine.py] => Learning on 70-80
2026-06-18 22:59:05,401 [trainer.py] => CNN: {'total': 91.47, '00-09': 87.75, '10-19': 93.08, '20-29': 88.0, '30-39': 91.97, '40-49': 94.53, '50-59': 91.7, '60-69': 91.61, '70-79': 93.08, 'old': 91.24, 'new': 93.08, 'harmonic': 92.15}
2026-06-18 22:59:05,401 [trainer.py] => CNN top1 curve: [96.64, 93.94, 92.17, 91.47]
2026-06-18 22:59:05,402 [trainer.py] => CNN top5 curve: [99.92, 99.61, 99.56, 99.47]
2026-06-18 22:59:05,402 [trainer.py] => Average Accuracy (CNN top1): 93.555
2026-06-18 22:59:05,402 [engine.py] => Learning on 80-90
2026-06-18 23:07:57,479 [trainer.py] => CNN: {'total': 91.18, '00-09': 85.77, '10-19': 91.92, '20-29': 88.36, '30-39': 92.37, '40-49': 94.53, '50-59': 89.21, '60-69': 90.51, '70-79': 93.08, '80-89': 94.26, 'old': 90.75, 'new': 94.26, 'harmonic': 92.47}
2026-06-18 23:07:57,479 [trainer.py] => CNN top1 curve: [96.64, 93.94, 92.17, 91.47, 91.18]
2026-06-18 23:07:57,479 [trainer.py] => CNN top5 curve: [99.92, 99.61, 99.56, 99.47, 99.29]
2026-06-18 23:07:57,479 [trainer.py] => Average Accuracy (CNN top1): 93.08000000000001
2026-06-18 23:07:57,480 [engine.py] => Learning on 90-100
2026-06-18 23:17:15,353 [trainer.py] => CNN: {'total': 89.54, '00-09': 84.98, '10-19': 91.54, '20-29': 86.18, '30-39': 90.76, '40-49': 94.16, '50-59': 88.8, '60-69': 89.78, '70-79': 90.77, '80-89': 92.91, '90-99': 84.82, 'old': 90.05, 'new': 84.82, 'harmonic': 87.36}
2026-06-18 23:17:15,354 [trainer.py] => CNN top1 curve: [96.64, 93.94, 92.17, 91.47, 91.18, 89.54]
2026-06-18 23:17:15,354 [trainer.py] => CNN top5 curve: [99.92, 99.61, 99.56, 99.47, 99.29, 98.9]
2026-06-18 23:17:15,354 [trainer.py] => Average Accuracy (CNN top1): 92.49000000000001
