2026-06-15 17:48:53,980 [trainer.py] => config: ./configs/simplecil/simplecil_aircraft_B50_Inc10.json
2026-06-15 17:48:53,980 [trainer.py] => prefix: -
2026-06-15 17:48:53,980 [trainer.py] => dataset: aircraft
2026-06-15 17:48:53,980 [trainer.py] => memory_size: 0
2026-06-15 17:48:53,980 [trainer.py] => memory_per_class: 0
2026-06-15 17:48:53,980 [trainer.py] => fixed_memory: False
2026-06-15 17:48:53,980 [trainer.py] => shuffle: True
2026-06-15 17:48:53,980 [trainer.py] => init_cls: 50
2026-06-15 17:48:53,980 [trainer.py] => increment: 10
2026-06-15 17:48:53,980 [trainer.py] => model_name: simplecil
2026-06-15 17:48:53,980 [trainer.py] => backbone_type: clip
2026-06-15 17:48:53,981 [trainer.py] => device: [device(type='cuda', index=5)]
2026-06-15 17:48:53,981 [trainer.py] => seed: 1993
2026-06-15 17:48:53,981 [trainer.py] => total_class_num: 100
2026-06-15 17:48:54,012 [data_manager.py] => [68, 56, 78, 8, 23, 84, 90, 65, 74, 76, 40, 89, 3, 92, 55, 9, 26, 80, 43, 38, 58, 70, 77, 1, 85, 19, 17, 50, 28, 53, 13, 81, 45, 82, 6, 59, 83, 16, 15, 44, 91, 41, 72, 60, 79, 52, 20, 10, 31, 54, 37, 95, 14, 71, 96, 98, 97, 2, 64, 66, 42, 22, 35, 86, 24, 34, 87, 21, 99, 0, 88, 27, 18, 94, 11, 12, 47, 25, 30, 46, 62, 69, 36, 61, 7, 63, 75, 5, 32, 4, 51, 48, 73, 93, 39, 67, 29, 49, 57, 33]
2026-06-15 17:48:54,030 [factory.py] => Loaded ViT-B-16 model config.
2026-06-15 17:48:55,443 [factory.py] => Loading pretrained ViT-B-16 weights (/home/team/zhaohongwei/pretrained_models/open_clip_pytorch_model_laion400m_e32.bin).
2026-06-15 17:48:56,008 [factory.py] => Loaded ViT-B-16 model config.
2026-06-15 17:48:57,359 [factory.py] => Loading pretrained ViT-B-16 weights (/home/team/zhaohongwei/pretrained_models/open_clip_pytorch_model_laion400m_e32.bin).
2026-06-15 17:48:57,987 [simplecil.py] => Learning on 0-50
2026-06-15 17:49:14,083 [trainer.py] => CNN: {'total': 58.96, '00-09': 58.63, '10-19': 59.28, '20-29': 55.09, '30-39': 60.96, '40-49': 60.84, 'old': 0, 'new': 58.96, 'harmonic': 0.0}
2026-06-15 17:49:14,083 [trainer.py] => CNN top1 curve: [58.96]
2026-06-15 17:49:14,083 [trainer.py] => CNN top5 curve: [88.44]
2026-06-15 17:49:14,083 [trainer.py] => Average Accuracy (CNN top1): 58.96
2026-06-15 17:49:14,084 [simplecil.py] => Learning on 50-60
2026-06-15 17:49:23,722 [trainer.py] => CNN: {'total': 57.93, '00-09': 54.76, '10-19': 57.49, '20-29': 53.59, '30-39': 59.46, '40-49': 59.64, '50-59': 62.69, 'old': 56.98, 'new': 62.69, 'harmonic': 59.7}
2026-06-15 17:49:23,722 [trainer.py] => CNN top1 curve: [58.96, 57.93]
2026-06-15 17:49:23,723 [trainer.py] => CNN top5 curve: [88.44, 86.08]
2026-06-15 17:49:23,723 [trainer.py] => Average Accuracy (CNN top1): 58.445
2026-06-15 17:49:23,726 [simplecil.py] => Learning on 60-70
2026-06-15 17:49:34,273 [trainer.py] => CNN: {'total': 53.6, '00-09': 53.27, '10-19': 51.8, '20-29': 51.8, '30-39': 59.16, '40-49': 58.73, '50-59': 61.49, '60-69': 38.86, 'old': 56.04, 'new': 38.86, 'harmonic': 45.89}
2026-06-15 17:49:34,274 [trainer.py] => CNN top1 curve: [58.96, 57.93, 53.6]
2026-06-15 17:49:34,274 [trainer.py] => CNN top5 curve: [88.44, 86.08, 83.13]
2026-06-15 17:49:34,274 [trainer.py] => Average Accuracy (CNN top1): 56.830000000000005
2026-06-15 17:49:34,277 [simplecil.py] => Learning on 70-80
2026-06-15 17:49:45,965 [trainer.py] => CNN: {'total': 50.45, '00-09': 52.38, '10-19': 50.0, '20-29': 48.5, '30-39': 55.56, '40-49': 57.23, '50-59': 61.19, '60-69': 36.75, '70-79': 41.87, 'old': 51.67, 'new': 41.87, 'harmonic': 46.26}
2026-06-15 17:49:45,965 [trainer.py] => CNN top1 curve: [58.96, 57.93, 53.6, 50.45]
2026-06-15 17:49:45,965 [trainer.py] => CNN top5 curve: [88.44, 86.08, 83.13, 79.61]
2026-06-15 17:49:45,965 [trainer.py] => Average Accuracy (CNN top1): 55.235
2026-06-15 17:49:45,968 [simplecil.py] => Learning on 80-90
2026-06-15 17:49:58,429 [trainer.py] => CNN: {'total': 48.28, '00-09': 46.43, '10-19': 47.01, '20-29': 44.61, '30-39': 54.65, '40-49': 55.42, '50-59': 60.9, '60-69': 33.73, '70-79': 41.27, '80-89': 50.45, 'old': 48.01, 'new': 50.45, 'harmonic': 49.2}
2026-06-15 17:49:58,430 [trainer.py] => CNN top1 curve: [58.96, 57.93, 53.6, 50.45, 48.28]
2026-06-15 17:49:58,430 [trainer.py] => CNN top5 curve: [88.44, 86.08, 83.13, 79.61, 78.37]
2026-06-15 17:49:58,430 [trainer.py] => Average Accuracy (CNN top1): 53.84400000000001
2026-06-15 17:49:58,431 [simplecil.py] => Learning on 90-100
2026-06-15 17:50:11,821 [trainer.py] => CNN: {'total': 47.94, '00-09': 45.83, '10-19': 45.21, '20-29': 41.62, '30-39': 52.85, '40-49': 53.61, '50-59': 60.6, '60-69': 33.43, '70-79': 39.46, '80-89': 49.25, '90-99': 57.53, 'old': 46.88, 'new': 57.53, 'harmonic': 51.66}
2026-06-15 17:50:11,822 [trainer.py] => CNN top1 curve: [58.96, 57.93, 53.6, 50.45, 48.28, 47.94]
2026-06-15 17:50:11,822 [trainer.py] => CNN top5 curve: [88.44, 86.08, 83.13, 79.61, 78.37, 78.55]
2026-06-15 17:50:11,822 [trainer.py] => Average Accuracy (CNN top1): 52.86000000000001
