2026-06-15 17:50:11,843 [trainer.py] => config: ./configs/simplecil/simplecil_aircraft_B50_Inc10.json
2026-06-15 17:50:11,843 [trainer.py] => prefix: -
2026-06-15 17:50:11,843 [trainer.py] => dataset: aircraft
2026-06-15 17:50:11,843 [trainer.py] => memory_size: 0
2026-06-15 17:50:11,843 [trainer.py] => memory_per_class: 0
2026-06-15 17:50:11,843 [trainer.py] => fixed_memory: False
2026-06-15 17:50:11,843 [trainer.py] => shuffle: True
2026-06-15 17:50:11,844 [trainer.py] => init_cls: 50
2026-06-15 17:50:11,844 [trainer.py] => increment: 10
2026-06-15 17:50:11,844 [trainer.py] => model_name: simplecil
2026-06-15 17:50:11,844 [trainer.py] => backbone_type: clip
2026-06-15 17:50:11,844 [trainer.py] => device: [device(type='cuda', index=5)]
2026-06-15 17:50:11,844 [trainer.py] => seed: 2026
2026-06-15 17:50:11,844 [trainer.py] => total_class_num: 100
2026-06-15 17:50:11,875 [data_manager.py] => [98, 10, 4, 18, 88, 13, 8, 84, 79, 21, 85, 96, 53, 42, 52, 97, 74, 5, 58, 23, 90, 59, 16, 72, 75, 30, 43, 99, 44, 41, 0, 46, 61, 80, 65, 39, 70, 87, 89, 91, 82, 14, 12, 71, 50, 11, 15, 57, 22, 67, 45, 32, 78, 63, 66, 55, 31, 62, 35, 34, 19, 49, 24, 9, 37, 36, 3, 64, 40, 86, 81, 93, 47, 73, 17, 60, 68, 25, 38, 48, 33, 20, 83, 7, 27, 94, 54, 2, 92, 76, 69, 51, 28, 29, 95, 77, 56, 26, 6, 1]
2026-06-15 17:50:11,892 [factory.py] => Loaded ViT-B-16 model config.
2026-06-15 17:50:13,253 [factory.py] => Loading pretrained ViT-B-16 weights (/home/team/zhaohongwei/pretrained_models/open_clip_pytorch_model_laion400m_e32.bin).
2026-06-15 17:50:13,739 [factory.py] => Loaded ViT-B-16 model config.
2026-06-15 17:50:15,054 [factory.py] => Loading pretrained ViT-B-16 weights (/home/team/zhaohongwei/pretrained_models/open_clip_pytorch_model_laion400m_e32.bin).
2026-06-15 17:50:15,626 [simplecil.py] => Learning on 0-50
2026-06-15 17:50:31,987 [trainer.py] => CNN: {'total': 58.61, '00-09': 44.28, '10-19': 58.08, '20-29': 57.06, '30-39': 73.65, '40-49': 59.88, 'old': 0, 'new': 58.61, 'harmonic': 0.0}
2026-06-15 17:50:31,988 [trainer.py] => CNN top1 curve: [58.61]
2026-06-15 17:50:31,988 [trainer.py] => CNN top5 curve: [87.22]
2026-06-15 17:50:31,988 [trainer.py] => Average Accuracy (CNN top1): 58.61
2026-06-15 17:50:31,990 [simplecil.py] => Learning on 50-60
2026-06-15 17:50:41,858 [trainer.py] => CNN: {'total': 56.15, '00-09': 43.37, '10-19': 57.49, '20-29': 55.86, '30-39': 64.67, '40-49': 58.98, '50-59': 56.46, 'old': 56.09, 'new': 56.46, 'harmonic': 56.27}
2026-06-15 17:50:41,859 [trainer.py] => CNN top1 curve: [58.61, 56.15]
2026-06-15 17:50:41,859 [trainer.py] => CNN top5 curve: [87.22, 85.05]
2026-06-15 17:50:41,859 [trainer.py] => Average Accuracy (CNN top1): 57.379999999999995
2026-06-15 17:50:41,861 [simplecil.py] => Learning on 60-70
2026-06-15 17:50:52,418 [trainer.py] => CNN: {'total': 52.98, '00-09': 39.16, '10-19': 54.49, '20-29': 54.05, '30-39': 61.98, '40-49': 54.79, '50-59': 54.65, '60-69': 51.66, 'old': 53.2, 'new': 51.66, 'harmonic': 52.42}
2026-06-15 17:50:52,418 [trainer.py] => CNN top1 curve: [58.61, 56.15, 52.98]
2026-06-15 17:50:52,418 [trainer.py] => CNN top5 curve: [87.22, 85.05, 83.53]
2026-06-15 17:50:52,418 [trainer.py] => Average Accuracy (CNN top1): 55.91333333333333
2026-06-15 17:50:52,421 [simplecil.py] => Learning on 70-80
2026-06-15 17:51:03,796 [trainer.py] => CNN: {'total': 51.69, '00-09': 38.55, '10-19': 54.49, '20-29': 51.35, '30-39': 54.49, '40-49': 54.49, '50-59': 54.05, '60-69': 51.36, '70-79': 54.65, 'old': 51.27, 'new': 54.65, 'harmonic': 52.91}
2026-06-15 17:51:03,797 [trainer.py] => CNN top1 curve: [58.61, 56.15, 52.98, 51.69]
2026-06-15 17:51:03,797 [trainer.py] => CNN top5 curve: [87.22, 85.05, 83.53, 82.06]
2026-06-15 17:51:03,797 [trainer.py] => Average Accuracy (CNN top1): 54.857499999999995
2026-06-15 17:51:03,799 [simplecil.py] => Learning on 80-90
2026-06-15 17:51:16,620 [trainer.py] => CNN: {'total': 49.87, '00-09': 36.45, '10-19': 51.5, '20-29': 49.85, '30-39': 52.69, '40-49': 52.99, '50-59': 53.75, '60-69': 48.64, '70-79': 54.65, '80-89': 48.2, 'old': 50.08, 'new': 48.2, 'harmonic': 49.12}
2026-06-15 17:51:16,621 [trainer.py] => CNN top1 curve: [58.61, 56.15, 52.98, 51.69, 49.87]
2026-06-15 17:51:16,621 [trainer.py] => CNN top5 curve: [87.22, 85.05, 83.53, 82.06, 80.49]
2026-06-15 17:51:16,621 [trainer.py] => Average Accuracy (CNN top1): 53.85999999999999
2026-06-15 17:51:16,623 [simplecil.py] => Learning on 90-100
2026-06-15 17:51:30,003 [trainer.py] => CNN: {'total': 47.94, '00-09': 35.54, '10-19': 50.0, '20-29': 48.65, '30-39': 50.9, '40-49': 51.2, '50-59': 52.55, '60-69': 46.53, '70-79': 52.55, '80-89': 46.71, '90-99': 44.78, 'old': 48.3, 'new': 44.78, 'harmonic': 46.47}
2026-06-15 17:51:30,003 [trainer.py] => CNN top1 curve: [58.61, 56.15, 52.98, 51.69, 49.87, 47.94]
2026-06-15 17:51:30,004 [trainer.py] => CNN top5 curve: [87.22, 85.05, 83.53, 82.06, 80.49, 78.55]
2026-06-15 17:51:30,004 [trainer.py] => Average Accuracy (CNN top1): 52.87333333333333
