2026-06-15 18:38:10,356 [trainer.py] => config: ./configs/simplecil/simplecil_cars_B50_Inc10.json
2026-06-15 18:38:10,356 [trainer.py] => prefix: -
2026-06-15 18:38:10,356 [trainer.py] => dataset: cars
2026-06-15 18:38:10,356 [trainer.py] => memory_size: 0
2026-06-15 18:38:10,356 [trainer.py] => memory_per_class: 0
2026-06-15 18:38:10,356 [trainer.py] => fixed_memory: False
2026-06-15 18:38:10,356 [trainer.py] => shuffle: True
2026-06-15 18:38:10,356 [trainer.py] => init_cls: 50
2026-06-15 18:38:10,356 [trainer.py] => increment: 10
2026-06-15 18:38:10,356 [trainer.py] => model_name: simplecil
2026-06-15 18:38:10,356 [trainer.py] => backbone_type: clip
2026-06-15 18:38:10,356 [trainer.py] => device: [device(type='cuda', index=5)]
2026-06-15 18:38:10,356 [trainer.py] => seed: 0
2026-06-15 18:38:10,356 [trainer.py] => total_class_num: 100
2026-06-15 18:38:10,464 [data_manager.py] => [26, 86, 2, 55, 75, 93, 16, 73, 54, 95, 53, 92, 78, 13, 7, 30, 22, 24, 33, 8, 43, 62, 3, 71, 45, 48, 6, 99, 82, 76, 60, 80, 90, 68, 51, 27, 18, 56, 63, 74, 1, 61, 42, 41, 4, 15, 17, 40, 38, 5, 91, 59, 0, 34, 28, 50, 11, 35, 23, 52, 10, 31, 66, 57, 79, 85, 32, 84, 14, 89, 19, 29, 49, 97, 98, 69, 20, 94, 72, 77, 25, 37, 81, 46, 39, 65, 58, 12, 88, 70, 87, 36, 21, 83, 9, 96, 67, 64, 47, 44]
2026-06-15 18:38:12,023 [instantiator.py] => Created a temporary directory at /tmp/tmp_yhylnos
2026-06-15 18:38:12,024 [instantiator.py] => Writing /tmp/tmp_yhylnos/_remote_module_non_scriptable.py
2026-06-15 18:38:12,192 [factory.py] => Loaded ViT-B-16 model config.
2026-06-15 18:38:14,266 [factory.py] => Loading pretrained ViT-B-16 weights (/home/team/zhaohongwei/pretrained_models/open_clip_pytorch_model_laion400m_e32.bin).
2026-06-15 18:38:15,204 [factory.py] => Loaded ViT-B-16 model config.
2026-06-15 18:38:16,632 [factory.py] => Loading pretrained ViT-B-16 weights (/home/team/zhaohongwei/pretrained_models/open_clip_pytorch_model_laion400m_e32.bin).
2026-06-15 18:38:18,458 [simplecil.py] => Learning on 0-50
2026-06-15 18:38:32,338 [trainer.py] => CNN: {'total': 94.18, '00-09': 95.2, '10-19': 96.9, '20-29': 95.6, '30-39': 95.32, '40-49': 87.5, 'old': 0, 'new': 94.18, 'harmonic': 0.0}
2026-06-15 18:38:32,338 [trainer.py] => CNN top1 curve: [94.18]
2026-06-15 18:38:32,339 [trainer.py] => CNN top5 curve: [99.8]
2026-06-15 18:38:32,339 [trainer.py] => Average Accuracy (CNN top1): 94.18
2026-06-15 18:38:32,340 [simplecil.py] => Learning on 50-60
2026-06-15 18:38:41,794 [trainer.py] => CNN: {'total': 92.51, '00-09': 95.2, '10-19': 92.84, '20-29': 95.6, '30-39': 91.38, '40-49': 86.99, '50-59': 92.73, 'old': 92.46, 'new': 92.73, 'harmonic': 92.59}
2026-06-15 18:38:41,794 [trainer.py] => CNN top1 curve: [94.18, 92.51]
2026-06-15 18:38:41,795 [trainer.py] => CNN top5 curve: [99.8, 99.8]
2026-06-15 18:38:41,795 [trainer.py] => Average Accuracy (CNN top1): 93.345
2026-06-15 18:38:41,796 [simplecil.py] => Learning on 60-70
2026-06-15 18:38:52,638 [trainer.py] => CNN: {'total': 92.32, '00-09': 94.48, '10-19': 90.69, '20-29': 95.6, '30-39': 90.15, '40-49': 86.99, '50-59': 92.73, '60-69': 95.34, 'old': 91.81, 'new': 95.34, 'harmonic': 93.54}
2026-06-15 18:38:52,638 [trainer.py] => CNN top1 curve: [94.18, 92.51, 92.32]
2026-06-15 18:38:52,638 [trainer.py] => CNN top5 curve: [99.8, 99.8, 99.75]
2026-06-15 18:38:52,638 [trainer.py] => Average Accuracy (CNN top1): 93.00333333333333
2026-06-15 18:38:52,640 [simplecil.py] => Learning on 70-80
2026-06-15 18:39:04,859 [trainer.py] => CNN: {'total': 89.39, '00-09': 90.17, '10-19': 88.31, '20-29': 90.95, '30-39': 89.41, '40-49': 86.48, '50-59': 92.73, '60-69': 95.34, '70-79': 81.9, 'old': 90.49, 'new': 81.9, 'harmonic': 85.98}
2026-06-15 18:39:04,859 [trainer.py] => CNN top1 curve: [94.18, 92.51, 92.32, 89.39]
2026-06-15 18:39:04,859 [trainer.py] => CNN top5 curve: [99.8, 99.8, 99.75, 99.63]
2026-06-15 18:39:04,859 [trainer.py] => Average Accuracy (CNN top1): 92.1
2026-06-15 18:39:04,860 [simplecil.py] => Learning on 80-90
2026-06-15 18:39:18,172 [trainer.py] => CNN: {'total': 88.63, '00-09': 89.93, '10-19': 88.07, '20-29': 90.71, '30-39': 88.67, '40-49': 85.46, '50-59': 92.48, '60-69': 93.14, '70-79': 80.71, '80-89': 88.67, 'old': 88.62, 'new': 88.67, 'harmonic': 88.64}
2026-06-15 18:39:18,173 [trainer.py] => CNN top1 curve: [94.18, 92.51, 92.32, 89.39, 88.63]
2026-06-15 18:39:18,173 [trainer.py] => CNN top5 curve: [99.8, 99.8, 99.75, 99.63, 99.59]
2026-06-15 18:39:18,173 [trainer.py] => Average Accuracy (CNN top1): 91.40599999999999
2026-06-15 18:39:18,175 [simplecil.py] => Learning on 90-100
2026-06-15 18:39:32,512 [trainer.py] => CNN: {'total': 86.97, '00-09': 88.97, '10-19': 85.68, '20-29': 87.78, '30-39': 86.21, '40-49': 85.46, '50-59': 92.23, '60-69': 92.89, '70-79': 80.48, '80-89': 87.71, '90-99': 82.41, 'old': 87.46, 'new': 82.41, 'harmonic': 84.86}
2026-06-15 18:39:32,513 [trainer.py] => CNN top1 curve: [94.18, 92.51, 92.32, 89.39, 88.63, 86.97]
2026-06-15 18:39:32,513 [trainer.py] => CNN top5 curve: [99.8, 99.8, 99.75, 99.63, 99.59, 99.56]
2026-06-15 18:39:32,513 [trainer.py] => Average Accuracy (CNN top1): 90.66666666666667
