2026-06-15 18:34:51,604 [trainer.py] => config: ./configs/simplecil/simplecil_cars_B0_Inc10.json
2026-06-15 18:34:51,604 [trainer.py] => prefix: -
2026-06-15 18:34:51,604 [trainer.py] => dataset: cars
2026-06-15 18:34:51,604 [trainer.py] => memory_size: 0
2026-06-15 18:34:51,604 [trainer.py] => memory_per_class: 0
2026-06-15 18:34:51,604 [trainer.py] => fixed_memory: False
2026-06-15 18:34:51,604 [trainer.py] => shuffle: True
2026-06-15 18:34:51,604 [trainer.py] => init_cls: 10
2026-06-15 18:34:51,604 [trainer.py] => increment: 10
2026-06-15 18:34:51,604 [trainer.py] => model_name: simplecil
2026-06-15 18:34:51,604 [trainer.py] => backbone_type: clip
2026-06-15 18:34:51,605 [trainer.py] => device: [device(type='cuda', index=5)]
2026-06-15 18:34:51,605 [trainer.py] => seed: 1993
2026-06-15 18:34:51,605 [trainer.py] => total_class_num: 100
2026-06-15 18:34:51,632 [data_manager.py] => [68, 56, 78, 8, 23, 84, 90, 65, 74, 76, 40, 89, 3, 92, 55, 9, 26, 80, 43, 38, 58, 70, 77, 1, 85, 19, 17, 50, 28, 53, 13, 81, 45, 82, 6, 59, 83, 16, 15, 44, 91, 41, 72, 60, 79, 52, 20, 10, 31, 54, 37, 95, 14, 71, 96, 98, 97, 2, 64, 66, 42, 22, 35, 86, 24, 34, 87, 21, 99, 0, 88, 27, 18, 94, 11, 12, 47, 25, 30, 46, 62, 69, 36, 61, 7, 63, 75, 5, 32, 4, 51, 48, 73, 93, 39, 67, 29, 49, 57, 33]
2026-06-15 18:34:51,646 [factory.py] => Loaded ViT-B-16 model config.
2026-06-15 18:34:53,087 [factory.py] => Loading pretrained ViT-B-16 weights (/home/team/zhaohongwei/pretrained_models/open_clip_pytorch_model_laion400m_e32.bin).
2026-06-15 18:34:53,564 [factory.py] => Loaded ViT-B-16 model config.
2026-06-15 18:34:54,880 [factory.py] => Loading pretrained ViT-B-16 weights (/home/team/zhaohongwei/pretrained_models/open_clip_pytorch_model_laion400m_e32.bin).
2026-06-15 18:34:55,420 [simplecil.py] => Learning on 0-10
2026-06-15 18:34:59,606 [trainer.py] => CNN: {'total': 98.58, '00-09': 98.58, 'old': 0, 'new': 98.58, 'harmonic': 0.0}
2026-06-15 18:34:59,606 [trainer.py] => CNN top1 curve: [98.58]
2026-06-15 18:34:59,606 [trainer.py] => CNN top5 curve: [100.0]
2026-06-15 18:34:59,606 [trainer.py] => Average Accuracy (CNN top1): 98.58
2026-06-15 18:34:59,607 [simplecil.py] => Learning on 10-20
2026-06-15 18:35:04,738 [trainer.py] => CNN: {'total': 98.06, '00-09': 98.11, '10-19': 98.0, 'old': 98.11, 'new': 98.0, 'harmonic': 98.05}
2026-06-15 18:35:04,739 [trainer.py] => CNN top1 curve: [98.58, 98.06]
2026-06-15 18:35:04,739 [trainer.py] => CNN top5 curve: [100.0, 100.0]
2026-06-15 18:35:04,739 [trainer.py] => Average Accuracy (CNN top1): 98.32
2026-06-15 18:35:04,742 [simplecil.py] => Learning on 20-30
2026-06-15 18:35:11,132 [trainer.py] => CNN: {'total': 96.78, '00-09': 96.93, '10-19': 97.75, '20-29': 95.71, 'old': 97.33, 'new': 95.71, 'harmonic': 96.51}
2026-06-15 18:35:11,132 [trainer.py] => CNN top1 curve: [98.58, 98.06, 96.78]
2026-06-15 18:35:11,132 [trainer.py] => CNN top5 curve: [100.0, 100.0, 100.0]
2026-06-15 18:35:11,132 [trainer.py] => Average Accuracy (CNN top1): 97.80666666666666
2026-06-15 18:35:11,134 [simplecil.py] => Learning on 30-40
2026-06-15 18:35:18,738 [trainer.py] => CNN: {'total': 93.4, '00-09': 96.93, '10-19': 97.0, '20-29': 90.95, '30-39': 88.52, 'old': 94.94, 'new': 88.52, 'harmonic': 91.62}
2026-06-15 18:35:18,738 [trainer.py] => CNN top1 curve: [98.58, 98.06, 96.78, 93.4]
2026-06-15 18:35:18,738 [trainer.py] => CNN top5 curve: [100.0, 100.0, 100.0, 99.88]
2026-06-15 18:35:18,738 [trainer.py] => Average Accuracy (CNN top1): 96.70499999999998
2026-06-15 18:35:18,741 [simplecil.py] => Learning on 40-50
2026-06-15 18:35:27,637 [trainer.py] => CNN: {'total': 90.24, '00-09': 95.05, '10-19': 94.5, '20-29': 89.76, '30-39': 83.16, '40-49': 88.31, 'old': 90.71, 'new': 88.31, 'harmonic': 89.49}
2026-06-15 18:35:27,638 [trainer.py] => CNN top1 curve: [98.58, 98.06, 96.78, 93.4, 90.24]
2026-06-15 18:35:27,638 [trainer.py] => CNN top5 curve: [100.0, 100.0, 100.0, 99.88, 99.85]
2026-06-15 18:35:27,638 [trainer.py] => Average Accuracy (CNN top1): 95.41199999999999
2026-06-15 18:35:27,640 [simplecil.py] => Learning on 50-60
2026-06-15 18:35:37,479 [trainer.py] => CNN: {'total': 90.86, '00-09': 93.4, '10-19': 94.25, '20-29': 89.05, '30-39': 82.91, '40-49': 88.06, '50-59': 97.09, 'old': 89.6, 'new': 97.09, 'harmonic': 93.19}
2026-06-15 18:35:37,479 [trainer.py] => CNN top1 curve: [98.58, 98.06, 96.78, 93.4, 90.24, 90.86]
2026-06-15 18:35:37,480 [trainer.py] => CNN top5 curve: [100.0, 100.0, 100.0, 99.88, 99.85, 99.88]
2026-06-15 18:35:37,480 [trainer.py] => Average Accuracy (CNN top1): 94.65333333333332
2026-06-15 18:35:37,483 [simplecil.py] => Learning on 60-70
2026-06-15 18:35:47,933 [trainer.py] => CNN: {'total': 89.51, '00-09': 91.98, '10-19': 94.25, '20-29': 88.57, '30-39': 82.4, '40-49': 88.06, '50-59': 94.92, '60-69': 86.06, 'old': 90.09, 'new': 86.06, 'harmonic': 88.03}
2026-06-15 18:35:47,934 [trainer.py] => CNN top1 curve: [98.58, 98.06, 96.78, 93.4, 90.24, 90.86, 89.51]
2026-06-15 18:35:47,934 [trainer.py] => CNN top5 curve: [100.0, 100.0, 100.0, 99.88, 99.85, 99.88, 99.79]
2026-06-15 18:35:47,934 [trainer.py] => Average Accuracy (CNN top1): 93.91857142857143
2026-06-15 18:35:47,937 [simplecil.py] => Learning on 70-80
2026-06-15 18:36:00,500 [trainer.py] => CNN: {'total': 88.77, '00-09': 91.51, '10-19': 93.25, '20-29': 88.33, '30-39': 81.89, '40-49': 87.81, '50-59': 94.19, '60-69': 83.13, '70-79': 89.72, 'old': 88.64, 'new': 89.72, 'harmonic': 89.18}
2026-06-15 18:36:00,500 [trainer.py] => CNN top1 curve: [98.58, 98.06, 96.78, 93.4, 90.24, 90.86, 89.51, 88.77]
2026-06-15 18:36:00,500 [trainer.py] => CNN top5 curve: [100.0, 100.0, 100.0, 99.88, 99.85, 99.88, 99.79, 99.72]
2026-06-15 18:36:00,500 [trainer.py] => Average Accuracy (CNN top1): 93.27499999999999
2026-06-15 18:36:00,502 [simplecil.py] => Learning on 80-90
2026-06-15 18:36:13,434 [trainer.py] => CNN: {'total': 87.96, '00-09': 89.39, '10-19': 92.0, '20-29': 86.43, '30-39': 81.63, '40-49': 87.31, '50-59': 93.95, '60-69': 82.64, '70-79': 89.47, '80-89': 88.54, 'old': 87.88, 'new': 88.54, 'harmonic': 88.21}
2026-06-15 18:36:13,435 [trainer.py] => CNN top1 curve: [98.58, 98.06, 96.78, 93.4, 90.24, 90.86, 89.51, 88.77, 87.96]
2026-06-15 18:36:13,435 [trainer.py] => CNN top5 curve: [100.0, 100.0, 100.0, 99.88, 99.85, 99.88, 99.79, 99.72, 99.56]
2026-06-15 18:36:13,435 [trainer.py] => Average Accuracy (CNN top1): 92.68444444444444
2026-06-15 18:36:13,438 [simplecil.py] => Learning on 90-100
2026-06-15 18:36:27,681 [trainer.py] => CNN: {'total': 86.97, '00-09': 86.79, '10-19': 91.0, '20-29': 85.71, '30-39': 81.63, '40-49': 86.82, '50-59': 93.7, '60-69': 82.64, '70-79': 88.47, '80-89': 88.07, '90-99': 84.69, 'old': 87.22, 'new': 84.69, 'harmonic': 85.94}
2026-06-15 18:36:27,682 [trainer.py] => CNN top1 curve: [98.58, 98.06, 96.78, 93.4, 90.24, 90.86, 89.51, 88.77, 87.96, 86.97]
2026-06-15 18:36:27,682 [trainer.py] => CNN top5 curve: [100.0, 100.0, 100.0, 99.88, 99.85, 99.88, 99.79, 99.72, 99.56, 99.56]
2026-06-15 18:36:27,682 [trainer.py] => Average Accuracy (CNN top1): 92.113
