2026-06-15 18:39:32,526 [trainer.py] => config: ./configs/simplecil/simplecil_cars_B50_Inc10.json
2026-06-15 18:39:32,526 [trainer.py] => prefix: -
2026-06-15 18:39:32,526 [trainer.py] => dataset: cars
2026-06-15 18:39:32,526 [trainer.py] => memory_size: 0
2026-06-15 18:39:32,526 [trainer.py] => memory_per_class: 0
2026-06-15 18:39:32,526 [trainer.py] => fixed_memory: False
2026-06-15 18:39:32,526 [trainer.py] => shuffle: True
2026-06-15 18:39:32,526 [trainer.py] => init_cls: 50
2026-06-15 18:39:32,526 [trainer.py] => increment: 10
2026-06-15 18:39:32,526 [trainer.py] => model_name: simplecil
2026-06-15 18:39:32,526 [trainer.py] => backbone_type: clip
2026-06-15 18:39:32,527 [trainer.py] => device: [device(type='cuda', index=5)]
2026-06-15 18:39:32,527 [trainer.py] => seed: 42
2026-06-15 18:39:32,527 [trainer.py] => total_class_num: 100
2026-06-15 18:39:32,553 [data_manager.py] => [83, 53, 70, 45, 44, 39, 22, 80, 10, 0, 18, 30, 73, 33, 90, 4, 76, 77, 12, 31, 55, 88, 26, 42, 69, 15, 40, 96, 9, 72, 11, 47, 85, 28, 93, 5, 66, 65, 35, 16, 49, 34, 7, 95, 27, 19, 81, 25, 62, 13, 24, 3, 17, 38, 8, 78, 6, 64, 36, 89, 56, 99, 54, 43, 50, 67, 46, 68, 61, 97, 79, 41, 58, 48, 98, 57, 75, 32, 94, 59, 63, 84, 37, 29, 1, 52, 21, 2, 23, 87, 91, 74, 86, 82, 20, 60, 71, 14, 92, 51]
2026-06-15 18:39:32,568 [factory.py] => Loaded ViT-B-16 model config.
2026-06-15 18:39:34,187 [factory.py] => Loading pretrained ViT-B-16 weights (/home/team/zhaohongwei/pretrained_models/open_clip_pytorch_model_laion400m_e32.bin).
2026-06-15 18:39:34,887 [factory.py] => Loaded ViT-B-16 model config.
2026-06-15 18:39:37,070 [factory.py] => Loading pretrained ViT-B-16 weights (/home/team/zhaohongwei/pretrained_models/open_clip_pytorch_model_laion400m_e32.bin).
2026-06-15 18:39:38,776 [simplecil.py] => Learning on 0-50
2026-06-15 18:39:53,540 [trainer.py] => CNN: {'total': 91.5, '00-09': 92.52, '10-19': 92.79, '20-29': 90.79, '30-39': 95.42, '40-49': 85.92, 'old': 0, 'new': 91.5, 'harmonic': 0.0}
2026-06-15 18:39:53,541 [trainer.py] => CNN top1 curve: [91.5]
2026-06-15 18:39:53,541 [trainer.py] => CNN top5 curve: [99.9]
2026-06-15 18:39:53,541 [trainer.py] => Average Accuracy (CNN top1): 91.5
2026-06-15 18:39:53,543 [simplecil.py] => Learning on 50-60
2026-06-15 18:40:03,964 [trainer.py] => CNN: {'total': 89.76, '00-09': 91.77, '10-19': 92.31, '20-29': 90.28, '30-39': 90.36, '40-49': 84.71, '50-59': 89.18, 'old': 89.88, 'new': 89.18, 'harmonic': 89.53}
2026-06-15 18:40:03,964 [trainer.py] => CNN top1 curve: [91.5, 89.76]
2026-06-15 18:40:03,964 [trainer.py] => CNN top5 curve: [99.9, 99.76]
2026-06-15 18:40:03,964 [trainer.py] => Average Accuracy (CNN top1): 90.63
2026-06-15 18:40:03,966 [simplecil.py] => Learning on 60-70
2026-06-15 18:40:15,376 [trainer.py] => CNN: {'total': 89.62, '00-09': 91.77, '10-19': 92.07, '20-29': 87.98, '30-39': 89.88, '40-49': 84.71, '50-59': 89.18, '60-69': 91.71, 'old': 89.27, 'new': 91.71, 'harmonic': 90.47}
2026-06-15 18:40:15,377 [trainer.py] => CNN top1 curve: [91.5, 89.76, 89.62]
2026-06-15 18:40:15,377 [trainer.py] => CNN top5 curve: [99.9, 99.76, 99.72]
2026-06-15 18:40:15,378 [trainer.py] => Average Accuracy (CNN top1): 90.29333333333334
2026-06-15 18:40:15,380 [simplecil.py] => Learning on 70-80
2026-06-15 18:40:27,781 [trainer.py] => CNN: {'total': 88.62, '00-09': 91.02, '10-19': 91.59, '20-29': 86.45, '30-39': 89.64, '40-49': 84.22, '50-59': 88.94, '60-69': 87.56, '70-79': 89.51, 'old': 88.5, 'new': 89.51, 'harmonic': 89.0}
2026-06-15 18:40:27,782 [trainer.py] => CNN top1 curve: [91.5, 89.76, 89.62, 88.62]
2026-06-15 18:40:27,782 [trainer.py] => CNN top5 curve: [99.9, 99.76, 99.72, 99.69]
2026-06-15 18:40:27,782 [trainer.py] => Average Accuracy (CNN top1): 89.875
2026-06-15 18:40:27,783 [simplecil.py] => Learning on 80-90
2026-06-15 18:40:41,640 [trainer.py] => CNN: {'total': 87.86, '00-09': 88.78, '10-19': 90.87, '20-29': 86.45, '30-39': 88.43, '40-49': 83.74, '50-59': 88.22, '60-69': 87.32, '70-79': 89.51, '80-89': 87.38, 'old': 87.92, 'new': 87.38, 'harmonic': 87.65}
2026-06-15 18:40:41,640 [trainer.py] => CNN top1 curve: [91.5, 89.76, 89.62, 88.62, 87.86]
2026-06-15 18:40:41,640 [trainer.py] => CNN top5 curve: [99.9, 99.76, 99.72, 99.69, 99.62]
2026-06-15 18:40:41,640 [trainer.py] => Average Accuracy (CNN top1): 89.47200000000001
2026-06-15 18:40:41,643 [simplecil.py] => Learning on 90-100
2026-06-15 18:40:56,687 [trainer.py] => CNN: {'total': 86.97, '00-09': 86.28, '10-19': 90.62, '20-29': 86.19, '30-39': 84.58, '40-49': 83.5, '50-59': 87.98, '60-69': 87.32, '70-79': 87.72, '80-89': 86.88, '90-99': 88.52, 'old': 86.79, 'new': 88.52, 'harmonic': 87.65}
2026-06-15 18:40:56,687 [trainer.py] => CNN top1 curve: [91.5, 89.76, 89.62, 88.62, 87.86, 86.97]
2026-06-15 18:40:56,687 [trainer.py] => CNN top5 curve: [99.9, 99.76, 99.72, 99.69, 99.62, 99.56]
2026-06-15 18:40:56,687 [trainer.py] => Average Accuracy (CNN top1): 89.055
