2026-06-15 18:12:42,356 [trainer.py] => config: ./configs/simplecil/simplecil_cifar_B50_Inc10.json
2026-06-15 18:12:42,356 [trainer.py] => prefix: -
2026-06-15 18:12:42,356 [trainer.py] => dataset: cifar224
2026-06-15 18:12:42,357 [trainer.py] => memory_size: 0
2026-06-15 18:12:42,357 [trainer.py] => memory_per_class: 0
2026-06-15 18:12:42,357 [trainer.py] => fixed_memory: False
2026-06-15 18:12:42,357 [trainer.py] => shuffle: True
2026-06-15 18:12:42,357 [trainer.py] => init_cls: 50
2026-06-15 18:12:42,357 [trainer.py] => increment: 10
2026-06-15 18:12:42,357 [trainer.py] => model_name: simplecil
2026-06-15 18:12:42,357 [trainer.py] => backbone_type: clip
2026-06-15 18:12:42,357 [trainer.py] => device: [device(type='cuda', index=5)]
2026-06-15 18:12:42,357 [trainer.py] => seed: 0
2026-06-15 18:12:42,357 [trainer.py] => total_class_num: 100
2026-06-15 18:12:43,556 [data_manager.py] => [26, 86, 2, 55, 75, 93, 16, 73, 54, 95, 53, 92, 78, 13, 7, 30, 22, 24, 33, 8, 43, 62, 3, 71, 45, 48, 6, 99, 82, 76, 60, 80, 90, 68, 51, 27, 18, 56, 63, 74, 1, 61, 42, 41, 4, 15, 17, 40, 38, 5, 91, 59, 0, 34, 28, 50, 11, 35, 23, 52, 10, 31, 66, 57, 79, 85, 32, 84, 14, 89, 19, 29, 49, 97, 98, 69, 20, 94, 72, 77, 25, 37, 81, 46, 39, 65, 58, 12, 88, 70, 87, 36, 21, 83, 9, 96, 67, 64, 47, 44]
2026-06-15 18:12:45,178 [instantiator.py] => Created a temporary directory at /tmp/tmpdigvx7zk
2026-06-15 18:12:45,179 [instantiator.py] => Writing /tmp/tmpdigvx7zk/_remote_module_non_scriptable.py
2026-06-15 18:12:45,361 [factory.py] => Loaded ViT-B-16 model config.
2026-06-15 18:12:47,116 [factory.py] => Loading pretrained ViT-B-16 weights (/home/team/zhaohongwei/pretrained_models/open_clip_pytorch_model_laion400m_e32.bin).
2026-06-15 18:12:48,133 [factory.py] => Loaded ViT-B-16 model config.
2026-06-15 18:12:49,542 [factory.py] => Loading pretrained ViT-B-16 weights (/home/team/zhaohongwei/pretrained_models/open_clip_pytorch_model_laion400m_e32.bin).
2026-06-15 18:12:50,868 [simplecil.py] => Learning on 0-50
2026-06-15 18:14:15,413 [trainer.py] => CNN: {'total': 81.9, '00-09': 77.2, '10-19': 82.2, '20-29': 86.9, '30-39': 79.1, '40-49': 84.1, 'old': 0, 'new': 81.9, 'harmonic': 0.0}
2026-06-15 18:14:15,414 [trainer.py] => CNN top1 curve: [81.9]
2026-06-15 18:14:15,414 [trainer.py] => CNN top5 curve: [96.12]
2026-06-15 18:14:15,414 [trainer.py] => Average Accuracy (CNN top1): 81.9
2026-06-15 18:14:15,417 [simplecil.py] => Learning on 50-60
2026-06-15 18:14:47,427 [trainer.py] => CNN: {'total': 80.65, '00-09': 75.2, '10-19': 81.5, '20-29': 86.2, '30-39': 75.8, '40-49': 83.2, '50-59': 82.0, 'old': 80.38, 'new': 82.0, 'harmonic': 81.18}
2026-06-15 18:14:47,427 [trainer.py] => CNN top1 curve: [81.9, 80.65]
2026-06-15 18:14:47,427 [trainer.py] => CNN top5 curve: [96.12, 95.97]
2026-06-15 18:14:47,427 [trainer.py] => Average Accuracy (CNN top1): 81.275
2026-06-15 18:14:47,429 [simplecil.py] => Learning on 60-70
2026-06-15 18:15:22,898 [trainer.py] => CNN: {'total': 79.63, '00-09': 74.3, '10-19': 80.5, '20-29': 85.3, '30-39': 74.9, '40-49': 80.1, '50-59': 80.6, '60-69': 81.7, 'old': 79.28, 'new': 81.7, 'harmonic': 80.47}
2026-06-15 18:15:22,899 [trainer.py] => CNN top1 curve: [81.9, 80.65, 79.63]
2026-06-15 18:15:22,899 [trainer.py] => CNN top5 curve: [96.12, 95.97, 95.11]
2026-06-15 18:15:22,899 [trainer.py] => Average Accuracy (CNN top1): 80.72666666666667
2026-06-15 18:15:22,901 [simplecil.py] => Learning on 70-80
2026-06-15 18:16:00,613 [trainer.py] => CNN: {'total': 78.89, '00-09': 72.1, '10-19': 80.0, '20-29': 84.8, '30-39': 74.2, '40-49': 79.1, '50-59': 78.5, '60-69': 80.4, '70-79': 82.0, 'old': 78.44, 'new': 82.0, 'harmonic': 80.18}
2026-06-15 18:16:00,614 [trainer.py] => CNN top1 curve: [81.9, 80.65, 79.63, 78.89]
2026-06-15 18:16:00,614 [trainer.py] => CNN top5 curve: [96.12, 95.97, 95.11, 94.64]
2026-06-15 18:16:00,614 [trainer.py] => Average Accuracy (CNN top1): 80.2675
2026-06-15 18:16:00,617 [simplecil.py] => Learning on 80-90
2026-06-15 18:16:40,529 [trainer.py] => CNN: {'total': 78.46, '00-09': 71.5, '10-19': 78.4, '20-29': 84.2, '30-39': 73.1, '40-49': 77.8, '50-59': 77.3, '60-69': 79.4, '70-79': 81.6, '80-89': 82.8, 'old': 77.91, 'new': 82.8, 'harmonic': 80.28}
2026-06-15 18:16:40,530 [trainer.py] => CNN top1 curve: [81.9, 80.65, 79.63, 78.89, 78.46]
2026-06-15 18:16:40,530 [trainer.py] => CNN top5 curve: [96.12, 95.97, 95.11, 94.64, 94.73]
2026-06-15 18:16:40,530 [trainer.py] => Average Accuracy (CNN top1): 79.90599999999999
2026-06-15 18:16:40,533 [simplecil.py] => Learning on 90-100
2026-06-15 18:17:23,918 [trainer.py] => CNN: {'total': 76.63, '00-09': 70.3, '10-19': 77.3, '20-29': 83.1, '30-39': 71.4, '40-49': 77.6, '50-59': 73.5, '60-69': 78.5, '70-79': 81.1, '80-89': 82.1, '90-99': 71.4, 'old': 77.21, 'new': 71.4, 'harmonic': 74.19}
2026-06-15 18:17:23,918 [trainer.py] => CNN top1 curve: [81.9, 80.65, 79.63, 78.89, 78.46, 76.63]
2026-06-15 18:17:23,918 [trainer.py] => CNN top5 curve: [96.12, 95.97, 95.11, 94.64, 94.73, 94.14]
2026-06-15 18:17:23,918 [trainer.py] => Average Accuracy (CNN top1): 79.36
