2026-06-15 19:18:16,306 [trainer.py] => config: ./configs/simplecil/simplecil_cub_B100_Inc20.json
2026-06-15 19:18:16,307 [trainer.py] => prefix: -
2026-06-15 19:18:16,307 [trainer.py] => dataset: cub
2026-06-15 19:18:16,307 [trainer.py] => memory_size: 0
2026-06-15 19:18:16,307 [trainer.py] => memory_per_class: 0
2026-06-15 19:18:16,307 [trainer.py] => fixed_memory: False
2026-06-15 19:18:16,307 [trainer.py] => shuffle: True
2026-06-15 19:18:16,307 [trainer.py] => init_cls: 100
2026-06-15 19:18:16,307 [trainer.py] => increment: 20
2026-06-15 19:18:16,307 [trainer.py] => model_name: simplecil
2026-06-15 19:18:16,307 [trainer.py] => backbone_type: clip
2026-06-15 19:18:16,307 [trainer.py] => device: [device(type='cuda', index=5)]
2026-06-15 19:18:16,307 [trainer.py] => seed: 2026
2026-06-15 19:18:16,307 [trainer.py] => total_class_num: 200
2026-06-15 19:18:16,351 [data_manager.py] => [115, 91, 15, 57, 123, 5, 193, 196, 88, 185, 191, 168, 90, 80, 106, 146, 188, 118, 44, 151, 24, 56, 42, 127, 113, 119, 197, 194, 99, 12, 65, 71, 131, 6, 46, 186, 126, 31, 117, 30, 110, 82, 102, 165, 11, 76, 53, 138, 199, 18, 163, 149, 84, 133, 170, 189, 52, 104, 45, 114, 41, 23, 160, 171, 172, 169, 177, 142, 94, 50, 128, 39, 59, 120, 107, 162, 124, 9, 74, 198, 62, 174, 166, 122, 141, 81, 10, 63, 176, 100, 136, 187, 129, 16, 72, 147, 54, 0, 98, 150, 92, 155, 4, 167, 125, 97, 153, 8, 83, 159, 85, 86, 13, 34, 173, 93, 180, 33, 21, 132, 190, 87, 121, 108, 103, 145, 37, 158, 69, 89, 2, 19, 67, 175, 51, 78, 43, 64, 66, 143, 61, 20, 144, 154, 183, 14, 140, 139, 75, 79, 22, 58, 101, 109, 32, 178, 73, 164, 55, 35, 49, 152, 137, 36, 3, 40, 70, 95, 105, 181, 157, 47, 192, 17, 60, 112, 68, 25, 38, 48, 161, 148, 111, 135, 96, 7, 27, 182, 130, 28, 179, 156, 116, 29, 195, 77, 184, 26, 134, 1]
2026-06-15 19:18:16,390 [factory.py] => Loaded ViT-B-16 model config.
2026-06-15 19:18:17,824 [factory.py] => Loading pretrained ViT-B-16 weights (/home/team/zhaohongwei/pretrained_models/open_clip_pytorch_model_laion400m_e32.bin).
2026-06-15 19:18:18,312 [factory.py] => Loaded ViT-B-16 model config.
2026-06-15 19:18:19,610 [factory.py] => Loading pretrained ViT-B-16 weights (/home/team/zhaohongwei/pretrained_models/open_clip_pytorch_model_laion400m_e32.bin).
2026-06-15 19:18:20,148 [simplecil.py] => Learning on 0-100
2026-06-15 19:18:38,921 [trainer.py] => CNN: {'total': 85.38, '00-09': 78.7, '10-19': 81.98, '20-29': 84.25, '30-39': 79.82, '40-49': 98.35, '50-59': 92.57, '60-69': 82.54, '70-79': 81.42, '80-89': 82.91, '90-99': 87.9, 'old': 0, 'new': 85.38, 'harmonic': 0.0}
2026-06-15 19:18:38,922 [trainer.py] => CNN top1 curve: [85.38]
2026-06-15 19:18:38,922 [trainer.py] => CNN top5 curve: [96.68]
2026-06-15 19:18:38,922 [trainer.py] => Average Accuracy (CNN top1): 85.38
2026-06-15 19:18:38,926 [simplecil.py] => Learning on 100-120
2026-06-15 19:18:47,164 [trainer.py] => CNN: {'total': 84.19, '00-09': 77.78, '10-19': 81.08, '20-29': 82.68, '30-39': 79.82, '40-49': 98.35, '50-59': 91.22, '60-69': 80.16, '70-79': 79.65, '80-89': 76.92, '90-99': 87.9, '100-109': 79.31, '110-119': 91.8, 'old': 83.89, 'new': 85.71, 'harmonic': 84.79}
2026-06-15 19:18:47,165 [trainer.py] => CNN top1 curve: [85.38, 84.19]
2026-06-15 19:18:47,165 [trainer.py] => CNN top5 curve: [96.68, 96.39]
2026-06-15 19:18:47,165 [trainer.py] => Average Accuracy (CNN top1): 84.785
2026-06-15 19:18:47,169 [simplecil.py] => Learning on 120-140
2026-06-15 19:18:56,410 [trainer.py] => CNN: {'total': 82.55, '00-09': 76.85, '10-19': 80.18, '20-29': 80.31, '30-39': 79.82, '40-49': 98.35, '50-59': 89.19, '60-69': 76.98, '70-79': 76.99, '80-89': 71.79, '90-99': 86.29, '100-109': 79.31, '110-119': 91.8, '120-129': 91.07, '130-139': 73.15, 'old': 82.59, 'new': 82.27, 'harmonic': 82.43}
2026-06-15 19:18:56,410 [trainer.py] => CNN top1 curve: [85.38, 84.19, 82.55]
2026-06-15 19:18:56,410 [trainer.py] => CNN top5 curve: [96.68, 96.39, 96.45]
2026-06-15 19:18:56,410 [trainer.py] => Average Accuracy (CNN top1): 84.04
2026-06-15 19:18:56,412 [simplecil.py] => Learning on 140-160
2026-06-15 19:19:06,137 [trainer.py] => CNN: {'total': 81.0, '00-09': 76.85, '10-19': 80.18, '20-29': 76.38, '30-39': 77.06, '40-49': 97.52, '50-59': 89.19, '60-69': 76.19, '70-79': 74.34, '80-89': 70.94, '90-99': 86.29, '100-109': 77.59, '110-119': 91.8, '120-129': 90.18, '130-139': 73.15, '140-149': 79.34, '150-159': 74.53, 'old': 81.53, 'new': 77.09, 'harmonic': 79.25}
2026-06-15 19:19:06,138 [trainer.py] => CNN top1 curve: [85.38, 84.19, 82.55, 81.0]
2026-06-15 19:19:06,138 [trainer.py] => CNN top5 curve: [96.68, 96.39, 96.45, 95.98]
2026-06-15 19:19:06,138 [trainer.py] => Average Accuracy (CNN top1): 83.28
2026-06-15 19:19:06,142 [simplecil.py] => Learning on 160-180
2026-06-15 19:19:16,415 [trainer.py] => CNN: {'total': 79.56, '00-09': 75.93, '10-19': 80.18, '20-29': 72.44, '30-39': 75.23, '40-49': 97.52, '50-59': 89.19, '60-69': 72.22, '70-79': 74.34, '80-89': 70.94, '90-99': 86.29, '100-109': 75.86, '110-119': 91.8, '120-129': 90.18, '130-139': 69.44, '140-149': 78.51, '150-159': 72.64, '160-169': 77.27, '170-179': 77.42, 'old': 79.83, 'new': 77.35, 'harmonic': 78.57}
2026-06-15 19:19:16,415 [trainer.py] => CNN top1 curve: [85.38, 84.19, 82.55, 81.0, 79.56]
2026-06-15 19:19:16,416 [trainer.py] => CNN top5 curve: [96.68, 96.39, 96.45, 95.98, 95.85]
2026-06-15 19:19:16,416 [trainer.py] => Average Accuracy (CNN top1): 82.536
2026-06-15 19:19:16,420 [simplecil.py] => Learning on 180-200
2026-06-15 19:19:27,064 [trainer.py] => CNN: {'total': 77.52, '00-09': 75.93, '10-19': 72.07, '20-29': 72.44, '30-39': 73.39, '40-49': 96.69, '50-59': 87.84, '60-69': 72.22, '70-79': 71.68, '80-89': 69.23, '90-99': 82.26, '100-109': 75.0, '110-119': 91.8, '120-129': 90.18, '130-139': 68.52, '140-149': 77.69, '150-159': 71.7, '160-169': 74.55, '170-179': 77.42, '180-189': 76.79, '190-199': 68.29, 'old': 78.1, 'new': 72.34, 'harmonic': 75.11}
2026-06-15 19:19:27,065 [trainer.py] => CNN top1 curve: [85.38, 84.19, 82.55, 81.0, 79.56, 77.52]
2026-06-15 19:19:27,065 [trainer.py] => CNN top5 curve: [96.68, 96.39, 96.45, 95.98, 95.85, 95.34]
2026-06-15 19:19:27,065 [trainer.py] => Average Accuracy (CNN top1): 81.7
