2026-06-15 19:15:53,456 [trainer.py] => config: ./configs/simplecil/simplecil_cub_B100_Inc20.json
2026-06-15 19:15:53,456 [trainer.py] => prefix: -
2026-06-15 19:15:53,456 [trainer.py] => dataset: cub
2026-06-15 19:15:53,456 [trainer.py] => memory_size: 0
2026-06-15 19:15:53,456 [trainer.py] => memory_per_class: 0
2026-06-15 19:15:53,456 [trainer.py] => fixed_memory: False
2026-06-15 19:15:53,456 [trainer.py] => shuffle: True
2026-06-15 19:15:53,456 [trainer.py] => init_cls: 100
2026-06-15 19:15:53,456 [trainer.py] => increment: 20
2026-06-15 19:15:53,457 [trainer.py] => model_name: simplecil
2026-06-15 19:15:53,457 [trainer.py] => backbone_type: clip
2026-06-15 19:15:53,457 [trainer.py] => device: [device(type='cuda', index=5)]
2026-06-15 19:15:53,457 [trainer.py] => seed: 42
2026-06-15 19:15:53,457 [trainer.py] => total_class_num: 200
2026-06-15 19:15:53,498 [data_manager.py] => [95, 15, 30, 158, 128, 115, 69, 170, 174, 45, 66, 182, 165, 78, 186, 177, 56, 152, 82, 68, 124, 16, 148, 93, 65, 60, 84, 67, 125, 132, 9, 18, 55, 75, 150, 104, 135, 137, 164, 76, 79, 197, 38, 24, 122, 195, 29, 19, 143, 86, 114, 173, 5, 126, 117, 73, 140, 98, 172, 96, 169, 97, 31, 12, 35, 119, 42, 189, 90, 136, 51, 127, 162, 41, 118, 113, 26, 139, 100, 111, 2, 77, 46, 187, 191, 85, 161, 36, 190, 61, 22, 141, 101, 33, 11, 194, 159, 6, 27, 120, 4, 32, 142, 145, 109, 144, 10, 62, 112, 146, 166, 0, 198, 153, 70, 123, 64, 44, 163, 28, 40, 108, 155, 156, 25, 23, 184, 147, 81, 39, 168, 47, 94, 154, 43, 138, 3, 105, 53, 133, 180, 178, 185, 49, 80, 34, 7, 110, 91, 83, 176, 181, 89, 8, 13, 59, 171, 131, 17, 72, 175, 134, 167, 183, 63, 54, 107, 50, 196, 58, 48, 88, 21, 57, 160, 192, 129, 37, 157, 193, 1, 52, 149, 130, 151, 103, 99, 116, 87, 74, 121, 199, 20, 188, 71, 106, 14, 92, 179, 102]
2026-06-15 19:15:53,537 [factory.py] => Loaded ViT-B-16 model config.
2026-06-15 19:15:55,204 [factory.py] => Loading pretrained ViT-B-16 weights (/home/team/zhaohongwei/pretrained_models/open_clip_pytorch_model_laion400m_e32.bin).
2026-06-15 19:15:55,822 [factory.py] => Loaded ViT-B-16 model config.
2026-06-15 19:15:57,373 [factory.py] => Loading pretrained ViT-B-16 weights (/home/team/zhaohongwei/pretrained_models/open_clip_pytorch_model_laion400m_e32.bin).
2026-06-15 19:15:57,973 [simplecil.py] => Learning on 0-100
2026-06-15 19:16:16,828 [trainer.py] => CNN: {'total': 83.87, '00-09': 81.6, '10-19': 88.07, '20-29': 82.44, '30-39': 91.82, '40-49': 80.37, '50-59': 78.57, '60-69': 75.21, '70-79': 84.3, '80-89': 88.71, '90-99': 88.39, 'old': 0, 'new': 83.87, 'harmonic': 0.0}
2026-06-15 19:16:16,828 [trainer.py] => CNN top1 curve: [83.87]
2026-06-15 19:16:16,828 [trainer.py] => CNN top5 curve: [96.84]
2026-06-15 19:16:16,828 [trainer.py] => Average Accuracy (CNN top1): 83.87
2026-06-15 19:16:16,834 [simplecil.py] => Learning on 100-120
2026-06-15 19:16:25,120 [trainer.py] => CNN: {'total': 80.98, '00-09': 79.2, '10-19': 87.16, '20-29': 80.15, '30-39': 91.82, '40-49': 72.9, '50-59': 77.68, '60-69': 75.21, '70-79': 83.47, '80-89': 86.29, '90-99': 86.61, '100-109': 71.03, '110-119': 80.0, 'old': 82.0, 'new': 75.86, 'harmonic': 78.81}
2026-06-15 19:16:25,121 [trainer.py] => CNN top1 curve: [83.87, 80.98]
2026-06-15 19:16:25,121 [trainer.py] => CNN top5 curve: [96.84, 96.37]
2026-06-15 19:16:25,121 [trainer.py] => Average Accuracy (CNN top1): 82.42500000000001
2026-06-15 19:16:25,124 [simplecil.py] => Learning on 120-140
2026-06-15 19:16:34,731 [trainer.py] => CNN: {'total': 80.79, '00-09': 76.8, '10-19': 83.49, '20-29': 80.15, '30-39': 90.91, '40-49': 69.16, '50-59': 77.68, '60-69': 75.21, '70-79': 81.82, '80-89': 86.29, '90-99': 86.61, '100-109': 71.03, '110-119': 79.2, '120-129': 80.0, '130-139': 91.74, 'old': 79.91, 'new': 86.02, 'harmonic': 82.85}
2026-06-15 19:16:34,732 [trainer.py] => CNN top1 curve: [83.87, 80.98, 80.79]
2026-06-15 19:16:34,732 [trainer.py] => CNN top5 curve: [96.84, 96.37, 96.16]
2026-06-15 19:16:34,732 [trainer.py] => Average Accuracy (CNN top1): 81.88000000000001
2026-06-15 19:16:34,733 [simplecil.py] => Learning on 140-160
2026-06-15 19:16:43,946 [trainer.py] => CNN: {'total': 80.27, '00-09': 76.8, '10-19': 83.49, '20-29': 80.15, '30-39': 90.91, '40-49': 68.22, '50-59': 76.79, '60-69': 75.21, '70-79': 77.69, '80-89': 86.29, '90-99': 85.71, '100-109': 70.09, '110-119': 77.6, '120-129': 79.13, '130-139': 90.08, '140-149': 85.29, '150-159': 80.56, 'old': 79.94, 'new': 82.86, 'harmonic': 81.37}
2026-06-15 19:16:43,946 [trainer.py] => CNN top1 curve: [83.87, 80.98, 80.79, 80.27]
2026-06-15 19:16:43,947 [trainer.py] => CNN top5 curve: [96.84, 96.37, 96.16, 96.0]
2026-06-15 19:16:43,947 [trainer.py] => Average Accuracy (CNN top1): 81.4775
2026-06-15 19:16:43,951 [simplecil.py] => Learning on 160-180
2026-06-15 19:16:54,496 [trainer.py] => CNN: {'total': 78.4, '00-09': 76.0, '10-19': 81.65, '20-29': 78.63, '30-39': 89.09, '40-49': 67.29, '50-59': 75.0, '60-69': 75.21, '70-79': 76.86, '80-89': 83.87, '90-99': 85.71, '100-109': 69.16, '110-119': 74.4, '120-129': 79.13, '130-139': 90.08, '140-149': 78.43, '150-159': 78.7, '160-169': 68.6, '170-179': 82.91, 'old': 78.76, 'new': 75.63, 'harmonic': 77.16}
2026-06-15 19:16:54,496 [trainer.py] => CNN top1 curve: [83.87, 80.98, 80.79, 80.27, 78.4]
2026-06-15 19:16:54,496 [trainer.py] => CNN top5 curve: [96.84, 96.37, 96.16, 96.0, 95.69]
2026-06-15 19:16:54,496 [trainer.py] => Average Accuracy (CNN top1): 80.86200000000001
2026-06-15 19:16:54,499 [simplecil.py] => Learning on 180-200
2026-06-15 19:17:05,802 [trainer.py] => CNN: {'total': 77.52, '00-09': 76.0, '10-19': 81.65, '20-29': 77.86, '30-39': 89.09, '40-49': 67.29, '50-59': 69.64, '60-69': 74.38, '70-79': 76.03, '80-89': 83.87, '90-99': 83.93, '100-109': 68.22, '110-119': 66.4, '120-129': 78.26, '130-139': 90.08, '140-149': 76.47, '150-159': 77.78, '160-169': 67.77, '170-179': 80.34, '180-189': 81.69, '190-199': 82.03, 'old': 76.96, 'new': 81.85, 'harmonic': 79.33}
2026-06-15 19:17:05,803 [trainer.py] => CNN top1 curve: [83.87, 80.98, 80.79, 80.27, 78.4, 77.52]
2026-06-15 19:17:05,803 [trainer.py] => CNN top5 curve: [96.84, 96.37, 96.16, 96.0, 95.69, 95.34]
2026-06-15 19:17:05,804 [trainer.py] => Average Accuracy (CNN top1): 80.305
