2026-06-15 19:14:40,213 [trainer.py] => config: ./configs/simplecil/simplecil_cub_B100_Inc20.json
2026-06-15 19:14:40,214 [trainer.py] => prefix: -
2026-06-15 19:14:40,214 [trainer.py] => dataset: cub
2026-06-15 19:14:40,214 [trainer.py] => memory_size: 0
2026-06-15 19:14:40,214 [trainer.py] => memory_per_class: 0
2026-06-15 19:14:40,214 [trainer.py] => fixed_memory: False
2026-06-15 19:14:40,214 [trainer.py] => shuffle: True
2026-06-15 19:14:40,214 [trainer.py] => init_cls: 100
2026-06-15 19:14:40,214 [trainer.py] => increment: 20
2026-06-15 19:14:40,214 [trainer.py] => model_name: simplecil
2026-06-15 19:14:40,214 [trainer.py] => backbone_type: clip
2026-06-15 19:14:40,214 [trainer.py] => device: [device(type='cuda', index=5)]
2026-06-15 19:14:40,214 [trainer.py] => seed: 0
2026-06-15 19:14:40,214 [trainer.py] => total_class_num: 200
2026-06-15 19:14:40,345 [data_manager.py] => [18, 170, 107, 98, 177, 182, 5, 146, 12, 152, 61, 125, 180, 154, 80, 7, 33, 130, 37, 74, 183, 145, 45, 159, 60, 123, 179, 185, 122, 44, 16, 55, 150, 111, 22, 189, 129, 4, 83, 106, 134, 66, 26, 113, 168, 63, 8, 75, 118, 143, 71, 124, 184, 97, 149, 24, 30, 160, 40, 56, 131, 96, 181, 19, 153, 92, 54, 163, 51, 86, 139, 90, 137, 101, 144, 89, 109, 14, 27, 141, 187, 46, 138, 195, 108, 62, 2, 59, 136, 197, 43, 10, 194, 73, 196, 178, 175, 126, 93, 112, 158, 191, 50, 0, 94, 110, 95, 64, 167, 41, 69, 49, 48, 85, 13, 161, 23, 186, 135, 20, 15, 78, 104, 52, 100, 76, 3, 116, 164, 198, 6, 68, 84, 121, 155, 171, 156, 91, 199, 11, 119, 102, 35, 57, 65, 1, 120, 162, 42, 105, 132, 173, 17, 38, 133, 53, 157, 128, 34, 28, 114, 151, 31, 166, 127, 176, 32, 142, 169, 147, 29, 99, 82, 79, 115, 148, 193, 72, 77, 25, 165, 81, 188, 174, 190, 39, 58, 140, 88, 70, 87, 36, 21, 9, 103, 67, 192, 117, 47, 172]
2026-06-15 19:14:41,881 [instantiator.py] => Created a temporary directory at /tmp/tmp3ib4o04c
2026-06-15 19:14:41,882 [instantiator.py] => Writing /tmp/tmp3ib4o04c/_remote_module_non_scriptable.py
2026-06-15 19:14:42,030 [factory.py] => Loaded ViT-B-16 model config.
2026-06-15 19:14:43,783 [factory.py] => Loading pretrained ViT-B-16 weights (/home/team/zhaohongwei/pretrained_models/open_clip_pytorch_model_laion400m_e32.bin).
2026-06-15 19:14:44,552 [factory.py] => Loaded ViT-B-16 model config.
2026-06-15 19:14:46,289 [factory.py] => Loading pretrained ViT-B-16 weights (/home/team/zhaohongwei/pretrained_models/open_clip_pytorch_model_laion400m_e32.bin).
2026-06-15 19:14:47,833 [simplecil.py] => Learning on 0-100
2026-06-15 19:15:05,860 [trainer.py] => CNN: {'total': 84.01, '00-09': 81.42, '10-19': 84.62, '20-29': 80.83, '30-39': 89.69, '40-49': 74.8, '50-59': 82.76, '60-69': 90.6, '70-79': 87.18, '80-89': 88.03, '90-99': 82.08, 'old': 0, 'new': 84.01, 'harmonic': 0.0}
2026-06-15 19:15:05,860 [trainer.py] => CNN top1 curve: [84.01]
2026-06-15 19:15:05,860 [trainer.py] => CNN top5 curve: [97.11]
2026-06-15 19:15:05,860 [trainer.py] => Average Accuracy (CNN top1): 84.01
2026-06-15 19:15:05,862 [simplecil.py] => Learning on 100-120
2026-06-15 19:15:14,037 [trainer.py] => CNN: {'total': 82.54, '00-09': 81.42, '10-19': 84.62, '20-29': 79.17, '30-39': 85.57, '40-49': 74.02, '50-59': 81.38, '60-69': 88.03, '70-79': 86.32, '80-89': 82.91, '90-99': 82.08, '100-109': 82.3, '110-119': 84.21, 'old': 82.4, 'new': 83.26, 'harmonic': 82.83}
2026-06-15 19:15:14,038 [trainer.py] => CNN top1 curve: [84.01, 82.54]
2026-06-15 19:15:14,038 [trainer.py] => CNN top5 curve: [97.11, 97.01]
2026-06-15 19:15:14,038 [trainer.py] => Average Accuracy (CNN top1): 83.275
2026-06-15 19:15:14,039 [simplecil.py] => Learning on 120-140
2026-06-15 19:15:22,391 [trainer.py] => CNN: {'total': 82.07, '00-09': 80.53, '10-19': 84.62, '20-29': 79.17, '30-39': 84.54, '40-49': 69.29, '50-59': 80.69, '60-69': 85.47, '70-79': 86.32, '80-89': 82.91, '90-99': 80.19, '100-109': 82.3, '110-119': 84.21, '120-129': 85.94, '130-139': 84.17, 'old': 81.54, 'new': 85.08, 'harmonic': 83.27}
2026-06-15 19:15:22,391 [trainer.py] => CNN top1 curve: [84.01, 82.54, 82.07]
2026-06-15 19:15:22,391 [trainer.py] => CNN top5 curve: [97.11, 97.01, 96.85]
2026-06-15 19:15:22,391 [trainer.py] => Average Accuracy (CNN top1): 82.87333333333333
2026-06-15 19:15:22,393 [simplecil.py] => Learning on 140-160
2026-06-15 19:15:31,956 [trainer.py] => CNN: {'total': 80.71, '00-09': 80.53, '10-19': 80.34, '20-29': 77.5, '30-39': 79.38, '40-49': 68.5, '50-59': 80.0, '60-69': 85.47, '70-79': 84.62, '80-89': 82.05, '90-99': 80.19, '100-109': 82.3, '110-119': 84.21, '120-129': 85.16, '130-139': 83.33, '140-149': 76.92, '150-159': 81.1, 'old': 80.92, 'new': 79.22, 'harmonic': 80.06}
2026-06-15 19:15:31,957 [trainer.py] => CNN top1 curve: [84.01, 82.54, 82.07, 80.71]
2026-06-15 19:15:31,957 [trainer.py] => CNN top5 curve: [97.11, 97.01, 96.85, 96.55]
2026-06-15 19:15:31,957 [trainer.py] => Average Accuracy (CNN top1): 82.3325
2026-06-15 19:15:31,961 [simplecil.py] => Learning on 160-180
2026-06-15 19:15:42,144 [trainer.py] => CNN: {'total': 79.11, '00-09': 80.53, '10-19': 80.34, '20-29': 77.5, '30-39': 78.35, '40-49': 66.14, '50-59': 75.86, '60-69': 85.47, '70-79': 82.05, '80-89': 82.05, '90-99': 79.25, '100-109': 81.42, '110-119': 84.21, '120-129': 82.81, '130-139': 80.83, '140-149': 75.96, '150-159': 79.53, '160-169': 75.0, '170-179': 78.26, 'old': 79.44, 'new': 76.57, 'harmonic': 77.98}
2026-06-15 19:15:42,144 [trainer.py] => CNN top1 curve: [84.01, 82.54, 82.07, 80.71, 79.11]
2026-06-15 19:15:42,144 [trainer.py] => CNN top5 curve: [97.11, 97.01, 96.85, 96.55, 95.71]
2026-06-15 19:15:42,144 [trainer.py] => Average Accuracy (CNN top1): 81.688
2026-06-15 19:15:42,146 [simplecil.py] => Learning on 180-200
2026-06-15 19:15:53,441 [trainer.py] => CNN: {'total': 77.52, '00-09': 80.53, '10-19': 78.63, '20-29': 75.83, '30-39': 75.26, '40-49': 62.99, '50-59': 74.48, '60-69': 84.62, '70-79': 82.05, '80-89': 82.05, '90-99': 75.47, '100-109': 81.42, '110-119': 84.21, '120-129': 78.91, '130-139': 78.33, '140-149': 72.12, '150-159': 77.95, '160-169': 75.0, '170-179': 78.26, '180-189': 75.89, '190-199': 77.6, 'old': 77.6, 'new': 76.79, 'harmonic': 77.19}
2026-06-15 19:15:53,441 [trainer.py] => CNN top1 curve: [84.01, 82.54, 82.07, 80.71, 79.11, 77.52]
2026-06-15 19:15:53,441 [trainer.py] => CNN top5 curve: [97.11, 97.01, 96.85, 96.55, 95.71, 95.34]
2026-06-15 19:15:53,441 [trainer.py] => Average Accuracy (CNN top1): 80.99333333333333
