2026-06-15 22:04:00,028 [trainer.py] => config: ./configs/simplecil/simplecil_food_B50_Inc10.json
2026-06-15 22:04:00,028 [trainer.py] => prefix: -
2026-06-15 22:04:00,028 [trainer.py] => dataset: food101
2026-06-15 22:04:00,028 [trainer.py] => memory_size: 0
2026-06-15 22:04:00,028 [trainer.py] => memory_per_class: 0
2026-06-15 22:04:00,028 [trainer.py] => fixed_memory: False
2026-06-15 22:04:00,028 [trainer.py] => shuffle: True
2026-06-15 22:04:00,028 [trainer.py] => init_cls: 50
2026-06-15 22:04:00,028 [trainer.py] => increment: 10
2026-06-15 22:04:00,029 [trainer.py] => model_name: simplecil
2026-06-15 22:04:00,029 [trainer.py] => backbone_type: clip
2026-06-15 22:04:00,029 [trainer.py] => device: [device(type='cuda', index=5)]
2026-06-15 22:04:00,029 [trainer.py] => seed: 2026
2026-06-15 22:04:00,029 [trainer.py] => total_class_num: 100
2026-06-15 22:04:00,309 [data_manager.py] => [98, 10, 4, 18, 88, 13, 8, 84, 79, 21, 85, 96, 53, 42, 52, 97, 74, 5, 58, 23, 90, 59, 16, 72, 75, 30, 43, 99, 44, 41, 0, 46, 61, 80, 65, 39, 70, 87, 89, 91, 82, 14, 12, 71, 50, 11, 15, 57, 22, 67, 45, 32, 78, 63, 66, 55, 31, 62, 35, 34, 19, 49, 24, 9, 37, 36, 3, 64, 40, 86, 81, 93, 47, 73, 17, 60, 68, 25, 38, 48, 33, 20, 83, 7, 27, 94, 54, 2, 92, 76, 69, 51, 28, 29, 95, 77, 56, 26, 6, 1]
2026-06-15 22:04:00,477 [factory.py] => Loaded ViT-B-16 model config.
2026-06-15 22:04:01,945 [factory.py] => Loading pretrained ViT-B-16 weights (/home/team/zhaohongwei/pretrained_models/open_clip_pytorch_model_laion400m_e32.bin).
2026-06-15 22:04:02,508 [factory.py] => Loaded ViT-B-16 model config.
2026-06-15 22:04:03,821 [factory.py] => Loading pretrained ViT-B-16 weights (/home/team/zhaohongwei/pretrained_models/open_clip_pytorch_model_laion400m_e32.bin).
2026-06-15 22:04:04,301 [simplecil.py] => Learning on 0-50
2026-06-15 22:06:23,793 [trainer.py] => CNN: {'total': 85.33, '00-09': 83.28, '10-19': 88.32, '20-29': 87.31, '30-39': 86.47, '40-49': 81.14, 'old': 0, 'new': 85.33, 'harmonic': 0.0}
2026-06-15 22:06:23,794 [trainer.py] => CNN top1 curve: [85.33]
2026-06-15 22:06:23,794 [trainer.py] => CNN top5 curve: [97.21]
2026-06-15 22:06:23,794 [trainer.py] => Average Accuracy (CNN top1): 85.33
2026-06-15 22:06:23,796 [simplecil.py] => Learning on 50-60
2026-06-15 22:07:21,554 [trainer.py] => CNN: {'total': 84.81, '00-09': 82.93, '10-19': 86.31, '20-29': 87.05, '30-39': 85.72, '40-49': 79.74, '50-59': 86.99, 'old': 84.37, 'new': 86.99, 'harmonic': 85.66}
2026-06-15 22:07:21,555 [trainer.py] => CNN top1 curve: [85.33, 84.81]
2026-06-15 22:07:21,555 [trainer.py] => CNN top5 curve: [97.21, 96.97]
2026-06-15 22:07:21,555 [trainer.py] => Average Accuracy (CNN top1): 85.07
2026-06-15 22:07:21,557 [simplecil.py] => Learning on 60-70
2026-06-15 22:08:24,770 [trainer.py] => CNN: {'total': 83.95, '00-09': 81.97, '10-19': 85.59, '20-29': 86.14, '30-39': 84.68, '40-49': 78.28, '50-59': 86.3, '60-69': 84.58, 'old': 83.85, 'new': 84.58, 'harmonic': 84.21}
2026-06-15 22:08:24,771 [trainer.py] => CNN top1 curve: [85.33, 84.81, 83.95]
2026-06-15 22:08:24,771 [trainer.py] => CNN top5 curve: [97.21, 96.97, 96.51]
2026-06-15 22:08:24,771 [trainer.py] => Average Accuracy (CNN top1): 84.69666666666666
2026-06-15 22:08:24,772 [simplecil.py] => Learning on 70-80
2026-06-15 22:09:33,392 [trainer.py] => CNN: {'total': 82.36, '00-09': 80.26, '10-19': 84.54, '20-29': 84.45, '30-39': 84.09, '40-49': 76.73, '50-59': 85.86, '60-69': 81.9, '70-79': 80.9, 'old': 82.57, 'new': 80.9, 'harmonic': 81.73}
2026-06-15 22:09:33,393 [trainer.py] => CNN top1 curve: [85.33, 84.81, 83.95, 82.36]
2026-06-15 22:09:33,393 [trainer.py] => CNN top5 curve: [97.21, 96.97, 96.51, 96.18]
2026-06-15 22:09:33,393 [trainer.py] => Average Accuracy (CNN top1): 84.1125
2026-06-15 22:09:33,395 [simplecil.py] => Learning on 80-90
2026-06-15 22:10:48,499 [trainer.py] => CNN: {'total': 82.38, '00-09': 79.1, '10-19': 83.92, '20-29': 83.94, '30-39': 83.69, '40-49': 76.28, '50-59': 85.67, '60-69': 81.59, '70-79': 79.81, '80-89': 87.4, 'old': 81.77, 'new': 87.4, 'harmonic': 84.49}
2026-06-15 22:10:48,500 [trainer.py] => CNN top1 curve: [85.33, 84.81, 83.95, 82.36, 82.38]
2026-06-15 22:10:48,500 [trainer.py] => CNN top5 curve: [97.21, 96.97, 96.51, 96.18, 95.94]
2026-06-15 22:10:48,500 [trainer.py] => Average Accuracy (CNN top1): 83.76599999999999
2026-06-15 22:10:48,502 [simplecil.py] => Learning on 90-100
2026-06-15 22:12:08,065 [trainer.py] => CNN: {'total': 81.7, '00-09': 78.65, '10-19': 83.25, '20-29': 83.74, '30-39': 82.55, '40-49': 75.38, '50-59': 83.85, '60-69': 80.38, '70-79': 78.77, '80-89': 86.84, '90-99': 83.59, 'old': 81.49, 'new': 83.59, 'harmonic': 82.53}
2026-06-15 22:12:08,066 [trainer.py] => CNN top1 curve: [85.33, 84.81, 83.95, 82.36, 82.38, 81.7]
2026-06-15 22:12:08,066 [trainer.py] => CNN top5 curve: [97.21, 96.97, 96.51, 96.18, 95.94, 95.8]
2026-06-15 22:12:08,066 [trainer.py] => Average Accuracy (CNN top1): 83.42166666666667
