2026-06-15 21:01:02,787 [trainer.py] => config: ./configs/simplecil/simplecil_food_B0_Inc10.json
2026-06-15 21:01:02,787 [trainer.py] => prefix: -
2026-06-15 21:01:02,787 [trainer.py] => dataset: food101
2026-06-15 21:01:02,787 [trainer.py] => memory_size: 0
2026-06-15 21:01:02,787 [trainer.py] => memory_per_class: 0
2026-06-15 21:01:02,787 [trainer.py] => fixed_memory: False
2026-06-15 21:01:02,787 [trainer.py] => shuffle: True
2026-06-15 21:01:02,787 [trainer.py] => init_cls: 10
2026-06-15 21:01:02,787 [trainer.py] => increment: 10
2026-06-15 21:01:02,787 [trainer.py] => model_name: simplecil
2026-06-15 21:01:02,787 [trainer.py] => backbone_type: clip
2026-06-15 21:01:02,787 [trainer.py] => device: [device(type='cuda', index=5)]
2026-06-15 21:01:02,787 [trainer.py] => seed: 0
2026-06-15 21:01:02,787 [trainer.py] => total_class_num: 100
2026-06-15 21:01:03,113 [data_manager.py] => [26, 86, 2, 55, 75, 93, 16, 73, 54, 95, 53, 92, 78, 13, 7, 30, 22, 24, 33, 8, 43, 62, 3, 71, 45, 48, 6, 99, 82, 76, 60, 80, 90, 68, 51, 27, 18, 56, 63, 74, 1, 61, 42, 41, 4, 15, 17, 40, 38, 5, 91, 59, 0, 34, 28, 50, 11, 35, 23, 52, 10, 31, 66, 57, 79, 85, 32, 84, 14, 89, 19, 29, 49, 97, 98, 69, 20, 94, 72, 77, 25, 37, 81, 46, 39, 65, 58, 12, 88, 70, 87, 36, 21, 83, 9, 96, 67, 64, 47, 44]
2026-06-15 21:01:04,494 [instantiator.py] => Created a temporary directory at /tmp/tmpx5h77cq1
2026-06-15 21:01:04,494 [instantiator.py] => Writing /tmp/tmpx5h77cq1/_remote_module_non_scriptable.py
2026-06-15 21:01:04,639 [factory.py] => Loaded ViT-B-16 model config.
2026-06-15 21:01:06,171 [factory.py] => Loading pretrained ViT-B-16 weights (/home/team/zhaohongwei/pretrained_models/open_clip_pytorch_model_laion400m_e32.bin).
2026-06-15 21:01:06,655 [factory.py] => Loaded ViT-B-16 model config.
2026-06-15 21:01:08,025 [factory.py] => Loading pretrained ViT-B-16 weights (/home/team/zhaohongwei/pretrained_models/open_clip_pytorch_model_laion400m_e32.bin).
2026-06-15 21:01:09,028 [simplecil.py] => Learning on 0-10
2026-06-15 21:01:38,592 [trainer.py] => CNN: {'total': 95.58, '00-09': 95.58, 'old': 0, 'new': 95.58, 'harmonic': 0.0}
2026-06-15 21:01:38,592 [trainer.py] => CNN top1 curve: [95.58]
2026-06-15 21:01:38,592 [trainer.py] => CNN top5 curve: [99.65]
2026-06-15 21:01:38,593 [trainer.py] => Average Accuracy (CNN top1): 95.58
2026-06-15 21:01:38,595 [simplecil.py] => Learning on 10-20
2026-06-15 21:02:14,913 [trainer.py] => CNN: {'total': 92.97, '00-09': 92.67, '10-19': 93.26, 'old': 92.67, 'new': 93.26, 'harmonic': 92.96}
2026-06-15 21:02:14,913 [trainer.py] => CNN top1 curve: [95.58, 92.97]
2026-06-15 21:02:14,914 [trainer.py] => CNN top5 curve: [99.65, 99.4]
2026-06-15 21:02:14,914 [trainer.py] => Average Accuracy (CNN top1): 94.275
2026-06-15 21:02:14,915 [simplecil.py] => Learning on 20-30
2026-06-15 21:02:56,758 [trainer.py] => CNN: {'total': 91.07, '00-09': 91.02, '10-19': 90.22, '20-29': 91.92, 'old': 90.62, 'new': 91.92, 'harmonic': 91.27}
2026-06-15 21:02:56,758 [trainer.py] => CNN top1 curve: [95.58, 92.97, 91.07]
2026-06-15 21:02:56,758 [trainer.py] => CNN top5 curve: [99.65, 99.4, 98.82]
2026-06-15 21:02:56,759 [trainer.py] => Average Accuracy (CNN top1): 93.20666666666666
2026-06-15 21:02:56,760 [simplecil.py] => Learning on 30-40
2026-06-15 21:03:46,131 [trainer.py] => CNN: {'total': 90.02, '00-09': 90.32, '10-19': 88.91, '20-29': 89.7, '30-39': 91.14, 'old': 89.64, 'new': 91.14, 'harmonic': 90.38}
2026-06-15 21:03:46,132 [trainer.py] => CNN top1 curve: [95.58, 92.97, 91.07, 90.02]
2026-06-15 21:03:46,132 [trainer.py] => CNN top5 curve: [99.65, 99.4, 98.82, 98.58]
2026-06-15 21:03:46,132 [trainer.py] => Average Accuracy (CNN top1): 92.41
2026-06-15 21:03:46,133 [simplecil.py] => Learning on 40-50
2026-06-15 21:04:40,429 [trainer.py] => CNN: {'total': 87.68, '00-09': 89.01, '10-19': 87.44, '20-29': 86.41, '30-39': 89.97, '40-49': 85.6, 'old': 88.2, 'new': 85.6, 'harmonic': 86.88}
2026-06-15 21:04:40,429 [trainer.py] => CNN top1 curve: [95.58, 92.97, 91.07, 90.02, 87.68]
2026-06-15 21:04:40,429 [trainer.py] => CNN top5 curve: [99.65, 99.4, 98.82, 98.58, 98.09]
2026-06-15 21:04:40,429 [trainer.py] => Average Accuracy (CNN top1): 91.464
2026-06-15 21:04:40,431 [simplecil.py] => Learning on 50-60
2026-06-15 21:05:41,001 [trainer.py] => CNN: {'total': 86.31, '00-09': 88.46, '10-19': 86.32, '20-29': 84.77, '30-39': 88.69, '40-49': 84.6, '50-59': 85.0, 'old': 86.56, 'new': 85.0, 'harmonic': 85.77}
2026-06-15 21:05:41,001 [trainer.py] => CNN top1 curve: [95.58, 92.97, 91.07, 90.02, 87.68, 86.31]
2026-06-15 21:05:41,001 [trainer.py] => CNN top5 curve: [99.65, 99.4, 98.82, 98.58, 98.09, 97.73]
2026-06-15 21:05:41,001 [trainer.py] => Average Accuracy (CNN top1): 90.605
2026-06-15 21:05:41,003 [simplecil.py] => Learning on 60-70
2026-06-15 21:06:47,705 [trainer.py] => CNN: {'total': 85.04, '00-09': 87.31, '10-19': 85.82, '20-29': 83.56, '30-39': 87.57, '40-49': 83.66, '50-59': 83.95, '60-69': 83.45, 'old': 85.3, 'new': 83.45, 'harmonic': 84.36}
2026-06-15 21:06:47,705 [trainer.py] => CNN top1 curve: [95.58, 92.97, 91.07, 90.02, 87.68, 86.31, 85.04]
2026-06-15 21:06:47,705 [trainer.py] => CNN top5 curve: [99.65, 99.4, 98.82, 98.58, 98.09, 97.73, 97.31]
2026-06-15 21:06:47,705 [trainer.py] => Average Accuracy (CNN top1): 89.80999999999999
2026-06-15 21:06:47,707 [simplecil.py] => Learning on 70-80
2026-06-15 21:08:01,133 [trainer.py] => CNN: {'total': 84.23, '00-09': 85.85, '10-19': 85.21, '20-29': 83.22, '30-39': 87.32, '40-49': 82.26, '50-59': 82.84, '60-69': 82.2, '70-79': 84.98, 'old': 84.13, 'new': 84.98, 'harmonic': 84.55}
2026-06-15 21:08:01,133 [trainer.py] => CNN top1 curve: [95.58, 92.97, 91.07, 90.02, 87.68, 86.31, 85.04, 84.23]
2026-06-15 21:08:01,134 [trainer.py] => CNN top5 curve: [99.65, 99.4, 98.82, 98.58, 98.09, 97.73, 97.31, 97.01]
2026-06-15 21:08:01,134 [trainer.py] => Average Accuracy (CNN top1): 89.1125
2026-06-15 21:08:01,135 [simplecil.py] => Learning on 80-90
2026-06-15 21:09:19,404 [trainer.py] => CNN: {'total': 83.01, '00-09': 82.79, '10-19': 84.19, '20-29': 81.09, '30-39': 86.74, '40-49': 81.76, '50-59': 82.39, '60-69': 81.44, '70-79': 83.43, '80-89': 83.25, 'old': 82.98, 'new': 83.25, 'harmonic': 83.11}
2026-06-15 21:09:19,404 [trainer.py] => CNN top1 curve: [95.58, 92.97, 91.07, 90.02, 87.68, 86.31, 85.04, 84.23, 83.01]
2026-06-15 21:09:19,404 [trainer.py] => CNN top5 curve: [99.65, 99.4, 98.82, 98.58, 98.09, 97.73, 97.31, 97.01, 96.5]
2026-06-15 21:09:19,405 [trainer.py] => Average Accuracy (CNN top1): 88.43444444444444
2026-06-15 21:09:19,406 [simplecil.py] => Learning on 90-100
2026-06-15 21:10:43,008 [trainer.py] => CNN: {'total': 81.7, '00-09': 81.84, '10-19': 83.33, '20-29': 80.27, '30-39': 86.39, '40-49': 80.97, '50-59': 82.13, '60-69': 80.09, '70-79': 81.72, '80-89': 82.84, '90-99': 77.42, 'old': 82.18, 'new': 77.42, 'harmonic': 79.73}
2026-06-15 21:10:43,008 [trainer.py] => CNN top1 curve: [95.58, 92.97, 91.07, 90.02, 87.68, 86.31, 85.04, 84.23, 83.01, 81.7]
2026-06-15 21:10:43,008 [trainer.py] => CNN top5 curve: [99.65, 99.4, 98.82, 98.58, 98.09, 97.73, 97.31, 97.01, 96.5, 95.8]
2026-06-15 21:10:43,008 [trainer.py] => Average Accuracy (CNN top1): 87.761
