2026-06-16 00:22:31,715 [trainer.py] => config: ./configs/simplecil/simplecil_objectnet_B100_Inc20.json
2026-06-16 00:22:31,715 [trainer.py] => prefix: -
2026-06-16 00:22:31,715 [trainer.py] => dataset: objectnet
2026-06-16 00:22:31,716 [trainer.py] => memory_size: 0
2026-06-16 00:22:31,716 [trainer.py] => memory_per_class: 0
2026-06-16 00:22:31,716 [trainer.py] => fixed_memory: False
2026-06-16 00:22:31,716 [trainer.py] => shuffle: True
2026-06-16 00:22:31,716 [trainer.py] => init_cls: 100
2026-06-16 00:22:31,716 [trainer.py] => increment: 20
2026-06-16 00:22:31,716 [trainer.py] => model_name: simplecil
2026-06-16 00:22:31,716 [trainer.py] => backbone_type: clip
2026-06-16 00:22:31,716 [trainer.py] => device: [device(type='cuda', index=5)]
2026-06-16 00:22:31,716 [trainer.py] => seed: 42
2026-06-16 00:22:31,716 [trainer.py] => total_class_num: 200
2026-06-16 00:22:31,825 [data_manager.py] => [95, 15, 30, 158, 128, 115, 69, 170, 174, 45, 66, 182, 165, 78, 186, 177, 56, 152, 82, 68, 124, 16, 148, 93, 65, 60, 84, 67, 125, 132, 9, 18, 55, 75, 150, 104, 135, 137, 164, 76, 79, 197, 38, 24, 122, 195, 29, 19, 143, 86, 114, 173, 5, 126, 117, 73, 140, 98, 172, 96, 169, 97, 31, 12, 35, 119, 42, 189, 90, 136, 51, 127, 162, 41, 118, 113, 26, 139, 100, 111, 2, 77, 46, 187, 191, 85, 161, 36, 190, 61, 22, 141, 101, 33, 11, 194, 159, 6, 27, 120, 4, 32, 142, 145, 109, 144, 10, 62, 112, 146, 166, 0, 198, 153, 70, 123, 64, 44, 163, 28, 40, 108, 155, 156, 25, 23, 184, 147, 81, 39, 168, 47, 94, 154, 43, 138, 3, 105, 53, 133, 180, 178, 185, 49, 80, 34, 7, 110, 91, 83, 176, 181, 89, 8, 13, 59, 171, 131, 17, 72, 175, 134, 167, 183, 63, 54, 107, 50, 196, 58, 48, 88, 21, 57, 160, 192, 129, 37, 157, 193, 1, 52, 149, 130, 151, 103, 99, 116, 87, 74, 121, 199, 20, 188, 71, 106, 14, 92, 179, 102]
2026-06-16 00:22:31,954 [factory.py] => Loaded ViT-B-16 model config.
2026-06-16 00:22:34,133 [factory.py] => Loading pretrained ViT-B-16 weights (/home/team/zhaohongwei/pretrained_models/open_clip_pytorch_model_laion400m_e32.bin).
2026-06-16 00:22:35,140 [factory.py] => Loaded ViT-B-16 model config.
2026-06-16 00:22:37,045 [factory.py] => Loading pretrained ViT-B-16 weights (/home/team/zhaohongwei/pretrained_models/open_clip_pytorch_model_laion400m_e32.bin).
2026-06-16 00:22:38,215 [simplecil.py] => Learning on 0-100
2026-06-16 00:28:32,186 [trainer.py] => CNN: {'total': 47.82, '00-09': 51.45, '10-19': 45.16, '20-29': 55.65, '30-39': 49.5, '40-49': 43.61, '50-59': 44.58, '60-69': 49.67, '70-79': 47.57, '80-89': 43.11, '90-99': 48.21, 'old': 0, 'new': 47.82, 'harmonic': 0.0}
2026-06-16 00:28:32,186 [trainer.py] => CNN top1 curve: [47.82]
2026-06-16 00:28:32,186 [trainer.py] => CNN top5 curve: [73.54]
2026-06-16 00:28:32,186 [trainer.py] => Average Accuracy (CNN top1): 47.82
2026-06-16 00:28:32,189 [simplecil.py] => Learning on 100-120
2026-06-16 00:31:09,498 [trainer.py] => CNN: {'total': 46.45, '00-09': 48.87, '10-19': 42.58, '20-29': 52.75, '30-39': 48.51, '40-49': 40.56, '50-59': 43.65, '60-69': 49.34, '70-79': 45.95, '80-89': 41.62, '90-99': 46.56, '100-109': 46.73, '110-119': 50.42, 'old': 45.98, 'new': 48.63, 'harmonic': 47.27}
2026-06-16 00:31:09,499 [trainer.py] => CNN top1 curve: [47.82, 46.45]
2026-06-16 00:31:09,499 [trainer.py] => CNN top5 curve: [73.54, 71.34]
2026-06-16 00:31:09,499 [trainer.py] => Average Accuracy (CNN top1): 47.135000000000005
2026-06-16 00:31:09,502 [simplecil.py] => Learning on 120-140
2026-06-16 00:34:18,083 [trainer.py] => CNN: {'total': 44.1, '00-09': 47.59, '10-19': 40.97, '20-29': 52.75, '30-39': 45.21, '40-49': 38.61, '50-59': 41.18, '60-69': 47.37, '70-79': 44.66, '80-89': 40.12, '90-99': 44.63, '100-109': 44.94, '110-119': 49.3, '120-129': 33.04, '130-139': 47.52, 'old': 44.78, 'new': 40.06, 'harmonic': 42.29}
2026-06-16 00:34:18,083 [trainer.py] => CNN top1 curve: [47.82, 46.45, 44.1]
2026-06-16 00:34:18,083 [trainer.py] => CNN top5 curve: [73.54, 71.34, 68.75]
2026-06-16 00:34:18,083 [trainer.py] => Average Accuracy (CNN top1): 46.123333333333335
2026-06-16 00:34:18,085 [simplecil.py] => Learning on 140-160
2026-06-16 00:37:09,153 [trainer.py] => CNN: {'total': 42.41, '00-09': 46.62, '10-19': 39.03, '20-29': 50.14, '30-39': 44.22, '40-49': 37.22, '50-59': 36.22, '60-69': 46.05, '70-79': 44.01, '80-89': 39.82, '90-99': 42.98, '100-109': 43.75, '110-119': 46.76, '120-129': 31.87, '130-139': 44.1, '140-149': 48.84, '150-159': 37.07, 'old': 42.3, 'new': 43.16, 'harmonic': 42.73}
2026-06-16 00:37:09,154 [trainer.py] => CNN top1 curve: [47.82, 46.45, 44.1, 42.41]
2026-06-16 00:37:09,154 [trainer.py] => CNN top5 curve: [73.54, 71.34, 68.75, 67.68]
2026-06-16 00:37:09,155 [trainer.py] => Average Accuracy (CNN top1): 45.195
2026-06-16 00:37:09,158 [simplecil.py] => Learning on 160-180
2026-06-16 00:40:27,402 [trainer.py] => CNN: {'total': 41.25, '00-09': 45.02, '10-19': 37.42, '20-29': 48.99, '30-39': 44.22, '40-49': 34.72, '50-59': 35.29, '60-69': 45.72, '70-79': 41.75, '80-89': 39.22, '90-99': 41.6, '100-109': 42.56, '110-119': 45.63, '120-129': 30.41, '130-139': 42.24, '140-149': 45.64, '150-159': 36.45, '160-169': 43.52, '170-179': 42.45, 'old': 41.03, 'new': 42.96, 'harmonic': 41.97}
2026-06-16 00:40:27,402 [trainer.py] => CNN top1 curve: [47.82, 46.45, 44.1, 42.41, 41.25]
2026-06-16 00:40:27,402 [trainer.py] => CNN top5 curve: [73.54, 71.34, 68.75, 67.68, 66.33]
2026-06-16 00:40:27,403 [trainer.py] => Average Accuracy (CNN top1): 44.406
2026-06-16 00:40:27,411 [simplecil.py] => Learning on 180-200
2026-06-16 00:44:03,096 [trainer.py] => CNN: {'total': 40.13, '00-09': 45.02, '10-19': 37.42, '20-29': 48.12, '30-39': 42.57, '40-49': 33.61, '50-59': 34.06, '60-69': 44.74, '70-79': 41.75, '80-89': 38.32, '90-99': 41.32, '100-109': 41.07, '110-119': 45.07, '120-129': 30.12, '130-139': 41.93, '140-149': 43.6, '150-159': 34.89, '160-169': 41.98, '170-179': 41.03, '180-189': 37.35, '190-199': 39.19, 'old': 40.34, 'new': 38.3, 'harmonic': 39.29}
2026-06-16 00:44:03,096 [trainer.py] => CNN top1 curve: [47.82, 46.45, 44.1, 42.41, 41.25, 40.13]
2026-06-16 00:44:03,096 [trainer.py] => CNN top5 curve: [73.54, 71.34, 68.75, 67.68, 66.33, 64.57]
2026-06-16 00:44:03,097 [trainer.py] => Average Accuracy (CNN top1): 43.693333333333335
