2026-06-16 00:44:03,122 [trainer.py] => config: ./configs/simplecil/simplecil_objectnet_B100_Inc20.json
2026-06-16 00:44:03,122 [trainer.py] => prefix: -
2026-06-16 00:44:03,122 [trainer.py] => dataset: objectnet
2026-06-16 00:44:03,122 [trainer.py] => memory_size: 0
2026-06-16 00:44:03,122 [trainer.py] => memory_per_class: 0
2026-06-16 00:44:03,122 [trainer.py] => fixed_memory: False
2026-06-16 00:44:03,122 [trainer.py] => shuffle: True
2026-06-16 00:44:03,122 [trainer.py] => init_cls: 100
2026-06-16 00:44:03,122 [trainer.py] => increment: 20
2026-06-16 00:44:03,122 [trainer.py] => model_name: simplecil
2026-06-16 00:44:03,122 [trainer.py] => backbone_type: clip
2026-06-16 00:44:03,122 [trainer.py] => device: [device(type='cuda', index=5)]
2026-06-16 00:44:03,123 [trainer.py] => seed: 1993
2026-06-16 00:44:03,123 [trainer.py] => total_class_num: 200
2026-06-16 00:44:03,239 [data_manager.py] => [168, 136, 51, 9, 183, 101, 171, 99, 42, 159, 191, 70, 16, 188, 27, 10, 175, 26, 68, 187, 98, 6, 85, 35, 112, 43, 100, 0, 103, 181, 88, 59, 4, 2, 116, 174, 94, 80, 106, 1, 147, 17, 141, 131, 72, 23, 173, 54, 197, 118, 87, 32, 79, 104, 91, 19, 135, 107, 178, 36, 11, 199, 142, 8, 122, 3, 28, 57, 153, 172, 190, 56, 49, 44, 97, 62, 151, 169, 194, 55, 192, 12, 189, 78, 66, 180, 15, 137, 109, 134, 92, 119, 126, 52, 170, 40, 148, 65, 144, 64, 138, 45, 77, 89, 154, 90, 71, 193, 74, 30, 113, 143, 96, 84, 67, 50, 186, 156, 69, 21, 18, 111, 108, 58, 125, 157, 150, 110, 182, 129, 166, 83, 81, 60, 13, 165, 14, 176, 63, 117, 5, 22, 145, 121, 38, 41, 82, 127, 114, 20, 31, 53, 37, 163, 196, 130, 152, 162, 86, 76, 24, 34, 184, 149, 33, 128, 198, 155, 146, 167, 139, 120, 140, 102, 47, 25, 158, 123, 46, 164, 61, 7, 115, 75, 133, 160, 105, 132, 179, 124, 48, 73, 93, 39, 95, 195, 29, 177, 185, 161]
2026-06-16 00:44:03,359 [factory.py] => Loaded ViT-B-16 model config.
2026-06-16 00:44:05,051 [factory.py] => Loading pretrained ViT-B-16 weights (/home/team/zhaohongwei/pretrained_models/open_clip_pytorch_model_laion400m_e32.bin).
2026-06-16 00:44:06,276 [factory.py] => Loaded ViT-B-16 model config.
2026-06-16 00:44:08,049 [factory.py] => Loading pretrained ViT-B-16 weights (/home/team/zhaohongwei/pretrained_models/open_clip_pytorch_model_laion400m_e32.bin).
2026-06-16 00:44:09,130 [simplecil.py] => Learning on 0-100
2026-06-16 00:50:10,737 [trainer.py] => CNN: {'total': 50.98, '00-09': 57.31, '10-19': 59.44, '20-29': 43.17, '30-39': 55.84, '40-49': 47.4, '50-59': 52.29, '60-69': 49.45, '70-79': 40.79, '80-89': 45.88, '90-99': 56.51, 'old': 0, 'new': 50.98, 'harmonic': 0.0}
2026-06-16 00:50:10,737 [trainer.py] => CNN top1 curve: [50.98]
2026-06-16 00:50:10,737 [trainer.py] => CNN top5 curve: [75.99]
2026-06-16 00:50:10,737 [trainer.py] => Average Accuracy (CNN top1): 50.98
2026-06-16 00:50:10,739 [simplecil.py] => Learning on 100-120
2026-06-16 00:52:44,042 [trainer.py] => CNN: {'total': 48.48, '00-09': 54.95, '10-19': 56.29, '20-29': 41.93, '30-39': 53.63, '40-49': 46.48, '50-59': 50.33, '60-69': 48.08, '70-79': 36.25, '80-89': 43.92, '90-99': 53.55, '100-109': 47.87, '110-119': 46.92, 'old': 48.72, 'new': 47.35, 'harmonic': 48.03}
2026-06-16 00:52:44,042 [trainer.py] => CNN top1 curve: [50.98, 48.48]
2026-06-16 00:52:44,042 [trainer.py] => CNN top5 curve: [75.99, 73.23]
2026-06-16 00:52:44,042 [trainer.py] => Average Accuracy (CNN top1): 49.73
2026-06-16 00:52:44,044 [simplecil.py] => Learning on 120-140
2026-06-16 00:55:47,545 [trainer.py] => CNN: {'total': 45.83, '00-09': 52.36, '10-19': 52.1, '20-29': 39.75, '30-39': 52.37, '40-49': 45.26, '50-59': 48.69, '60-69': 48.08, '70-79': 34.14, '80-89': 40.78, '90-99': 52.37, '100-109': 46.56, '110-119': 42.9, '120-129': 38.89, '130-139': 45.82, 'old': 46.43, 'new': 42.26, 'harmonic': 44.25}
2026-06-16 00:55:47,546 [trainer.py] => CNN top1 curve: [50.98, 48.48, 45.83]
2026-06-16 00:55:47,546 [trainer.py] => CNN top5 curve: [75.99, 73.23, 70.56]
2026-06-16 00:55:47,546 [trainer.py] => Average Accuracy (CNN top1): 48.43
2026-06-16 00:55:47,550 [simplecil.py] => Learning on 140-160
2026-06-16 00:58:54,060 [trainer.py] => CNN: {'total': 43.16, '00-09': 51.18, '10-19': 51.75, '20-29': 38.51, '30-39': 49.84, '40-49': 44.04, '50-59': 46.08, '60-69': 43.96, '70-79': 33.23, '80-89': 38.82, '90-99': 50.59, '100-109': 46.23, '110-119': 41.29, '120-129': 37.13, '130-139': 45.51, '140-149': 33.78, '150-159': 38.95, 'old': 44.24, 'new': 36.33, 'harmonic': 39.9}
2026-06-16 00:58:54,061 [trainer.py] => CNN top1 curve: [50.98, 48.48, 45.83, 43.16]
2026-06-16 00:58:54,061 [trainer.py] => CNN top5 curve: [75.99, 73.23, 70.56, 68.08]
2026-06-16 00:58:54,061 [trainer.py] => Average Accuracy (CNN top1): 47.1125
2026-06-16 00:58:54,064 [simplecil.py] => Learning on 160-180
2026-06-16 01:02:26,622 [trainer.py] => CNN: {'total': 42.09, '00-09': 49.76, '10-19': 51.4, '20-29': 36.02, '30-39': 49.53, '40-49': 43.43, '50-59': 43.46, '60-69': 43.41, '70-79': 32.93, '80-89': 38.43, '90-99': 49.41, '100-109': 45.57, '110-119': 40.21, '120-129': 36.84, '130-139': 45.2, '140-149': 32.98, '150-159': 38.67, '160-169': 40.12, '170-179': 40.67, 'old': 42.3, 'new': 40.38, 'harmonic': 41.32}
2026-06-16 01:02:26,623 [trainer.py] => CNN top1 curve: [50.98, 48.48, 45.83, 43.16, 42.09]
2026-06-16 01:02:26,623 [trainer.py] => CNN top5 curve: [75.99, 73.23, 70.56, 68.08, 66.57]
2026-06-16 01:02:26,623 [trainer.py] => Average Accuracy (CNN top1): 46.108
2026-06-16 01:02:26,626 [simplecil.py] => Learning on 180-200
2026-06-16 01:06:10,849 [trainer.py] => CNN: {'total': 40.13, '00-09': 48.82, '10-19': 51.4, '20-29': 34.47, '30-39': 49.21, '40-49': 42.2, '50-59': 42.16, '60-69': 42.58, '70-79': 31.42, '80-89': 38.43, '90-99': 48.52, '100-109': 44.59, '110-119': 38.07, '120-129': 35.67, '130-139': 44.27, '140-149': 31.9, '150-159': 38.12, '160-169': 37.99, '170-179': 38.0, '180-189': 38.68, '190-199': 27.75, 'old': 40.96, 'new': 32.57, 'harmonic': 36.29}
2026-06-16 01:06:10,849 [trainer.py] => CNN top1 curve: [50.98, 48.48, 45.83, 43.16, 42.09, 40.13]
2026-06-16 01:06:10,849 [trainer.py] => CNN top5 curve: [75.99, 73.23, 70.56, 68.08, 66.57, 64.57]
2026-06-16 01:06:10,849 [trainer.py] => Average Accuracy (CNN top1): 45.11166666666667
