2026-06-15 19:30:48,524 [trainer.py] => config: ./configs/simplecil/simplecil_sun_B0_Inc30.json
2026-06-15 19:30:48,524 [trainer.py] => prefix: -
2026-06-15 19:30:48,524 [trainer.py] => dataset: sun
2026-06-15 19:30:48,524 [trainer.py] => memory_size: 0
2026-06-15 19:30:48,524 [trainer.py] => memory_per_class: 0
2026-06-15 19:30:48,524 [trainer.py] => fixed_memory: False
2026-06-15 19:30:48,525 [trainer.py] => shuffle: True
2026-06-15 19:30:48,525 [trainer.py] => init_cls: 30
2026-06-15 19:30:48,525 [trainer.py] => increment: 30
2026-06-15 19:30:48,525 [trainer.py] => model_name: simplecil
2026-06-15 19:30:48,525 [trainer.py] => backbone_type: clip
2026-06-15 19:30:48,525 [trainer.py] => device: [device(type='cuda', index=5)]
2026-06-15 19:30:48,525 [trainer.py] => seed: 0
2026-06-15 19:30:48,525 [trainer.py] => total_class_num: 300
2026-06-15 19:30:48,842 [data_manager.py] => [208, 188, 12, 221, 239, 136, 230, 206, 52, 108, 290, 15, 184, 248, 22, 74, 270, 90, 229, 164, 190, 103, 124, 129, 222, 116, 194, 286, 234, 295, 92, 66, 8, 122, 219, 150, 176, 182, 299, 5, 223, 89, 81, 34, 55, 139, 236, 64, 7, 45, 73, 213, 173, 106, 59, 253, 168, 26, 284, 153, 134, 145, 63, 293, 285, 224, 252, 111, 20, 46, 156, 228, 273, 27, 144, 259, 37, 97, 191, 135, 118, 160, 264, 214, 238, 76, 212, 225, 255, 237, 282, 44, 272, 189, 152, 158, 101, 54, 181, 18, 281, 250, 126, 171, 71, 227, 245, 205, 288, 215, 154, 159, 33, 83, 249, 60, 167, 280, 110, 21, 29, 146, 16, 56, 75, 109, 175, 201, 161, 4, 96, 166, 61, 67, 137, 198, 262, 279, 40, 268, 13, 107, 220, 3, 157, 125, 24, 30, 77, 291, 210, 19, 254, 241, 266, 80, 51, 2, 235, 104, 179, 86, 10, 199, 58, 41, 14, 155, 50, 292, 233, 123, 200, 62, 187, 226, 130, 209, 260, 43, 114, 138, 294, 218, 149, 112, 247, 98, 217, 93, 216, 162, 36, 178, 113, 0, 94, 275, 95, 296, 261, 240, 69, 49, 48, 85, 297, 141, 207, 23, 246, 148, 143, 78, 180, 100, 204, 131, 267, 298, 196, 6, 68, 203, 84, 170, 121, 140, 256, 274, 142, 257, 91, 82, 283, 11, 119, 102, 35, 57, 169, 231, 65, 1, 120, 269, 186, 42, 105, 132, 79, 17, 263, 232, 38, 133, 53, 258, 128, 28, 183, 163, 151, 244, 202, 31, 32, 127, 185, 278, 271, 147, 276, 177, 99, 197, 243, 115, 265, 72, 25, 165, 287, 174, 289, 39, 193, 88, 70, 87, 242, 277, 211, 9, 195, 251, 192, 117, 47, 172]
2026-06-15 19:30:50,552 [instantiator.py] => Created a temporary directory at /tmp/tmpmhud7qsn
2026-06-15 19:30:50,553 [instantiator.py] => Writing /tmp/tmpmhud7qsn/_remote_module_non_scriptable.py
2026-06-15 19:30:50,690 [factory.py] => Loaded ViT-B-16 model config.
2026-06-15 19:30:52,140 [factory.py] => Loading pretrained ViT-B-16 weights (/home/team/zhaohongwei/pretrained_models/open_clip_pytorch_model_laion400m_e32.bin).
2026-06-15 19:30:52,603 [factory.py] => Loaded ViT-B-16 model config.
2026-06-15 19:30:53,981 [factory.py] => Loading pretrained ViT-B-16 weights (/home/team/zhaohongwei/pretrained_models/open_clip_pytorch_model_laion400m_e32.bin).
2026-06-15 19:30:54,958 [simplecil.py] => Learning on 0-30
2026-06-15 19:31:53,520 [trainer.py] => CNN: {'total': 95.89, '00-09': 94.94, '10-19': 96.7, '20-29': 96.01, 'old': 0, 'new': 95.89, 'harmonic': 0.0}
2026-06-15 19:31:53,521 [trainer.py] => CNN top1 curve: [95.89]
2026-06-15 19:31:53,521 [trainer.py] => CNN top5 curve: [99.88]
2026-06-15 19:31:53,521 [trainer.py] => Average Accuracy (CNN top1): 95.89
2026-06-15 19:31:53,523 [simplecil.py] => Learning on 30-60
2026-06-15 19:33:16,790 [trainer.py] => CNN: {'total': 89.92, '00-09': 90.11, '10-19': 94.16, '20-29': 91.78, '30-39': 89.9, '40-49': 84.54, '50-59': 91.44, 'old': 91.91, 'new': 88.41, 'harmonic': 90.13}
2026-06-15 19:33:16,790 [trainer.py] => CNN top1 curve: [95.89, 89.92]
2026-06-15 19:33:16,791 [trainer.py] => CNN top5 curve: [99.88, 99.73]
2026-06-15 19:33:16,791 [trainer.py] => Average Accuracy (CNN top1): 92.905
2026-06-15 19:33:16,792 [simplecil.py] => Learning on 60-90
2026-06-15 19:34:50,256 [trainer.py] => CNN: {'total': 88.53, '00-09': 85.52, '10-19': 90.36, '20-29': 89.29, '30-39': 87.97, '40-49': 83.33, '50-59': 87.74, '60-69': 91.79, '70-79': 88.83, '80-89': 91.43, 'old': 87.27, 'new': 90.87, 'harmonic': 89.03}
2026-06-15 19:34:50,257 [trainer.py] => CNN top1 curve: [95.89, 89.92, 88.53]
2026-06-15 19:34:50,257 [trainer.py] => CNN top5 curve: [99.88, 99.73, 99.22]
2026-06-15 19:34:50,257 [trainer.py] => Average Accuracy (CNN top1): 91.44666666666667
2026-06-15 19:34:50,259 [simplecil.py] => Learning on 90-120
2026-06-15 19:36:31,011 [trainer.py] => CNN: {'total': 85.91, '00-09': 80.69, '10-19': 89.59, '20-29': 87.05, '30-39': 86.72, '40-49': 82.26, '50-59': 85.8, '60-69': 88.32, '70-79': 86.85, '80-89': 89.95, '90-99': 80.33, '100-109': 87.42, '110-119': 85.56, 'old': 86.44, 'new': 84.55, 'harmonic': 85.48}
2026-06-15 19:36:31,012 [trainer.py] => CNN top1 curve: [95.89, 89.92, 88.53, 85.91]
2026-06-15 19:36:31,012 [trainer.py] => CNN top5 curve: [99.88, 99.73, 99.22, 98.65]
2026-06-15 19:36:31,012 [trainer.py] => Average Accuracy (CNN top1): 90.0625
2026-06-15 19:36:31,015 [simplecil.py] => Learning on 120-150
2026-06-15 19:38:19,376 [trainer.py] => CNN: {'total': 83.12, '00-09': 77.93, '10-19': 86.55, '20-29': 86.55, '30-39': 83.54, '40-49': 81.18, '50-59': 84.05, '60-69': 80.58, '70-79': 85.77, '80-89': 89.46, '90-99': 79.73, '100-109': 86.29, '110-119': 79.14, '120-129': 84.4, '130-139': 80.21, '140-149': 84.04, 'old': 83.14, 'new': 83.05, 'harmonic': 83.09}
2026-06-15 19:38:19,376 [trainer.py] => CNN top1 curve: [95.89, 89.92, 88.53, 85.91, 83.12]
2026-06-15 19:38:19,376 [trainer.py] => CNN top5 curve: [99.88, 99.73, 99.22, 98.65, 98.01]
2026-06-15 19:38:19,376 [trainer.py] => Average Accuracy (CNN top1): 88.674
2026-06-15 19:38:19,377 [simplecil.py] => Learning on 150-180
2026-06-15 19:39:45,915 [trainer.py] => CNN: {'total': 81.84, '00-09': 76.78, '10-19': 84.26, '20-29': 85.8, '30-39': 82.18, '40-49': 80.65, '50-59': 75.1, '60-69': 78.61, '70-79': 85.23, '80-89': 88.47, '90-99': 79.12, '100-109': 83.06, '110-119': 77.73, '120-129': 84.23, '130-139': 78.82, '140-149': 82.78, '150-159': 79.07, '160-169': 88.4, '170-179': 90.91, 'old': 81.48, 'new': 84.6, 'harmonic': 83.01}
2026-06-15 19:39:45,915 [trainer.py] => CNN top1 curve: [95.89, 89.92, 88.53, 85.91, 83.12, 81.84]
2026-06-15 19:39:45,916 [trainer.py] => CNN top5 curve: [99.88, 99.73, 99.22, 98.65, 98.01, 97.8]
2026-06-15 19:39:45,916 [trainer.py] => Average Accuracy (CNN top1): 87.53500000000001
2026-06-15 19:39:45,919 [simplecil.py] => Learning on 180-210
2026-06-15 19:41:42,937 [trainer.py] => CNN: {'total': 80.13, '00-09': 75.86, '10-19': 82.49, '20-29': 84.68, '30-39': 80.59, '40-49': 79.44, '50-59': 73.15, '60-69': 76.99, '70-79': 82.7, '80-89': 87.97, '90-99': 74.58, '100-109': 82.42, '110-119': 76.13, '120-129': 83.19, '130-139': 76.56, '140-149': 79.7, '150-159': 76.36, '160-169': 87.29, '170-179': 89.7, '180-189': 74.78, '190-199': 77.4, '200-209': 85.57, 'old': 80.04, 'new': 80.62, 'harmonic': 80.33}
2026-06-15 19:41:42,937 [trainer.py] => CNN top1 curve: [95.89, 89.92, 88.53, 85.91, 83.12, 81.84, 80.13]
2026-06-15 19:41:42,937 [trainer.py] => CNN top5 curve: [99.88, 99.73, 99.22, 98.65, 98.01, 97.8, 97.38]
2026-06-15 19:41:42,937 [trainer.py] => Average Accuracy (CNN top1): 86.47714285714287
2026-06-15 19:41:42,939 [simplecil.py] => Learning on 210-240
2026-06-15 19:43:27,542 [trainer.py] => CNN: {'total': 78.9, '00-09': 74.25, '10-19': 81.73, '20-29': 83.94, '30-39': 76.96, '40-49': 79.03, '50-59': 72.96, '60-69': 75.03, '70-79': 81.62, '80-89': 87.64, '90-99': 74.28, '100-109': 81.45, '110-119': 73.52, '120-129': 81.8, '130-139': 75.52, '140-149': 77.88, '150-159': 75.24, '160-169': 86.19, '170-179': 89.09, '180-189': 74.56, '190-199': 76.22, '200-209': 81.58, '210-219': 77.5, '220-229': 82.91, '230-239': 82.41, 'old': 78.64, 'new': 81.21, 'harmonic': 79.9}
2026-06-15 19:43:27,543 [trainer.py] => CNN top1 curve: [95.89, 89.92, 88.53, 85.91, 83.12, 81.84, 80.13, 78.9]
2026-06-15 19:43:27,543 [trainer.py] => CNN top5 curve: [99.88, 99.73, 99.22, 98.65, 98.01, 97.8, 97.38, 97.02]
2026-06-15 19:43:27,543 [trainer.py] => Average Accuracy (CNN top1): 85.53
2026-06-15 19:43:27,546 [simplecil.py] => Learning on 240-270
2026-06-15 19:45:04,421 [trainer.py] => CNN: {'total': 77.27, '00-09': 72.18, '10-19': 80.96, '20-29': 83.06, '30-39': 75.03, '40-49': 78.49, '50-59': 71.98, '60-69': 74.34, '70-79': 81.26, '80-89': 87.15, '90-99': 72.62, '100-109': 79.68, '110-119': 72.32, '120-129': 81.11, '130-139': 74.48, '140-149': 76.62, '150-159': 73.64, '160-169': 86.19, '170-179': 87.27, '180-189': 74.12, '190-199': 72.97, '200-209': 81.17, '210-219': 77.27, '220-229': 82.4, '230-239': 82.03, '240-249': 74.26, '250-259': 68.5, '260-269': 72.09, 'old': 77.84, 'new': 71.39, 'harmonic': 74.48}
2026-06-15 19:45:04,422 [trainer.py] => CNN top1 curve: [95.89, 89.92, 88.53, 85.91, 83.12, 81.84, 80.13, 78.9, 77.27]
2026-06-15 19:45:04,422 [trainer.py] => CNN top5 curve: [99.88, 99.73, 99.22, 98.65, 98.01, 97.8, 97.38, 97.02, 96.46]
2026-06-15 19:45:04,422 [trainer.py] => Average Accuracy (CNN top1): 84.61222222222221
2026-06-15 19:45:04,425 [simplecil.py] => Learning on 270-300
2026-06-15 19:46:54,112 [trainer.py] => CNN: {'total': 75.6, '00-09': 71.49, '10-19': 80.96, '20-29': 72.35, '30-39': 73.44, '40-49': 77.15, '50-59': 71.6, '60-69': 73.76, '70-79': 80.36, '80-89': 86.82, '90-99': 72.16, '100-109': 79.52, '110-119': 71.82, '120-129': 77.47, '130-139': 72.22, '140-149': 75.94, '150-159': 73.16, '160-169': 86.19, '170-179': 86.36, '180-189': 73.68, '190-199': 70.16, '200-209': 80.66, '210-219': 76.36, '220-229': 82.06, '230-239': 80.5, '240-249': 72.21, '250-259': 62.27, '260-269': 70.77, '270-279': 75.35, '280-289': 65.03, '290-299': 84.15, 'old': 75.64, 'new': 75.23, 'harmonic': 75.43}
2026-06-15 19:46:54,112 [trainer.py] => CNN top1 curve: [95.89, 89.92, 88.53, 85.91, 83.12, 81.84, 80.13, 78.9, 77.27, 75.6]
2026-06-15 19:46:54,112 [trainer.py] => CNN top5 curve: [99.88, 99.73, 99.22, 98.65, 98.01, 97.8, 97.38, 97.02, 96.46, 95.98]
2026-06-15 19:46:54,112 [trainer.py] => Average Accuracy (CNN top1): 83.711
