2026-06-15 20:07:58,243 [trainer.py] => config: ./configs/simplecil/simplecil_sun_B0_Inc30.json
2026-06-15 20:07:58,243 [trainer.py] => prefix: -
2026-06-15 20:07:58,243 [trainer.py] => dataset: sun
2026-06-15 20:07:58,243 [trainer.py] => memory_size: 0
2026-06-15 20:07:58,243 [trainer.py] => memory_per_class: 0
2026-06-15 20:07:58,243 [trainer.py] => fixed_memory: False
2026-06-15 20:07:58,243 [trainer.py] => shuffle: True
2026-06-15 20:07:58,243 [trainer.py] => init_cls: 30
2026-06-15 20:07:58,244 [trainer.py] => increment: 30
2026-06-15 20:07:58,244 [trainer.py] => model_name: simplecil
2026-06-15 20:07:58,244 [trainer.py] => backbone_type: clip
2026-06-15 20:07:58,244 [trainer.py] => device: [device(type='cuda', index=5)]
2026-06-15 20:07:58,244 [trainer.py] => seed: 2026
2026-06-15 20:07:58,244 [trainer.py] => total_class_num: 300
2026-06-15 20:07:58,540 [data_manager.py] => [224, 200, 247, 134, 144, 294, 287, 225, 131, 191, 158, 138, 7, 23, 40, 155, 269, 178, 126, 44, 181, 266, 179, 275, 193, 114, 6, 235, 42, 109, 286, 230, 121, 210, 208, 102, 24, 256, 5, 254, 115, 168, 61, 184, 211, 18, 272, 227, 292, 296, 239, 107, 299, 283, 189, 202, 262, 105, 174, 206, 281, 150, 87, 265, 192, 271, 125, 74, 62, 56, 252, 197, 88, 180, 204, 46, 293, 298, 258, 146, 53, 80, 71, 37, 12, 219, 119, 4, 267, 90, 273, 65, 236, 1, 170, 100, 91, 213, 242, 209, 128, 261, 26, 50, 248, 140, 270, 185, 291, 156, 240, 199, 183, 186, 175, 81, 228, 177, 76, 52, 277, 54, 34, 94, 278, 110, 218, 99, 149, 220, 133, 234, 39, 154, 15, 233, 253, 289, 172, 187, 169, 143, 31, 198, 84, 157, 86, 173, 104, 9, 203, 147, 190, 223, 120, 30, 36, 196, 11, 288, 297, 285, 118, 129, 57, 82, 141, 241, 280, 45, 41, 151, 279, 166, 153, 217, 106, 93, 276, 123, 237, 167, 59, 48, 136, 246, 274, 244, 117, 60, 70, 229, 122, 20, 10, 63, 68, 231, 238, 171, 16, 72, 127, 232, 32, 124, 182, 0, 98, 264, 92, 38, 132, 95, 260, 97, 35, 8, 83, 163, 85, 113, 214, 13, 162, 145, 221, 33, 21, 195, 176, 215, 108, 103, 268, 165, 55, 69, 89, 2, 19, 67, 188, 284, 51, 243, 160, 222, 78, 255, 43, 142, 64, 207, 66, 161, 212, 164, 194, 14, 251, 139, 75, 79, 22, 58, 101, 73, 259, 159, 216, 226, 49, 152, 137, 3, 245, 290, 148, 47, 295, 201, 250, 17, 112, 25, 111, 135, 96, 263, 249, 27, 205, 130, 28, 116, 29, 77, 282, 257]
2026-06-15 20:07:58,973 [factory.py] => Loaded ViT-B-16 model config.
2026-06-15 20:08:00,422 [factory.py] => Loading pretrained ViT-B-16 weights (/home/team/zhaohongwei/pretrained_models/open_clip_pytorch_model_laion400m_e32.bin).
2026-06-15 20:08:00,897 [factory.py] => Loaded ViT-B-16 model config.
2026-06-15 20:08:02,195 [factory.py] => Loading pretrained ViT-B-16 weights (/home/team/zhaohongwei/pretrained_models/open_clip_pytorch_model_laion400m_e32.bin).
2026-06-15 20:08:02,768 [simplecil.py] => Learning on 0-30
2026-06-15 20:08:40,454 [trainer.py] => CNN: {'total': 96.33, '00-09': 94.71, '10-19': 96.93, '20-29': 97.11, 'old': 0, 'new': 96.33, 'harmonic': 0.0}
2026-06-15 20:08:40,455 [trainer.py] => CNN top1 curve: [96.33]
2026-06-15 20:08:40,455 [trainer.py] => CNN top5 curve: [99.89]
2026-06-15 20:08:40,455 [trainer.py] => Average Accuracy (CNN top1): 96.33
2026-06-15 20:08:40,456 [simplecil.py] => Learning on 30-60
2026-06-15 20:09:20,806 [trainer.py] => CNN: {'total': 90.97, '00-09': 89.96, '10-19': 95.6, '20-29': 92.78, '30-39': 92.9, '40-49': 85.39, '50-59': 85.96, 'old': 93.09, 'new': 88.74, 'harmonic': 90.86}
2026-06-15 20:09:20,807 [trainer.py] => CNN top1 curve: [96.33, 90.97]
2026-06-15 20:09:20,807 [trainer.py] => CNN top5 curve: [99.89, 99.23]
2026-06-15 20:09:20,808 [trainer.py] => Average Accuracy (CNN top1): 93.65
2026-06-15 20:09:20,811 [simplecil.py] => Learning on 60-90
2026-06-15 20:10:22,620 [trainer.py] => CNN: {'total': 87.66, '00-09': 88.87, '10-19': 94.27, '20-29': 89.53, '30-39': 91.55, '40-49': 82.7, '50-59': 80.07, '60-69': 84.65, '70-79': 88.95, '80-89': 83.77, 'old': 88.48, 'new': 86.28, 'harmonic': 87.37}
2026-06-15 20:10:22,621 [trainer.py] => CNN top1 curve: [96.33, 90.97, 87.66]
2026-06-15 20:10:22,621 [trainer.py] => CNN top5 curve: [99.89, 99.23, 98.74]
2026-06-15 20:10:22,621 [trainer.py] => Average Accuracy (CNN top1): 91.65333333333335
2026-06-15 20:10:22,622 [simplecil.py] => Learning on 90-120
2026-06-15 20:11:25,908 [trainer.py] => CNN: {'total': 85.38, '00-09': 87.96, '10-19': 92.8, '20-29': 88.27, '30-39': 91.15, '40-49': 78.65, '50-59': 75.39, '60-69': 82.96, '70-79': 81.22, '80-89': 80.94, '90-99': 87.22, '100-109': 87.55, '110-119': 87.84, 'old': 84.72, 'new': 87.53, 'harmonic': 86.1}
2026-06-15 20:11:25,908 [trainer.py] => CNN top1 curve: [96.33, 90.97, 87.66, 85.38]
2026-06-15 20:11:25,909 [trainer.py] => CNN top5 curve: [99.89, 99.23, 98.74, 98.3]
2026-06-15 20:11:25,909 [trainer.py] => Average Accuracy (CNN top1): 90.08500000000001
2026-06-15 20:11:25,911 [simplecil.py] => Learning on 120-150
2026-06-15 20:12:38,953 [trainer.py] => CNN: {'total': 83.62, '00-09': 83.21, '10-19': 88.27, '20-29': 86.1, '30-39': 90.35, '40-49': 77.08, '50-59': 74.18, '60-69': 81.69, '70-79': 79.29, '80-89': 80.0, '90-99': 86.41, '100-109': 85.92, '110-119': 85.25, '120-129': 88.08, '130-139': 81.51, '140-149': 80.87, 'old': 83.35, 'new': 84.96, 'harmonic': 84.15}
2026-06-15 20:12:38,953 [trainer.py] => CNN top1 curve: [96.33, 90.97, 87.66, 85.38, 83.62]
2026-06-15 20:12:38,953 [trainer.py] => CNN top5 curve: [99.89, 99.23, 98.74, 98.3, 97.89]
2026-06-15 20:12:38,954 [trainer.py] => Average Accuracy (CNN top1): 88.792
2026-06-15 20:12:38,956 [simplecil.py] => Learning on 150-180
2026-06-15 20:13:43,067 [trainer.py] => CNN: {'total': 82.17, '00-09': 82.48, '10-19': 83.2, '20-29': 84.84, '30-39': 88.74, '40-49': 75.51, '50-59': 73.48, '60-69': 77.89, '70-79': 76.93, '80-89': 78.11, '90-99': 85.44, '100-109': 85.56, '110-119': 84.28, '120-129': 87.01, '130-139': 80.82, '140-149': 80.1, '150-159': 82.6, '160-169': 82.34, '170-179': 88.52, 'old': 81.88, 'new': 83.89, 'harmonic': 82.87}
2026-06-15 20:13:43,067 [trainer.py] => CNN top1 curve: [96.33, 90.97, 87.66, 85.38, 83.62, 82.17]
2026-06-15 20:13:43,067 [trainer.py] => CNN top5 curve: [99.89, 99.23, 98.74, 98.3, 97.89, 97.51]
2026-06-15 20:13:43,067 [trainer.py] => Average Accuracy (CNN top1): 87.68833333333333
2026-06-15 20:13:43,069 [simplecil.py] => Learning on 180-210
2026-06-15 20:14:55,620 [trainer.py] => CNN: {'total': 80.08, '00-09': 80.11, '10-19': 81.87, '20-29': 80.87, '30-39': 87.94, '40-49': 72.36, '50-59': 71.58, '60-69': 73.38, '70-79': 74.79, '80-89': 76.6, '90-99': 84.95, '100-109': 83.94, '110-119': 83.79, '120-129': 85.34, '130-139': 80.82, '140-149': 78.57, '150-159': 78.72, '160-169': 81.85, '170-179': 87.7, '180-189': 76.77, '190-199': 82.14, '200-209': 77.3, 'old': 80.3, 'new': 78.63, 'harmonic': 79.46}
2026-06-15 20:14:55,620 [trainer.py] => CNN top1 curve: [96.33, 90.97, 87.66, 85.38, 83.62, 82.17, 80.08]
2026-06-15 20:14:55,620 [trainer.py] => CNN top5 curve: [99.89, 99.23, 98.74, 98.3, 97.89, 97.51, 96.99]
2026-06-15 20:14:55,621 [trainer.py] => Average Accuracy (CNN top1): 86.60142857142857
2026-06-15 20:14:55,622 [simplecil.py] => Learning on 210-240
2026-06-15 20:16:30,741 [trainer.py] => CNN: {'total': 78.72, '00-09': 77.55, '10-19': 80.53, '20-29': 80.14, '30-39': 87.13, '40-49': 71.24, '50-59': 71.06, '60-69': 71.41, '70-79': 73.39, '80-89': 75.28, '90-99': 84.47, '100-109': 82.85, '110-119': 83.47, '120-129': 84.15, '130-139': 78.77, '140-149': 78.06, '150-159': 77.2, '160-169': 81.19, '170-179': 86.89, '180-189': 75.35, '190-199': 81.55, '200-209': 76.66, '210-219': 80.9, '220-229': 77.56, '230-239': 73.88, 'old': 78.97, 'new': 77.05, 'harmonic': 78.0}
2026-06-15 20:16:30,741 [trainer.py] => CNN top1 curve: [96.33, 90.97, 87.66, 85.38, 83.62, 82.17, 80.08, 78.72]
2026-06-15 20:16:30,741 [trainer.py] => CNN top5 curve: [99.89, 99.23, 98.74, 98.3, 97.89, 97.51, 96.99, 96.62]
2026-06-15 20:16:30,741 [trainer.py] => Average Accuracy (CNN top1): 85.61625000000001
2026-06-15 20:16:30,744 [simplecil.py] => Learning on 240-270
2026-06-15 20:18:27,069 [trainer.py] => CNN: {'total': 77.14, '00-09': 73.91, '10-19': 80.53, '20-29': 78.7, '30-39': 86.19, '40-49': 69.66, '50-59': 69.84, '60-69': 70.42, '70-79': 72.21, '80-89': 73.58, '90-99': 80.91, '100-109': 81.59, '110-119': 82.33, '120-129': 83.55, '130-139': 78.08, '140-149': 77.81, '150-159': 73.31, '160-169': 80.53, '170-179': 86.07, '180-189': 73.94, '190-199': 78.25, '200-209': 75.37, '210-219': 80.54, '220-229': 76.84, '230-239': 72.18, '240-249': 71.61, '250-259': 80.5, '260-269': 72.97, 'old': 77.3, 'new': 76.24, 'harmonic': 76.77}
2026-06-15 20:18:27,069 [trainer.py] => CNN top1 curve: [96.33, 90.97, 87.66, 85.38, 83.62, 82.17, 80.08, 78.72, 77.14]
2026-06-15 20:18:27,069 [trainer.py] => CNN top5 curve: [99.89, 99.23, 98.74, 98.3, 97.89, 97.51, 96.99, 96.62, 96.5]
2026-06-15 20:18:27,069 [trainer.py] => Average Accuracy (CNN top1): 84.67444444444445
2026-06-15 20:18:27,073 [simplecil.py] => Learning on 270-300
2026-06-15 20:20:06,134 [trainer.py] => CNN: {'total': 75.6, '00-09': 73.54, '10-19': 78.8, '20-29': 72.74, '30-39': 85.52, '40-49': 68.54, '50-59': 69.32, '60-69': 70.14, '70-79': 71.78, '80-89': 72.64, '90-99': 77.02, '100-109': 79.78, '110-119': 81.85, '120-129': 81.53, '130-139': 77.74, '140-149': 76.53, '150-159': 72.13, '160-169': 78.05, '170-179': 86.07, '180-189': 73.31, '190-199': 77.86, '200-209': 72.81, '210-219': 80.0, '220-229': 74.51, '230-239': 72.05, '240-249': 70.98, '250-259': 80.33, '260-269': 68.0, '270-279': 68.09, '280-289': 78.25, '290-299': 75.3, 'old': 75.73, 'new': 74.23, 'harmonic': 74.97}
2026-06-15 20:20:06,134 [trainer.py] => CNN top1 curve: [96.33, 90.97, 87.66, 85.38, 83.62, 82.17, 80.08, 78.72, 77.14, 75.6]
2026-06-15 20:20:06,134 [trainer.py] => CNN top5 curve: [99.89, 99.23, 98.74, 98.3, 97.89, 97.51, 96.99, 96.62, 96.5, 95.98]
2026-06-15 20:20:06,134 [trainer.py] => Average Accuracy (CNN top1): 83.76700000000001
