2026-06-15 19:23:58,159 [trainer.py] => config: ./configs/simplecil/simplecil_ucf_B0_Inc10.json
2026-06-15 19:23:58,159 [trainer.py] => prefix: -
2026-06-15 19:23:58,159 [trainer.py] => dataset: ucf101
2026-06-15 19:23:58,159 [trainer.py] => memory_size: 0
2026-06-15 19:23:58,160 [trainer.py] => memory_per_class: 0
2026-06-15 19:23:58,160 [trainer.py] => fixed_memory: False
2026-06-15 19:23:58,160 [trainer.py] => shuffle: True
2026-06-15 19:23:58,160 [trainer.py] => init_cls: 10
2026-06-15 19:23:58,160 [trainer.py] => increment: 10
2026-06-15 19:23:58,160 [trainer.py] => model_name: simplecil
2026-06-15 19:23:58,160 [trainer.py] => backbone_type: clip
2026-06-15 19:23:58,160 [trainer.py] => device: [device(type='cuda', index=5)]
2026-06-15 19:23:58,160 [trainer.py] => seed: 2026
2026-06-15 19:23:58,160 [trainer.py] => total_class_num: 100
2026-06-15 19:23:58,205 [data_manager.py] => [98, 10, 4, 18, 88, 13, 8, 84, 79, 21, 85, 96, 53, 42, 52, 97, 74, 5, 58, 23, 90, 59, 16, 72, 75, 30, 43, 99, 44, 41, 0, 46, 61, 80, 65, 39, 70, 87, 89, 91, 82, 14, 12, 71, 50, 11, 15, 57, 22, 67, 45, 32, 78, 63, 66, 55, 31, 62, 35, 34, 19, 49, 24, 9, 37, 36, 3, 64, 40, 86, 81, 93, 47, 73, 17, 60, 68, 25, 38, 48, 33, 20, 83, 7, 27, 94, 54, 2, 92, 76, 69, 51, 28, 29, 95, 77, 56, 26, 6, 1]
2026-06-15 19:23:58,230 [factory.py] => Loaded ViT-B-16 model config.
2026-06-15 19:23:59,894 [factory.py] => Loading pretrained ViT-B-16 weights (/home/team/zhaohongwei/pretrained_models/open_clip_pytorch_model_laion400m_e32.bin).
2026-06-15 19:24:01,227 [factory.py] => Loaded ViT-B-16 model config.
2026-06-15 19:24:02,915 [factory.py] => Loading pretrained ViT-B-16 weights (/home/team/zhaohongwei/pretrained_models/open_clip_pytorch_model_laion400m_e32.bin).
2026-06-15 19:24:03,988 [simplecil.py] => Learning on 0-10
2026-06-15 19:24:09,080 [trainer.py] => CNN: {'total': 97.2, '00-09': 97.2, 'old': 0, 'new': 97.2, 'harmonic': 0.0}
2026-06-15 19:24:09,080 [trainer.py] => CNN top1 curve: [97.2]
2026-06-15 19:24:09,080 [trainer.py] => CNN top5 curve: [100.0]
2026-06-15 19:24:09,080 [trainer.py] => Average Accuracy (CNN top1): 97.2
2026-06-15 19:24:09,082 [simplecil.py] => Learning on 10-20
2026-06-15 19:24:14,741 [trainer.py] => CNN: {'total': 94.59, '00-09': 93.6, '10-19': 95.52, 'old': 93.6, 'new': 95.52, 'harmonic': 94.55}
2026-06-15 19:24:14,741 [trainer.py] => CNN top1 curve: [97.2, 94.59]
2026-06-15 19:24:14,741 [trainer.py] => CNN top5 curve: [100.0, 99.42]
2026-06-15 19:24:14,741 [trainer.py] => Average Accuracy (CNN top1): 95.89500000000001
2026-06-15 19:24:14,743 [simplecil.py] => Learning on 20-30
2026-06-15 19:24:21,735 [trainer.py] => CNN: {'total': 95.19, '00-09': 92.0, '10-19': 94.78, '20-29': 98.81, 'old': 93.44, 'new': 98.81, 'harmonic': 96.05}
2026-06-15 19:24:21,735 [trainer.py] => CNN top1 curve: [97.2, 94.59, 95.19]
2026-06-15 19:24:21,735 [trainer.py] => CNN top5 curve: [100.0, 99.42, 99.61]
2026-06-15 19:24:21,735 [trainer.py] => Average Accuracy (CNN top1): 95.66000000000001
2026-06-15 19:24:21,736 [simplecil.py] => Learning on 30-40
2026-06-15 19:24:29,505 [trainer.py] => CNN: {'total': 93.69, '00-09': 91.2, '10-19': 94.03, '20-29': 97.22, '30-39': 92.47, 'old': 94.16, 'new': 92.47, 'harmonic': 93.31}
2026-06-15 19:24:29,505 [trainer.py] => CNN top1 curve: [97.2, 94.59, 95.19, 93.69]
2026-06-15 19:24:29,505 [trainer.py] => CNN top5 curve: [100.0, 99.42, 99.61, 99.44]
2026-06-15 19:24:29,505 [trainer.py] => Average Accuracy (CNN top1): 95.1675
2026-06-15 19:24:29,506 [simplecil.py] => Learning on 40-50
2026-06-15 19:24:37,837 [trainer.py] => CNN: {'total': 90.81, '00-09': 90.4, '10-19': 90.67, '20-29': 96.43, '30-39': 89.73, '40-49': 87.01, 'old': 91.71, 'new': 87.01, 'harmonic': 89.3}
2026-06-15 19:24:37,837 [trainer.py] => CNN top1 curve: [97.2, 94.59, 95.19, 93.69, 90.81]
2026-06-15 19:24:37,837 [trainer.py] => CNN top5 curve: [100.0, 99.42, 99.61, 99.44, 99.09]
2026-06-15 19:24:37,837 [trainer.py] => Average Accuracy (CNN top1): 94.296
2026-06-15 19:24:37,839 [simplecil.py] => Learning on 50-60
2026-06-15 19:24:46,936 [trainer.py] => CNN: {'total': 89.06, '00-09': 88.8, '10-19': 89.93, '20-29': 96.03, '30-39': 89.38, '40-49': 85.43, '50-59': 85.09, 'old': 89.89, 'new': 85.09, 'harmonic': 87.42}
2026-06-15 19:24:46,936 [trainer.py] => CNN top1 curve: [97.2, 94.59, 95.19, 93.69, 90.81, 89.06]
2026-06-15 19:24:46,936 [trainer.py] => CNN top5 curve: [100.0, 99.42, 99.61, 99.44, 99.09, 98.55]
2026-06-15 19:24:46,937 [trainer.py] => Average Accuracy (CNN top1): 93.42333333333333
2026-06-15 19:24:46,939 [simplecil.py] => Learning on 60-70
2026-06-15 19:24:56,745 [trainer.py] => CNN: {'total': 88.9, '00-09': 88.0, '10-19': 88.81, '20-29': 96.03, '30-39': 88.7, '40-49': 84.65, '50-59': 83.64, '60-69': 92.83, 'old': 88.25, 'new': 92.83, 'harmonic': 90.48}
2026-06-15 19:24:56,745 [trainer.py] => CNN top1 curve: [97.2, 94.59, 95.19, 93.69, 90.81, 89.06, 88.9]
2026-06-15 19:24:56,745 [trainer.py] => CNN top5 curve: [100.0, 99.42, 99.61, 99.44, 99.09, 98.55, 98.65]
2026-06-15 19:24:56,745 [trainer.py] => Average Accuracy (CNN top1): 92.77714285714285
2026-06-15 19:24:56,748 [simplecil.py] => Learning on 70-80
2026-06-15 19:25:07,842 [trainer.py] => CNN: {'total': 88.56, '00-09': 87.6, '10-19': 86.94, '20-29': 94.84, '30-39': 86.64, '40-49': 84.65, '50-59': 83.27, '60-69': 92.83, '70-79': 91.96, 'old': 88.04, 'new': 91.96, 'harmonic': 89.96}
2026-06-15 19:25:07,842 [trainer.py] => CNN top1 curve: [97.2, 94.59, 95.19, 93.69, 90.81, 89.06, 88.9, 88.56]
2026-06-15 19:25:07,842 [trainer.py] => CNN top5 curve: [100.0, 99.42, 99.61, 99.44, 99.09, 98.55, 98.65, 98.32]
2026-06-15 19:25:07,842 [trainer.py] => Average Accuracy (CNN top1): 92.25
2026-06-15 19:25:07,845 [simplecil.py] => Learning on 80-90
2026-06-15 19:25:18,874 [trainer.py] => CNN: {'total': 87.13, '00-09': 86.8, '10-19': 84.33, '20-29': 94.44, '30-39': 86.3, '40-49': 81.89, '50-59': 80.0, '60-69': 91.7, '70-79': 91.26, '80-89': 87.64, 'old': 87.07, 'new': 87.64, 'harmonic': 87.35}
2026-06-15 19:25:18,874 [trainer.py] => CNN top1 curve: [97.2, 94.59, 95.19, 93.69, 90.81, 89.06, 88.9, 88.56, 87.13]
2026-06-15 19:25:18,874 [trainer.py] => CNN top5 curve: [100.0, 99.42, 99.61, 99.44, 99.09, 98.55, 98.65, 98.32, 98.14]
2026-06-15 19:25:18,874 [trainer.py] => Average Accuracy (CNN top1): 91.68111111111111
2026-06-15 19:25:18,877 [simplecil.py] => Learning on 90-100
2026-06-15 19:25:31,176 [trainer.py] => CNN: {'total': 85.79, '00-09': 84.4, '10-19': 83.21, '20-29': 94.44, '30-39': 84.93, '40-49': 80.71, '50-59': 80.0, '60-69': 90.19, '70-79': 91.26, '80-89': 86.55, '90-99': 81.53, 'old': 86.18, 'new': 81.53, 'harmonic': 83.79}
2026-06-15 19:25:31,177 [trainer.py] => CNN top1 curve: [97.2, 94.59, 95.19, 93.69, 90.81, 89.06, 88.9, 88.56, 87.13, 85.79]
2026-06-15 19:25:31,177 [trainer.py] => CNN top5 curve: [100.0, 99.42, 99.61, 99.44, 99.09, 98.55, 98.65, 98.32, 98.14, 97.84]
2026-06-15 19:25:31,177 [trainer.py] => Average Accuracy (CNN top1): 91.092
