2026-07-24 20:14:39,184 [trainer.py] => config: ./configs/proof/proof_aircraft_B50_Inc10.json
2026-07-24 20:14:39,185 [trainer.py] => prefix: -
2026-07-24 20:14:39,185 [trainer.py] => dataset: aircraft
2026-07-24 20:14:39,185 [trainer.py] => memory_size: 2000
2026-07-24 20:14:39,185 [trainer.py] => memory_per_class: 20
2026-07-24 20:14:39,185 [trainer.py] => fixed_memory: True
2026-07-24 20:14:39,185 [trainer.py] => shuffle: True
2026-07-24 20:14:39,185 [trainer.py] => init_cls: 50
2026-07-24 20:14:39,185 [trainer.py] => increment: 10
2026-07-24 20:14:39,185 [trainer.py] => model_name: proof
2026-07-24 20:14:39,185 [trainer.py] => backbone_type: clip
2026-07-24 20:14:39,185 [trainer.py] => device: [device(type='cuda', index=3)]
2026-07-24 20:14:39,185 [trainer.py] => seed: 42
2026-07-24 20:14:39,185 [trainer.py] => projection_type: pure_mlp
2026-07-24 20:14:39,185 [trainer.py] => frozen_layers: visual
2026-07-24 20:14:39,185 [trainer.py] => tuned_epoch: 10
2026-07-24 20:14:39,185 [trainer.py] => init_lr: 0.001
2026-07-24 20:14:39,185 [trainer.py] => batch_size: 64
2026-07-24 20:14:39,185 [trainer.py] => weight_decay: 0.05
2026-07-24 20:14:39,185 [trainer.py] => min_lr: 0
2026-07-24 20:14:39,186 [trainer.py] => optimizer: adam
2026-07-24 20:14:39,302 [data_manager.py] => [83, 53, 70, 45, 44, 39, 22, 80, 10, 0, 18, 30, 73, 33, 90, 4, 76, 77, 12, 31, 55, 88, 26, 42, 69, 15, 40, 96, 9, 72, 11, 47, 85, 28, 93, 5, 66, 65, 35, 16, 49, 34, 7, 95, 27, 19, 81, 25, 62, 13, 24, 3, 17, 38, 8, 78, 6, 64, 36, 89, 56, 99, 54, 43, 50, 67, 46, 68, 61, 97, 79, 41, 58, 48, 98, 57, 75, 32, 94, 59, 63, 84, 37, 29, 1, 52, 21, 2, 23, 87, 91, 74, 86, 82, 20, 60, 71, 14, 92, 51]
2026-07-24 20:14:39,333 [factory.py] => Loaded ViT-B-16 model config.
2026-07-24 20:14:40,578 [factory.py] => Loading pretrained ViT-B-16 weights (/public/home/hanlida/Dr.1/pretrained_models/open_clip_pytorch_model_laion400m_e32.bin).
2026-07-24 20:14:42,011 [factory.py] => Loaded ViT-B-16 model config.
2026-07-24 20:14:43,202 [factory.py] => Loading pretrained ViT-B-16 weights (/public/home/hanlida/Dr.1/pretrained_models/open_clip_pytorch_model_laion400m_e32.bin).
2026-07-24 20:14:44,554 [proof.py] => Learning on 0-50
2026-07-24 20:20:31,433 [base.py] => Constructing exemplars for new classes...(20 per classes)
2026-07-24 20:22:39,868 [proof.py] => Exemplar size: 1000
2026-07-24 20:22:39,868 [trainer.py] => CNN: {'total': 64.66, '00-09': 68.96, '10-19': 67.07, '20-29': 67.37, '30-39': 59.1, '40-49': 60.84, 'old': 0, 'new': 64.66, 'harmonic': 0.0}
2026-07-24 20:22:39,868 [trainer.py] => CNN top1 curve: [64.66]
2026-07-24 20:22:39,868 [trainer.py] => CNN top5 curve: [92.49]
2026-07-24 20:22:39,869 [trainer.py] => Average Accuracy (CNN top1): 64.66
2026-07-24 20:22:39,884 [proof.py] => Learning on 50-60
2026-07-24 20:26:46,636 [base.py] => Constructing exemplars for new classes...(20 per classes)
2026-07-24 20:28:05,681 [proof.py] => Exemplar size: 1200
2026-07-24 20:28:05,681 [trainer.py] => CNN: {'total': 60.84, '00-09': 62.39, '10-19': 62.24, '20-29': 71.6, '30-39': 52.24, '40-49': 53.01, '50-59': 63.66, 'old': 60.28, 'new': 63.66, 'harmonic': 61.92}
2026-07-24 20:28:05,681 [trainer.py] => CNN top1 curve: [64.66, 60.84]
2026-07-24 20:28:05,681 [trainer.py] => CNN top5 curve: [92.49, 89.78]
2026-07-24 20:28:05,681 [trainer.py] => Average Accuracy (CNN top1): 62.75
2026-07-24 20:28:05,690 [proof.py] => Learning on 60-70
2026-07-24 20:32:37,798 [base.py] => Constructing exemplars for new classes...(20 per classes)
2026-07-24 20:34:03,019 [proof.py] => Exemplar size: 1400
2026-07-24 20:34:03,020 [trainer.py] => CNN: {'total': 57.73, '00-09': 44.48, '10-19': 63.44, '20-29': 68.88, '30-39': 52.24, '40-49': 51.2, '50-59': 49.25, '60-69': 74.77, 'old': 54.88, 'new': 74.77, 'harmonic': 63.3}
2026-07-24 20:34:03,020 [trainer.py] => CNN top1 curve: [64.66, 60.84, 57.73]
2026-07-24 20:34:03,020 [trainer.py] => CNN top5 curve: [92.49, 89.78, 88.03]
2026-07-24 20:34:03,020 [trainer.py] => Average Accuracy (CNN top1): 61.07666666666666
2026-07-24 20:34:03,033 [proof.py] => Learning on 70-80
2026-07-24 20:39:00,125 [base.py] => Constructing exemplars for new classes...(20 per classes)
2026-07-24 20:40:34,883 [proof.py] => Exemplar size: 1600
2026-07-24 20:40:34,884 [trainer.py] => CNN: {'total': 59.72, '00-09': 44.48, '10-19': 61.93, '20-29': 69.49, '30-39': 50.75, '40-49': 54.52, '50-59': 50.45, '60-69': 61.56, '70-79': 84.73, 'old': 56.14, 'new': 84.73, 'harmonic': 67.53}
2026-07-24 20:40:34,884 [trainer.py] => CNN top1 curve: [64.66, 60.84, 57.73, 59.72]
2026-07-24 20:40:34,884 [trainer.py] => CNN top5 curve: [92.49, 89.78, 88.03, 87.95]
2026-07-24 20:40:34,884 [trainer.py] => Average Accuracy (CNN top1): 60.7375
2026-07-24 20:40:34,888 [proof.py] => Learning on 80-90
2026-07-24 20:46:07,260 [base.py] => Constructing exemplars for new classes...(20 per classes)
2026-07-24 20:47:50,180 [proof.py] => Exemplar size: 1800
2026-07-24 20:47:50,181 [trainer.py] => CNN: {'total': 57.72, '00-09': 49.55, '10-19': 62.24, '20-29': 64.65, '30-39': 49.85, '40-49': 46.99, '50-59': 44.44, '60-69': 64.26, '70-79': 79.04, '80-89': 58.56, 'old': 57.62, 'new': 58.56, 'harmonic': 58.09}
2026-07-24 20:47:50,181 [trainer.py] => CNN top1 curve: [64.66, 60.84, 57.73, 59.72, 57.72]
2026-07-24 20:47:50,181 [trainer.py] => CNN top5 curve: [92.49, 89.78, 88.03, 87.95, 85.52]
2026-07-24 20:47:50,181 [trainer.py] => Average Accuracy (CNN top1): 60.13399999999999
2026-07-24 20:47:50,193 [proof.py] => Learning on 90-100
2026-07-24 20:54:00,245 [base.py] => Constructing exemplars for new classes...(20 per classes)
2026-07-24 20:55:54,678 [proof.py] => Exemplar size: 2000
2026-07-24 20:55:54,678 [trainer.py] => CNN: {'total': 58.6, '00-09': 49.25, '10-19': 59.21, '20-29': 62.84, '30-39': 51.94, '40-49': 47.59, '50-59': 48.05, '60-69': 66.37, '70-79': 79.64, '80-89': 43.84, '90-99': 77.08, 'old': 56.52, 'new': 77.08, 'harmonic': 65.22}
2026-07-24 20:55:54,678 [trainer.py] => CNN top1 curve: [64.66, 60.84, 57.73, 59.72, 57.72, 58.6]
2026-07-24 20:55:54,678 [trainer.py] => CNN top5 curve: [92.49, 89.78, 88.03, 87.95, 85.52, 85.3]
2026-07-24 20:55:54,678 [trainer.py] => Average Accuracy (CNN top1): 59.87833333333333
