2026-07-25 07:05:37,704 [trainer.py] => config: ./configs/proof/proof_cars_B0_Inc10.json
2026-07-25 07:05:37,704 [trainer.py] => prefix: -
2026-07-25 07:05:37,704 [trainer.py] => dataset: cars
2026-07-25 07:05:37,704 [trainer.py] => memory_size: 2000
2026-07-25 07:05:37,704 [trainer.py] => memory_per_class: 20
2026-07-25 07:05:37,704 [trainer.py] => fixed_memory: True
2026-07-25 07:05:37,704 [trainer.py] => shuffle: True
2026-07-25 07:05:37,704 [trainer.py] => init_cls: 10
2026-07-25 07:05:37,704 [trainer.py] => increment: 10
2026-07-25 07:05:37,704 [trainer.py] => model_name: proof
2026-07-25 07:05:37,704 [trainer.py] => backbone_type: clip
2026-07-25 07:05:37,704 [trainer.py] => device: [device(type='cuda', index=3)]
2026-07-25 07:05:37,704 [trainer.py] => seed: 2026
2026-07-25 07:05:37,705 [trainer.py] => projection_type: pure_mlp
2026-07-25 07:05:37,705 [trainer.py] => frozen_layers: visual
2026-07-25 07:05:37,705 [trainer.py] => tuned_epoch: 10
2026-07-25 07:05:37,705 [trainer.py] => init_lr: 0.001
2026-07-25 07:05:37,705 [trainer.py] => batch_size: 64
2026-07-25 07:05:37,705 [trainer.py] => weight_decay: 0.05
2026-07-25 07:05:37,705 [trainer.py] => min_lr: 0
2026-07-25 07:05:37,705 [trainer.py] => optimizer: sgd
2026-07-25 07:05:38,080 [data_manager.py] => [98, 10, 4, 18, 88, 13, 8, 84, 79, 21, 85, 96, 53, 42, 52, 97, 74, 5, 58, 23, 90, 59, 16, 72, 75, 30, 43, 99, 44, 41, 0, 46, 61, 80, 65, 39, 70, 87, 89, 91, 82, 14, 12, 71, 50, 11, 15, 57, 22, 67, 45, 32, 78, 63, 66, 55, 31, 62, 35, 34, 19, 49, 24, 9, 37, 36, 3, 64, 40, 86, 81, 93, 47, 73, 17, 60, 68, 25, 38, 48, 33, 20, 83, 7, 27, 94, 54, 2, 92, 76, 69, 51, 28, 29, 95, 77, 56, 26, 6, 1]
2026-07-25 07:05:38,126 [factory.py] => Loaded ViT-B-16 model config.
2026-07-25 07:05:39,408 [factory.py] => Loading pretrained ViT-B-16 weights (/public/home/hanlida/Dr.1/pretrained_models/open_clip_pytorch_model_laion400m_e32.bin).
2026-07-25 07:05:40,632 [factory.py] => Loaded ViT-B-16 model config.
2026-07-25 07:05:41,712 [factory.py] => Loading pretrained ViT-B-16 weights (/public/home/hanlida/Dr.1/pretrained_models/open_clip_pytorch_model_laion400m_e32.bin).
2026-07-25 07:05:43,044 [proof.py] => Learning on 0-10
2026-07-25 07:06:53,490 [base.py] => Constructing exemplars for new classes...(20 per classes)
2026-07-25 07:07:13,494 [proof.py] => Exemplar size: 200
2026-07-25 07:07:13,495 [trainer.py] => CNN: {'total': 95.57, '00-09': 95.57, 'old': 0, 'new': 95.57, 'harmonic': 0.0}
2026-07-25 07:07:13,495 [trainer.py] => CNN top1 curve: [95.57]
2026-07-25 07:07:13,495 [trainer.py] => CNN top5 curve: [100.0]
2026-07-25 07:07:13,495 [trainer.py] => Average Accuracy (CNN top1): 95.57
2026-07-25 07:07:13,505 [proof.py] => Learning on 10-20
2026-07-25 07:09:00,280 [base.py] => Constructing exemplars for new classes...(20 per classes)
2026-07-25 07:09:30,850 [proof.py] => Exemplar size: 400
2026-07-25 07:09:30,850 [trainer.py] => CNN: {'total': 96.35, '00-09': 93.1, '10-19': 99.52, 'old': 93.1, 'new': 99.52, 'harmonic': 96.2}
2026-07-25 07:09:30,850 [trainer.py] => CNN top1 curve: [95.57, 96.35]
2026-07-25 07:09:30,850 [trainer.py] => CNN top5 curve: [100.0, 100.0]
2026-07-25 07:09:30,850 [trainer.py] => Average Accuracy (CNN top1): 95.96
2026-07-25 07:09:30,861 [proof.py] => Learning on 20-30
2026-07-25 07:11:49,460 [base.py] => Constructing exemplars for new classes...(20 per classes)
2026-07-25 07:12:28,546 [proof.py] => Exemplar size: 600
2026-07-25 07:12:28,546 [trainer.py] => CNN: {'total': 95.26, '00-09': 92.61, '10-19': 97.83, '20-29': 95.28, 'old': 95.25, 'new': 95.28, 'harmonic': 95.26}
2026-07-25 07:12:28,547 [trainer.py] => CNN top1 curve: [95.57, 96.35, 95.26]
2026-07-25 07:12:28,547 [trainer.py] => CNN top5 curve: [100.0, 100.0, 99.92]
2026-07-25 07:12:28,547 [trainer.py] => Average Accuracy (CNN top1): 95.72666666666667
2026-07-25 07:12:28,558 [proof.py] => Learning on 30-40
2026-07-25 07:15:25,863 [base.py] => Constructing exemplars for new classes...(20 per classes)
2026-07-25 07:16:15,298 [proof.py] => Exemplar size: 800
2026-07-25 07:16:15,298 [trainer.py] => CNN: {'total': 95.23, '00-09': 90.64, '10-19': 98.31, '20-29': 94.23, '30-39': 97.57, 'old': 94.43, 'new': 97.57, 'harmonic': 95.97}
2026-07-25 07:16:15,299 [trainer.py] => CNN top1 curve: [95.57, 96.35, 95.26, 95.23]
2026-07-25 07:16:15,299 [trainer.py] => CNN top5 curve: [100.0, 100.0, 99.92, 100.0]
2026-07-25 07:16:15,299 [trainer.py] => Average Accuracy (CNN top1): 95.6025
2026-07-25 07:16:15,310 [proof.py] => Learning on 40-50
2026-07-25 07:19:50,551 [base.py] => Constructing exemplars for new classes...(20 per classes)
2026-07-25 07:20:50,224 [proof.py] => Exemplar size: 1000
2026-07-25 07:20:50,224 [trainer.py] => CNN: {'total': 92.88, '00-09': 88.42, '10-19': 96.87, '20-29': 93.18, '30-39': 96.11, '40-49': 89.76, 'old': 93.68, 'new': 89.76, 'harmonic': 91.68}
2026-07-25 07:20:50,225 [trainer.py] => CNN top1 curve: [95.57, 96.35, 95.26, 95.23, 92.88]
2026-07-25 07:20:50,225 [trainer.py] => CNN top5 curve: [100.0, 100.0, 99.92, 100.0, 99.85]
2026-07-25 07:20:50,225 [trainer.py] => Average Accuracy (CNN top1): 95.058
2026-07-25 07:20:50,235 [proof.py] => Learning on 50-60
2026-07-25 07:25:05,561 [base.py] => Constructing exemplars for new classes...(20 per classes)
2026-07-25 07:26:15,875 [proof.py] => Exemplar size: 1200
2026-07-25 07:26:15,875 [trainer.py] => CNN: {'total': 93.32, '00-09': 87.44, '10-19': 96.39, '20-29': 92.13, '30-39': 95.13, '40-49': 92.93, '50-59': 95.67, 'old': 92.83, 'new': 95.67, 'harmonic': 94.23}
2026-07-25 07:26:15,875 [trainer.py] => CNN top1 curve: [95.57, 96.35, 95.26, 95.23, 92.88, 93.32]
2026-07-25 07:26:15,875 [trainer.py] => CNN top5 curve: [100.0, 100.0, 99.92, 100.0, 99.85, 99.88]
2026-07-25 07:26:15,875 [trainer.py] => Average Accuracy (CNN top1): 94.76833333333333
2026-07-25 07:26:15,885 [proof.py] => Learning on 60-70
2026-07-25 07:31:10,758 [base.py] => Constructing exemplars for new classes...(20 per classes)
2026-07-25 07:32:29,840 [proof.py] => Exemplar size: 1400
2026-07-25 07:32:29,841 [trainer.py] => CNN: {'total': 90.39, '00-09': 86.95, '10-19': 93.73, '20-29': 89.5, '30-39': 94.4, '40-49': 87.32, '50-59': 93.51, '60-69': 87.14, 'old': 90.94, 'new': 87.14, 'harmonic': 89.0}
2026-07-25 07:32:29,841 [trainer.py] => CNN top1 curve: [95.57, 96.35, 95.26, 95.23, 92.88, 93.32, 90.39]
2026-07-25 07:32:29,841 [trainer.py] => CNN top5 curve: [100.0, 100.0, 99.92, 100.0, 99.85, 99.88, 99.82]
2026-07-25 07:32:29,841 [trainer.py] => Average Accuracy (CNN top1): 94.14285714285714
2026-07-25 07:32:29,851 [proof.py] => Learning on 70-80
2026-07-25 07:38:01,971 [base.py] => Constructing exemplars for new classes...(20 per classes)
2026-07-25 07:39:29,150 [proof.py] => Exemplar size: 1600
2026-07-25 07:39:29,150 [trainer.py] => CNN: {'total': 89.63, '00-09': 86.21, '10-19': 93.73, '20-29': 88.19, '30-39': 95.86, '40-49': 86.1, '50-59': 93.99, '60-69': 86.89, '70-79': 85.64, 'old': 90.18, 'new': 85.64, 'harmonic': 87.85}
2026-07-25 07:39:29,150 [trainer.py] => CNN top1 curve: [95.57, 96.35, 95.26, 95.23, 92.88, 93.32, 90.39, 89.63]
2026-07-25 07:39:29,150 [trainer.py] => CNN top5 curve: [100.0, 100.0, 99.92, 100.0, 99.85, 99.88, 99.82, 99.78]
2026-07-25 07:39:29,150 [trainer.py] => Average Accuracy (CNN top1): 93.57875
2026-07-25 07:39:29,160 [proof.py] => Learning on 80-90
2026-07-25 07:45:46,180 [base.py] => Constructing exemplars for new classes...(20 per classes)
2026-07-25 07:47:25,271 [proof.py] => Exemplar size: 1800
2026-07-25 07:47:25,272 [trainer.py] => CNN: {'total': 89.07, '00-09': 84.48, '10-19': 94.94, '20-29': 85.56, '30-39': 93.92, '40-49': 85.85, '50-59': 93.99, '60-69': 86.65, '70-79': 85.38, '80-89': 90.21, 'old': 88.92, 'new': 90.21, 'harmonic': 89.56}
2026-07-25 07:47:25,272 [trainer.py] => CNN top1 curve: [95.57, 96.35, 95.26, 95.23, 92.88, 93.32, 90.39, 89.63, 89.07]
2026-07-25 07:47:25,272 [trainer.py] => CNN top5 curve: [100.0, 100.0, 99.92, 100.0, 99.85, 99.88, 99.82, 99.78, 99.75]
2026-07-25 07:47:25,272 [trainer.py] => Average Accuracy (CNN top1): 93.07777777777778
2026-07-25 07:47:25,281 [proof.py] => Learning on 90-100
2026-07-25 07:54:18,773 [base.py] => Constructing exemplars for new classes...(20 per classes)
2026-07-25 07:56:07,221 [proof.py] => Exemplar size: 2000
2026-07-25 07:56:07,222 [trainer.py] => CNN: {'total': 88.39, '00-09': 83.99, '10-19': 93.25, '20-29': 87.66, '30-39': 93.19, '40-49': 84.88, '50-59': 93.75, '60-69': 84.47, '70-79': 84.87, '80-89': 85.92, '90-99': 91.49, 'old': 88.03, 'new': 91.49, 'harmonic': 89.73}
2026-07-25 07:56:07,222 [trainer.py] => CNN top1 curve: [95.57, 96.35, 95.26, 95.23, 92.88, 93.32, 90.39, 89.63, 89.07, 88.39]
2026-07-25 07:56:07,222 [trainer.py] => CNN top5 curve: [100.0, 100.0, 99.92, 100.0, 99.85, 99.88, 99.82, 99.78, 99.75, 99.68]
2026-07-25 07:56:07,222 [trainer.py] => Average Accuracy (CNN top1): 92.60900000000001
