2026-07-25 08:36:52,556 [trainer.py] => config: ./configs/proof/proof_cars_B50_Inc10.json
2026-07-25 08:36:52,556 [trainer.py] => prefix: -
2026-07-25 08:36:52,556 [trainer.py] => dataset: cars
2026-07-25 08:36:52,556 [trainer.py] => memory_size: 2000
2026-07-25 08:36:52,556 [trainer.py] => memory_per_class: 20
2026-07-25 08:36:52,556 [trainer.py] => fixed_memory: True
2026-07-25 08:36:52,556 [trainer.py] => shuffle: True
2026-07-25 08:36:52,556 [trainer.py] => init_cls: 50
2026-07-25 08:36:52,556 [trainer.py] => increment: 10
2026-07-25 08:36:52,556 [trainer.py] => model_name: proof
2026-07-25 08:36:52,556 [trainer.py] => backbone_type: clip
2026-07-25 08:36:52,556 [trainer.py] => device: [device(type='cuda', index=3)]
2026-07-25 08:36:52,556 [trainer.py] => seed: 42
2026-07-25 08:36:52,556 [trainer.py] => projection_type: pure_mlp
2026-07-25 08:36:52,556 [trainer.py] => frozen_layers: visual
2026-07-25 08:36:52,557 [trainer.py] => tuned_epoch: 10
2026-07-25 08:36:52,557 [trainer.py] => init_lr: 0.001
2026-07-25 08:36:52,557 [trainer.py] => batch_size: 64
2026-07-25 08:36:52,557 [trainer.py] => weight_decay: 0.05
2026-07-25 08:36:52,557 [trainer.py] => min_lr: 0
2026-07-25 08:36:52,557 [trainer.py] => optimizer: sgd
2026-07-25 08:36:52,932 [data_manager.py] => [83, 53, 70, 45, 44, 39, 22, 80, 10, 0, 18, 30, 73, 33, 90, 4, 76, 77, 12, 31, 55, 88, 26, 42, 69, 15, 40, 96, 9, 72, 11, 47, 85, 28, 93, 5, 66, 65, 35, 16, 49, 34, 7, 95, 27, 19, 81, 25, 62, 13, 24, 3, 17, 38, 8, 78, 6, 64, 36, 89, 56, 99, 54, 43, 50, 67, 46, 68, 61, 97, 79, 41, 58, 48, 98, 57, 75, 32, 94, 59, 63, 84, 37, 29, 1, 52, 21, 2, 23, 87, 91, 74, 86, 82, 20, 60, 71, 14, 92, 51]
2026-07-25 08:36:52,979 [factory.py] => Loaded ViT-B-16 model config.
2026-07-25 08:36:54,231 [factory.py] => Loading pretrained ViT-B-16 weights (/public/home/hanlida/Dr.1/pretrained_models/open_clip_pytorch_model_laion400m_e32.bin).
2026-07-25 08:36:55,571 [factory.py] => Loaded ViT-B-16 model config.
2026-07-25 08:36:56,772 [factory.py] => Loading pretrained ViT-B-16 weights (/public/home/hanlida/Dr.1/pretrained_models/open_clip_pytorch_model_laion400m_e32.bin).
2026-07-25 08:36:58,182 [proof.py] => Learning on 0-50
2026-07-25 08:41:40,503 [base.py] => Constructing exemplars for new classes...(20 per classes)
2026-07-25 08:43:08,902 [proof.py] => Exemplar size: 1000
2026-07-25 08:43:08,903 [trainer.py] => CNN: {'total': 93.07, '00-09': 94.51, '10-19': 94.47, '20-29': 91.3, '30-39': 95.66, '40-49': 89.32, 'old': 0, 'new': 93.07, 'harmonic': 0.0}
2026-07-25 08:43:08,903 [trainer.py] => CNN top1 curve: [93.07]
2026-07-25 08:43:08,903 [trainer.py] => CNN top5 curve: [99.95]
2026-07-25 08:43:08,903 [trainer.py] => Average Accuracy (CNN top1): 93.07
2026-07-25 08:43:08,915 [proof.py] => Learning on 50-60
2026-07-25 08:47:21,882 [base.py] => Constructing exemplars for new classes...(20 per classes)
2026-07-25 08:48:28,242 [proof.py] => Exemplar size: 1200
2026-07-25 08:48:28,243 [trainer.py] => CNN: {'total': 91.31, '00-09': 93.77, '10-19': 93.75, '20-29': 93.86, '30-39': 90.84, '40-49': 86.89, '50-59': 88.94, 'old': 91.79, 'new': 88.94, 'harmonic': 90.34}
2026-07-25 08:48:28,243 [trainer.py] => CNN top1 curve: [93.07, 91.31]
2026-07-25 08:48:28,243 [trainer.py] => CNN top5 curve: [99.95, 99.84]
2026-07-25 08:48:28,243 [trainer.py] => Average Accuracy (CNN top1): 92.19
2026-07-25 08:48:28,251 [proof.py] => Learning on 60-70
2026-07-25 08:53:22,067 [base.py] => Constructing exemplars for new classes...(20 per classes)
2026-07-25 08:54:37,608 [proof.py] => Exemplar size: 1400
2026-07-25 08:54:37,608 [trainer.py] => CNN: {'total': 91.05, '00-09': 93.27, '10-19': 93.99, '20-29': 92.07, '30-39': 90.6, '40-49': 86.65, '50-59': 87.98, '60-69': 92.93, 'old': 90.74, 'new': 92.93, 'harmonic': 91.82}
2026-07-25 08:54:37,608 [trainer.py] => CNN top1 curve: [93.07, 91.31, 91.05]
2026-07-25 08:54:37,608 [trainer.py] => CNN top5 curve: [99.95, 99.84, 99.79]
2026-07-25 08:54:37,608 [trainer.py] => Average Accuracy (CNN top1): 91.81
2026-07-25 08:54:37,618 [proof.py] => Learning on 70-80
2026-07-25 09:00:07,719 [base.py] => Constructing exemplars for new classes...(20 per classes)
2026-07-25 09:01:33,519 [proof.py] => Exemplar size: 1600
2026-07-25 09:01:33,520 [trainer.py] => CNN: {'total': 89.39, '00-09': 93.02, '10-19': 92.79, '20-29': 89.26, '30-39': 90.84, '40-49': 84.47, '50-59': 88.46, '60-69': 86.59, '70-79': 89.77, 'old': 89.34, 'new': 89.77, 'harmonic': 89.55}
2026-07-25 09:01:33,520 [trainer.py] => CNN top1 curve: [93.07, 91.31, 91.05, 89.39]
2026-07-25 09:01:33,520 [trainer.py] => CNN top5 curve: [99.95, 99.84, 99.79, 99.88]
2026-07-25 09:01:33,520 [trainer.py] => Average Accuracy (CNN top1): 91.205
2026-07-25 09:01:33,530 [proof.py] => Learning on 80-90
2026-07-25 09:07:46,705 [base.py] => Constructing exemplars for new classes...(20 per classes)
2026-07-25 09:09:19,747 [proof.py] => Exemplar size: 1800
2026-07-25 09:09:19,747 [trainer.py] => CNN: {'total': 88.68, '00-09': 89.53, '10-19': 92.55, '20-29': 90.03, '30-39': 88.19, '40-49': 86.41, '50-59': 88.94, '60-69': 84.63, '70-79': 89.26, '80-89': 88.61, 'old': 88.68, 'new': 88.61, 'harmonic': 88.64}
2026-07-25 09:09:19,747 [trainer.py] => CNN top1 curve: [93.07, 91.31, 91.05, 89.39, 88.68]
2026-07-25 09:09:19,747 [trainer.py] => CNN top5 curve: [99.95, 99.84, 99.79, 99.88, 99.75]
2026-07-25 09:09:19,747 [trainer.py] => Average Accuracy (CNN top1): 90.7
2026-07-25 09:09:19,757 [proof.py] => Learning on 90-100
2026-07-25 09:16:16,108 [base.py] => Constructing exemplars for new classes...(20 per classes)
2026-07-25 09:18:01,425 [proof.py] => Exemplar size: 2000
2026-07-25 09:18:01,425 [trainer.py] => CNN: {'total': 88.51, '00-09': 86.53, '10-19': 91.83, '20-29': 90.03, '30-39': 89.88, '40-49': 86.17, '50-59': 89.9, '60-69': 85.85, '70-79': 88.75, '80-89': 85.15, '90-99': 90.87, 'old': 88.24, 'new': 90.87, 'harmonic': 89.54}
2026-07-25 09:18:01,425 [trainer.py] => CNN top1 curve: [93.07, 91.31, 91.05, 89.39, 88.68, 88.51]
2026-07-25 09:18:01,425 [trainer.py] => CNN top5 curve: [99.95, 99.84, 99.79, 99.88, 99.75, 99.58]
2026-07-25 09:18:01,426 [trainer.py] => Average Accuracy (CNN top1): 90.335
