2026-07-25 09:18:01,437 [trainer.py] => config: ./configs/proof/proof_cars_B50_Inc10.json
2026-07-25 09:18:01,437 [trainer.py] => prefix: -
2026-07-25 09:18:01,437 [trainer.py] => dataset: cars
2026-07-25 09:18:01,437 [trainer.py] => memory_size: 2000
2026-07-25 09:18:01,437 [trainer.py] => memory_per_class: 20
2026-07-25 09:18:01,437 [trainer.py] => fixed_memory: True
2026-07-25 09:18:01,437 [trainer.py] => shuffle: True
2026-07-25 09:18:01,437 [trainer.py] => init_cls: 50
2026-07-25 09:18:01,437 [trainer.py] => increment: 10
2026-07-25 09:18:01,437 [trainer.py] => model_name: proof
2026-07-25 09:18:01,437 [trainer.py] => backbone_type: clip
2026-07-25 09:18:01,437 [trainer.py] => device: [device(type='cuda', index=3)]
2026-07-25 09:18:01,437 [trainer.py] => seed: 2026
2026-07-25 09:18:01,438 [trainer.py] => projection_type: pure_mlp
2026-07-25 09:18:01,438 [trainer.py] => frozen_layers: visual
2026-07-25 09:18:01,438 [trainer.py] => tuned_epoch: 10
2026-07-25 09:18:01,438 [trainer.py] => init_lr: 0.001
2026-07-25 09:18:01,438 [trainer.py] => batch_size: 64
2026-07-25 09:18:01,438 [trainer.py] => weight_decay: 0.05
2026-07-25 09:18:01,438 [trainer.py] => min_lr: 0
2026-07-25 09:18:01,438 [trainer.py] => optimizer: sgd
2026-07-25 09:18:01,532 [data_manager.py] => [98, 10, 4, 18, 88, 13, 8, 84, 79, 21, 85, 96, 53, 42, 52, 97, 74, 5, 58, 23, 90, 59, 16, 72, 75, 30, 43, 99, 44, 41, 0, 46, 61, 80, 65, 39, 70, 87, 89, 91, 82, 14, 12, 71, 50, 11, 15, 57, 22, 67, 45, 32, 78, 63, 66, 55, 31, 62, 35, 34, 19, 49, 24, 9, 37, 36, 3, 64, 40, 86, 81, 93, 47, 73, 17, 60, 68, 25, 38, 48, 33, 20, 83, 7, 27, 94, 54, 2, 92, 76, 69, 51, 28, 29, 95, 77, 56, 26, 6, 1]
2026-07-25 09:18:01,544 [factory.py] => Loaded ViT-B-16 model config.
2026-07-25 09:18:02,681 [factory.py] => Loading pretrained ViT-B-16 weights (/public/home/hanlida/Dr.1/pretrained_models/open_clip_pytorch_model_laion400m_e32.bin).
2026-07-25 09:18:04,111 [factory.py] => Loaded ViT-B-16 model config.
2026-07-25 09:18:05,219 [factory.py] => Loading pretrained ViT-B-16 weights (/public/home/hanlida/Dr.1/pretrained_models/open_clip_pytorch_model_laion400m_e32.bin).
2026-07-25 09:18:06,616 [proof.py] => Learning on 0-50
2026-07-25 09:22:51,696 [base.py] => Constructing exemplars for new classes...(20 per classes)
2026-07-25 09:24:21,994 [proof.py] => Exemplar size: 1000
2026-07-25 09:24:21,994 [trainer.py] => CNN: {'total': 93.62, '00-09': 89.66, '10-19': 96.87, '20-29': 90.81, '30-39': 96.59, '40-49': 93.9, 'old': 0, 'new': 93.62, 'harmonic': 0.0}
2026-07-25 09:24:21,994 [trainer.py] => CNN top1 curve: [93.62]
2026-07-25 09:24:21,995 [trainer.py] => CNN top5 curve: [99.95]
2026-07-25 09:24:21,995 [trainer.py] => Average Accuracy (CNN top1): 93.62
2026-07-25 09:24:22,007 [proof.py] => Learning on 50-60
2026-07-25 09:28:37,942 [base.py] => Constructing exemplars for new classes...(20 per classes)
2026-07-25 09:29:47,350 [proof.py] => Exemplar size: 1200
2026-07-25 09:29:47,350 [trainer.py] => CNN: {'total': 93.4, '00-09': 87.19, '10-19': 96.39, '20-29': 91.6, '30-39': 94.89, '40-49': 93.66, '50-59': 96.39, 'old': 92.78, 'new': 96.39, 'harmonic': 94.55}
2026-07-25 09:29:47,351 [trainer.py] => CNN top1 curve: [93.62, 93.4]
2026-07-25 09:29:47,351 [trainer.py] => CNN top5 curve: [99.95, 99.96]
2026-07-25 09:29:47,351 [trainer.py] => Average Accuracy (CNN top1): 93.51
2026-07-25 09:29:47,359 [proof.py] => Learning on 60-70
2026-07-25 09:34:42,552 [base.py] => Constructing exemplars for new classes...(20 per classes)
2026-07-25 09:35:59,570 [proof.py] => Exemplar size: 1400
2026-07-25 09:35:59,571 [trainer.py] => CNN: {'total': 90.74, '00-09': 85.71, '10-19': 94.22, '20-29': 87.66, '30-39': 93.67, '40-49': 91.22, '50-59': 94.95, '60-69': 87.38, 'old': 91.31, 'new': 87.38, 'harmonic': 89.3}
2026-07-25 09:35:59,571 [trainer.py] => CNN top1 curve: [93.62, 93.4, 90.74]
2026-07-25 09:35:59,571 [trainer.py] => CNN top5 curve: [99.95, 99.96, 99.79]
2026-07-25 09:35:59,571 [trainer.py] => Average Accuracy (CNN top1): 92.58666666666666
2026-07-25 09:35:59,582 [proof.py] => Learning on 70-80
2026-07-25 09:41:31,663 [base.py] => Constructing exemplars for new classes...(20 per classes)
2026-07-25 09:42:57,177 [proof.py] => Exemplar size: 1600
2026-07-25 09:42:57,177 [trainer.py] => CNN: {'total': 89.94, '00-09': 85.47, '10-19': 92.77, '20-29': 86.61, '30-39': 94.89, '40-49': 88.78, '50-59': 94.47, '60-69': 88.35, '70-79': 87.69, 'old': 90.25, 'new': 87.69, 'harmonic': 88.95}
2026-07-25 09:42:57,177 [trainer.py] => CNN top1 curve: [93.62, 93.4, 90.74, 89.94]
2026-07-25 09:42:57,177 [trainer.py] => CNN top5 curve: [99.95, 99.96, 99.79, 99.88]
2026-07-25 09:42:57,177 [trainer.py] => Average Accuracy (CNN top1): 91.925
2026-07-25 09:42:57,186 [proof.py] => Learning on 80-90
2026-07-25 09:49:10,658 [base.py] => Constructing exemplars for new classes...(20 per classes)
2026-07-25 09:50:48,600 [proof.py] => Exemplar size: 1800
2026-07-25 09:50:48,600 [trainer.py] => CNN: {'total': 88.88, '00-09': 84.73, '10-19': 92.29, '20-29': 85.04, '30-39': 94.65, '40-49': 86.1, '50-59': 95.19, '60-69': 85.19, '70-79': 86.92, '80-89': 89.26, 'old': 88.83, 'new': 89.26, 'harmonic': 89.04}
2026-07-25 09:50:48,600 [trainer.py] => CNN top1 curve: [93.62, 93.4, 90.74, 89.94, 88.88]
2026-07-25 09:50:48,600 [trainer.py] => CNN top5 curve: [99.95, 99.96, 99.79, 99.88, 99.73]
2026-07-25 09:50:48,600 [trainer.py] => Average Accuracy (CNN top1): 91.316
2026-07-25 09:50:48,609 [proof.py] => Learning on 90-100
2026-07-25 09:57:45,155 [base.py] => Constructing exemplars for new classes...(20 per classes)
2026-07-25 09:59:31,518 [proof.py] => Exemplar size: 2000
2026-07-25 09:59:31,518 [trainer.py] => CNN: {'total': 88.27, '00-09': 85.47, '10-19': 91.08, '20-29': 85.56, '30-39': 92.7, '40-49': 86.1, '50-59': 93.99, '60-69': 84.95, '70-79': 88.21, '80-89': 85.92, '90-99': 88.42, 'old': 88.25, 'new': 88.42, 'harmonic': 88.33}
2026-07-25 09:59:31,518 [trainer.py] => CNN top1 curve: [93.62, 93.4, 90.74, 89.94, 88.88, 88.27]
2026-07-25 09:59:31,519 [trainer.py] => CNN top5 curve: [99.95, 99.96, 99.79, 99.88, 99.73, 99.66]
2026-07-25 09:59:31,519 [trainer.py] => Average Accuracy (CNN top1): 90.80833333333334
