2026-07-25 02:56:48,083 [trainer.py] => config: ./configs/proof/proof_cifar_B50_Inc10.json
2026-07-25 02:56:48,083 [trainer.py] => prefix: -
2026-07-25 02:56:48,083 [trainer.py] => dataset: cifar224
2026-07-25 02:56:48,083 [trainer.py] => memory_size: 2000
2026-07-25 02:56:48,083 [trainer.py] => memory_per_class: 20
2026-07-25 02:56:48,083 [trainer.py] => fixed_memory: True
2026-07-25 02:56:48,083 [trainer.py] => shuffle: True
2026-07-25 02:56:48,083 [trainer.py] => init_cls: 50
2026-07-25 02:56:48,083 [trainer.py] => increment: 10
2026-07-25 02:56:48,083 [trainer.py] => model_name: proof
2026-07-25 02:56:48,083 [trainer.py] => backbone_type: clip
2026-07-25 02:56:48,083 [trainer.py] => device: [device(type='cuda', index=3)]
2026-07-25 02:56:48,083 [trainer.py] => seed: 42
2026-07-25 02:56:48,083 [trainer.py] => projection_type: pure_mlp
2026-07-25 02:56:48,083 [trainer.py] => frozen_layers: visual
2026-07-25 02:56:48,083 [trainer.py] => tuned_epoch: 5
2026-07-25 02:56:48,084 [trainer.py] => init_lr: 0.001
2026-07-25 02:56:48,084 [trainer.py] => batch_size: 64
2026-07-25 02:56:48,084 [trainer.py] => weight_decay: 0.05
2026-07-25 02:56:48,084 [trainer.py] => min_lr: 0
2026-07-25 02:56:48,084 [trainer.py] => optimizer: sgd
2026-07-25 02:56:48,890 [data_manager.py] => [83, 53, 70, 45, 44, 39, 22, 80, 10, 0, 18, 30, 73, 33, 90, 4, 76, 77, 12, 31, 55, 88, 26, 42, 69, 15, 40, 96, 9, 72, 11, 47, 85, 28, 93, 5, 66, 65, 35, 16, 49, 34, 7, 95, 27, 19, 81, 25, 62, 13, 24, 3, 17, 38, 8, 78, 6, 64, 36, 89, 56, 99, 54, 43, 50, 67, 46, 68, 61, 97, 79, 41, 58, 48, 98, 57, 75, 32, 94, 59, 63, 84, 37, 29, 1, 52, 21, 2, 23, 87, 91, 74, 86, 82, 20, 60, 71, 14, 92, 51]
2026-07-25 02:56:48,975 [factory.py] => Loaded ViT-B-16 model config.
2026-07-25 02:56:50,050 [factory.py] => Loading pretrained ViT-B-16 weights (/public/home/hanlida/Dr.1/pretrained_models/open_clip_pytorch_model_laion400m_e32.bin).
2026-07-25 02:56:51,423 [factory.py] => Loaded ViT-B-16 model config.
2026-07-25 02:56:52,649 [factory.py] => Loading pretrained ViT-B-16 weights (/public/home/hanlida/Dr.1/pretrained_models/open_clip_pytorch_model_laion400m_e32.bin).
2026-07-25 02:56:53,976 [proof.py] => Learning on 0-50
2026-07-25 03:15:54,340 [base.py] => Constructing exemplars for new classes...(20 per classes)
2026-07-25 03:19:31,854 [proof.py] => Exemplar size: 1000
2026-07-25 03:19:31,854 [trainer.py] => CNN: {'total': 86.44, '00-09': 88.5, '10-19': 83.6, '20-29': 82.7, '30-39': 90.0, '40-49': 87.4, 'old': 0, 'new': 86.44, 'harmonic': 0.0}
2026-07-25 03:19:31,854 [trainer.py] => CNN top1 curve: [86.44]
2026-07-25 03:19:31,854 [trainer.py] => CNN top5 curve: [98.46]
2026-07-25 03:19:31,854 [trainer.py] => Average Accuracy (CNN top1): 86.44
2026-07-25 03:19:31,858 [proof.py] => Learning on 50-60
2026-07-25 03:26:13,225 [base.py] => Constructing exemplars for new classes...(20 per classes)
2026-07-25 03:28:06,069 [proof.py] => Exemplar size: 1200
2026-07-25 03:28:06,070 [trainer.py] => CNN: {'total': 81.27, '00-09': 81.6, '10-19': 74.0, '20-29': 75.7, '30-39': 82.3, '40-49': 80.7, '50-59': 93.3, 'old': 78.86, 'new': 93.3, 'harmonic': 85.47}
2026-07-25 03:28:06,070 [trainer.py] => CNN top1 curve: [86.44, 81.27]
2026-07-25 03:28:06,070 [trainer.py] => CNN top5 curve: [98.46, 97.3]
2026-07-25 03:28:06,070 [trainer.py] => Average Accuracy (CNN top1): 83.85499999999999
2026-07-25 03:28:06,079 [proof.py] => Learning on 60-70
2026-07-25 03:35:28,301 [base.py] => Constructing exemplars for new classes...(20 per classes)
2026-07-25 03:37:35,859 [proof.py] => Exemplar size: 1400
2026-07-25 03:37:35,859 [trainer.py] => CNN: {'total': 80.04, '00-09': 78.5, '10-19': 74.8, '20-29': 72.9, '30-39': 82.7, '40-49': 80.2, '50-59': 80.9, '60-69': 90.3, 'old': 78.33, 'new': 90.3, 'harmonic': 83.89}
2026-07-25 03:37:35,859 [trainer.py] => CNN top1 curve: [86.44, 81.27, 80.04]
2026-07-25 03:37:35,859 [trainer.py] => CNN top5 curve: [98.46, 97.3, 96.96]
2026-07-25 03:37:35,859 [trainer.py] => Average Accuracy (CNN top1): 82.58333333333333
2026-07-25 03:37:35,869 [proof.py] => Learning on 70-80
2026-07-25 03:45:35,742 [base.py] => Constructing exemplars for new classes...(20 per classes)
2026-07-25 03:47:55,399 [proof.py] => Exemplar size: 1600
2026-07-25 03:47:55,399 [trainer.py] => CNN: {'total': 79.7, '00-09': 78.1, '10-19': 74.8, '20-29': 72.7, '30-39': 80.2, '40-49': 76.8, '50-59': 81.6, '60-69': 79.7, '70-79': 93.7, 'old': 77.7, 'new': 93.7, 'harmonic': 84.95}
2026-07-25 03:47:55,400 [trainer.py] => CNN top1 curve: [86.44, 81.27, 80.04, 79.7]
2026-07-25 03:47:55,400 [trainer.py] => CNN top5 curve: [98.46, 97.3, 96.96, 96.66]
2026-07-25 03:47:55,400 [trainer.py] => Average Accuracy (CNN top1): 81.8625
2026-07-25 03:47:55,409 [proof.py] => Learning on 80-90
2026-07-25 03:56:33,014 [base.py] => Constructing exemplars for new classes...(20 per classes)
2026-07-25 03:59:07,415 [proof.py] => Exemplar size: 1800
2026-07-25 03:59:07,416 [trainer.py] => CNN: {'total': 78.78, '00-09': 76.3, '10-19': 74.5, '20-29': 70.3, '30-39': 74.0, '40-49': 76.5, '50-59': 79.8, '60-69': 81.8, '70-79': 82.9, '80-89': 92.9, 'old': 77.01, 'new': 92.9, 'harmonic': 84.21}
2026-07-25 03:59:07,416 [trainer.py] => CNN top1 curve: [86.44, 81.27, 80.04, 79.7, 78.78]
2026-07-25 03:59:07,416 [trainer.py] => CNN top5 curve: [98.46, 97.3, 96.96, 96.66, 96.2]
2026-07-25 03:59:07,416 [trainer.py] => Average Accuracy (CNN top1): 81.24600000000001
2026-07-25 03:59:07,425 [proof.py] => Learning on 90-100
2026-07-25 04:08:27,873 [base.py] => Constructing exemplars for new classes...(20 per classes)
2026-07-25 04:11:16,378 [proof.py] => Exemplar size: 2000
2026-07-25 04:11:16,378 [trainer.py] => CNN: {'total': 78.3, '00-09': 75.8, '10-19': 72.2, '20-29': 69.3, '30-39': 75.8, '40-49': 71.3, '50-59': 80.6, '60-69': 79.1, '70-79': 83.8, '80-89': 83.2, '90-99': 91.9, 'old': 76.79, 'new': 91.9, 'harmonic': 83.67}
2026-07-25 04:11:16,378 [trainer.py] => CNN top1 curve: [86.44, 81.27, 80.04, 79.7, 78.78, 78.3]
2026-07-25 04:11:16,378 [trainer.py] => CNN top5 curve: [98.46, 97.3, 96.96, 96.66, 96.2, 95.92]
2026-07-25 04:11:16,378 [trainer.py] => Average Accuracy (CNN top1): 80.75500000000001
