2026-07-24 22:58:12,105 [trainer.py] => config: ./configs/proof/proof_cifar_B0_Inc10.json
2026-07-24 22:58:12,105 [trainer.py] => prefix: -
2026-07-24 22:58:12,105 [trainer.py] => dataset: cifar224
2026-07-24 22:58:12,105 [trainer.py] => memory_size: 2000
2026-07-24 22:58:12,105 [trainer.py] => memory_per_class: 20
2026-07-24 22:58:12,105 [trainer.py] => fixed_memory: True
2026-07-24 22:58:12,106 [trainer.py] => shuffle: True
2026-07-24 22:58:12,106 [trainer.py] => init_cls: 10
2026-07-24 22:58:12,106 [trainer.py] => increment: 10
2026-07-24 22:58:12,106 [trainer.py] => model_name: proof
2026-07-24 22:58:12,106 [trainer.py] => backbone_type: clip
2026-07-24 22:58:12,106 [trainer.py] => device: [device(type='cuda', index=3)]
2026-07-24 22:58:12,106 [trainer.py] => seed: 42
2026-07-24 22:58:12,106 [trainer.py] => projection_type: pure_mlp
2026-07-24 22:58:12,106 [trainer.py] => frozen_layers: visual
2026-07-24 22:58:12,106 [trainer.py] => tuned_epoch: 5
2026-07-24 22:58:12,106 [trainer.py] => init_lr: 0.001
2026-07-24 22:58:12,106 [trainer.py] => batch_size: 64
2026-07-24 22:58:12,106 [trainer.py] => weight_decay: 0.05
2026-07-24 22:58:12,106 [trainer.py] => min_lr: 0
2026-07-24 22:58:12,106 [trainer.py] => optimizer: sgd
2026-07-24 22:58:13,098 [data_manager.py] => [83, 53, 70, 45, 44, 39, 22, 80, 10, 0, 18, 30, 73, 33, 90, 4, 76, 77, 12, 31, 55, 88, 26, 42, 69, 15, 40, 96, 9, 72, 11, 47, 85, 28, 93, 5, 66, 65, 35, 16, 49, 34, 7, 95, 27, 19, 81, 25, 62, 13, 24, 3, 17, 38, 8, 78, 6, 64, 36, 89, 56, 99, 54, 43, 50, 67, 46, 68, 61, 97, 79, 41, 58, 48, 98, 57, 75, 32, 94, 59, 63, 84, 37, 29, 1, 52, 21, 2, 23, 87, 91, 74, 86, 82, 20, 60, 71, 14, 92, 51]
2026-07-24 22:58:13,184 [factory.py] => Loaded ViT-B-16 model config.
2026-07-24 22:58:14,310 [factory.py] => Loading pretrained ViT-B-16 weights (/public/home/hanlida/Dr.1/pretrained_models/open_clip_pytorch_model_laion400m_e32.bin).
2026-07-24 22:58:16,292 [factory.py] => Loaded ViT-B-16 model config.
2026-07-24 22:58:17,794 [factory.py] => Loading pretrained ViT-B-16 weights (/public/home/hanlida/Dr.1/pretrained_models/open_clip_pytorch_model_laion400m_e32.bin).
2026-07-24 22:58:19,122 [proof.py] => Learning on 0-10
2026-07-24 23:01:57,172 [base.py] => Constructing exemplars for new classes...(20 per classes)
2026-07-24 23:02:41,350 [proof.py] => Exemplar size: 200
2026-07-24 23:02:41,351 [trainer.py] => CNN: {'total': 94.7, '00-09': 94.7, 'old': 0, 'new': 94.7, 'harmonic': 0.0}
2026-07-24 23:02:41,351 [trainer.py] => CNN top1 curve: [94.7]
2026-07-24 23:02:41,351 [trainer.py] => CNN top5 curve: [100.0]
2026-07-24 23:02:41,351 [trainer.py] => Average Accuracy (CNN top1): 94.7
2026-07-24 23:02:41,361 [proof.py] => Learning on 10-20
2026-07-24 23:06:54,867 [base.py] => Constructing exemplars for new classes...(20 per classes)
2026-07-24 23:07:52,595 [proof.py] => Exemplar size: 400
2026-07-24 23:07:52,595 [trainer.py] => CNN: {'total': 90.85, '00-09': 88.9, '10-19': 92.8, 'old': 88.9, 'new': 92.8, 'harmonic': 90.81}
2026-07-24 23:07:52,595 [trainer.py] => CNN top1 curve: [94.7, 90.85]
2026-07-24 23:07:52,595 [trainer.py] => CNN top5 curve: [100.0, 99.25]
2026-07-24 23:07:52,596 [trainer.py] => Average Accuracy (CNN top1): 92.775
2026-07-24 23:07:52,606 [proof.py] => Learning on 20-30
2026-07-24 23:12:43,456 [base.py] => Constructing exemplars for new classes...(20 per classes)
2026-07-24 23:13:54,491 [proof.py] => Exemplar size: 600
2026-07-24 23:13:54,492 [trainer.py] => CNN: {'total': 83.97, '00-09': 84.4, '10-19': 79.4, '20-29': 88.1, 'old': 81.9, 'new': 88.1, 'harmonic': 84.89}
2026-07-24 23:13:54,492 [trainer.py] => CNN top1 curve: [94.7, 90.85, 83.97]
2026-07-24 23:13:54,492 [trainer.py] => CNN top5 curve: [100.0, 99.25, 98.17]
2026-07-24 23:13:54,492 [trainer.py] => Average Accuracy (CNN top1): 89.83999999999999
2026-07-24 23:13:54,501 [proof.py] => Learning on 30-40
2026-07-24 23:19:16,691 [base.py] => Constructing exemplars for new classes...(20 per classes)
2026-07-24 23:20:42,304 [proof.py] => Exemplar size: 800
2026-07-24 23:20:42,304 [trainer.py] => CNN: {'total': 84.1, '00-09': 84.0, '10-19': 82.4, '20-29': 78.7, '30-39': 91.3, 'old': 81.7, 'new': 91.3, 'harmonic': 86.23}
2026-07-24 23:20:42,304 [trainer.py] => CNN top1 curve: [94.7, 90.85, 83.97, 84.1]
2026-07-24 23:20:42,304 [trainer.py] => CNN top5 curve: [100.0, 99.25, 98.17, 97.75]
2026-07-24 23:20:42,304 [trainer.py] => Average Accuracy (CNN top1): 88.405
2026-07-24 23:20:42,317 [proof.py] => Learning on 40-50
2026-07-24 23:26:47,157 [base.py] => Constructing exemplars for new classes...(20 per classes)
2026-07-24 23:28:25,808 [proof.py] => Exemplar size: 1000
2026-07-24 23:28:25,808 [trainer.py] => CNN: {'total': 82.18, '00-09': 83.3, '10-19': 77.6, '20-29': 79.4, '30-39': 83.3, '40-49': 87.3, 'old': 80.9, 'new': 87.3, 'harmonic': 83.98}
2026-07-24 23:28:25,808 [trainer.py] => CNN top1 curve: [94.7, 90.85, 83.97, 84.1, 82.18]
2026-07-24 23:28:25,808 [trainer.py] => CNN top5 curve: [100.0, 99.25, 98.17, 97.75, 97.76]
2026-07-24 23:28:25,809 [trainer.py] => Average Accuracy (CNN top1): 87.16
2026-07-24 23:28:25,818 [proof.py] => Learning on 50-60
2026-07-24 23:35:10,113 [base.py] => Constructing exemplars for new classes...(20 per classes)
2026-07-24 23:37:02,458 [proof.py] => Exemplar size: 1200
2026-07-24 23:37:02,458 [trainer.py] => CNN: {'total': 81.0, '00-09': 82.3, '10-19': 76.7, '20-29': 78.2, '30-39': 80.5, '40-49': 77.2, '50-59': 91.1, 'old': 78.98, 'new': 91.1, 'harmonic': 84.61}
2026-07-24 23:37:02,458 [trainer.py] => CNN top1 curve: [94.7, 90.85, 83.97, 84.1, 82.18, 81.0]
2026-07-24 23:37:02,458 [trainer.py] => CNN top5 curve: [100.0, 99.25, 98.17, 97.75, 97.76, 97.25]
2026-07-24 23:37:02,458 [trainer.py] => Average Accuracy (CNN top1): 86.13333333333333
2026-07-24 23:37:02,467 [proof.py] => Learning on 60-70
2026-07-24 23:44:22,396 [base.py] => Constructing exemplars for new classes...(20 per classes)
2026-07-24 23:46:29,070 [proof.py] => Exemplar size: 1400
2026-07-24 23:46:29,070 [trainer.py] => CNN: {'total': 80.63, '00-09': 78.9, '10-19': 77.4, '20-29': 74.8, '30-39': 82.2, '40-49': 79.6, '50-59': 83.2, '60-69': 88.3, 'old': 79.35, 'new': 88.3, 'harmonic': 83.59}
2026-07-24 23:46:29,070 [trainer.py] => CNN top1 curve: [94.7, 90.85, 83.97, 84.1, 82.18, 81.0, 80.63]
2026-07-24 23:46:29,070 [trainer.py] => CNN top5 curve: [100.0, 99.25, 98.17, 97.75, 97.76, 97.25, 96.8]
2026-07-24 23:46:29,070 [trainer.py] => Average Accuracy (CNN top1): 85.34714285714286
2026-07-24 23:46:29,080 [proof.py] => Learning on 70-80
2026-07-24 23:54:31,383 [base.py] => Constructing exemplars for new classes...(20 per classes)
2026-07-24 23:56:52,023 [proof.py] => Exemplar size: 1600
2026-07-24 23:56:52,023 [trainer.py] => CNN: {'total': 79.9, '00-09': 78.0, '10-19': 75.0, '20-29': 74.3, '30-39': 79.4, '40-49': 77.2, '50-59': 82.0, '60-69': 80.8, '70-79': 92.5, 'old': 78.1, 'new': 92.5, 'harmonic': 84.69}
2026-07-24 23:56:52,023 [trainer.py] => CNN top1 curve: [94.7, 90.85, 83.97, 84.1, 82.18, 81.0, 80.63, 79.9]
2026-07-24 23:56:52,023 [trainer.py] => CNN top5 curve: [100.0, 99.25, 98.17, 97.75, 97.76, 97.25, 96.8, 96.61]
2026-07-24 23:56:52,023 [trainer.py] => Average Accuracy (CNN top1): 84.66624999999999
2026-07-24 23:56:52,032 [proof.py] => Learning on 80-90
2026-07-25 00:05:35,980 [base.py] => Constructing exemplars for new classes...(20 per classes)
2026-07-25 00:08:09,777 [proof.py] => Exemplar size: 1800
2026-07-25 00:08:09,777 [trainer.py] => CNN: {'total': 79.02, '00-09': 75.2, '10-19': 74.7, '20-29': 72.0, '30-39': 74.0, '40-49': 76.7, '50-59': 80.9, '60-69': 81.7, '70-79': 84.0, '80-89': 92.0, 'old': 77.4, 'new': 92.0, 'harmonic': 84.07}
2026-07-25 00:08:09,777 [trainer.py] => CNN top1 curve: [94.7, 90.85, 83.97, 84.1, 82.18, 81.0, 80.63, 79.9, 79.02]
2026-07-25 00:08:09,777 [trainer.py] => CNN top5 curve: [100.0, 99.25, 98.17, 97.75, 97.76, 97.25, 96.8, 96.61, 96.32]
2026-07-25 00:08:09,777 [trainer.py] => Average Accuracy (CNN top1): 84.03888888888888
2026-07-25 00:08:09,786 [proof.py] => Learning on 90-100
2026-07-25 00:17:32,345 [base.py] => Constructing exemplars for new classes...(20 per classes)
2026-07-25 00:20:19,945 [proof.py] => Exemplar size: 2000
2026-07-25 00:20:19,945 [trainer.py] => CNN: {'total': 78.71, '00-09': 74.7, '10-19': 70.9, '20-29': 71.5, '30-39': 76.0, '40-49': 73.7, '50-59': 80.7, '60-69': 79.5, '70-79': 84.5, '80-89': 83.8, '90-99': 91.8, 'old': 77.26, 'new': 91.8, 'harmonic': 83.9}
2026-07-25 00:20:19,945 [trainer.py] => CNN top1 curve: [94.7, 90.85, 83.97, 84.1, 82.18, 81.0, 80.63, 79.9, 79.02, 78.71]
2026-07-25 00:20:19,945 [trainer.py] => CNN top5 curve: [100.0, 99.25, 98.17, 97.75, 97.76, 97.25, 96.8, 96.61, 96.32, 96.06]
2026-07-25 00:20:19,946 [trainer.py] => Average Accuracy (CNN top1): 83.506
