2026-07-28 14:38:05,177 [trainer.py] => config: ./configs/proof/proof_food_B50_Inc10.json
2026-07-28 14:38:05,177 [trainer.py] => prefix: -
2026-07-28 14:38:05,177 [trainer.py] => dataset: food101
2026-07-28 14:38:05,177 [trainer.py] => memory_size: 2000
2026-07-28 14:38:05,177 [trainer.py] => memory_per_class: 20
2026-07-28 14:38:05,177 [trainer.py] => fixed_memory: True
2026-07-28 14:38:05,177 [trainer.py] => shuffle: True
2026-07-28 14:38:05,177 [trainer.py] => init_cls: 50
2026-07-28 14:38:05,177 [trainer.py] => increment: 10
2026-07-28 14:38:05,177 [trainer.py] => model_name: proof
2026-07-28 14:38:05,177 [trainer.py] => backbone_type: clip
2026-07-28 14:38:05,177 [trainer.py] => device: [device(type='cuda', index=1)]
2026-07-28 14:38:05,177 [trainer.py] => seed: 2026
2026-07-28 14:38:05,177 [trainer.py] => projection_type: pure_mlp
2026-07-28 14:38:05,177 [trainer.py] => frozen_layers: visual
2026-07-28 14:38:05,177 [trainer.py] => tuned_epoch: 5
2026-07-28 14:38:05,177 [trainer.py] => init_lr: 0.002
2026-07-28 14:38:05,177 [trainer.py] => batch_size: 32
2026-07-28 14:38:05,177 [trainer.py] => weight_decay: 0.05
2026-07-28 14:38:05,177 [trainer.py] => min_lr: 0
2026-07-28 14:38:05,178 [trainer.py] => optimizer: sgd
2026-07-28 14:38:05,782 [data_manager.py] => [98, 10, 4, 18, 88, 13, 8, 84, 79, 21, 85, 96, 53, 42, 52, 97, 74, 5, 58, 23, 90, 59, 16, 72, 75, 30, 43, 99, 44, 41, 0, 46, 61, 80, 65, 39, 70, 87, 89, 91, 82, 14, 12, 71, 50, 11, 15, 57, 22, 67, 45, 32, 78, 63, 66, 55, 31, 62, 35, 34, 19, 49, 24, 9, 37, 36, 3, 64, 40, 86, 81, 93, 47, 73, 17, 60, 68, 25, 38, 48, 33, 20, 83, 7, 27, 94, 54, 2, 92, 76, 69, 51, 28, 29, 95, 77, 56, 26, 6, 1]
2026-07-28 14:38:05,924 [factory.py] => Loaded ViT-B-16 model config.
2026-07-28 14:38:07,163 [factory.py] => Loading pretrained ViT-B-16 weights (/public/home/hanlida/Dr.1/pretrained_models/open_clip_pytorch_model_laion400m_e32.bin).
2026-07-28 14:38:09,500 [factory.py] => Loaded ViT-B-16 model config.
2026-07-28 14:38:10,619 [factory.py] => Loading pretrained ViT-B-16 weights (/public/home/hanlida/Dr.1/pretrained_models/open_clip_pytorch_model_laion400m_e32.bin).
2026-07-28 14:38:12,283 [proof.py] => Learning on 0-50
2026-07-28 15:01:01,225 [base.py] => Constructing exemplars for new classes...(20 per classes)
2026-07-28 15:05:55,805 [proof.py] => Exemplar size: 1000
2026-07-28 15:05:55,828 [trainer.py] => CNN: {'total': 89.05, '00-09': 87.36, '10-19': 90.95, '20-29': 91.79, '30-39': 89.14, '40-49': 85.96, 'old': 0, 'new': 89.05, 'harmonic': 0.0}
2026-07-28 15:05:55,828 [trainer.py] => CNN top1 curve: [89.05]
2026-07-28 15:05:55,828 [trainer.py] => CNN top5 curve: [98.1]
2026-07-28 15:05:55,828 [trainer.py] => Average Accuracy (CNN top1): 89.05
2026-07-28 15:05:55,832 [proof.py] => Learning on 50-60
2026-07-28 15:12:22,434 [base.py] => Constructing exemplars for new classes...(20 per classes)
2026-07-28 15:14:38,048 [proof.py] => Exemplar size: 1200
2026-07-28 15:14:38,056 [trainer.py] => CNN: {'total': 83.37, '00-09': 85.2, '10-19': 76.88, '20-29': 83.33, '30-39': 81.9, '40-49': 77.13, '50-59': 95.83, 'old': 80.84, 'new': 95.83, 'harmonic': 87.7}
2026-07-28 15:14:38,056 [trainer.py] => CNN top1 curve: [89.05, 83.37]
2026-07-28 15:14:38,056 [trainer.py] => CNN top5 curve: [98.1, 97.15]
2026-07-28 15:14:38,056 [trainer.py] => Average Accuracy (CNN top1): 86.21000000000001
2026-07-28 15:14:38,060 [proof.py] => Learning on 60-70
2026-07-28 15:21:44,303 [base.py] => Constructing exemplars for new classes...(20 per classes)
2026-07-28 15:24:10,139 [proof.py] => Exemplar size: 1400
2026-07-28 15:24:10,166 [trainer.py] => CNN: {'total': 81.47, '00-09': 77.69, '10-19': 77.64, '20-29': 82.42, '30-39': 80.02, '40-49': 72.77, '50-59': 85.22, '60-69': 94.78, 'old': 79.3, 'new': 94.78, 'harmonic': 86.35}
2026-07-28 15:24:10,167 [trainer.py] => CNN top1 curve: [89.05, 83.37, 81.47]
2026-07-28 15:24:10,167 [trainer.py] => CNN top5 curve: [98.1, 97.15, 96.46]
2026-07-28 15:24:10,167 [trainer.py] => Average Accuracy (CNN top1): 84.63000000000001
2026-07-28 15:24:10,171 [proof.py] => Learning on 70-80
2026-07-28 15:31:53,795 [base.py] => Constructing exemplars for new classes...(20 per classes)
2026-07-28 15:34:37,202 [proof.py] => Exemplar size: 1600
2026-07-28 15:34:37,238 [trainer.py] => CNN: {'total': 79.18, '00-09': 74.37, '10-19': 77.88, '20-29': 77.78, '30-39': 80.32, '40-49': 70.16, '50-59': 84.24, '60-69': 73.48, '70-79': 94.84, 'old': 76.93, 'new': 94.84, 'harmonic': 84.95}
2026-07-28 15:34:37,238 [trainer.py] => CNN top1 curve: [89.05, 83.37, 81.47, 79.18]
2026-07-28 15:34:37,238 [trainer.py] => CNN top5 curve: [98.1, 97.15, 96.46, 96.32]
2026-07-28 15:34:37,239 [trainer.py] => Average Accuracy (CNN top1): 83.26750000000001
2026-07-28 15:34:37,243 [proof.py] => Learning on 80-90
2026-07-28 15:43:04,199 [base.py] => Constructing exemplars for new classes...(20 per classes)
2026-07-28 15:46:00,682 [proof.py] => Exemplar size: 1800
2026-07-28 15:46:00,712 [trainer.py] => CNN: {'total': 80.81, '00-09': 75.78, '10-19': 78.12, '20-29': 78.9, '30-39': 81.76, '40-49': 71.36, '50-59': 84.98, '60-69': 82.0, '70-79': 78.67, '80-89': 96.01, 'old': 78.96, 'new': 96.01, 'harmonic': 86.65}
2026-07-28 15:46:00,712 [trainer.py] => CNN top1 curve: [89.05, 83.37, 81.47, 79.18, 80.81]
2026-07-28 15:46:00,712 [trainer.py] => CNN top5 curve: [98.1, 97.15, 96.46, 96.32, 96.07]
2026-07-28 15:46:00,712 [trainer.py] => Average Accuracy (CNN top1): 82.77600000000001
2026-07-28 15:46:00,717 [proof.py] => Learning on 90-100
2026-07-28 15:55:07,817 [base.py] => Constructing exemplars for new classes...(20 per classes)
2026-07-28 15:58:32,205 [proof.py] => Exemplar size: 2000
2026-07-28 15:58:32,230 [trainer.py] => CNN: {'total': 79.85, '00-09': 77.59, '10-19': 77.21, '20-29': 79.66, '30-39': 77.99, '40-49': 70.36, '50-59': 81.2, '60-69': 74.34, '70-79': 76.39, '80-89': 89.35, '90-99': 94.71, 'old': 78.21, 'new': 94.71, 'harmonic': 85.67}
2026-07-28 15:58:32,230 [trainer.py] => CNN top1 curve: [89.05, 83.37, 81.47, 79.18, 80.81, 79.85]
2026-07-28 15:58:32,230 [trainer.py] => CNN top5 curve: [98.1, 97.15, 96.46, 96.32, 96.07, 95.8]
2026-07-28 15:58:32,230 [trainer.py] => Average Accuracy (CNN top1): 82.28833333333334
