2026-07-26 00:14:03,138 [trainer.py] => config: ./configs/proof/proof_inr_B100_Inc20.json
2026-07-26 00:14:03,138 [trainer.py] => prefix: -
2026-07-26 00:14:03,138 [trainer.py] => dataset: imagenetr
2026-07-26 00:14:03,138 [trainer.py] => memory_size: 4000
2026-07-26 00:14:03,139 [trainer.py] => memory_per_class: 20
2026-07-26 00:14:03,139 [trainer.py] => fixed_memory: True
2026-07-26 00:14:03,139 [trainer.py] => shuffle: True
2026-07-26 00:14:03,139 [trainer.py] => init_cls: 100
2026-07-26 00:14:03,139 [trainer.py] => increment: 20
2026-07-26 00:14:03,139 [trainer.py] => model_name: proof
2026-07-26 00:14:03,139 [trainer.py] => backbone_type: clip
2026-07-26 00:14:03,139 [trainer.py] => device: [device(type='cuda', index=3)]
2026-07-26 00:14:03,139 [trainer.py] => seed: 2026
2026-07-26 00:14:03,140 [trainer.py] => projection_type: pure_mlp
2026-07-26 00:14:03,140 [trainer.py] => frozen_layers: visual
2026-07-26 00:14:03,140 [trainer.py] => tuned_epoch: 10
2026-07-26 00:14:03,140 [trainer.py] => init_lr: 0.001
2026-07-26 00:14:03,140 [trainer.py] => batch_size: 64
2026-07-26 00:14:03,140 [trainer.py] => weight_decay: 0.05
2026-07-26 00:14:03,140 [trainer.py] => min_lr: 0
2026-07-26 00:14:03,140 [trainer.py] => optimizer: sgd
2026-07-26 00:14:03,787 [data_manager.py] => [115, 91, 15, 57, 123, 5, 193, 196, 88, 185, 191, 168, 90, 80, 106, 146, 188, 118, 44, 151, 24, 56, 42, 127, 113, 119, 197, 194, 99, 12, 65, 71, 131, 6, 46, 186, 126, 31, 117, 30, 110, 82, 102, 165, 11, 76, 53, 138, 199, 18, 163, 149, 84, 133, 170, 189, 52, 104, 45, 114, 41, 23, 160, 171, 172, 169, 177, 142, 94, 50, 128, 39, 59, 120, 107, 162, 124, 9, 74, 198, 62, 174, 166, 122, 141, 81, 10, 63, 176, 100, 136, 187, 129, 16, 72, 147, 54, 0, 98, 150, 92, 155, 4, 167, 125, 97, 153, 8, 83, 159, 85, 86, 13, 34, 173, 93, 180, 33, 21, 132, 190, 87, 121, 108, 103, 145, 37, 158, 69, 89, 2, 19, 67, 175, 51, 78, 43, 64, 66, 143, 61, 20, 144, 154, 183, 14, 140, 139, 75, 79, 22, 58, 101, 109, 32, 178, 73, 164, 55, 35, 49, 152, 137, 36, 3, 40, 70, 95, 105, 181, 157, 47, 192, 17, 60, 112, 68, 25, 38, 48, 161, 148, 111, 135, 96, 7, 27, 182, 130, 28, 179, 156, 116, 29, 195, 77, 184, 26, 134, 1]
2026-07-26 00:14:03,929 [factory.py] => Loaded ViT-B-16 model config.
2026-07-26 00:14:05,180 [factory.py] => Loading pretrained ViT-B-16 weights (/public/home/hanlida/Dr.1/pretrained_models/open_clip_pytorch_model_laion400m_e32.bin).
2026-07-26 00:14:10,519 [factory.py] => Loaded ViT-B-16 model config.
2026-07-26 00:14:12,307 [factory.py] => Loading pretrained ViT-B-16 weights (/public/home/hanlida/Dr.1/pretrained_models/open_clip_pytorch_model_laion400m_e32.bin).
2026-07-26 00:14:14,057 [proof.py] => Learning on 0-100
2026-07-26 00:41:22,602 [base.py] => Constructing exemplars for new classes...(20 per classes)
2026-07-26 00:55:45,259 [proof.py] => Exemplar size: 2000
2026-07-26 00:55:45,296 [trainer.py] => CNN: {'total': 85.76, '00-09': 86.51, '10-19': 86.31, '20-29': 83.88, '30-39': 86.14, '40-49': 84.25, '50-59': 87.75, '60-69': 87.0, '70-79': 82.43, '80-89': 83.78, '90-99': 90.21, 'old': 0, 'new': 85.76, 'harmonic': 0.0}
2026-07-26 00:55:45,296 [trainer.py] => CNN top1 curve: [85.76]
2026-07-26 00:55:45,296 [trainer.py] => CNN top5 curve: [95.85]
2026-07-26 00:55:45,296 [trainer.py] => Average Accuracy (CNN top1): 85.76
2026-07-26 00:55:45,534 [proof.py] => Learning on 100-120
2026-07-26 01:10:10,983 [base.py] => Constructing exemplars for new classes...(20 per classes)
2026-07-26 01:16:15,856 [proof.py] => Exemplar size: 2400
2026-07-26 01:16:15,945 [trainer.py] => CNN: {'total': 82.24, '00-09': 83.88, '10-19': 84.71, '20-29': 79.75, '30-39': 80.16, '40-49': 82.41, '50-59': 80.63, '60-69': 85.33, '70-79': 76.69, '80-89': 77.88, '90-99': 84.97, '100-109': 82.77, '110-119': 87.01, 'old': 81.64, 'new': 84.98, 'harmonic': 83.28}
2026-07-26 01:16:15,945 [trainer.py] => CNN top1 curve: [85.76, 82.24]
2026-07-26 01:16:15,945 [trainer.py] => CNN top5 curve: [95.85, 95.08]
2026-07-26 01:16:15,945 [trainer.py] => Average Accuracy (CNN top1): 84.0
2026-07-26 01:16:16,082 [proof.py] => Learning on 120-140
2026-07-26 01:31:21,306 [base.py] => Constructing exemplars for new classes...(20 per classes)
2026-07-26 01:38:19,300 [proof.py] => Exemplar size: 2800
2026-07-26 01:38:19,356 [trainer.py] => CNN: {'total': 81.94, '00-09': 81.91, '10-19': 84.08, '20-29': 81.82, '30-39': 81.79, '40-49': 82.41, '50-59': 78.66, '60-69': 82.33, '70-79': 77.7, '80-89': 76.99, '90-99': 85.31, '100-109': 78.46, '110-119': 81.92, '120-129': 90.64, '130-139': 85.51, 'old': 81.13, 'new': 88.4, 'harmonic': 84.61}
2026-07-26 01:38:19,356 [trainer.py] => CNN top1 curve: [85.76, 82.24, 81.94]
2026-07-26 01:38:19,356 [trainer.py] => CNN top5 curve: [95.85, 95.08, 94.31]
2026-07-26 01:38:19,356 [trainer.py] => Average Accuracy (CNN top1): 83.31333333333333
2026-07-26 01:38:19,385 [proof.py] => Learning on 140-160
2026-07-26 01:55:10,822 [base.py] => Constructing exemplars for new classes...(20 per classes)
2026-07-26 02:02:52,800 [proof.py] => Exemplar size: 3200
2026-07-26 02:02:52,852 [trainer.py] => CNN: {'total': 80.49, '00-09': 78.62, '10-19': 82.48, '20-29': 78.93, '30-39': 80.16, '40-49': 83.99, '50-59': 80.24, '60-69': 81.67, '70-79': 75.34, '80-89': 76.11, '90-99': 80.42, '100-109': 74.77, '110-119': 79.1, '120-129': 82.77, '130-139': 81.16, '140-149': 87.84, '150-159': 85.28, 'old': 79.67, 'new': 86.63, 'harmonic': 83.0}
2026-07-26 02:02:52,853 [trainer.py] => CNN top1 curve: [85.76, 82.24, 81.94, 80.49]
2026-07-26 02:02:52,853 [trainer.py] => CNN top5 curve: [95.85, 95.08, 94.31, 93.79]
2026-07-26 02:02:52,853 [trainer.py] => Average Accuracy (CNN top1): 82.6075
2026-07-26 02:02:52,942 [proof.py] => Learning on 160-180
2026-07-26 02:21:34,425 [base.py] => Constructing exemplars for new classes...(20 per classes)
2026-07-26 02:30:18,719 [proof.py] => Exemplar size: 3600
2026-07-26 02:30:18,765 [trainer.py] => CNN: {'total': 78.93, '00-09': 78.29, '10-19': 80.57, '20-29': 78.93, '30-39': 77.17, '40-49': 81.36, '50-59': 77.47, '60-69': 80.67, '70-79': 73.65, '80-89': 72.86, '90-99': 81.47, '100-109': 75.38, '110-119': 79.1, '120-129': 81.27, '130-139': 74.4, '140-149': 84.46, '150-159': 76.23, '160-169': 83.33, '170-179': 84.85, 'old': 78.38, 'new': 84.01, 'harmonic': 81.1}
2026-07-26 02:30:18,765 [trainer.py] => CNN top1 curve: [85.76, 82.24, 81.94, 80.49, 78.93]
2026-07-26 02:30:18,765 [trainer.py] => CNN top5 curve: [95.85, 95.08, 94.31, 93.79, 93.42]
2026-07-26 02:30:18,765 [trainer.py] => Average Accuracy (CNN top1): 81.872
2026-07-26 02:30:18,871 [proof.py] => Learning on 180-200
2026-07-26 02:51:55,195 [base.py] => Constructing exemplars for new classes...(20 per classes)
2026-07-26 03:02:27,365 [proof.py] => Exemplar size: 4000
2026-07-26 03:02:27,416 [trainer.py] => CNN: {'total': 78.85, '00-09': 75.33, '10-19': 78.66, '20-29': 75.62, '30-39': 79.35, '40-49': 80.31, '50-59': 73.91, '60-69': 82.33, '70-79': 72.97, '80-89': 73.75, '90-99': 80.77, '100-109': 75.08, '110-119': 77.97, '120-129': 82.4, '130-139': 70.53, '140-149': 85.47, '150-159': 72.83, '160-169': 76.04, '170-179': 81.82, '180-189': 90.68, '190-199': 85.45, 'old': 77.65, 'new': 88.16, 'harmonic': 82.57}
2026-07-26 03:02:27,416 [trainer.py] => CNN top1 curve: [85.76, 82.24, 81.94, 80.49, 78.93, 78.85]
2026-07-26 03:02:27,416 [trainer.py] => CNN top5 curve: [95.85, 95.08, 94.31, 93.79, 93.42, 93.45]
2026-07-26 03:02:27,417 [trainer.py] => Average Accuracy (CNN top1): 81.36833333333334
