2026-07-25 22:28:13,709 [trainer.py] => config: ./configs/proof/proof_inr_B100_Inc20.json
2026-07-25 22:28:13,710 [trainer.py] => prefix: -
2026-07-25 22:28:13,710 [trainer.py] => dataset: imagenetr
2026-07-25 22:28:13,710 [trainer.py] => memory_size: 4000
2026-07-25 22:28:13,710 [trainer.py] => memory_per_class: 20
2026-07-25 22:28:13,710 [trainer.py] => fixed_memory: True
2026-07-25 22:28:13,710 [trainer.py] => shuffle: True
2026-07-25 22:28:13,710 [trainer.py] => init_cls: 100
2026-07-25 22:28:13,710 [trainer.py] => increment: 20
2026-07-25 22:28:13,710 [trainer.py] => model_name: proof
2026-07-25 22:28:13,710 [trainer.py] => backbone_type: clip
2026-07-25 22:28:13,710 [trainer.py] => device: [device(type='cuda', index=3)]
2026-07-25 22:28:13,710 [trainer.py] => seed: 42
2026-07-25 22:28:13,710 [trainer.py] => projection_type: pure_mlp
2026-07-25 22:28:13,710 [trainer.py] => frozen_layers: visual
2026-07-25 22:28:13,710 [trainer.py] => tuned_epoch: 10
2026-07-25 22:28:13,711 [trainer.py] => init_lr: 0.001
2026-07-25 22:28:13,711 [trainer.py] => batch_size: 64
2026-07-25 22:28:13,711 [trainer.py] => weight_decay: 0.05
2026-07-25 22:28:13,711 [trainer.py] => min_lr: 0
2026-07-25 22:28:13,711 [trainer.py] => optimizer: sgd
2026-07-25 22:28:14,500 [data_manager.py] => [95, 15, 30, 158, 128, 115, 69, 170, 174, 45, 66, 182, 165, 78, 186, 177, 56, 152, 82, 68, 124, 16, 148, 93, 65, 60, 84, 67, 125, 132, 9, 18, 55, 75, 150, 104, 135, 137, 164, 76, 79, 197, 38, 24, 122, 195, 29, 19, 143, 86, 114, 173, 5, 126, 117, 73, 140, 98, 172, 96, 169, 97, 31, 12, 35, 119, 42, 189, 90, 136, 51, 127, 162, 41, 118, 113, 26, 139, 100, 111, 2, 77, 46, 187, 191, 85, 161, 36, 190, 61, 22, 141, 101, 33, 11, 194, 159, 6, 27, 120, 4, 32, 142, 145, 109, 144, 10, 62, 112, 146, 166, 0, 198, 153, 70, 123, 64, 44, 163, 28, 40, 108, 155, 156, 25, 23, 184, 147, 81, 39, 168, 47, 94, 154, 43, 138, 3, 105, 53, 133, 180, 178, 185, 49, 80, 34, 7, 110, 91, 83, 176, 181, 89, 8, 13, 59, 171, 131, 17, 72, 175, 134, 167, 183, 63, 54, 107, 50, 196, 58, 48, 88, 21, 57, 160, 192, 129, 37, 157, 193, 1, 52, 149, 130, 151, 103, 99, 116, 87, 74, 121, 199, 20, 188, 71, 106, 14, 92, 179, 102]
2026-07-25 22:28:14,677 [factory.py] => Loaded ViT-B-16 model config.
2026-07-25 22:28:15,854 [factory.py] => Loading pretrained ViT-B-16 weights (/public/home/hanlida/Dr.1/pretrained_models/open_clip_pytorch_model_laion400m_e32.bin).
2026-07-25 22:28:17,162 [factory.py] => Loaded ViT-B-16 model config.
2026-07-25 22:28:18,407 [factory.py] => Loading pretrained ViT-B-16 weights (/public/home/hanlida/Dr.1/pretrained_models/open_clip_pytorch_model_laion400m_e32.bin).
2026-07-25 22:28:19,929 [proof.py] => Learning on 0-100
2026-07-25 22:48:09,090 [base.py] => Constructing exemplars for new classes...(20 per classes)
2026-07-25 22:51:59,914 [proof.py] => Exemplar size: 2000
2026-07-25 22:51:59,914 [trainer.py] => CNN: {'total': 84.97, '00-09': 82.29, '10-19': 87.92, '20-29': 79.3, '30-39': 88.42, '40-49': 82.5, '50-59': 80.25, '60-69': 86.35, '70-79': 85.62, '80-89': 88.78, '90-99': 86.08, 'old': 0, 'new': 84.97, 'harmonic': 0.0}
2026-07-25 22:51:59,914 [trainer.py] => CNN top1 curve: [84.97]
2026-07-25 22:51:59,914 [trainer.py] => CNN top5 curve: [95.49]
2026-07-25 22:51:59,914 [trainer.py] => Average Accuracy (CNN top1): 84.97
2026-07-25 22:51:59,922 [proof.py] => Learning on 100-120
2026-07-25 23:01:18,235 [base.py] => Constructing exemplars for new classes...(20 per classes)
2026-07-25 23:03:26,449 [proof.py] => Exemplar size: 2400
2026-07-25 23:03:26,450 [trainer.py] => CNN: {'total': 80.73, '00-09': 73.61, '10-19': 84.27, '20-29': 74.22, '30-39': 85.88, '40-49': 76.56, '50-59': 75.8, '60-69': 81.27, '70-79': 82.03, '80-89': 82.99, '90-99': 77.73, '100-109': 84.0, '110-119': 89.97, 'old': 79.62, 'new': 87.45, 'harmonic': 83.35}
2026-07-25 23:03:26,450 [trainer.py] => CNN top1 curve: [84.97, 80.73]
2026-07-25 23:03:26,450 [trainer.py] => CNN top5 curve: [95.49, 94.29]
2026-07-25 23:03:26,450 [trainer.py] => Average Accuracy (CNN top1): 82.85
2026-07-25 23:03:26,459 [proof.py] => Learning on 120-140
2026-07-25 23:13:25,414 [base.py] => Constructing exemplars for new classes...(20 per classes)
2026-07-25 23:15:43,704 [proof.py] => Exemplar size: 2800
2026-07-25 23:15:43,705 [trainer.py] => CNN: {'total': 80.01, '00-09': 74.31, '10-19': 82.3, '20-29': 76.95, '30-39': 82.2, '40-49': 70.62, '50-59': 78.98, '60-69': 79.68, '70-79': 80.07, '80-89': 82.65, '90-99': 77.73, '100-109': 80.0, '110-119': 86.08, '120-129': 84.81, '130-139': 85.2, 'old': 79.33, 'new': 85.02, 'harmonic': 82.08}
2026-07-25 23:15:43,705 [trainer.py] => CNN top1 curve: [84.97, 80.73, 80.01]
2026-07-25 23:15:43,705 [trainer.py] => CNN top5 curve: [95.49, 94.29, 93.51]
2026-07-25 23:15:43,705 [trainer.py] => Average Accuracy (CNN top1): 81.90333333333332
2026-07-25 23:15:43,713 [proof.py] => Learning on 140-160
2026-07-25 23:27:46,300 [base.py] => Constructing exemplars for new classes...(20 per classes)
2026-07-25 23:30:22,732 [proof.py] => Exemplar size: 3200
2026-07-25 23:30:22,733 [trainer.py] => CNN: {'total': 79.59, '00-09': 74.65, '10-19': 82.02, '20-29': 75.0, '30-39': 83.05, '40-49': 73.44, '50-59': 78.34, '60-69': 77.46, '70-79': 79.08, '80-89': 81.97, '90-99': 74.01, '100-109': 78.22, '110-119': 82.2, '120-129': 81.01, '130-139': 84.12, '140-149': 82.31, '150-159': 88.08, 'old': 78.82, 'new': 85.32, 'harmonic': 81.94}
2026-07-25 23:30:22,733 [trainer.py] => CNN top1 curve: [84.97, 80.73, 80.01, 79.59]
2026-07-25 23:30:22,733 [trainer.py] => CNN top5 curve: [95.49, 94.29, 93.51, 93.56]
2026-07-25 23:30:22,733 [trainer.py] => Average Accuracy (CNN top1): 81.32499999999999
2026-07-25 23:30:22,742 [proof.py] => Learning on 160-180
2026-07-25 23:44:22,204 [base.py] => Constructing exemplars for new classes...(20 per classes)
2026-07-25 23:49:01,340 [proof.py] => Exemplar size: 3600
2026-07-25 23:49:01,379 [trainer.py] => CNN: {'total': 78.89, '00-09': 77.08, '10-19': 79.78, '20-29': 72.27, '30-39': 78.53, '40-49': 71.56, '50-59': 76.75, '60-69': 80.95, '70-79': 75.82, '80-89': 79.25, '90-99': 74.94, '100-109': 77.33, '110-119': 81.23, '120-129': 80.17, '130-139': 77.98, '140-149': 80.87, '150-159': 83.77, '160-169': 84.9, '170-179': 87.38, 'old': 77.97, 'new': 86.18, 'harmonic': 81.87}
2026-07-25 23:49:01,379 [trainer.py] => CNN top1 curve: [84.97, 80.73, 80.01, 79.59, 78.89]
2026-07-25 23:49:01,379 [trainer.py] => CNN top5 curve: [95.49, 94.29, 93.51, 93.56, 93.5]
2026-07-25 23:49:01,379 [trainer.py] => Average Accuracy (CNN top1): 80.838
2026-07-25 23:49:01,393 [proof.py] => Learning on 180-200
2026-07-26 00:05:23,539 [base.py] => Constructing exemplars for new classes...(20 per classes)
2026-07-26 00:14:03,097 [proof.py] => Exemplar size: 4000
2026-07-26 00:14:03,121 [trainer.py] => CNN: {'total': 78.4, '00-09': 72.57, '10-19': 80.34, '20-29': 74.61, '30-39': 79.1, '40-49': 71.88, '50-59': 74.84, '60-69': 81.59, '70-79': 75.16, '80-89': 72.11, '90-99': 76.1, '100-109': 78.22, '110-119': 82.2, '120-129': 78.06, '130-139': 75.81, '140-149': 79.78, '150-159': 83.44, '160-169': 81.21, '170-179': 84.23, '180-189': 81.78, '190-199': 85.42, 'old': 77.89, 'new': 83.78, 'harmonic': 80.73}
2026-07-26 00:14:03,121 [trainer.py] => CNN top1 curve: [84.97, 80.73, 80.01, 79.59, 78.89, 78.4]
2026-07-26 00:14:03,121 [trainer.py] => CNN top5 curve: [95.49, 94.29, 93.51, 93.56, 93.5, 93.25]
2026-07-26 00:14:03,121 [trainer.py] => Average Accuracy (CNN top1): 80.43166666666666
