2026-07-29 00:15:02,517 [trainer.py] => config: ./configs/proof/proof_objectnet_B0_Inc20.json
2026-07-29 00:15:02,517 [trainer.py] => prefix: -
2026-07-29 00:15:02,517 [trainer.py] => dataset: objectnet
2026-07-29 00:15:02,518 [trainer.py] => memory_size: 4000
2026-07-29 00:15:02,518 [trainer.py] => memory_per_class: 20
2026-07-29 00:15:02,518 [trainer.py] => fixed_memory: True
2026-07-29 00:15:02,518 [trainer.py] => shuffle: True
2026-07-29 00:15:02,518 [trainer.py] => init_cls: 20
2026-07-29 00:15:02,518 [trainer.py] => increment: 20
2026-07-29 00:15:02,519 [trainer.py] => model_name: proof
2026-07-29 00:15:02,519 [trainer.py] => backbone_type: clip
2026-07-29 00:15:02,519 [trainer.py] => device: [device(type='cuda', index=1)]
2026-07-29 00:15:02,519 [trainer.py] => seed: 42
2026-07-29 00:15:02,519 [trainer.py] => projection_type: pure_mlp
2026-07-29 00:15:02,520 [trainer.py] => frozen_layers: visual
2026-07-29 00:15:02,520 [trainer.py] => tuned_epoch: 10
2026-07-29 00:15:02,520 [trainer.py] => init_lr: 0.001
2026-07-29 00:15:02,520 [trainer.py] => batch_size: 64
2026-07-29 00:15:02,520 [trainer.py] => weight_decay: 0.05
2026-07-29 00:15:02,520 [trainer.py] => min_lr: 0
2026-07-29 00:15:02,521 [trainer.py] => optimizer: sgd
2026-07-29 00:15:03,171 [data_manager.py] => [95, 15, 30, 158, 128, 115, 69, 170, 174, 45, 66, 182, 165, 78, 186, 177, 56, 152, 82, 68, 124, 16, 148, 93, 65, 60, 84, 67, 125, 132, 9, 18, 55, 75, 150, 104, 135, 137, 164, 76, 79, 197, 38, 24, 122, 195, 29, 19, 143, 86, 114, 173, 5, 126, 117, 73, 140, 98, 172, 96, 169, 97, 31, 12, 35, 119, 42, 189, 90, 136, 51, 127, 162, 41, 118, 113, 26, 139, 100, 111, 2, 77, 46, 187, 191, 85, 161, 36, 190, 61, 22, 141, 101, 33, 11, 194, 159, 6, 27, 120, 4, 32, 142, 145, 109, 144, 10, 62, 112, 146, 166, 0, 198, 153, 70, 123, 64, 44, 163, 28, 40, 108, 155, 156, 25, 23, 184, 147, 81, 39, 168, 47, 94, 154, 43, 138, 3, 105, 53, 133, 180, 178, 185, 49, 80, 34, 7, 110, 91, 83, 176, 181, 89, 8, 13, 59, 171, 131, 17, 72, 175, 134, 167, 183, 63, 54, 107, 50, 196, 58, 48, 88, 21, 57, 160, 192, 129, 37, 157, 193, 1, 52, 149, 130, 151, 103, 99, 116, 87, 74, 121, 199, 20, 188, 71, 106, 14, 92, 179, 102]
2026-07-29 00:15:03,335 [factory.py] => Loaded ViT-B-16 model config.
2026-07-29 00:15:04,684 [factory.py] => Loading pretrained ViT-B-16 weights (/public/home/hanlida/Dr.1/pretrained_models/open_clip_pytorch_model_laion400m_e32.bin).
2026-07-29 00:15:07,510 [factory.py] => Loaded ViT-B-16 model config.
2026-07-29 00:15:08,753 [factory.py] => Loading pretrained ViT-B-16 weights (/public/home/hanlida/Dr.1/pretrained_models/open_clip_pytorch_model_laion400m_e32.bin).
2026-07-29 00:15:10,799 [proof.py] => Learning on 0-20
2026-07-29 00:29:17,788 [base.py] => Constructing exemplars for new classes...(20 per classes)
2026-07-29 00:37:40,485 [proof.py] => Exemplar size: 400
2026-07-29 00:37:40,528 [trainer.py] => CNN: {'total': 72.46, '00-09': 71.38, '10-19': 73.55, 'old': 0, 'new': 72.46, 'harmonic': 0.0}
2026-07-29 00:37:40,528 [trainer.py] => CNN top1 curve: [72.46]
2026-07-29 00:37:40,528 [trainer.py] => CNN top5 curve: [94.04]
2026-07-29 00:37:40,528 [trainer.py] => Average Accuracy (CNN top1): 72.46
2026-07-29 00:37:40,549 [proof.py] => Learning on 20-40
2026-07-29 00:55:41,532 [base.py] => Constructing exemplars for new classes...(20 per classes)
2026-07-29 01:06:15,211 [proof.py] => Exemplar size: 800
2026-07-29 01:06:15,248 [trainer.py] => CNN: {'total': 66.35, '00-09': 63.02, '10-19': 57.1, '20-29': 74.2, '30-39': 70.3, 'old': 60.06, 'new': 72.38, 'harmonic': 65.65}
2026-07-29 01:06:15,248 [trainer.py] => CNN top1 curve: [72.46, 66.35]
2026-07-29 01:06:15,248 [trainer.py] => CNN top5 curve: [94.04, 90.7]
2026-07-29 01:06:15,249 [trainer.py] => Average Accuracy (CNN top1): 69.405
2026-07-29 01:06:15,258 [proof.py] => Learning on 40-60
2026-07-29 01:28:01,225 [base.py] => Constructing exemplars for new classes...(20 per classes)
2026-07-29 01:39:34,995 [proof.py] => Exemplar size: 1200
2026-07-29 01:39:35,027 [trainer.py] => CNN: {'total': 58.71, '00-09': 60.13, '10-19': 53.55, '20-29': 67.25, '30-39': 52.48, '40-49': 56.67, '50-59': 61.3, 'old': 58.63, 'new': 58.86, 'harmonic': 58.74}
2026-07-29 01:39:35,027 [trainer.py] => CNN top1 curve: [72.46, 66.35, 58.71]
2026-07-29 01:39:35,027 [trainer.py] => CNN top5 curve: [94.04, 90.7, 85.76]
2026-07-29 01:39:35,027 [trainer.py] => Average Accuracy (CNN top1): 65.84
2026-07-29 01:39:35,036 [proof.py] => Learning on 60-80
2026-07-29 02:03:37,469 [base.py] => Constructing exemplars for new classes...(20 per classes)
2026-07-29 02:16:53,591 [proof.py] => Exemplar size: 1600
2026-07-29 02:16:53,624 [trainer.py] => CNN: {'total': 54.07, '00-09': 56.59, '10-19': 51.29, '20-29': 62.61, '30-39': 50.17, '40-49': 43.06, '50-59': 50.15, '60-69': 57.57, '70-79': 62.14, 'old': 52.25, 'new': 59.87, 'harmonic': 55.8}
2026-07-29 02:16:53,624 [trainer.py] => CNN top1 curve: [72.46, 66.35, 58.71, 54.07]
2026-07-29 02:16:53,624 [trainer.py] => CNN top5 curve: [94.04, 90.7, 85.76, 79.73]
2026-07-29 02:16:53,624 [trainer.py] => Average Accuracy (CNN top1): 62.8975
2026-07-29 02:16:53,630 [proof.py] => Learning on 80-100
2026-07-29 02:46:36,838 [base.py] => Constructing exemplars for new classes...(20 per classes)
2026-07-29 03:02:01,490 [proof.py] => Exemplar size: 2000
2026-07-29 03:02:01,528 [trainer.py] => CNN: {'total': 51.29, '00-09': 53.05, '10-19': 50.65, '20-29': 57.68, '30-39': 48.18, '40-49': 41.67, '50-59': 47.06, '60-69': 52.63, '70-79': 54.69, '80-89': 55.09, '90-99': 52.62, 'old': 50.6, 'new': 53.8, 'harmonic': 52.15}
2026-07-29 03:02:01,528 [trainer.py] => CNN top1 curve: [72.46, 66.35, 58.71, 54.07, 51.29]
2026-07-29 03:02:01,528 [trainer.py] => CNN top5 curve: [94.04, 90.7, 85.76, 79.73, 77.99]
2026-07-29 03:02:01,528 [trainer.py] => Average Accuracy (CNN top1): 60.576
2026-07-29 03:02:01,535 [proof.py] => Learning on 100-120
2026-07-29 03:35:55,198 [base.py] => Constructing exemplars for new classes...(20 per classes)
2026-07-29 03:53:03,559 [proof.py] => Exemplar size: 2400
2026-07-29 03:53:03,583 [trainer.py] => CNN: {'total': 50.06, '00-09': 46.95, '10-19': 49.68, '20-29': 56.23, '30-39': 44.88, '40-49': 40.28, '50-59': 44.58, '60-69': 49.34, '70-79': 49.51, '80-89': 47.9, '90-99': 48.21, '100-109': 60.71, '110-119': 61.41, 'old': 47.73, 'new': 61.07, 'harmonic': 53.58}
2026-07-29 03:53:03,583 [trainer.py] => CNN top1 curve: [72.46, 66.35, 58.71, 54.07, 51.29, 50.06]
2026-07-29 03:53:03,583 [trainer.py] => CNN top5 curve: [94.04, 90.7, 85.76, 79.73, 77.99, 75.28]
2026-07-29 03:53:03,583 [trainer.py] => Average Accuracy (CNN top1): 58.82333333333333
2026-07-29 03:53:03,588 [proof.py] => Learning on 120-140
2026-07-29 04:28:45,033 [base.py] => Constructing exemplars for new classes...(20 per classes)
2026-07-29 04:47:28,474 [proof.py] => Exemplar size: 2800
2026-07-29 04:47:28,502 [trainer.py] => CNN: {'total': 48.54, '00-09': 44.05, '10-19': 46.13, '20-29': 58.26, '30-39': 44.22, '40-49': 35.28, '50-59': 43.03, '60-69': 49.01, '70-79': 48.22, '80-89': 44.91, '90-99': 45.18, '100-109': 51.19, '110-119': 55.77, '120-129': 52.05, '130-139': 62.11, 'old': 47.13, 'new': 56.93, 'harmonic': 51.57}
2026-07-29 04:47:28,502 [trainer.py] => CNN top1 curve: [72.46, 66.35, 58.71, 54.07, 51.29, 50.06, 48.54]
2026-07-29 04:47:28,502 [trainer.py] => CNN top5 curve: [94.04, 90.7, 85.76, 79.73, 77.99, 75.28, 74.42]
2026-07-29 04:47:28,502 [trainer.py] => Average Accuracy (CNN top1): 57.354285714285716
2026-07-29 04:47:28,508 [proof.py] => Learning on 140-160
2026-07-29 05:27:34,697 [base.py] => Constructing exemplars for new classes...(20 per classes)
2026-07-29 05:47:49,693 [proof.py] => Exemplar size: 3200
2026-07-29 05:47:49,726 [trainer.py] => CNN: {'total': 46.84, '00-09': 45.34, '10-19': 41.94, '20-29': 54.78, '30-39': 42.9, '40-49': 35.28, '50-59': 41.49, '60-69': 46.71, '70-79': 46.6, '80-89': 41.92, '90-99': 41.32, '100-109': 45.24, '110-119': 51.27, '120-129': 40.94, '130-139': 48.76, '140-149': 63.08, '150-159': 61.99, 'old': 44.57, 'new': 62.56, 'harmonic': 52.05}
2026-07-29 05:47:49,726 [trainer.py] => CNN top1 curve: [72.46, 66.35, 58.71, 54.07, 51.29, 50.06, 48.54, 46.84]
2026-07-29 05:47:49,726 [trainer.py] => CNN top5 curve: [94.04, 90.7, 85.76, 79.73, 77.99, 75.28, 74.42, 72.45]
2026-07-29 05:47:49,726 [trainer.py] => Average Accuracy (CNN top1): 56.040000000000006
2026-07-29 05:47:49,733 [proof.py] => Learning on 160-180
2026-07-29 06:30:04,281 [base.py] => Constructing exemplars for new classes...(20 per classes)
2026-07-29 06:50:58,588 [proof.py] => Exemplar size: 3600
2026-07-29 06:50:58,633 [trainer.py] => CNN: {'total': 45.48, '00-09': 43.41, '10-19': 39.35, '20-29': 50.72, '30-39': 42.9, '40-49': 33.06, '50-59': 43.65, '60-69': 45.72, '70-79': 44.01, '80-89': 39.22, '90-99': 39.67, '100-109': 47.02, '110-119': 50.14, '120-129': 35.67, '130-139': 44.1, '140-149': 44.48, '150-159': 52.34, '160-169': 59.26, '170-179': 63.82, 'old': 43.41, 'new': 61.63, 'harmonic': 50.94}
2026-07-29 06:50:58,633 [trainer.py] => CNN top1 curve: [72.46, 66.35, 58.71, 54.07, 51.29, 50.06, 48.54, 46.84, 45.48]
2026-07-29 06:50:58,633 [trainer.py] => CNN top5 curve: [94.04, 90.7, 85.76, 79.73, 77.99, 75.28, 74.42, 72.45, 71.23]
2026-07-29 06:50:58,633 [trainer.py] => Average Accuracy (CNN top1): 54.866666666666674
2026-07-29 06:50:58,639 [proof.py] => Learning on 180-200
2026-07-29 07:36:47,020 [base.py] => Constructing exemplars for new classes...(20 per classes)
2026-07-29 08:00:05,916 [proof.py] => Exemplar size: 4000
2026-07-29 08:00:05,944 [trainer.py] => CNN: {'total': 43.75, '00-09': 43.41, '10-19': 39.68, '20-29': 49.28, '30-39': 39.93, '40-49': 33.06, '50-59': 40.87, '60-69': 45.72, '70-79': 42.07, '80-89': 36.83, '90-99': 38.84, '100-109': 45.54, '110-119': 45.35, '120-129': 32.46, '130-139': 45.65, '140-149': 42.73, '150-159': 43.61, '160-169': 44.75, '170-179': 47.58, '180-189': 59.57, '190-199': 58.5, 'old': 42.03, 'new': 59.02, 'harmonic': 49.1}
2026-07-29 08:00:05,944 [trainer.py] => CNN top1 curve: [72.46, 66.35, 58.71, 54.07, 51.29, 50.06, 48.54, 46.84, 45.48, 43.75]
2026-07-29 08:00:05,944 [trainer.py] => CNN top5 curve: [94.04, 90.7, 85.76, 79.73, 77.99, 75.28, 74.42, 72.45, 71.23, 69.89]
2026-07-29 08:00:05,944 [trainer.py] => Average Accuracy (CNN top1): 53.75500000000001
