2026-07-30 05:27:49,626 [trainer.py] => config: ./configs/proof/proof_objectnet_B100_Inc20.json
2026-07-30 05:27:49,626 [trainer.py] => prefix: -
2026-07-30 05:27:49,626 [trainer.py] => dataset: objectnet
2026-07-30 05:27:49,626 [trainer.py] => memory_size: 4000
2026-07-30 05:27:49,626 [trainer.py] => memory_per_class: 20
2026-07-30 05:27:49,626 [trainer.py] => fixed_memory: True
2026-07-30 05:27:49,626 [trainer.py] => shuffle: True
2026-07-30 05:27:49,626 [trainer.py] => init_cls: 100
2026-07-30 05:27:49,626 [trainer.py] => increment: 20
2026-07-30 05:27:49,627 [trainer.py] => model_name: proof
2026-07-30 05:27:49,627 [trainer.py] => backbone_type: clip
2026-07-30 05:27:49,627 [trainer.py] => device: [device(type='cuda', index=1)]
2026-07-30 05:27:49,627 [trainer.py] => seed: 2026
2026-07-30 05:27:49,627 [trainer.py] => projection_type: pure_mlp
2026-07-30 05:27:49,627 [trainer.py] => frozen_layers: visual
2026-07-30 05:27:49,627 [trainer.py] => tuned_epoch: 10
2026-07-30 05:27:49,627 [trainer.py] => init_lr: 0.001
2026-07-30 05:27:49,627 [trainer.py] => batch_size: 64
2026-07-30 05:27:49,627 [trainer.py] => weight_decay: 0.05
2026-07-30 05:27:49,627 [trainer.py] => min_lr: 0
2026-07-30 05:27:49,627 [trainer.py] => optimizer: sgd
2026-07-30 05:27:50,161 [data_manager.py] => [115, 91, 15, 57, 123, 5, 193, 196, 88, 185, 191, 168, 90, 80, 106, 146, 188, 118, 44, 151, 24, 56, 42, 127, 113, 119, 197, 194, 99, 12, 65, 71, 131, 6, 46, 186, 126, 31, 117, 30, 110, 82, 102, 165, 11, 76, 53, 138, 199, 18, 163, 149, 84, 133, 170, 189, 52, 104, 45, 114, 41, 23, 160, 171, 172, 169, 177, 142, 94, 50, 128, 39, 59, 120, 107, 162, 124, 9, 74, 198, 62, 174, 166, 122, 141, 81, 10, 63, 176, 100, 136, 187, 129, 16, 72, 147, 54, 0, 98, 150, 92, 155, 4, 167, 125, 97, 153, 8, 83, 159, 85, 86, 13, 34, 173, 93, 180, 33, 21, 132, 190, 87, 121, 108, 103, 145, 37, 158, 69, 89, 2, 19, 67, 175, 51, 78, 43, 64, 66, 143, 61, 20, 144, 154, 183, 14, 140, 139, 75, 79, 22, 58, 101, 109, 32, 178, 73, 164, 55, 35, 49, 152, 137, 36, 3, 40, 70, 95, 105, 181, 157, 47, 192, 17, 60, 112, 68, 25, 38, 48, 161, 148, 111, 135, 96, 7, 27, 182, 130, 28, 179, 156, 116, 29, 195, 77, 184, 26, 134, 1]
2026-07-30 05:27:50,252 [factory.py] => Loaded ViT-B-16 model config.
2026-07-30 05:27:51,476 [factory.py] => Loading pretrained ViT-B-16 weights (/public/home/hanlida/Dr.1/pretrained_models/open_clip_pytorch_model_laion400m_e32.bin).
2026-07-30 05:27:55,535 [factory.py] => Loaded ViT-B-16 model config.
2026-07-30 05:27:56,773 [factory.py] => Loading pretrained ViT-B-16 weights (/public/home/hanlida/Dr.1/pretrained_models/open_clip_pytorch_model_laion400m_e32.bin).
2026-07-30 05:27:59,519 [proof.py] => Learning on 0-100
2026-07-30 06:32:04,608 [base.py] => Constructing exemplars for new classes...(20 per classes)
2026-07-30 07:17:14,670 [proof.py] => Exemplar size: 2000
2026-07-30 07:17:14,689 [trainer.py] => CNN: {'total': 55.56, '00-09': 59.44, '10-19': 45.92, '20-29': 56.0, '30-39': 46.27, '40-49': 58.65, '50-59': 54.14, '60-69': 61.06, '70-79': 56.01, '80-89': 60.26, '90-99': 58.7, 'old': 0, 'new': 55.56, 'harmonic': 0.0}
2026-07-30 07:17:14,689 [trainer.py] => CNN top1 curve: [55.56]
2026-07-30 07:17:14,689 [trainer.py] => CNN top5 curve: [80.25]
2026-07-30 07:17:14,689 [trainer.py] => Average Accuracy (CNN top1): 55.56
2026-07-30 07:17:14,695 [proof.py] => Learning on 100-120
2026-07-30 07:52:25,268 [base.py] => Constructing exemplars for new classes...(20 per classes)
2026-07-30 08:10:29,505 [proof.py] => Exemplar size: 2400
2026-07-30 08:10:29,532 [trainer.py] => CNN: {'total': 51.64, '00-09': 47.68, '10-19': 41.99, '20-29': 48.62, '30-39': 40.68, '40-49': 52.2, '50-59': 44.9, '60-69': 60.73, '70-79': 47.8, '80-89': 57.65, '90-99': 52.9, '100-109': 61.0, '110-119': 63.61, 'old': 49.38, 'new': 62.3, 'harmonic': 55.09}
2026-07-30 08:10:29,533 [trainer.py] => CNN top1 curve: [55.56, 51.64]
2026-07-30 08:10:29,533 [trainer.py] => CNN top5 curve: [80.25, 75.77]
2026-07-30 08:10:29,533 [trainer.py] => Average Accuracy (CNN top1): 53.6
2026-07-30 08:10:29,548 [proof.py] => Learning on 120-140
2026-07-30 08:49:55,025 [base.py] => Constructing exemplars for new classes...(20 per classes)
2026-07-30 09:10:20,940 [proof.py] => Exemplar size: 2800
2026-07-30 09:10:20,960 [trainer.py] => CNN: {'total': 49.72, '00-09': 47.37, '10-19': 39.27, '20-29': 48.62, '30-39': 38.2, '40-49': 48.39, '50-59': 48.09, '60-69': 57.43, '70-79': 48.39, '80-89': 55.37, '90-99': 47.44, '100-109': 49.56, '110-119': 50.0, '120-129': 52.72, '130-139': 63.27, 'old': 48.11, 'new': 58.58, 'harmonic': 52.83}
2026-07-30 09:10:20,960 [trainer.py] => CNN top1 curve: [55.56, 51.64, 49.72]
2026-07-30 09:10:20,961 [trainer.py] => CNN top5 curve: [80.25, 75.77, 74.17]
2026-07-30 09:10:20,961 [trainer.py] => Average Accuracy (CNN top1): 52.30666666666667
2026-07-30 09:10:20,980 [proof.py] => Learning on 140-160
2026-07-30 09:54:10,448 [base.py] => Constructing exemplars for new classes...(20 per classes)
2026-07-30 10:15:52,221 [proof.py] => Exemplar size: 3200
2026-07-30 10:15:52,262 [trainer.py] => CNN: {'total': 48.04, '00-09': 45.51, '10-19': 38.97, '20-29': 46.77, '30-39': 37.89, '40-49': 48.97, '50-59': 44.59, '60-69': 56.11, '70-79': 46.33, '80-89': 52.12, '90-99': 49.15, '100-109': 48.39, '110-119': 43.2, '120-129': 37.7, '130-139': 53.57, '140-149': 64.83, '150-159': 55.3, 'old': 46.42, 'new': 59.62, 'harmonic': 52.2}
2026-07-30 10:15:52,262 [trainer.py] => CNN top1 curve: [55.56, 51.64, 49.72, 48.04]
2026-07-30 10:15:52,262 [trainer.py] => CNN top5 curve: [80.25, 75.77, 74.17, 73.04]
2026-07-30 10:15:52,262 [trainer.py] => Average Accuracy (CNN top1): 51.24
2026-07-30 10:15:52,271 [proof.py] => Learning on 160-180
2026-07-30 11:02:20,641 [base.py] => Constructing exemplars for new classes...(20 per classes)
2026-07-30 11:26:07,281 [proof.py] => Exemplar size: 3600
2026-07-30 11:26:07,314 [trainer.py] => CNN: {'total': 45.62, '00-09': 40.25, '10-19': 38.97, '20-29': 44.62, '30-39': 35.09, '40-49': 46.92, '50-59': 42.68, '60-69': 56.11, '70-79': 43.11, '80-89': 47.88, '90-99': 44.37, '100-109': 46.04, '110-119': 40.24, '120-129': 36.74, '130-139': 48.98, '140-149': 50.34, '150-159': 39.54, '160-169': 61.82, '170-179': 56.2, 'old': 43.83, 'new': 58.82, 'harmonic': 50.23}
2026-07-30 11:26:07,314 [trainer.py] => CNN top1 curve: [55.56, 51.64, 49.72, 48.04, 45.62]
2026-07-30 11:26:07,314 [trainer.py] => CNN top5 curve: [80.25, 75.77, 74.17, 73.04, 72.05]
2026-07-30 11:26:07,314 [trainer.py] => Average Accuracy (CNN top1): 50.116
2026-07-30 11:26:07,320 [proof.py] => Learning on 180-200
2026-07-30 12:17:13,890 [base.py] => Constructing exemplars for new classes...(20 per classes)
2026-07-30 12:42:34,137 [proof.py] => Exemplar size: 4000
2026-07-30 12:42:34,173 [trainer.py] => CNN: {'total': 43.53, '00-09': 41.49, '10-19': 36.56, '20-29': 43.08, '30-39': 34.47, '40-49': 48.39, '50-59': 39.17, '60-69': 47.52, '70-79': 42.23, '80-89': 40.72, '90-99': 41.64, '100-109': 44.28, '110-119': 43.49, '120-129': 36.74, '130-139': 44.9, '140-149': 41.72, '150-159': 39.54, '160-169': 41.52, '170-179': 43.8, '180-189': 63.23, '190-199': 52.2, 'old': 41.81, 'new': 58.19, 'harmonic': 48.66}
2026-07-30 12:42:34,173 [trainer.py] => CNN top1 curve: [55.56, 51.64, 49.72, 48.04, 45.62, 43.53]
2026-07-30 12:42:34,173 [trainer.py] => CNN top5 curve: [80.25, 75.77, 74.17, 73.04, 72.05, 70.25]
2026-07-30 12:42:34,173 [trainer.py] => Average Accuracy (CNN top1): 49.01833333333334
