2026-07-29 08:00:05,965 [trainer.py] => config: ./configs/proof/proof_objectnet_B0_Inc20.json
2026-07-29 08:00:05,965 [trainer.py] => prefix: -
2026-07-29 08:00:05,965 [trainer.py] => dataset: objectnet
2026-07-29 08:00:05,965 [trainer.py] => memory_size: 4000
2026-07-29 08:00:05,965 [trainer.py] => memory_per_class: 20
2026-07-29 08:00:05,965 [trainer.py] => fixed_memory: True
2026-07-29 08:00:05,965 [trainer.py] => shuffle: True
2026-07-29 08:00:05,965 [trainer.py] => init_cls: 20
2026-07-29 08:00:05,965 [trainer.py] => increment: 20
2026-07-29 08:00:05,965 [trainer.py] => model_name: proof
2026-07-29 08:00:05,965 [trainer.py] => backbone_type: clip
2026-07-29 08:00:05,965 [trainer.py] => device: [device(type='cuda', index=1)]
2026-07-29 08:00:05,965 [trainer.py] => seed: 2026
2026-07-29 08:00:05,965 [trainer.py] => projection_type: pure_mlp
2026-07-29 08:00:05,966 [trainer.py] => frozen_layers: visual
2026-07-29 08:00:05,966 [trainer.py] => tuned_epoch: 10
2026-07-29 08:00:05,966 [trainer.py] => init_lr: 0.001
2026-07-29 08:00:05,966 [trainer.py] => batch_size: 64
2026-07-29 08:00:05,966 [trainer.py] => weight_decay: 0.05
2026-07-29 08:00:05,966 [trainer.py] => min_lr: 0
2026-07-29 08:00:05,966 [trainer.py] => optimizer: sgd
2026-07-29 08:00:06,690 [data_manager.py] => [115, 91, 15, 57, 123, 5, 193, 196, 88, 185, 191, 168, 90, 80, 106, 146, 188, 118, 44, 151, 24, 56, 42, 127, 113, 119, 197, 194, 99, 12, 65, 71, 131, 6, 46, 186, 126, 31, 117, 30, 110, 82, 102, 165, 11, 76, 53, 138, 199, 18, 163, 149, 84, 133, 170, 189, 52, 104, 45, 114, 41, 23, 160, 171, 172, 169, 177, 142, 94, 50, 128, 39, 59, 120, 107, 162, 124, 9, 74, 198, 62, 174, 166, 122, 141, 81, 10, 63, 176, 100, 136, 187, 129, 16, 72, 147, 54, 0, 98, 150, 92, 155, 4, 167, 125, 97, 153, 8, 83, 159, 85, 86, 13, 34, 173, 93, 180, 33, 21, 132, 190, 87, 121, 108, 103, 145, 37, 158, 69, 89, 2, 19, 67, 175, 51, 78, 43, 64, 66, 143, 61, 20, 144, 154, 183, 14, 140, 139, 75, 79, 22, 58, 101, 109, 32, 178, 73, 164, 55, 35, 49, 152, 137, 36, 3, 40, 70, 95, 105, 181, 157, 47, 192, 17, 60, 112, 68, 25, 38, 48, 161, 148, 111, 135, 96, 7, 27, 182, 130, 28, 179, 156, 116, 29, 195, 77, 184, 26, 134, 1]
2026-07-29 08:00:06,781 [factory.py] => Loaded ViT-B-16 model config.
2026-07-29 08:00:07,986 [factory.py] => Loading pretrained ViT-B-16 weights (/public/home/hanlida/Dr.1/pretrained_models/open_clip_pytorch_model_laion400m_e32.bin).
2026-07-29 08:00:10,799 [factory.py] => Loaded ViT-B-16 model config.
2026-07-29 08:00:12,016 [factory.py] => Loading pretrained ViT-B-16 weights (/public/home/hanlida/Dr.1/pretrained_models/open_clip_pytorch_model_laion400m_e32.bin).
2026-07-29 08:00:14,385 [proof.py] => Learning on 0-20
2026-07-29 08:15:10,312 [base.py] => Constructing exemplars for new classes...(20 per classes)
2026-07-29 08:23:26,799 [proof.py] => Exemplar size: 400
2026-07-29 08:23:26,835 [trainer.py] => CNN: {'total': 72.32, '00-09': 77.71, '10-19': 67.07, 'old': 0, 'new': 72.32, 'harmonic': 0.0}
2026-07-29 08:23:26,837 [trainer.py] => CNN top1 curve: [72.32]
2026-07-29 08:23:26,837 [trainer.py] => CNN top5 curve: [93.73]
2026-07-29 08:23:26,837 [trainer.py] => Average Accuracy (CNN top1): 72.32
2026-07-29 08:23:26,843 [proof.py] => Learning on 20-40
2026-07-29 08:42:22,501 [base.py] => Constructing exemplars for new classes...(20 per classes)
2026-07-29 08:52:26,297 [proof.py] => Exemplar size: 800
2026-07-29 08:52:26,327 [trainer.py] => CNN: {'total': 59.34, '00-09': 63.47, '10-19': 53.47, '20-29': 65.54, '30-39': 54.97, 'old': 58.41, 'new': 60.28, 'harmonic': 59.33}
2026-07-29 08:52:26,327 [trainer.py] => CNN top1 curve: [72.32, 59.34]
2026-07-29 08:52:26,327 [trainer.py] => CNN top5 curve: [93.73, 83.86]
2026-07-29 08:52:26,327 [trainer.py] => Average Accuracy (CNN top1): 65.83
2026-07-29 08:52:26,332 [proof.py] => Learning on 40-60
2026-07-29 09:13:32,938 [base.py] => Constructing exemplars for new classes...(20 per classes)
2026-07-29 09:25:01,450 [proof.py] => Exemplar size: 1200
2026-07-29 09:25:01,486 [trainer.py] => CNN: {'total': 57.06, '00-09': 56.97, '10-19': 46.83, '20-29': 58.46, '30-39': 47.2, '40-49': 66.86, '50-59': 65.92, 'old': 52.34, 'new': 66.41, 'harmonic': 58.54}
2026-07-29 09:25:01,486 [trainer.py] => CNN top1 curve: [72.32, 59.34, 57.06]
2026-07-29 09:25:01,486 [trainer.py] => CNN top5 curve: [93.73, 83.86, 80.42]
2026-07-29 09:25:01,486 [trainer.py] => Average Accuracy (CNN top1): 62.906666666666666
2026-07-29 09:25:01,498 [proof.py] => Learning on 60-80
2026-07-29 09:50:55,966 [base.py] => Constructing exemplars for new classes...(20 per classes)
2026-07-29 10:04:18,330 [proof.py] => Exemplar size: 1600
2026-07-29 10:04:18,344 [trainer.py] => CNN: {'total': 53.23, '00-09': 52.94, '10-19': 43.81, '20-29': 52.92, '30-39': 43.48, '40-49': 53.67, '50-59': 52.23, '60-69': 62.38, '70-79': 64.52, 'old': 49.85, 'new': 63.51, 'harmonic': 55.86}
2026-07-29 10:04:18,345 [trainer.py] => CNN top1 curve: [72.32, 59.34, 57.06, 53.23]
2026-07-29 10:04:18,345 [trainer.py] => CNN top5 curve: [93.73, 83.86, 80.42, 78.81]
2026-07-29 10:04:18,345 [trainer.py] => Average Accuracy (CNN top1): 60.4875
2026-07-29 10:04:18,354 [proof.py] => Learning on 80-100
2026-07-29 10:33:01,617 [base.py] => Constructing exemplars for new classes...(20 per classes)
2026-07-29 10:47:53,230 [proof.py] => Exemplar size: 2000
2026-07-29 10:47:53,268 [trainer.py] => CNN: {'total': 52.44, '00-09': 53.25, '10-19': 41.39, '20-29': 52.0, '30-39': 41.93, '40-49': 52.79, '50-59': 47.77, '60-69': 59.41, '70-79': 53.08, '80-89': 64.82, '90-99': 59.73, 'old': 50.15, 'new': 62.33, 'harmonic': 55.58}
2026-07-29 10:47:53,269 [trainer.py] => CNN top1 curve: [72.32, 59.34, 57.06, 53.23, 52.44]
2026-07-29 10:47:53,269 [trainer.py] => CNN top5 curve: [93.73, 83.86, 80.42, 78.81, 76.53]
2026-07-29 10:47:53,269 [trainer.py] => Average Accuracy (CNN top1): 58.878
2026-07-29 10:47:53,278 [proof.py] => Learning on 100-120
2026-07-29 11:20:24,075 [base.py] => Constructing exemplars for new classes...(20 per classes)
2026-07-29 11:37:23,873 [proof.py] => Exemplar size: 2400
2026-07-29 11:37:23,896 [trainer.py] => CNN: {'total': 50.17, '00-09': 46.75, '10-19': 36.25, '20-29': 48.0, '30-39': 42.86, '40-49': 48.39, '50-59': 39.49, '60-69': 57.43, '70-79': 48.39, '80-89': 57.98, '90-99': 52.22, '100-109': 60.41, '110-119': 63.91, 'old': 47.62, 'new': 62.15, 'harmonic': 53.92}
2026-07-29 11:37:23,896 [trainer.py] => CNN top1 curve: [72.32, 59.34, 57.06, 53.23, 52.44, 50.17]
2026-07-29 11:37:23,896 [trainer.py] => CNN top5 curve: [93.73, 83.86, 80.42, 78.81, 76.53, 76.08]
2026-07-29 11:37:23,896 [trainer.py] => Average Accuracy (CNN top1): 57.42666666666667
2026-07-29 11:37:23,903 [proof.py] => Learning on 120-140
2026-07-29 12:13:24,082 [base.py] => Constructing exemplars for new classes...(20 per classes)
2026-07-29 12:31:39,945 [proof.py] => Exemplar size: 2800
2026-07-29 12:31:39,968 [trainer.py] => CNN: {'total': 49.91, '00-09': 44.89, '10-19': 33.53, '20-29': 47.08, '30-39': 39.13, '40-49': 47.8, '50-59': 46.82, '60-69': 55.12, '70-79': 50.73, '80-89': 57.98, '90-99': 53.92, '100-109': 51.03, '110-119': 52.96, '120-129': 51.76, '130-139': 64.29, 'old': 48.31, 'new': 58.72, 'harmonic': 53.01}
2026-07-29 12:31:39,968 [trainer.py] => CNN top1 curve: [72.32, 59.34, 57.06, 53.23, 52.44, 50.17, 49.91]
2026-07-29 12:31:39,968 [trainer.py] => CNN top5 curve: [93.73, 83.86, 80.42, 78.81, 76.53, 76.08, 74.26]
2026-07-29 12:31:39,968 [trainer.py] => Average Accuracy (CNN top1): 56.35285714285715
2026-07-29 12:31:39,973 [proof.py] => Learning on 140-160
2026-07-29 13:11:53,068 [base.py] => Constructing exemplars for new classes...(20 per classes)
2026-07-29 13:31:40,693 [proof.py] => Exemplar size: 3200
2026-07-29 13:31:40,714 [trainer.py] => CNN: {'total': 48.67, '00-09': 46.13, '10-19': 37.46, '20-29': 48.31, '30-39': 36.65, '40-49': 50.44, '50-59': 43.95, '60-69': 56.77, '70-79': 50.15, '80-89': 51.79, '90-99': 50.51, '100-109': 48.97, '110-119': 44.08, '120-129': 40.89, '130-139': 53.32, '140-149': 64.83, '150-159': 55.3, 'old': 47.14, 'new': 59.62, 'harmonic': 52.65}
2026-07-29 13:31:40,714 [trainer.py] => CNN top1 curve: [72.32, 59.34, 57.06, 53.23, 52.44, 50.17, 49.91, 48.67]
2026-07-29 13:31:40,714 [trainer.py] => CNN top5 curve: [93.73, 83.86, 80.42, 78.81, 76.53, 76.08, 74.26, 73.39]
2026-07-29 13:31:40,714 [trainer.py] => Average Accuracy (CNN top1): 55.392500000000005
2026-07-29 13:31:40,719 [proof.py] => Learning on 160-180
2026-07-29 14:14:39,965 [base.py] => Constructing exemplars for new classes...(20 per classes)
2026-07-29 14:36:13,076 [proof.py] => Exemplar size: 3600
2026-07-29 14:36:13,114 [trainer.py] => CNN: {'total': 46.54, '00-09': 41.18, '10-19': 36.86, '20-29': 45.85, '30-39': 37.58, '40-49': 46.33, '50-59': 40.76, '60-69': 55.12, '70-79': 46.63, '80-89': 48.53, '90-99': 46.42, '100-109': 48.39, '110-119': 43.2, '120-129': 35.78, '130-139': 49.23, '140-149': 50.34, '150-159': 42.41, '160-169': 62.73, '170-179': 58.58, 'old': 44.65, 'new': 60.51, 'harmonic': 51.38}
2026-07-29 14:36:13,114 [trainer.py] => CNN top1 curve: [72.32, 59.34, 57.06, 53.23, 52.44, 50.17, 49.91, 48.67, 46.54]
2026-07-29 14:36:13,115 [trainer.py] => CNN top5 curve: [93.73, 83.86, 80.42, 78.81, 76.53, 76.08, 74.26, 73.39, 72.4]
2026-07-29 14:36:13,115 [trainer.py] => Average Accuracy (CNN top1): 54.408888888888896
2026-07-29 14:36:13,140 [proof.py] => Learning on 180-200
2026-07-29 15:22:30,358 [base.py] => Constructing exemplars for new classes...(20 per classes)
2026-07-29 15:45:43,497 [proof.py] => Exemplar size: 4000
2026-07-29 15:45:43,534 [trainer.py] => CNN: {'total': 44.75, '00-09': 40.87, '10-19': 34.14, '20-29': 46.77, '30-39': 36.65, '40-49': 44.87, '50-59': 41.08, '60-69': 53.14, '70-79': 47.51, '80-89': 44.3, '90-99': 46.42, '100-109': 45.16, '110-119': 42.31, '120-129': 33.87, '130-139': 44.39, '140-149': 43.79, '150-159': 40.4, '160-169': 45.15, '170-179': 44.85, '180-189': 62.96, '190-199': 54.09, 'old': 43.09, 'new': 58.91, 'harmonic': 49.77}
2026-07-29 15:45:43,534 [trainer.py] => CNN top1 curve: [72.32, 59.34, 57.06, 53.23, 52.44, 50.17, 49.91, 48.67, 46.54, 44.75]
2026-07-29 15:45:43,535 [trainer.py] => CNN top5 curve: [93.73, 83.86, 80.42, 78.81, 76.53, 76.08, 74.26, 73.39, 72.4, 70.2]
2026-07-29 15:45:43,535 [trainer.py] => Average Accuracy (CNN top1): 53.443000000000005
