2026-07-27 15:46:49,318 [trainer.py] => config: ./configs/proof/proof_sun_B150_Inc30.json
2026-07-27 15:46:49,318 [trainer.py] => prefix: -
2026-07-27 15:46:49,319 [trainer.py] => dataset: sun
2026-07-27 15:46:49,319 [trainer.py] => memory_size: 6000
2026-07-27 15:46:49,319 [trainer.py] => memory_per_class: 20
2026-07-27 15:46:49,319 [trainer.py] => fixed_memory: True
2026-07-27 15:46:49,319 [trainer.py] => shuffle: True
2026-07-27 15:46:49,319 [trainer.py] => init_cls: 150
2026-07-27 15:46:49,319 [trainer.py] => increment: 30
2026-07-27 15:46:49,320 [trainer.py] => model_name: proof
2026-07-27 15:46:49,320 [trainer.py] => backbone_type: clip
2026-07-27 15:46:49,320 [trainer.py] => device: [device(type='cuda', index=3)]
2026-07-27 15:46:49,320 [trainer.py] => seed: 42
2026-07-27 15:46:49,320 [trainer.py] => projection_type: pure_mlp
2026-07-27 15:46:49,320 [trainer.py] => frozen_layers: visual
2026-07-27 15:46:49,321 [trainer.py] => tuned_epoch: 10
2026-07-27 15:46:49,321 [trainer.py] => init_lr: 0.001
2026-07-27 15:46:49,321 [trainer.py] => batch_size: 64
2026-07-27 15:46:49,321 [trainer.py] => weight_decay: 0.05
2026-07-27 15:46:49,321 [trainer.py] => min_lr: 0
2026-07-27 15:46:49,321 [trainer.py] => optimizer: sgd
2026-07-27 15:46:50,863 [data_manager.py] => [203, 266, 152, 9, 233, 226, 196, 109, 5, 175, 237, 57, 218, 45, 182, 221, 289, 211, 148, 165, 78, 113, 249, 250, 104, 42, 281, 295, 157, 238, 17, 164, 33, 24, 215, 119, 7, 90, 46, 73, 93, 76, 286, 60, 77, 63, 234, 229, 111, 231, 180, 144, 239, 75, 297, 278, 97, 92, 192, 25, 232, 59, 6, 185, 173, 30, 22, 256, 56, 186, 108, 126, 230, 193, 129, 282, 82, 84, 66, 288, 163, 154, 19, 124, 79, 114, 118, 72, 15, 10, 194, 101, 68, 224, 37, 16, 179, 147, 274, 67, 228, 69, 31, 183, 265, 225, 140, 18, 181, 96, 132, 262, 86, 248, 245, 116, 146, 292, 197, 206, 55, 172, 184, 167, 139, 253, 38, 125, 195, 283, 137, 112, 168, 117, 277, 271, 155, 176, 178, 2, 115, 143, 177, 120, 210, 260, 127, 74, 29, 83, 269, 107, 223, 158, 280, 246, 222, 65, 198, 85, 213, 159, 12, 35, 28, 142, 284, 254, 170, 51, 95, 208, 247, 41, 89, 244, 136, 26, 293, 141, 200, 0, 268, 272, 100, 259, 255, 171, 98, 36, 61, 150, 236, 202, 242, 11, 296, 267, 27, 219, 4, 122, 32, 204, 162, 209, 285, 138, 62, 135, 128, 290, 8, 70, 264, 64, 44, 279, 156, 40, 123, 275, 216, 153, 23, 261, 110, 81, 207, 212, 39, 240, 291, 258, 199, 14, 47, 94, 263, 227, 273, 201, 161, 43, 217, 145, 190, 220, 251, 3, 105, 53, 133, 1, 131, 103, 49, 80, 205, 34, 91, 52, 241, 13, 88, 166, 294, 134, 287, 243, 54, 50, 174, 189, 298, 187, 169, 58, 48, 235, 252, 21, 160, 276, 191, 257, 149, 130, 151, 99, 87, 214, 121, 299, 20, 188, 71, 106, 270, 102]
2026-07-27 15:46:51,304 [factory.py] => Loaded ViT-B-16 model config.
2026-07-27 15:46:52,539 [factory.py] => Loading pretrained ViT-B-16 weights (/public/home/hanlida/Dr.1/pretrained_models/open_clip_pytorch_model_laion400m_e32.bin).
2026-07-27 15:46:56,392 [factory.py] => Loaded ViT-B-16 model config.
2026-07-27 15:46:57,632 [factory.py] => Loading pretrained ViT-B-16 weights (/public/home/hanlida/Dr.1/pretrained_models/open_clip_pytorch_model_laion400m_e32.bin).
2026-07-27 15:46:59,450 [proof.py] => Learning on 0-150
2026-07-27 16:54:18,921 [base.py] => Constructing exemplars for new classes...(20 per classes)
2026-07-27 17:14:22,761 [proof.py] => Exemplar size: 3000
2026-07-27 17:14:22,781 [trainer.py] => CNN: {'total': 88.07, '00-09': 80.23, '10-19': 88.64, '20-29': 86.07, '30-39': 88.41, '40-49': 90.99, '50-59': 93.56, '60-69': 91.4, '70-79': 80.42, '80-89': 88.89, '90-99': 88.31, '100-109': 89.16, '110-119': 81.45, '120-129': 86.75, '130-139': 89.91, '140-149': 86.89, 'old': 0, 'new': 88.07, 'harmonic': 0.0}
2026-07-27 17:14:22,781 [trainer.py] => CNN top1 curve: [88.07]
2026-07-27 17:14:22,781 [trainer.py] => CNN top5 curve: [99.2]
2026-07-27 17:14:22,781 [trainer.py] => Average Accuracy (CNN top1): 88.07
2026-07-27 17:14:22,793 [proof.py] => Learning on 150-180
2026-07-27 17:45:13,975 [base.py] => Constructing exemplars for new classes...(20 per classes)
2026-07-27 17:54:44,289 [proof.py] => Exemplar size: 3600
2026-07-27 17:54:44,323 [trainer.py] => CNN: {'total': 80.17, '00-09': 82.52, '10-19': 85.03, '20-29': 74.59, '30-39': 78.16, '40-49': 78.68, '50-59': 87.93, '60-69': 84.38, '70-79': 76.56, '80-89': 75.96, '90-99': 78.31, '100-109': 75.46, '110-119': 69.53, '120-129': 73.8, '130-139': 63.6, '140-149': 82.44, '150-159': 87.92, '160-169': 94.82, '170-179': 93.74, 'old': 77.48, 'new': 92.0, 'harmonic': 84.12}
2026-07-27 17:54:44,323 [trainer.py] => CNN top1 curve: [88.07, 80.17]
2026-07-27 17:54:44,324 [trainer.py] => CNN top5 curve: [99.2, 98.28]
2026-07-27 17:54:44,324 [trainer.py] => Average Accuracy (CNN top1): 84.12
2026-07-27 17:54:44,354 [proof.py] => Learning on 180-210
2026-07-27 18:27:08,885 [base.py] => Constructing exemplars for new classes...(20 per classes)
2026-07-27 18:37:21,011 [proof.py] => Exemplar size: 4200
2026-07-27 18:37:21,035 [trainer.py] => CNN: {'total': 78.76, '00-09': 82.52, '10-19': 81.07, '20-29': 80.6, '30-39': 76.81, '40-49': 70.35, '50-59': 89.34, '60-69': 81.81, '70-79': 78.64, '80-89': 63.57, '90-99': 72.54, '100-109': 79.55, '110-119': 69.92, '120-129': 73.95, '130-139': 70.24, '140-149': 79.16, '150-159': 78.37, '160-169': 82.2, '170-179': 80.77, '180-189': 88.87, '190-199': 91.72, '200-209': 93.33, 'old': 76.73, 'new': 91.41, 'harmonic': 83.43}
2026-07-27 18:37:21,035 [trainer.py] => CNN top1 curve: [88.07, 80.17, 78.76]
2026-07-27 18:37:21,036 [trainer.py] => CNN top5 curve: [99.2, 98.28, 97.74]
2026-07-27 18:37:21,041 [trainer.py] => Average Accuracy (CNN top1): 82.33333333333333
2026-07-27 18:37:21,061 [proof.py] => Learning on 210-240
2026-07-27 19:18:58,121 [base.py] => Constructing exemplars for new classes...(20 per classes)
2026-07-27 19:30:59,527 [proof.py] => Exemplar size: 4800
2026-07-27 19:30:59,555 [trainer.py] => CNN: {'total': 78.36, '00-09': 74.79, '10-19': 79.52, '20-29': 78.42, '30-39': 69.67, '40-49': 74.23, '50-59': 87.12, '60-69': 77.51, '70-79': 78.93, '80-89': 67.76, '90-99': 73.52, '100-109': 75.66, '110-119': 70.31, '120-129': 73.8, '130-139': 67.05, '140-149': 82.44, '150-159': 73.31, '160-169': 75.73, '170-179': 77.79, '180-189': 79.65, '190-199': 79.14, '200-209': 73.16, '210-219': 93.2, '220-229': 96.77, '230-239': 91.27, 'old': 75.1, 'new': 94.49, 'harmonic': 83.69}
2026-07-27 19:30:59,556 [trainer.py] => CNN top1 curve: [88.07, 80.17, 78.76, 78.36]
2026-07-27 19:30:59,556 [trainer.py] => CNN top5 curve: [99.2, 98.28, 97.74, 97.27]
2026-07-27 19:30:59,556 [trainer.py] => Average Accuracy (CNN top1): 81.34
2026-07-27 19:30:59,585 [proof.py] => Learning on 240-270
2026-07-27 20:08:44,758 [base.py] => Constructing exemplars for new classes...(20 per classes)
2026-07-27 20:21:42,172 [proof.py] => Exemplar size: 5400
2026-07-27 20:21:42,211 [trainer.py] => CNN: {'total': 77.57, '00-09': 74.21, '10-19': 80.9, '20-29': 77.32, '30-39': 75.67, '40-49': 72.63, '50-59': 86.92, '60-69': 78.94, '70-79': 78.04, '80-89': 67.94, '90-99': 73.94, '100-109': 75.46, '110-119': 70.9, '120-129': 71.23, '130-139': 68.45, '140-149': 81.73, '150-159': 73.17, '160-169': 70.55, '170-179': 77.05, '180-189': 77.16, '190-199': 75.16, '200-209': 79.49, '210-219': 82.79, '220-229': 79.49, '230-239': 83.16, '240-249': 92.94, '250-259': 92.12, '260-269': 88.79, 'old': 76.21, 'new': 91.42, 'harmonic': 83.12}
2026-07-27 20:21:42,211 [trainer.py] => CNN top1 curve: [88.07, 80.17, 78.76, 78.36, 77.57]
2026-07-27 20:21:42,211 [trainer.py] => CNN top5 curve: [99.2, 98.28, 97.74, 97.27, 96.81]
2026-07-27 20:21:42,212 [trainer.py] => Average Accuracy (CNN top1): 80.586
2026-07-27 20:21:42,254 [proof.py] => Learning on 270-300
2026-07-27 21:06:30,044 [base.py] => Constructing exemplars for new classes...(20 per classes)
2026-07-27 21:21:07,841 [proof.py] => Exemplar size: 6000
2026-07-27 21:21:07,862 [trainer.py] => CNN: {'total': 76.64, '00-09': 70.77, '10-19': 81.41, '20-29': 78.14, '30-39': 72.88, '40-49': 72.98, '50-59': 84.71, '60-69': 79.66, '70-79': 64.69, '80-89': 57.19, '90-99': 73.38, '100-109': 73.82, '110-119': 68.36, '120-129': 66.72, '130-139': 68.45, '140-149': 76.35, '150-159': 67.84, '160-169': 73.79, '170-179': 78.39, '180-189': 74.28, '190-199': 75.32, '200-209': 79.15, '210-219': 78.71, '220-229': 82.21, '230-239': 80.25, '240-249': 82.35, '250-259': 84.8, '260-269': 76.43, '270-279': 88.92, '280-289': 94.62, '290-299': 92.09, 'old': 75.11, 'new': 92.28, 'harmonic': 82.81}
2026-07-27 21:21:07,862 [trainer.py] => CNN top1 curve: [88.07, 80.17, 78.76, 78.36, 77.57, 76.64]
2026-07-27 21:21:07,862 [trainer.py] => CNN top5 curve: [99.2, 98.28, 97.74, 97.27, 96.81, 96.4]
2026-07-27 21:21:07,862 [trainer.py] => Average Accuracy (CNN top1): 79.92833333333333
