2026-07-27 21:21:07,934 [trainer.py] => config: ./configs/proof/proof_sun_B150_Inc30.json
2026-07-27 21:21:07,934 [trainer.py] => prefix: -
2026-07-27 21:21:07,934 [trainer.py] => dataset: sun
2026-07-27 21:21:07,934 [trainer.py] => memory_size: 6000
2026-07-27 21:21:07,934 [trainer.py] => memory_per_class: 20
2026-07-27 21:21:07,934 [trainer.py] => fixed_memory: True
2026-07-27 21:21:07,934 [trainer.py] => shuffle: True
2026-07-27 21:21:07,934 [trainer.py] => init_cls: 150
2026-07-27 21:21:07,934 [trainer.py] => increment: 30
2026-07-27 21:21:07,934 [trainer.py] => model_name: proof
2026-07-27 21:21:07,934 [trainer.py] => backbone_type: clip
2026-07-27 21:21:07,934 [trainer.py] => device: [device(type='cuda', index=3)]
2026-07-27 21:21:07,934 [trainer.py] => seed: 2026
2026-07-27 21:21:07,935 [trainer.py] => projection_type: pure_mlp
2026-07-27 21:21:07,935 [trainer.py] => frozen_layers: visual
2026-07-27 21:21:07,935 [trainer.py] => tuned_epoch: 10
2026-07-27 21:21:07,935 [trainer.py] => init_lr: 0.001
2026-07-27 21:21:07,935 [trainer.py] => batch_size: 64
2026-07-27 21:21:07,935 [trainer.py] => weight_decay: 0.05
2026-07-27 21:21:07,935 [trainer.py] => min_lr: 0
2026-07-27 21:21:07,935 [trainer.py] => optimizer: sgd
2026-07-27 21:21:09,219 [data_manager.py] => [224, 200, 247, 134, 144, 294, 287, 225, 131, 191, 158, 138, 7, 23, 40, 155, 269, 178, 126, 44, 181, 266, 179, 275, 193, 114, 6, 235, 42, 109, 286, 230, 121, 210, 208, 102, 24, 256, 5, 254, 115, 168, 61, 184, 211, 18, 272, 227, 292, 296, 239, 107, 299, 283, 189, 202, 262, 105, 174, 206, 281, 150, 87, 265, 192, 271, 125, 74, 62, 56, 252, 197, 88, 180, 204, 46, 293, 298, 258, 146, 53, 80, 71, 37, 12, 219, 119, 4, 267, 90, 273, 65, 236, 1, 170, 100, 91, 213, 242, 209, 128, 261, 26, 50, 248, 140, 270, 185, 291, 156, 240, 199, 183, 186, 175, 81, 228, 177, 76, 52, 277, 54, 34, 94, 278, 110, 218, 99, 149, 220, 133, 234, 39, 154, 15, 233, 253, 289, 172, 187, 169, 143, 31, 198, 84, 157, 86, 173, 104, 9, 203, 147, 190, 223, 120, 30, 36, 196, 11, 288, 297, 285, 118, 129, 57, 82, 141, 241, 280, 45, 41, 151, 279, 166, 153, 217, 106, 93, 276, 123, 237, 167, 59, 48, 136, 246, 274, 244, 117, 60, 70, 229, 122, 20, 10, 63, 68, 231, 238, 171, 16, 72, 127, 232, 32, 124, 182, 0, 98, 264, 92, 38, 132, 95, 260, 97, 35, 8, 83, 163, 85, 113, 214, 13, 162, 145, 221, 33, 21, 195, 176, 215, 108, 103, 268, 165, 55, 69, 89, 2, 19, 67, 188, 284, 51, 243, 160, 222, 78, 255, 43, 142, 64, 207, 66, 161, 212, 164, 194, 14, 251, 139, 75, 79, 22, 58, 101, 73, 259, 159, 216, 226, 49, 152, 137, 3, 245, 290, 148, 47, 295, 201, 250, 17, 112, 25, 111, 135, 96, 263, 249, 27, 205, 130, 28, 116, 29, 77, 282, 257]
2026-07-27 21:21:09,647 [factory.py] => Loaded ViT-B-16 model config.
2026-07-27 21:21:10,759 [factory.py] => Loading pretrained ViT-B-16 weights (/public/home/hanlida/Dr.1/pretrained_models/open_clip_pytorch_model_laion400m_e32.bin).
2026-07-27 21:21:14,405 [factory.py] => Loaded ViT-B-16 model config.
2026-07-27 21:21:15,737 [factory.py] => Loading pretrained ViT-B-16 weights (/public/home/hanlida/Dr.1/pretrained_models/open_clip_pytorch_model_laion400m_e32.bin).
2026-07-27 21:21:17,703 [proof.py] => Learning on 0-150
2026-07-27 22:34:01,178 [base.py] => Constructing exemplars for new classes...(20 per classes)
2026-07-27 22:54:49,978 [proof.py] => Exemplar size: 3000
2026-07-27 22:54:50,001 [trainer.py] => CNN: {'total': 88.93, '00-09': 89.6, '10-19': 90.27, '20-29': 90.07, '30-39': 93.43, '40-49': 83.15, '50-59': 83.02, '60-69': 91.97, '70-79': 90.56, '80-89': 86.23, '90-99': 88.35, '100-109': 93.32, '110-119': 85.74, '120-129': 92.01, '130-139': 77.74, '140-149': 86.22, 'old': 0, 'new': 88.93, 'harmonic': 0.0}
2026-07-27 22:54:50,001 [trainer.py] => CNN top1 curve: [88.93]
2026-07-27 22:54:50,001 [trainer.py] => CNN top5 curve: [99.07]
2026-07-27 22:54:50,001 [trainer.py] => Average Accuracy (CNN top1): 88.93
2026-07-27 22:54:50,035 [proof.py] => Learning on 150-180
2026-07-27 23:21:41,630 [base.py] => Constructing exemplars for new classes...(20 per classes)
2026-07-27 23:30:44,072 [proof.py] => Exemplar size: 3600
2026-07-27 23:30:44,088 [trainer.py] => CNN: {'total': 83.58, '00-09': 85.4, '10-19': 81.33, '20-29': 84.84, '30-39': 87.8, '40-49': 73.71, '50-59': 75.91, '60-69': 80.14, '70-79': 77.79, '80-89': 77.17, '90-99': 84.14, '100-109': 87.0, '110-119': 83.47, '120-129': 85.22, '130-139': 80.82, '140-149': 80.61, '150-159': 93.07, '160-169': 93.56, '170-179': 93.44, 'old': 81.9, 'new': 93.35, 'harmonic': 87.25}
2026-07-27 23:30:44,088 [trainer.py] => CNN top1 curve: [88.93, 83.58]
2026-07-27 23:30:44,088 [trainer.py] => CNN top5 curve: [99.07, 98.34]
2026-07-27 23:30:44,088 [trainer.py] => Average Accuracy (CNN top1): 86.255
2026-07-27 23:30:44,110 [proof.py] => Learning on 180-210
2026-07-28 00:02:03,337 [base.py] => Constructing exemplars for new classes...(20 per classes)
2026-07-28 00:12:18,669 [proof.py] => Exemplar size: 4200
2026-07-28 00:12:18,696 [trainer.py] => CNN: {'total': 81.02, '00-09': 79.38, '10-19': 80.93, '20-29': 73.65, '30-39': 87.8, '40-49': 66.52, '50-59': 76.78, '60-69': 75.21, '70-79': 74.14, '80-89': 75.09, '90-99': 84.14, '100-109': 84.3, '110-119': 82.82, '120-129': 79.62, '130-139': 77.4, '140-149': 75.51, '150-159': 80.91, '160-169': 82.51, '170-179': 87.7, '180-189': 92.15, '190-199': 93.59, '200-209': 92.29, 'old': 79.26, 'new': 92.65, 'harmonic': 85.43}
2026-07-28 00:12:18,696 [trainer.py] => CNN top1 curve: [88.93, 83.58, 81.02]
2026-07-28 00:12:18,696 [trainer.py] => CNN top5 curve: [99.07, 98.34, 97.89]
2026-07-28 00:12:18,696 [trainer.py] => Average Accuracy (CNN top1): 84.50999999999999
2026-07-28 00:12:18,708 [proof.py] => Learning on 210-240
2026-07-28 00:48:30,296 [base.py] => Constructing exemplars for new classes...(20 per classes)
2026-07-28 00:59:57,546 [proof.py] => Exemplar size: 4800
2026-07-28 00:59:57,583 [trainer.py] => CNN: {'total': 79.46, '00-09': 77.55, '10-19': 79.87, '20-29': 76.35, '30-39': 86.46, '40-49': 61.35, '50-59': 73.48, '60-69': 71.55, '70-79': 67.81, '80-89': 73.77, '90-99': 80.1, '100-109': 79.6, '110-119': 81.52, '120-129': 80.93, '130-139': 72.26, '140-149': 75.26, '150-159': 79.22, '160-169': 80.86, '170-179': 83.33, '180-189': 81.32, '190-199': 83.3, '200-209': 76.87, '210-219': 91.89, '220-229': 92.28, '230-239': 93.7, 'old': 77.43, 'new': 92.74, 'harmonic': 84.4}
2026-07-28 00:59:57,584 [trainer.py] => CNN top1 curve: [88.93, 83.58, 81.02, 79.46]
2026-07-28 00:59:57,584 [trainer.py] => CNN top5 curve: [99.07, 98.34, 97.89, 97.2]
2026-07-28 00:59:57,585 [trainer.py] => Average Accuracy (CNN top1): 83.24749999999999
2026-07-28 00:59:57,619 [proof.py] => Learning on 240-270
2026-07-28 01:45:10,995 [base.py] => Constructing exemplars for new classes...(20 per classes)
2026-07-28 01:58:13,126 [proof.py] => Exemplar size: 5400
2026-07-28 01:58:13,154 [trainer.py] => CNN: {'total': 78.15, '00-09': 72.99, '10-19': 80.27, '20-29': 76.71, '30-39': 83.38, '40-49': 62.92, '50-59': 72.96, '60-69': 67.89, '70-79': 70.17, '80-89': 73.58, '90-99': 74.92, '100-109': 79.6, '110-119': 79.9, '120-129': 79.86, '130-139': 73.63, '140-149': 73.98, '150-159': 67.57, '160-169': 76.9, '170-179': 81.42, '180-189': 76.14, '190-199': 74.76, '200-209': 72.16, '210-219': 78.38, '220-229': 80.43, '230-239': 73.23, '240-249': 90.81, '250-259': 96.62, '260-269': 94.18, 'old': 75.28, 'new': 94.67, 'harmonic': 83.87}
2026-07-28 01:58:13,161 [trainer.py] => CNN top1 curve: [88.93, 83.58, 81.02, 79.46, 78.15]
2026-07-28 01:58:13,161 [trainer.py] => CNN top5 curve: [99.07, 98.34, 97.89, 97.2, 97.05]
2026-07-28 01:58:13,161 [trainer.py] => Average Accuracy (CNN top1): 82.228
2026-07-28 01:58:13,173 [proof.py] => Learning on 270-300
2026-07-28 02:40:59,902 [base.py] => Constructing exemplars for new classes...(20 per classes)
2026-07-28 02:54:54,160 [proof.py] => Exemplar size: 6000
2026-07-28 02:54:54,189 [trainer.py] => CNN: {'total': 76.29, '00-09': 75.91, '10-19': 77.87, '20-29': 68.59, '30-39': 82.44, '40-49': 64.27, '50-59': 73.48, '60-69': 72.82, '70-79': 71.78, '80-89': 70.94, '90-99': 72.01, '100-109': 76.35, '110-119': 80.71, '120-129': 76.76, '130-139': 72.95, '140-149': 75.0, '150-159': 70.61, '160-169': 73.1, '170-179': 81.97, '180-189': 78.34, '190-199': 79.81, '200-209': 67.88, '210-219': 77.84, '220-229': 74.51, '230-239': 73.23, '240-249': 76.62, '250-259': 86.92, '260-269': 62.91, '270-279': 88.42, '280-289': 91.26, '290-299': 89.82, 'old': 75.01, 'new': 89.87, 'harmonic': 81.77}
2026-07-28 02:54:54,189 [trainer.py] => CNN top1 curve: [88.93, 83.58, 81.02, 79.46, 78.15, 76.29]
2026-07-28 02:54:54,189 [trainer.py] => CNN top5 curve: [99.07, 98.34, 97.89, 97.2, 97.05, 96.34]
2026-07-28 02:54:54,189 [trainer.py] => Average Accuracy (CNN top1): 81.23833333333333
