2026-07-26 15:24:22,712 [trainer.py] => config: ./configs/proof/proof_ucf_B50_Inc10.json
2026-07-26 15:24:22,712 [trainer.py] => prefix: -
2026-07-26 15:24:22,712 [trainer.py] => dataset: ucf101
2026-07-26 15:24:22,712 [trainer.py] => memory_size: 2000
2026-07-26 15:24:22,712 [trainer.py] => memory_per_class: 20
2026-07-26 15:24:22,712 [trainer.py] => fixed_memory: True
2026-07-26 15:24:22,712 [trainer.py] => shuffle: True
2026-07-26 15:24:22,713 [trainer.py] => init_cls: 50
2026-07-26 15:24:22,713 [trainer.py] => increment: 10
2026-07-26 15:24:22,713 [trainer.py] => model_name: proof
2026-07-26 15:24:22,713 [trainer.py] => backbone_type: clip
2026-07-26 15:24:22,713 [trainer.py] => device: [device(type='cuda', index=3)]
2026-07-26 15:24:22,713 [trainer.py] => seed: 2026
2026-07-26 15:24:22,713 [trainer.py] => projection_type: pure_mlp
2026-07-26 15:24:22,713 [trainer.py] => frozen_layers: visual
2026-07-26 15:24:22,713 [trainer.py] => tuned_epoch: 10
2026-07-26 15:24:22,713 [trainer.py] => init_lr: 0.001
2026-07-26 15:24:22,713 [trainer.py] => batch_size: 64
2026-07-26 15:24:22,713 [trainer.py] => weight_decay: 0.05
2026-07-26 15:24:22,713 [trainer.py] => min_lr: 0
2026-07-26 15:24:22,713 [trainer.py] => optimizer: sgd
2026-07-26 15:24:22,960 [data_manager.py] => [98, 10, 4, 18, 88, 13, 8, 84, 79, 21, 85, 96, 53, 42, 52, 97, 74, 5, 58, 23, 90, 59, 16, 72, 75, 30, 43, 99, 44, 41, 0, 46, 61, 80, 65, 39, 70, 87, 89, 91, 82, 14, 12, 71, 50, 11, 15, 57, 22, 67, 45, 32, 78, 63, 66, 55, 31, 62, 35, 34, 19, 49, 24, 9, 37, 36, 3, 64, 40, 86, 81, 93, 47, 73, 17, 60, 68, 25, 38, 48, 33, 20, 83, 7, 27, 94, 54, 2, 92, 76, 69, 51, 28, 29, 95, 77, 56, 26, 6, 1]
2026-07-26 15:24:22,981 [factory.py] => Loaded ViT-B-16 model config.
2026-07-26 15:24:24,237 [factory.py] => Loading pretrained ViT-B-16 weights (/public/home/hanlida/Dr.1/pretrained_models/open_clip_pytorch_model_laion400m_e32.bin).
2026-07-26 15:24:27,487 [factory.py] => Loaded ViT-B-16 model config.
2026-07-26 15:24:28,652 [factory.py] => Loading pretrained ViT-B-16 weights (/public/home/hanlida/Dr.1/pretrained_models/open_clip_pytorch_model_laion400m_e32.bin).
2026-07-26 15:24:30,301 [proof.py] => Learning on 0-50
2026-07-26 15:33:05,382 [base.py] => Constructing exemplars for new classes...(20 per classes)
2026-07-26 15:35:31,302 [proof.py] => Exemplar size: 1000
2026-07-26 15:35:31,332 [trainer.py] => CNN: {'total': 96.81, '00-09': 97.2, '10-19': 94.78, '20-29': 98.02, '30-39': 97.6, '40-49': 96.46, 'old': 0, 'new': 96.81, 'harmonic': 0.0}
2026-07-26 15:35:31,332 [trainer.py] => CNN top1 curve: [96.81]
2026-07-26 15:35:31,332 [trainer.py] => CNN top5 curve: [99.7]
2026-07-26 15:35:31,332 [trainer.py] => Average Accuracy (CNN top1): 96.81
2026-07-26 15:35:31,344 [proof.py] => Learning on 50-60
2026-07-26 15:40:05,851 [base.py] => Constructing exemplars for new classes...(20 per classes)
2026-07-26 15:41:16,345 [proof.py] => Exemplar size: 1200
2026-07-26 15:41:16,371 [trainer.py] => CNN: {'total': 94.59, '00-09': 95.6, '10-19': 89.55, '20-29': 98.41, '30-39': 95.21, '40-49': 93.7, '50-59': 95.27, 'old': 94.45, 'new': 95.27, 'harmonic': 94.86}
2026-07-26 15:41:16,371 [trainer.py] => CNN top1 curve: [96.81, 94.59]
2026-07-26 15:41:16,371 [trainer.py] => CNN top5 curve: [99.7, 99.69]
2026-07-26 15:41:16,371 [trainer.py] => Average Accuracy (CNN top1): 95.7
2026-07-26 15:41:16,418 [proof.py] => Learning on 60-70
2026-07-26 15:46:32,020 [base.py] => Constructing exemplars for new classes...(20 per classes)
2026-07-26 15:47:52,937 [proof.py] => Exemplar size: 1400
2026-07-26 15:47:52,957 [trainer.py] => CNN: {'total': 93.75, '00-09': 95.6, '10-19': 89.18, '20-29': 99.21, '30-39': 93.84, '40-49': 89.37, '50-59': 92.36, '60-69': 96.98, 'old': 93.21, 'new': 96.98, 'harmonic': 95.06}
2026-07-26 15:47:52,957 [trainer.py] => CNN top1 curve: [96.81, 94.59, 93.75]
2026-07-26 15:47:52,957 [trainer.py] => CNN top5 curve: [99.7, 99.69, 99.52]
2026-07-26 15:47:52,957 [trainer.py] => Average Accuracy (CNN top1): 95.05
2026-07-26 15:47:52,968 [proof.py] => Learning on 70-80
2026-07-26 15:53:49,270 [base.py] => Constructing exemplars for new classes...(20 per classes)
2026-07-26 15:55:21,414 [proof.py] => Exemplar size: 1600
2026-07-26 15:55:21,445 [trainer.py] => CNN: {'total': 92.86, '00-09': 94.4, '10-19': 89.55, '20-29': 94.44, '30-39': 92.12, '40-49': 90.55, '50-59': 90.91, '60-69': 95.09, '70-79': 95.8, 'old': 92.4, 'new': 95.8, 'harmonic': 94.07}
2026-07-26 15:55:21,446 [trainer.py] => CNN top1 curve: [96.81, 94.59, 93.75, 92.86]
2026-07-26 15:55:21,446 [trainer.py] => CNN top5 curve: [99.7, 99.69, 99.52, 99.53]
2026-07-26 15:55:21,446 [trainer.py] => Average Accuracy (CNN top1): 94.5025
2026-07-26 15:55:21,451 [proof.py] => Learning on 80-90
2026-07-26 16:02:00,321 [base.py] => Constructing exemplars for new classes...(20 per classes)
2026-07-26 16:03:45,390 [proof.py] => Exemplar size: 1800
2026-07-26 16:03:45,423 [trainer.py] => CNN: {'total': 91.89, '00-09': 93.6, '10-19': 87.31, '20-29': 96.03, '30-39': 94.18, '40-49': 86.61, '50-59': 86.91, '60-69': 94.72, '70-79': 92.66, '80-89': 94.91, 'old': 91.5, 'new': 94.91, 'harmonic': 93.17}
2026-07-26 16:03:45,423 [trainer.py] => CNN top1 curve: [96.81, 94.59, 93.75, 92.86, 91.89]
2026-07-26 16:03:45,423 [trainer.py] => CNN top5 curve: [99.7, 99.69, 99.52, 99.53, 99.17]
2026-07-26 16:03:45,423 [trainer.py] => Average Accuracy (CNN top1): 93.97999999999999
2026-07-26 16:03:45,437 [proof.py] => Learning on 90-100
2026-07-26 16:11:02,519 [base.py] => Constructing exemplars for new classes...(20 per classes)
2026-07-26 16:12:58,333 [proof.py] => Exemplar size: 2000
2026-07-26 16:12:58,377 [trainer.py] => CNN: {'total': 90.68, '00-09': 93.2, '10-19': 88.43, '20-29': 95.24, '30-39': 90.07, '40-49': 83.07, '50-59': 86.18, '60-69': 93.96, '70-79': 91.96, '80-89': 91.64, '90-99': 93.69, 'old': 90.4, 'new': 93.69, 'harmonic': 92.02}
2026-07-26 16:12:58,377 [trainer.py] => CNN top1 curve: [96.81, 94.59, 93.75, 92.86, 91.89, 90.68]
2026-07-26 16:12:58,377 [trainer.py] => CNN top5 curve: [99.7, 99.69, 99.52, 99.53, 99.17, 99.39]
2026-07-26 16:12:58,378 [trainer.py] => Average Accuracy (CNN top1): 93.42999999999999
