2026-07-26 12:49:44,771 [trainer.py] => config: ./configs/proof/proof_ucf_B0_Inc10.json
2026-07-26 12:49:44,771 [trainer.py] => prefix: -
2026-07-26 12:49:44,771 [trainer.py] => dataset: ucf101
2026-07-26 12:49:44,772 [trainer.py] => memory_size: 2000
2026-07-26 12:49:44,772 [trainer.py] => memory_per_class: 20
2026-07-26 12:49:44,772 [trainer.py] => fixed_memory: True
2026-07-26 12:49:44,772 [trainer.py] => shuffle: True
2026-07-26 12:49:44,772 [trainer.py] => init_cls: 10
2026-07-26 12:49:44,772 [trainer.py] => increment: 10
2026-07-26 12:49:44,772 [trainer.py] => model_name: proof
2026-07-26 12:49:44,772 [trainer.py] => backbone_type: clip
2026-07-26 12:49:44,772 [trainer.py] => device: [device(type='cuda', index=3)]
2026-07-26 12:49:44,772 [trainer.py] => seed: 2026
2026-07-26 12:49:44,772 [trainer.py] => projection_type: pure_mlp
2026-07-26 12:49:44,772 [trainer.py] => frozen_layers: visual
2026-07-26 12:49:44,772 [trainer.py] => tuned_epoch: 10
2026-07-26 12:49:44,772 [trainer.py] => init_lr: 0.001
2026-07-26 12:49:44,772 [trainer.py] => batch_size: 64
2026-07-26 12:49:44,772 [trainer.py] => weight_decay: 0.05
2026-07-26 12:49:44,772 [trainer.py] => min_lr: 0
2026-07-26 12:49:44,772 [trainer.py] => optimizer: sgd
2026-07-26 12:49:45,037 [data_manager.py] => [98, 10, 4, 18, 88, 13, 8, 84, 79, 21, 85, 96, 53, 42, 52, 97, 74, 5, 58, 23, 90, 59, 16, 72, 75, 30, 43, 99, 44, 41, 0, 46, 61, 80, 65, 39, 70, 87, 89, 91, 82, 14, 12, 71, 50, 11, 15, 57, 22, 67, 45, 32, 78, 63, 66, 55, 31, 62, 35, 34, 19, 49, 24, 9, 37, 36, 3, 64, 40, 86, 81, 93, 47, 73, 17, 60, 68, 25, 38, 48, 33, 20, 83, 7, 27, 94, 54, 2, 92, 76, 69, 51, 28, 29, 95, 77, 56, 26, 6, 1]
2026-07-26 12:49:45,061 [factory.py] => Loaded ViT-B-16 model config.
2026-07-26 12:49:46,291 [factory.py] => Loading pretrained ViT-B-16 weights (/public/home/hanlida/Dr.1/pretrained_models/open_clip_pytorch_model_laion400m_e32.bin).
2026-07-26 12:49:49,595 [factory.py] => Loaded ViT-B-16 model config.
2026-07-26 12:49:50,775 [factory.py] => Loading pretrained ViT-B-16 weights (/public/home/hanlida/Dr.1/pretrained_models/open_clip_pytorch_model_laion400m_e32.bin).
2026-07-26 12:49:52,288 [proof.py] => Learning on 0-10
2026-07-26 12:51:41,545 [base.py] => Constructing exemplars for new classes...(20 per classes)
2026-07-26 12:52:11,895 [proof.py] => Exemplar size: 200
2026-07-26 12:52:11,901 [trainer.py] => CNN: {'total': 98.4, '00-09': 98.4, 'old': 0, 'new': 98.4, 'harmonic': 0.0}
2026-07-26 12:52:11,901 [trainer.py] => CNN top1 curve: [98.4]
2026-07-26 12:52:11,901 [trainer.py] => CNN top5 curve: [100.0]
2026-07-26 12:52:11,901 [trainer.py] => Average Accuracy (CNN top1): 98.4
2026-07-26 12:52:11,907 [proof.py] => Learning on 10-20
2026-07-26 12:54:34,184 [base.py] => Constructing exemplars for new classes...(20 per classes)
2026-07-26 12:55:18,913 [proof.py] => Exemplar size: 400
2026-07-26 12:55:18,930 [trainer.py] => CNN: {'total': 96.53, '00-09': 96.4, '10-19': 96.64, 'old': 96.4, 'new': 96.64, 'harmonic': 96.52}
2026-07-26 12:55:18,930 [trainer.py] => CNN top1 curve: [98.4, 96.53]
2026-07-26 12:55:18,930 [trainer.py] => CNN top5 curve: [100.0, 100.0]
2026-07-26 12:55:18,930 [trainer.py] => Average Accuracy (CNN top1): 97.465
2026-07-26 12:55:18,942 [proof.py] => Learning on 20-30
2026-07-26 12:58:10,590 [base.py] => Constructing exemplars for new classes...(20 per classes)
2026-07-26 12:58:58,068 [proof.py] => Exemplar size: 600
2026-07-26 12:58:58,090 [trainer.py] => CNN: {'total': 97.14, '00-09': 96.0, '10-19': 95.9, '20-29': 99.6, 'old': 95.95, 'new': 99.6, 'harmonic': 97.74}
2026-07-26 12:58:58,090 [trainer.py] => CNN top1 curve: [98.4, 96.53, 97.14]
2026-07-26 12:58:58,090 [trainer.py] => CNN top5 curve: [100.0, 100.0, 100.0]
2026-07-26 12:58:58,091 [trainer.py] => Average Accuracy (CNN top1): 97.35666666666667
2026-07-26 12:58:58,103 [proof.py] => Learning on 30-40
2026-07-26 13:02:32,090 [base.py] => Constructing exemplars for new classes...(20 per classes)
2026-07-26 13:03:37,006 [proof.py] => Exemplar size: 800
2026-07-26 13:03:37,038 [trainer.py] => CNN: {'total': 96.42, '00-09': 96.4, '10-19': 96.64, '20-29': 98.02, '30-39': 94.86, 'old': 97.01, 'new': 94.86, 'harmonic': 95.92}
2026-07-26 13:03:37,038 [trainer.py] => CNN top1 curve: [98.4, 96.53, 97.14, 96.42]
2026-07-26 13:03:37,038 [trainer.py] => CNN top5 curve: [100.0, 100.0, 100.0, 99.81]
2026-07-26 13:03:37,038 [trainer.py] => Average Accuracy (CNN top1): 97.1225
2026-07-26 13:03:37,052 [proof.py] => Learning on 40-50
2026-07-26 13:07:41,500 [base.py] => Constructing exemplars for new classes...(20 per classes)
2026-07-26 13:08:54,426 [proof.py] => Exemplar size: 1000
2026-07-26 13:08:54,455 [trainer.py] => CNN: {'total': 95.06, '00-09': 96.8, '10-19': 93.66, '20-29': 98.81, '30-39': 92.81, '40-49': 93.7, 'old': 95.39, 'new': 93.7, 'harmonic': 94.54}
2026-07-26 13:08:54,455 [trainer.py] => CNN top1 curve: [98.4, 96.53, 97.14, 96.42, 95.06]
2026-07-26 13:08:54,455 [trainer.py] => CNN top5 curve: [100.0, 100.0, 100.0, 99.81, 99.85]
2026-07-26 13:08:54,455 [trainer.py] => Average Accuracy (CNN top1): 96.71000000000001
2026-07-26 13:08:54,462 [proof.py] => Learning on 50-60
2026-07-26 13:13:39,358 [base.py] => Constructing exemplars for new classes...(20 per classes)
2026-07-26 13:15:04,359 [proof.py] => Exemplar size: 1200
2026-07-26 13:15:04,392 [trainer.py] => CNN: {'total': 93.71, '00-09': 95.2, '10-19': 92.16, '20-29': 98.02, '30-39': 94.52, '40-49': 90.94, '50-59': 91.64, 'old': 94.15, 'new': 91.64, 'harmonic': 92.88}
2026-07-26 13:15:04,392 [trainer.py] => CNN top1 curve: [98.4, 96.53, 97.14, 96.42, 95.06, 93.71]
2026-07-26 13:15:04,392 [trainer.py] => CNN top5 curve: [100.0, 100.0, 100.0, 99.81, 99.85, 99.62]
2026-07-26 13:15:04,392 [trainer.py] => Average Accuracy (CNN top1): 96.21
2026-07-26 13:15:04,419 [proof.py] => Learning on 60-70
2026-07-26 13:20:24,815 [base.py] => Constructing exemplars for new classes...(20 per classes)
2026-07-26 13:22:00,997 [proof.py] => Exemplar size: 1400
2026-07-26 13:22:01,036 [trainer.py] => CNN: {'total': 93.59, '00-09': 94.0, '10-19': 90.3, '20-29': 97.62, '30-39': 94.52, '40-49': 90.94, '50-59': 91.64, '60-69': 96.23, 'old': 93.15, 'new': 96.23, 'harmonic': 94.66}
2026-07-26 13:22:01,036 [trainer.py] => CNN top1 curve: [98.4, 96.53, 97.14, 96.42, 95.06, 93.71, 93.59]
2026-07-26 13:22:01,036 [trainer.py] => CNN top5 curve: [100.0, 100.0, 100.0, 99.81, 99.85, 99.62, 99.46]
2026-07-26 13:22:01,036 [trainer.py] => Average Accuracy (CNN top1): 95.83571428571429
2026-07-26 13:22:01,041 [proof.py] => Learning on 70-80
2026-07-26 13:28:22,923 [base.py] => Constructing exemplars for new classes...(20 per classes)
2026-07-26 13:30:12,277 [proof.py] => Exemplar size: 1600
2026-07-26 13:30:12,317 [trainer.py] => CNN: {'total': 93.09, '00-09': 93.2, '10-19': 89.55, '20-29': 95.24, '30-39': 93.84, '40-49': 92.13, '50-59': 90.55, '60-69': 96.23, '70-79': 94.06, 'old': 92.94, 'new': 94.06, 'harmonic': 93.5}
2026-07-26 13:30:12,317 [trainer.py] => CNN top1 curve: [98.4, 96.53, 97.14, 96.42, 95.06, 93.71, 93.59, 93.09]
2026-07-26 13:30:12,317 [trainer.py] => CNN top5 curve: [100.0, 100.0, 100.0, 99.81, 99.85, 99.62, 99.46, 99.49]
2026-07-26 13:30:12,317 [trainer.py] => Average Accuracy (CNN top1): 95.4925
2026-07-26 13:30:12,332 [proof.py] => Learning on 80-90
2026-07-26 13:36:46,092 [base.py] => Constructing exemplars for new classes...(20 per classes)
2026-07-26 13:38:43,589 [proof.py] => Exemplar size: 1800
2026-07-26 13:38:43,617 [trainer.py] => CNN: {'total': 92.06, '00-09': 92.4, '10-19': 89.18, '20-29': 93.65, '30-39': 94.86, '40-49': 88.19, '50-59': 86.18, '60-69': 95.85, '70-79': 94.41, '80-89': 93.45, 'old': 91.88, 'new': 93.45, 'harmonic': 92.66}
2026-07-26 13:38:43,617 [trainer.py] => CNN top1 curve: [98.4, 96.53, 97.14, 96.42, 95.06, 93.71, 93.59, 93.09, 92.06]
2026-07-26 13:38:43,617 [trainer.py] => CNN top5 curve: [100.0, 100.0, 100.0, 99.81, 99.85, 99.62, 99.46, 99.49, 99.21]
2026-07-26 13:38:43,617 [trainer.py] => Average Accuracy (CNN top1): 95.11111111111111
2026-07-26 13:38:43,628 [proof.py] => Learning on 90-100
2026-07-26 13:45:51,887 [base.py] => Constructing exemplars for new classes...(20 per classes)
2026-07-26 13:48:01,198 [proof.py] => Exemplar size: 2000
2026-07-26 13:48:01,231 [trainer.py] => CNN: {'total': 90.94, '00-09': 90.0, '10-19': 89.93, '20-29': 94.44, '30-39': 90.75, '40-49': 87.4, '50-59': 85.45, '60-69': 92.83, '70-79': 93.36, '80-89': 91.27, '90-99': 94.59, 'old': 90.61, 'new': 94.59, 'harmonic': 92.56}
2026-07-26 13:48:01,231 [trainer.py] => CNN top1 curve: [98.4, 96.53, 97.14, 96.42, 95.06, 93.71, 93.59, 93.09, 92.06, 90.94]
2026-07-26 13:48:01,231 [trainer.py] => CNN top5 curve: [100.0, 100.0, 100.0, 99.81, 99.85, 99.62, 99.46, 99.49, 99.21, 99.43]
2026-07-26 13:48:01,231 [trainer.py] => Average Accuracy (CNN top1): 94.694
