2026-07-26 11:53:50,223 [trainer.py] => config: ./configs/proof/proof_ucf_B0_Inc10.json
2026-07-26 11:53:50,223 [trainer.py] => prefix: -
2026-07-26 11:53:50,223 [trainer.py] => dataset: ucf101
2026-07-26 11:53:50,224 [trainer.py] => memory_size: 2000
2026-07-26 11:53:50,224 [trainer.py] => memory_per_class: 20
2026-07-26 11:53:50,224 [trainer.py] => fixed_memory: True
2026-07-26 11:53:50,224 [trainer.py] => shuffle: True
2026-07-26 11:53:50,224 [trainer.py] => init_cls: 10
2026-07-26 11:53:50,224 [trainer.py] => increment: 10
2026-07-26 11:53:50,224 [trainer.py] => model_name: proof
2026-07-26 11:53:50,224 [trainer.py] => backbone_type: clip
2026-07-26 11:53:50,224 [trainer.py] => device: [device(type='cuda', index=3)]
2026-07-26 11:53:50,224 [trainer.py] => seed: 42
2026-07-26 11:53:50,224 [trainer.py] => projection_type: pure_mlp
2026-07-26 11:53:50,224 [trainer.py] => frozen_layers: visual
2026-07-26 11:53:50,224 [trainer.py] => tuned_epoch: 10
2026-07-26 11:53:50,224 [trainer.py] => init_lr: 0.001
2026-07-26 11:53:50,224 [trainer.py] => batch_size: 64
2026-07-26 11:53:50,224 [trainer.py] => weight_decay: 0.05
2026-07-26 11:53:50,224 [trainer.py] => min_lr: 0
2026-07-26 11:53:50,225 [trainer.py] => optimizer: sgd
2026-07-26 11:53:50,507 [data_manager.py] => [83, 53, 70, 45, 44, 39, 22, 80, 10, 0, 18, 30, 73, 33, 90, 4, 76, 77, 12, 31, 55, 88, 26, 42, 69, 15, 40, 96, 9, 72, 11, 47, 85, 28, 93, 5, 66, 65, 35, 16, 49, 34, 7, 95, 27, 19, 81, 25, 62, 13, 24, 3, 17, 38, 8, 78, 6, 64, 36, 89, 56, 99, 54, 43, 50, 67, 46, 68, 61, 97, 79, 41, 58, 48, 98, 57, 75, 32, 94, 59, 63, 84, 37, 29, 1, 52, 21, 2, 23, 87, 91, 74, 86, 82, 20, 60, 71, 14, 92, 51]
2026-07-26 11:53:50,529 [factory.py] => Loaded ViT-B-16 model config.
2026-07-26 11:53:51,999 [factory.py] => Loading pretrained ViT-B-16 weights (/public/home/hanlida/Dr.1/pretrained_models/open_clip_pytorch_model_laion400m_e32.bin).
2026-07-26 11:53:55,955 [factory.py] => Loaded ViT-B-16 model config.
2026-07-26 11:53:57,311 [factory.py] => Loading pretrained ViT-B-16 weights (/public/home/hanlida/Dr.1/pretrained_models/open_clip_pytorch_model_laion400m_e32.bin).
2026-07-26 11:53:58,894 [proof.py] => Learning on 0-10
2026-07-26 11:55:46,108 [base.py] => Constructing exemplars for new classes...(20 per classes)
2026-07-26 11:56:07,176 [proof.py] => Exemplar size: 200
2026-07-26 11:56:07,194 [trainer.py] => CNN: {'total': 96.63, '00-09': 96.63, 'old': 0, 'new': 96.63, 'harmonic': 0.0}
2026-07-26 11:56:07,194 [trainer.py] => CNN top1 curve: [96.63]
2026-07-26 11:56:07,194 [trainer.py] => CNN top5 curve: [100.0]
2026-07-26 11:56:07,194 [trainer.py] => Average Accuracy (CNN top1): 96.63
2026-07-26 11:56:07,205 [proof.py] => Learning on 10-20
2026-07-26 11:58:22,038 [base.py] => Constructing exemplars for new classes...(20 per classes)
2026-07-26 11:58:49,381 [proof.py] => Exemplar size: 400
2026-07-26 11:58:49,414 [trainer.py] => CNN: {'total': 95.4, '00-09': 94.95, '10-19': 95.93, 'old': 94.95, 'new': 95.93, 'harmonic': 95.44}
2026-07-26 11:58:49,415 [trainer.py] => CNN top1 curve: [96.63, 95.4]
2026-07-26 11:58:49,415 [trainer.py] => CNN top5 curve: [100.0, 100.0]
2026-07-26 11:58:49,415 [trainer.py] => Average Accuracy (CNN top1): 96.015
2026-07-26 11:58:49,422 [proof.py] => Learning on 20-30
2026-07-26 12:01:40,745 [base.py] => Constructing exemplars for new classes...(20 per classes)
2026-07-26 12:02:17,354 [proof.py] => Exemplar size: 600
2026-07-26 12:02:17,374 [trainer.py] => CNN: {'total': 94.03, '00-09': 90.57, '10-19': 95.12, '20-29': 96.93, 'old': 92.63, 'new': 96.93, 'harmonic': 94.73}
2026-07-26 12:02:17,374 [trainer.py] => CNN top1 curve: [96.63, 95.4, 94.03]
2026-07-26 12:02:17,374 [trainer.py] => CNN top5 curve: [100.0, 100.0, 100.0]
2026-07-26 12:02:17,374 [trainer.py] => Average Accuracy (CNN top1): 95.35333333333334
2026-07-26 12:02:17,395 [proof.py] => Learning on 30-40
2026-07-26 12:05:39,847 [base.py] => Constructing exemplars for new classes...(20 per classes)
2026-07-26 12:06:30,414 [proof.py] => Exemplar size: 800
2026-07-26 12:06:30,431 [trainer.py] => CNN: {'total': 94.88, '00-09': 91.92, '10-19': 94.31, '20-29': 96.55, '30-39': 97.05, 'old': 94.15, 'new': 97.05, 'harmonic': 95.58}
2026-07-26 12:06:30,431 [trainer.py] => CNN top1 curve: [96.63, 95.4, 94.03, 94.88]
2026-07-26 12:06:30,431 [trainer.py] => CNN top5 curve: [100.0, 100.0, 100.0, 99.91]
2026-07-26 12:06:30,432 [trainer.py] => Average Accuracy (CNN top1): 95.235
2026-07-26 12:06:30,467 [proof.py] => Learning on 40-50
2026-07-26 12:10:28,484 [base.py] => Constructing exemplars for new classes...(20 per classes)
2026-07-26 12:11:26,951 [proof.py] => Exemplar size: 1000
2026-07-26 12:11:27,003 [trainer.py] => CNN: {'total': 94.43, '00-09': 93.94, '10-19': 91.06, '20-29': 96.55, '30-39': 93.73, '40-49': 96.85, 'old': 93.86, 'new': 96.85, 'harmonic': 95.33}
2026-07-26 12:11:27,003 [trainer.py] => CNN top1 curve: [96.63, 95.4, 94.03, 94.88, 94.43]
2026-07-26 12:11:27,004 [trainer.py] => CNN top5 curve: [100.0, 100.0, 100.0, 99.91, 99.92]
2026-07-26 12:11:27,004 [trainer.py] => Average Accuracy (CNN top1): 95.074
2026-07-26 12:11:27,025 [proof.py] => Learning on 50-60
2026-07-26 12:16:06,616 [base.py] => Constructing exemplars for new classes...(20 per classes)
2026-07-26 12:17:26,328 [proof.py] => Exemplar size: 1200
2026-07-26 12:17:26,356 [trainer.py] => CNN: {'total': 93.86, '00-09': 89.56, '10-19': 92.28, '20-29': 95.79, '30-39': 92.25, '40-49': 96.46, '50-59': 97.17, 'old': 93.15, 'new': 97.17, 'harmonic': 95.12}
2026-07-26 12:17:26,356 [trainer.py] => CNN top1 curve: [96.63, 95.4, 94.03, 94.88, 94.43, 93.86]
2026-07-26 12:17:26,357 [trainer.py] => CNN top5 curve: [100.0, 100.0, 100.0, 99.91, 99.92, 100.0]
2026-07-26 12:17:26,357 [trainer.py] => Average Accuracy (CNN top1): 94.87166666666667
2026-07-26 12:17:26,375 [proof.py] => Learning on 60-70
2026-07-26 12:22:39,524 [base.py] => Constructing exemplars for new classes...(20 per classes)
2026-07-26 12:24:04,495 [proof.py] => Exemplar size: 1400
2026-07-26 12:24:04,523 [trainer.py] => CNN: {'total': 93.24, '00-09': 90.24, '10-19': 88.21, '20-29': 93.87, '30-39': 92.99, '40-49': 96.85, '50-59': 95.76, '60-69': 94.78, 'old': 92.99, 'new': 94.78, 'harmonic': 93.88}
2026-07-26 12:24:04,523 [trainer.py] => CNN top1 curve: [96.63, 95.4, 94.03, 94.88, 94.43, 93.86, 93.24]
2026-07-26 12:24:04,523 [trainer.py] => CNN top5 curve: [100.0, 100.0, 100.0, 99.91, 99.92, 100.0, 99.73]
2026-07-26 12:24:04,523 [trainer.py] => Average Accuracy (CNN top1): 94.63857142857144
2026-07-26 12:24:04,534 [proof.py] => Learning on 70-80
2026-07-26 12:29:58,777 [base.py] => Constructing exemplars for new classes...(20 per classes)
2026-07-26 12:31:41,086 [proof.py] => Exemplar size: 1600
2026-07-26 12:31:41,122 [trainer.py] => CNN: {'total': 93.18, '00-09': 89.56, '10-19': 89.43, '20-29': 93.87, '30-39': 91.14, '40-49': 96.85, '50-59': 95.76, '60-69': 93.28, '70-79': 95.62, 'old': 92.82, 'new': 95.62, 'harmonic': 94.2}
2026-07-26 12:31:41,123 [trainer.py] => CNN top1 curve: [96.63, 95.4, 94.03, 94.88, 94.43, 93.86, 93.24, 93.18]
2026-07-26 12:31:41,123 [trainer.py] => CNN top5 curve: [100.0, 100.0, 100.0, 99.91, 99.92, 100.0, 99.73, 99.68]
2026-07-26 12:31:41,123 [trainer.py] => Average Accuracy (CNN top1): 94.45625000000001
2026-07-26 12:31:41,131 [proof.py] => Learning on 80-90
2026-07-26 12:38:13,039 [base.py] => Constructing exemplars for new classes...(20 per classes)
2026-07-26 12:40:09,537 [proof.py] => Exemplar size: 1800
2026-07-26 12:40:09,571 [trainer.py] => CNN: {'total': 91.74, '00-09': 87.21, '10-19': 87.4, '20-29': 92.72, '30-39': 90.04, '40-49': 97.24, '50-59': 96.11, '60-69': 91.04, '70-79': 94.16, '80-89': 89.8, 'old': 91.97, 'new': 89.8, 'harmonic': 90.87}
2026-07-26 12:40:09,571 [trainer.py] => CNN top1 curve: [96.63, 95.4, 94.03, 94.88, 94.43, 93.86, 93.24, 93.18, 91.74]
2026-07-26 12:40:09,571 [trainer.py] => CNN top5 curve: [100.0, 100.0, 100.0, 99.91, 99.92, 100.0, 99.73, 99.68, 99.5]
2026-07-26 12:40:09,571 [trainer.py] => Average Accuracy (CNN top1): 94.15444444444445
2026-07-26 12:40:09,589 [proof.py] => Learning on 90-100
2026-07-26 12:47:39,148 [base.py] => Constructing exemplars for new classes...(20 per classes)
2026-07-26 12:49:44,727 [proof.py] => Exemplar size: 2000
2026-07-26 12:49:44,752 [trainer.py] => CNN: {'total': 91.25, '00-09': 86.53, '10-19': 86.59, '20-29': 91.19, '30-39': 92.62, '40-49': 95.28, '50-59': 96.47, '60-69': 89.18, '70-79': 94.16, '80-89': 89.41, '90-99': 90.87, 'old': 91.28, 'new': 90.87, 'harmonic': 91.07}
2026-07-26 12:49:44,752 [trainer.py] => CNN top1 curve: [96.63, 95.4, 94.03, 94.88, 94.43, 93.86, 93.24, 93.18, 91.74, 91.25]
2026-07-26 12:49:44,752 [trainer.py] => CNN top5 curve: [100.0, 100.0, 100.0, 99.91, 99.92, 100.0, 99.73, 99.68, 99.5, 99.51]
2026-07-26 12:49:44,752 [trainer.py] => Average Accuracy (CNN top1): 93.864
