2026-07-14 16:23:14,266 [trainer.py] => config: ./configs/area/area_aircraft_B50_Inc10.json
2026-07-14 16:23:14,267 [trainer.py] => dataset: aircraft
2026-07-14 16:23:14,267 [trainer.py] => shuffle: True
2026-07-14 16:23:14,267 [trainer.py] => init_cls: 50
2026-07-14 16:23:14,267 [trainer.py] => increment: 10
2026-07-14 16:23:14,267 [trainer.py] => model_name: area
2026-07-14 16:23:14,267 [trainer.py] => backbone_type: clip
2026-07-14 16:23:14,268 [trainer.py] => clip_pretrained: laion400m_e32
2026-07-14 16:23:14,268 [trainer.py] => device: [device(type='cuda', index=2)]
2026-07-14 16:23:14,268 [trainer.py] => seed: 0
2026-07-14 16:23:14,268 [trainer.py] => epochs: 20
2026-07-14 16:23:14,268 [trainer.py] => milestones: [8, 15]
2026-07-14 16:23:14,268 [trainer.py] => init_lr: 0.01
2026-07-14 16:23:14,268 [trainer.py] => batch_size: 64
2026-07-14 16:23:14,268 [trainer.py] => weight_decay: 0.05
2026-07-14 16:23:14,268 [trainer.py] => optimizer: sgd
2026-07-14 16:23:14,268 [trainer.py] => samples_per_class: 4
2026-07-14 16:23:14,269 [trainer.py] => K: 8
2026-07-14 16:23:14,269 [trainer.py] => vib_lambda: 1
2026-07-14 16:23:14,269 [trainer.py] => precomputed_basis_path: ./precomputed_basis/area/aircraft
2026-07-14 16:23:14,269 [trainer.py] => g_lambda: 0.5
2026-07-14 16:23:14,269 [trainer.py] => num_workers: 8
2026-07-14 16:23:17,124 [data_manager.py] => [26, 86, 2, 55, 75, 93, 16, 73, 54, 95, 53, 92, 78, 13, 7, 30, 22, 24, 33, 8, 43, 62, 3, 71, 45, 48, 6, 99, 82, 76, 60, 80, 90, 68, 51, 27, 18, 56, 63, 74, 1, 61, 42, 41, 4, 15, 17, 40, 38, 5, 91, 59, 0, 34, 28, 50, 11, 35, 23, 52, 10, 31, 66, 57, 79, 85, 32, 84, 14, 89, 19, 29, 49, 97, 98, 69, 20, 94, 72, 77, 25, 37, 81, 46, 39, 65, 58, 12, 88, 70, 87, 36, 21, 83, 9, 96, 67, 64, 47, 44]
2026-07-14 16:23:48,152 [instantiator.py] => Created a temporary directory at /tmp/tmp_ro0m5dx
2026-07-14 16:23:48,153 [instantiator.py] => Writing /tmp/tmp_ro0m5dx/_remote_module_non_scriptable.py
2026-07-14 16:23:49,333 [factory.py] => Loaded ViT-B-16 model config.
2026-07-14 16:24:34,907 [factory.py] => Loading pretrained ViT-B-16 weights (laion400m_e32).
2026-07-14 16:24:35,623 [area.py] => Learning on 0-50
2026-07-14 16:24:36,314 [area.py] => Computing AREA textual base matrices
2026-07-14 16:24:38,292 [area.py] => Computing AREA visual base matrices
