2026-07-20 18:42:50,651 [trainer.py] => config: /dev/stdin
2026-07-20 18:42:50,652 [trainer.py] => dataset: aircraft
2026-07-20 18:42:50,652 [trainer.py] => shuffle: True
2026-07-20 18:42:50,652 [trainer.py] => init_cls: 50
2026-07-20 18:42:50,652 [trainer.py] => increment: 10
2026-07-20 18:42:50,652 [trainer.py] => model_name: area
2026-07-20 18:42:50,652 [trainer.py] => backbone_type: clip
2026-07-20 18:42:50,652 [trainer.py] => clip_pretrained: laion400m_e32
2026-07-20 18:42:50,652 [trainer.py] => device: [device(type='cuda', index=1)]
2026-07-20 18:42:50,652 [trainer.py] => seed: 2026
2026-07-20 18:42:50,652 [trainer.py] => epochs: 20
2026-07-20 18:42:50,652 [trainer.py] => milestones: [8, 15]
2026-07-20 18:42:50,652 [trainer.py] => init_lr: 0.01
2026-07-20 18:42:50,652 [trainer.py] => batch_size: 64
2026-07-20 18:42:50,652 [trainer.py] => weight_decay: 0.05
2026-07-20 18:42:50,652 [trainer.py] => optimizer: sgd
2026-07-20 18:42:50,652 [trainer.py] => samples_per_class: 4
2026-07-20 18:42:50,652 [trainer.py] => K: 8
2026-07-20 18:42:50,652 [trainer.py] => vib_lambda: 1
2026-07-20 18:42:50,652 [trainer.py] => precomputed_basis_path: ./precomputed_basis/area/aircraft
2026-07-20 18:42:50,652 [trainer.py] => g_lambda: 0.5
2026-07-20 18:42:50,652 [trainer.py] => num_workers: 8
2026-07-20 18:42:50,741 [data_manager.py] => [98, 10, 4, 18, 88, 13, 8, 84, 79, 21, 85, 96, 53, 42, 52, 97, 74, 5, 58, 23, 90, 59, 16, 72, 75, 30, 43, 99, 44, 41, 0, 46, 61, 80, 65, 39, 70, 87, 89, 91, 82, 14, 12, 71, 50, 11, 15, 57, 22, 67, 45, 32, 78, 63, 66, 55, 31, 62, 35, 34, 19, 49, 24, 9, 37, 36, 3, 64, 40, 86, 81, 93, 47, 73, 17, 60, 68, 25, 38, 48, 33, 20, 83, 7, 27, 94, 54, 2, 92, 76, 69, 51, 28, 29, 95, 77, 56, 26, 6, 1]
2026-07-20 18:42:51,861 [instantiator.py] => Created a temporary directory at /tmp/tmp07vacov_
2026-07-20 18:42:51,861 [instantiator.py] => Writing /tmp/tmp07vacov_/_remote_module_non_scriptable.py
2026-07-20 18:42:51,993 [factory.py] => Loaded ViT-B-16 model config.
2026-07-20 18:42:59,030 [factory.py] => Loading pretrained ViT-B-16 weights (laion400m_e32).
2026-07-20 18:43:00,517 [area.py] => Learning on 0-50
2026-07-20 18:43:00,835 [area.py] => Computing AREA textual base matrices
2026-07-20 18:43:02,374 [area.py] => Computing AREA visual base matrices
2026-07-23 18:18:26,948 [trainer.py] => config: /dev/stdin
2026-07-23 18:18:26,948 [trainer.py] => dataset: aircraft
2026-07-23 18:18:26,948 [trainer.py] => shuffle: True
2026-07-23 18:18:26,948 [trainer.py] => init_cls: 50
2026-07-23 18:18:26,948 [trainer.py] => increment: 10
2026-07-23 18:18:26,948 [trainer.py] => model_name: area
2026-07-23 18:18:26,948 [trainer.py] => backbone_type: clip
2026-07-23 18:18:26,948 [trainer.py] => clip_pretrained: laion400m_e32
2026-07-23 18:18:26,948 [trainer.py] => device: [device(type='cuda', index=7)]
2026-07-23 18:18:26,949 [trainer.py] => seed: 2026
2026-07-23 18:18:26,949 [trainer.py] => epochs: 20
2026-07-23 18:18:26,949 [trainer.py] => milestones: [8, 15]
2026-07-23 18:18:26,949 [trainer.py] => init_lr: 0.01
2026-07-23 18:18:26,949 [trainer.py] => batch_size: 64
2026-07-23 18:18:26,949 [trainer.py] => weight_decay: 0.05
2026-07-23 18:18:26,949 [trainer.py] => optimizer: sgd
2026-07-23 18:18:26,949 [trainer.py] => samples_per_class: 4
2026-07-23 18:18:26,949 [trainer.py] => K: 8
2026-07-23 18:18:26,949 [trainer.py] => vib_lambda: 1
2026-07-23 18:18:26,949 [trainer.py] => precomputed_basis_path: ./precomputed_basis/area/aircraft
2026-07-23 18:18:26,949 [trainer.py] => g_lambda: 0.5
2026-07-23 18:18:26,949 [trainer.py] => num_workers: 8
2026-07-23 18:18:27,050 [data_manager.py] => [98, 10, 4, 18, 88, 13, 8, 84, 79, 21, 85, 96, 53, 42, 52, 97, 74, 5, 58, 23, 90, 59, 16, 72, 75, 30, 43, 99, 44, 41, 0, 46, 61, 80, 65, 39, 70, 87, 89, 91, 82, 14, 12, 71, 50, 11, 15, 57, 22, 67, 45, 32, 78, 63, 66, 55, 31, 62, 35, 34, 19, 49, 24, 9, 37, 36, 3, 64, 40, 86, 81, 93, 47, 73, 17, 60, 68, 25, 38, 48, 33, 20, 83, 7, 27, 94, 54, 2, 92, 76, 69, 51, 28, 29, 95, 77, 56, 26, 6, 1]
2026-07-23 18:18:28,278 [instantiator.py] => Created a temporary directory at /tmp/tmpwf4bhlk1
2026-07-23 18:18:28,278 [instantiator.py] => Writing /tmp/tmpwf4bhlk1/_remote_module_non_scriptable.py
2026-07-23 18:18:28,438 [factory.py] => Loaded ViT-B-16 model config.
