2026-07-18 09:58:47,979 [trainer.py] => dataset: cars
2026-07-18 09:58:47,979 [trainer.py] => shuffle: True
2026-07-18 09:58:47,979 [trainer.py] => init_cls: 50
2026-07-18 09:58:47,979 [trainer.py] => increment: 10
2026-07-18 09:58:47,980 [trainer.py] => model_name: area
2026-07-18 09:58:47,980 [trainer.py] => backbone_type: clip
2026-07-18 09:58:47,980 [trainer.py] => clip_pretrained: laion400m_e32
2026-07-18 09:58:47,980 [trainer.py] => device: [device(type='cuda', index=3)]
2026-07-18 09:58:47,980 [trainer.py] => seed: 1993
2026-07-18 09:58:47,980 [trainer.py] => epochs: 20
2026-07-18 09:58:47,980 [trainer.py] => milestones: [8, 15]
2026-07-18 09:58:47,980 [trainer.py] => init_lr: 0.01
2026-07-18 09:58:47,980 [trainer.py] => batch_size: 64
2026-07-18 09:58:47,980 [trainer.py] => weight_decay: 0.05
2026-07-18 09:58:47,981 [trainer.py] => optimizer: sgd
2026-07-18 09:58:47,981 [trainer.py] => samples_per_class: 4
2026-07-18 09:58:47,981 [trainer.py] => K: 8
2026-07-18 09:58:47,981 [trainer.py] => vib_lambda: 1
2026-07-18 09:58:47,981 [trainer.py] => precomputed_basis_path: ./precomputed_basis/area/cars
2026-07-18 09:58:47,981 [trainer.py] => g_lambda: 0.5
2026-07-18 09:58:47,981 [trainer.py] => num_workers: 8
2026-07-18 10:03:48,278 [trainer.py] => dataset: cars
2026-07-18 10:03:48,278 [trainer.py] => shuffle: True
2026-07-18 10:03:48,278 [trainer.py] => init_cls: 50
2026-07-18 10:03:48,278 [trainer.py] => increment: 10
2026-07-18 10:03:48,278 [trainer.py] => model_name: area
2026-07-18 10:03:48,278 [trainer.py] => backbone_type: clip
2026-07-18 10:03:48,279 [trainer.py] => clip_pretrained: laion400m_e32
2026-07-18 10:03:48,279 [trainer.py] => device: [device(type='cuda', index=3)]
2026-07-18 10:03:48,279 [trainer.py] => seed: 1993
2026-07-18 10:03:48,279 [trainer.py] => epochs: 20
2026-07-18 10:03:48,279 [trainer.py] => milestones: [8, 15]
2026-07-18 10:03:48,279 [trainer.py] => init_lr: 0.01
2026-07-18 10:03:48,279 [trainer.py] => batch_size: 64
2026-07-18 10:03:48,279 [trainer.py] => weight_decay: 0.05
2026-07-18 10:03:48,279 [trainer.py] => optimizer: sgd
2026-07-18 10:03:48,279 [trainer.py] => samples_per_class: 4
2026-07-18 10:03:48,279 [trainer.py] => K: 8
2026-07-18 10:03:48,279 [trainer.py] => vib_lambda: 1
2026-07-18 10:03:48,279 [trainer.py] => precomputed_basis_path: ./precomputed_basis/area/cars
2026-07-18 10:03:48,279 [trainer.py] => g_lambda: 0.5
2026-07-18 10:03:48,279 [trainer.py] => num_workers: 8
2026-07-18 10:03:48,546 [data_manager.py] => [68, 56, 78, 8, 23, 84, 90, 65, 74, 76, 40, 89, 3, 92, 55, 9, 26, 80, 43, 38, 58, 70, 77, 1, 85, 19, 17, 50, 28, 53, 13, 81, 45, 82, 6, 59, 83, 16, 15, 44, 91, 41, 72, 60, 79, 52, 20, 10, 31, 54, 37, 95, 14, 71, 96, 98, 97, 2, 64, 66, 42, 22, 35, 86, 24, 34, 87, 21, 99, 0, 88, 27, 18, 94, 11, 12, 47, 25, 30, 46, 62, 69, 36, 61, 7, 63, 75, 5, 32, 4, 51, 48, 73, 93, 39, 67, 29, 49, 57, 33]
2026-07-18 10:03:50,636 [instantiator.py] => Created a temporary directory at /public/home/hanlida/tmp/tmpcsf9jv0a
2026-07-18 10:03:50,638 [instantiator.py] => Writing /public/home/hanlida/tmp/tmpcsf9jv0a/_remote_module_non_scriptable.py
2026-07-18 10:03:50,905 [factory.py] => Loaded ViT-B-16 model config.
2026-07-18 22:19:53,904 [trainer.py] => dataset: cars
2026-07-18 22:19:53,906 [trainer.py] => shuffle: True
2026-07-18 22:19:53,906 [trainer.py] => init_cls: 50
2026-07-18 22:19:53,906 [trainer.py] => increment: 10
2026-07-18 22:19:53,906 [trainer.py] => model_name: area
2026-07-18 22:19:53,906 [trainer.py] => backbone_type: clip
2026-07-18 22:19:53,906 [trainer.py] => clip_pretrained: laion400m_e32
2026-07-18 22:19:53,906 [trainer.py] => device: [device(type='cuda', index=3)]
2026-07-18 22:19:53,906 [trainer.py] => seed: 1993
2026-07-18 22:19:53,906 [trainer.py] => epochs: 20
2026-07-18 22:19:53,906 [trainer.py] => milestones: [8, 15]
2026-07-18 22:19:53,906 [trainer.py] => init_lr: 0.01
2026-07-18 22:19:53,906 [trainer.py] => batch_size: 64
2026-07-18 22:19:53,906 [trainer.py] => weight_decay: 0.05
2026-07-18 22:19:53,906 [trainer.py] => optimizer: sgd
2026-07-18 22:19:53,906 [trainer.py] => samples_per_class: 4
2026-07-18 22:19:53,906 [trainer.py] => K: 8
2026-07-18 22:19:53,906 [trainer.py] => vib_lambda: 1
2026-07-18 22:19:53,907 [trainer.py] => precomputed_basis_path: ./precomputed_basis/area/cars
2026-07-18 22:19:53,907 [trainer.py] => g_lambda: 0.5
2026-07-18 22:19:53,907 [trainer.py] => num_workers: 8
2026-07-18 22:19:54,660 [data_manager.py] => [68, 56, 78, 8, 23, 84, 90, 65, 74, 76, 40, 89, 3, 92, 55, 9, 26, 80, 43, 38, 58, 70, 77, 1, 85, 19, 17, 50, 28, 53, 13, 81, 45, 82, 6, 59, 83, 16, 15, 44, 91, 41, 72, 60, 79, 52, 20, 10, 31, 54, 37, 95, 14, 71, 96, 98, 97, 2, 64, 66, 42, 22, 35, 86, 24, 34, 87, 21, 99, 0, 88, 27, 18, 94, 11, 12, 47, 25, 30, 46, 62, 69, 36, 61, 7, 63, 75, 5, 32, 4, 51, 48, 73, 93, 39, 67, 29, 49, 57, 33]
2026-07-18 22:20:05,805 [instantiator.py] => Created a temporary directory at /public/home/hanlida/tmp/tmpfh768rsb
2026-07-18 22:20:05,806 [instantiator.py] => Writing /public/home/hanlida/tmp/tmpfh768rsb/_remote_module_non_scriptable.py
2026-07-18 22:20:06,260 [factory.py] => Loaded ViT-B-16 model config.
2026-07-18 22:20:07,808 [factory.py] => Loading pretrained ViT-B-16 weights (/public/home/hanlida/Dr.1/pretrained_models/open_clip_pytorch_model_laion400m_e32.bin).
2026-07-18 22:20:12,852 [area.py] => Learning on 0-50
2026-07-18 22:20:13,746 [area.py] => Computing AREA textual base matrices
2026-07-18 22:20:55,683 [area.py] => Computing AREA visual base matrices
2026-07-18 22:41:34,779 [trainer.py] => CNN: {'total': 93.08, '00-09': 97.17, '10-19': 96.25, '20-29': 93.1, '30-39': 86.22, '40-49': 92.29, 'old': 0, 'new': 93.08, 'harmonic': 0.0}
2026-07-18 22:41:34,795 [trainer.py] => CNN top1 curve: [93.08]
2026-07-18 22:41:34,795 [trainer.py] => CNN top5 curve: [99.85]
2026-07-18 22:41:34,795 [trainer.py] => Average Accuracy (CNN top1): 93.08
2026-07-18 22:41:34,796 [area.py] => Learning on 50-60
2026-07-18 22:51:44,100 [trainer.py] => CNN: {'total': 93.47, '00-09': 96.7, '10-19': 95.75, '20-29': 91.9, '30-39': 85.71, '40-49': 92.79, '50-59': 97.58, 'old': 92.64, 'new': 97.58, 'harmonic': 95.05}
2026-07-18 22:51:44,113 [trainer.py] => CNN top1 curve: [93.08, 93.47]
2026-07-18 22:51:44,113 [trainer.py] => CNN top5 curve: [99.85, 99.84]
2026-07-18 22:51:44,113 [trainer.py] => Average Accuracy (CNN top1): 93.275
2026-07-18 22:51:44,114 [area.py] => Learning on 60-70
2026-07-18 23:03:16,476 [trainer.py] => CNN: {'total': 92.69, '00-09': 95.75, '10-19': 95.75, '20-29': 90.71, '30-39': 86.99, '40-49': 93.03, '50-59': 96.13, '60-69': 90.22, 'old': 93.1, 'new': 90.22, 'harmonic': 91.64}
2026-07-18 23:03:16,512 [trainer.py] => CNN top1 curve: [93.08, 93.47, 92.69]
2026-07-18 23:03:16,512 [trainer.py] => CNN top5 curve: [99.85, 99.84, 99.86]
2026-07-18 23:03:16,512 [trainer.py] => Average Accuracy (CNN top1): 93.08
2026-07-18 23:03:16,513 [area.py] => Learning on 70-80
2026-07-18 23:16:44,318 [trainer.py] => CNN: {'total': 92.05, '00-09': 94.81, '10-19': 94.25, '20-29': 91.19, '30-39': 85.71, '40-49': 92.79, '50-59': 95.64, '60-69': 87.78, '70-79': 93.98, 'old': 91.78, 'new': 93.98, 'harmonic': 92.87}
2026-07-18 23:16:44,348 [trainer.py] => CNN top1 curve: [93.08, 93.47, 92.69, 92.05]
2026-07-18 23:16:44,348 [trainer.py] => CNN top5 curve: [99.85, 99.84, 99.86, 99.85]
2026-07-18 23:16:44,348 [trainer.py] => Average Accuracy (CNN top1): 92.8225
2026-07-18 23:16:44,350 [area.py] => Learning on 80-90
2026-07-18 23:30:35,345 [trainer.py] => CNN: {'total': 91.71, '00-09': 93.4, '10-19': 93.5, '20-29': 90.71, '30-39': 86.22, '40-49': 91.79, '50-59': 95.64, '60-69': 88.26, '70-79': 92.98, '80-89': 92.6, 'old': 91.59, 'new': 92.6, 'harmonic': 92.09}
2026-07-18 23:30:35,348 [trainer.py] => CNN top1 curve: [93.08, 93.47, 92.69, 92.05, 91.71]
2026-07-18 23:30:35,348 [trainer.py] => CNN top5 curve: [99.85, 99.84, 99.86, 99.85, 99.84]
2026-07-18 23:30:35,348 [trainer.py] => Average Accuracy (CNN top1): 92.6
2026-07-18 23:30:35,349 [area.py] => Learning on 90-100
2026-07-18 23:41:18,711 [trainer.py] => CNN: {'total': 90.77, '00-09': 91.27, '10-19': 92.25, '20-29': 90.48, '30-39': 84.95, '40-49': 91.79, '50-59': 95.4, '60-69': 88.02, '70-79': 92.48, '80-89': 91.41, '90-99': 89.38, 'old': 90.92, 'new': 89.38, 'harmonic': 90.14}
2026-07-18 23:41:18,753 [trainer.py] => CNN top1 curve: [93.08, 93.47, 92.69, 92.05, 91.71, 90.77]
2026-07-18 23:41:18,753 [trainer.py] => CNN top5 curve: [99.85, 99.84, 99.86, 99.85, 99.84, 99.8]
2026-07-18 23:41:18,753 [trainer.py] => Average Accuracy (CNN top1): 92.295
