2026-07-20 19:51:59,813 [trainer.py] => config: /dev/stdin
2026-07-20 19:51:59,813 [trainer.py] => dataset: cars
2026-07-20 19:51:59,813 [trainer.py] => shuffle: True
2026-07-20 19:51:59,813 [trainer.py] => init_cls: 10
2026-07-20 19:51:59,813 [trainer.py] => increment: 10
2026-07-20 19:51:59,813 [trainer.py] => model_name: area
2026-07-20 19:51:59,813 [trainer.py] => backbone_type: clip
2026-07-20 19:51:59,813 [trainer.py] => clip_pretrained: laion400m_e32
2026-07-20 19:51:59,813 [trainer.py] => device: [device(type='cuda', index=2)]
2026-07-20 19:51:59,813 [trainer.py] => seed: 2026
2026-07-20 19:51:59,813 [trainer.py] => epochs: 20
2026-07-20 19:51:59,813 [trainer.py] => milestones: [8, 15]
2026-07-20 19:51:59,814 [trainer.py] => init_lr: 0.01
2026-07-20 19:51:59,814 [trainer.py] => batch_size: 64
2026-07-20 19:51:59,814 [trainer.py] => weight_decay: 0.05
2026-07-20 19:51:59,814 [trainer.py] => optimizer: sgd
2026-07-20 19:51:59,814 [trainer.py] => samples_per_class: 4
2026-07-20 19:51:59,814 [trainer.py] => K: 8
2026-07-20 19:51:59,814 [trainer.py] => vib_lambda: 1
2026-07-20 19:51:59,814 [trainer.py] => precomputed_basis_path: ./precomputed_basis/area/cars
2026-07-20 19:51:59,814 [trainer.py] => g_lambda: 0.5
2026-07-20 19:51:59,814 [trainer.py] => num_workers: 8
2026-07-20 19:51:59,902 [data_manager.py] => [98, 10, 4, 18, 88, 13, 8, 84, 79, 21, 85, 96, 53, 42, 52, 97, 74, 5, 58, 23, 90, 59, 16, 72, 75, 30, 43, 99, 44, 41, 0, 46, 61, 80, 65, 39, 70, 87, 89, 91, 82, 14, 12, 71, 50, 11, 15, 57, 22, 67, 45, 32, 78, 63, 66, 55, 31, 62, 35, 34, 19, 49, 24, 9, 37, 36, 3, 64, 40, 86, 81, 93, 47, 73, 17, 60, 68, 25, 38, 48, 33, 20, 83, 7, 27, 94, 54, 2, 92, 76, 69, 51, 28, 29, 95, 77, 56, 26, 6, 1]
2026-07-20 19:52:01,044 [instantiator.py] => Created a temporary directory at /tmp/tmpkj1i0lx7
2026-07-20 19:52:01,044 [instantiator.py] => Writing /tmp/tmpkj1i0lx7/_remote_module_non_scriptable.py
2026-07-20 19:52:01,174 [factory.py] => Loaded ViT-B-16 model config.
2026-07-20 19:52:03,142 [factory.py] => Loading pretrained ViT-B-16 weights (laion400m_e32).
2026-07-20 19:52:03,794 [area.py] => Learning on 0-10
2026-07-20 19:52:04,064 [area.py] => Computing AREA textual base matrices
2026-07-20 19:52:06,182 [area.py] => Computing AREA visual base matrices
2026-07-20 19:55:38,051 [trainer.py] => CNN: {'total': 97.78, '00-09': 97.78, 'old': 0, 'new': 97.78, 'harmonic': 0.0}
2026-07-20 19:55:38,052 [trainer.py] => CNN top1 curve: [97.78]
2026-07-20 19:55:38,052 [trainer.py] => CNN top5 curve: [100.0]
2026-07-20 19:55:38,052 [trainer.py] => Average Accuracy (CNN top1): 97.78
2026-07-20 19:55:38,054 [area.py] => Learning on 10-20
2026-07-20 19:59:01,062 [trainer.py] => CNN: {'total': 97.81, '00-09': 96.06, '10-19': 99.52, 'old': 96.06, 'new': 99.52, 'harmonic': 97.76}
2026-07-20 19:59:01,062 [trainer.py] => CNN top1 curve: [97.78, 97.81]
2026-07-20 19:59:01,063 [trainer.py] => CNN top5 curve: [100.0, 100.0]
2026-07-20 19:59:01,063 [trainer.py] => Average Accuracy (CNN top1): 97.795
2026-07-20 19:59:01,064 [area.py] => Learning on 20-30
2026-07-24 01:40:02,963 [trainer.py] => config: /dev/stdin
2026-07-24 01:40:02,963 [trainer.py] => dataset: cars
2026-07-24 01:40:02,963 [trainer.py] => shuffle: True
2026-07-24 01:40:02,963 [trainer.py] => init_cls: 10
2026-07-24 01:40:02,963 [trainer.py] => increment: 10
2026-07-24 01:40:02,963 [trainer.py] => model_name: area
2026-07-24 01:40:02,963 [trainer.py] => backbone_type: clip
2026-07-24 01:40:02,964 [trainer.py] => clip_pretrained: laion400m_e32
2026-07-24 01:40:02,964 [trainer.py] => device: [device(type='cuda', index=6)]
2026-07-24 01:40:02,964 [trainer.py] => seed: 2026
2026-07-24 01:40:02,964 [trainer.py] => epochs: 20
2026-07-24 01:40:02,964 [trainer.py] => milestones: [8, 15]
2026-07-24 01:40:02,964 [trainer.py] => init_lr: 0.01
2026-07-24 01:40:02,964 [trainer.py] => batch_size: 64
2026-07-24 01:40:02,964 [trainer.py] => weight_decay: 0.05
2026-07-24 01:40:02,964 [trainer.py] => optimizer: sgd
2026-07-24 01:40:02,964 [trainer.py] => samples_per_class: 4
2026-07-24 01:40:02,964 [trainer.py] => K: 8
2026-07-24 01:40:02,964 [trainer.py] => vib_lambda: 1
2026-07-24 01:40:02,964 [trainer.py] => precomputed_basis_path: ./precomputed_basis/area/cars
2026-07-24 01:40:02,964 [trainer.py] => g_lambda: 0.5
2026-07-24 01:40:02,964 [trainer.py] => num_workers: 8
2026-07-24 01:40:03,080 [data_manager.py] => [98, 10, 4, 18, 88, 13, 8, 84, 79, 21, 85, 96, 53, 42, 52, 97, 74, 5, 58, 23, 90, 59, 16, 72, 75, 30, 43, 99, 44, 41, 0, 46, 61, 80, 65, 39, 70, 87, 89, 91, 82, 14, 12, 71, 50, 11, 15, 57, 22, 67, 45, 32, 78, 63, 66, 55, 31, 62, 35, 34, 19, 49, 24, 9, 37, 36, 3, 64, 40, 86, 81, 93, 47, 73, 17, 60, 68, 25, 38, 48, 33, 20, 83, 7, 27, 94, 54, 2, 92, 76, 69, 51, 28, 29, 95, 77, 56, 26, 6, 1]
2026-07-24 01:40:04,370 [instantiator.py] => Created a temporary directory at /tmp/tmppf9qkzpv
2026-07-24 01:40:04,370 [instantiator.py] => Writing /tmp/tmppf9qkzpv/_remote_module_non_scriptable.py
2026-07-24 01:40:04,511 [factory.py] => Loaded ViT-B-16 model config.
2026-07-24 01:40:23,961 [factory.py] => Loading pretrained ViT-B-16 weights (laion400m_e32).
2026-07-24 01:40:24,691 [area.py] => Learning on 0-10
2026-07-24 01:40:24,995 [area.py] => Loading AREA basis cache from precomputed_basis/area/cars/seed_2026/textual_base_matrices.pth
2026-07-24 01:40:25,031 [area.py] => Loading AREA basis cache from precomputed_basis/area/cars/seed_2026/visual_base_matrices.pth
2026-07-24 01:44:38,584 [trainer.py] => CNN: {'total': 97.78, '00-09': 97.78, 'old': 0, 'new': 97.78, 'harmonic': 0.0}
2026-07-24 01:44:38,584 [trainer.py] => CNN top1 curve: [97.78]
2026-07-24 01:44:38,585 [trainer.py] => CNN top5 curve: [100.0]
2026-07-24 01:44:38,585 [trainer.py] => Average Accuracy (CNN top1): 97.78
2026-07-24 01:44:38,590 [area.py] => Learning on 10-20
2026-07-24 01:49:18,055 [trainer.py] => CNN: {'total': 97.81, '00-09': 96.06, '10-19': 99.52, 'old': 96.06, 'new': 99.52, 'harmonic': 97.76}
2026-07-24 01:49:18,056 [trainer.py] => CNN top1 curve: [97.78, 97.81]
2026-07-24 01:49:18,056 [trainer.py] => CNN top5 curve: [100.0, 100.0]
2026-07-24 01:49:18,056 [trainer.py] => Average Accuracy (CNN top1): 97.795
2026-07-24 01:49:18,056 [area.py] => Learning on 20-30
2026-07-24 01:54:18,888 [trainer.py] => CNN: {'total': 96.51, '00-09': 93.6, '10-19': 99.04, '20-29': 96.85, 'old': 96.35, 'new': 96.85, 'harmonic': 96.6}
2026-07-24 01:54:18,888 [trainer.py] => CNN top1 curve: [97.78, 97.81, 96.51]
2026-07-24 01:54:18,889 [trainer.py] => CNN top5 curve: [100.0, 100.0, 100.0]
2026-07-24 01:54:18,889 [trainer.py] => Average Accuracy (CNN top1): 97.36666666666667
2026-07-24 01:54:18,889 [area.py] => Learning on 30-40
2026-07-24 01:59:49,008 [trainer.py] => CNN: {'total': 96.84, '00-09': 93.35, '10-19': 98.07, '20-29': 96.85, '30-39': 99.03, 'old': 96.09, 'new': 99.03, 'harmonic': 97.54}
2026-07-24 01:59:49,009 [trainer.py] => CNN top1 curve: [97.78, 97.81, 96.51, 96.84]
2026-07-24 01:59:49,009 [trainer.py] => CNN top5 curve: [100.0, 100.0, 100.0, 100.0]
2026-07-24 01:59:49,009 [trainer.py] => Average Accuracy (CNN top1): 97.23500000000001
2026-07-24 01:59:49,014 [area.py] => Learning on 40-50
2026-07-24 02:05:37,624 [trainer.py] => CNN: {'total': 95.06, '00-09': 90.89, '10-19': 97.59, '20-29': 96.59, '30-39': 98.3, '40-49': 91.95, 'old': 95.85, 'new': 91.95, 'harmonic': 93.86}
2026-07-24 02:05:37,625 [trainer.py] => CNN top1 curve: [97.78, 97.81, 96.51, 96.84, 95.06]
2026-07-24 02:05:37,625 [trainer.py] => CNN top5 curve: [100.0, 100.0, 100.0, 100.0, 99.95]
2026-07-24 02:05:37,625 [trainer.py] => Average Accuracy (CNN top1): 96.80000000000001
2026-07-24 02:05:37,626 [area.py] => Learning on 50-60
2026-07-24 02:12:11,091 [trainer.py] => CNN: {'total': 94.55, '00-09': 90.39, '10-19': 97.59, '20-29': 94.23, '30-39': 96.35, '40-49': 90.98, '50-59': 97.6, 'old': 93.92, 'new': 97.6, 'harmonic': 95.72}
2026-07-24 02:12:11,091 [trainer.py] => CNN top1 curve: [97.78, 97.81, 96.51, 96.84, 95.06, 94.55]
2026-07-24 02:12:11,091 [trainer.py] => CNN top5 curve: [100.0, 100.0, 100.0, 100.0, 99.95, 99.96]
2026-07-24 02:12:11,091 [trainer.py] => Average Accuracy (CNN top1): 96.42500000000001
2026-07-24 02:12:11,092 [area.py] => Learning on 60-70
2026-07-24 02:19:06,988 [trainer.py] => CNN: {'total': 92.28, '00-09': 88.67, '10-19': 95.9, '20-29': 92.65, '30-39': 95.86, '40-49': 90.49, '50-59': 96.15, '60-69': 86.17, 'old': 93.32, 'new': 86.17, 'harmonic': 89.6}
2026-07-24 02:19:06,988 [trainer.py] => CNN top1 curve: [97.78, 97.81, 96.51, 96.84, 95.06, 94.55, 92.28]
2026-07-24 02:19:06,988 [trainer.py] => CNN top5 curve: [100.0, 100.0, 100.0, 100.0, 99.95, 99.96, 99.96]
2026-07-24 02:19:06,988 [trainer.py] => Average Accuracy (CNN top1): 95.83285714285715
2026-07-24 02:19:06,989 [area.py] => Learning on 70-80
2026-07-24 02:26:56,114 [trainer.py] => CNN: {'total': 91.61, '00-09': 89.16, '10-19': 95.18, '20-29': 90.29, '30-39': 96.11, '40-49': 88.29, '50-59': 96.39, '60-69': 87.62, '70-79': 89.49, 'old': 91.9, 'new': 89.49, 'harmonic': 90.68}
2026-07-24 02:26:56,115 [trainer.py] => CNN top1 curve: [97.78, 97.81, 96.51, 96.84, 95.06, 94.55, 92.28, 91.61]
2026-07-24 02:26:56,115 [trainer.py] => CNN top5 curve: [100.0, 100.0, 100.0, 100.0, 99.95, 99.96, 99.96, 99.94]
2026-07-24 02:26:56,115 [trainer.py] => Average Accuracy (CNN top1): 95.305
2026-07-24 02:26:56,118 [area.py] => Learning on 80-90
2026-07-24 02:35:58,515 [trainer.py] => CNN: {'total': 90.9, '00-09': 88.42, '10-19': 94.7, '20-29': 88.19, '30-39': 96.35, '40-49': 87.32, '50-59': 96.15, '60-69': 85.44, '70-79': 89.74, '80-89': 91.41, 'old': 90.84, 'new': 91.41, 'harmonic': 91.12}
2026-07-24 02:35:58,515 [trainer.py] => CNN top1 curve: [97.78, 97.81, 96.51, 96.84, 95.06, 94.55, 92.28, 91.61, 90.9]
2026-07-24 02:35:58,515 [trainer.py] => CNN top5 curve: [100.0, 100.0, 100.0, 100.0, 99.95, 99.96, 99.96, 99.94, 99.84]
2026-07-24 02:35:58,515 [trainer.py] => Average Accuracy (CNN top1): 94.81555555555556
2026-07-24 02:35:58,519 [area.py] => Learning on 90-100
2026-07-24 02:46:07,920 [trainer.py] => CNN: {'total': 90.62, '00-09': 88.67, '10-19': 94.7, '20-29': 88.98, '30-39': 95.62, '40-49': 85.85, '50-59': 95.67, '60-69': 85.68, '70-79': 88.97, '80-89': 90.69, '90-99': 91.02, 'old': 90.57, 'new': 91.02, 'harmonic': 90.79}
2026-07-24 02:46:07,920 [trainer.py] => CNN top1 curve: [97.78, 97.81, 96.51, 96.84, 95.06, 94.55, 92.28, 91.61, 90.9, 90.62]
2026-07-24 02:46:07,920 [trainer.py] => CNN top5 curve: [100.0, 100.0, 100.0, 100.0, 99.95, 99.96, 99.96, 99.94, 99.84, 99.78]
2026-07-24 02:46:07,920 [trainer.py] => Average Accuracy (CNN top1): 94.396
