2026-07-20 04:42:30,799 [trainer.py] => config: /dev/stdin
2026-07-20 04:42:30,799 [trainer.py] => dataset: food101
2026-07-20 04:42:30,799 [trainer.py] => shuffle: True
2026-07-20 04:42:30,799 [trainer.py] => init_cls: 10
2026-07-20 04:42:30,799 [trainer.py] => increment: 10
2026-07-20 04:42:30,799 [trainer.py] => model_name: area
2026-07-20 04:42:30,799 [trainer.py] => backbone_type: clip
2026-07-20 04:42:30,799 [trainer.py] => clip_pretrained: laion400m_e32
2026-07-20 04:42:30,799 [trainer.py] => device: [device(type='cuda', index=1)]
2026-07-20 04:42:30,799 [trainer.py] => seed: 1993
2026-07-20 04:42:30,799 [trainer.py] => epochs: 20
2026-07-20 04:42:30,799 [trainer.py] => milestones: [8, 15]
2026-07-20 04:42:30,799 [trainer.py] => init_lr: 0.01
2026-07-20 04:42:30,799 [trainer.py] => batch_size: 64
2026-07-20 04:42:30,799 [trainer.py] => weight_decay: 0.05
2026-07-20 04:42:30,799 [trainer.py] => optimizer: sgd
2026-07-20 04:42:30,799 [trainer.py] => samples_per_class: 4
2026-07-20 04:42:30,799 [trainer.py] => K: 8
2026-07-20 04:42:30,799 [trainer.py] => vib_lambda: 1
2026-07-20 04:42:30,799 [trainer.py] => precomputed_basis_path: ./precomputed_basis/area/food
2026-07-20 04:42:30,799 [trainer.py] => g_lambda: 0.5
2026-07-20 04:42:30,799 [trainer.py] => num_workers: 8
2026-07-20 04:42:31,169 [data_manager.py] => [68, 56, 78, 8, 23, 84, 90, 65, 74, 76, 40, 89, 3, 92, 55, 9, 26, 80, 43, 38, 58, 70, 77, 1, 85, 19, 17, 50, 28, 53, 13, 81, 45, 82, 6, 59, 83, 16, 15, 44, 91, 41, 72, 60, 79, 52, 20, 10, 31, 54, 37, 95, 14, 71, 96, 98, 97, 2, 64, 66, 42, 22, 35, 86, 24, 34, 87, 21, 99, 0, 88, 27, 18, 94, 11, 12, 47, 25, 30, 46, 62, 69, 36, 61, 7, 63, 75, 5, 32, 4, 51, 48, 73, 93, 39, 67, 29, 49, 57, 33]
2026-07-20 04:42:32,603 [instantiator.py] => Created a temporary directory at /tmp/tmp_oghu3tt
2026-07-20 04:42:32,603 [instantiator.py] => Writing /tmp/tmp_oghu3tt/_remote_module_non_scriptable.py
2026-07-20 04:42:32,746 [factory.py] => Loaded ViT-B-16 model config.
2026-07-20 04:42:39,811 [factory.py] => Loading pretrained ViT-B-16 weights (laion400m_e32).
2026-07-20 04:42:40,865 [area.py] => Learning on 0-10
2026-07-20 04:42:41,990 [area.py] => Computing AREA textual base matrices
2026-07-20 04:42:45,234 [area.py] => Computing AREA visual base matrices
2026-07-22 15:43:11,234 [trainer.py] => config: /dev/stdin
2026-07-22 15:43:11,234 [trainer.py] => dataset: food101
2026-07-22 15:43:11,234 [trainer.py] => shuffle: True
2026-07-22 15:43:11,234 [trainer.py] => init_cls: 10
2026-07-22 15:43:11,234 [trainer.py] => increment: 10
2026-07-22 15:43:11,234 [trainer.py] => model_name: area
2026-07-22 15:43:11,234 [trainer.py] => backbone_type: clip
2026-07-22 15:43:11,234 [trainer.py] => clip_pretrained: laion400m_e32
2026-07-22 15:43:11,234 [trainer.py] => device: [device(type='cuda', index=6)]
2026-07-22 15:43:11,234 [trainer.py] => seed: 1993
2026-07-22 15:43:11,234 [trainer.py] => epochs: 20
2026-07-22 15:43:11,234 [trainer.py] => milestones: [8, 15]
2026-07-22 15:43:11,234 [trainer.py] => init_lr: 0.01
2026-07-22 15:43:11,234 [trainer.py] => batch_size: 64
2026-07-22 15:43:11,234 [trainer.py] => weight_decay: 0.05
2026-07-22 15:43:11,234 [trainer.py] => optimizer: sgd
2026-07-22 15:43:11,234 [trainer.py] => samples_per_class: 4
2026-07-22 15:43:11,234 [trainer.py] => K: 8
2026-07-22 15:43:11,234 [trainer.py] => vib_lambda: 1
2026-07-22 15:43:11,234 [trainer.py] => precomputed_basis_path: ./precomputed_basis/area/food
2026-07-22 15:43:11,235 [trainer.py] => g_lambda: 0.5
2026-07-22 15:43:11,235 [trainer.py] => num_workers: 8
2026-07-22 15:43:11,608 [data_manager.py] => [68, 56, 78, 8, 23, 84, 90, 65, 74, 76, 40, 89, 3, 92, 55, 9, 26, 80, 43, 38, 58, 70, 77, 1, 85, 19, 17, 50, 28, 53, 13, 81, 45, 82, 6, 59, 83, 16, 15, 44, 91, 41, 72, 60, 79, 52, 20, 10, 31, 54, 37, 95, 14, 71, 96, 98, 97, 2, 64, 66, 42, 22, 35, 86, 24, 34, 87, 21, 99, 0, 88, 27, 18, 94, 11, 12, 47, 25, 30, 46, 62, 69, 36, 61, 7, 63, 75, 5, 32, 4, 51, 48, 73, 93, 39, 67, 29, 49, 57, 33]
2026-07-22 15:43:12,929 [instantiator.py] => Created a temporary directory at /tmp/tmp06u7nr6a
2026-07-22 15:43:12,929 [instantiator.py] => Writing /tmp/tmp06u7nr6a/_remote_module_non_scriptable.py
2026-07-22 15:43:13,063 [factory.py] => Loaded ViT-B-16 model config.
2026-07-22 15:43:21,330 [factory.py] => Loading pretrained ViT-B-16 weights (laion400m_e32).
2026-07-22 15:43:21,979 [area.py] => Learning on 0-10
2026-07-22 15:43:22,312 [area.py] => Loading AREA basis cache from precomputed_basis/area/food/seed_1993/textual_base_matrices.pth
2026-07-22 15:43:22,347 [area.py] => Loading AREA basis cache from precomputed_basis/area/food/seed_1993/visual_base_matrices.pth
2026-07-22 16:36:01,906 [trainer.py] => CNN: {'total': 98.07, '00-09': 98.07, 'old': 0, 'new': 98.07, 'harmonic': 0.0}
2026-07-22 16:36:01,906 [trainer.py] => CNN top1 curve: [98.07]
2026-07-22 16:36:01,906 [trainer.py] => CNN top5 curve: [99.9]
2026-07-22 16:36:01,906 [trainer.py] => Average Accuracy (CNN top1): 98.07
2026-07-22 16:36:01,907 [area.py] => Learning on 10-20
2026-07-22 17:30:28,441 [trainer.py] => CNN: {'total': 95.19, '00-09': 95.3, '10-19': 95.09, 'old': 95.3, 'new': 95.09, 'harmonic': 95.19}
2026-07-22 17:30:28,441 [trainer.py] => CNN top1 curve: [98.07, 95.19]
2026-07-22 17:30:28,441 [trainer.py] => CNN top5 curve: [99.9, 99.52]
2026-07-22 17:30:28,441 [trainer.py] => Average Accuracy (CNN top1): 96.63
2026-07-22 17:30:28,442 [area.py] => Learning on 20-30
2026-07-22 18:26:34,335 [trainer.py] => CNN: {'total': 93.08, '00-09': 93.51, '10-19': 92.86, '20-29': 92.86, 'old': 93.19, 'new': 92.86, 'harmonic': 93.02}
2026-07-22 18:26:34,336 [trainer.py] => CNN top1 curve: [98.07, 95.19, 93.08]
2026-07-22 18:26:34,336 [trainer.py] => CNN top5 curve: [99.9, 99.52, 99.12]
2026-07-22 18:26:34,336 [trainer.py] => Average Accuracy (CNN top1): 95.44666666666666
2026-07-22 18:26:34,336 [area.py] => Learning on 30-40
2026-07-22 19:24:33,800 [trainer.py] => CNN: {'total': 91.86, '00-09': 92.18, '10-19': 91.54, '20-29': 91.11, '30-39': 92.57, 'old': 91.61, 'new': 92.57, 'harmonic': 92.09}
2026-07-22 19:24:33,800 [trainer.py] => CNN top1 curve: [98.07, 95.19, 93.08, 91.86]
2026-07-22 19:24:33,800 [trainer.py] => CNN top5 curve: [99.9, 99.52, 99.12, 98.82]
2026-07-22 19:24:33,800 [trainer.py] => Average Accuracy (CNN top1): 94.55
2026-07-22 19:24:33,801 [area.py] => Learning on 40-50
2026-07-22 20:27:17,069 [trainer.py] => CNN: {'total': 90.29, '00-09': 90.0, '10-19': 90.38, '20-29': 90.21, '30-39': 90.1, '40-49': 90.79, 'old': 90.17, 'new': 90.79, 'harmonic': 90.48}
2026-07-22 20:27:17,069 [trainer.py] => CNN top1 curve: [98.07, 95.19, 93.08, 91.86, 90.29]
2026-07-22 20:27:17,069 [trainer.py] => CNN top5 curve: [99.9, 99.52, 99.12, 98.82, 98.3]
2026-07-22 20:27:17,069 [trainer.py] => Average Accuracy (CNN top1): 93.69800000000001
2026-07-22 20:27:17,070 [area.py] => Learning on 50-60
2026-07-22 21:32:29,283 [trainer.py] => CNN: {'total': 86.46, '00-09': 87.18, '10-19': 87.24, '20-29': 86.57, '30-39': 85.24, '40-49': 87.72, '50-59': 84.88, 'old': 86.78, 'new': 84.88, 'harmonic': 85.82}
2026-07-22 21:32:29,284 [trainer.py] => CNN top1 curve: [98.07, 95.19, 93.08, 91.86, 90.29, 86.46]
2026-07-22 21:32:29,284 [trainer.py] => CNN top5 curve: [99.9, 99.52, 99.12, 98.82, 98.3, 97.14]
2026-07-22 21:32:29,284 [trainer.py] => Average Accuracy (CNN top1): 92.49166666666667
2026-07-22 21:32:29,285 [area.py] => Learning on 60-70
2026-07-22 22:41:21,796 [trainer.py] => CNN: {'total': 79.39, '00-09': 75.79, '10-19': 83.85, '20-29': 77.63, '30-39': 83.01, '40-49': 79.67, '50-59': 79.5, '60-69': 76.26, 'old': 79.91, 'new': 76.26, 'harmonic': 78.04}
2026-07-22 22:41:21,797 [trainer.py] => CNN top1 curve: [98.07, 95.19, 93.08, 91.86, 90.29, 86.46, 79.39]
2026-07-22 22:41:21,797 [trainer.py] => CNN top5 curve: [99.9, 99.52, 99.12, 98.82, 98.3, 97.14, 94.66]
2026-07-22 22:41:21,797 [trainer.py] => Average Accuracy (CNN top1): 90.62
2026-07-22 22:41:21,798 [area.py] => Learning on 70-80
2026-07-22 23:52:04,831 [trainer.py] => CNN: {'total': 79.66, '00-09': 79.9, '10-19': 84.15, '20-29': 77.23, '30-39': 80.53, '40-49': 79.16, '50-59': 80.0, '60-69': 73.03, '70-79': 83.26, 'old': 79.15, 'new': 83.26, 'harmonic': 81.15}
2026-07-22 23:52:04,831 [trainer.py] => CNN top1 curve: [98.07, 95.19, 93.08, 91.86, 90.29, 86.46, 79.39, 79.66]
2026-07-22 23:52:04,831 [trainer.py] => CNN top5 curve: [99.9, 99.52, 99.12, 98.82, 98.3, 97.14, 94.66, 93.97]
2026-07-22 23:52:04,831 [trainer.py] => Average Accuracy (CNN top1): 89.25
2026-07-22 23:52:04,832 [area.py] => Learning on 80-90
2026-07-23 03:51:42,149 [trainer.py] => CNN: {'total': 81.5, '00-09': 83.66, '10-19': 84.91, '20-29': 80.58, '30-39': 80.63, '40-49': 81.48, '50-59': 82.44, '60-69': 72.88, '70-79': 81.36, '80-89': 85.49, 'old': 81.0, 'new': 85.49, 'harmonic': 83.18}
2026-07-23 03:51:42,150 [trainer.py] => CNN top1 curve: [98.07, 95.19, 93.08, 91.86, 90.29, 86.46, 79.39, 79.66, 81.5]
2026-07-23 03:51:42,150 [trainer.py] => CNN top5 curve: [99.9, 99.52, 99.12, 98.82, 98.3, 97.14, 94.66, 93.97, 94.36]
2026-07-23 03:51:42,150 [trainer.py] => Average Accuracy (CNN top1): 88.38888888888889
2026-07-23 03:51:42,151 [area.py] => Learning on 90-100
2026-07-23 08:34:21,972 [trainer.py] => CNN: {'total': 78.74, '00-09': 81.53, '10-19': 83.24, '20-29': 77.78, '30-39': 79.71, '40-49': 77.3, '50-59': 78.36, '60-69': 71.82, '70-79': 77.46, '80-89': 82.78, '90-99': 77.32, 'old': 78.89, 'new': 77.32, 'harmonic': 78.1}
2026-07-23 08:34:21,972 [trainer.py] => CNN top1 curve: [98.07, 95.19, 93.08, 91.86, 90.29, 86.46, 79.39, 79.66, 81.5, 78.74]
2026-07-23 08:34:21,972 [trainer.py] => CNN top5 curve: [99.9, 99.52, 99.12, 98.82, 98.3, 97.14, 94.66, 93.97, 94.36, 93.28]
2026-07-23 08:34:21,972 [trainer.py] => Average Accuracy (CNN top1): 87.424
