2026-07-14 22:51:48,417 [trainer.py] => config: ./configs/area/area_inr_B100_Inc20.json
2026-07-14 22:51:48,417 [trainer.py] => dataset: imagenetr
2026-07-14 22:51:48,417 [trainer.py] => shuffle: True
2026-07-14 22:51:48,417 [trainer.py] => init_cls: 100
2026-07-14 22:51:48,418 [trainer.py] => increment: 20
2026-07-14 22:51:48,418 [trainer.py] => model_name: area
2026-07-14 22:51:48,418 [trainer.py] => backbone_type: clip
2026-07-14 22:51:48,418 [trainer.py] => clip_pretrained: laion400m_e32
2026-07-14 22:51:48,418 [trainer.py] => device: [device(type='cuda', index=2)]
2026-07-14 22:51:48,418 [trainer.py] => seed: 0
2026-07-14 22:51:48,418 [trainer.py] => epochs: 20
2026-07-14 22:51:48,418 [trainer.py] => milestones: [8, 15]
2026-07-14 22:51:48,418 [trainer.py] => init_lr: 0.01
2026-07-14 22:51:48,418 [trainer.py] => batch_size: 64
2026-07-14 22:51:48,418 [trainer.py] => weight_decay: 0.05
2026-07-14 22:51:48,418 [trainer.py] => optimizer: sgd
2026-07-14 22:51:48,418 [trainer.py] => samples_per_class: 4
2026-07-14 22:51:48,418 [trainer.py] => K: 8
2026-07-14 22:51:48,418 [trainer.py] => vib_lambda: 1
2026-07-14 22:51:48,418 [trainer.py] => precomputed_basis_path: ./precomputed_basis/area/imagenet-r
2026-07-14 22:51:48,418 [trainer.py] => g_lambda: 0.5
2026-07-14 22:51:48,418 [trainer.py] => num_workers: 8
2026-07-14 22:51:48,572 [data_manager.py] => [18, 170, 107, 98, 177, 182, 5, 146, 12, 152, 61, 125, 180, 154, 80, 7, 33, 130, 37, 74, 183, 145, 45, 159, 60, 123, 179, 185, 122, 44, 16, 55, 150, 111, 22, 189, 129, 4, 83, 106, 134, 66, 26, 113, 168, 63, 8, 75, 118, 143, 71, 124, 184, 97, 149, 24, 30, 160, 40, 56, 131, 96, 181, 19, 153, 92, 54, 163, 51, 86, 139, 90, 137, 101, 144, 89, 109, 14, 27, 141, 187, 46, 138, 195, 108, 62, 2, 59, 136, 197, 43, 10, 194, 73, 196, 178, 175, 126, 93, 112, 158, 191, 50, 0, 94, 110, 95, 64, 167, 41, 69, 49, 48, 85, 13, 161, 23, 186, 135, 20, 15, 78, 104, 52, 100, 76, 3, 116, 164, 198, 6, 68, 84, 121, 155, 171, 156, 91, 199, 11, 119, 102, 35, 57, 65, 1, 120, 162, 42, 105, 132, 173, 17, 38, 133, 53, 157, 128, 34, 28, 114, 151, 31, 166, 127, 176, 32, 142, 169, 147, 29, 99, 82, 79, 115, 148, 193, 72, 77, 25, 165, 81, 188, 174, 190, 39, 58, 140, 88, 70, 87, 36, 21, 9, 103, 67, 192, 117, 47, 172]
2026-07-14 22:51:50,025 [instantiator.py] => Created a temporary directory at /tmp/tmpnk1x6xhh
2026-07-14 22:51:50,025 [instantiator.py] => Writing /tmp/tmpnk1x6xhh/_remote_module_non_scriptable.py
2026-07-14 22:51:50,171 [factory.py] => Loaded ViT-B-16 model config.
2026-07-14 22:51:57,515 [factory.py] => Loading pretrained ViT-B-16 weights (laion400m_e32).
2026-07-14 22:51:58,301 [area.py] => Learning on 0-100
2026-07-14 22:51:58,704 [area.py] => Loading AREA basis cache from precomputed_basis/area/imagenet-r/seed_0/textual_base_matrices.pth
2026-07-14 22:51:58,707 [area.py] => Loading AREA basis cache from precomputed_basis/area/imagenet-r/seed_0/visual_base_matrices.pth
2026-07-23 18:19:39,121 [trainer.py] => config: /dev/stdin
2026-07-23 18:19:39,121 [trainer.py] => dataset: imagenetr
2026-07-23 18:19:39,121 [trainer.py] => shuffle: True
2026-07-23 18:19:39,121 [trainer.py] => init_cls: 100
2026-07-23 18:19:39,121 [trainer.py] => increment: 20
2026-07-23 18:19:39,121 [trainer.py] => model_name: area
2026-07-23 18:19:39,121 [trainer.py] => backbone_type: clip
2026-07-23 18:19:39,121 [trainer.py] => clip_pretrained: laion400m_e32
2026-07-23 18:19:39,121 [trainer.py] => device: [device(type='cuda', index=7)]
2026-07-23 18:19:39,121 [trainer.py] => seed: 0
2026-07-23 18:19:39,121 [trainer.py] => epochs: 20
2026-07-23 18:19:39,121 [trainer.py] => milestones: [8, 15]
2026-07-23 18:19:39,122 [trainer.py] => init_lr: 0.01
2026-07-23 18:19:39,122 [trainer.py] => batch_size: 64
2026-07-23 18:19:39,122 [trainer.py] => weight_decay: 0.05
2026-07-23 18:19:39,122 [trainer.py] => optimizer: sgd
2026-07-23 18:19:39,122 [trainer.py] => samples_per_class: 4
2026-07-23 18:19:39,122 [trainer.py] => K: 8
2026-07-23 18:19:39,122 [trainer.py] => vib_lambda: 1
2026-07-23 18:19:39,122 [trainer.py] => precomputed_basis_path: ./precomputed_basis/area/imagenet-r
2026-07-23 18:19:39,122 [trainer.py] => g_lambda: 0.5
2026-07-23 18:19:39,122 [trainer.py] => num_workers: 8
2026-07-23 18:19:39,266 [data_manager.py] => [18, 170, 107, 98, 177, 182, 5, 146, 12, 152, 61, 125, 180, 154, 80, 7, 33, 130, 37, 74, 183, 145, 45, 159, 60, 123, 179, 185, 122, 44, 16, 55, 150, 111, 22, 189, 129, 4, 83, 106, 134, 66, 26, 113, 168, 63, 8, 75, 118, 143, 71, 124, 184, 97, 149, 24, 30, 160, 40, 56, 131, 96, 181, 19, 153, 92, 54, 163, 51, 86, 139, 90, 137, 101, 144, 89, 109, 14, 27, 141, 187, 46, 138, 195, 108, 62, 2, 59, 136, 197, 43, 10, 194, 73, 196, 178, 175, 126, 93, 112, 158, 191, 50, 0, 94, 110, 95, 64, 167, 41, 69, 49, 48, 85, 13, 161, 23, 186, 135, 20, 15, 78, 104, 52, 100, 76, 3, 116, 164, 198, 6, 68, 84, 121, 155, 171, 156, 91, 199, 11, 119, 102, 35, 57, 65, 1, 120, 162, 42, 105, 132, 173, 17, 38, 133, 53, 157, 128, 34, 28, 114, 151, 31, 166, 127, 176, 32, 142, 169, 147, 29, 99, 82, 79, 115, 148, 193, 72, 77, 25, 165, 81, 188, 174, 190, 39, 58, 140, 88, 70, 87, 36, 21, 9, 103, 67, 192, 117, 47, 172]
2026-07-23 18:19:40,578 [instantiator.py] => Created a temporary directory at /tmp/tmproadsqye
2026-07-23 18:19:40,579 [instantiator.py] => Writing /tmp/tmproadsqye/_remote_module_non_scriptable.py
2026-07-23 18:19:40,717 [factory.py] => Loaded ViT-B-16 model config.
