2026-07-20 17:05:18,247 [trainer.py] => config: /dev/stdin
2026-07-20 17:05:18,247 [trainer.py] => dataset: objectnet
2026-07-20 17:05:18,247 [trainer.py] => shuffle: True
2026-07-20 17:05:18,247 [trainer.py] => init_cls: 100
2026-07-20 17:05:18,247 [trainer.py] => increment: 20
2026-07-20 17:05:18,247 [trainer.py] => model_name: area
2026-07-20 17:05:18,247 [trainer.py] => backbone_type: clip
2026-07-20 17:05:18,248 [trainer.py] => clip_pretrained: laion400m_e32
2026-07-20 17:05:18,248 [trainer.py] => device: [device(type='cuda', index=2)]
2026-07-20 17:05:18,248 [trainer.py] => seed: 1993
2026-07-20 17:05:18,248 [trainer.py] => epochs: 20
2026-07-20 17:05:18,248 [trainer.py] => milestones: [8, 15]
2026-07-20 17:05:18,248 [trainer.py] => init_lr: 0.01
2026-07-20 17:05:18,248 [trainer.py] => batch_size: 64
2026-07-20 17:05:18,248 [trainer.py] => weight_decay: 0.05
2026-07-20 17:05:18,248 [trainer.py] => optimizer: sgd
2026-07-20 17:05:18,248 [trainer.py] => samples_per_class: 6
2026-07-20 17:05:18,248 [trainer.py] => K: 8
2026-07-20 17:05:18,248 [trainer.py] => vib_lambda: 1
2026-07-20 17:05:18,248 [trainer.py] => precomputed_basis_path: ./precomputed_basis/area/objectnet
2026-07-20 17:05:18,248 [trainer.py] => g_lambda: 0.6
2026-07-20 17:05:18,248 [trainer.py] => num_workers: 8
2026-07-20 17:05:18,397 [data_manager.py] => [168, 136, 51, 9, 183, 101, 171, 99, 42, 159, 191, 70, 16, 188, 27, 10, 175, 26, 68, 187, 98, 6, 85, 35, 112, 43, 100, 0, 103, 181, 88, 59, 4, 2, 116, 174, 94, 80, 106, 1, 147, 17, 141, 131, 72, 23, 173, 54, 197, 118, 87, 32, 79, 104, 91, 19, 135, 107, 178, 36, 11, 199, 142, 8, 122, 3, 28, 57, 153, 172, 190, 56, 49, 44, 97, 62, 151, 169, 194, 55, 192, 12, 189, 78, 66, 180, 15, 137, 109, 134, 92, 119, 126, 52, 170, 40, 148, 65, 144, 64, 138, 45, 77, 89, 154, 90, 71, 193, 74, 30, 113, 143, 96, 84, 67, 50, 186, 156, 69, 21, 18, 111, 108, 58, 125, 157, 150, 110, 182, 129, 166, 83, 81, 60, 13, 165, 14, 176, 63, 117, 5, 22, 145, 121, 38, 41, 82, 127, 114, 20, 31, 53, 37, 163, 196, 130, 152, 162, 86, 76, 24, 34, 184, 149, 33, 128, 198, 155, 146, 167, 139, 120, 140, 102, 47, 25, 158, 123, 46, 164, 61, 7, 115, 75, 133, 160, 105, 132, 179, 124, 48, 73, 93, 39, 95, 195, 29, 177, 185, 161]
2026-07-20 17:05:19,603 [instantiator.py] => Created a temporary directory at /tmp/tmppenkf__9
2026-07-20 17:05:19,603 [instantiator.py] => Writing /tmp/tmppenkf__9/_remote_module_non_scriptable.py
2026-07-20 17:05:19,735 [factory.py] => Loaded ViT-B-16 model config.
2026-07-20 17:05:31,184 [factory.py] => Loading pretrained ViT-B-16 weights (laion400m_e32).
2026-07-20 17:05:32,469 [area.py] => Learning on 0-100
2026-07-20 17:05:32,862 [area.py] => Loading AREA basis cache from precomputed_basis/area/objectnet/seed_1993/textual_base_matrices.pth
2026-07-20 17:05:32,923 [area.py] => Loading AREA basis cache from precomputed_basis/area/objectnet/seed_1993/visual_base_matrices.pth
2026-07-23 18:18:20,966 [trainer.py] => config: /dev/stdin
2026-07-23 18:18:20,966 [trainer.py] => dataset: objectnet
2026-07-23 18:18:20,966 [trainer.py] => shuffle: True
2026-07-23 18:18:20,966 [trainer.py] => init_cls: 100
2026-07-23 18:18:20,966 [trainer.py] => increment: 20
2026-07-23 18:18:20,966 [trainer.py] => model_name: area
2026-07-23 18:18:20,966 [trainer.py] => backbone_type: clip
2026-07-23 18:18:20,966 [trainer.py] => clip_pretrained: laion400m_e32
2026-07-23 18:18:20,966 [trainer.py] => device: [device(type='cuda', index=7)]
2026-07-23 18:18:20,966 [trainer.py] => seed: 1993
2026-07-23 18:18:20,967 [trainer.py] => epochs: 20
2026-07-23 18:18:20,967 [trainer.py] => milestones: [8, 15]
2026-07-23 18:18:20,967 [trainer.py] => init_lr: 0.01
2026-07-23 18:18:20,967 [trainer.py] => batch_size: 64
2026-07-23 18:18:20,967 [trainer.py] => weight_decay: 0.05
2026-07-23 18:18:20,967 [trainer.py] => optimizer: sgd
2026-07-23 18:18:20,967 [trainer.py] => samples_per_class: 6
2026-07-23 18:18:20,967 [trainer.py] => K: 8
2026-07-23 18:18:20,967 [trainer.py] => vib_lambda: 1
2026-07-23 18:18:20,967 [trainer.py] => precomputed_basis_path: ./precomputed_basis/area/objectnet
2026-07-23 18:18:20,967 [trainer.py] => g_lambda: 0.6
2026-07-23 18:18:20,967 [trainer.py] => num_workers: 8
2026-07-23 18:18:21,102 [data_manager.py] => [168, 136, 51, 9, 183, 101, 171, 99, 42, 159, 191, 70, 16, 188, 27, 10, 175, 26, 68, 187, 98, 6, 85, 35, 112, 43, 100, 0, 103, 181, 88, 59, 4, 2, 116, 174, 94, 80, 106, 1, 147, 17, 141, 131, 72, 23, 173, 54, 197, 118, 87, 32, 79, 104, 91, 19, 135, 107, 178, 36, 11, 199, 142, 8, 122, 3, 28, 57, 153, 172, 190, 56, 49, 44, 97, 62, 151, 169, 194, 55, 192, 12, 189, 78, 66, 180, 15, 137, 109, 134, 92, 119, 126, 52, 170, 40, 148, 65, 144, 64, 138, 45, 77, 89, 154, 90, 71, 193, 74, 30, 113, 143, 96, 84, 67, 50, 186, 156, 69, 21, 18, 111, 108, 58, 125, 157, 150, 110, 182, 129, 166, 83, 81, 60, 13, 165, 14, 176, 63, 117, 5, 22, 145, 121, 38, 41, 82, 127, 114, 20, 31, 53, 37, 163, 196, 130, 152, 162, 86, 76, 24, 34, 184, 149, 33, 128, 198, 155, 146, 167, 139, 120, 140, 102, 47, 25, 158, 123, 46, 164, 61, 7, 115, 75, 133, 160, 105, 132, 179, 124, 48, 73, 93, 39, 95, 195, 29, 177, 185, 161]
2026-07-23 18:18:22,447 [instantiator.py] => Created a temporary directory at /tmp/tmpoimx8ge5
2026-07-23 18:18:22,448 [instantiator.py] => Writing /tmp/tmpoimx8ge5/_remote_module_non_scriptable.py
2026-07-23 18:18:22,580 [factory.py] => Loaded ViT-B-16 model config.
