2026-07-19 23:59:24,245 [trainer.py] => config: /dev/stdin
2026-07-19 23:59:24,245 [trainer.py] => dataset: ucf101
2026-07-19 23:59:24,245 [trainer.py] => shuffle: True
2026-07-19 23:59:24,245 [trainer.py] => init_cls: 50
2026-07-19 23:59:24,245 [trainer.py] => increment: 10
2026-07-19 23:59:24,245 [trainer.py] => model_name: area
2026-07-19 23:59:24,245 [trainer.py] => backbone_type: clip
2026-07-19 23:59:24,245 [trainer.py] => clip_pretrained: laion400m_e32
2026-07-19 23:59:24,245 [trainer.py] => device: [device(type='cuda', index=2)]
2026-07-19 23:59:24,245 [trainer.py] => seed: 1993
2026-07-19 23:59:24,245 [trainer.py] => epochs: 20
2026-07-19 23:59:24,245 [trainer.py] => milestones: [8, 15]
2026-07-19 23:59:24,245 [trainer.py] => init_lr: 0.01
2026-07-19 23:59:24,245 [trainer.py] => batch_size: 64
2026-07-19 23:59:24,245 [trainer.py] => weight_decay: 0.05
2026-07-19 23:59:24,245 [trainer.py] => optimizer: sgd
2026-07-19 23:59:24,245 [trainer.py] => samples_per_class: 4
2026-07-19 23:59:24,245 [trainer.py] => K: 8
2026-07-19 23:59:24,245 [trainer.py] => vib_lambda: 1
2026-07-19 23:59:24,245 [trainer.py] => precomputed_basis_path: ./precomputed_basis/area/ucf
2026-07-19 23:59:24,245 [trainer.py] => g_lambda: 0.3
2026-07-19 23:59:24,245 [trainer.py] => num_workers: 8
2026-07-19 23:59:24,348 [data_manager.py] => [68, 56, 78, 8, 23, 84, 90, 65, 74, 76, 40, 89, 3, 92, 55, 9, 26, 80, 43, 38, 58, 70, 77, 1, 85, 19, 17, 50, 28, 53, 13, 81, 45, 82, 6, 59, 83, 16, 15, 44, 91, 41, 72, 60, 79, 52, 20, 10, 31, 54, 37, 95, 14, 71, 96, 98, 97, 2, 64, 66, 42, 22, 35, 86, 24, 34, 87, 21, 99, 0, 88, 27, 18, 94, 11, 12, 47, 25, 30, 46, 62, 69, 36, 61, 7, 63, 75, 5, 32, 4, 51, 48, 73, 93, 39, 67, 29, 49, 57, 33]
2026-07-19 23:59:25,592 [instantiator.py] => Created a temporary directory at /tmp/tmpcrg9lusr
2026-07-19 23:59:25,592 [instantiator.py] => Writing /tmp/tmpcrg9lusr/_remote_module_non_scriptable.py
2026-07-19 23:59:25,749 [factory.py] => Loaded ViT-B-16 model config.
2026-07-19 23:59:32,799 [factory.py] => Loading pretrained ViT-B-16 weights (laion400m_e32).
2026-07-19 23:59:33,791 [area.py] => Learning on 0-50
2026-07-19 23:59:34,881 [area.py] => Computing AREA textual base matrices
2026-07-19 23:59:38,328 [area.py] => Computing AREA visual base matrices
2026-07-21 18:36:53,956 [trainer.py] => config: /dev/stdin
2026-07-21 18:36:53,957 [trainer.py] => dataset: ucf101
2026-07-21 18:36:53,957 [trainer.py] => shuffle: True
2026-07-21 18:36:53,957 [trainer.py] => init_cls: 50
2026-07-21 18:36:53,957 [trainer.py] => increment: 10
2026-07-21 18:36:53,957 [trainer.py] => model_name: area
2026-07-21 18:36:53,957 [trainer.py] => backbone_type: clip
2026-07-21 18:36:53,957 [trainer.py] => clip_pretrained: laion400m_e32
2026-07-21 18:36:53,957 [trainer.py] => device: [device(type='cuda', index=2)]
2026-07-21 18:36:53,957 [trainer.py] => seed: 1993
2026-07-21 18:36:53,957 [trainer.py] => epochs: 20
2026-07-21 18:36:53,957 [trainer.py] => milestones: [8, 15]
2026-07-21 18:36:53,957 [trainer.py] => init_lr: 0.01
2026-07-21 18:36:53,957 [trainer.py] => batch_size: 64
2026-07-21 18:36:53,957 [trainer.py] => weight_decay: 0.05
2026-07-21 18:36:53,957 [trainer.py] => optimizer: sgd
2026-07-21 18:36:53,957 [trainer.py] => samples_per_class: 4
2026-07-21 18:36:53,957 [trainer.py] => K: 8
2026-07-21 18:36:53,957 [trainer.py] => vib_lambda: 1
2026-07-21 18:36:53,957 [trainer.py] => precomputed_basis_path: ./precomputed_basis/area/ucf
2026-07-21 18:36:53,957 [trainer.py] => g_lambda: 0.3
2026-07-21 18:36:53,957 [trainer.py] => num_workers: 8
2026-07-21 18:36:54,059 [data_manager.py] => [68, 56, 78, 8, 23, 84, 90, 65, 74, 76, 40, 89, 3, 92, 55, 9, 26, 80, 43, 38, 58, 70, 77, 1, 85, 19, 17, 50, 28, 53, 13, 81, 45, 82, 6, 59, 83, 16, 15, 44, 91, 41, 72, 60, 79, 52, 20, 10, 31, 54, 37, 95, 14, 71, 96, 98, 97, 2, 64, 66, 42, 22, 35, 86, 24, 34, 87, 21, 99, 0, 88, 27, 18, 94, 11, 12, 47, 25, 30, 46, 62, 69, 36, 61, 7, 63, 75, 5, 32, 4, 51, 48, 73, 93, 39, 67, 29, 49, 57, 33]
2026-07-21 18:36:55,295 [instantiator.py] => Created a temporary directory at /tmp/tmpholn528_
2026-07-21 18:36:55,295 [instantiator.py] => Writing /tmp/tmpholn528_/_remote_module_non_scriptable.py
2026-07-21 18:36:55,431 [factory.py] => Loaded ViT-B-16 model config.
2026-07-21 18:37:02,842 [factory.py] => Loading pretrained ViT-B-16 weights (laion400m_e32).
2026-07-21 18:37:03,622 [area.py] => Learning on 0-50
2026-07-21 18:37:03,937 [area.py] => Loading AREA basis cache from precomputed_basis/area/ucf/seed_1993/textual_base_matrices.pth
2026-07-21 18:37:03,939 [area.py] => Loading AREA basis cache from precomputed_basis/area/ucf/seed_1993/visual_base_matrices.pth
2026-07-21 19:12:10,969 [trainer.py] => CNN: {'total': 98.32, '00-09': 97.23, '10-19': 99.62, '20-29': 98.55, '30-39': 97.59, '40-49': 98.54, 'old': 0, 'new': 98.32, 'harmonic': 0.0}
2026-07-21 19:12:10,969 [trainer.py] => CNN top1 curve: [98.32]
2026-07-21 19:12:10,969 [trainer.py] => CNN top5 curve: [99.92]
2026-07-21 19:12:10,969 [trainer.py] => Average Accuracy (CNN top1): 98.32
2026-07-21 19:12:10,971 [area.py] => Learning on 50-60
2026-07-21 19:19:33,318 [trainer.py] => CNN: {'total': 97.23, '00-09': 96.44, '10-19': 98.08, '20-29': 97.82, '30-39': 95.98, '40-49': 96.72, '50-59': 98.34, 'old': 97.03, 'new': 98.34, 'harmonic': 97.68}
2026-07-21 19:19:33,319 [trainer.py] => CNN top1 curve: [98.32, 97.23]
2026-07-21 19:19:33,319 [trainer.py] => CNN top5 curve: [99.92, 99.81]
2026-07-21 19:19:33,319 [trainer.py] => Average Accuracy (CNN top1): 97.775
2026-07-21 19:19:33,320 [area.py] => Learning on 60-70
2026-07-21 19:28:09,838 [trainer.py] => CNN: {'total': 96.17, '00-09': 94.47, '10-19': 98.08, '20-29': 96.36, '30-39': 95.98, '40-49': 94.89, '50-59': 97.1, '60-69': 96.35, 'old': 96.13, 'new': 96.35, 'harmonic': 96.24}
2026-07-21 19:28:09,838 [trainer.py] => CNN top1 curve: [98.32, 97.23, 96.17]
2026-07-21 19:28:09,838 [trainer.py] => CNN top5 curve: [99.92, 99.81, 99.67]
2026-07-21 19:28:09,838 [trainer.py] => Average Accuracy (CNN top1): 97.24000000000001
2026-07-21 19:28:09,839 [area.py] => Learning on 70-80
2026-07-21 19:37:01,062 [trainer.py] => CNN: {'total': 95.49, '00-09': 91.7, '10-19': 97.31, '20-29': 94.18, '30-39': 94.78, '40-49': 94.53, '50-59': 97.1, '60-69': 95.26, '70-79': 99.23, 'old': 94.96, 'new': 99.23, 'harmonic': 97.05}
2026-07-21 19:37:01,062 [trainer.py] => CNN top1 curve: [98.32, 97.23, 96.17, 95.49]
2026-07-21 19:37:01,062 [trainer.py] => CNN top5 curve: [99.92, 99.81, 99.67, 99.66]
2026-07-21 19:37:01,062 [trainer.py] => Average Accuracy (CNN top1): 96.80250000000001
2026-07-21 19:37:01,063 [area.py] => Learning on 80-90
2026-07-21 19:46:08,759 [trainer.py] => CNN: {'total': 95.0, '00-09': 91.7, '10-19': 96.54, '20-29': 94.18, '30-39': 93.57, '40-49': 94.16, '50-59': 95.44, '60-69': 96.72, '70-79': 96.54, '80-89': 95.95, 'old': 94.87, 'new': 95.95, 'harmonic': 95.41}
2026-07-21 19:46:08,760 [trainer.py] => CNN top1 curve: [98.32, 97.23, 96.17, 95.49, 95.0]
2026-07-21 19:46:08,760 [trainer.py] => CNN top5 curve: [99.92, 99.81, 99.67, 99.66, 99.54]
2026-07-21 19:46:08,760 [trainer.py] => Average Accuracy (CNN top1): 96.44200000000001
2026-07-21 19:46:08,761 [area.py] => Learning on 90-100
2026-07-21 19:55:59,960 [trainer.py] => CNN: {'total': 94.09, '00-09': 91.7, '10-19': 96.92, '20-29': 93.09, '30-39': 93.17, '40-49': 94.53, '50-59': 94.61, '60-69': 94.53, '70-79': 95.77, '80-89': 95.95, '90-99': 90.27, 'old': 94.5, 'new': 90.27, 'harmonic': 92.34}
2026-07-21 19:55:59,960 [trainer.py] => CNN top1 curve: [98.32, 97.23, 96.17, 95.49, 95.0, 94.09]
2026-07-21 19:55:59,960 [trainer.py] => CNN top5 curve: [99.92, 99.81, 99.67, 99.66, 99.54, 99.51]
2026-07-21 19:55:59,960 [trainer.py] => Average Accuracy (CNN top1): 96.05000000000001
