2026-07-20 21:04:58,831 [trainer.py] => config: /dev/stdin
2026-07-20 21:04:58,831 [trainer.py] => dataset: ucf101
2026-07-20 21:04:58,831 [trainer.py] => shuffle: True
2026-07-20 21:04:58,831 [trainer.py] => init_cls: 10
2026-07-20 21:04:58,831 [trainer.py] => increment: 10
2026-07-20 21:04:58,831 [trainer.py] => model_name: area
2026-07-20 21:04:58,831 [trainer.py] => backbone_type: clip
2026-07-20 21:04:58,831 [trainer.py] => clip_pretrained: laion400m_e32
2026-07-20 21:04:58,831 [trainer.py] => device: [device(type='cuda', index=2)]
2026-07-20 21:04:58,831 [trainer.py] => seed: 2026
2026-07-20 21:04:58,831 [trainer.py] => epochs: 20
2026-07-20 21:04:58,831 [trainer.py] => milestones: [8, 15]
2026-07-20 21:04:58,831 [trainer.py] => init_lr: 0.01
2026-07-20 21:04:58,831 [trainer.py] => batch_size: 64
2026-07-20 21:04:58,831 [trainer.py] => weight_decay: 0.05
2026-07-20 21:04:58,831 [trainer.py] => optimizer: sgd
2026-07-20 21:04:58,831 [trainer.py] => samples_per_class: 4
2026-07-20 21:04:58,831 [trainer.py] => K: 8
2026-07-20 21:04:58,831 [trainer.py] => vib_lambda: 1
2026-07-20 21:04:58,831 [trainer.py] => precomputed_basis_path: ./precomputed_basis/area/ucf
2026-07-20 21:04:58,831 [trainer.py] => g_lambda: 0.3
2026-07-20 21:04:58,831 [trainer.py] => num_workers: 8
2026-07-20 21:04:58,931 [data_manager.py] => [98, 10, 4, 18, 88, 13, 8, 84, 79, 21, 85, 96, 53, 42, 52, 97, 74, 5, 58, 23, 90, 59, 16, 72, 75, 30, 43, 99, 44, 41, 0, 46, 61, 80, 65, 39, 70, 87, 89, 91, 82, 14, 12, 71, 50, 11, 15, 57, 22, 67, 45, 32, 78, 63, 66, 55, 31, 62, 35, 34, 19, 49, 24, 9, 37, 36, 3, 64, 40, 86, 81, 93, 47, 73, 17, 60, 68, 25, 38, 48, 33, 20, 83, 7, 27, 94, 54, 2, 92, 76, 69, 51, 28, 29, 95, 77, 56, 26, 6, 1]
2026-07-20 21:05:00,076 [instantiator.py] => Created a temporary directory at /tmp/tmpjfc06_ra
2026-07-20 21:05:00,076 [instantiator.py] => Writing /tmp/tmpjfc06_ra/_remote_module_non_scriptable.py
2026-07-20 21:05:00,208 [factory.py] => Loaded ViT-B-16 model config.
2026-07-20 21:05:02,262 [factory.py] => Loading pretrained ViT-B-16 weights (laion400m_e32).
2026-07-20 21:05:02,944 [area.py] => Learning on 0-10
2026-07-20 21:05:03,238 [area.py] => Computing AREA textual base matrices
2026-07-20 21:05:04,430 [area.py] => Computing AREA visual base matrices
2026-07-20 21:12:45,700 [trainer.py] => CNN: {'total': 99.6, '00-09': 99.6, 'old': 0, 'new': 99.6, 'harmonic': 0.0}
2026-07-20 21:12:45,701 [trainer.py] => CNN top1 curve: [99.6]
2026-07-20 21:12:45,701 [trainer.py] => CNN top5 curve: [100.0]
2026-07-20 21:12:45,701 [trainer.py] => Average Accuracy (CNN top1): 99.6
2026-07-20 21:12:45,703 [area.py] => Learning on 10-20
2026-07-20 21:20:05,575 [trainer.py] => CNN: {'total': 98.26, '00-09': 98.8, '10-19': 97.76, 'old': 98.8, 'new': 97.76, 'harmonic': 98.28}
2026-07-20 21:20:05,575 [trainer.py] => CNN top1 curve: [99.6, 98.26]
2026-07-20 21:20:05,575 [trainer.py] => CNN top5 curve: [100.0, 100.0]
2026-07-20 21:20:05,575 [trainer.py] => Average Accuracy (CNN top1): 98.93
2026-07-20 21:20:05,577 [area.py] => Learning on 20-30
2026-07-20 21:28:01,633 [trainer.py] => CNN: {'total': 98.31, '00-09': 98.0, '10-19': 97.39, '20-29': 99.6, 'old': 97.68, 'new': 99.6, 'harmonic': 98.63}
2026-07-20 21:28:01,634 [trainer.py] => CNN top1 curve: [99.6, 98.26, 98.31]
2026-07-20 21:28:01,634 [trainer.py] => CNN top5 curve: [100.0, 100.0, 99.74]
2026-07-20 21:28:01,634 [trainer.py] => Average Accuracy (CNN top1): 98.72333333333334
2026-07-20 21:28:01,635 [area.py] => Learning on 30-40
2026-07-24 07:16:32,894 [trainer.py] => config: /dev/stdin
2026-07-24 07:16:32,894 [trainer.py] => dataset: ucf101
2026-07-24 07:16:32,894 [trainer.py] => shuffle: True
2026-07-24 07:16:32,894 [trainer.py] => init_cls: 10
2026-07-24 07:16:32,894 [trainer.py] => increment: 10
2026-07-24 07:16:32,894 [trainer.py] => model_name: area
2026-07-24 07:16:32,894 [trainer.py] => backbone_type: clip
2026-07-24 07:16:32,894 [trainer.py] => clip_pretrained: laion400m_e32
2026-07-24 07:16:32,894 [trainer.py] => device: [device(type='cuda', index=6)]
2026-07-24 07:16:32,894 [trainer.py] => seed: 2026
2026-07-24 07:16:32,894 [trainer.py] => epochs: 20
2026-07-24 07:16:32,894 [trainer.py] => milestones: [8, 15]
2026-07-24 07:16:32,895 [trainer.py] => init_lr: 0.01
2026-07-24 07:16:32,895 [trainer.py] => batch_size: 64
2026-07-24 07:16:32,895 [trainer.py] => weight_decay: 0.05
2026-07-24 07:16:32,895 [trainer.py] => optimizer: sgd
2026-07-24 07:16:32,895 [trainer.py] => samples_per_class: 4
2026-07-24 07:16:32,895 [trainer.py] => K: 8
2026-07-24 07:16:32,895 [trainer.py] => vib_lambda: 1
2026-07-24 07:16:32,895 [trainer.py] => precomputed_basis_path: ./precomputed_basis/area/ucf
2026-07-24 07:16:32,895 [trainer.py] => g_lambda: 0.3
2026-07-24 07:16:32,895 [trainer.py] => num_workers: 8
2026-07-24 07:16:33,005 [data_manager.py] => [98, 10, 4, 18, 88, 13, 8, 84, 79, 21, 85, 96, 53, 42, 52, 97, 74, 5, 58, 23, 90, 59, 16, 72, 75, 30, 43, 99, 44, 41, 0, 46, 61, 80, 65, 39, 70, 87, 89, 91, 82, 14, 12, 71, 50, 11, 15, 57, 22, 67, 45, 32, 78, 63, 66, 55, 31, 62, 35, 34, 19, 49, 24, 9, 37, 36, 3, 64, 40, 86, 81, 93, 47, 73, 17, 60, 68, 25, 38, 48, 33, 20, 83, 7, 27, 94, 54, 2, 92, 76, 69, 51, 28, 29, 95, 77, 56, 26, 6, 1]
2026-07-24 07:16:34,304 [instantiator.py] => Created a temporary directory at /tmp/tmpm706mayg
2026-07-24 07:16:34,304 [instantiator.py] => Writing /tmp/tmpm706mayg/_remote_module_non_scriptable.py
2026-07-24 07:16:34,439 [factory.py] => Loaded ViT-B-16 model config.
2026-07-24 07:16:41,585 [factory.py] => Loading pretrained ViT-B-16 weights (laion400m_e32).
2026-07-24 07:16:42,279 [area.py] => Learning on 0-10
2026-07-24 07:16:42,632 [area.py] => Loading AREA basis cache from precomputed_basis/area/ucf/seed_2026/textual_base_matrices.pth
2026-07-24 07:16:42,675 [area.py] => Loading AREA basis cache from precomputed_basis/area/ucf/seed_2026/visual_base_matrices.pth
2026-07-24 07:23:01,908 [trainer.py] => CNN: {'total': 99.6, '00-09': 99.6, 'old': 0, 'new': 99.6, 'harmonic': 0.0}
2026-07-24 07:23:01,908 [trainer.py] => CNN top1 curve: [99.6]
2026-07-24 07:23:01,909 [trainer.py] => CNN top5 curve: [100.0]
2026-07-24 07:23:01,909 [trainer.py] => Average Accuracy (CNN top1): 99.6
2026-07-24 07:23:01,911 [area.py] => Learning on 10-20
2026-07-24 07:30:01,690 [trainer.py] => CNN: {'total': 98.07, '00-09': 98.8, '10-19': 97.39, 'old': 98.8, 'new': 97.39, 'harmonic': 98.09}
2026-07-24 07:30:01,690 [trainer.py] => CNN top1 curve: [99.6, 98.07]
2026-07-24 07:30:01,691 [trainer.py] => CNN top5 curve: [100.0, 100.0]
2026-07-24 07:30:01,691 [trainer.py] => Average Accuracy (CNN top1): 98.835
2026-07-24 07:30:01,692 [area.py] => Learning on 20-30
2026-07-24 07:37:42,173 [trainer.py] => CNN: {'total': 98.18, '00-09': 96.8, '10-19': 98.13, '20-29': 99.6, 'old': 97.49, 'new': 99.6, 'harmonic': 98.53}
2026-07-24 07:37:42,174 [trainer.py] => CNN top1 curve: [99.6, 98.07, 98.18]
2026-07-24 07:37:42,174 [trainer.py] => CNN top5 curve: [100.0, 100.0, 99.74]
2026-07-24 07:37:42,174 [trainer.py] => Average Accuracy (CNN top1): 98.61666666666667
2026-07-24 07:37:42,175 [area.py] => Learning on 30-40
2026-07-24 07:45:32,317 [trainer.py] => CNN: {'total': 96.7, '00-09': 96.8, '10-19': 96.64, '20-29': 98.02, '30-39': 95.55, 'old': 97.14, 'new': 95.55, 'harmonic': 96.34}
2026-07-24 07:45:32,318 [trainer.py] => CNN top1 curve: [99.6, 98.07, 98.18, 96.7]
2026-07-24 07:45:32,318 [trainer.py] => CNN top5 curve: [100.0, 100.0, 99.74, 99.62]
2026-07-24 07:45:32,318 [trainer.py] => Average Accuracy (CNN top1): 98.1375
2026-07-24 07:45:32,319 [area.py] => Learning on 40-50
2026-07-24 07:53:12,530 [trainer.py] => CNN: {'total': 94.22, '00-09': 95.6, '10-19': 92.91, '20-29': 96.83, '30-39': 91.44, '40-49': 94.88, 'old': 94.07, 'new': 94.88, 'harmonic': 94.47}
2026-07-24 07:53:12,531 [trainer.py] => CNN top1 curve: [99.6, 98.07, 98.18, 96.7, 94.22]
2026-07-24 07:53:12,531 [trainer.py] => CNN top5 curve: [100.0, 100.0, 99.74, 99.62, 99.39]
2026-07-24 07:53:12,531 [trainer.py] => Average Accuracy (CNN top1): 97.354
2026-07-24 07:53:12,532 [area.py] => Learning on 50-60
2026-07-24 08:01:30,749 [trainer.py] => CNN: {'total': 94.59, '00-09': 95.6, '10-19': 93.28, '20-29': 96.43, '30-39': 93.84, '40-49': 93.7, '50-59': 94.91, 'old': 94.53, 'new': 94.91, 'harmonic': 94.72}
2026-07-24 08:01:30,750 [trainer.py] => CNN top1 curve: [99.6, 98.07, 98.18, 96.7, 94.22, 94.59]
2026-07-24 08:01:30,750 [trainer.py] => CNN top5 curve: [100.0, 100.0, 99.74, 99.62, 99.39, 99.56]
2026-07-24 08:01:30,750 [trainer.py] => Average Accuracy (CNN top1): 96.89333333333333
2026-07-24 08:01:30,751 [area.py] => Learning on 60-70
2026-07-24 08:10:00,363 [trainer.py] => CNN: {'total': 94.34, '00-09': 94.8, '10-19': 92.54, '20-29': 96.83, '30-39': 93.84, '40-49': 92.52, '50-59': 93.45, '60-69': 96.6, 'old': 93.97, 'new': 96.6, 'harmonic': 95.27}
2026-07-24 08:10:00,363 [trainer.py] => CNN top1 curve: [99.6, 98.07, 98.18, 96.7, 94.22, 94.59, 94.34]
2026-07-24 08:10:00,364 [trainer.py] => CNN top5 curve: [100.0, 100.0, 99.74, 99.62, 99.39, 99.56, 99.41]
2026-07-24 08:10:00,364 [trainer.py] => Average Accuracy (CNN top1): 96.52857142857144
2026-07-24 08:10:00,365 [area.py] => Learning on 70-80
2026-07-24 08:19:06,916 [trainer.py] => CNN: {'total': 94.16, '00-09': 93.2, '10-19': 91.79, '20-29': 96.03, '30-39': 93.49, '40-49': 92.13, '50-59': 92.73, '60-69': 97.36, '70-79': 96.5, 'old': 93.8, 'new': 96.5, 'harmonic': 95.13}
2026-07-24 08:19:06,917 [trainer.py] => CNN top1 curve: [99.6, 98.07, 98.18, 96.7, 94.22, 94.59, 94.34, 94.16]
2026-07-24 08:19:06,917 [trainer.py] => CNN top5 curve: [100.0, 100.0, 99.74, 99.62, 99.39, 99.56, 99.41, 99.49]
2026-07-24 08:19:06,917 [trainer.py] => Average Accuracy (CNN top1): 96.2325
2026-07-24 08:19:06,918 [area.py] => Learning on 80-90
2026-07-24 08:28:32,739 [trainer.py] => CNN: {'total': 93.79, '00-09': 93.6, '10-19': 91.04, '20-29': 96.03, '30-39': 93.84, '40-49': 90.94, '50-59': 92.73, '60-69': 96.6, '70-79': 95.45, '80-89': 93.82, 'old': 93.79, 'new': 93.82, 'harmonic': 93.8}
2026-07-24 08:28:32,740 [trainer.py] => CNN top1 curve: [99.6, 98.07, 98.18, 96.7, 94.22, 94.59, 94.34, 94.16, 93.79]
2026-07-24 08:28:32,740 [trainer.py] => CNN top5 curve: [100.0, 100.0, 99.74, 99.62, 99.39, 99.56, 99.41, 99.49, 99.3]
2026-07-24 08:28:32,740 [trainer.py] => Average Accuracy (CNN top1): 95.96111111111111
2026-07-24 08:28:32,742 [area.py] => Learning on 90-100
2026-07-24 08:38:51,379 [trainer.py] => CNN: {'total': 93.26, '00-09': 92.4, '10-19': 90.3, '20-29': 95.63, '30-39': 93.49, '40-49': 88.98, '50-59': 93.82, '60-69': 96.98, '70-79': 95.8, '80-89': 93.45, '90-99': 90.99, 'old': 93.46, 'new': 90.99, 'harmonic': 92.21}
2026-07-24 08:38:51,379 [trainer.py] => CNN top1 curve: [99.6, 98.07, 98.18, 96.7, 94.22, 94.59, 94.34, 94.16, 93.79, 93.26]
2026-07-24 08:38:51,379 [trainer.py] => CNN top5 curve: [100.0, 100.0, 99.74, 99.62, 99.39, 99.56, 99.41, 99.49, 99.3, 99.13]
2026-07-24 08:38:51,380 [trainer.py] => Average Accuracy (CNN top1): 95.691
