2026-07-15 00:09:37,803 [trainer.py] => config: ./configs/area/area_ucf_B0_Inc10.json
2026-07-15 00:09:37,804 [trainer.py] => dataset: ucf101
2026-07-15 00:09:37,804 [trainer.py] => shuffle: True
2026-07-15 00:09:37,804 [trainer.py] => init_cls: 10
2026-07-15 00:09:37,804 [trainer.py] => increment: 10
2026-07-15 00:09:37,804 [trainer.py] => model_name: area
2026-07-15 00:09:37,804 [trainer.py] => backbone_type: clip
2026-07-15 00:09:37,804 [trainer.py] => clip_pretrained: laion400m_e32
2026-07-15 00:09:37,804 [trainer.py] => device: [device(type='cuda', index=2)]
2026-07-15 00:09:37,804 [trainer.py] => seed: 0
2026-07-15 00:09:37,804 [trainer.py] => epochs: 20
2026-07-15 00:09:37,804 [trainer.py] => milestones: [8, 15]
2026-07-15 00:09:37,804 [trainer.py] => init_lr: 0.01
2026-07-15 00:09:37,804 [trainer.py] => batch_size: 64
2026-07-15 00:09:37,804 [trainer.py] => weight_decay: 0.05
2026-07-15 00:09:37,804 [trainer.py] => optimizer: sgd
2026-07-15 00:09:37,804 [trainer.py] => samples_per_class: 4
2026-07-15 00:09:37,804 [trainer.py] => K: 8
2026-07-15 00:09:37,804 [trainer.py] => vib_lambda: 1
2026-07-15 00:09:37,804 [trainer.py] => precomputed_basis_path: ./precomputed_basis/area/ucf
2026-07-15 00:09:37,804 [trainer.py] => g_lambda: 0.3
2026-07-15 00:09:37,804 [trainer.py] => num_workers: 8
2026-07-15 00:09:37,963 [data_manager.py] => [26, 86, 2, 55, 75, 93, 16, 73, 54, 95, 53, 92, 78, 13, 7, 30, 22, 24, 33, 8, 43, 62, 3, 71, 45, 48, 6, 99, 82, 76, 60, 80, 90, 68, 51, 27, 18, 56, 63, 74, 1, 61, 42, 41, 4, 15, 17, 40, 38, 5, 91, 59, 0, 34, 28, 50, 11, 35, 23, 52, 10, 31, 66, 57, 79, 85, 32, 84, 14, 89, 19, 29, 49, 97, 98, 69, 20, 94, 72, 77, 25, 37, 81, 46, 39, 65, 58, 12, 88, 70, 87, 36, 21, 83, 9, 96, 67, 64, 47, 44]
2026-07-15 00:09:39,366 [instantiator.py] => Created a temporary directory at /tmp/tmpjgdluks6
2026-07-15 00:09:39,366 [instantiator.py] => Writing /tmp/tmpjgdluks6/_remote_module_non_scriptable.py
2026-07-15 00:09:39,503 [factory.py] => Loaded ViT-B-16 model config.
2026-07-15 00:09:47,205 [factory.py] => Loading pretrained ViT-B-16 weights (laion400m_e32).
2026-07-15 00:09:48,023 [area.py] => Learning on 0-10
2026-07-15 00:09:48,340 [area.py] => Computing AREA textual base matrices
2026-07-15 00:09:50,110 [area.py] => Computing AREA visual base matrices
2026-07-15 00:18:13,922 [trainer.py] => CNN: {'total': 99.61, '00-09': 99.61, 'old': 0, 'new': 99.61, 'harmonic': 0.0}
2026-07-15 00:18:13,923 [trainer.py] => CNN top1 curve: [99.61]
2026-07-15 00:18:13,923 [trainer.py] => CNN top5 curve: [100.0]
2026-07-15 00:18:13,923 [trainer.py] => Average Accuracy (CNN top1): 99.61
2026-07-15 00:18:13,925 [area.py] => Learning on 10-20
2026-07-15 00:25:19,559 [trainer.py] => CNN: {'total': 97.3, '00-09': 98.84, '10-19': 95.75, 'old': 98.84, 'new': 95.75, 'harmonic': 97.27}
2026-07-15 00:25:19,559 [trainer.py] => CNN top1 curve: [99.61, 97.3]
2026-07-15 00:25:19,559 [trainer.py] => CNN top5 curve: [100.0, 100.0]
2026-07-15 00:25:19,559 [trainer.py] => Average Accuracy (CNN top1): 98.455
2026-07-15 00:25:19,561 [area.py] => Learning on 20-30
2026-07-15 00:32:59,660 [trainer.py] => CNN: {'total': 97.47, '00-09': 98.07, '10-19': 95.75, '20-29': 98.53, 'old': 96.91, 'new': 98.53, 'harmonic': 97.71}
2026-07-15 00:32:59,660 [trainer.py] => CNN top1 curve: [99.61, 97.3, 97.47]
2026-07-15 00:32:59,660 [trainer.py] => CNN top5 curve: [100.0, 100.0, 99.87]
2026-07-15 00:32:59,660 [trainer.py] => Average Accuracy (CNN top1): 98.12666666666667
2026-07-15 00:32:59,662 [area.py] => Learning on 30-40
