2026-07-31 20:06:23,460 [trainer.py] => config: configs/coda_prompt/coda_prompt_cars_B0_Inc10.json
2026-07-31 20:06:23,461 [trainer.py] => prefix: -
2026-07-31 20:06:23,461 [trainer.py] => dataset: cars
2026-07-31 20:06:23,461 [trainer.py] => memory_size: 0
2026-07-31 20:06:23,461 [trainer.py] => memory_per_class: 0
2026-07-31 20:06:23,461 [trainer.py] => fixed_memory: False
2026-07-31 20:06:23,461 [trainer.py] => shuffle: True
2026-07-31 20:06:23,461 [trainer.py] => init_cls: 10
2026-07-31 20:06:23,461 [trainer.py] => increment: 10
2026-07-31 20:06:23,461 [trainer.py] => model_name: coda
2026-07-31 20:06:23,461 [trainer.py] => class_num: 196
2026-07-31 20:06:23,461 [trainer.py] => nb_tasks: 19
2026-07-31 20:06:23,461 [trainer.py] => backbone_type: clip
2026-07-31 20:06:23,462 [trainer.py] => device: [device(type='cuda', index=1)]
2026-07-31 20:06:23,462 [trainer.py] => seed: 1993
2026-07-31 20:06:23,462 [trainer.py] => tuned_epoch: 10
2026-07-31 20:06:23,462 [trainer.py] => init_lr: 0.001
2026-07-31 20:06:23,462 [trainer.py] => batch_size: 48
2026-07-31 20:06:23,462 [trainer.py] => weight_decay: 0
2026-07-31 20:06:23,462 [trainer.py] => min_lr: 1e-05
2026-07-31 20:06:23,462 [trainer.py] => optimizer: adam
2026-07-31 20:06:23,462 [trainer.py] => scheduler: cosine
2026-07-31 20:06:23,462 [trainer.py] => reinit_optimizer: True
2026-07-31 20:06:23,462 [trainer.py] => pretrained: True
2026-07-31 20:06:23,462 [trainer.py] => drop: 0.0
2026-07-31 20:06:23,462 [trainer.py] => drop_path: 0.0
2026-07-31 20:06:23,462 [trainer.py] => prompt_param: [100, 8.0, 0.0]
2026-07-31 20:06:23,463 [trainer.py] => total_class_num: 100
2026-07-31 20:06:23,836 [data_manager.py] => [68, 56, 78, 8, 23, 84, 90, 65, 74, 76, 40, 89, 3, 92, 55, 9, 26, 80, 43, 38, 58, 70, 77, 1, 85, 19, 17, 50, 28, 53, 13, 81, 45, 82, 6, 59, 83, 16, 15, 44, 91, 41, 72, 60, 79, 52, 20, 10, 31, 54, 37, 95, 14, 71, 96, 98, 97, 2, 64, 66, 42, 22, 35, 86, 24, 34, 87, 21, 99, 0, 88, 27, 18, 94, 11, 12, 47, 25, 30, 46, 62, 69, 36, 61, 7, 63, 75, 5, 32, 4, 51, 48, 73, 93, 39, 67, 29, 49, 57, 33]
2026-07-31 20:06:35,357 [instantiator.py] => Created a temporary directory at /tmp/tmpp29n619b
2026-07-31 20:06:35,358 [instantiator.py] => Writing /tmp/tmpp29n619b/_remote_module_non_scriptable.py
2026-07-31 20:06:37,103 [factory.py] => Loaded ViT-B-16 model config.
2026-07-31 20:06:38,518 [factory.py] => Loading pretrained ViT-B-16 weights (/public/home/hanlida/Dr.1/pretrained_models/open_clip_pytorch_model_laion400m_e32.bin).
2026-07-31 20:06:41,837 [coda_prompt.py] => 89,877,188 total parameters.
2026-07-31 20:06:41,838 [coda_prompt.py] => 3,684,548 fc and prompt training parameters.
2026-07-31 20:06:42,109 [coda_prompt.py] => Learning on 0-10
2026-07-31 20:07:31,503 [coda_prompt.py] => Task 0, Epoch 10/10 => Loss 1.022, Train_accy 98.44, Test_accy nan
2026-07-31 20:07:37,429 [trainer.py] => CNN: {'total': 98.35, '00-09': 98.35, 'old': 0, 'new': 98.35, 'harmonic': 0.0}
2026-07-31 20:07:37,430 [trainer.py] => CNN top1 curve: [98.35]
2026-07-31 20:07:37,430 [trainer.py] => CNN top5 curve: [100.0]
2026-07-31 20:07:37,430 [trainer.py] => Average Accuracy (CNN top1): 98.35
2026-07-31 20:07:37,623 [coda_prompt.py] => Learning on 10-20
2026-07-31 20:08:25,150 [coda_prompt.py] => Task 1, Epoch 10/10 => Loss 1.046, Train_accy 97.14, Test_accy nan
2026-07-31 20:08:31,858 [trainer.py] => CNN: {'total': 92.35, '00-09': 92.92, '10-19': 91.75, 'old': 92.92, 'new': 91.75, 'harmonic': 92.33}
2026-07-31 20:08:31,859 [trainer.py] => CNN top1 curve: [98.35, 92.35]
2026-07-31 20:08:31,859 [trainer.py] => CNN top5 curve: [100.0, 99.88]
2026-07-31 20:08:31,859 [trainer.py] => Average Accuracy (CNN top1): 95.35
2026-07-31 20:08:32,046 [coda_prompt.py] => Learning on 20-30
2026-07-31 20:09:18,945 [coda_prompt.py] => Task 2, Epoch 10/10 => Loss 0.998, Train_accy 96.35, Test_accy nan
2026-07-31 20:09:27,727 [trainer.py] => CNN: {'total': 86.25, '00-09': 80.9, '10-19': 88.5, '20-29': 89.52, 'old': 84.59, 'new': 89.52, 'harmonic': 86.99}
2026-07-31 20:09:27,728 [trainer.py] => CNN top1 curve: [98.35, 92.35, 86.25]
2026-07-31 20:09:27,728 [trainer.py] => CNN top5 curve: [100.0, 99.88, 99.92]
2026-07-31 20:09:27,728 [trainer.py] => Average Accuracy (CNN top1): 92.31666666666666
2026-07-31 20:09:27,900 [coda_prompt.py] => Learning on 30-40
2026-07-31 20:10:12,855 [coda_prompt.py] => Task 3, Epoch 10/10 => Loss 1.103, Train_accy 88.28, Test_accy nan
2026-07-31 20:10:23,625 [trainer.py] => CNN: {'total': 80.99, '00-09': 79.72, '10-19': 85.25, '20-29': 86.67, '30-39': 71.94, 'old': 83.84, 'new': 71.94, 'harmonic': 77.44}
2026-07-31 20:10:23,625 [trainer.py] => CNN top1 curve: [98.35, 92.35, 86.25, 80.99]
2026-07-31 20:10:23,625 [trainer.py] => CNN top5 curve: [100.0, 99.88, 99.92, 99.39]
2026-07-31 20:10:23,625 [trainer.py] => Average Accuracy (CNN top1): 89.485
2026-07-31 20:10:23,811 [coda_prompt.py] => Learning on 40-50
2026-07-31 20:11:08,941 [coda_prompt.py] => Task 4, Epoch 10/10 => Loss 1.030, Train_accy 99.74, Test_accy nan
2026-07-31 20:11:22,011 [trainer.py] => CNN: {'total': 76.25, '00-09': 78.54, '10-19': 82.25, '20-29': 84.29, '30-39': 66.07, '40-49': 69.4, 'old': 77.93, 'new': 69.4, 'harmonic': 73.42}
2026-07-31 20:11:22,012 [trainer.py] => CNN top1 curve: [98.35, 92.35, 86.25, 80.99, 76.25]
2026-07-31 20:11:22,012 [trainer.py] => CNN top5 curve: [100.0, 99.88, 99.92, 99.39, 99.07]
2026-07-31 20:11:22,013 [trainer.py] => Average Accuracy (CNN top1): 86.838
2026-07-31 20:11:22,353 [coda_prompt.py] => Learning on 50-60
2026-07-31 20:12:10,061 [coda_prompt.py] => Task 5, Epoch 10/10 => Loss 0.978, Train_accy 98.70, Test_accy nan
2026-07-31 20:12:25,479 [trainer.py] => CNN: {'total': 76.5, '00-09': 75.24, '10-19': 81.5, '20-29': 83.81, '30-39': 64.8, '40-49': 68.91, '50-59': 84.02, 'old': 74.98, 'new': 84.02, 'harmonic': 79.24}
2026-07-31 20:12:25,479 [trainer.py] => CNN top1 curve: [98.35, 92.35, 86.25, 80.99, 76.25, 76.5]
2026-07-31 20:12:25,479 [trainer.py] => CNN top5 curve: [100.0, 99.88, 99.92, 99.39, 99.07, 98.78]
2026-07-31 20:12:25,479 [trainer.py] => Average Accuracy (CNN top1): 85.115
2026-07-31 20:12:25,784 [coda_prompt.py] => Learning on 60-70
2026-07-31 20:13:11,523 [coda_prompt.py] => Task 6, Epoch 10/10 => Loss 1.076, Train_accy 90.36, Test_accy nan
2026-07-31 20:13:28,663 [trainer.py] => CNN: {'total': 75.28, '00-09': 74.53, '10-19': 81.75, '20-29': 82.14, '30-39': 64.29, '40-49': 68.66, '50-59': 82.08, '60-69': 72.86, 'old': 75.68, 'new': 72.86, 'harmonic': 74.24}
2026-07-31 20:13:28,664 [trainer.py] => CNN top1 curve: [98.35, 92.35, 86.25, 80.99, 76.25, 76.5, 75.28]
2026-07-31 20:13:28,664 [trainer.py] => CNN top5 curve: [100.0, 99.88, 99.92, 99.39, 99.07, 98.78, 98.15]
2026-07-31 20:13:28,664 [trainer.py] => Average Accuracy (CNN top1): 83.71000000000001
2026-07-31 20:13:29,086 [coda_prompt.py] => Learning on 70-80
2026-07-31 20:14:14,565 [coda_prompt.py] => Task 7, Epoch 10/10 => Loss 1.030, Train_accy 94.53, Test_accy nan
2026-07-31 20:14:33,696 [trainer.py] => CNN: {'total': 70.17, '00-09': 69.58, '10-19': 77.5, '20-29': 79.05, '30-39': 60.2, '40-49': 64.93, '50-59': 73.85, '60-69': 63.81, '70-79': 71.93, 'old': 69.93, 'new': 71.93, 'harmonic': 70.92}
2026-07-31 20:14:33,697 [trainer.py] => CNN top1 curve: [98.35, 92.35, 86.25, 80.99, 76.25, 76.5, 75.28, 70.17]
2026-07-31 20:14:33,697 [trainer.py] => CNN top5 curve: [100.0, 99.88, 99.92, 99.39, 99.07, 98.78, 98.15, 97.39]
2026-07-31 20:14:33,697 [trainer.py] => Average Accuracy (CNN top1): 82.0175
2026-07-31 20:14:34,073 [coda_prompt.py] => Learning on 80-90
2026-07-31 20:15:21,352 [coda_prompt.py] => Task 8, Epoch 10/10 => Loss 1.071, Train_accy 96.09, Test_accy nan
2026-07-31 20:15:43,185 [trainer.py] => CNN: {'total': 64.79, '00-09': 64.39, '10-19': 60.0, '20-29': 74.05, '30-39': 58.42, '40-49': 61.19, '50-59': 71.43, '60-69': 53.3, '70-79': 70.18, '80-89': 69.45, 'old': 64.19, 'new': 69.45, 'harmonic': 66.72}
2026-07-31 20:15:43,185 [trainer.py] => CNN top1 curve: [98.35, 92.35, 86.25, 80.99, 76.25, 76.5, 75.28, 70.17, 64.79]
2026-07-31 20:15:43,185 [trainer.py] => CNN top5 curve: [100.0, 99.88, 99.92, 99.39, 99.07, 98.78, 98.15, 97.39, 96.38]
2026-07-31 20:15:43,185 [trainer.py] => Average Accuracy (CNN top1): 80.10333333333332
2026-07-31 20:15:43,719 [coda_prompt.py] => Learning on 90-100
2026-07-31 20:16:29,004 [coda_prompt.py] => Task 9, Epoch 10/10 => Loss 1.114, Train_accy 92.19, Test_accy nan
2026-07-31 20:17:58,657 [trainer.py] => CNN: {'total': 63.58, '00-09': 63.44, '10-19': 59.0, '20-29': 72.14, '30-39': 58.16, '40-49': 61.44, '50-59': 71.19, '60-69': 53.3, '70-79': 69.42, '80-89': 69.45, '90-99': 57.53, 'old': 64.25, 'new': 57.53, 'harmonic': 60.7}
2026-07-31 20:17:58,688 [trainer.py] => CNN top1 curve: [98.35, 92.35, 86.25, 80.99, 76.25, 76.5, 75.28, 70.17, 64.79, 63.58]
2026-07-31 20:17:58,688 [trainer.py] => CNN top5 curve: [100.0, 99.88, 99.92, 99.39, 99.07, 98.78, 98.15, 97.39, 96.38, 96.06]
2026-07-31 20:17:58,689 [trainer.py] => Average Accuracy (CNN top1): 78.451
2026-07-31 20:47:39,301 [trainer.py] => config: configs/coda_prompt/coda_prompt_cars_B0_Inc10.json
2026-07-31 20:47:39,322 [trainer.py] => prefix: -
2026-07-31 20:47:39,322 [trainer.py] => dataset: cars
2026-07-31 20:47:39,322 [trainer.py] => memory_size: 0
2026-07-31 20:47:39,322 [trainer.py] => memory_per_class: 0
2026-07-31 20:47:39,322 [trainer.py] => fixed_memory: False
2026-07-31 20:47:39,322 [trainer.py] => shuffle: True
2026-07-31 20:47:39,322 [trainer.py] => init_cls: 10
2026-07-31 20:47:39,322 [trainer.py] => increment: 10
2026-07-31 20:47:39,322 [trainer.py] => model_name: coda
2026-07-31 20:47:39,322 [trainer.py] => class_num: 100
2026-07-31 20:47:39,322 [trainer.py] => nb_tasks: 10
2026-07-31 20:47:39,322 [trainer.py] => backbone_type: clip
2026-07-31 20:47:39,323 [trainer.py] => device: [device(type='cuda', index=2)]
2026-07-31 20:47:39,323 [trainer.py] => seed: 1993
2026-07-31 20:47:39,323 [trainer.py] => tuned_epoch: 10
2026-07-31 20:47:39,323 [trainer.py] => init_lr: 0.001
2026-07-31 20:47:39,323 [trainer.py] => batch_size: 48
2026-07-31 20:47:39,323 [trainer.py] => weight_decay: 0
2026-07-31 20:47:39,323 [trainer.py] => min_lr: 1e-05
2026-07-31 20:47:39,323 [trainer.py] => optimizer: adam
2026-07-31 20:47:39,323 [trainer.py] => scheduler: cosine
2026-07-31 20:47:39,323 [trainer.py] => reinit_optimizer: True
2026-07-31 20:47:39,323 [trainer.py] => pretrained: True
2026-07-31 20:47:39,323 [trainer.py] => drop: 0.0
2026-07-31 20:47:39,323 [trainer.py] => drop_path: 0.0
2026-07-31 20:47:39,323 [trainer.py] => prompt_param: [100, 8.0, 0.0]
2026-07-31 20:47:39,323 [trainer.py] => total_class_num: 100
2026-07-31 20:47:39,574 [data_manager.py] => [68, 56, 78, 8, 23, 84, 90, 65, 74, 76, 40, 89, 3, 92, 55, 9, 26, 80, 43, 38, 58, 70, 77, 1, 85, 19, 17, 50, 28, 53, 13, 81, 45, 82, 6, 59, 83, 16, 15, 44, 91, 41, 72, 60, 79, 52, 20, 10, 31, 54, 37, 95, 14, 71, 96, 98, 97, 2, 64, 66, 42, 22, 35, 86, 24, 34, 87, 21, 99, 0, 88, 27, 18, 94, 11, 12, 47, 25, 30, 46, 62, 69, 36, 61, 7, 63, 75, 5, 32, 4, 51, 48, 73, 93, 39, 67, 29, 49, 57, 33]
2026-07-31 20:47:52,863 [instantiator.py] => Created a temporary directory at /tmp/tmp7dcr3wu1
2026-07-31 20:47:52,866 [instantiator.py] => Writing /tmp/tmp7dcr3wu1/_remote_module_non_scriptable.py
2026-07-31 20:47:54,732 [factory.py] => Loaded ViT-B-16 model config.
2026-07-31 20:47:55,988 [factory.py] => Loading pretrained ViT-B-16 weights (/public/home/hanlida/Dr.1/pretrained_models/open_clip_pytorch_model_laion400m_e32.bin).
2026-07-31 20:47:58,770 [coda_prompt.py] => 89,827,940 total parameters.
2026-07-31 20:47:58,771 [coda_prompt.py] => 3,635,300 fc and prompt training parameters.
2026-07-31 20:47:59,098 [coda_prompt.py] => Learning on 0-10
2026-07-31 20:48:47,090 [coda_prompt.py] => Task 0, Epoch 10/10 => Loss 1.011, Train_accy 97.66, Test_accy nan
2026-07-31 20:48:50,654 [trainer.py] => CNN: {'total': 98.58, '00-09': 98.58, 'old': 0, 'new': 98.58, 'harmonic': 0.0}
2026-07-31 20:48:50,654 [trainer.py] => CNN top1 curve: [98.58]
2026-07-31 20:48:50,654 [trainer.py] => CNN top5 curve: [100.0]
2026-07-31 20:48:50,654 [trainer.py] => Average Accuracy (CNN top1): 98.58
2026-07-31 20:48:50,961 [coda_prompt.py] => Learning on 10-20
2026-07-31 20:49:39,241 [coda_prompt.py] => Task 1, Epoch 10/10 => Loss 1.049, Train_accy 96.35, Test_accy nan
2026-07-31 20:49:44,802 [trainer.py] => CNN: {'total': 91.26, '00-09': 94.1, '10-19': 88.25, 'old': 94.1, 'new': 88.25, 'harmonic': 91.08}
2026-07-31 20:49:44,803 [trainer.py] => CNN top1 curve: [98.58, 91.26]
2026-07-31 20:49:44,803 [trainer.py] => CNN top5 curve: [100.0, 99.88]
2026-07-31 20:49:44,803 [trainer.py] => Average Accuracy (CNN top1): 94.92
2026-07-31 20:49:46,133 [coda_prompt.py] => Learning on 20-30
2026-07-31 20:50:31,816 [coda_prompt.py] => Task 2, Epoch 10/10 => Loss 0.999, Train_accy 96.35, Test_accy nan
2026-07-31 20:50:39,419 [trainer.py] => CNN: {'total': 84.97, '00-09': 83.02, '10-19': 84.25, '20-29': 87.62, 'old': 83.62, 'new': 87.62, 'harmonic': 85.57}
2026-07-31 20:50:39,419 [trainer.py] => CNN top1 curve: [98.58, 91.26, 84.97]
2026-07-31 20:50:39,419 [trainer.py] => CNN top5 curve: [100.0, 99.88, 99.92]
2026-07-31 20:50:39,419 [trainer.py] => Average Accuracy (CNN top1): 91.60333333333334
2026-07-31 20:50:39,997 [coda_prompt.py] => Learning on 30-40
2026-07-31 20:51:25,525 [coda_prompt.py] => Task 3, Epoch 10/10 => Loss 1.089, Train_accy 89.06, Test_accy nan
2026-07-31 20:51:35,363 [trainer.py] => CNN: {'total': 80.07, '00-09': 82.78, '10-19': 80.5, '20-29': 84.76, '30-39': 71.68, 'old': 82.72, 'new': 71.68, 'harmonic': 76.81}
2026-07-31 20:51:35,363 [trainer.py] => CNN top1 curve: [98.58, 91.26, 84.97, 80.07]
2026-07-31 20:51:35,364 [trainer.py] => CNN top5 curve: [100.0, 99.88, 99.92, 99.51]
2026-07-31 20:51:35,364 [trainer.py] => Average Accuracy (CNN top1): 88.72
2026-07-31 20:51:36,489 [coda_prompt.py] => Learning on 40-50
2026-07-31 20:52:21,386 [coda_prompt.py] => Task 4, Epoch 10/10 => Loss 1.027, Train_accy 99.48, Test_accy nan
2026-07-31 20:52:33,148 [trainer.py] => CNN: {'total': 75.56, '00-09': 82.08, '10-19': 78.75, '20-29': 82.86, '30-39': 68.11, '40-49': 65.17, 'old': 78.12, 'new': 65.17, 'harmonic': 71.06}
2026-07-31 20:52:33,149 [trainer.py] => CNN top1 curve: [98.58, 91.26, 84.97, 80.07, 75.56]
2026-07-31 20:52:33,149 [trainer.py] => CNN top5 curve: [100.0, 99.88, 99.92, 99.51, 99.07]
2026-07-31 20:52:33,149 [trainer.py] => Average Accuracy (CNN top1): 86.088
2026-07-31 20:52:34,137 [coda_prompt.py] => Learning on 50-60
2026-07-31 20:53:21,444 [coda_prompt.py] => Task 5, Epoch 10/10 => Loss 0.960, Train_accy 99.48, Test_accy nan
2026-07-31 20:53:35,217 [trainer.py] => CNN: {'total': 76.54, '00-09': 80.66, '10-19': 78.5, '20-29': 82.62, '30-39': 65.82, '40-49': 64.93, '50-59': 85.71, 'old': 74.68, 'new': 85.71, 'harmonic': 79.82}
2026-07-31 20:53:35,218 [trainer.py] => CNN top1 curve: [98.58, 91.26, 84.97, 80.07, 75.56, 76.54]
2026-07-31 20:53:35,218 [trainer.py] => CNN top5 curve: [100.0, 99.88, 99.92, 99.51, 99.07, 98.9]
2026-07-31 20:53:35,219 [trainer.py] => Average Accuracy (CNN top1): 84.49666666666667
2026-07-31 20:53:36,694 [coda_prompt.py] => Learning on 60-70
2026-07-31 20:54:23,082 [coda_prompt.py] => Task 6, Epoch 10/10 => Loss 1.071, Train_accy 88.80, Test_accy nan
2026-07-31 20:54:39,093 [trainer.py] => CNN: {'total': 74.65, '00-09': 80.42, '10-19': 78.5, '20-29': 81.43, '30-39': 65.82, '40-49': 65.67, '50-59': 85.23, '60-69': 64.55, 'old': 76.34, 'new': 64.55, 'harmonic': 69.95}
2026-07-31 20:54:39,093 [trainer.py] => CNN top1 curve: [98.58, 91.26, 84.97, 80.07, 75.56, 76.54, 74.65]
2026-07-31 20:54:39,093 [trainer.py] => CNN top5 curve: [100.0, 99.88, 99.92, 99.51, 99.07, 98.9, 98.18]
2026-07-31 20:54:39,093 [trainer.py] => Average Accuracy (CNN top1): 83.09
2026-07-31 20:54:40,481 [coda_prompt.py] => Learning on 70-80
2026-07-31 20:55:23,626 [coda_prompt.py] => Task 7, Epoch 10/10 => Loss 1.015, Train_accy 94.79, Test_accy nan
2026-07-31 20:55:41,716 [trainer.py] => CNN: {'total': 70.6, '00-09': 77.59, '10-19': 75.25, '20-29': 80.0, '30-39': 61.99, '40-49': 61.44, '50-59': 76.51, '60-69': 57.7, '70-79': 73.43, 'old': 70.21, 'new': 73.43, 'harmonic': 71.78}
2026-07-31 20:55:41,717 [trainer.py] => CNN top1 curve: [98.58, 91.26, 84.97, 80.07, 75.56, 76.54, 74.65, 70.6]
2026-07-31 20:55:41,717 [trainer.py] => CNN top5 curve: [100.0, 99.88, 99.92, 99.51, 99.07, 98.9, 98.18, 97.61]
2026-07-31 20:55:41,718 [trainer.py] => Average Accuracy (CNN top1): 81.52875
2026-07-31 20:55:43,250 [coda_prompt.py] => Learning on 80-90
2026-07-31 20:56:28,249 [coda_prompt.py] => Task 8, Epoch 10/10 => Loss 1.022, Train_accy 97.92, Test_accy nan
2026-07-31 20:56:49,466 [trainer.py] => CNN: {'total': 65.25, '00-09': 71.23, '10-19': 55.5, '20-29': 73.81, '30-39': 60.97, '40-49': 58.46, '50-59': 74.09, '60-69': 47.92, '70-79': 70.93, '80-89': 73.27, 'old': 64.22, 'new': 73.27, 'harmonic': 68.45}
2026-07-31 20:56:49,466 [trainer.py] => CNN top1 curve: [98.58, 91.26, 84.97, 80.07, 75.56, 76.54, 74.65, 70.6, 65.25]
2026-07-31 20:56:49,466 [trainer.py] => CNN top5 curve: [100.0, 99.88, 99.92, 99.51, 99.07, 98.9, 98.18, 97.61, 96.87]
2026-07-31 20:56:49,466 [trainer.py] => Average Accuracy (CNN top1): 79.72
2026-07-31 20:56:51,181 [coda_prompt.py] => Learning on 90-100
2026-07-31 20:57:34,725 [coda_prompt.py] => Task 9, Epoch 10/10 => Loss 1.057, Train_accy 92.97, Test_accy nan
2026-07-31 20:59:04,296 [trainer.py] => CNN: {'total': 63.92, '00-09': 69.34, '10-19': 53.0, '20-29': 72.14, '30-39': 60.46, '40-49': 59.45, '50-59': 71.67, '60-69': 47.43, '70-79': 70.68, '80-89': 74.22, '90-99': 59.75, 'old': 64.38, 'new': 59.75, 'harmonic': 61.98}
2026-07-31 20:59:04,296 [trainer.py] => CNN top1 curve: [98.58, 91.26, 84.97, 80.07, 75.56, 76.54, 74.65, 70.6, 65.25, 63.92]
2026-07-31 20:59:04,296 [trainer.py] => CNN top5 curve: [100.0, 99.88, 99.92, 99.51, 99.07, 98.9, 98.18, 97.61, 96.87, 96.55]
2026-07-31 20:59:04,296 [trainer.py] => Average Accuracy (CNN top1): 78.14
2026-08-01 01:05:27,671 [trainer.py] => config: configs/coda_prompt/coda_prompt_cars_B0_Inc10.json
2026-08-01 01:05:27,689 [trainer.py] => prefix: -
2026-08-01 01:05:27,689 [trainer.py] => dataset: cars
2026-08-01 01:05:27,689 [trainer.py] => memory_size: 0
2026-08-01 01:05:27,689 [trainer.py] => memory_per_class: 0
2026-08-01 01:05:27,689 [trainer.py] => fixed_memory: False
2026-08-01 01:05:27,689 [trainer.py] => shuffle: True
2026-08-01 01:05:27,689 [trainer.py] => init_cls: 10
2026-08-01 01:05:27,689 [trainer.py] => increment: 10
2026-08-01 01:05:27,689 [trainer.py] => model_name: coda
2026-08-01 01:05:27,689 [trainer.py] => class_num: 100
2026-08-01 01:05:27,689 [trainer.py] => nb_tasks: 10
2026-08-01 01:05:27,689 [trainer.py] => backbone_type: clip
2026-08-01 01:05:27,690 [trainer.py] => device: [device(type='cuda', index=1)]
2026-08-01 01:05:27,690 [trainer.py] => seed: 1993
2026-08-01 01:05:27,690 [trainer.py] => tuned_epoch: 10
2026-08-01 01:05:27,690 [trainer.py] => init_lr: 0.001
2026-08-01 01:05:27,690 [trainer.py] => batch_size: 48
2026-08-01 01:05:27,690 [trainer.py] => weight_decay: 0
2026-08-01 01:05:27,690 [trainer.py] => min_lr: 1e-05
2026-08-01 01:05:27,690 [trainer.py] => optimizer: adam
2026-08-01 01:05:27,690 [trainer.py] => scheduler: cosine
2026-08-01 01:05:27,690 [trainer.py] => reinit_optimizer: True
2026-08-01 01:05:27,690 [trainer.py] => pretrained: True
2026-08-01 01:05:27,690 [trainer.py] => drop: 0.0
2026-08-01 01:05:27,690 [trainer.py] => drop_path: 0.0
2026-08-01 01:05:27,690 [trainer.py] => prompt_param: [100, 8.0, 0.0]
2026-08-01 01:05:27,690 [trainer.py] => total_class_num: 100
2026-08-01 01:05:27,918 [data_manager.py] => [68, 56, 78, 8, 23, 84, 90, 65, 74, 76, 40, 89, 3, 92, 55, 9, 26, 80, 43, 38, 58, 70, 77, 1, 85, 19, 17, 50, 28, 53, 13, 81, 45, 82, 6, 59, 83, 16, 15, 44, 91, 41, 72, 60, 79, 52, 20, 10, 31, 54, 37, 95, 14, 71, 96, 98, 97, 2, 64, 66, 42, 22, 35, 86, 24, 34, 87, 21, 99, 0, 88, 27, 18, 94, 11, 12, 47, 25, 30, 46, 62, 69, 36, 61, 7, 63, 75, 5, 32, 4, 51, 48, 73, 93, 39, 67, 29, 49, 57, 33]
2026-08-01 01:05:37,559 [instantiator.py] => Created a temporary directory at /tmp/tmp0p_eazu6
2026-08-01 01:05:37,560 [instantiator.py] => Writing /tmp/tmp0p_eazu6/_remote_module_non_scriptable.py
2026-08-01 01:05:39,195 [factory.py] => Loaded ViT-B-16 model config.
2026-08-01 01:05:40,459 [factory.py] => Loading pretrained ViT-B-16 weights (/public/home/hanlida/Dr.1/pretrained_models/open_clip_pytorch_model_laion400m_e32.bin).
2026-08-01 01:05:44,046 [coda_prompt.py] => 89,827,940 total parameters.
2026-08-01 01:05:44,046 [coda_prompt.py] => 3,635,300 fc and prompt training parameters.
2026-08-01 01:05:44,632 [coda_prompt.py] => Learning on 0-10
2026-08-01 01:06:32,766 [coda_prompt.py] => Task 0, Epoch 10/10 => Loss 1.011, Train_accy 97.66, Test_accy nan
2026-08-01 01:06:38,196 [trainer.py] => CNN: {'total': 98.58, '00-09': 98.58, 'old': 0, 'new': 98.58, 'harmonic': 0.0}
2026-08-01 01:06:38,196 [trainer.py] => CNN top1 curve: [98.58]
2026-08-01 01:06:38,196 [trainer.py] => CNN top5 curve: [100.0]
2026-08-01 01:06:38,196 [trainer.py] => Average Accuracy (CNN top1): 98.58
2026-08-01 01:06:38,520 [coda_prompt.py] => Learning on 10-20
2026-08-01 01:07:25,024 [coda_prompt.py] => Task 1, Epoch 10/10 => Loss 1.049, Train_accy 96.35, Test_accy nan
2026-08-01 01:07:30,520 [trainer.py] => CNN: {'total': 91.26, '00-09': 94.1, '10-19': 88.25, 'old': 94.1, 'new': 88.25, 'harmonic': 91.08}
2026-08-01 01:07:30,521 [trainer.py] => CNN top1 curve: [98.58, 91.26]
2026-08-01 01:07:30,521 [trainer.py] => CNN top5 curve: [100.0, 99.88]
2026-08-01 01:07:30,521 [trainer.py] => Average Accuracy (CNN top1): 94.92
2026-08-01 01:07:31,986 [coda_prompt.py] => Learning on 20-30
2026-08-01 01:08:16,707 [coda_prompt.py] => Task 2, Epoch 10/10 => Loss 0.999, Train_accy 96.35, Test_accy nan
2026-08-01 01:08:24,638 [trainer.py] => CNN: {'total': 84.97, '00-09': 83.02, '10-19': 84.25, '20-29': 87.62, 'old': 83.62, 'new': 87.62, 'harmonic': 85.57}
2026-08-01 01:08:24,638 [trainer.py] => CNN top1 curve: [98.58, 91.26, 84.97]
2026-08-01 01:08:24,638 [trainer.py] => CNN top5 curve: [100.0, 99.88, 99.92]
2026-08-01 01:08:24,638 [trainer.py] => Average Accuracy (CNN top1): 91.60333333333334
2026-08-01 01:08:25,260 [coda_prompt.py] => Learning on 30-40
2026-08-01 01:09:10,198 [coda_prompt.py] => Task 3, Epoch 10/10 => Loss 1.089, Train_accy 89.06, Test_accy nan
2026-08-01 01:09:19,868 [trainer.py] => CNN: {'total': 80.07, '00-09': 82.78, '10-19': 80.5, '20-29': 84.76, '30-39': 71.68, 'old': 82.72, 'new': 71.68, 'harmonic': 76.81}
2026-08-01 01:09:19,868 [trainer.py] => CNN top1 curve: [98.58, 91.26, 84.97, 80.07]
2026-08-01 01:09:19,868 [trainer.py] => CNN top5 curve: [100.0, 99.88, 99.92, 99.51]
2026-08-01 01:09:19,868 [trainer.py] => Average Accuracy (CNN top1): 88.72
2026-08-01 01:09:20,629 [coda_prompt.py] => Learning on 40-50
2026-08-01 01:10:04,965 [coda_prompt.py] => Task 4, Epoch 10/10 => Loss 1.027, Train_accy 99.48, Test_accy nan
2026-08-01 01:10:16,925 [trainer.py] => CNN: {'total': 75.56, '00-09': 82.08, '10-19': 78.75, '20-29': 82.86, '30-39': 68.11, '40-49': 65.17, 'old': 78.12, 'new': 65.17, 'harmonic': 71.06}
2026-08-01 01:10:16,926 [trainer.py] => CNN top1 curve: [98.58, 91.26, 84.97, 80.07, 75.56]
2026-08-01 01:10:16,926 [trainer.py] => CNN top5 curve: [100.0, 99.88, 99.92, 99.51, 99.07]
2026-08-01 01:10:16,926 [trainer.py] => Average Accuracy (CNN top1): 86.088
2026-08-01 01:10:18,024 [coda_prompt.py] => Learning on 50-60
2026-08-01 01:11:03,669 [coda_prompt.py] => Task 5, Epoch 10/10 => Loss 0.960, Train_accy 99.48, Test_accy nan
2026-08-01 01:11:17,490 [trainer.py] => CNN: {'total': 76.54, '00-09': 80.66, '10-19': 78.5, '20-29': 82.62, '30-39': 65.82, '40-49': 64.93, '50-59': 85.71, 'old': 74.68, 'new': 85.71, 'harmonic': 79.82}
2026-08-01 01:11:17,490 [trainer.py] => CNN top1 curve: [98.58, 91.26, 84.97, 80.07, 75.56, 76.54]
2026-08-01 01:11:17,491 [trainer.py] => CNN top5 curve: [100.0, 99.88, 99.92, 99.51, 99.07, 98.9]
2026-08-01 01:11:17,491 [trainer.py] => Average Accuracy (CNN top1): 84.49666666666667
2026-08-01 01:11:18,707 [coda_prompt.py] => Learning on 60-70
2026-08-01 01:12:03,377 [coda_prompt.py] => Task 6, Epoch 10/10 => Loss 1.071, Train_accy 88.80, Test_accy nan
2026-08-01 01:12:19,107 [trainer.py] => CNN: {'total': 74.65, '00-09': 80.42, '10-19': 78.5, '20-29': 81.43, '30-39': 65.82, '40-49': 65.67, '50-59': 85.23, '60-69': 64.55, 'old': 76.34, 'new': 64.55, 'harmonic': 69.95}
2026-08-01 01:12:19,107 [trainer.py] => CNN top1 curve: [98.58, 91.26, 84.97, 80.07, 75.56, 76.54, 74.65]
2026-08-01 01:12:19,108 [trainer.py] => CNN top5 curve: [100.0, 99.88, 99.92, 99.51, 99.07, 98.9, 98.18]
2026-08-01 01:12:19,108 [trainer.py] => Average Accuracy (CNN top1): 83.09
2026-08-01 01:12:20,478 [coda_prompt.py] => Learning on 70-80
2026-08-01 01:13:04,759 [coda_prompt.py] => Task 7, Epoch 10/10 => Loss 1.015, Train_accy 94.79, Test_accy nan
2026-08-01 01:13:22,691 [trainer.py] => CNN: {'total': 70.6, '00-09': 77.59, '10-19': 75.25, '20-29': 80.0, '30-39': 61.99, '40-49': 61.44, '50-59': 76.51, '60-69': 57.7, '70-79': 73.43, 'old': 70.21, 'new': 73.43, 'harmonic': 71.78}
2026-08-01 01:13:22,692 [trainer.py] => CNN top1 curve: [98.58, 91.26, 84.97, 80.07, 75.56, 76.54, 74.65, 70.6]
2026-08-01 01:13:22,692 [trainer.py] => CNN top5 curve: [100.0, 99.88, 99.92, 99.51, 99.07, 98.9, 98.18, 97.61]
2026-08-01 01:13:22,692 [trainer.py] => Average Accuracy (CNN top1): 81.52875
2026-08-01 01:13:24,325 [coda_prompt.py] => Learning on 80-90
2026-08-01 01:14:13,699 [coda_prompt.py] => Task 8, Epoch 10/10 => Loss 1.022, Train_accy 97.92, Test_accy nan
2026-08-01 01:14:34,950 [trainer.py] => CNN: {'total': 65.25, '00-09': 71.23, '10-19': 55.5, '20-29': 73.81, '30-39': 60.97, '40-49': 58.46, '50-59': 74.09, '60-69': 47.92, '70-79': 70.93, '80-89': 73.27, 'old': 64.22, 'new': 73.27, 'harmonic': 68.45}
2026-08-01 01:14:34,950 [trainer.py] => CNN top1 curve: [98.58, 91.26, 84.97, 80.07, 75.56, 76.54, 74.65, 70.6, 65.25]
2026-08-01 01:14:34,950 [trainer.py] => CNN top5 curve: [100.0, 99.88, 99.92, 99.51, 99.07, 98.9, 98.18, 97.61, 96.87]
2026-08-01 01:14:34,950 [trainer.py] => Average Accuracy (CNN top1): 79.72
2026-08-01 01:14:36,751 [coda_prompt.py] => Learning on 90-100
2026-08-01 01:15:21,025 [coda_prompt.py] => Task 9, Epoch 10/10 => Loss 1.057, Train_accy 92.97, Test_accy nan
2026-08-01 01:16:48,253 [trainer.py] => CNN: {'total': 63.92, '00-09': 69.34, '10-19': 53.0, '20-29': 72.14, '30-39': 60.46, '40-49': 59.45, '50-59': 71.67, '60-69': 47.43, '70-79': 70.68, '80-89': 74.22, '90-99': 59.75, 'old': 64.38, 'new': 59.75, 'harmonic': 61.98}
2026-08-01 01:16:48,253 [trainer.py] => CNN top1 curve: [98.58, 91.26, 84.97, 80.07, 75.56, 76.54, 74.65, 70.6, 65.25, 63.92]
2026-08-01 01:16:48,253 [trainer.py] => CNN top5 curve: [100.0, 99.88, 99.92, 99.51, 99.07, 98.9, 98.18, 97.61, 96.87, 96.55]
2026-08-01 01:16:48,254 [trainer.py] => Average Accuracy (CNN top1): 78.14
2026-08-01 02:40:40,413 [trainer.py] => config: configs/coda_prompt/coda_prompt_cars_B0_Inc10.json
2026-08-01 02:40:40,434 [trainer.py] => prefix: -
2026-08-01 02:40:40,434 [trainer.py] => dataset: cars
2026-08-01 02:40:40,434 [trainer.py] => memory_size: 0
2026-08-01 02:40:40,434 [trainer.py] => memory_per_class: 0
2026-08-01 02:40:40,434 [trainer.py] => fixed_memory: False
2026-08-01 02:40:40,434 [trainer.py] => shuffle: True
2026-08-01 02:40:40,434 [trainer.py] => init_cls: 10
2026-08-01 02:40:40,434 [trainer.py] => increment: 10
2026-08-01 02:40:40,434 [trainer.py] => model_name: coda
2026-08-01 02:40:40,435 [trainer.py] => class_num: 100
2026-08-01 02:40:40,435 [trainer.py] => nb_tasks: 10
2026-08-01 02:40:40,435 [trainer.py] => backbone_type: clip
2026-08-01 02:40:40,435 [trainer.py] => device: [device(type='cuda', index=1)]
2026-08-01 02:40:40,435 [trainer.py] => seed: 1993
2026-08-01 02:40:40,435 [trainer.py] => tuned_epoch: 10
2026-08-01 02:40:40,435 [trainer.py] => init_lr: 0.001
2026-08-01 02:40:40,435 [trainer.py] => batch_size: 48
2026-08-01 02:40:40,435 [trainer.py] => weight_decay: 0
2026-08-01 02:40:40,435 [trainer.py] => min_lr: 1e-05
2026-08-01 02:40:40,435 [trainer.py] => optimizer: adam
2026-08-01 02:40:40,435 [trainer.py] => scheduler: cosine
2026-08-01 02:40:40,435 [trainer.py] => reinit_optimizer: True
2026-08-01 02:40:40,435 [trainer.py] => pretrained: True
2026-08-01 02:40:40,435 [trainer.py] => drop: 0.0
2026-08-01 02:40:40,435 [trainer.py] => drop_path: 0.0
2026-08-01 02:40:40,436 [trainer.py] => prompt_param: [100, 8.0, 0.0]
2026-08-01 02:40:40,436 [trainer.py] => total_class_num: 100
2026-08-01 02:40:40,663 [data_manager.py] => [68, 56, 78, 8, 23, 84, 90, 65, 74, 76, 40, 89, 3, 92, 55, 9, 26, 80, 43, 38, 58, 70, 77, 1, 85, 19, 17, 50, 28, 53, 13, 81, 45, 82, 6, 59, 83, 16, 15, 44, 91, 41, 72, 60, 79, 52, 20, 10, 31, 54, 37, 95, 14, 71, 96, 98, 97, 2, 64, 66, 42, 22, 35, 86, 24, 34, 87, 21, 99, 0, 88, 27, 18, 94, 11, 12, 47, 25, 30, 46, 62, 69, 36, 61, 7, 63, 75, 5, 32, 4, 51, 48, 73, 93, 39, 67, 29, 49, 57, 33]
2026-08-01 02:40:51,212 [instantiator.py] => Created a temporary directory at /tmp/tmpo9em1q8v
2026-08-01 02:40:51,213 [instantiator.py] => Writing /tmp/tmpo9em1q8v/_remote_module_non_scriptable.py
2026-08-01 02:40:52,826 [factory.py] => Loaded ViT-B-16 model config.
2026-08-01 02:40:54,311 [factory.py] => Loading pretrained ViT-B-16 weights (/public/home/hanlida/Dr.1/pretrained_models/open_clip_pytorch_model_laion400m_e32.bin).
2026-08-01 02:40:58,315 [coda_prompt.py] => 89,827,940 total parameters.
2026-08-01 02:40:58,316 [coda_prompt.py] => 3,635,300 fc and prompt training parameters.
2026-08-01 02:40:59,247 [coda_prompt.py] => Learning on 0-10
2026-08-01 02:41:46,985 [coda_prompt.py] => Task 0, Epoch 10/10 => Loss 1.011, Train_accy 97.66, Test_accy nan
2026-08-01 02:41:51,149 [trainer.py] => CNN: {'total': 98.58, '00-09': 98.58, 'old': 0, 'new': 98.58, 'harmonic': 0.0}
2026-08-01 02:41:51,149 [trainer.py] => CNN top1 curve: [98.58]
2026-08-01 02:41:51,149 [trainer.py] => CNN top5 curve: [100.0]
2026-08-01 02:41:51,149 [trainer.py] => Average Accuracy (CNN top1): 98.58
2026-08-01 02:41:51,401 [coda_prompt.py] => Learning on 10-20
2026-08-01 02:42:38,580 [coda_prompt.py] => Task 1, Epoch 10/10 => Loss 1.049, Train_accy 96.35, Test_accy nan
2026-08-01 02:42:44,049 [trainer.py] => CNN: {'total': 91.26, '00-09': 94.1, '10-19': 88.25, 'old': 94.1, 'new': 88.25, 'harmonic': 91.08}
2026-08-01 02:42:44,049 [trainer.py] => CNN top1 curve: [98.58, 91.26]
2026-08-01 02:42:44,049 [trainer.py] => CNN top5 curve: [100.0, 99.88]
2026-08-01 02:42:44,049 [trainer.py] => Average Accuracy (CNN top1): 94.92
2026-08-01 02:42:44,638 [coda_prompt.py] => Learning on 20-30
2026-08-01 02:43:30,043 [coda_prompt.py] => Task 2, Epoch 10/10 => Loss 0.999, Train_accy 96.35, Test_accy nan
2026-08-01 02:43:37,612 [trainer.py] => CNN: {'total': 84.97, '00-09': 83.02, '10-19': 84.25, '20-29': 87.62, 'old': 83.62, 'new': 87.62, 'harmonic': 85.57}
2026-08-01 02:43:37,612 [trainer.py] => CNN top1 curve: [98.58, 91.26, 84.97]
2026-08-01 02:43:37,612 [trainer.py] => CNN top5 curve: [100.0, 99.88, 99.92]
2026-08-01 02:43:37,612 [trainer.py] => Average Accuracy (CNN top1): 91.60333333333334
2026-08-01 02:43:38,159 [coda_prompt.py] => Learning on 30-40
2026-08-01 02:44:24,011 [coda_prompt.py] => Task 3, Epoch 10/10 => Loss 1.089, Train_accy 89.06, Test_accy nan
2026-08-01 02:44:33,749 [trainer.py] => CNN: {'total': 80.07, '00-09': 82.78, '10-19': 80.5, '20-29': 84.76, '30-39': 71.68, 'old': 82.72, 'new': 71.68, 'harmonic': 76.81}
2026-08-01 02:44:33,749 [trainer.py] => CNN top1 curve: [98.58, 91.26, 84.97, 80.07]
2026-08-01 02:44:33,749 [trainer.py] => CNN top5 curve: [100.0, 99.88, 99.92, 99.51]
2026-08-01 02:44:33,750 [trainer.py] => Average Accuracy (CNN top1): 88.72
2026-08-01 02:44:34,495 [coda_prompt.py] => Learning on 40-50
2026-08-01 02:45:19,053 [coda_prompt.py] => Task 4, Epoch 10/10 => Loss 1.027, Train_accy 99.48, Test_accy nan
2026-08-01 02:45:30,693 [trainer.py] => CNN: {'total': 75.56, '00-09': 82.08, '10-19': 78.75, '20-29': 82.86, '30-39': 68.11, '40-49': 65.17, 'old': 78.12, 'new': 65.17, 'harmonic': 71.06}
2026-08-01 02:45:30,694 [trainer.py] => CNN top1 curve: [98.58, 91.26, 84.97, 80.07, 75.56]
2026-08-01 02:45:30,694 [trainer.py] => CNN top5 curve: [100.0, 99.88, 99.92, 99.51, 99.07]
2026-08-01 02:45:30,694 [trainer.py] => Average Accuracy (CNN top1): 86.088
2026-08-01 02:45:31,626 [coda_prompt.py] => Learning on 50-60
2026-08-01 02:46:17,286 [coda_prompt.py] => Task 5, Epoch 10/10 => Loss 0.960, Train_accy 99.48, Test_accy nan
2026-08-01 02:46:31,369 [trainer.py] => CNN: {'total': 76.54, '00-09': 80.66, '10-19': 78.5, '20-29': 82.62, '30-39': 65.82, '40-49': 64.93, '50-59': 85.71, 'old': 74.68, 'new': 85.71, 'harmonic': 79.82}
2026-08-01 02:46:31,370 [trainer.py] => CNN top1 curve: [98.58, 91.26, 84.97, 80.07, 75.56, 76.54]
2026-08-01 02:46:31,370 [trainer.py] => CNN top5 curve: [100.0, 99.88, 99.92, 99.51, 99.07, 98.9]
2026-08-01 02:46:31,370 [trainer.py] => Average Accuracy (CNN top1): 84.49666666666667
2026-08-01 02:46:32,402 [coda_prompt.py] => Learning on 60-70
2026-08-01 02:47:17,495 [coda_prompt.py] => Task 6, Epoch 10/10 => Loss 1.071, Train_accy 88.80, Test_accy nan
2026-08-01 02:47:33,336 [trainer.py] => CNN: {'total': 74.65, '00-09': 80.42, '10-19': 78.5, '20-29': 81.43, '30-39': 65.82, '40-49': 65.67, '50-59': 85.23, '60-69': 64.55, 'old': 76.34, 'new': 64.55, 'harmonic': 69.95}
2026-08-01 02:47:33,336 [trainer.py] => CNN top1 curve: [98.58, 91.26, 84.97, 80.07, 75.56, 76.54, 74.65]
2026-08-01 02:47:33,336 [trainer.py] => CNN top5 curve: [100.0, 99.88, 99.92, 99.51, 99.07, 98.9, 98.18]
2026-08-01 02:47:33,336 [trainer.py] => Average Accuracy (CNN top1): 83.09
2026-08-01 02:47:34,614 [coda_prompt.py] => Learning on 70-80
2026-08-01 02:48:20,405 [coda_prompt.py] => Task 7, Epoch 10/10 => Loss 1.015, Train_accy 94.79, Test_accy nan
2026-08-01 02:48:38,387 [trainer.py] => CNN: {'total': 70.6, '00-09': 77.59, '10-19': 75.25, '20-29': 80.0, '30-39': 61.99, '40-49': 61.44, '50-59': 76.51, '60-69': 57.7, '70-79': 73.43, 'old': 70.21, 'new': 73.43, 'harmonic': 71.78}
2026-08-01 02:48:38,387 [trainer.py] => CNN top1 curve: [98.58, 91.26, 84.97, 80.07, 75.56, 76.54, 74.65, 70.6]
2026-08-01 02:48:38,387 [trainer.py] => CNN top5 curve: [100.0, 99.88, 99.92, 99.51, 99.07, 98.9, 98.18, 97.61]
2026-08-01 02:48:38,387 [trainer.py] => Average Accuracy (CNN top1): 81.52875
2026-08-01 02:48:39,701 [coda_prompt.py] => Learning on 80-90
2026-08-01 02:49:25,468 [coda_prompt.py] => Task 8, Epoch 10/10 => Loss 1.022, Train_accy 97.92, Test_accy nan
2026-08-01 02:49:46,228 [trainer.py] => CNN: {'total': 65.25, '00-09': 71.23, '10-19': 55.5, '20-29': 73.81, '30-39': 60.97, '40-49': 58.46, '50-59': 74.09, '60-69': 47.92, '70-79': 70.93, '80-89': 73.27, 'old': 64.22, 'new': 73.27, 'harmonic': 68.45}
2026-08-01 02:49:46,228 [trainer.py] => CNN top1 curve: [98.58, 91.26, 84.97, 80.07, 75.56, 76.54, 74.65, 70.6, 65.25]
2026-08-01 02:49:46,228 [trainer.py] => CNN top5 curve: [100.0, 99.88, 99.92, 99.51, 99.07, 98.9, 98.18, 97.61, 96.87]
2026-08-01 02:49:46,228 [trainer.py] => Average Accuracy (CNN top1): 79.72
2026-08-01 02:49:47,856 [coda_prompt.py] => Learning on 90-100
2026-08-01 02:50:31,812 [coda_prompt.py] => Task 9, Epoch 10/10 => Loss 1.057, Train_accy 92.97, Test_accy nan
2026-08-01 02:52:00,451 [trainer.py] => CNN: {'total': 63.92, '00-09': 69.34, '10-19': 53.0, '20-29': 72.14, '30-39': 60.46, '40-49': 59.45, '50-59': 71.67, '60-69': 47.43, '70-79': 70.68, '80-89': 74.22, '90-99': 59.75, 'old': 64.38, 'new': 59.75, 'harmonic': 61.98}
2026-08-01 02:52:00,451 [trainer.py] => CNN top1 curve: [98.58, 91.26, 84.97, 80.07, 75.56, 76.54, 74.65, 70.6, 65.25, 63.92]
2026-08-01 02:52:00,452 [trainer.py] => CNN top5 curve: [100.0, 99.88, 99.92, 99.51, 99.07, 98.9, 98.18, 97.61, 96.87, 96.55]
2026-08-01 02:52:00,452 [trainer.py] => Average Accuracy (CNN top1): 78.14
