2026-07-25 15:26:02,450 [trainer.py] => config: ./configs/coda_prompt/coda_prompt_cifar_B50_Inc10.json
2026-07-25 15:26:02,451 [trainer.py] => prefix: -
2026-07-25 15:26:02,451 [trainer.py] => dataset: cifar224
2026-07-25 15:26:02,451 [trainer.py] => memory_size: 0
2026-07-25 15:26:02,451 [trainer.py] => memory_per_class: 0
2026-07-25 15:26:02,451 [trainer.py] => fixed_memory: False
2026-07-25 15:26:02,451 [trainer.py] => shuffle: True
2026-07-25 15:26:02,451 [trainer.py] => init_cls: 50
2026-07-25 15:26:02,451 [trainer.py] => increment: 10
2026-07-25 15:26:02,451 [trainer.py] => model_name: coda
2026-07-25 15:26:02,451 [trainer.py] => class_num: 100
2026-07-25 15:26:02,451 [trainer.py] => nb_tasks: 6
2026-07-25 15:26:02,451 [trainer.py] => backbone_type: clip
2026-07-25 15:26:02,451 [trainer.py] => device: [device(type='cuda', index=3)]
2026-07-25 15:26:02,451 [trainer.py] => seed: 2026
2026-07-25 15:26:02,451 [trainer.py] => tuned_epoch: 10
2026-07-25 15:26:02,451 [trainer.py] => init_lr: 0.001
2026-07-25 15:26:02,452 [trainer.py] => batch_size: 48
2026-07-25 15:26:02,452 [trainer.py] => weight_decay: 0
2026-07-25 15:26:02,452 [trainer.py] => min_lr: 1e-05
2026-07-25 15:26:02,452 [trainer.py] => optimizer: adam
2026-07-25 15:26:02,452 [trainer.py] => scheduler: cosine
2026-07-25 15:26:02,452 [trainer.py] => reinit_optimizer: True
2026-07-25 15:26:02,452 [trainer.py] => pretrained: True
2026-07-25 15:26:02,452 [trainer.py] => drop: 0.0
2026-07-25 15:26:02,452 [trainer.py] => drop_path: 0.0
2026-07-25 15:26:02,452 [trainer.py] => prompt_param: [100, 8.0, 0.0]
2026-07-25 15:26:02,452 [trainer.py] => total_class_num: 100
2026-07-25 15:26:03,336 [data_manager.py] => [98, 10, 4, 18, 88, 13, 8, 84, 79, 21, 85, 96, 53, 42, 52, 97, 74, 5, 58, 23, 90, 59, 16, 72, 75, 30, 43, 99, 44, 41, 0, 46, 61, 80, 65, 39, 70, 87, 89, 91, 82, 14, 12, 71, 50, 11, 15, 57, 22, 67, 45, 32, 78, 63, 66, 55, 31, 62, 35, 34, 19, 49, 24, 9, 37, 36, 3, 64, 40, 86, 81, 93, 47, 73, 17, 60, 68, 25, 38, 48, 33, 20, 83, 7, 27, 94, 54, 2, 92, 76, 69, 51, 28, 29, 95, 77, 56, 26, 6, 1]
2026-07-25 15:26:03,422 [factory.py] => Loaded ViT-B-16 model config.
2026-07-25 15:26:04,521 [factory.py] => Loading pretrained ViT-B-16 weights (/public/home/hanlida/Dr.1/pretrained_models/open_clip_pytorch_model_laion400m_e32.bin).
2026-07-25 15:26:07,000 [coda_prompt.py] => 89,827,940 total parameters.
2026-07-25 15:26:07,001 [coda_prompt.py] => 3,635,300 fc and prompt training parameters.
2026-07-25 15:26:07,001 [coda_prompt.py] => Learning on 0-50
2026-07-25 16:37:49,684 [coda_prompt.py] => Task 0, Epoch 10/10 => Loss 0.119, Train_accy 97.05, Test_accy 92.22
2026-07-25 16:38:41,119 [trainer.py] => CNN: {'total': 92.22, '00-09': 92.4, '10-19': 91.5, '20-29': 92.1, '30-39': 92.0, '40-49': 93.1, 'old': 0, 'new': 92.22, 'harmonic': 0.0}
2026-07-25 16:38:41,119 [trainer.py] => CNN top1 curve: [92.22]
2026-07-25 16:38:41,119 [trainer.py] => CNN top5 curve: [99.32]
2026-07-25 16:38:41,120 [trainer.py] => Average Accuracy (CNN top1): 92.22
2026-07-25 16:38:42,279 [coda_prompt.py] => Learning on 50-60
2026-07-25 17:00:35,341 [coda_prompt.py] => Task 1, Epoch 10/10 => Loss 0.037, Train_accy 99.58, Test_accy 78.13
2026-07-25 17:01:35,505 [trainer.py] => CNN: {'total': 78.13, '00-09': 88.9, '10-19': 86.7, '20-29': 87.6, '30-39': 87.7, '40-49': 88.6, '50-59': 29.3, 'old': 87.9, 'new': 29.3, 'harmonic': 43.95}
2026-07-25 17:01:35,505 [trainer.py] => CNN top1 curve: [92.22, 78.13]
2026-07-25 17:01:35,505 [trainer.py] => CNN top5 curve: [99.32, 97.68]
2026-07-25 17:01:35,505 [trainer.py] => Average Accuracy (CNN top1): 85.175
2026-07-25 17:01:43,395 [coda_prompt.py] => Learning on 60-70
2026-07-25 17:24:51,197 [coda_prompt.py] => Task 2, Epoch 10/10 => Loss 0.027, Train_accy 99.80, Test_accy 72.34
2026-07-25 17:25:57,087 [trainer.py] => CNN: {'total': 72.34, '00-09': 86.5, '10-19': 84.0, '20-29': 87.3, '30-39': 87.7, '40-49': 86.2, '50-59': 20.0, '60-69': 54.7, 'old': 75.28, 'new': 54.7, 'harmonic': 63.36}
2026-07-25 17:25:57,087 [trainer.py] => CNN top1 curve: [92.22, 78.13, 72.34]
2026-07-25 17:25:57,087 [trainer.py] => CNN top5 curve: [99.32, 97.68, 96.09]
2026-07-25 17:25:57,087 [trainer.py] => Average Accuracy (CNN top1): 80.89666666666666
2026-07-25 17:26:06,453 [coda_prompt.py] => Learning on 70-80
2026-07-25 17:50:48,539 [coda_prompt.py] => Task 3, Epoch 10/10 => Loss 0.010, Train_accy 99.98, Test_accy 62.91
2026-07-25 17:52:07,082 [trainer.py] => CNN: {'total': 62.91, '00-09': 77.4, '10-19': 83.3, '20-29': 81.1, '30-39': 82.9, '40-49': 82.4, '50-59': 13.0, '60-69': 38.2, '70-79': 45.0, 'old': 65.47, 'new': 45.0, 'harmonic': 53.34}
2026-07-25 17:52:07,082 [trainer.py] => CNN top1 curve: [92.22, 78.13, 72.34, 62.91]
2026-07-25 17:52:07,082 [trainer.py] => CNN top5 curve: [99.32, 97.68, 96.09, 93.88]
2026-07-25 17:52:07,082 [trainer.py] => Average Accuracy (CNN top1): 76.4
2026-07-25 17:52:20,788 [coda_prompt.py] => Learning on 80-90
2026-07-25 18:18:36,761 [coda_prompt.py] => Task 4, Epoch 10/10 => Loss 0.018, Train_accy 99.84, Test_accy 53.56
2026-07-25 18:20:05,859 [trainer.py] => CNN: {'total': 53.56, '00-09': 74.1, '10-19': 67.9, '20-29': 78.6, '30-39': 79.2, '40-49': 76.1, '50-59': 7.8, '60-69': 27.6, '70-79': 24.6, '80-89': 46.1, 'old': 54.49, 'new': 46.1, 'harmonic': 49.95}
2026-07-25 18:20:05,860 [trainer.py] => CNN top1 curve: [92.22, 78.13, 72.34, 62.91, 53.56]
2026-07-25 18:20:05,860 [trainer.py] => CNN top5 curve: [99.32, 97.68, 96.09, 93.88, 90.76]
2026-07-25 18:20:05,860 [trainer.py] => Average Accuracy (CNN top1): 71.83200000000001
2026-07-25 18:20:20,229 [coda_prompt.py] => Learning on 90-100
2026-07-25 18:49:08,007 [coda_prompt.py] => Task 5, Epoch 10/10 => Loss 0.019, Train_accy 99.84, Test_accy 55.91
2026-07-25 18:50:46,766 [trainer.py] => CNN: {'total': 55.91, '00-09': 81.8, '10-19': 79.7, '20-29': 82.6, '30-39': 84.4, '40-49': 81.9, '50-59': 13.7, '60-69': 31.2, '70-79': 28.2, '80-89': 29.5, '90-99': 46.1, 'old': 57.0, 'new': 46.1, 'harmonic': 50.97}
2026-07-25 18:50:46,766 [trainer.py] => CNN top1 curve: [92.22, 78.13, 72.34, 62.91, 53.56, 55.91]
2026-07-25 18:50:46,767 [trainer.py] => CNN top5 curve: [99.32, 97.68, 96.09, 93.88, 90.76, 92.71]
2026-07-25 18:50:46,767 [trainer.py] => Average Accuracy (CNN top1): 69.17833333333334
