2026-07-25 12:00:09,254 [trainer.py] => config: ./configs/coda_prompt/coda_prompt_cifar_B50_Inc10.json
2026-07-25 12:00:09,254 [trainer.py] => prefix: -
2026-07-25 12:00:09,254 [trainer.py] => dataset: cifar224
2026-07-25 12:00:09,254 [trainer.py] => memory_size: 0
2026-07-25 12:00:09,254 [trainer.py] => memory_per_class: 0
2026-07-25 12:00:09,254 [trainer.py] => fixed_memory: False
2026-07-25 12:00:09,254 [trainer.py] => shuffle: True
2026-07-25 12:00:09,254 [trainer.py] => init_cls: 50
2026-07-25 12:00:09,254 [trainer.py] => increment: 10
2026-07-25 12:00:09,255 [trainer.py] => model_name: coda
2026-07-25 12:00:09,255 [trainer.py] => class_num: 100
2026-07-25 12:00:09,255 [trainer.py] => nb_tasks: 6
2026-07-25 12:00:09,255 [trainer.py] => backbone_type: clip
2026-07-25 12:00:09,255 [trainer.py] => device: [device(type='cuda', index=3)]
2026-07-25 12:00:09,255 [trainer.py] => seed: 42
2026-07-25 12:00:09,255 [trainer.py] => tuned_epoch: 10
2026-07-25 12:00:09,255 [trainer.py] => init_lr: 0.001
2026-07-25 12:00:09,255 [trainer.py] => batch_size: 48
2026-07-25 12:00:09,255 [trainer.py] => weight_decay: 0
2026-07-25 12:00:09,255 [trainer.py] => min_lr: 1e-05
2026-07-25 12:00:09,255 [trainer.py] => optimizer: adam
2026-07-25 12:00:09,255 [trainer.py] => scheduler: cosine
2026-07-25 12:00:09,255 [trainer.py] => reinit_optimizer: True
2026-07-25 12:00:09,256 [trainer.py] => pretrained: True
2026-07-25 12:00:09,256 [trainer.py] => drop: 0.0
2026-07-25 12:00:09,256 [trainer.py] => drop_path: 0.0
2026-07-25 12:00:09,256 [trainer.py] => prompt_param: [100, 8.0, 0.0]
2026-07-25 12:00:09,256 [trainer.py] => total_class_num: 100
2026-07-25 12:00:10,359 [data_manager.py] => [83, 53, 70, 45, 44, 39, 22, 80, 10, 0, 18, 30, 73, 33, 90, 4, 76, 77, 12, 31, 55, 88, 26, 42, 69, 15, 40, 96, 9, 72, 11, 47, 85, 28, 93, 5, 66, 65, 35, 16, 49, 34, 7, 95, 27, 19, 81, 25, 62, 13, 24, 3, 17, 38, 8, 78, 6, 64, 36, 89, 56, 99, 54, 43, 50, 67, 46, 68, 61, 97, 79, 41, 58, 48, 98, 57, 75, 32, 94, 59, 63, 84, 37, 29, 1, 52, 21, 2, 23, 87, 91, 74, 86, 82, 20, 60, 71, 14, 92, 51]
2026-07-25 12:00:10,446 [factory.py] => Loaded ViT-B-16 model config.
2026-07-25 12:00:11,668 [factory.py] => Loading pretrained ViT-B-16 weights (/public/home/hanlida/Dr.1/pretrained_models/open_clip_pytorch_model_laion400m_e32.bin).
2026-07-25 12:00:15,683 [coda_prompt.py] => 89,827,940 total parameters.
2026-07-25 12:00:15,684 [coda_prompt.py] => 3,635,300 fc and prompt training parameters.
2026-07-25 12:00:15,684 [coda_prompt.py] => Learning on 0-50
2026-07-25 13:12:28,287 [coda_prompt.py] => Task 0, Epoch 10/10 => Loss 0.163, Train_accy 95.58, Test_accy 89.88
2026-07-25 13:13:19,565 [trainer.py] => CNN: {'total': 89.88, '00-09': 92.4, '10-19': 88.3, '20-29': 87.5, '30-39': 91.8, '40-49': 89.4, 'old': 0, 'new': 89.88, 'harmonic': 0.0}
2026-07-25 13:13:19,566 [trainer.py] => CNN top1 curve: [89.88]
2026-07-25 13:13:19,566 [trainer.py] => CNN top5 curve: [99.28]
2026-07-25 13:13:19,566 [trainer.py] => Average Accuracy (CNN top1): 89.88
2026-07-25 13:13:22,930 [coda_prompt.py] => Learning on 50-60
2026-07-25 13:36:22,592 [coda_prompt.py] => Task 1, Epoch 10/10 => Loss 0.022, Train_accy 99.90, Test_accy 79.63
2026-07-25 13:36:57,789 [trainer.py] => CNN: {'total': 79.63, '00-09': 86.6, '10-19': 79.0, '20-29': 82.2, '30-39': 86.4, '40-49': 84.6, '50-59': 59.0, 'old': 83.76, 'new': 59.0, 'harmonic': 69.23}
2026-07-25 13:36:57,790 [trainer.py] => CNN top1 curve: [89.88, 79.63]
2026-07-25 13:36:57,790 [trainer.py] => CNN top5 curve: [99.28, 97.37]
2026-07-25 13:36:57,790 [trainer.py] => Average Accuracy (CNN top1): 84.755
2026-07-25 13:36:59,045 [coda_prompt.py] => Learning on 60-70
2026-07-25 13:59:31,341 [coda_prompt.py] => Task 2, Epoch 10/10 => Loss 0.012, Train_accy 99.98, Test_accy 71.33
2026-07-25 14:00:40,638 [trainer.py] => CNN: {'total': 71.33, '00-09': 85.0, '10-19': 79.0, '20-29': 78.2, '30-39': 81.0, '40-49': 80.6, '50-59': 45.4, '60-69': 50.1, 'old': 74.87, 'new': 50.1, 'harmonic': 60.03}
2026-07-25 14:00:40,638 [trainer.py] => CNN top1 curve: [89.88, 79.63, 71.33]
2026-07-25 14:00:40,638 [trainer.py] => CNN top5 curve: [99.28, 97.37, 96.03]
2026-07-25 14:00:40,638 [trainer.py] => Average Accuracy (CNN top1): 80.27999999999999
2026-07-25 14:00:47,242 [coda_prompt.py] => Learning on 70-80
2026-07-25 14:26:11,835 [coda_prompt.py] => Task 3, Epoch 10/10 => Loss 0.011, Train_accy 99.92, Test_accy 64.39
2026-07-25 14:27:30,875 [trainer.py] => CNN: {'total': 64.39, '00-09': 80.9, '10-19': 71.8, '20-29': 71.0, '30-39': 76.8, '40-49': 69.3, '50-59': 41.7, '60-69': 43.5, '70-79': 60.1, 'old': 65.0, 'new': 60.1, 'harmonic': 62.45}
2026-07-25 14:27:30,875 [trainer.py] => CNN top1 curve: [89.88, 79.63, 71.33, 64.39]
2026-07-25 14:27:30,875 [trainer.py] => CNN top5 curve: [99.28, 97.37, 96.03, 93.5]
2026-07-25 14:27:30,875 [trainer.py] => Average Accuracy (CNN top1): 76.30749999999999
2026-07-25 14:27:39,986 [coda_prompt.py] => Learning on 80-90
2026-07-25 14:53:56,046 [coda_prompt.py] => Task 4, Epoch 10/10 => Loss 0.014, Train_accy 99.88, Test_accy 62.21
2026-07-25 14:55:25,494 [trainer.py] => CNN: {'total': 62.21, '00-09': 84.8, '10-19': 73.9, '20-29': 71.9, '30-39': 79.5, '40-49': 74.8, '50-59': 36.9, '60-69': 36.1, '70-79': 41.8, '80-89': 60.2, 'old': 62.46, 'new': 60.2, 'harmonic': 61.31}
2026-07-25 14:55:25,494 [trainer.py] => CNN top1 curve: [89.88, 79.63, 71.33, 64.39, 62.21]
2026-07-25 14:55:25,494 [trainer.py] => CNN top5 curve: [99.28, 97.37, 96.03, 93.5, 92.7]
2026-07-25 14:55:25,494 [trainer.py] => Average Accuracy (CNN top1): 73.48799999999999
2026-07-25 14:55:39,209 [coda_prompt.py] => Learning on 90-100
2026-07-25 15:24:22,812 [coda_prompt.py] => Task 5, Epoch 10/10 => Loss 0.024, Train_accy 99.58, Test_accy 56.90
2026-07-25 15:26:02,444 [trainer.py] => CNN: {'total': 56.9, '00-09': 84.4, '10-19': 69.8, '20-29': 62.7, '30-39': 75.2, '40-49': 70.0, '50-59': 34.0, '60-69': 25.6, '70-79': 37.2, '80-89': 48.7, '90-99': 61.4, 'old': 56.4, 'new': 61.4, 'harmonic': 58.79}
2026-07-25 15:26:02,445 [trainer.py] => CNN top1 curve: [89.88, 79.63, 71.33, 64.39, 62.21, 56.9]
2026-07-25 15:26:02,445 [trainer.py] => CNN top5 curve: [99.28, 97.37, 96.03, 93.5, 92.7, 89.37]
2026-07-25 15:26:02,445 [trainer.py] => Average Accuracy (CNN top1): 70.72333333333331
