2026-07-25 05:18:16,120 [trainer.py] => config: ./configs/coda_prompt/coda_prompt_cifar_B0_Inc10.json
2026-07-25 05:18:16,120 [trainer.py] => prefix: -
2026-07-25 05:18:16,120 [trainer.py] => dataset: cifar224
2026-07-25 05:18:16,120 [trainer.py] => memory_size: 0
2026-07-25 05:18:16,120 [trainer.py] => memory_per_class: 0
2026-07-25 05:18:16,121 [trainer.py] => fixed_memory: False
2026-07-25 05:18:16,121 [trainer.py] => shuffle: True
2026-07-25 05:18:16,121 [trainer.py] => init_cls: 10
2026-07-25 05:18:16,121 [trainer.py] => increment: 10
2026-07-25 05:18:16,121 [trainer.py] => model_name: coda
2026-07-25 05:18:16,121 [trainer.py] => class_num: 100
2026-07-25 05:18:16,121 [trainer.py] => nb_tasks: 10
2026-07-25 05:18:16,121 [trainer.py] => backbone_type: clip
2026-07-25 05:18:16,121 [trainer.py] => device: [device(type='cuda', index=3)]
2026-07-25 05:18:16,121 [trainer.py] => seed: 2026
2026-07-25 05:18:16,121 [trainer.py] => tuned_epoch: 10
2026-07-25 05:18:16,121 [trainer.py] => init_lr: 0.001
2026-07-25 05:18:16,121 [trainer.py] => batch_size: 48
2026-07-25 05:18:16,121 [trainer.py] => weight_decay: 0
2026-07-25 05:18:16,121 [trainer.py] => min_lr: 1e-05
2026-07-25 05:18:16,122 [trainer.py] => optimizer: adam
2026-07-25 05:18:16,122 [trainer.py] => scheduler: cosine
2026-07-25 05:18:16,122 [trainer.py] => reinit_optimizer: True
2026-07-25 05:18:16,122 [trainer.py] => pretrained: True
2026-07-25 05:18:16,122 [trainer.py] => drop: 0.0
2026-07-25 05:18:16,122 [trainer.py] => drop_path: 0.0
2026-07-25 05:18:16,122 [trainer.py] => prompt_param: [100, 8.0, 0.0]
2026-07-25 05:18:16,122 [trainer.py] => total_class_num: 100
2026-07-25 05:18:17,372 [data_manager.py] => [98, 10, 4, 18, 88, 13, 8, 84, 79, 21, 85, 96, 53, 42, 52, 97, 74, 5, 58, 23, 90, 59, 16, 72, 75, 30, 43, 99, 44, 41, 0, 46, 61, 80, 65, 39, 70, 87, 89, 91, 82, 14, 12, 71, 50, 11, 15, 57, 22, 67, 45, 32, 78, 63, 66, 55, 31, 62, 35, 34, 19, 49, 24, 9, 37, 36, 3, 64, 40, 86, 81, 93, 47, 73, 17, 60, 68, 25, 38, 48, 33, 20, 83, 7, 27, 94, 54, 2, 92, 76, 69, 51, 28, 29, 95, 77, 56, 26, 6, 1]
2026-07-25 05:18:17,465 [factory.py] => Loaded ViT-B-16 model config.
2026-07-25 05:18:18,578 [factory.py] => Loading pretrained ViT-B-16 weights (/public/home/hanlida/Dr.1/pretrained_models/open_clip_pytorch_model_laion400m_e32.bin).
2026-07-25 05:18:20,943 [coda_prompt.py] => 89,827,940 total parameters.
2026-07-25 05:18:20,944 [coda_prompt.py] => 3,635,300 fc and prompt training parameters.
2026-07-25 05:18:20,944 [coda_prompt.py] => Learning on 0-10
2026-07-25 05:31:20,221 [coda_prompt.py] => Task 0, Epoch 10/10 => Loss 0.039, Train_accy 99.62, Test_accy 97.70
2026-07-25 05:31:29,475 [trainer.py] => CNN: {'total': 97.7, '00-09': 97.7, 'old': 0, 'new': 97.7, 'harmonic': 0.0}
2026-07-25 05:31:29,475 [trainer.py] => CNN top1 curve: [97.7]
2026-07-25 05:31:29,475 [trainer.py] => CNN top5 curve: [99.9]
2026-07-25 05:31:29,476 [trainer.py] => Average Accuracy (CNN top1): 97.7
2026-07-25 05:31:31,269 [coda_prompt.py] => Learning on 10-20
2026-07-25 05:45:44,170 [coda_prompt.py] => Task 1, Epoch 10/10 => Loss 0.051, Train_accy 98.94, Test_accy 91.45
2026-07-25 05:45:56,072 [trainer.py] => CNN: {'total': 91.45, '00-09': 91.2, '10-19': 91.7, 'old': 91.2, 'new': 91.7, 'harmonic': 91.45}
2026-07-25 05:45:56,073 [trainer.py] => CNN top1 curve: [97.7, 91.45]
2026-07-25 05:45:56,073 [trainer.py] => CNN top5 curve: [99.9, 99.8]
2026-07-25 05:45:56,073 [trainer.py] => Average Accuracy (CNN top1): 94.575
2026-07-25 05:45:56,674 [coda_prompt.py] => Learning on 20-30
2026-07-25 06:02:16,742 [coda_prompt.py] => Task 2, Epoch 10/10 => Loss 0.050, Train_accy 99.32, Test_accy 84.67
2026-07-25 06:02:45,976 [trainer.py] => CNN: {'total': 84.67, '00-09': 87.2, '10-19': 73.8, '20-29': 93.0, 'old': 80.5, 'new': 93.0, 'harmonic': 86.3}
2026-07-25 06:02:45,976 [trainer.py] => CNN top1 curve: [97.7, 91.45, 84.67]
2026-07-25 06:02:45,977 [trainer.py] => CNN top5 curve: [99.9, 99.8, 99.0]
2026-07-25 06:02:45,977 [trainer.py] => Average Accuracy (CNN top1): 91.27333333333333
2026-07-25 06:02:50,561 [coda_prompt.py] => Learning on 30-40
2026-07-25 06:19:53,813 [coda_prompt.py] => Task 3, Epoch 10/10 => Loss 0.024, Train_accy 99.86, Test_accy 83.30
2026-07-25 06:20:30,465 [trainer.py] => CNN: {'total': 83.3, '00-09': 85.4, '10-19': 71.6, '20-29': 83.2, '30-39': 93.0, 'old': 80.07, 'new': 93.0, 'harmonic': 86.05}
2026-07-25 06:20:30,466 [trainer.py] => CNN top1 curve: [97.7, 91.45, 84.67, 83.3]
2026-07-25 06:20:30,466 [trainer.py] => CNN top5 curve: [99.9, 99.8, 99.0, 98.58]
2026-07-25 06:20:30,466 [trainer.py] => Average Accuracy (CNN top1): 89.28
2026-07-25 06:20:32,324 [coda_prompt.py] => Learning on 40-50
2026-07-25 06:39:16,223 [coda_prompt.py] => Task 4, Epoch 10/10 => Loss 0.025, Train_accy 99.80, Test_accy 79.86
2026-07-25 06:40:03,889 [trainer.py] => CNN: {'total': 79.86, '00-09': 80.3, '10-19': 64.6, '20-29': 76.8, '30-39': 86.4, '40-49': 91.2, 'old': 77.03, 'new': 91.2, 'harmonic': 83.52}
2026-07-25 06:40:03,890 [trainer.py] => CNN top1 curve: [97.7, 91.45, 84.67, 83.3, 79.86]
2026-07-25 06:40:03,890 [trainer.py] => CNN top5 curve: [99.9, 99.8, 99.0, 98.58, 97.6]
2026-07-25 06:40:03,891 [trainer.py] => Average Accuracy (CNN top1): 87.396
2026-07-25 06:40:10,729 [coda_prompt.py] => Learning on 50-60
2026-07-25 07:00:44,773 [coda_prompt.py] => Task 5, Epoch 10/10 => Loss 0.063, Train_accy 99.12, Test_accy 78.82
2026-07-25 07:01:44,691 [trainer.py] => CNN: {'total': 78.82, '00-09': 81.3, '10-19': 68.9, '20-29': 78.0, '30-39': 81.1, '40-49': 84.1, '50-59': 79.5, 'old': 78.68, 'new': 79.5, 'harmonic': 79.09}
2026-07-25 07:01:44,691 [trainer.py] => CNN top1 curve: [97.7, 91.45, 84.67, 83.3, 79.86, 78.82]
2026-07-25 07:01:44,692 [trainer.py] => CNN top5 curve: [99.9, 99.8, 99.0, 98.58, 97.6, 97.03]
2026-07-25 07:01:44,692 [trainer.py] => Average Accuracy (CNN top1): 85.96666666666665
2026-07-25 07:01:46,565 [coda_prompt.py] => Learning on 60-70
2026-07-25 07:22:13,568 [coda_prompt.py] => Task 6, Epoch 10/10 => Loss 0.040, Train_accy 99.60, Test_accy 76.30
2026-07-25 07:23:19,299 [trainer.py] => CNN: {'total': 76.3, '00-09': 80.2, '10-19': 63.2, '20-29': 72.9, '30-39': 79.0, '40-49': 82.7, '50-59': 67.3, '60-69': 88.8, 'old': 74.22, 'new': 88.8, 'harmonic': 80.86}
2026-07-25 07:23:19,300 [trainer.py] => CNN top1 curve: [97.7, 91.45, 84.67, 83.3, 79.86, 78.82, 76.3]
2026-07-25 07:23:19,300 [trainer.py] => CNN top5 curve: [99.9, 99.8, 99.0, 98.58, 97.6, 97.03, 95.23]
2026-07-25 07:23:19,300 [trainer.py] => Average Accuracy (CNN top1): 84.58571428571427
2026-07-25 07:23:24,330 [coda_prompt.py] => Learning on 70-80
2026-07-25 07:46:31,445 [coda_prompt.py] => Task 7, Epoch 10/10 => Loss 0.015, Train_accy 99.90, Test_accy 70.82
2026-07-25 07:47:37,294 [trainer.py] => CNN: {'total': 70.82, '00-09': 73.3, '10-19': 52.0, '20-29': 60.3, '30-39': 76.1, '40-49': 76.8, '50-59': 58.4, '60-69': 79.2, '70-79': 90.5, 'old': 68.01, 'new': 90.5, 'harmonic': 77.66}
2026-07-25 07:47:37,295 [trainer.py] => CNN top1 curve: [97.7, 91.45, 84.67, 83.3, 79.86, 78.82, 76.3, 70.82]
2026-07-25 07:47:37,295 [trainer.py] => CNN top5 curve: [99.9, 99.8, 99.0, 98.58, 97.6, 97.03, 95.23, 94.4]
2026-07-25 07:47:37,295 [trainer.py] => Average Accuracy (CNN top1): 82.86499999999998
2026-07-25 07:47:44,462 [coda_prompt.py] => Learning on 80-90
2026-07-25 08:12:41,896 [coda_prompt.py] => Task 8, Epoch 10/10 => Loss 0.026, Train_accy 99.72, Test_accy 63.31
2026-07-25 08:13:41,940 [trainer.py] => CNN: {'total': 63.31, '00-09': 67.7, '10-19': 43.1, '20-29': 47.5, '30-39': 68.8, '40-49': 71.9, '50-59': 49.4, '60-69': 62.9, '70-79': 67.3, '80-89': 91.2, 'old': 59.82, 'new': 91.2, 'harmonic': 72.25}
2026-07-25 08:13:41,940 [trainer.py] => CNN top1 curve: [97.7, 91.45, 84.67, 83.3, 79.86, 78.82, 76.3, 70.82, 63.31]
2026-07-25 08:13:41,940 [trainer.py] => CNN top5 curve: [99.9, 99.8, 99.0, 98.58, 97.6, 97.03, 95.23, 94.4, 91.19]
2026-07-25 08:13:41,940 [trainer.py] => Average Accuracy (CNN top1): 80.6922222222222
2026-07-25 08:13:48,717 [coda_prompt.py] => Learning on 90-100
2026-07-25 08:41:00,287 [coda_prompt.py] => Task 9, Epoch 10/10 => Loss 0.027, Train_accy 99.74, Test_accy 70.78
2026-07-25 08:42:13,419 [trainer.py] => CNN: {'total': 70.78, '00-09': 74.0, '10-19': 54.4, '20-29': 62.3, '30-39': 72.2, '40-49': 75.3, '50-59': 64.0, '60-69': 68.2, '70-79': 71.3, '80-89': 78.5, '90-99': 87.6, 'old': 68.91, 'new': 87.6, 'harmonic': 77.14}
2026-07-25 08:42:13,420 [trainer.py] => CNN top1 curve: [97.7, 91.45, 84.67, 83.3, 79.86, 78.82, 76.3, 70.82, 63.31, 70.78]
2026-07-25 08:42:13,420 [trainer.py] => CNN top5 curve: [99.9, 99.8, 99.0, 98.58, 97.6, 97.03, 95.23, 94.4, 91.19, 92.93]
2026-07-25 08:42:13,420 [trainer.py] => Average Accuracy (CNN top1): 79.70099999999998
