2026-07-26 11:51:01,048 [trainer.py] => config: ./configs/coda_prompt/coda_prompt_cub_B0_Inc20.json
2026-07-26 11:51:01,048 [trainer.py] => prefix: -
2026-07-26 11:51:01,048 [trainer.py] => dataset: cub
2026-07-26 11:51:01,048 [trainer.py] => memory_size: 0
2026-07-26 11:51:01,048 [trainer.py] => memory_per_class: 0
2026-07-26 11:51:01,048 [trainer.py] => fixed_memory: False
2026-07-26 11:51:01,048 [trainer.py] => shuffle: True
2026-07-26 11:51:01,049 [trainer.py] => init_cls: 20
2026-07-26 11:51:01,049 [trainer.py] => increment: 20
2026-07-26 11:51:01,049 [trainer.py] => model_name: coda
2026-07-26 11:51:01,049 [trainer.py] => class_num: 200
2026-07-26 11:51:01,049 [trainer.py] => nb_tasks: 10
2026-07-26 11:51:01,049 [trainer.py] => backbone_type: clip
2026-07-26 11:51:01,049 [trainer.py] => device: [device(type='cuda', index=3)]
2026-07-26 11:51:01,049 [trainer.py] => seed: 2026
2026-07-26 11:51:01,049 [trainer.py] => tuned_epoch: 10
2026-07-26 11:51:01,049 [trainer.py] => init_lr: 0.001
2026-07-26 11:51:01,049 [trainer.py] => batch_size: 48
2026-07-26 11:51:01,049 [trainer.py] => weight_decay: 0
2026-07-26 11:51:01,049 [trainer.py] => min_lr: 1e-05
2026-07-26 11:51:01,049 [trainer.py] => optimizer: adam
2026-07-26 11:51:01,049 [trainer.py] => scheduler: cosine
2026-07-26 11:51:01,049 [trainer.py] => reinit_optimizer: True
2026-07-26 11:51:01,050 [trainer.py] => pretrained: True
2026-07-26 11:51:01,050 [trainer.py] => drop: 0.0
2026-07-26 11:51:01,050 [trainer.py] => drop_path: 0.0
2026-07-26 11:51:01,050 [trainer.py] => prompt_param: [100, 8.0, 0.0]
2026-07-26 11:51:01,050 [trainer.py] => total_class_num: 200
2026-07-26 11:51:01,780 [data_manager.py] => [115, 91, 15, 57, 123, 5, 193, 196, 88, 185, 191, 168, 90, 80, 106, 146, 188, 118, 44, 151, 24, 56, 42, 127, 113, 119, 197, 194, 99, 12, 65, 71, 131, 6, 46, 186, 126, 31, 117, 30, 110, 82, 102, 165, 11, 76, 53, 138, 199, 18, 163, 149, 84, 133, 170, 189, 52, 104, 45, 114, 41, 23, 160, 171, 172, 169, 177, 142, 94, 50, 128, 39, 59, 120, 107, 162, 124, 9, 74, 198, 62, 174, 166, 122, 141, 81, 10, 63, 176, 100, 136, 187, 129, 16, 72, 147, 54, 0, 98, 150, 92, 155, 4, 167, 125, 97, 153, 8, 83, 159, 85, 86, 13, 34, 173, 93, 180, 33, 21, 132, 190, 87, 121, 108, 103, 145, 37, 158, 69, 89, 2, 19, 67, 175, 51, 78, 43, 64, 66, 143, 61, 20, 144, 154, 183, 14, 140, 139, 75, 79, 22, 58, 101, 109, 32, 178, 73, 164, 55, 35, 49, 152, 137, 36, 3, 40, 70, 95, 105, 181, 157, 47, 192, 17, 60, 112, 68, 25, 38, 48, 161, 148, 111, 135, 96, 7, 27, 182, 130, 28, 179, 156, 116, 29, 195, 77, 184, 26, 134, 1]
2026-07-26 11:51:01,857 [factory.py] => Loaded ViT-B-16 model config.
2026-07-26 11:51:03,264 [factory.py] => Loading pretrained ViT-B-16 weights (/public/home/hanlida/Dr.1/pretrained_models/open_clip_pytorch_model_laion400m_e32.bin).
2026-07-26 11:51:08,612 [coda_prompt.py] => 89,879,240 total parameters.
2026-07-26 11:51:08,613 [coda_prompt.py] => 3,686,600 fc and prompt training parameters.
2026-07-26 11:51:08,613 [coda_prompt.py] => Learning on 0-20
2026-07-26 11:53:26,752 [coda_prompt.py] => Task 0, Epoch 10/10 => Loss 0.953, Train_accy 95.65, Test_accy 91.78
2026-07-26 11:53:29,004 [trainer.py] => CNN: {'total': 91.78, '00-09': 87.96, '10-19': 95.5, 'old': 0, 'new': 91.78, 'harmonic': 0.0}
2026-07-26 11:53:29,005 [trainer.py] => CNN top1 curve: [91.78]
2026-07-26 11:53:29,005 [trainer.py] => CNN top5 curve: [100.0]
2026-07-26 11:53:29,005 [trainer.py] => Average Accuracy (CNN top1): 91.78
2026-07-26 11:53:30,949 [coda_prompt.py] => Learning on 20-40
2026-07-26 11:56:57,825 [coda_prompt.py] => Task 1, Epoch 10/10 => Loss 0.878, Train_accy 96.43, Test_accy 85.05
2026-07-26 11:57:02,934 [trainer.py] => CNN: {'total': 85.05, '00-09': 81.48, '10-19': 89.19, '20-29': 85.83, '30-39': 83.49, 'old': 85.39, 'new': 84.75, 'harmonic': 85.07}
2026-07-26 11:57:02,935 [trainer.py] => CNN top1 curve: [91.78, 85.05]
2026-07-26 11:57:02,935 [trainer.py] => CNN top5 curve: [100.0, 98.02]
2026-07-26 11:57:02,935 [trainer.py] => Average Accuracy (CNN top1): 88.41499999999999
2026-07-26 11:57:04,305 [coda_prompt.py] => Learning on 40-60
2026-07-26 12:00:42,991 [coda_prompt.py] => Task 2, Epoch 10/10 => Loss 0.737, Train_accy 97.88, Test_accy 83.43
2026-07-26 12:00:50,204 [trainer.py] => CNN: {'total': 83.43, '00-09': 73.15, '10-19': 81.98, '20-29': 81.89, '30-39': 78.9, '40-49': 94.21, '50-59': 87.84, 'old': 79.12, 'new': 90.71, 'harmonic': 84.52}
2026-07-26 12:00:50,205 [trainer.py] => CNN top1 curve: [91.78, 85.05, 83.43]
2026-07-26 12:00:50,205 [trainer.py] => CNN top5 curve: [100.0, 98.02, 97.38]
2026-07-26 12:00:50,205 [trainer.py] => Average Accuracy (CNN top1): 86.75333333333333
2026-07-26 12:00:51,463 [coda_prompt.py] => Learning on 60-80
2026-07-26 12:04:59,198 [coda_prompt.py] => Task 3, Epoch 10/10 => Loss 0.777, Train_accy 94.31, Test_accy 77.15
2026-07-26 12:05:09,540 [trainer.py] => CNN: {'total': 77.15, '00-09': 68.52, '10-19': 73.87, '20-29': 70.87, '30-39': 64.22, '40-49': 93.39, '50-59': 82.43, '60-69': 77.78, '70-79': 83.19, 'old': 76.1, 'new': 80.33, 'harmonic': 78.16}
2026-07-26 12:05:09,540 [trainer.py] => CNN top1 curve: [91.78, 85.05, 83.43, 77.15]
2026-07-26 12:05:09,541 [trainer.py] => CNN top5 curve: [100.0, 98.02, 97.38, 95.53]
2026-07-26 12:05:09,541 [trainer.py] => Average Accuracy (CNN top1): 84.35249999999999
2026-07-26 12:05:14,936 [coda_prompt.py] => Learning on 80-100
2026-07-26 12:09:37,385 [coda_prompt.py] => Task 4, Epoch 10/10 => Loss 0.696, Train_accy 97.21, Test_accy 72.59
2026-07-26 12:09:49,926 [trainer.py] => CNN: {'total': 72.59, '00-09': 61.11, '10-19': 69.37, '20-29': 63.78, '30-39': 52.29, '40-49': 85.12, '50-59': 81.08, '60-69': 73.02, '70-79': 72.57, '80-89': 71.79, '90-99': 90.32, 'old': 70.4, 'new': 81.33, 'harmonic': 75.47}
2026-07-26 12:09:49,926 [trainer.py] => CNN top1 curve: [91.78, 85.05, 83.43, 77.15, 72.59]
2026-07-26 12:09:49,926 [trainer.py] => CNN top5 curve: [100.0, 98.02, 97.38, 95.53, 94.35]
2026-07-26 12:09:49,926 [trainer.py] => Average Accuracy (CNN top1): 82.0
2026-07-26 12:09:55,002 [coda_prompt.py] => Learning on 100-120
2026-07-26 12:14:32,358 [coda_prompt.py] => Task 5, Epoch 10/10 => Loss 0.665, Train_accy 96.99, Test_accy 70.25
2026-07-26 12:14:47,702 [trainer.py] => CNN: {'total': 70.25, '00-09': 54.63, '10-19': 63.96, '20-29': 61.42, '30-39': 49.54, '40-49': 81.82, '50-59': 76.35, '60-69': 64.29, '70-79': 72.57, '80-89': 66.67, '90-99': 87.1, '100-109': 71.55, '110-119': 87.7, 'old': 68.36, 'new': 79.83, 'harmonic': 73.65}
2026-07-26 12:14:47,703 [trainer.py] => CNN top1 curve: [91.78, 85.05, 83.43, 77.15, 72.59, 70.25]
2026-07-26 12:14:47,703 [trainer.py] => CNN top5 curve: [100.0, 98.02, 97.38, 95.53, 94.35, 92.86]
2026-07-26 12:14:47,703 [trainer.py] => Average Accuracy (CNN top1): 80.04166666666667
2026-07-26 12:14:52,437 [coda_prompt.py] => Learning on 120-140
2026-07-26 12:19:46,060 [coda_prompt.py] => Task 6, Epoch 10/10 => Loss 0.668, Train_accy 94.20, Test_accy 65.52
2026-07-26 12:20:01,187 [trainer.py] => CNN: {'total': 65.52, '00-09': 52.78, '10-19': 64.86, '20-29': 54.33, '30-39': 44.95, '40-49': 76.86, '50-59': 64.86, '60-69': 60.32, '70-79': 60.18, '80-89': 58.12, '90-99': 79.84, '100-109': 61.21, '110-119': 84.43, '120-129': 83.93, '130-139': 68.52, 'old': 63.87, 'new': 76.36, 'harmonic': 69.56}
2026-07-26 12:20:01,187 [trainer.py] => CNN top1 curve: [91.78, 85.05, 83.43, 77.15, 72.59, 70.25, 65.52]
2026-07-26 12:20:01,187 [trainer.py] => CNN top5 curve: [100.0, 98.02, 97.38, 95.53, 94.35, 92.86, 92.18]
2026-07-26 12:20:01,187 [trainer.py] => Average Accuracy (CNN top1): 77.96714285714286
2026-07-26 12:20:07,202 [coda_prompt.py] => Learning on 140-160
2026-07-26 12:25:22,750 [coda_prompt.py] => Task 7, Epoch 10/10 => Loss 0.691, Train_accy 93.75, Test_accy 62.15
2026-07-26 12:25:42,016 [trainer.py] => CNN: {'total': 62.15, '00-09': 52.78, '10-19': 64.86, '20-29': 55.12, '30-39': 37.61, '40-49': 70.25, '50-59': 66.22, '60-69': 50.0, '70-79': 49.56, '80-89': 55.56, '90-99': 79.03, '100-109': 56.03, '110-119': 77.87, '120-129': 83.93, '130-139': 67.59, '140-149': 51.24, '150-159': 75.47, 'old': 62.09, 'new': 62.56, 'harmonic': 62.32}
2026-07-26 12:25:42,031 [trainer.py] => CNN top1 curve: [91.78, 85.05, 83.43, 77.15, 72.59, 70.25, 65.52, 62.15]
2026-07-26 12:25:42,031 [trainer.py] => CNN top5 curve: [100.0, 98.02, 97.38, 95.53, 94.35, 92.86, 92.18, 89.89]
2026-07-26 12:25:42,031 [trainer.py] => Average Accuracy (CNN top1): 75.99
2026-07-26 12:25:45,954 [coda_prompt.py] => Learning on 160-180
2026-07-26 12:31:17,087 [coda_prompt.py] => Task 8, Epoch 10/10 => Loss 0.646, Train_accy 94.75, Test_accy 57.70
2026-07-26 12:31:37,124 [trainer.py] => CNN: {'total': 57.7, '00-09': 48.15, '10-19': 58.56, '20-29': 42.52, '30-39': 29.36, '40-49': 66.94, '50-59': 60.14, '60-69': 33.33, '70-79': 46.9, '80-89': 54.7, '90-99': 74.19, '100-109': 55.17, '110-119': 78.69, '120-129': 79.46, '130-139': 47.22, '140-149': 48.76, '150-159': 62.26, '160-169': 81.82, '170-179': 69.35, 'old': 55.53, 'new': 75.21, 'harmonic': 63.89}
2026-07-26 12:31:37,133 [trainer.py] => CNN top1 curve: [91.78, 85.05, 83.43, 77.15, 72.59, 70.25, 65.52, 62.15, 57.7]
2026-07-26 12:31:37,133 [trainer.py] => CNN top5 curve: [100.0, 98.02, 97.38, 95.53, 94.35, 92.86, 92.18, 89.89, 87.85]
2026-07-26 12:31:37,134 [trainer.py] => Average Accuracy (CNN top1): 73.95777777777778
2026-07-26 12:31:42,134 [coda_prompt.py] => Learning on 180-200
2026-07-26 12:38:24,007 [coda_prompt.py] => Task 9, Epoch 10/10 => Loss 0.751, Train_accy 92.75, Test_accy 56.19
2026-07-26 12:38:38,675 [trainer.py] => CNN: {'total': 56.19, '00-09': 46.3, '10-19': 49.55, '20-29': 51.18, '30-39': 35.78, '40-49': 63.64, '50-59': 61.49, '60-69': 34.13, '70-79': 47.79, '80-89': 52.14, '90-99': 72.58, '100-109': 54.31, '110-119': 77.05, '120-129': 75.89, '130-139': 43.52, '140-149': 46.28, '150-159': 63.21, '160-169': 79.09, '170-179': 67.74, '180-189': 51.79, '190-199': 47.97, 'old': 56.9, 'new': 49.79, 'harmonic': 53.11}
2026-07-26 12:38:38,676 [trainer.py] => CNN top1 curve: [91.78, 85.05, 83.43, 77.15, 72.59, 70.25, 65.52, 62.15, 57.7, 56.19]
2026-07-26 12:38:38,676 [trainer.py] => CNN top5 curve: [100.0, 98.02, 97.38, 95.53, 94.35, 92.86, 92.18, 89.89, 87.85, 87.45]
2026-07-26 12:38:38,676 [trainer.py] => Average Accuracy (CNN top1): 72.181
