2026-07-26 13:59:42,220 [trainer.py] => config: ./configs/coda_prompt/coda_prompt_cub_B100_Inc20.json
2026-07-26 13:59:42,220 [trainer.py] => prefix: -
2026-07-26 13:59:42,220 [trainer.py] => dataset: cub
2026-07-26 13:59:42,220 [trainer.py] => memory_size: 0
2026-07-26 13:59:42,220 [trainer.py] => memory_per_class: 0
2026-07-26 13:59:42,220 [trainer.py] => fixed_memory: False
2026-07-26 13:59:42,220 [trainer.py] => shuffle: True
2026-07-26 13:59:42,220 [trainer.py] => init_cls: 100
2026-07-26 13:59:42,221 [trainer.py] => increment: 20
2026-07-26 13:59:42,221 [trainer.py] => model_name: coda
2026-07-26 13:59:42,221 [trainer.py] => class_num: 200
2026-07-26 13:59:42,221 [trainer.py] => nb_tasks: 6
2026-07-26 13:59:42,221 [trainer.py] => backbone_type: clip
2026-07-26 13:59:42,221 [trainer.py] => device: [device(type='cuda', index=3)]
2026-07-26 13:59:42,221 [trainer.py] => seed: 2026
2026-07-26 13:59:42,221 [trainer.py] => tuned_epoch: 10
2026-07-26 13:59:42,221 [trainer.py] => init_lr: 0.001
2026-07-26 13:59:42,221 [trainer.py] => batch_size: 48
2026-07-26 13:59:42,221 [trainer.py] => weight_decay: 0
2026-07-26 13:59:42,221 [trainer.py] => min_lr: 1e-05
2026-07-26 13:59:42,221 [trainer.py] => optimizer: adam
2026-07-26 13:59:42,221 [trainer.py] => scheduler: cosine
2026-07-26 13:59:42,221 [trainer.py] => reinit_optimizer: True
2026-07-26 13:59:42,221 [trainer.py] => pretrained: True
2026-07-26 13:59:42,221 [trainer.py] => drop: 0.0
2026-07-26 13:59:42,221 [trainer.py] => drop_path: 0.0
2026-07-26 13:59:42,221 [trainer.py] => prompt_param: [100, 8.0, 0.0]
2026-07-26 13:59:42,221 [trainer.py] => total_class_num: 200
2026-07-26 13:59:42,641 [data_manager.py] => [115, 91, 15, 57, 123, 5, 193, 196, 88, 185, 191, 168, 90, 80, 106, 146, 188, 118, 44, 151, 24, 56, 42, 127, 113, 119, 197, 194, 99, 12, 65, 71, 131, 6, 46, 186, 126, 31, 117, 30, 110, 82, 102, 165, 11, 76, 53, 138, 199, 18, 163, 149, 84, 133, 170, 189, 52, 104, 45, 114, 41, 23, 160, 171, 172, 169, 177, 142, 94, 50, 128, 39, 59, 120, 107, 162, 124, 9, 74, 198, 62, 174, 166, 122, 141, 81, 10, 63, 176, 100, 136, 187, 129, 16, 72, 147, 54, 0, 98, 150, 92, 155, 4, 167, 125, 97, 153, 8, 83, 159, 85, 86, 13, 34, 173, 93, 180, 33, 21, 132, 190, 87, 121, 108, 103, 145, 37, 158, 69, 89, 2, 19, 67, 175, 51, 78, 43, 64, 66, 143, 61, 20, 144, 154, 183, 14, 140, 139, 75, 79, 22, 58, 101, 109, 32, 178, 73, 164, 55, 35, 49, 152, 137, 36, 3, 40, 70, 95, 105, 181, 157, 47, 192, 17, 60, 112, 68, 25, 38, 48, 161, 148, 111, 135, 96, 7, 27, 182, 130, 28, 179, 156, 116, 29, 195, 77, 184, 26, 134, 1]
2026-07-26 13:59:42,690 [factory.py] => Loaded ViT-B-16 model config.
2026-07-26 13:59:44,059 [factory.py] => Loading pretrained ViT-B-16 weights (/public/home/hanlida/Dr.1/pretrained_models/open_clip_pytorch_model_laion400m_e32.bin).
2026-07-26 13:59:48,391 [coda_prompt.py] => 89,879,240 total parameters.
2026-07-26 13:59:48,391 [coda_prompt.py] => 3,686,600 fc and prompt training parameters.
2026-07-26 13:59:48,392 [coda_prompt.py] => Learning on 0-100
2026-07-26 14:12:42,757 [coda_prompt.py] => Task 0, Epoch 10/10 => Loss 0.439, Train_accy 94.73, Test_accy 87.79
2026-07-26 14:12:55,099 [trainer.py] => CNN: {'total': 87.79, '00-09': 83.33, '10-19': 87.39, '20-29': 86.61, '30-39': 86.24, '40-49': 98.35, '50-59': 87.16, '60-69': 84.92, '70-79': 82.3, '80-89': 88.03, '90-99': 92.74, 'old': 0, 'new': 87.79, 'harmonic': 0.0}
2026-07-26 14:12:55,099 [trainer.py] => CNN top1 curve: [87.79]
2026-07-26 14:12:55,099 [trainer.py] => CNN top5 curve: [97.59]
2026-07-26 14:12:55,099 [trainer.py] => Average Accuracy (CNN top1): 87.79
2026-07-26 14:12:59,996 [coda_prompt.py] => Learning on 100-120
2026-07-26 14:18:02,786 [coda_prompt.py] => Task 1, Epoch 10/10 => Loss 0.515, Train_accy 97.66, Test_accy 72.12
2026-07-26 14:18:16,100 [trainer.py] => CNN: {'total': 72.12, '00-09': 76.85, '10-19': 87.39, '20-29': 85.04, '30-39': 82.57, '40-49': 97.52, '50-59': 83.78, '60-69': 83.33, '70-79': 84.07, '80-89': 87.18, '90-99': 91.13, '100-109': 0.0, '110-119': 4.1, 'old': 85.96, 'new': 2.1, 'harmonic': 4.1}
2026-07-26 14:18:16,100 [trainer.py] => CNN top1 curve: [87.79, 72.12]
2026-07-26 14:18:16,100 [trainer.py] => CNN top5 curve: [97.59, 92.72]
2026-07-26 14:18:16,101 [trainer.py] => Average Accuracy (CNN top1): 79.95500000000001
2026-07-26 14:18:22,004 [coda_prompt.py] => Learning on 120-140
2026-07-26 14:23:10,677 [coda_prompt.py] => Task 2, Epoch 10/10 => Loss 0.542, Train_accy 93.86, Test_accy 60.65
2026-07-26 14:23:28,592 [trainer.py] => CNN: {'total': 60.65, '00-09': 75.0, '10-19': 87.39, '20-29': 79.53, '30-39': 76.15, '40-49': 95.04, '50-59': 79.73, '60-69': 79.37, '70-79': 76.11, '80-89': 86.32, '90-99': 88.71, '100-109': 0.0, '110-119': 1.64, '120-129': 4.46, '130-139': 8.33, 'old': 68.93, 'new': 6.36, 'harmonic': 11.65}
2026-07-26 14:23:28,593 [trainer.py] => CNN top1 curve: [87.79, 72.12, 60.65]
2026-07-26 14:23:28,593 [trainer.py] => CNN top5 curve: [97.59, 92.72, 86.88]
2026-07-26 14:23:28,593 [trainer.py] => Average Accuracy (CNN top1): 73.52000000000001
2026-07-26 14:23:36,195 [coda_prompt.py] => Learning on 140-160
2026-07-26 14:28:43,341 [coda_prompt.py] => Task 3, Epoch 10/10 => Loss 0.556, Train_accy 94.98, Test_accy 52.73
2026-07-26 14:29:02,202 [trainer.py] => CNN: {'total': 52.73, '00-09': 75.93, '10-19': 86.49, '20-29': 77.95, '30-39': 68.81, '40-49': 90.91, '50-59': 78.38, '60-69': 76.19, '70-79': 76.99, '80-89': 86.32, '90-99': 90.32, '100-109': 0.0, '110-119': 2.46, '120-129': 3.57, '130-139': 12.04, '140-149': 0.83, '150-159': 0.94, 'old': 59.81, 'new': 0.88, 'harmonic': 1.73}
2026-07-26 14:29:02,203 [trainer.py] => CNN top1 curve: [87.79, 72.12, 60.65, 52.73]
2026-07-26 14:29:02,203 [trainer.py] => CNN top5 curve: [97.59, 92.72, 86.88, 81.15]
2026-07-26 14:29:02,203 [trainer.py] => Average Accuracy (CNN top1): 68.3225
2026-07-26 14:29:15,422 [coda_prompt.py] => Learning on 160-180
2026-07-26 14:35:21,703 [coda_prompt.py] => Task 4, Epoch 10/10 => Loss 0.523, Train_accy 94.98, Test_accy 46.26
2026-07-26 14:35:35,574 [trainer.py] => CNN: {'total': 46.26, '00-09': 70.37, '10-19': 88.29, '20-29': 76.38, '30-39': 67.89, '40-49': 93.39, '50-59': 77.03, '60-69': 73.81, '70-79': 72.57, '80-89': 82.91, '90-99': 87.9, '100-109': 0.0, '110-119': 1.64, '120-129': 2.68, '130-139': 5.56, '140-149': 0.83, '150-159': 0.0, '160-169': 0.91, '170-179': 12.9, 'old': 51.09, 'new': 7.26, 'harmonic': 12.71}
2026-07-26 14:35:35,575 [trainer.py] => CNN top1 curve: [87.79, 72.12, 60.65, 52.73, 46.26]
2026-07-26 14:35:35,575 [trainer.py] => CNN top5 curve: [97.59, 92.72, 86.88, 81.15, 76.73]
2026-07-26 14:35:35,575 [trainer.py] => Average Accuracy (CNN top1): 63.910000000000004
2026-07-26 14:35:39,043 [coda_prompt.py] => Learning on 180-200
2026-07-26 14:41:23,037 [coda_prompt.py] => Task 5, Epoch 10/10 => Loss 0.627, Train_accy 93.08, Test_accy 42.58
2026-07-26 14:41:47,158 [trainer.py] => CNN: {'total': 42.58, '00-09': 74.07, '10-19': 86.49, '20-29': 80.31, '30-39': 77.06, '40-49': 92.56, '50-59': 78.38, '60-69': 73.81, '70-79': 71.68, '80-89': 83.76, '90-99': 87.9, '100-109': 0.0, '110-119': 2.46, '120-129': 4.46, '130-139': 6.48, '140-149': 0.0, '150-159': 0.0, '160-169': 0.0, '170-179': 14.52, '180-189': 0.0, '190-199': 0.0, 'old': 47.29, 'new': 0.0, 'harmonic': 0.0}
2026-07-26 14:41:47,158 [trainer.py] => CNN top1 curve: [87.79, 72.12, 60.65, 52.73, 46.26, 42.58]
2026-07-26 14:41:47,158 [trainer.py] => CNN top5 curve: [97.59, 92.72, 86.88, 81.15, 76.73, 73.28]
2026-07-26 14:41:47,159 [trainer.py] => Average Accuracy (CNN top1): 60.355
