2026-07-28 15:59:09,153 [trainer.py] => config: ./configs/coda_prompt/coda_prompt_food_B0_Inc10.json
2026-07-28 15:59:09,153 [trainer.py] => prefix: -
2026-07-28 15:59:09,153 [trainer.py] => dataset: food101
2026-07-28 15:59:09,153 [trainer.py] => memory_size: 0
2026-07-28 15:59:09,153 [trainer.py] => memory_per_class: 0
2026-07-28 15:59:09,153 [trainer.py] => fixed_memory: False
2026-07-28 15:59:09,153 [trainer.py] => shuffle: True
2026-07-28 15:59:09,154 [trainer.py] => init_cls: 10
2026-07-28 15:59:09,154 [trainer.py] => increment: 10
2026-07-28 15:59:09,154 [trainer.py] => model_name: coda
2026-07-28 15:59:09,154 [trainer.py] => class_num: 101
2026-07-28 15:59:09,154 [trainer.py] => nb_tasks: 10
2026-07-28 15:59:09,154 [trainer.py] => backbone_type: clip
2026-07-28 15:59:09,154 [trainer.py] => device: [device(type='cuda', index=3)]
2026-07-28 15:59:09,154 [trainer.py] => seed: 2026
2026-07-28 15:59:09,154 [trainer.py] => tuned_epoch: 10
2026-07-28 15:59:09,154 [trainer.py] => init_lr: 0.001
2026-07-28 15:59:09,154 [trainer.py] => batch_size: 48
2026-07-28 15:59:09,154 [trainer.py] => weight_decay: 0
2026-07-28 15:59:09,154 [trainer.py] => min_lr: 1e-05
2026-07-28 15:59:09,154 [trainer.py] => optimizer: adam
2026-07-28 15:59:09,154 [trainer.py] => scheduler: cosine
2026-07-28 15:59:09,154 [trainer.py] => reinit_optimizer: True
2026-07-28 15:59:09,154 [trainer.py] => pretrained: True
2026-07-28 15:59:09,154 [trainer.py] => drop: 0.0
2026-07-28 15:59:09,154 [trainer.py] => drop_path: 0.0
2026-07-28 15:59:09,154 [trainer.py] => prompt_param: [100, 8.0, 0.0]
2026-07-28 15:59:09,155 [trainer.py] => total_class_num: 100
2026-07-28 15:59:09,711 [data_manager.py] => [98, 10, 4, 18, 88, 13, 8, 84, 79, 21, 85, 96, 53, 42, 52, 97, 74, 5, 58, 23, 90, 59, 16, 72, 75, 30, 43, 99, 44, 41, 0, 46, 61, 80, 65, 39, 70, 87, 89, 91, 82, 14, 12, 71, 50, 11, 15, 57, 22, 67, 45, 32, 78, 63, 66, 55, 31, 62, 35, 34, 19, 49, 24, 9, 37, 36, 3, 64, 40, 86, 81, 93, 47, 73, 17, 60, 68, 25, 38, 48, 33, 20, 83, 7, 27, 94, 54, 2, 92, 76, 69, 51, 28, 29, 95, 77, 56, 26, 6, 1]
2026-07-28 15:59:09,887 [factory.py] => Loaded ViT-B-16 model config.
2026-07-28 15:59:11,198 [factory.py] => Loading pretrained ViT-B-16 weights (/public/home/hanlida/Dr.1/pretrained_models/open_clip_pytorch_model_laion400m_e32.bin).
2026-07-28 15:59:14,617 [coda_prompt.py] => 89,828,453 total parameters.
2026-07-28 15:59:14,618 [coda_prompt.py] => 3,635,813 fc and prompt training parameters.
2026-07-28 15:59:14,618 [coda_prompt.py] => Learning on 0-10
2026-07-28 16:13:09,519 [coda_prompt.py] => Task 0, Epoch 10/10 => Loss 0.085, Train_accy 98.16, Test_accy 95.47
2026-07-28 16:13:21,899 [trainer.py] => CNN: {'total': 95.47, '00-09': 95.47, 'old': 0, 'new': 95.47, 'harmonic': 0.0}
2026-07-28 16:13:21,900 [trainer.py] => CNN top1 curve: [95.47]
2026-07-28 16:13:21,900 [trainer.py] => CNN top5 curve: [99.85]
2026-07-28 16:13:21,900 [trainer.py] => Average Accuracy (CNN top1): 95.47
2026-07-28 16:13:22,217 [coda_prompt.py] => Learning on 10-20
2026-07-28 16:28:28,304 [coda_prompt.py] => Task 1, Epoch 10/10 => Loss 0.059, Train_accy 98.73, Test_accy 90.11
2026-07-28 16:28:54,280 [trainer.py] => CNN: {'total': 90.11, '00-09': 85.65, '10-19': 94.35, 'old': 85.65, 'new': 94.35, 'harmonic': 89.79}
2026-07-28 16:28:54,312 [trainer.py] => CNN top1 curve: [95.47, 90.11]
2026-07-28 16:28:54,312 [trainer.py] => CNN top5 curve: [99.85, 99.14]
2026-07-28 16:28:54,313 [trainer.py] => Average Accuracy (CNN top1): 92.78999999999999
2026-07-28 16:28:55,100 [coda_prompt.py] => Learning on 20-30
2026-07-28 16:46:24,917 [coda_prompt.py] => Task 2, Epoch 10/10 => Loss 0.044, Train_accy 99.23, Test_accy 88.37
2026-07-28 16:46:58,512 [trainer.py] => CNN: {'total': 88.37, '00-09': 80.82, '10-19': 90.0, '20-29': 94.29, 'old': 85.52, 'new': 94.29, 'harmonic': 89.69}
2026-07-28 16:46:58,522 [trainer.py] => CNN top1 curve: [95.47, 90.11, 88.37]
2026-07-28 16:46:58,523 [trainer.py] => CNN top5 curve: [99.85, 99.14, 98.24]
2026-07-28 16:46:58,523 [trainer.py] => Average Accuracy (CNN top1): 91.31666666666666
2026-07-28 16:46:59,319 [coda_prompt.py] => Learning on 30-40
2026-07-28 17:06:12,341 [coda_prompt.py] => Task 3, Epoch 10/10 => Loss 0.063, Train_accy 98.71, Test_accy 85.31
2026-07-28 17:06:59,188 [trainer.py] => CNN: {'total': 85.31, '00-09': 79.51, '10-19': 83.87, '20-29': 86.85, '30-39': 91.03, 'old': 83.4, 'new': 91.03, 'harmonic': 87.05}
2026-07-28 17:06:59,210 [trainer.py] => CNN top1 curve: [95.47, 90.11, 88.37, 85.31]
2026-07-28 17:06:59,211 [trainer.py] => CNN top5 curve: [99.85, 99.14, 98.24, 98.03]
2026-07-28 17:06:59,211 [trainer.py] => Average Accuracy (CNN top1): 89.815
2026-07-28 17:07:00,151 [coda_prompt.py] => Learning on 40-50
2026-07-28 17:27:48,785 [coda_prompt.py] => Task 4, Epoch 10/10 => Loss 0.077, Train_accy 98.26, Test_accy 82.24
2026-07-28 17:28:46,496 [trainer.py] => CNN: {'total': 82.24, '00-09': 75.13, '10-19': 81.67, '20-29': 83.49, '30-39': 85.03, '40-49': 85.86, 'old': 81.34, 'new': 85.86, 'harmonic': 83.54}
2026-07-28 17:28:46,519 [trainer.py] => CNN top1 curve: [95.47, 90.11, 88.37, 85.31, 82.24]
2026-07-28 17:28:46,519 [trainer.py] => CNN top5 curve: [99.85, 99.14, 98.24, 98.03, 96.76]
2026-07-28 17:28:46,519 [trainer.py] => Average Accuracy (CNN top1): 88.3
2026-07-28 17:28:47,670 [coda_prompt.py] => Learning on 50-60
2026-07-28 17:51:53,302 [coda_prompt.py] => Task 5, Epoch 10/10 => Loss 0.039, Train_accy 99.48, Test_accy 76.81
2026-07-28 17:53:00,183 [trainer.py] => CNN: {'total': 76.81, '00-09': 68.38, '10-19': 72.38, '20-29': 75.79, '30-39': 74.47, '40-49': 78.39, '50-59': 91.36, 'old': 73.87, 'new': 91.36, 'harmonic': 81.69}
2026-07-28 17:53:00,216 [trainer.py] => CNN top1 curve: [95.47, 90.11, 88.37, 85.31, 82.24, 76.81]
2026-07-28 17:53:00,216 [trainer.py] => CNN top5 curve: [99.85, 99.14, 98.24, 98.03, 96.76, 95.46]
2026-07-28 17:53:00,216 [trainer.py] => Average Accuracy (CNN top1): 86.38499999999999
2026-07-28 17:53:01,564 [coda_prompt.py] => Learning on 60-70
2026-07-28 18:17:18,529 [coda_prompt.py] => Task 6, Epoch 10/10 => Loss 0.048, Train_accy 99.04, Test_accy 76.26
2026-07-28 18:18:35,854 [trainer.py] => CNN: {'total': 76.26, '00-09': 67.27, '10-19': 73.0, '20-29': 76.45, '30-39': 71.79, '40-49': 73.17, '50-59': 85.22, '60-69': 87.02, 'old': 74.51, 'new': 87.02, 'harmonic': 80.28}
2026-07-28 18:18:35,881 [trainer.py] => CNN top1 curve: [95.47, 90.11, 88.37, 85.31, 82.24, 76.81, 76.26]
2026-07-28 18:18:35,881 [trainer.py] => CNN top5 curve: [99.85, 99.14, 98.24, 98.03, 96.76, 95.46, 94.66]
2026-07-28 18:18:35,881 [trainer.py] => Average Accuracy (CNN top1): 84.93857142857142
2026-07-28 18:18:37,514 [coda_prompt.py] => Learning on 70-80
2026-07-28 18:45:25,691 [coda_prompt.py] => Task 7, Epoch 10/10 => Loss 0.046, Train_accy 99.08, Test_accy 70.72
2026-07-28 18:46:50,364 [trainer.py] => CNN: {'total': 70.72, '00-09': 59.32, '10-19': 68.02, '20-29': 64.42, '30-39': 63.81, '40-49': 67.25, '50-59': 79.87, '60-69': 75.15, '70-79': 87.65, 'old': 68.29, 'new': 87.65, 'harmonic': 76.77}
2026-07-28 18:46:50,374 [trainer.py] => CNN top1 curve: [95.47, 90.11, 88.37, 85.31, 82.24, 76.81, 76.26, 70.72]
2026-07-28 18:46:50,374 [trainer.py] => CNN top5 curve: [99.85, 99.14, 98.24, 98.03, 96.76, 95.46, 94.66, 93.3]
2026-07-28 18:46:50,374 [trainer.py] => Average Accuracy (CNN top1): 83.16125
2026-07-28 18:46:52,076 [coda_prompt.py] => Learning on 80-90
2026-07-28 19:14:58,095 [coda_prompt.py] => Task 8, Epoch 10/10 => Loss 0.029, Train_accy 99.52, Test_accy 68.13
2026-07-28 19:16:37,135 [trainer.py] => CNN: {'total': 68.13, '00-09': 59.11, '10-19': 64.1, '20-29': 60.24, '30-39': 56.42, '40-49': 63.69, '50-59': 76.58, '60-69': 67.65, '70-79': 73.91, '80-89': 91.91, 'old': 65.25, 'new': 91.91, 'harmonic': 76.32}
2026-07-28 19:16:37,158 [trainer.py] => CNN top1 curve: [95.47, 90.11, 88.37, 85.31, 82.24, 76.81, 76.26, 70.72, 68.13]
2026-07-28 19:16:37,159 [trainer.py] => CNN top5 curve: [99.85, 99.14, 98.24, 98.03, 96.76, 95.46, 94.66, 93.3, 91.23]
2026-07-28 19:16:37,159 [trainer.py] => Average Accuracy (CNN top1): 81.49111111111111
2026-07-28 19:16:40,082 [coda_prompt.py] => Learning on 90-100
2026-07-28 19:46:16,261 [coda_prompt.py] => Task 9, Epoch 10/10 => Loss 0.043, Train_accy 99.18, Test_accy 68.52
2026-07-28 19:48:00,828 [trainer.py] => CNN: {'total': 68.52, '00-09': 63.29, '10-19': 63.91, '20-29': 65.19, '30-39': 60.39, '40-49': 61.38, '50-59': 68.83, '60-69': 62.53, '70-79': 69.35, '80-89': 82.64, '90-99': 88.27, 'old': 66.35, 'new': 88.27, 'harmonic': 75.76}
2026-07-28 19:48:00,856 [trainer.py] => CNN top1 curve: [95.47, 90.11, 88.37, 85.31, 82.24, 76.81, 76.26, 70.72, 68.13, 68.52]
2026-07-28 19:48:00,856 [trainer.py] => CNN top5 curve: [99.85, 99.14, 98.24, 98.03, 96.76, 95.46, 94.66, 93.3, 91.23, 91.49]
2026-07-28 19:48:00,856 [trainer.py] => Average Accuracy (CNN top1): 80.19399999999999
