2026-07-26 07:09:31,920 [trainer.py] => config: ./configs/coda_prompt/coda_prompt_inr_B100_Inc20.json
2026-07-26 07:09:31,921 [trainer.py] => prefix: -
2026-07-26 07:09:31,921 [trainer.py] => dataset: imagenetr
2026-07-26 07:09:31,921 [trainer.py] => memory_size: 0
2026-07-26 07:09:31,921 [trainer.py] => memory_per_class: 0
2026-07-26 07:09:31,921 [trainer.py] => fixed_memory: False
2026-07-26 07:09:31,921 [trainer.py] => shuffle: True
2026-07-26 07:09:31,921 [trainer.py] => init_cls: 100
2026-07-26 07:09:31,921 [trainer.py] => increment: 20
2026-07-26 07:09:31,921 [trainer.py] => model_name: coda
2026-07-26 07:09:31,921 [trainer.py] => class_num: 200
2026-07-26 07:09:31,921 [trainer.py] => nb_tasks: 6
2026-07-26 07:09:31,921 [trainer.py] => backbone_type: clip
2026-07-26 07:09:31,921 [trainer.py] => device: [device(type='cuda', index=3)]
2026-07-26 07:09:31,921 [trainer.py] => seed: 42
2026-07-26 07:09:31,921 [trainer.py] => tuned_epoch: 10
2026-07-26 07:09:31,921 [trainer.py] => init_lr: 0.001
2026-07-26 07:09:31,921 [trainer.py] => batch_size: 48
2026-07-26 07:09:31,921 [trainer.py] => weight_decay: 0
2026-07-26 07:09:31,921 [trainer.py] => min_lr: 1e-05
2026-07-26 07:09:31,921 [trainer.py] => optimizer: adam
2026-07-26 07:09:31,921 [trainer.py] => scheduler: cosine
2026-07-26 07:09:31,921 [trainer.py] => reinit_optimizer: True
2026-07-26 07:09:31,922 [trainer.py] => pretrained: True
2026-07-26 07:09:31,922 [trainer.py] => drop: 0.0
2026-07-26 07:09:31,922 [trainer.py] => drop_path: 0.0
2026-07-26 07:09:31,922 [trainer.py] => prompt_param: [100, 8.0, 0.0]
2026-07-26 07:09:31,922 [trainer.py] => total_class_num: 200
2026-07-26 07:09:32,691 [data_manager.py] => [95, 15, 30, 158, 128, 115, 69, 170, 174, 45, 66, 182, 165, 78, 186, 177, 56, 152, 82, 68, 124, 16, 148, 93, 65, 60, 84, 67, 125, 132, 9, 18, 55, 75, 150, 104, 135, 137, 164, 76, 79, 197, 38, 24, 122, 195, 29, 19, 143, 86, 114, 173, 5, 126, 117, 73, 140, 98, 172, 96, 169, 97, 31, 12, 35, 119, 42, 189, 90, 136, 51, 127, 162, 41, 118, 113, 26, 139, 100, 111, 2, 77, 46, 187, 191, 85, 161, 36, 190, 61, 22, 141, 101, 33, 11, 194, 159, 6, 27, 120, 4, 32, 142, 145, 109, 144, 10, 62, 112, 146, 166, 0, 198, 153, 70, 123, 64, 44, 163, 28, 40, 108, 155, 156, 25, 23, 184, 147, 81, 39, 168, 47, 94, 154, 43, 138, 3, 105, 53, 133, 180, 178, 185, 49, 80, 34, 7, 110, 91, 83, 176, 181, 89, 8, 13, 59, 171, 131, 17, 72, 175, 134, 167, 183, 63, 54, 107, 50, 196, 58, 48, 88, 21, 57, 160, 192, 129, 37, 157, 193, 1, 52, 149, 130, 151, 103, 99, 116, 87, 74, 121, 199, 20, 188, 71, 106, 14, 92, 179, 102]
2026-07-26 07:09:32,831 [factory.py] => Loaded ViT-B-16 model config.
2026-07-26 07:09:34,122 [factory.py] => Loading pretrained ViT-B-16 weights (/public/home/hanlida/Dr.1/pretrained_models/open_clip_pytorch_model_laion400m_e32.bin).
2026-07-26 07:09:39,080 [coda_prompt.py] => 89,879,240 total parameters.
2026-07-26 07:09:39,080 [coda_prompt.py] => 3,686,600 fc and prompt training parameters.
2026-07-26 07:09:39,080 [coda_prompt.py] => Learning on 0-100
2026-07-26 07:40:46,770 [coda_prompt.py] => Task 0, Epoch 10/10 => Loss 0.253, Train_accy 95.27, Test_accy 87.57
2026-07-26 07:41:06,335 [trainer.py] => CNN: {'total': 87.57, '00-09': 85.42, '10-19': 90.73, '20-29': 82.03, '30-39': 89.27, '40-49': 86.88, '50-59': 81.21, '60-69': 91.75, '70-79': 87.91, '80-89': 91.16, '90-99': 87.7, 'old': 0, 'new': 87.57, 'harmonic': 0.0}
2026-07-26 07:41:06,336 [trainer.py] => CNN top1 curve: [87.57]
2026-07-26 07:41:06,336 [trainer.py] => CNN top5 curve: [97.53]
2026-07-26 07:41:06,336 [trainer.py] => Average Accuracy (CNN top1): 87.57
2026-07-26 07:41:07,257 [coda_prompt.py] => Learning on 100-120
2026-07-26 07:51:07,283 [coda_prompt.py] => Task 1, Epoch 10/10 => Loss 0.170, Train_accy 98.39, Test_accy 78.58
2026-07-26 07:51:31,413 [trainer.py] => CNN: {'total': 78.58, '00-09': 86.46, '10-19': 88.2, '20-29': 81.64, '30-39': 88.98, '40-49': 85.94, '50-59': 78.03, '60-69': 89.84, '70-79': 86.93, '80-89': 88.1, '90-99': 84.92, '100-109': 20.89, '110-119': 43.04, 'old': 85.99, 'new': 33.71, 'harmonic': 48.43}
2026-07-26 07:51:31,414 [trainer.py] => CNN top1 curve: [87.57, 78.58]
2026-07-26 07:51:31,414 [trainer.py] => CNN top5 curve: [97.53, 95.12]
2026-07-26 07:51:31,414 [trainer.py] => Average Accuracy (CNN top1): 83.07499999999999
2026-07-26 07:51:32,963 [coda_prompt.py] => Learning on 120-140
2026-07-26 08:02:03,396 [coda_prompt.py] => Task 2, Epoch 10/10 => Loss 0.231, Train_accy 97.34, Test_accy 69.24
2026-07-26 08:02:44,586 [trainer.py] => CNN: {'total': 69.24, '00-09': 84.38, '10-19': 89.04, '20-29': 78.12, '30-39': 88.7, '40-49': 84.69, '50-59': 78.34, '60-69': 87.3, '70-79': 86.6, '80-89': 89.8, '90-99': 84.45, '100-109': 17.78, '110-119': 37.86, '120-129': 9.7, '130-139': 9.39, 'old': 77.39, 'new': 9.53, 'harmonic': 16.97}
2026-07-26 08:02:44,609 [trainer.py] => CNN top1 curve: [87.57, 78.58, 69.24]
2026-07-26 08:02:44,610 [trainer.py] => CNN top5 curve: [97.53, 95.12, 92.06]
2026-07-26 08:02:44,610 [trainer.py] => Average Accuracy (CNN top1): 78.46333333333332
2026-07-26 08:02:50,917 [coda_prompt.py] => Learning on 140-160
2026-07-26 08:15:37,146 [coda_prompt.py] => Task 3, Epoch 10/10 => Loss 0.129, Train_accy 98.73, Test_accy 63.28
2026-07-26 08:16:24,308 [trainer.py] => CNN: {'total': 63.28, '00-09': 81.6, '10-19': 88.2, '20-29': 78.12, '30-39': 86.44, '40-49': 84.06, '50-59': 77.71, '60-69': 87.62, '70-79': 83.33, '80-89': 89.12, '90-99': 84.45, '100-109': 17.78, '110-119': 38.19, '120-129': 8.02, '130-139': 6.86, '140-149': 24.55, '150-159': 28.81, 'old': 68.22, 'new': 26.77, 'harmonic': 38.45}
2026-07-26 08:16:24,340 [trainer.py] => CNN top1 curve: [87.57, 78.58, 69.24, 63.28]
2026-07-26 08:16:24,341 [trainer.py] => CNN top5 curve: [97.53, 95.12, 92.06, 90.48]
2026-07-26 08:16:24,348 [trainer.py] => Average Accuracy (CNN top1): 74.66749999999999
2026-07-26 08:16:35,564 [coda_prompt.py] => Learning on 160-180
2026-07-26 08:30:06,682 [coda_prompt.py] => Task 4, Epoch 10/10 => Loss 0.155, Train_accy 97.82, Test_accy 59.31
2026-07-26 08:30:59,800 [trainer.py] => CNN: {'total': 59.31, '00-09': 82.99, '10-19': 89.04, '20-29': 76.17, '30-39': 84.18, '40-49': 81.25, '50-59': 77.71, '60-69': 85.08, '70-79': 83.66, '80-89': 87.76, '90-99': 86.54, '100-109': 15.56, '110-119': 37.22, '120-129': 8.02, '130-139': 9.03, '140-149': 21.3, '150-159': 26.49, '160-169': 32.21, '170-179': 35.02, 'old': 62.56, 'new': 33.66, 'harmonic': 43.77}
2026-07-26 08:30:59,823 [trainer.py] => CNN top1 curve: [87.57, 78.58, 69.24, 63.28, 59.31]
2026-07-26 08:30:59,823 [trainer.py] => CNN top5 curve: [97.53, 95.12, 92.06, 90.48, 89.39]
2026-07-26 08:30:59,823 [trainer.py] => Average Accuracy (CNN top1): 71.59599999999999
2026-07-26 08:31:12,410 [coda_prompt.py] => Learning on 180-200
2026-07-26 08:44:25,199 [coda_prompt.py] => Task 5, Epoch 10/10 => Loss 0.181, Train_accy 97.71, Test_accy 53.80
2026-07-26 08:45:20,709 [trainer.py] => CNN: {'total': 53.8, '00-09': 79.86, '10-19': 89.04, '20-29': 78.12, '30-39': 86.44, '40-49': 81.25, '50-59': 77.07, '60-69': 85.08, '70-79': 82.35, '80-89': 88.1, '90-99': 84.45, '100-109': 14.67, '110-119': 32.36, '120-129': 9.28, '130-139': 6.14, '140-149': 18.05, '150-159': 27.81, '160-169': 21.81, '170-179': 26.18, '180-189': 11.02, '190-199': 17.36, 'old': 57.56, 'new': 14.5, 'harmonic': 23.16}
2026-07-26 08:45:20,747 [trainer.py] => CNN top1 curve: [87.57, 78.58, 69.24, 63.28, 59.31, 53.8]
2026-07-26 08:45:20,747 [trainer.py] => CNN top5 curve: [97.53, 95.12, 92.06, 90.48, 89.39, 87.33]
2026-07-26 08:45:20,747 [trainer.py] => Average Accuracy (CNN top1): 68.63
