2026-07-26 08:45:20,759 [trainer.py] => config: ./configs/coda_prompt/coda_prompt_inr_B100_Inc20.json
2026-07-26 08:45:20,760 [trainer.py] => prefix: -
2026-07-26 08:45:20,760 [trainer.py] => dataset: imagenetr
2026-07-26 08:45:20,760 [trainer.py] => memory_size: 0
2026-07-26 08:45:20,760 [trainer.py] => memory_per_class: 0
2026-07-26 08:45:20,760 [trainer.py] => fixed_memory: False
2026-07-26 08:45:20,760 [trainer.py] => shuffle: True
2026-07-26 08:45:20,760 [trainer.py] => init_cls: 100
2026-07-26 08:45:20,760 [trainer.py] => increment: 20
2026-07-26 08:45:20,760 [trainer.py] => model_name: coda
2026-07-26 08:45:20,760 [trainer.py] => class_num: 200
2026-07-26 08:45:20,760 [trainer.py] => nb_tasks: 6
2026-07-26 08:45:20,760 [trainer.py] => backbone_type: clip
2026-07-26 08:45:20,760 [trainer.py] => device: [device(type='cuda', index=3)]
2026-07-26 08:45:20,761 [trainer.py] => seed: 2026
2026-07-26 08:45:20,761 [trainer.py] => tuned_epoch: 10
2026-07-26 08:45:20,761 [trainer.py] => init_lr: 0.001
2026-07-26 08:45:20,761 [trainer.py] => batch_size: 48
2026-07-26 08:45:20,761 [trainer.py] => weight_decay: 0
2026-07-26 08:45:20,761 [trainer.py] => min_lr: 1e-05
2026-07-26 08:45:20,761 [trainer.py] => optimizer: adam
2026-07-26 08:45:20,761 [trainer.py] => scheduler: cosine
2026-07-26 08:45:20,761 [trainer.py] => reinit_optimizer: True
2026-07-26 08:45:20,761 [trainer.py] => pretrained: True
2026-07-26 08:45:20,761 [trainer.py] => drop: 0.0
2026-07-26 08:45:20,761 [trainer.py] => drop_path: 0.0
2026-07-26 08:45:20,761 [trainer.py] => prompt_param: [100, 8.0, 0.0]
2026-07-26 08:45:20,761 [trainer.py] => total_class_num: 200
2026-07-26 08:45:21,381 [data_manager.py] => [115, 91, 15, 57, 123, 5, 193, 196, 88, 185, 191, 168, 90, 80, 106, 146, 188, 118, 44, 151, 24, 56, 42, 127, 113, 119, 197, 194, 99, 12, 65, 71, 131, 6, 46, 186, 126, 31, 117, 30, 110, 82, 102, 165, 11, 76, 53, 138, 199, 18, 163, 149, 84, 133, 170, 189, 52, 104, 45, 114, 41, 23, 160, 171, 172, 169, 177, 142, 94, 50, 128, 39, 59, 120, 107, 162, 124, 9, 74, 198, 62, 174, 166, 122, 141, 81, 10, 63, 176, 100, 136, 187, 129, 16, 72, 147, 54, 0, 98, 150, 92, 155, 4, 167, 125, 97, 153, 8, 83, 159, 85, 86, 13, 34, 173, 93, 180, 33, 21, 132, 190, 87, 121, 108, 103, 145, 37, 158, 69, 89, 2, 19, 67, 175, 51, 78, 43, 64, 66, 143, 61, 20, 144, 154, 183, 14, 140, 139, 75, 79, 22, 58, 101, 109, 32, 178, 73, 164, 55, 35, 49, 152, 137, 36, 3, 40, 70, 95, 105, 181, 157, 47, 192, 17, 60, 112, 68, 25, 38, 48, 161, 148, 111, 135, 96, 7, 27, 182, 130, 28, 179, 156, 116, 29, 195, 77, 184, 26, 134, 1]
2026-07-26 08:45:21,559 [factory.py] => Loaded ViT-B-16 model config.
2026-07-26 08:45:22,806 [factory.py] => Loading pretrained ViT-B-16 weights (/public/home/hanlida/Dr.1/pretrained_models/open_clip_pytorch_model_laion400m_e32.bin).
2026-07-26 08:45:27,704 [coda_prompt.py] => 89,879,240 total parameters.
2026-07-26 08:45:27,705 [coda_prompt.py] => 3,686,600 fc and prompt training parameters.
2026-07-26 08:45:27,705 [coda_prompt.py] => Learning on 0-100
2026-07-26 09:14:37,616 [coda_prompt.py] => Task 0, Epoch 10/10 => Loss 0.237, Train_accy 95.80, Test_accy 87.61
2026-07-26 09:15:04,789 [trainer.py] => CNN: {'total': 87.61, '00-09': 86.84, '10-19': 87.58, '20-29': 83.06, '30-39': 89.13, '40-49': 85.56, '50-59': 90.12, '60-69': 90.0, '70-79': 85.81, '80-89': 87.32, '90-99': 90.56, 'old': 0, 'new': 87.61, 'harmonic': 0.0}
2026-07-26 09:15:04,789 [trainer.py] => CNN top1 curve: [87.61]
2026-07-26 09:15:04,789 [trainer.py] => CNN top5 curve: [97.21]
2026-07-26 09:15:04,789 [trainer.py] => Average Accuracy (CNN top1): 87.61
2026-07-26 09:15:08,895 [coda_prompt.py] => Learning on 100-120
2026-07-26 09:26:32,443 [coda_prompt.py] => Task 1, Epoch 10/10 => Loss 0.186, Train_accy 97.36, Test_accy 76.10
2026-07-26 09:27:09,930 [trainer.py] => CNN: {'total': 76.1, '00-09': 85.86, '10-19': 85.99, '20-29': 83.47, '30-39': 88.04, '40-49': 81.89, '50-59': 88.54, '60-69': 89.0, '70-79': 84.46, '80-89': 83.78, '90-99': 90.56, '100-109': 22.46, '110-119': 38.7, 'old': 86.05, 'new': 30.93, 'harmonic': 45.5}
2026-07-26 09:27:09,936 [trainer.py] => CNN top1 curve: [87.61, 76.1]
2026-07-26 09:27:09,936 [trainer.py] => CNN top5 curve: [97.21, 94.92]
2026-07-26 09:27:09,936 [trainer.py] => Average Accuracy (CNN top1): 81.85499999999999
2026-07-26 09:27:16,833 [coda_prompt.py] => Learning on 120-140
2026-07-26 09:38:02,693 [coda_prompt.py] => Task 2, Epoch 10/10 => Loss 0.143, Train_accy 98.35, Test_accy 69.07
2026-07-26 09:38:44,281 [trainer.py] => CNN: {'total': 69.07, '00-09': 84.54, '10-19': 84.39, '20-29': 79.75, '30-39': 86.68, '40-49': 81.63, '50-59': 86.17, '60-69': 88.0, '70-79': 82.77, '80-89': 83.48, '90-99': 88.81, '100-109': 22.15, '110-119': 34.18, '120-129': 31.09, '130-139': 19.81, 'old': 74.48, 'new': 26.16, 'harmonic': 38.72}
2026-07-26 09:38:44,305 [trainer.py] => CNN top1 curve: [87.61, 76.1, 69.07]
2026-07-26 09:38:44,305 [trainer.py] => CNN top5 curve: [97.21, 94.92, 93.11]
2026-07-26 09:38:44,306 [trainer.py] => Average Accuracy (CNN top1): 77.59333333333332
2026-07-26 09:38:50,311 [coda_prompt.py] => Learning on 140-160
2026-07-26 09:50:27,250 [coda_prompt.py] => Task 3, Epoch 10/10 => Loss 0.162, Train_accy 98.53, Test_accy 61.71
2026-07-26 09:51:06,236 [trainer.py] => CNN: {'total': 61.71, '00-09': 83.22, '10-19': 85.35, '20-29': 78.93, '30-39': 83.97, '40-49': 79.53, '50-59': 82.21, '60-69': 87.67, '70-79': 83.45, '80-89': 83.19, '90-99': 88.11, '100-109': 20.31, '110-119': 32.77, '120-129': 30.71, '130-139': 17.39, '140-149': 21.62, '150-159': 7.55, 'old': 67.89, 'new': 14.97, 'harmonic': 24.53}
2026-07-26 09:51:06,255 [trainer.py] => CNN top1 curve: [87.61, 76.1, 69.07, 61.71]
2026-07-26 09:51:06,255 [trainer.py] => CNN top5 curve: [97.21, 94.92, 93.11, 91.41]
2026-07-26 09:51:06,255 [trainer.py] => Average Accuracy (CNN top1): 73.62249999999999
2026-07-26 09:51:09,736 [coda_prompt.py] => Learning on 160-180
2026-07-26 10:03:06,741 [coda_prompt.py] => Task 4, Epoch 10/10 => Loss 0.202, Train_accy 97.95, Test_accy 55.94
2026-07-26 10:03:38,248 [trainer.py] => CNN: {'total': 55.94, '00-09': 82.57, '10-19': 85.67, '20-29': 76.45, '30-39': 84.24, '40-49': 79.53, '50-59': 86.56, '60-69': 89.33, '70-79': 82.77, '80-89': 81.42, '90-99': 86.01, '100-109': 16.0, '110-119': 31.36, '120-129': 31.46, '130-139': 17.39, '140-149': 16.55, '150-159': 7.17, '160-169': 15.62, '170-179': 2.6, 'old': 60.93, 'new': 9.83, 'harmonic': 16.93}
2026-07-26 10:03:38,281 [trainer.py] => CNN top1 curve: [87.61, 76.1, 69.07, 61.71, 55.94]
2026-07-26 10:03:38,282 [trainer.py] => CNN top5 curve: [97.21, 94.92, 93.11, 91.41, 89.5]
2026-07-26 10:03:38,282 [trainer.py] => Average Accuracy (CNN top1): 70.08599999999998
2026-07-26 10:03:46,315 [coda_prompt.py] => Learning on 180-200
2026-07-26 10:18:02,961 [coda_prompt.py] => Task 5, Epoch 10/10 => Loss 0.131, Train_accy 98.68, Test_accy 52.73
2026-07-26 10:19:00,159 [trainer.py] => CNN: {'total': 52.73, '00-09': 82.57, '10-19': 84.39, '20-29': 79.34, '30-39': 85.05, '40-49': 79.53, '50-59': 85.38, '60-69': 89.0, '70-79': 81.76, '80-89': 83.19, '90-99': 87.76, '100-109': 16.62, '110-119': 33.05, '120-129': 29.59, '130-139': 9.66, '140-149': 12.84, '150-159': 6.04, '160-169': 13.89, '170-179': 1.3, '180-189': 17.51, '190-199': 46.36, 'old': 55.47, 'new': 31.43, 'harmonic': 40.12}
2026-07-26 10:19:00,186 [trainer.py] => CNN top1 curve: [87.61, 76.1, 69.07, 61.71, 55.94, 52.73]
2026-07-26 10:19:00,186 [trainer.py] => CNN top5 curve: [97.21, 94.92, 93.11, 91.41, 89.5, 88.93]
2026-07-26 10:19:00,186 [trainer.py] => Average Accuracy (CNN top1): 67.19333333333333
