2026-07-26 03:45:45,715 [trainer.py] => config: ./configs/coda_prompt/coda_prompt_inr_B0_Inc20.json
2026-07-26 03:45:45,715 [trainer.py] => prefix: -
2026-07-26 03:45:45,715 [trainer.py] => dataset: imagenetr
2026-07-26 03:45:45,715 [trainer.py] => memory_size: 0
2026-07-26 03:45:45,715 [trainer.py] => memory_per_class: 0
2026-07-26 03:45:45,716 [trainer.py] => fixed_memory: False
2026-07-26 03:45:45,716 [trainer.py] => shuffle: True
2026-07-26 03:45:45,716 [trainer.py] => init_cls: 20
2026-07-26 03:45:45,716 [trainer.py] => increment: 20
2026-07-26 03:45:45,716 [trainer.py] => model_name: coda
2026-07-26 03:45:45,716 [trainer.py] => class_num: 200
2026-07-26 03:45:45,716 [trainer.py] => nb_tasks: 10
2026-07-26 03:45:45,716 [trainer.py] => backbone_type: clip
2026-07-26 03:45:45,716 [trainer.py] => device: [device(type='cuda', index=3)]
2026-07-26 03:45:45,717 [trainer.py] => seed: 2026
2026-07-26 03:45:45,717 [trainer.py] => tuned_epoch: 10
2026-07-26 03:45:45,717 [trainer.py] => init_lr: 0.001
2026-07-26 03:45:45,717 [trainer.py] => batch_size: 48
2026-07-26 03:45:45,717 [trainer.py] => weight_decay: 0
2026-07-26 03:45:45,717 [trainer.py] => min_lr: 1e-05
2026-07-26 03:45:45,717 [trainer.py] => optimizer: adam
2026-07-26 03:45:45,717 [trainer.py] => scheduler: cosine
2026-07-26 03:45:45,717 [trainer.py] => reinit_optimizer: True
2026-07-26 03:45:45,717 [trainer.py] => pretrained: True
2026-07-26 03:45:45,718 [trainer.py] => drop: 0.0
2026-07-26 03:45:45,718 [trainer.py] => drop_path: 0.0
2026-07-26 03:45:45,718 [trainer.py] => prompt_param: [100, 8.0, 0.0]
2026-07-26 03:45:45,718 [trainer.py] => total_class_num: 200
2026-07-26 03:45:46,469 [data_manager.py] => [115, 91, 15, 57, 123, 5, 193, 196, 88, 185, 191, 168, 90, 80, 106, 146, 188, 118, 44, 151, 24, 56, 42, 127, 113, 119, 197, 194, 99, 12, 65, 71, 131, 6, 46, 186, 126, 31, 117, 30, 110, 82, 102, 165, 11, 76, 53, 138, 199, 18, 163, 149, 84, 133, 170, 189, 52, 104, 45, 114, 41, 23, 160, 171, 172, 169, 177, 142, 94, 50, 128, 39, 59, 120, 107, 162, 124, 9, 74, 198, 62, 174, 166, 122, 141, 81, 10, 63, 176, 100, 136, 187, 129, 16, 72, 147, 54, 0, 98, 150, 92, 155, 4, 167, 125, 97, 153, 8, 83, 159, 85, 86, 13, 34, 173, 93, 180, 33, 21, 132, 190, 87, 121, 108, 103, 145, 37, 158, 69, 89, 2, 19, 67, 175, 51, 78, 43, 64, 66, 143, 61, 20, 144, 154, 183, 14, 140, 139, 75, 79, 22, 58, 101, 109, 32, 178, 73, 164, 55, 35, 49, 152, 137, 36, 3, 40, 70, 95, 105, 181, 157, 47, 192, 17, 60, 112, 68, 25, 38, 48, 161, 148, 111, 135, 96, 7, 27, 182, 130, 28, 179, 156, 116, 29, 195, 77, 184, 26, 134, 1]
2026-07-26 03:45:46,549 [factory.py] => Loaded ViT-B-16 model config.
2026-07-26 03:45:47,723 [factory.py] => Loading pretrained ViT-B-16 weights (/public/home/hanlida/Dr.1/pretrained_models/open_clip_pytorch_model_laion400m_e32.bin).
2026-07-26 03:45:57,013 [coda_prompt.py] => 89,879,240 total parameters.
2026-07-26 03:45:57,014 [coda_prompt.py] => 3,686,600 fc and prompt training parameters.
2026-07-26 03:45:57,014 [coda_prompt.py] => Learning on 0-20
2026-07-26 03:52:26,363 [coda_prompt.py] => Task 0, Epoch 10/10 => Loss 0.338, Train_accy 96.74, Test_accy 94.98
2026-07-26 03:52:31,843 [trainer.py] => CNN: {'total': 94.98, '00-09': 95.07, '10-19': 94.9, 'old': 0, 'new': 94.98, 'harmonic': 0.0}
2026-07-26 03:52:31,843 [trainer.py] => CNN top1 curve: [94.98]
2026-07-26 03:52:31,843 [trainer.py] => CNN top5 curve: [99.51]
2026-07-26 03:52:31,844 [trainer.py] => Average Accuracy (CNN top1): 94.98
2026-07-26 03:52:32,424 [coda_prompt.py] => Learning on 20-40
2026-07-26 04:02:31,580 [coda_prompt.py] => Task 1, Epoch 10/10 => Loss 0.285, Train_accy 96.92, Test_accy 90.15
2026-07-26 04:02:40,593 [trainer.py] => CNN: {'total': 90.15, '00-09': 89.47, '10-19': 91.08, '20-29': 87.6, '30-39': 91.58, 'old': 90.29, 'new': 90.0, 'harmonic': 90.14}
2026-07-26 04:02:40,593 [trainer.py] => CNN top1 curve: [94.98, 90.15]
2026-07-26 04:02:40,593 [trainer.py] => CNN top5 curve: [99.51, 98.53]
2026-07-26 04:02:40,594 [trainer.py] => Average Accuracy (CNN top1): 92.565
2026-07-26 04:02:41,316 [coda_prompt.py] => Learning on 40-60
2026-07-26 04:10:48,039 [coda_prompt.py] => Task 2, Epoch 10/10 => Loss 0.258, Train_accy 96.42, Test_accy 86.25
2026-07-26 04:11:05,768 [trainer.py] => CNN: {'total': 86.25, '00-09': 85.53, '10-19': 82.17, '20-29': 85.54, '30-39': 85.33, '40-49': 88.98, '50-59': 90.12, 'old': 84.61, 'new': 89.43, 'harmonic': 86.95}
2026-07-26 04:11:05,768 [trainer.py] => CNN top1 curve: [94.98, 90.15, 86.25]
2026-07-26 04:11:05,768 [trainer.py] => CNN top5 curve: [99.51, 98.53, 96.99]
2026-07-26 04:11:05,768 [trainer.py] => Average Accuracy (CNN top1): 90.46
2026-07-26 04:11:10,472 [coda_prompt.py] => Learning on 60-80
2026-07-26 04:20:14,368 [coda_prompt.py] => Task 3, Epoch 10/10 => Loss 0.257, Train_accy 96.59, Test_accy 83.97
2026-07-26 04:20:39,887 [trainer.py] => CNN: {'total': 83.97, '00-09': 83.22, '10-19': 78.34, '20-29': 81.4, '30-39': 81.52, '40-49': 86.09, '50-59': 88.93, '60-69': 88.33, '70-79': 84.46, 'old': 83.19, 'new': 86.41, 'harmonic': 84.77}
2026-07-26 04:20:39,888 [trainer.py] => CNN top1 curve: [94.98, 90.15, 86.25, 83.97]
2026-07-26 04:20:39,888 [trainer.py] => CNN top5 curve: [99.51, 98.53, 96.99, 95.57]
2026-07-26 04:20:39,888 [trainer.py] => Average Accuracy (CNN top1): 88.8375
2026-07-26 04:20:41,780 [coda_prompt.py] => Learning on 80-100
2026-07-26 04:31:03,622 [coda_prompt.py] => Task 4, Epoch 10/10 => Loss 0.217, Train_accy 97.48, Test_accy 82.39
2026-07-26 04:31:22,118 [trainer.py] => CNN: {'total': 82.39, '00-09': 80.92, '10-19': 75.48, '20-29': 76.45, '30-39': 80.71, '40-49': 82.15, '50-59': 87.35, '60-69': 86.33, '70-79': 84.12, '80-89': 84.66, '90-99': 86.01, 'old': 81.65, 'new': 85.28, 'harmonic': 83.43}
2026-07-26 04:31:22,118 [trainer.py] => CNN top1 curve: [94.98, 90.15, 86.25, 83.97, 82.39]
2026-07-26 04:31:22,118 [trainer.py] => CNN top5 curve: [99.51, 98.53, 96.99, 95.57, 94.94]
2026-07-26 04:31:22,118 [trainer.py] => Average Accuracy (CNN top1): 87.548
2026-07-26 04:31:24,352 [coda_prompt.py] => Learning on 100-120
2026-07-26 04:43:43,530 [coda_prompt.py] => Task 5, Epoch 10/10 => Loss 0.237, Train_accy 96.17, Test_accy 80.09
2026-07-26 04:44:07,419 [trainer.py] => CNN: {'total': 80.09, '00-09': 80.26, '10-19': 75.8, '20-29': 74.79, '30-39': 80.16, '40-49': 80.84, '50-59': 84.19, '60-69': 80.67, '70-79': 78.72, '80-89': 79.65, '90-99': 81.12, '100-109': 77.85, '110-119': 85.88, 'old': 79.66, 'new': 82.03, 'harmonic': 80.83}
2026-07-26 04:44:07,420 [trainer.py] => CNN top1 curve: [94.98, 90.15, 86.25, 83.97, 82.39, 80.09]
2026-07-26 04:44:07,420 [trainer.py] => CNN top5 curve: [99.51, 98.53, 96.99, 95.57, 94.94, 94.42]
2026-07-26 04:44:07,420 [trainer.py] => Average Accuracy (CNN top1): 86.305
2026-07-26 04:44:09,076 [coda_prompt.py] => Learning on 120-140
2026-07-26 04:54:11,368 [coda_prompt.py] => Task 6, Epoch 10/10 => Loss 0.181, Train_accy 97.75, Test_accy 78.45
2026-07-26 04:54:46,825 [trainer.py] => CNN: {'total': 78.45, '00-09': 79.28, '10-19': 74.2, '20-29': 70.66, '30-39': 77.45, '40-49': 79.53, '50-59': 80.63, '60-69': 78.67, '70-79': 79.05, '80-89': 79.35, '90-99': 82.87, '100-109': 72.62, '110-119': 79.94, '120-129': 84.27, '130-139': 80.19, 'old': 77.94, 'new': 82.49, 'harmonic': 80.15}
2026-07-26 04:54:46,841 [trainer.py] => CNN top1 curve: [94.98, 90.15, 86.25, 83.97, 82.39, 80.09, 78.45]
2026-07-26 04:54:46,841 [trainer.py] => CNN top5 curve: [99.51, 98.53, 96.99, 95.57, 94.94, 94.42, 93.79]
2026-07-26 04:54:46,842 [trainer.py] => Average Accuracy (CNN top1): 85.18285714285716
2026-07-26 04:54:54,496 [coda_prompt.py] => Learning on 140-160
2026-07-26 05:06:45,314 [coda_prompt.py] => Task 7, Epoch 10/10 => Loss 0.206, Train_accy 97.56, Test_accy 76.34
2026-07-26 05:07:31,080 [trainer.py] => CNN: {'total': 76.34, '00-09': 75.99, '10-19': 72.29, '20-29': 72.31, '30-39': 79.08, '40-49': 78.22, '50-59': 79.45, '60-69': 77.33, '70-79': 78.04, '80-89': 76.11, '90-99': 81.12, '100-109': 74.15, '110-119': 76.27, '120-129': 82.02, '130-139': 74.4, '140-149': 78.04, '150-159': 64.53, 'old': 76.96, 'new': 71.66, 'harmonic': 74.22}
2026-07-26 05:07:31,104 [trainer.py] => CNN top1 curve: [94.98, 90.15, 86.25, 83.97, 82.39, 80.09, 78.45, 76.34]
2026-07-26 05:07:31,104 [trainer.py] => CNN top5 curve: [99.51, 98.53, 96.99, 95.57, 94.94, 94.42, 93.79, 92.93]
2026-07-26 05:07:31,104 [trainer.py] => Average Accuracy (CNN top1): 84.07750000000001
2026-07-26 05:07:37,837 [coda_prompt.py] => Learning on 160-180
2026-07-26 05:18:54,114 [coda_prompt.py] => Task 8, Epoch 10/10 => Loss 0.251, Train_accy 96.48, Test_accy 73.02
2026-07-26 05:19:33,327 [trainer.py] => CNN: {'total': 73.02, '00-09': 73.03, '10-19': 66.88, '20-29': 65.7, '30-39': 77.72, '40-49': 77.69, '50-59': 74.7, '60-69': 76.67, '70-79': 73.65, '80-89': 75.52, '90-99': 79.37, '100-109': 70.77, '110-119': 74.58, '120-129': 82.02, '130-139': 74.4, '140-149': 75.34, '150-159': 62.26, '160-169': 68.75, '170-179': 58.87, 'old': 73.96, 'new': 64.35, 'harmonic': 68.82}
2026-07-26 05:19:33,360 [trainer.py] => CNN top1 curve: [94.98, 90.15, 86.25, 83.97, 82.39, 80.09, 78.45, 76.34, 73.02]
2026-07-26 05:19:33,360 [trainer.py] => CNN top5 curve: [99.51, 98.53, 96.99, 95.57, 94.94, 94.42, 93.79, 92.93, 92.19]
2026-07-26 05:19:33,360 [trainer.py] => Average Accuracy (CNN top1): 82.8488888888889
2026-07-26 05:19:43,548 [coda_prompt.py] => Learning on 180-200
2026-07-26 05:33:57,555 [coda_prompt.py] => Task 9, Epoch 10/10 => Loss 0.164, Train_accy 98.07, Test_accy 72.90
2026-07-26 05:34:53,086 [trainer.py] => CNN: {'total': 72.9, '00-09': 71.71, '10-19': 69.43, '20-29': 69.83, '30-39': 79.08, '40-49': 75.07, '50-59': 77.47, '60-69': 77.33, '70-79': 73.31, '80-89': 75.52, '90-99': 76.92, '100-109': 72.62, '110-119': 78.25, '120-129': 81.65, '130-139': 64.25, '140-149': 71.96, '150-159': 60.0, '160-169': 61.81, '170-179': 45.89, '180-189': 77.12, '190-199': 84.24, 'old': 71.91, 'new': 80.56, 'harmonic': 75.99}
2026-07-26 05:34:53,122 [trainer.py] => CNN top1 curve: [94.98, 90.15, 86.25, 83.97, 82.39, 80.09, 78.45, 76.34, 73.02, 72.9]
2026-07-26 05:34:53,122 [trainer.py] => CNN top5 curve: [99.51, 98.53, 96.99, 95.57, 94.94, 94.42, 93.79, 92.93, 92.19, 92.1]
2026-07-26 05:34:53,122 [trainer.py] => Average Accuracy (CNN top1): 81.85400000000001
