2026-07-26 01:42:21,166 [trainer.py] => config: ./configs/coda_prompt/coda_prompt_inr_B0_Inc20.json
2026-07-26 01:42:21,166 [trainer.py] => prefix: -
2026-07-26 01:42:21,166 [trainer.py] => dataset: imagenetr
2026-07-26 01:42:21,166 [trainer.py] => memory_size: 0
2026-07-26 01:42:21,166 [trainer.py] => memory_per_class: 0
2026-07-26 01:42:21,166 [trainer.py] => fixed_memory: False
2026-07-26 01:42:21,166 [trainer.py] => shuffle: True
2026-07-26 01:42:21,166 [trainer.py] => init_cls: 20
2026-07-26 01:42:21,166 [trainer.py] => increment: 20
2026-07-26 01:42:21,166 [trainer.py] => model_name: coda
2026-07-26 01:42:21,166 [trainer.py] => class_num: 200
2026-07-26 01:42:21,166 [trainer.py] => nb_tasks: 10
2026-07-26 01:42:21,167 [trainer.py] => backbone_type: clip
2026-07-26 01:42:21,167 [trainer.py] => device: [device(type='cuda', index=3)]
2026-07-26 01:42:21,167 [trainer.py] => seed: 42
2026-07-26 01:42:21,167 [trainer.py] => tuned_epoch: 10
2026-07-26 01:42:21,167 [trainer.py] => init_lr: 0.001
2026-07-26 01:42:21,167 [trainer.py] => batch_size: 48
2026-07-26 01:42:21,167 [trainer.py] => weight_decay: 0
2026-07-26 01:42:21,167 [trainer.py] => min_lr: 1e-05
2026-07-26 01:42:21,167 [trainer.py] => optimizer: adam
2026-07-26 01:42:21,167 [trainer.py] => scheduler: cosine
2026-07-26 01:42:21,167 [trainer.py] => reinit_optimizer: True
2026-07-26 01:42:21,167 [trainer.py] => pretrained: True
2026-07-26 01:42:21,167 [trainer.py] => drop: 0.0
2026-07-26 01:42:21,167 [trainer.py] => drop_path: 0.0
2026-07-26 01:42:21,167 [trainer.py] => prompt_param: [100, 8.0, 0.0]
2026-07-26 01:42:21,167 [trainer.py] => total_class_num: 200
2026-07-26 01:42:21,876 [data_manager.py] => [95, 15, 30, 158, 128, 115, 69, 170, 174, 45, 66, 182, 165, 78, 186, 177, 56, 152, 82, 68, 124, 16, 148, 93, 65, 60, 84, 67, 125, 132, 9, 18, 55, 75, 150, 104, 135, 137, 164, 76, 79, 197, 38, 24, 122, 195, 29, 19, 143, 86, 114, 173, 5, 126, 117, 73, 140, 98, 172, 96, 169, 97, 31, 12, 35, 119, 42, 189, 90, 136, 51, 127, 162, 41, 118, 113, 26, 139, 100, 111, 2, 77, 46, 187, 191, 85, 161, 36, 190, 61, 22, 141, 101, 33, 11, 194, 159, 6, 27, 120, 4, 32, 142, 145, 109, 144, 10, 62, 112, 146, 166, 0, 198, 153, 70, 123, 64, 44, 163, 28, 40, 108, 155, 156, 25, 23, 184, 147, 81, 39, 168, 47, 94, 154, 43, 138, 3, 105, 53, 133, 180, 178, 185, 49, 80, 34, 7, 110, 91, 83, 176, 181, 89, 8, 13, 59, 171, 131, 17, 72, 175, 134, 167, 183, 63, 54, 107, 50, 196, 58, 48, 88, 21, 57, 160, 192, 129, 37, 157, 193, 1, 52, 149, 130, 151, 103, 99, 116, 87, 74, 121, 199, 20, 188, 71, 106, 14, 92, 179, 102]
2026-07-26 01:42:21,957 [factory.py] => Loaded ViT-B-16 model config.
2026-07-26 01:42:23,228 [factory.py] => Loading pretrained ViT-B-16 weights (/public/home/hanlida/Dr.1/pretrained_models/open_clip_pytorch_model_laion400m_e32.bin).
2026-07-26 01:42:31,705 [coda_prompt.py] => 89,879,240 total parameters.
2026-07-26 01:42:31,705 [coda_prompt.py] => 3,686,600 fc and prompt training parameters.
2026-07-26 01:42:31,705 [coda_prompt.py] => Learning on 0-20
2026-07-26 01:51:44,829 [coda_prompt.py] => Task 0, Epoch 10/10 => Loss 0.298, Train_accy 96.48, Test_accy 94.25
2026-07-26 01:51:54,562 [trainer.py] => CNN: {'total': 94.25, '00-09': 94.1, '10-19': 94.38, 'old': 0, 'new': 94.25, 'harmonic': 0.0}
2026-07-26 01:51:54,562 [trainer.py] => CNN top1 curve: [94.25]
2026-07-26 01:51:54,563 [trainer.py] => CNN top5 curve: [99.69]
2026-07-26 01:51:54,563 [trainer.py] => Average Accuracy (CNN top1): 94.25
2026-07-26 01:51:55,383 [coda_prompt.py] => Learning on 20-40
2026-07-26 01:58:56,683 [coda_prompt.py] => Task 1, Epoch 10/10 => Loss 0.340, Train_accy 95.23, Test_accy 88.44
2026-07-26 01:59:06,113 [trainer.py] => CNN: {'total': 88.44, '00-09': 90.97, '10-19': 91.57, '20-29': 78.91, '30-39': 90.11, 'old': 91.3, 'new': 85.41, 'harmonic': 88.26}
2026-07-26 01:59:06,114 [trainer.py] => CNN top1 curve: [94.25, 88.44]
2026-07-26 01:59:06,114 [trainer.py] => CNN top5 curve: [99.69, 98.72]
2026-07-26 01:59:06,114 [trainer.py] => Average Accuracy (CNN top1): 91.345
2026-07-26 01:59:07,094 [coda_prompt.py] => Learning on 40-60
2026-07-26 02:07:46,593 [coda_prompt.py] => Task 2, Epoch 10/10 => Loss 0.334, Train_accy 96.23, Test_accy 83.79
2026-07-26 02:08:07,383 [trainer.py] => CNN: {'total': 83.79, '00-09': 87.85, '10-19': 90.45, '20-29': 74.22, '30-39': 87.85, '40-49': 79.69, '50-59': 79.94, 'old': 85.81, 'new': 79.81, 'harmonic': 82.7}
2026-07-26 02:08:07,384 [trainer.py] => CNN top1 curve: [94.25, 88.44, 83.79]
2026-07-26 02:08:07,384 [trainer.py] => CNN top5 curve: [99.69, 98.72, 97.35]
2026-07-26 02:08:07,384 [trainer.py] => Average Accuracy (CNN top1): 88.82666666666667
2026-07-26 02:08:10,923 [coda_prompt.py] => Learning on 60-80
2026-07-26 02:20:59,915 [coda_prompt.py] => Task 3, Epoch 10/10 => Loss 0.238, Train_accy 96.37, Test_accy 82.26
2026-07-26 02:21:24,941 [trainer.py] => CNN: {'total': 82.26, '00-09': 87.5, '10-19': 85.39, '20-29': 68.75, '30-39': 86.16, '40-49': 79.69, '50-59': 72.93, '60-69': 88.57, '70-79': 86.27, 'old': 80.56, 'new': 87.44, 'harmonic': 83.86}
2026-07-26 02:21:24,942 [trainer.py] => CNN top1 curve: [94.25, 88.44, 83.79, 82.26]
2026-07-26 02:21:24,942 [trainer.py] => CNN top5 curve: [99.69, 98.72, 97.35, 96.13]
2026-07-26 02:21:24,942 [trainer.py] => Average Accuracy (CNN top1): 87.185
2026-07-26 02:21:30,110 [coda_prompt.py] => Learning on 80-100
2026-07-26 02:32:09,253 [coda_prompt.py] => Task 4, Epoch 10/10 => Loss 0.196, Train_accy 96.95, Test_accy 79.78
2026-07-26 02:32:42,093 [trainer.py] => CNN: {'total': 79.78, '00-09': 80.9, '10-19': 84.55, '20-29': 62.5, '30-39': 80.51, '40-49': 73.12, '50-59': 65.29, '60-69': 84.76, '70-79': 85.29, '80-89': 89.12, '90-99': 86.31, 'old': 77.56, 'new': 87.45, 'harmonic': 82.21}
2026-07-26 02:32:42,095 [trainer.py] => CNN top1 curve: [94.25, 88.44, 83.79, 82.26, 79.78]
2026-07-26 02:32:42,095 [trainer.py] => CNN top5 curve: [99.69, 98.72, 97.35, 96.13, 95.7]
2026-07-26 02:32:42,095 [trainer.py] => Average Accuracy (CNN top1): 85.704
2026-07-26 02:32:44,196 [coda_prompt.py] => Learning on 100-120
2026-07-26 02:46:25,253 [coda_prompt.py] => Task 5, Epoch 10/10 => Loss 0.217, Train_accy 98.02, Test_accy 77.87
2026-07-26 02:47:03,897 [trainer.py] => CNN: {'total': 77.87, '00-09': 78.82, '10-19': 82.58, '20-29': 62.5, '30-39': 79.66, '40-49': 73.75, '50-59': 63.06, '60-69': 81.9, '70-79': 83.01, '80-89': 83.33, '90-99': 83.53, '100-109': 71.11, '110-119': 84.14, 'old': 77.74, 'new': 78.65, 'harmonic': 78.19}
2026-07-26 02:47:03,897 [trainer.py] => CNN top1 curve: [94.25, 88.44, 83.79, 82.26, 79.78, 77.87]
2026-07-26 02:47:03,898 [trainer.py] => CNN top5 curve: [99.69, 98.72, 97.35, 96.13, 95.7, 94.24]
2026-07-26 02:47:03,898 [trainer.py] => Average Accuracy (CNN top1): 84.39833333333333
2026-07-26 02:47:06,122 [coda_prompt.py] => Learning on 120-140
2026-07-26 02:58:38,121 [coda_prompt.py] => Task 6, Epoch 10/10 => Loss 0.274, Train_accy 96.56, Test_accy 75.60
2026-07-26 02:59:10,209 [trainer.py] => CNN: {'total': 75.6, '00-09': 76.39, '10-19': 81.74, '20-29': 63.67, '30-39': 80.51, '40-49': 73.44, '50-59': 63.38, '60-69': 82.22, '70-79': 81.7, '80-89': 82.65, '90-99': 81.67, '100-109': 68.89, '110-119': 84.14, '120-129': 67.09, '130-139': 59.93, 'old': 77.28, 'new': 63.23, 'harmonic': 69.55}
2026-07-26 02:59:10,260 [trainer.py] => CNN top1 curve: [94.25, 88.44, 83.79, 82.26, 79.78, 77.87, 75.6]
2026-07-26 02:59:10,260 [trainer.py] => CNN top5 curve: [99.69, 98.72, 97.35, 96.13, 95.7, 94.24, 93.11]
2026-07-26 02:59:10,260 [trainer.py] => Average Accuracy (CNN top1): 83.14142857142858
2026-07-26 02:59:11,971 [coda_prompt.py] => Learning on 140-160
2026-07-26 03:12:21,727 [coda_prompt.py] => Task 7, Epoch 10/10 => Loss 0.166, Train_accy 97.94, Test_accy 74.20
2026-07-26 03:13:05,848 [trainer.py] => CNN: {'total': 74.2, '00-09': 78.12, '10-19': 83.43, '20-29': 58.59, '30-39': 78.81, '40-49': 69.38, '50-59': 61.15, '60-69': 81.59, '70-79': 81.37, '80-89': 80.95, '90-99': 80.97, '100-109': 68.0, '110-119': 78.64, '120-129': 59.49, '130-139': 56.32, '140-149': 71.84, '150-159': 85.1, 'old': 73.59, 'new': 78.76, 'harmonic': 76.09}
2026-07-26 03:13:05,848 [trainer.py] => CNN top1 curve: [94.25, 88.44, 83.79, 82.26, 79.78, 77.87, 75.6, 74.2]
2026-07-26 03:13:05,849 [trainer.py] => CNN top5 curve: [99.69, 98.72, 97.35, 96.13, 95.7, 94.24, 93.11, 93.27]
2026-07-26 03:13:05,849 [trainer.py] => Average Accuracy (CNN top1): 82.02375
2026-07-26 03:13:11,029 [coda_prompt.py] => Learning on 160-180
2026-07-26 03:28:15,744 [coda_prompt.py] => Task 8, Epoch 10/10 => Loss 0.198, Train_accy 96.79, Test_accy 71.26
2026-07-26 03:28:58,371 [trainer.py] => CNN: {'total': 71.26, '00-09': 74.31, '10-19': 78.09, '20-29': 55.47, '30-39': 75.14, '40-49': 66.88, '50-59': 54.78, '60-69': 80.95, '70-79': 79.74, '80-89': 75.51, '90-99': 78.89, '100-109': 64.0, '110-119': 77.99, '120-129': 60.76, '130-139': 53.43, '140-149': 67.15, '150-159': 80.13, '160-169': 73.49, '170-179': 72.87, 'old': 71.01, 'new': 73.17, 'harmonic': 72.07}
2026-07-26 03:28:58,372 [trainer.py] => CNN top1 curve: [94.25, 88.44, 83.79, 82.26, 79.78, 77.87, 75.6, 74.2, 71.26]
2026-07-26 03:28:58,372 [trainer.py] => CNN top5 curve: [99.69, 98.72, 97.35, 96.13, 95.7, 94.24, 93.11, 93.27, 92.06]
2026-07-26 03:28:58,372 [trainer.py] => Average Accuracy (CNN top1): 80.82777777777778
2026-07-26 03:29:00,323 [coda_prompt.py] => Learning on 180-200
2026-07-26 03:44:42,594 [coda_prompt.py] => Task 9, Epoch 10/10 => Loss 0.217, Train_accy 97.02, Test_accy 70.30
2026-07-26 03:45:45,613 [trainer.py] => CNN: {'total': 70.3, '00-09': 72.57, '10-19': 79.21, '20-29': 56.64, '30-39': 79.38, '40-49': 65.31, '50-59': 58.28, '60-69': 79.37, '70-79': 78.1, '80-89': 77.55, '90-99': 80.05, '100-109': 63.11, '110-119': 76.7, '120-129': 60.34, '130-139': 50.54, '140-149': 64.98, '150-159': 79.14, '160-169': 66.11, '170-179': 71.92, '180-189': 58.05, '190-199': 70.83, 'old': 70.8, 'new': 65.08, 'harmonic': 67.82}
2026-07-26 03:45:45,693 [trainer.py] => CNN top1 curve: [94.25, 88.44, 83.79, 82.26, 79.78, 77.87, 75.6, 74.2, 71.26, 70.3]
2026-07-26 03:45:45,693 [trainer.py] => CNN top5 curve: [99.69, 98.72, 97.35, 96.13, 95.7, 94.24, 93.11, 93.27, 92.06, 91.28]
2026-07-26 03:45:45,694 [trainer.py] => Average Accuracy (CNN top1): 79.775
