2026-07-29 23:04:09,406 [trainer.py] => config: ./configs/coda_prompt/coda_prompt_objectnet_B100_Inc20.json
2026-07-29 23:04:09,406 [trainer.py] => prefix: -
2026-07-29 23:04:09,406 [trainer.py] => dataset: objectnet
2026-07-29 23:04:09,407 [trainer.py] => memory_size: 0
2026-07-29 23:04:09,407 [trainer.py] => memory_per_class: 0
2026-07-29 23:04:09,407 [trainer.py] => fixed_memory: False
2026-07-29 23:04:09,407 [trainer.py] => shuffle: True
2026-07-29 23:04:09,407 [trainer.py] => init_cls: 100
2026-07-29 23:04:09,407 [trainer.py] => increment: 20
2026-07-29 23:04:09,407 [trainer.py] => model_name: coda
2026-07-29 23:04:09,407 [trainer.py] => class_num: 200
2026-07-29 23:04:09,407 [trainer.py] => nb_tasks: 6
2026-07-29 23:04:09,407 [trainer.py] => backbone_type: clip
2026-07-29 23:04:09,407 [trainer.py] => device: [device(type='cuda', index=3)]
2026-07-29 23:04:09,407 [trainer.py] => seed: 42
2026-07-29 23:04:09,407 [trainer.py] => tuned_epoch: 10
2026-07-29 23:04:09,407 [trainer.py] => init_lr: 0.001
2026-07-29 23:04:09,407 [trainer.py] => batch_size: 48
2026-07-29 23:04:09,407 [trainer.py] => weight_decay: 0
2026-07-29 23:04:09,408 [trainer.py] => min_lr: 1e-05
2026-07-29 23:04:09,408 [trainer.py] => optimizer: adam
2026-07-29 23:04:09,408 [trainer.py] => scheduler: cosine
2026-07-29 23:04:09,408 [trainer.py] => reinit_optimizer: True
2026-07-29 23:04:09,408 [trainer.py] => pretrained: True
2026-07-29 23:04:09,408 [trainer.py] => drop: 0.0
2026-07-29 23:04:09,408 [trainer.py] => drop_path: 0.0
2026-07-29 23:04:09,408 [trainer.py] => prompt_param: [100, 8.0, 0.0]
2026-07-29 23:04:09,408 [trainer.py] => total_class_num: 200
2026-07-29 23:04:10,242 [data_manager.py] => [95, 15, 30, 158, 128, 115, 69, 170, 174, 45, 66, 182, 165, 78, 186, 177, 56, 152, 82, 68, 124, 16, 148, 93, 65, 60, 84, 67, 125, 132, 9, 18, 55, 75, 150, 104, 135, 137, 164, 76, 79, 197, 38, 24, 122, 195, 29, 19, 143, 86, 114, 173, 5, 126, 117, 73, 140, 98, 172, 96, 169, 97, 31, 12, 35, 119, 42, 189, 90, 136, 51, 127, 162, 41, 118, 113, 26, 139, 100, 111, 2, 77, 46, 187, 191, 85, 161, 36, 190, 61, 22, 141, 101, 33, 11, 194, 159, 6, 27, 120, 4, 32, 142, 145, 109, 144, 10, 62, 112, 146, 166, 0, 198, 153, 70, 123, 64, 44, 163, 28, 40, 108, 155, 156, 25, 23, 184, 147, 81, 39, 168, 47, 94, 154, 43, 138, 3, 105, 53, 133, 180, 178, 185, 49, 80, 34, 7, 110, 91, 83, 176, 181, 89, 8, 13, 59, 171, 131, 17, 72, 175, 134, 167, 183, 63, 54, 107, 50, 196, 58, 48, 88, 21, 57, 160, 192, 129, 37, 157, 193, 1, 52, 149, 130, 151, 103, 99, 116, 87, 74, 121, 199, 20, 188, 71, 106, 14, 92, 179, 102]
2026-07-29 23:04:10,332 [factory.py] => Loaded ViT-B-16 model config.
2026-07-29 23:04:11,702 [factory.py] => Loading pretrained ViT-B-16 weights (/public/home/hanlida/Dr.1/pretrained_models/open_clip_pytorch_model_laion400m_e32.bin).
2026-07-29 23:04:15,283 [coda_prompt.py] => 89,879,240 total parameters.
2026-07-29 23:04:15,283 [coda_prompt.py] => 3,686,600 fc and prompt training parameters.
2026-07-29 23:04:15,284 [coda_prompt.py] => Learning on 0-100
2026-07-30 00:08:17,547 [coda_prompt.py] => Task 0, Epoch 10/10 => Loss 0.727, Train_accy 81.87, Test_accy 68.61
2026-07-30 00:09:46,375 [trainer.py] => CNN: {'total': 68.61, '00-09': 67.2, '10-19': 67.74, '20-29': 76.23, '30-39': 67.99, '40-49': 65.28, '50-59': 69.66, '60-69': 60.86, '70-79': 73.14, '80-89': 65.57, '90-99': 71.63, 'old': 0, 'new': 68.61, 'harmonic': 0.0}
2026-07-30 00:09:46,382 [trainer.py] => CNN top1 curve: [68.61]
2026-07-30 00:09:46,383 [trainer.py] => CNN top5 curve: [89.88]
2026-07-30 00:09:46,383 [trainer.py] => Average Accuracy (CNN top1): 68.61
2026-07-30 00:09:47,124 [coda_prompt.py] => Learning on 100-120
2026-07-30 00:36:22,418 [coda_prompt.py] => Task 1, Epoch 10/10 => Loss 0.420, Train_accy 90.98, Test_accy 56.26
2026-07-30 00:37:51,759 [trainer.py] => CNN: {'total': 56.26, '00-09': 62.38, '10-19': 67.74, '20-29': 72.46, '30-39': 64.69, '40-49': 59.72, '50-59': 64.71, '60-69': 59.21, '70-79': 68.28, '80-89': 58.38, '90-99': 64.74, '100-109': 18.45, '110-119': 18.87, 'old': 64.22, 'new': 18.67, 'harmonic': 28.93}
2026-07-30 00:37:51,784 [trainer.py] => CNN top1 curve: [68.61, 56.26]
2026-07-30 00:37:51,784 [trainer.py] => CNN top5 curve: [89.88, 83.58]
2026-07-30 00:37:51,784 [trainer.py] => Average Accuracy (CNN top1): 62.435
2026-07-30 00:37:52,948 [coda_prompt.py] => Learning on 120-140
2026-07-30 01:07:50,648 [coda_prompt.py] => Task 2, Epoch 10/10 => Loss 0.414, Train_accy 89.96, Test_accy 49.51
2026-07-30 01:09:37,162 [trainer.py] => CNN: {'total': 49.51, '00-09': 61.74, '10-19': 68.06, '20-29': 69.86, '30-39': 62.05, '40-49': 59.17, '50-59': 60.99, '60-69': 60.53, '70-79': 67.64, '80-89': 63.17, '90-99': 65.01, '100-109': 16.37, '110-119': 15.77, '120-129': 3.8, '130-139': 24.84, 'old': 55.48, 'new': 14.01, 'harmonic': 22.37}
2026-07-30 01:09:37,183 [trainer.py] => CNN top1 curve: [68.61, 56.26, 49.51]
2026-07-30 01:09:37,183 [trainer.py] => CNN top5 curve: [89.88, 83.58, 79.36]
2026-07-30 01:09:37,183 [trainer.py] => Average Accuracy (CNN top1): 58.126666666666665
2026-07-30 01:09:38,912 [coda_prompt.py] => Learning on 140-160
2026-07-30 01:42:26,117 [coda_prompt.py] => Task 3, Epoch 10/10 => Loss 0.293, Train_accy 94.49, Test_accy 43.71
2026-07-30 01:44:28,120 [trainer.py] => CNN: {'total': 43.71, '00-09': 60.13, '10-19': 68.39, '20-29': 72.17, '30-39': 61.72, '40-49': 56.39, '50-59': 62.23, '60-69': 59.21, '70-79': 68.61, '80-89': 60.48, '90-99': 61.71, '100-109': 15.48, '110-119': 15.21, '120-129': 2.34, '130-139': 20.5, '140-149': 15.99, '150-159': 5.3, 'old': 48.45, 'new': 10.83, 'harmonic': 17.7}
2026-07-30 01:44:28,147 [trainer.py] => CNN top1 curve: [68.61, 56.26, 49.51, 43.71]
2026-07-30 01:44:28,148 [trainer.py] => CNN top5 curve: [89.88, 83.58, 79.36, 75.88]
2026-07-30 01:44:28,148 [trainer.py] => Average Accuracy (CNN top1): 54.5225
2026-07-30 01:44:31,385 [coda_prompt.py] => Learning on 160-180
2026-07-30 02:18:40,563 [coda_prompt.py] => Task 4, Epoch 10/10 => Loss 0.356, Train_accy 92.70, Test_accy 38.78
2026-07-30 02:20:57,675 [trainer.py] => CNN: {'total': 38.78, '00-09': 58.2, '10-19': 67.42, '20-29': 68.41, '30-39': 60.73, '40-49': 58.89, '50-59': 62.23, '60-69': 57.24, '70-79': 65.37, '80-89': 56.89, '90-99': 60.33, '100-109': 12.8, '110-119': 11.83, '120-129': 2.92, '130-139': 17.39, '140-149': 10.76, '150-159': 2.8, '160-169': 14.81, '170-179': 16.24, 'old': 41.75, 'new': 15.56, 'harmonic': 22.67}
2026-07-30 02:20:57,702 [trainer.py] => CNN top1 curve: [68.61, 56.26, 49.51, 43.71, 38.78]
2026-07-30 02:20:57,702 [trainer.py] => CNN top5 curve: [89.88, 83.58, 79.36, 75.88, 71.75]
2026-07-30 02:20:57,702 [trainer.py] => Average Accuracy (CNN top1): 51.374
2026-07-30 02:21:00,420 [coda_prompt.py] => Learning on 180-200
2026-07-30 02:58:36,291 [coda_prompt.py] => Task 5, Epoch 10/10 => Loss 0.314, Train_accy 94.94, Test_accy 36.15
2026-07-30 03:01:10,930 [trainer.py] => CNN: {'total': 36.15, '00-09': 60.13, '10-19': 67.74, '20-29': 68.41, '30-39': 60.4, '40-49': 54.44, '50-59': 60.06, '60-69': 58.55, '70-79': 61.81, '80-89': 52.99, '90-99': 58.95, '100-109': 14.29, '110-119': 15.49, '120-129': 2.63, '130-139': 17.08, '140-149': 9.59, '150-159': 4.05, '160-169': 13.27, '170-179': 14.81, '180-189': 16.67, '190-199': 19.6, 'old': 38.17, 'new': 18.18, 'harmonic': 24.63}
2026-07-30 03:01:10,947 [trainer.py] => CNN top1 curve: [68.61, 56.26, 49.51, 43.71, 38.78, 36.15]
2026-07-30 03:01:10,947 [trainer.py] => CNN top5 curve: [89.88, 83.58, 79.36, 75.88, 71.75, 69.87]
2026-07-30 03:01:10,947 [trainer.py] => Average Accuracy (CNN top1): 48.836666666666666
