2026-07-30 03:01:10,958 [trainer.py] => config: ./configs/coda_prompt/coda_prompt_objectnet_B100_Inc20.json
2026-07-30 03:01:10,958 [trainer.py] => prefix: -
2026-07-30 03:01:10,958 [trainer.py] => dataset: objectnet
2026-07-30 03:01:10,959 [trainer.py] => memory_size: 0
2026-07-30 03:01:10,959 [trainer.py] => memory_per_class: 0
2026-07-30 03:01:10,959 [trainer.py] => fixed_memory: False
2026-07-30 03:01:10,959 [trainer.py] => shuffle: True
2026-07-30 03:01:10,959 [trainer.py] => init_cls: 100
2026-07-30 03:01:10,959 [trainer.py] => increment: 20
2026-07-30 03:01:10,959 [trainer.py] => model_name: coda
2026-07-30 03:01:10,959 [trainer.py] => class_num: 200
2026-07-30 03:01:10,959 [trainer.py] => nb_tasks: 6
2026-07-30 03:01:10,959 [trainer.py] => backbone_type: clip
2026-07-30 03:01:10,959 [trainer.py] => device: [device(type='cuda', index=3)]
2026-07-30 03:01:10,959 [trainer.py] => seed: 2026
2026-07-30 03:01:10,959 [trainer.py] => tuned_epoch: 10
2026-07-30 03:01:10,959 [trainer.py] => init_lr: 0.001
2026-07-30 03:01:10,959 [trainer.py] => batch_size: 48
2026-07-30 03:01:10,959 [trainer.py] => weight_decay: 0
2026-07-30 03:01:10,959 [trainer.py] => min_lr: 1e-05
2026-07-30 03:01:10,959 [trainer.py] => optimizer: adam
2026-07-30 03:01:10,959 [trainer.py] => scheduler: cosine
2026-07-30 03:01:10,959 [trainer.py] => reinit_optimizer: True
2026-07-30 03:01:10,959 [trainer.py] => pretrained: True
2026-07-30 03:01:10,959 [trainer.py] => drop: 0.0
2026-07-30 03:01:10,959 [trainer.py] => drop_path: 0.0
2026-07-30 03:01:10,959 [trainer.py] => prompt_param: [100, 8.0, 0.0]
2026-07-30 03:01:10,960 [trainer.py] => total_class_num: 200
2026-07-30 03:01:11,636 [data_manager.py] => [115, 91, 15, 57, 123, 5, 193, 196, 88, 185, 191, 168, 90, 80, 106, 146, 188, 118, 44, 151, 24, 56, 42, 127, 113, 119, 197, 194, 99, 12, 65, 71, 131, 6, 46, 186, 126, 31, 117, 30, 110, 82, 102, 165, 11, 76, 53, 138, 199, 18, 163, 149, 84, 133, 170, 189, 52, 104, 45, 114, 41, 23, 160, 171, 172, 169, 177, 142, 94, 50, 128, 39, 59, 120, 107, 162, 124, 9, 74, 198, 62, 174, 166, 122, 141, 81, 10, 63, 176, 100, 136, 187, 129, 16, 72, 147, 54, 0, 98, 150, 92, 155, 4, 167, 125, 97, 153, 8, 83, 159, 85, 86, 13, 34, 173, 93, 180, 33, 21, 132, 190, 87, 121, 108, 103, 145, 37, 158, 69, 89, 2, 19, 67, 175, 51, 78, 43, 64, 66, 143, 61, 20, 144, 154, 183, 14, 140, 139, 75, 79, 22, 58, 101, 109, 32, 178, 73, 164, 55, 35, 49, 152, 137, 36, 3, 40, 70, 95, 105, 181, 157, 47, 192, 17, 60, 112, 68, 25, 38, 48, 161, 148, 111, 135, 96, 7, 27, 182, 130, 28, 179, 156, 116, 29, 195, 77, 184, 26, 134, 1]
2026-07-30 03:01:11,801 [factory.py] => Loaded ViT-B-16 model config.
2026-07-30 03:01:12,963 [factory.py] => Loading pretrained ViT-B-16 weights (/public/home/hanlida/Dr.1/pretrained_models/open_clip_pytorch_model_laion400m_e32.bin).
2026-07-30 03:01:16,620 [coda_prompt.py] => 89,879,240 total parameters.
2026-07-30 03:01:16,621 [coda_prompt.py] => 3,686,600 fc and prompt training parameters.
2026-07-30 03:01:16,621 [coda_prompt.py] => Learning on 0-100
2026-07-30 04:04:05,611 [coda_prompt.py] => Task 0, Epoch 10/10 => Loss 0.764, Train_accy 81.00, Test_accy 69.38
2026-07-30 04:05:40,035 [trainer.py] => CNN: {'total': 69.38, '00-09': 69.66, '10-19': 63.75, '20-29': 72.31, '30-39': 61.49, '40-49': 71.26, '50-59': 71.34, '60-69': 69.31, '70-79': 73.31, '80-89': 73.62, '90-99': 67.58, 'old': 0, 'new': 69.38, 'harmonic': 0.0}
2026-07-30 04:05:40,050 [trainer.py] => CNN top1 curve: [69.38]
2026-07-30 04:05:40,050 [trainer.py] => CNN top5 curve: [89.78]
2026-07-30 04:05:40,050 [trainer.py] => Average Accuracy (CNN top1): 69.38
2026-07-30 04:05:40,822 [coda_prompt.py] => Learning on 100-120
2026-07-30 04:33:41,486 [coda_prompt.py] => Task 1, Epoch 10/10 => Loss 0.295, Train_accy 94.92, Test_accy 56.77
2026-07-30 04:35:16,681 [trainer.py] => CNN: {'total': 56.77, '00-09': 66.25, '10-19': 58.91, '20-29': 66.77, '30-39': 56.83, '40-49': 68.62, '50-59': 70.06, '60-69': 66.34, '70-79': 69.5, '80-89': 67.75, '90-99': 61.77, '100-109': 17.3, '110-119': 15.68, 'old': 65.31, 'new': 16.49, 'harmonic': 26.33}
2026-07-30 04:35:16,710 [trainer.py] => CNN top1 curve: [69.38, 56.77]
2026-07-30 04:35:16,711 [trainer.py] => CNN top5 curve: [89.78, 83.66]
2026-07-30 04:35:16,711 [trainer.py] => Average Accuracy (CNN top1): 63.075
2026-07-30 04:35:18,105 [coda_prompt.py] => Learning on 120-140
2026-07-30 05:06:17,403 [coda_prompt.py] => Task 2, Epoch 10/10 => Loss 0.346, Train_accy 93.01, Test_accy 49.93
2026-07-30 05:08:12,735 [trainer.py] => CNN: {'total': 49.93, '00-09': 68.73, '10-19': 56.8, '20-29': 65.54, '30-39': 55.9, '40-49': 68.91, '50-59': 67.2, '60-69': 67.0, '70-79': 68.33, '80-89': 70.03, '90-99': 62.46, '100-109': 16.72, '110-119': 13.02, '120-129': 7.67, '130-139': 20.66, 'old': 56.3, 'new': 14.89, 'harmonic': 23.55}
2026-07-30 05:08:12,768 [trainer.py] => CNN top1 curve: [69.38, 56.77, 49.93]
2026-07-30 05:08:12,769 [trainer.py] => CNN top5 curve: [89.78, 83.66, 80.61]
2026-07-30 05:08:12,769 [trainer.py] => Average Accuracy (CNN top1): 58.693333333333335
2026-07-30 05:08:15,479 [coda_prompt.py] => Learning on 140-160
2026-07-30 05:41:53,931 [coda_prompt.py] => Task 3, Epoch 10/10 => Loss 0.384, Train_accy 91.78, Test_accy 44.34
2026-07-30 05:44:05,942 [trainer.py] => CNN: {'total': 44.34, '00-09': 67.8, '10-19': 55.89, '20-29': 63.08, '30-39': 53.73, '40-49': 67.45, '50-59': 67.83, '60-69': 62.71, '70-79': 64.22, '80-89': 67.75, '90-99': 61.43, '100-109': 15.25, '110-119': 15.09, '120-129': 6.39, '130-139': 15.31, '140-149': 21.38, '150-159': 14.04, 'old': 48.1, 'new': 17.37, 'harmonic': 25.52}
2026-07-30 05:44:05,975 [trainer.py] => CNN top1 curve: [69.38, 56.77, 49.93, 44.34]
2026-07-30 05:44:05,975 [trainer.py] => CNN top5 curve: [89.78, 83.66, 80.61, 77.69]
2026-07-30 05:44:05,976 [trainer.py] => Average Accuracy (CNN top1): 55.105000000000004
2026-07-30 05:44:08,352 [coda_prompt.py] => Learning on 160-180
2026-07-30 06:18:35,938 [coda_prompt.py] => Task 4, Epoch 10/10 => Loss 0.382, Train_accy 91.34, Test_accy 39.45
2026-07-30 06:20:46,878 [trainer.py] => CNN: {'total': 39.45, '00-09': 66.25, '10-19': 59.52, '20-29': 62.46, '30-39': 55.59, '40-49': 66.57, '50-59': 64.65, '60-69': 61.39, '70-79': 64.52, '80-89': 68.08, '90-99': 58.02, '100-109': 15.54, '110-119': 12.72, '120-129': 4.47, '130-139': 10.97, '140-149': 15.17, '150-159': 9.74, '160-169': 6.97, '170-179': 20.58, 'old': 42.87, 'new': 14.25, 'harmonic': 21.39}
2026-07-30 06:20:46,894 [trainer.py] => CNN top1 curve: [69.38, 56.77, 49.93, 44.34, 39.45]
2026-07-30 06:20:46,894 [trainer.py] => CNN top5 curve: [89.78, 83.66, 80.61, 77.69, 73.55]
2026-07-30 06:20:46,894 [trainer.py] => Average Accuracy (CNN top1): 51.974000000000004
2026-07-30 06:20:49,553 [coda_prompt.py] => Learning on 180-200
2026-07-30 07:01:05,525 [coda_prompt.py] => Task 5, Epoch 10/10 => Loss 0.311, Train_accy 94.08, Test_accy 34.79
2026-07-30 07:03:53,502 [trainer.py] => CNN: {'total': 34.79, '00-09': 61.61, '10-19': 53.78, '20-29': 61.85, '30-39': 51.24, '40-49': 65.69, '50-59': 64.33, '60-69': 58.42, '70-79': 64.22, '80-89': 68.08, '90-99': 54.95, '100-109': 14.08, '110-119': 13.61, '120-129': 3.51, '130-139': 11.22, '140-149': 11.03, '150-159': 9.74, '160-169': 6.97, '170-179': 15.3, '180-189': 12.17, '190-199': 9.12, 'old': 37.61, 'new': 10.78, 'harmonic': 16.76}
2026-07-30 07:03:53,535 [trainer.py] => CNN top1 curve: [69.38, 56.77, 49.93, 44.34, 39.45, 34.79]
2026-07-30 07:03:53,536 [trainer.py] => CNN top5 curve: [89.78, 83.66, 80.61, 77.69, 73.55, 70.73]
2026-07-30 07:03:53,536 [trainer.py] => Average Accuracy (CNN top1): 49.11000000000001
