2026-07-19 22:43:32,154 [trainer.py] => config: /dev/stdin
2026-07-19 22:43:32,154 [trainer.py] => dataset: cub
2026-07-19 22:43:32,154 [trainer.py] => shuffle: True
2026-07-19 22:43:32,154 [trainer.py] => init_cls: 20
2026-07-19 22:43:32,154 [trainer.py] => increment: 20
2026-07-19 22:43:32,154 [trainer.py] => model_name: area
2026-07-19 22:43:32,154 [trainer.py] => backbone_type: clip
2026-07-19 22:43:32,154 [trainer.py] => clip_pretrained: laion400m_e32
2026-07-19 22:43:32,154 [trainer.py] => device: [device(type='cuda', index=2)]
2026-07-19 22:43:32,154 [trainer.py] => seed: 1993
2026-07-19 22:43:32,154 [trainer.py] => epochs: 20
2026-07-19 22:43:32,154 [trainer.py] => milestones: [8, 15]
2026-07-19 22:43:32,154 [trainer.py] => init_lr: 0.01
2026-07-19 22:43:32,154 [trainer.py] => batch_size: 64
2026-07-19 22:43:32,154 [trainer.py] => weight_decay: 0.05
2026-07-19 22:43:32,154 [trainer.py] => optimizer: sgd
2026-07-19 22:43:32,154 [trainer.py] => samples_per_class: 2
2026-07-19 22:43:32,154 [trainer.py] => K: 8
2026-07-19 22:43:32,154 [trainer.py] => vib_lambda: 1
2026-07-19 22:43:32,154 [trainer.py] => precomputed_basis_path: ./precomputed_basis/area/cub
2026-07-19 22:43:32,155 [trainer.py] => g_lambda: 0.5
2026-07-19 22:43:32,155 [trainer.py] => num_workers: 8
2026-07-19 22:43:32,263 [data_manager.py] => [168, 136, 51, 9, 183, 101, 171, 99, 42, 159, 191, 70, 16, 188, 27, 10, 175, 26, 68, 187, 98, 6, 85, 35, 112, 43, 100, 0, 103, 181, 88, 59, 4, 2, 116, 174, 94, 80, 106, 1, 147, 17, 141, 131, 72, 23, 173, 54, 197, 118, 87, 32, 79, 104, 91, 19, 135, 107, 178, 36, 11, 199, 142, 8, 122, 3, 28, 57, 153, 172, 190, 56, 49, 44, 97, 62, 151, 169, 194, 55, 192, 12, 189, 78, 66, 180, 15, 137, 109, 134, 92, 119, 126, 52, 170, 40, 148, 65, 144, 64, 138, 45, 77, 89, 154, 90, 71, 193, 74, 30, 113, 143, 96, 84, 67, 50, 186, 156, 69, 21, 18, 111, 108, 58, 125, 157, 150, 110, 182, 129, 166, 83, 81, 60, 13, 165, 14, 176, 63, 117, 5, 22, 145, 121, 38, 41, 82, 127, 114, 20, 31, 53, 37, 163, 196, 130, 152, 162, 86, 76, 24, 34, 184, 149, 33, 128, 198, 155, 146, 167, 139, 120, 140, 102, 47, 25, 158, 123, 46, 164, 61, 7, 115, 75, 133, 160, 105, 132, 179, 124, 48, 73, 93, 39, 95, 195, 29, 177, 185, 161]
2026-07-19 22:43:33,876 [instantiator.py] => Created a temporary directory at /tmp/tmpmh91kjko
2026-07-19 22:43:33,876 [instantiator.py] => Writing /tmp/tmpmh91kjko/_remote_module_non_scriptable.py
2026-07-19 22:43:34,083 [factory.py] => Loaded ViT-B-16 model config.
2026-07-19 22:43:45,733 [factory.py] => Loading pretrained ViT-B-16 weights (laion400m_e32).
2026-07-19 22:43:50,321 [area.py] => Learning on 0-20
2026-07-19 22:43:51,634 [area.py] => Computing AREA textual base matrices
2026-07-19 22:43:58,402 [area.py] => Computing AREA visual base matrices
2026-07-19 23:03:19,796 [trainer.py] => CNN: {'total': 98.79, '00-09': 100.0, '10-19': 97.67, 'old': 0, 'new': 98.79, 'harmonic': 0.0}
2026-07-19 23:03:19,796 [trainer.py] => CNN top1 curve: [98.79]
2026-07-19 23:03:19,796 [trainer.py] => CNN top5 curve: [100.0]
2026-07-19 23:03:19,797 [trainer.py] => Average Accuracy (CNN top1): 98.79
2026-07-19 23:03:19,804 [area.py] => Learning on 20-40
2026-07-19 23:21:17,897 [trainer.py] => CNN: {'total': 94.05, '00-09': 98.31, '10-19': 93.8, '20-29': 95.88, '30-39': 88.18, 'old': 95.95, 'new': 91.79, 'harmonic': 93.82}
2026-07-19 23:21:17,897 [trainer.py] => CNN top1 curve: [98.79, 94.05]
2026-07-19 23:21:17,898 [trainer.py] => CNN top5 curve: [100.0, 99.34]
2026-07-19 23:21:17,898 [trainer.py] => Average Accuracy (CNN top1): 96.42
2026-07-19 23:21:17,903 [area.py] => Learning on 40-60
2026-07-19 23:39:49,488 [trainer.py] => CNN: {'total': 91.22, '00-09': 91.53, '10-19': 93.02, '20-29': 91.75, '30-39': 84.55, '40-49': 94.39, '50-59': 91.89, 'old': 90.31, 'new': 93.12, 'harmonic': 91.69}
2026-07-19 23:39:49,489 [trainer.py] => CNN top1 curve: [98.79, 94.05, 91.22]
2026-07-19 23:39:49,489 [trainer.py] => CNN top5 curve: [100.0, 99.34, 99.11]
2026-07-19 23:39:49,489 [trainer.py] => Average Accuracy (CNN top1): 94.68666666666667
2026-07-19 23:39:49,497 [area.py] => Learning on 60-80
2026-07-21 14:47:05,042 [trainer.py] => config: /dev/stdin
2026-07-21 14:47:05,043 [trainer.py] => dataset: cub
2026-07-21 14:47:05,043 [trainer.py] => shuffle: True
2026-07-21 14:47:05,043 [trainer.py] => init_cls: 20
2026-07-21 14:47:05,043 [trainer.py] => increment: 20
2026-07-21 14:47:05,043 [trainer.py] => model_name: area
2026-07-21 14:47:05,043 [trainer.py] => backbone_type: clip
2026-07-21 14:47:05,043 [trainer.py] => clip_pretrained: laion400m_e32
2026-07-21 14:47:05,043 [trainer.py] => device: [device(type='cuda', index=2)]
2026-07-21 14:47:05,043 [trainer.py] => seed: 1993
2026-07-21 14:47:05,043 [trainer.py] => epochs: 20
2026-07-21 14:47:05,043 [trainer.py] => milestones: [8, 15]
2026-07-21 14:47:05,043 [trainer.py] => init_lr: 0.01
2026-07-21 14:47:05,043 [trainer.py] => batch_size: 64
2026-07-21 14:47:05,043 [trainer.py] => weight_decay: 0.05
2026-07-21 14:47:05,043 [trainer.py] => optimizer: sgd
2026-07-21 14:47:05,043 [trainer.py] => samples_per_class: 2
2026-07-21 14:47:05,043 [trainer.py] => K: 8
2026-07-21 14:47:05,043 [trainer.py] => vib_lambda: 1
2026-07-21 14:47:05,043 [trainer.py] => precomputed_basis_path: ./precomputed_basis/area/cub
2026-07-21 14:47:05,043 [trainer.py] => g_lambda: 0.5
2026-07-21 14:47:05,043 [trainer.py] => num_workers: 8
2026-07-21 14:47:07,017 [data_manager.py] => [168, 136, 51, 9, 183, 101, 171, 99, 42, 159, 191, 70, 16, 188, 27, 10, 175, 26, 68, 187, 98, 6, 85, 35, 112, 43, 100, 0, 103, 181, 88, 59, 4, 2, 116, 174, 94, 80, 106, 1, 147, 17, 141, 131, 72, 23, 173, 54, 197, 118, 87, 32, 79, 104, 91, 19, 135, 107, 178, 36, 11, 199, 142, 8, 122, 3, 28, 57, 153, 172, 190, 56, 49, 44, 97, 62, 151, 169, 194, 55, 192, 12, 189, 78, 66, 180, 15, 137, 109, 134, 92, 119, 126, 52, 170, 40, 148, 65, 144, 64, 138, 45, 77, 89, 154, 90, 71, 193, 74, 30, 113, 143, 96, 84, 67, 50, 186, 156, 69, 21, 18, 111, 108, 58, 125, 157, 150, 110, 182, 129, 166, 83, 81, 60, 13, 165, 14, 176, 63, 117, 5, 22, 145, 121, 38, 41, 82, 127, 114, 20, 31, 53, 37, 163, 196, 130, 152, 162, 86, 76, 24, 34, 184, 149, 33, 128, 198, 155, 146, 167, 139, 120, 140, 102, 47, 25, 158, 123, 46, 164, 61, 7, 115, 75, 133, 160, 105, 132, 179, 124, 48, 73, 93, 39, 95, 195, 29, 177, 185, 161]
2026-07-21 14:47:08,350 [instantiator.py] => Created a temporary directory at /tmp/tmpqbces92c
2026-07-21 14:47:08,350 [instantiator.py] => Writing /tmp/tmpqbces92c/_remote_module_non_scriptable.py
2026-07-21 14:47:08,486 [factory.py] => Loaded ViT-B-16 model config.
2026-07-21 14:47:15,774 [factory.py] => Loading pretrained ViT-B-16 weights (laion400m_e32).
2026-07-21 14:47:16,946 [area.py] => Learning on 0-20
2026-07-21 14:47:17,836 [area.py] => Loading AREA basis cache from precomputed_basis/area/cub/seed_1993/textual_base_matrices.pth
2026-07-21 14:47:17,917 [area.py] => Loading AREA basis cache from precomputed_basis/area/cub/seed_1993/visual_base_matrices.pth
2026-07-21 15:00:20,503 [trainer.py] => CNN: {'total': 98.38, '00-09': 99.15, '10-19': 97.67, 'old': 0, 'new': 98.38, 'harmonic': 0.0}
2026-07-21 15:00:20,504 [trainer.py] => CNN top1 curve: [98.38]
2026-07-21 15:00:20,504 [trainer.py] => CNN top5 curve: [100.0]
2026-07-21 15:00:20,504 [trainer.py] => Average Accuracy (CNN top1): 98.38
2026-07-21 15:00:20,509 [area.py] => Learning on 20-40
2026-07-21 15:13:39,930 [trainer.py] => CNN: {'total': 93.83, '00-09': 97.46, '10-19': 95.35, '20-29': 94.85, '30-39': 87.27, 'old': 96.36, 'new': 90.82, 'harmonic': 93.51}
2026-07-21 15:13:39,931 [trainer.py] => CNN top1 curve: [98.38, 93.83]
2026-07-21 15:13:39,931 [trainer.py] => CNN top5 curve: [100.0, 99.34]
2026-07-21 15:13:39,931 [trainer.py] => Average Accuracy (CNN top1): 96.10499999999999
2026-07-21 15:13:39,936 [area.py] => Learning on 40-60
2026-07-21 15:27:35,807 [trainer.py] => CNN: {'total': 89.73, '00-09': 89.83, '10-19': 92.25, '20-29': 92.78, '30-39': 81.82, '40-49': 93.46, '50-59': 88.29, 'old': 89.21, 'new': 90.83, 'harmonic': 90.01}
2026-07-21 15:27:35,807 [trainer.py] => CNN top1 curve: [98.38, 93.83, 89.73]
2026-07-21 15:27:35,807 [trainer.py] => CNN top5 curve: [100.0, 99.34, 98.81]
2026-07-21 15:27:35,807 [trainer.py] => Average Accuracy (CNN top1): 93.98
2026-07-21 15:27:35,811 [area.py] => Learning on 60-80
2026-07-21 15:42:05,854 [trainer.py] => CNN: {'total': 86.94, '00-09': 85.59, '10-19': 87.6, '20-29': 93.81, '30-39': 74.55, '40-49': 90.65, '50-59': 87.39, '60-69': 87.74, '70-79': 88.65, 'old': 86.46, 'new': 88.26, 'harmonic': 87.35}
2026-07-21 15:42:05,855 [trainer.py] => CNN top1 curve: [98.38, 93.83, 89.73, 86.94]
2026-07-21 15:42:05,855 [trainer.py] => CNN top5 curve: [100.0, 99.34, 98.81, 98.37]
2026-07-21 15:42:05,855 [trainer.py] => Average Accuracy (CNN top1): 92.22
2026-07-21 15:42:05,860 [area.py] => Learning on 80-100
2026-07-21 15:56:32,457 [trainer.py] => CNN: {'total': 86.03, '00-09': 83.9, '10-19': 82.17, '20-29': 90.72, '30-39': 71.82, '40-49': 93.46, '50-59': 86.49, '60-69': 86.79, '70-79': 88.65, '80-89': 88.72, '90-99': 87.5, 'old': 85.42, 'new': 88.1, 'harmonic': 86.74}
2026-07-21 15:56:32,457 [trainer.py] => CNN top1 curve: [98.38, 93.83, 89.73, 86.94, 86.03]
2026-07-21 15:56:32,457 [trainer.py] => CNN top5 curve: [100.0, 99.34, 98.81, 98.37, 98.32]
2026-07-21 15:56:32,458 [trainer.py] => Average Accuracy (CNN top1): 90.982
2026-07-21 15:56:32,462 [area.py] => Learning on 100-120
2026-07-21 16:12:19,178 [trainer.py] => CNN: {'total': 84.39, '00-09': 81.36, '10-19': 82.17, '20-29': 92.78, '30-39': 74.55, '40-49': 91.59, '50-59': 85.59, '60-69': 81.13, '70-79': 87.23, '80-89': 85.71, '90-99': 85.29, '100-109': 83.48, '110-119': 82.3, 'old': 84.68, 'new': 82.89, 'harmonic': 83.78}
2026-07-21 16:12:19,179 [trainer.py] => CNN top1 curve: [98.38, 93.83, 89.73, 86.94, 86.03, 84.39]
2026-07-21 16:12:19,179 [trainer.py] => CNN top5 curve: [100.0, 99.34, 98.81, 98.37, 98.32, 97.39]
2026-07-21 16:12:19,179 [trainer.py] => Average Accuracy (CNN top1): 89.88333333333333
2026-07-21 16:12:19,183 [area.py] => Learning on 120-140
2026-07-21 16:28:45,524 [trainer.py] => CNN: {'total': 82.57, '00-09': 80.51, '10-19': 82.17, '20-29': 91.75, '30-39': 70.91, '40-49': 85.05, '50-59': 83.78, '60-69': 82.08, '70-79': 85.82, '80-89': 82.71, '90-99': 86.03, '100-109': 82.61, '110-119': 77.88, '120-129': 78.5, '130-139': 85.59, 'old': 82.63, 'new': 82.22, 'harmonic': 82.42}
2026-07-21 16:28:45,525 [trainer.py] => CNN top1 curve: [98.38, 93.83, 89.73, 86.94, 86.03, 84.39, 82.57]
2026-07-21 16:28:45,525 [trainer.py] => CNN top5 curve: [100.0, 99.34, 98.81, 98.37, 98.32, 97.39, 97.38]
2026-07-21 16:28:45,525 [trainer.py] => Average Accuracy (CNN top1): 88.83857142857141
2026-07-21 16:28:45,527 [area.py] => Learning on 140-160
2026-07-21 16:45:21,025 [trainer.py] => CNN: {'total': 81.28, '00-09': 80.51, '10-19': 82.17, '20-29': 90.72, '30-39': 67.27, '40-49': 82.24, '50-59': 83.78, '60-69': 81.13, '70-79': 82.27, '80-89': 82.71, '90-99': 80.88, '100-109': 83.48, '110-119': 78.76, '120-129': 75.7, '130-139': 83.9, '140-149': 75.4, '150-159': 89.52, 'old': 81.11, 'new': 82.4, 'harmonic': 81.75}
2026-07-21 16:45:21,025 [trainer.py] => CNN top1 curve: [98.38, 93.83, 89.73, 86.94, 86.03, 84.39, 82.57, 81.28]
2026-07-21 16:45:21,025 [trainer.py] => CNN top5 curve: [100.0, 99.34, 98.81, 98.37, 98.32, 97.39, 97.38, 97.09]
2026-07-21 16:45:21,025 [trainer.py] => Average Accuracy (CNN top1): 87.89374999999998
2026-07-21 16:45:21,031 [area.py] => Learning on 160-180
2026-07-21 16:59:53,838 [trainer.py] => CNN: {'total': 79.84, '00-09': 79.66, '10-19': 82.17, '20-29': 87.63, '30-39': 67.27, '40-49': 81.31, '50-59': 82.88, '60-69': 82.08, '70-79': 77.3, '80-89': 80.45, '90-99': 80.15, '100-109': 79.13, '110-119': 77.88, '120-129': 75.7, '130-139': 83.05, '140-149': 73.81, '150-159': 85.48, '160-169': 82.09, '170-179': 79.61, 'old': 79.69, 'new': 81.01, 'harmonic': 80.34}
2026-07-21 16:59:53,839 [trainer.py] => CNN top1 curve: [98.38, 93.83, 89.73, 86.94, 86.03, 84.39, 82.57, 81.28, 79.84]
2026-07-21 16:59:53,839 [trainer.py] => CNN top5 curve: [100.0, 99.34, 98.81, 98.37, 98.32, 97.39, 97.38, 97.09, 96.43]
2026-07-21 16:59:53,839 [trainer.py] => Average Accuracy (CNN top1): 86.99888888888887
2026-07-21 16:59:53,840 [area.py] => Learning on 180-200
2026-07-21 17:10:13,721 [trainer.py] => CNN: {'total': 78.92, '00-09': 78.81, '10-19': 82.17, '20-29': 86.6, '30-39': 67.27, '40-49': 81.31, '50-59': 78.38, '60-69': 74.53, '70-79': 78.72, '80-89': 78.95, '90-99': 83.82, '100-109': 80.0, '110-119': 79.65, '120-129': 73.83, '130-139': 81.36, '140-149': 73.02, '150-159': 87.1, '160-169': 79.1, '170-179': 81.55, '180-189': 78.03, '190-199': 72.45, 'old': 79.28, 'new': 75.65, 'harmonic': 77.42}
2026-07-21 17:10:13,722 [trainer.py] => CNN top1 curve: [98.38, 93.83, 89.73, 86.94, 86.03, 84.39, 82.57, 81.28, 79.84, 78.92]
2026-07-21 17:10:13,722 [trainer.py] => CNN top5 curve: [100.0, 99.34, 98.81, 98.37, 98.32, 97.39, 97.38, 97.09, 96.43, 95.89]
2026-07-21 17:10:13,722 [trainer.py] => Average Accuracy (CNN top1): 86.19099999999999
