2026-07-20 12:43:36,460 [trainer.py] => config: /dev/stdin
2026-07-20 12:43:36,460 [trainer.py] => dataset: food101
2026-07-20 12:43:36,460 [trainer.py] => shuffle: True
2026-07-20 12:43:36,460 [trainer.py] => init_cls: 50
2026-07-20 12:43:36,460 [trainer.py] => increment: 10
2026-07-20 12:43:36,461 [trainer.py] => model_name: area
2026-07-20 12:43:36,461 [trainer.py] => backbone_type: clip
2026-07-20 12:43:36,461 [trainer.py] => clip_pretrained: laion400m_e32
2026-07-20 12:43:36,461 [trainer.py] => device: [device(type='cuda', index=2)]
2026-07-20 12:43:36,461 [trainer.py] => seed: 1993
2026-07-20 12:43:36,461 [trainer.py] => epochs: 20
2026-07-20 12:43:36,461 [trainer.py] => milestones: [8, 15]
2026-07-20 12:43:36,461 [trainer.py] => init_lr: 0.01
2026-07-20 12:43:36,461 [trainer.py] => batch_size: 64
2026-07-20 12:43:36,461 [trainer.py] => weight_decay: 0.05
2026-07-20 12:43:36,461 [trainer.py] => optimizer: sgd
2026-07-20 12:43:36,461 [trainer.py] => samples_per_class: 4
2026-07-20 12:43:36,461 [trainer.py] => K: 8
2026-07-20 12:43:36,461 [trainer.py] => vib_lambda: 1
2026-07-20 12:43:36,461 [trainer.py] => precomputed_basis_path: ./precomputed_basis/area/food
2026-07-20 12:43:36,461 [trainer.py] => g_lambda: 0.5
2026-07-20 12:43:36,461 [trainer.py] => num_workers: 8
2026-07-20 12:43:36,798 [data_manager.py] => [68, 56, 78, 8, 23, 84, 90, 65, 74, 76, 40, 89, 3, 92, 55, 9, 26, 80, 43, 38, 58, 70, 77, 1, 85, 19, 17, 50, 28, 53, 13, 81, 45, 82, 6, 59, 83, 16, 15, 44, 91, 41, 72, 60, 79, 52, 20, 10, 31, 54, 37, 95, 14, 71, 96, 98, 97, 2, 64, 66, 42, 22, 35, 86, 24, 34, 87, 21, 99, 0, 88, 27, 18, 94, 11, 12, 47, 25, 30, 46, 62, 69, 36, 61, 7, 63, 75, 5, 32, 4, 51, 48, 73, 93, 39, 67, 29, 49, 57, 33]
2026-07-20 12:43:38,512 [instantiator.py] => Created a temporary directory at /tmp/tmpfwhhadv7
2026-07-20 12:43:38,513 [instantiator.py] => Writing /tmp/tmpfwhhadv7/_remote_module_non_scriptable.py
2026-07-20 12:43:38,717 [factory.py] => Loaded ViT-B-16 model config.
2026-07-20 12:43:41,204 [factory.py] => Loading pretrained ViT-B-16 weights (laion400m_e32).
2026-07-20 12:43:42,311 [area.py] => Learning on 0-50
2026-07-20 12:43:42,744 [area.py] => Loading AREA basis cache from precomputed_basis/area/food/seed_1993/textual_base_matrices.pth
2026-07-20 12:43:42,780 [area.py] => Loading AREA basis cache from precomputed_basis/area/food/seed_1993/visual_base_matrices.pth
2026-07-23 08:27:37,243 [trainer.py] => config: /dev/stdin
2026-07-23 08:27:37,243 [trainer.py] => dataset: food101
2026-07-23 08:27:37,243 [trainer.py] => shuffle: True
2026-07-23 08:27:37,243 [trainer.py] => init_cls: 50
2026-07-23 08:27:37,244 [trainer.py] => increment: 10
2026-07-23 08:27:37,244 [trainer.py] => model_name: area
2026-07-23 08:27:37,244 [trainer.py] => backbone_type: clip
2026-07-23 08:27:37,244 [trainer.py] => clip_pretrained: laion400m_e32
2026-07-23 08:27:37,244 [trainer.py] => device: [device(type='cuda', index=7)]
2026-07-23 08:27:37,244 [trainer.py] => seed: 1993
2026-07-23 08:27:37,244 [trainer.py] => epochs: 20
2026-07-23 08:27:37,244 [trainer.py] => milestones: [8, 15]
2026-07-23 08:27:37,244 [trainer.py] => init_lr: 0.01
2026-07-23 08:27:37,244 [trainer.py] => batch_size: 64
2026-07-23 08:27:37,244 [trainer.py] => weight_decay: 0.05
2026-07-23 08:27:37,244 [trainer.py] => optimizer: sgd
2026-07-23 08:27:37,245 [trainer.py] => samples_per_class: 4
2026-07-23 08:27:37,245 [trainer.py] => K: 8
2026-07-23 08:27:37,245 [trainer.py] => vib_lambda: 1
2026-07-23 08:27:37,245 [trainer.py] => precomputed_basis_path: ./precomputed_basis/area/food
2026-07-23 08:27:37,245 [trainer.py] => g_lambda: 0.5
2026-07-23 08:27:37,245 [trainer.py] => num_workers: 8
2026-07-23 08:27:37,701 [data_manager.py] => [68, 56, 78, 8, 23, 84, 90, 65, 74, 76, 40, 89, 3, 92, 55, 9, 26, 80, 43, 38, 58, 70, 77, 1, 85, 19, 17, 50, 28, 53, 13, 81, 45, 82, 6, 59, 83, 16, 15, 44, 91, 41, 72, 60, 79, 52, 20, 10, 31, 54, 37, 95, 14, 71, 96, 98, 97, 2, 64, 66, 42, 22, 35, 86, 24, 34, 87, 21, 99, 0, 88, 27, 18, 94, 11, 12, 47, 25, 30, 46, 62, 69, 36, 61, 7, 63, 75, 5, 32, 4, 51, 48, 73, 93, 39, 67, 29, 49, 57, 33]
2026-07-23 08:27:47,373 [instantiator.py] => Created a temporary directory at /tmp/tmp4l5a0mbi
2026-07-23 08:27:47,373 [instantiator.py] => Writing /tmp/tmp4l5a0mbi/_remote_module_non_scriptable.py
2026-07-23 08:27:48,276 [factory.py] => Loaded ViT-B-16 model config.
2026-07-23 08:27:55,276 [factory.py] => Loading pretrained ViT-B-16 weights (laion400m_e32).
2026-07-23 08:27:58,384 [area.py] => Learning on 0-50
2026-07-23 08:27:58,842 [area.py] => Loading AREA basis cache from precomputed_basis/area/food/seed_1993/textual_base_matrices.pth
2026-07-23 08:27:58,865 [area.py] => Loading AREA basis cache from precomputed_basis/area/food/seed_1993/visual_base_matrices.pth
2026-07-23 12:46:49,525 [trainer.py] => CNN: {'total': 91.56, '00-09': 93.27, '10-19': 92.71, '20-29': 89.47, '30-39': 90.78, '40-49': 91.6, 'old': 0, 'new': 91.56, 'harmonic': 0.0}
2026-07-23 12:46:49,535 [trainer.py] => CNN top1 curve: [91.56]
2026-07-23 12:46:49,535 [trainer.py] => CNN top5 curve: [98.76]
2026-07-23 12:46:49,535 [trainer.py] => Average Accuracy (CNN top1): 91.56
2026-07-23 12:46:49,537 [area.py] => Learning on 50-60
2026-07-23 13:47:43,298 [trainer.py] => CNN: {'total': 90.32, '00-09': 91.19, '10-19': 90.68, '20-29': 88.72, '30-39': 89.76, '40-49': 89.63, '50-59': 91.94, 'old': 90.0, 'new': 91.94, 'harmonic': 90.96}
2026-07-23 13:47:43,298 [trainer.py] => CNN top1 curve: [91.56, 90.32]
2026-07-23 13:47:43,299 [trainer.py] => CNN top5 curve: [98.76, 98.52]
2026-07-23 13:47:43,299 [trainer.py] => Average Accuracy (CNN top1): 90.94
2026-07-23 13:47:43,299 [area.py] => Learning on 60-70
2026-07-23 14:50:13,399 [trainer.py] => CNN: {'total': 88.31, '00-09': 89.7, '10-19': 90.33, '20-29': 87.62, '30-39': 88.5, '40-49': 87.82, '50-59': 88.26, '60-69': 85.96, 'old': 88.7, 'new': 85.96, 'harmonic': 87.31}
2026-07-23 14:50:13,400 [trainer.py] => CNN top1 curve: [91.56, 90.32, 88.31]
2026-07-23 14:50:13,400 [trainer.py] => CNN top5 curve: [98.76, 98.52, 97.96]
2026-07-23 14:50:13,400 [trainer.py] => Average Accuracy (CNN top1): 90.06333333333333
2026-07-23 14:50:13,400 [area.py] => Learning on 70-80
2026-07-23 15:57:20,973 [trainer.py] => CNN: {'total': 87.85, '00-09': 88.86, '10-19': 89.72, '20-29': 86.17, '30-39': 87.04, '40-49': 88.68, '50-59': 87.51, '60-69': 83.08, '70-79': 91.75, 'old': 87.3, 'new': 91.75, 'harmonic': 89.47}
2026-07-23 15:57:20,973 [trainer.py] => CNN top1 curve: [91.56, 90.32, 88.31, 87.85]
2026-07-23 15:57:20,973 [trainer.py] => CNN top5 curve: [98.76, 98.52, 97.96, 97.73]
2026-07-23 15:57:20,973 [trainer.py] => Average Accuracy (CNN top1): 89.50999999999999
2026-07-23 15:57:20,974 [area.py] => Learning on 80-90
2026-07-23 17:06:28,972 [trainer.py] => CNN: {'total': 87.5, '00-09': 88.37, '10-19': 88.56, '20-29': 86.52, '30-39': 87.48, '40-49': 87.52, '50-59': 86.97, '60-69': 81.41, '70-79': 89.06, '80-89': 91.62, 'old': 86.99, 'new': 91.62, 'harmonic': 89.24}
2026-07-23 17:06:28,972 [trainer.py] => CNN top1 curve: [91.56, 90.32, 88.31, 87.85, 87.5]
2026-07-23 17:06:28,972 [trainer.py] => CNN top5 curve: [98.76, 98.52, 97.96, 97.73, 97.51]
2026-07-23 17:06:28,972 [trainer.py] => Average Accuracy (CNN top1): 89.10799999999999
2026-07-23 17:06:28,973 [area.py] => Learning on 90-100
2026-07-23 18:18:15,961 [trainer.py] => CNN: {'total': 86.14, '00-09': 88.56, '10-19': 87.54, '20-29': 83.97, '30-39': 85.63, '40-49': 87.47, '50-59': 84.83, '60-69': 81.01, '70-79': 88.16, '80-89': 88.65, '90-99': 85.58, 'old': 86.2, 'new': 85.58, 'harmonic': 85.89}
2026-07-23 18:18:15,961 [trainer.py] => CNN top1 curve: [91.56, 90.32, 88.31, 87.85, 87.5, 86.14]
2026-07-23 18:18:15,961 [trainer.py] => CNN top5 curve: [98.76, 98.52, 97.96, 97.73, 97.51, 97.18]
2026-07-23 18:18:15,961 [trainer.py] => Average Accuracy (CNN top1): 88.61333333333333
