2026-07-20 23:49:45,592 [trainer.py] => config: /dev/stdin
2026-07-20 23:49:45,592 [trainer.py] => dataset: sun
2026-07-20 23:49:45,592 [trainer.py] => shuffle: True
2026-07-20 23:49:45,592 [trainer.py] => init_cls: 150
2026-07-20 23:49:45,592 [trainer.py] => increment: 30
2026-07-20 23:49:45,592 [trainer.py] => model_name: area
2026-07-20 23:49:45,592 [trainer.py] => backbone_type: clip
2026-07-20 23:49:45,593 [trainer.py] => clip_pretrained: laion400m_e32
2026-07-20 23:49:45,593 [trainer.py] => device: [device(type='cuda', index=1)]
2026-07-20 23:49:45,593 [trainer.py] => seed: 2026
2026-07-20 23:49:45,593 [trainer.py] => epochs: 20
2026-07-20 23:49:45,593 [trainer.py] => milestones: [8, 15]
2026-07-20 23:49:45,593 [trainer.py] => init_lr: 0.01
2026-07-20 23:49:45,593 [trainer.py] => batch_size: 64
2026-07-20 23:49:45,593 [trainer.py] => weight_decay: 0.05
2026-07-20 23:49:45,593 [trainer.py] => optimizer: sgd
2026-07-20 23:49:45,593 [trainer.py] => samples_per_class: 4
2026-07-20 23:49:45,593 [trainer.py] => K: 8
2026-07-20 23:49:45,593 [trainer.py] => vib_lambda: 1
2026-07-20 23:49:45,593 [trainer.py] => precomputed_basis_path: ./precomputed_basis/area/sun
2026-07-20 23:49:45,593 [trainer.py] => g_lambda: 0.6
2026-07-20 23:49:45,593 [trainer.py] => num_workers: 8
2026-07-20 23:49:45,986 [data_manager.py] => [224, 200, 247, 134, 144, 294, 287, 225, 131, 191, 158, 138, 7, 23, 40, 155, 269, 178, 126, 44, 181, 266, 179, 275, 193, 114, 6, 235, 42, 109, 286, 230, 121, 210, 208, 102, 24, 256, 5, 254, 115, 168, 61, 184, 211, 18, 272, 227, 292, 296, 239, 107, 299, 283, 189, 202, 262, 105, 174, 206, 281, 150, 87, 265, 192, 271, 125, 74, 62, 56, 252, 197, 88, 180, 204, 46, 293, 298, 258, 146, 53, 80, 71, 37, 12, 219, 119, 4, 267, 90, 273, 65, 236, 1, 170, 100, 91, 213, 242, 209, 128, 261, 26, 50, 248, 140, 270, 185, 291, 156, 240, 199, 183, 186, 175, 81, 228, 177, 76, 52, 277, 54, 34, 94, 278, 110, 218, 99, 149, 220, 133, 234, 39, 154, 15, 233, 253, 289, 172, 187, 169, 143, 31, 198, 84, 157, 86, 173, 104, 9, 203, 147, 190, 223, 120, 30, 36, 196, 11, 288, 297, 285, 118, 129, 57, 82, 141, 241, 280, 45, 41, 151, 279, 166, 153, 217, 106, 93, 276, 123, 237, 167, 59, 48, 136, 246, 274, 244, 117, 60, 70, 229, 122, 20, 10, 63, 68, 231, 238, 171, 16, 72, 127, 232, 32, 124, 182, 0, 98, 264, 92, 38, 132, 95, 260, 97, 35, 8, 83, 163, 85, 113, 214, 13, 162, 145, 221, 33, 21, 195, 176, 215, 108, 103, 268, 165, 55, 69, 89, 2, 19, 67, 188, 284, 51, 243, 160, 222, 78, 255, 43, 142, 64, 207, 66, 161, 212, 164, 194, 14, 251, 139, 75, 79, 22, 58, 101, 73, 259, 159, 216, 226, 49, 152, 137, 3, 245, 290, 148, 47, 295, 201, 250, 17, 112, 25, 111, 135, 96, 263, 249, 27, 205, 130, 28, 116, 29, 77, 282, 257]
2026-07-20 23:49:47,746 [instantiator.py] => Created a temporary directory at /tmp/tmprybvn2zd
2026-07-20 23:49:47,748 [instantiator.py] => Writing /tmp/tmprybvn2zd/_remote_module_non_scriptable.py
2026-07-20 23:49:47,887 [factory.py] => Loaded ViT-B-16 model config.
2026-07-20 23:49:55,436 [factory.py] => Loading pretrained ViT-B-16 weights (laion400m_e32).
2026-07-20 23:49:56,283 [area.py] => Learning on 0-150
2026-07-20 23:49:56,795 [area.py] => Loading AREA basis cache from precomputed_basis/area/sun/seed_2026/textual_base_matrices.pth
2026-07-20 23:49:56,867 [area.py] => Loading AREA basis cache from precomputed_basis/area/sun/seed_2026/visual_base_matrices.pth
2026-07-23 18:19:02,278 [trainer.py] => config: /dev/stdin
2026-07-23 18:19:02,278 [trainer.py] => dataset: sun
2026-07-23 18:19:02,278 [trainer.py] => shuffle: True
2026-07-23 18:19:02,278 [trainer.py] => init_cls: 150
2026-07-23 18:19:02,278 [trainer.py] => increment: 30
2026-07-23 18:19:02,278 [trainer.py] => model_name: area
2026-07-23 18:19:02,279 [trainer.py] => backbone_type: clip
2026-07-23 18:19:02,279 [trainer.py] => clip_pretrained: laion400m_e32
2026-07-23 18:19:02,279 [trainer.py] => device: [device(type='cuda', index=7)]
2026-07-23 18:19:02,279 [trainer.py] => seed: 2026
2026-07-23 18:19:02,279 [trainer.py] => epochs: 20
2026-07-23 18:19:02,279 [trainer.py] => milestones: [8, 15]
2026-07-23 18:19:02,279 [trainer.py] => init_lr: 0.01
2026-07-23 18:19:02,279 [trainer.py] => batch_size: 64
2026-07-23 18:19:02,279 [trainer.py] => weight_decay: 0.05
2026-07-23 18:19:02,279 [trainer.py] => optimizer: sgd
2026-07-23 18:19:02,279 [trainer.py] => samples_per_class: 4
2026-07-23 18:19:02,279 [trainer.py] => K: 8
2026-07-23 18:19:02,279 [trainer.py] => vib_lambda: 1
2026-07-23 18:19:02,279 [trainer.py] => precomputed_basis_path: ./precomputed_basis/area/sun
2026-07-23 18:19:02,279 [trainer.py] => g_lambda: 0.6
2026-07-23 18:19:02,279 [trainer.py] => num_workers: 8
2026-07-23 18:19:02,654 [data_manager.py] => [224, 200, 247, 134, 144, 294, 287, 225, 131, 191, 158, 138, 7, 23, 40, 155, 269, 178, 126, 44, 181, 266, 179, 275, 193, 114, 6, 235, 42, 109, 286, 230, 121, 210, 208, 102, 24, 256, 5, 254, 115, 168, 61, 184, 211, 18, 272, 227, 292, 296, 239, 107, 299, 283, 189, 202, 262, 105, 174, 206, 281, 150, 87, 265, 192, 271, 125, 74, 62, 56, 252, 197, 88, 180, 204, 46, 293, 298, 258, 146, 53, 80, 71, 37, 12, 219, 119, 4, 267, 90, 273, 65, 236, 1, 170, 100, 91, 213, 242, 209, 128, 261, 26, 50, 248, 140, 270, 185, 291, 156, 240, 199, 183, 186, 175, 81, 228, 177, 76, 52, 277, 54, 34, 94, 278, 110, 218, 99, 149, 220, 133, 234, 39, 154, 15, 233, 253, 289, 172, 187, 169, 143, 31, 198, 84, 157, 86, 173, 104, 9, 203, 147, 190, 223, 120, 30, 36, 196, 11, 288, 297, 285, 118, 129, 57, 82, 141, 241, 280, 45, 41, 151, 279, 166, 153, 217, 106, 93, 276, 123, 237, 167, 59, 48, 136, 246, 274, 244, 117, 60, 70, 229, 122, 20, 10, 63, 68, 231, 238, 171, 16, 72, 127, 232, 32, 124, 182, 0, 98, 264, 92, 38, 132, 95, 260, 97, 35, 8, 83, 163, 85, 113, 214, 13, 162, 145, 221, 33, 21, 195, 176, 215, 108, 103, 268, 165, 55, 69, 89, 2, 19, 67, 188, 284, 51, 243, 160, 222, 78, 255, 43, 142, 64, 207, 66, 161, 212, 164, 194, 14, 251, 139, 75, 79, 22, 58, 101, 73, 259, 159, 216, 226, 49, 152, 137, 3, 245, 290, 148, 47, 295, 201, 250, 17, 112, 25, 111, 135, 96, 263, 249, 27, 205, 130, 28, 116, 29, 77, 282, 257]
2026-07-23 18:19:04,255 [instantiator.py] => Created a temporary directory at /tmp/tmpl7mf08vw
2026-07-23 18:19:04,255 [instantiator.py] => Writing /tmp/tmpl7mf08vw/_remote_module_non_scriptable.py
2026-07-23 18:19:04,397 [factory.py] => Loaded ViT-B-16 model config.
