2026-07-24 22:03:31,149 [trainer.py] => config: ./configs/l2p/l2p_aircraft_B50_Inc10.json
2026-07-24 22:03:31,150 [trainer.py] => prefix:  
2026-07-24 22:03:31,150 [trainer.py] => dataset: aircraft
2026-07-24 22:03:31,150 [trainer.py] => memory_size: 0
2026-07-24 22:03:31,150 [trainer.py] => memory_per_class: 0
2026-07-24 22:03:31,150 [trainer.py] => fixed_memory: False
2026-07-24 22:03:31,150 [trainer.py] => shuffle: True
2026-07-24 22:03:31,150 [trainer.py] => init_cls: 50
2026-07-24 22:03:31,150 [trainer.py] => increment: 10
2026-07-24 22:03:31,150 [trainer.py] => model_name: l2p
2026-07-24 22:03:31,150 [trainer.py] => backbone_type: clip
2026-07-24 22:03:31,150 [trainer.py] => get_original_backbone: True
2026-07-24 22:03:31,150 [trainer.py] => device: [device(type='cuda', index=2)]
2026-07-24 22:03:31,150 [trainer.py] => seed: 2026
2026-07-24 22:03:31,150 [trainer.py] => nb_classes: 100
2026-07-24 22:03:31,150 [trainer.py] => tuned_epoch: 10
2026-07-24 22:03:31,150 [trainer.py] => init_lr: 0.001875
2026-07-24 22:03:31,150 [trainer.py] => batch_size: 16
2026-07-24 22:03:31,151 [trainer.py] => weight_decay: 0
2026-07-24 22:03:31,151 [trainer.py] => min_lr: 1e-05
2026-07-24 22:03:31,151 [trainer.py] => optimizer: adam
2026-07-24 22:03:31,151 [trainer.py] => scheduler: constant
2026-07-24 22:03:31,151 [trainer.py] => reinit_optimizer: True
2026-07-24 22:03:31,151 [trainer.py] => global_pool: token
2026-07-24 22:03:31,151 [trainer.py] => head_type: prompt
2026-07-24 22:03:31,151 [trainer.py] => freeze: ['blocks', 'patch_embed', 'cls_token', 'norm', 'pos_embed']
2026-07-24 22:03:31,151 [trainer.py] => pretrained: True
2026-07-24 22:03:31,151 [trainer.py] => drop: 0.0
2026-07-24 22:03:31,151 [trainer.py] => drop_path: 0.0
2026-07-24 22:03:31,151 [trainer.py] => prompt_pool: True
2026-07-24 22:03:31,151 [trainer.py] => size: 10
2026-07-24 22:03:31,151 [trainer.py] => length: 5
2026-07-24 22:03:31,151 [trainer.py] => top_k: 5
2026-07-24 22:03:31,151 [trainer.py] => initializer: uniform
2026-07-24 22:03:31,151 [trainer.py] => prompt_key: True
2026-07-24 22:03:31,151 [trainer.py] => prompt_key_init: uniform
2026-07-24 22:03:31,151 [trainer.py] => use_prompt_mask: False
2026-07-24 22:03:31,152 [trainer.py] => shared_prompt_pool: False
2026-07-24 22:03:31,152 [trainer.py] => shared_prompt_key: False
2026-07-24 22:03:31,152 [trainer.py] => batchwise_prompt: True
2026-07-24 22:03:31,152 [trainer.py] => embedding_key: cls
2026-07-24 22:03:31,152 [trainer.py] => predefined_key: 
2026-07-24 22:03:31,152 [trainer.py] => pull_constraint: True
2026-07-24 22:03:31,152 [trainer.py] => pull_constraint_coeff: 0.1
2026-07-24 22:03:31,152 [trainer.py] => total_class_num: 100
2026-07-24 22:03:31,265 [data_manager.py] => [98, 10, 4, 18, 88, 13, 8, 84, 79, 21, 85, 96, 53, 42, 52, 97, 74, 5, 58, 23, 90, 59, 16, 72, 75, 30, 43, 99, 44, 41, 0, 46, 61, 80, 65, 39, 70, 87, 89, 91, 82, 14, 12, 71, 50, 11, 15, 57, 22, 67, 45, 32, 78, 63, 66, 55, 31, 62, 35, 34, 19, 49, 24, 9, 37, 36, 3, 64, 40, 86, 81, 93, 47, 73, 17, 60, 68, 25, 38, 48, 33, 20, 83, 7, 27, 94, 54, 2, 92, 76, 69, 51, 28, 29, 95, 77, 56, 26, 6, 1]
2026-07-24 22:03:31,283 [factory.py] => Loaded ViT-B-16 model config.
2026-07-24 22:03:32,389 [factory.py] => Loading pretrained ViT-B-16 weights (/public/home/hanlida/Dr.1/pretrained_models/open_clip_pytorch_model_laion400m_e32.bin).
2026-07-24 22:03:34,858 [l2p.py] => 86,457,956 model total parameters.
2026-07-24 22:03:34,858 [l2p.py] => 94,820 model training parameters.
2026-07-24 22:03:34,859 [l2p.py] => prompt.prompt: 38400
2026-07-24 22:03:34,859 [l2p.py] => prompt.prompt_key: 5120
2026-07-24 22:03:34,859 [l2p.py] => head.weight: 51200
2026-07-24 22:03:34,859 [l2p.py] => head.bias: 100
2026-07-24 22:03:34,859 [l2p.py] => Learning on 0-50
2026-07-24 22:17:51,564 [l2p.py] => Task 0, Epoch 10/10 => Loss -0.002, Train_accy 91.96, Test_accy 70.91
2026-07-24 22:18:12,563 [trainer.py] => CNN: {'total': 70.91, '00-09': 53.92, '10-19': 72.46, '20-29': 79.28, '30-39': 82.93, '40-49': 65.87, 'old': 0, 'new': 70.91, 'harmonic': 0.0}
2026-07-24 22:18:12,564 [trainer.py] => CNN top1 curve: [70.91]
2026-07-24 22:18:12,564 [trainer.py] => CNN top5 curve: [93.34]
2026-07-24 22:18:12,564 [trainer.py] => Average Accuracy (CNN top1): 70.91
2026-07-24 22:18:12,565 [l2p.py] => Learning on 50-60
2026-07-24 22:24:47,445 [l2p.py] => Task 1, Epoch 10/10 => Loss -0.024, Train_accy 94.75, Test_accy 60.55
2026-07-24 22:25:13,223 [trainer.py] => CNN: {'total': 60.55, '00-09': 53.01, '10-19': 72.46, '20-29': 78.68, '30-39': 82.63, '40-49': 65.87, '50-59': 10.51, 'old': 70.55, 'new': 10.51, 'harmonic': 18.29}
2026-07-24 22:25:13,224 [trainer.py] => CNN top1 curve: [70.91, 60.55]
2026-07-24 22:25:13,224 [trainer.py] => CNN top5 curve: [93.34, 89.5]
2026-07-24 22:25:13,224 [trainer.py] => Average Accuracy (CNN top1): 65.72999999999999
2026-07-24 22:25:13,224 [l2p.py] => Learning on 60-70
2026-07-24 22:32:29,693 [l2p.py] => Task 2, Epoch 10/10 => Loss -0.250, Train_accy 98.36, Test_accy 51.52
2026-07-24 22:32:59,509 [trainer.py] => CNN: {'total': 51.52, '00-09': 53.31, '10-19': 71.56, '20-29': 77.48, '30-39': 80.54, '40-49': 64.67, '50-59': 7.21, '60-69': 5.44, 'old': 59.15, 'new': 5.44, 'harmonic': 9.96}
2026-07-24 22:32:59,509 [trainer.py] => CNN top1 curve: [70.91, 60.55, 51.52]
2026-07-24 22:32:59,509 [trainer.py] => CNN top5 curve: [93.34, 89.5, 84.47]
2026-07-24 22:32:59,509 [trainer.py] => Average Accuracy (CNN top1): 60.99333333333333
2026-07-24 22:32:59,509 [l2p.py] => Learning on 70-80
2026-07-24 22:40:56,900 [l2p.py] => Task 3, Epoch 10/10 => Loss -0.326, Train_accy 99.85, Test_accy 42.57
2026-07-24 22:41:30,346 [trainer.py] => CNN: {'total': 42.57, '00-09': 48.49, '10-19': 64.67, '20-29': 76.28, '30-39': 76.95, '40-49': 60.78, '50-59': 6.01, '60-69': 3.63, '70-79': 3.3, 'old': 48.18, 'new': 3.3, 'harmonic': 6.18}
2026-07-24 22:41:30,346 [trainer.py] => CNN top1 curve: [70.91, 60.55, 51.52, 42.57]
2026-07-24 22:41:30,346 [trainer.py] => CNN top5 curve: [93.34, 89.5, 84.47, 79.2]
2026-07-24 22:41:30,346 [trainer.py] => Average Accuracy (CNN top1): 56.387499999999996
2026-07-24 22:41:30,346 [l2p.py] => Learning on 80-90
2026-07-24 22:50:09,206 [l2p.py] => Task 4, Epoch 10/10 => Loss -0.235, Train_accy 98.65, Test_accy 39.59
2026-07-24 22:50:46,907 [trainer.py] => CNN: {'total': 39.59, '00-09': 54.52, '10-19': 68.56, '20-29': 75.68, '30-39': 79.94, '40-49': 61.38, '50-59': 2.7, '60-69': 2.72, '70-79': 2.4, '80-89': 8.08, 'old': 43.54, 'new': 8.08, 'harmonic': 13.63}
2026-07-24 22:50:46,908 [trainer.py] => CNN top1 curve: [70.91, 60.55, 51.52, 42.57, 39.59]
2026-07-24 22:50:46,908 [trainer.py] => CNN top5 curve: [93.34, 89.5, 84.47, 79.2, 74.45]
2026-07-24 22:50:46,908 [trainer.py] => Average Accuracy (CNN top1): 53.028
2026-07-24 22:50:46,908 [l2p.py] => Learning on 90-100
2026-07-24 23:00:09,096 [l2p.py] => Task 5, Epoch 10/10 => Loss -0.257, Train_accy 99.10, Test_accy 34.68
2026-07-24 23:00:51,779 [trainer.py] => CNN: {'total': 34.68, '00-09': 53.01, '10-19': 67.66, '20-29': 75.98, '30-39': 76.95, '40-49': 59.58, '50-59': 3.6, '60-69': 1.21, '70-79': 1.2, '80-89': 5.99, '90-99': 1.49, 'old': 38.39, 'new': 1.49, 'harmonic': 2.87}
2026-07-24 23:00:51,779 [trainer.py] => CNN top1 curve: [70.91, 60.55, 51.52, 42.57, 39.59, 34.68]
2026-07-24 23:00:51,779 [trainer.py] => CNN top5 curve: [93.34, 89.5, 84.47, 79.2, 74.45, 69.01]
2026-07-24 23:00:51,779 [trainer.py] => Average Accuracy (CNN top1): 49.97
