2026-07-24 17:05:58,399 [trainer.py] => config: ./configs/l2p/l2p_aircraft_B50_Inc10.json
2026-07-24 17:05:58,400 [trainer.py] => prefix:  
2026-07-24 17:05:58,400 [trainer.py] => dataset: aircraft
2026-07-24 17:05:58,400 [trainer.py] => memory_size: 0
2026-07-24 17:05:58,400 [trainer.py] => memory_per_class: 0
2026-07-24 17:05:58,400 [trainer.py] => fixed_memory: False
2026-07-24 17:05:58,400 [trainer.py] => shuffle: True
2026-07-24 17:05:58,400 [trainer.py] => init_cls: 50
2026-07-24 17:05:58,400 [trainer.py] => increment: 10
2026-07-24 17:05:58,400 [trainer.py] => model_name: l2p
2026-07-24 17:05:58,400 [trainer.py] => backbone_type: clip
2026-07-24 17:05:58,400 [trainer.py] => get_original_backbone: True
2026-07-24 17:05:58,400 [trainer.py] => device: [device(type='cuda', index=1)]
2026-07-24 17:05:58,400 [trainer.py] => seed: 0
2026-07-24 17:05:58,400 [trainer.py] => nb_classes: 100
2026-07-24 17:05:58,400 [trainer.py] => tuned_epoch: 10
2026-07-24 17:05:58,400 [trainer.py] => init_lr: 0.001875
2026-07-24 17:05:58,400 [trainer.py] => batch_size: 16
2026-07-24 17:05:58,400 [trainer.py] => weight_decay: 0
2026-07-24 17:05:58,400 [trainer.py] => min_lr: 1e-05
2026-07-24 17:05:58,400 [trainer.py] => optimizer: adam
2026-07-24 17:05:58,400 [trainer.py] => scheduler: constant
2026-07-24 17:05:58,400 [trainer.py] => reinit_optimizer: True
2026-07-24 17:05:58,400 [trainer.py] => global_pool: token
2026-07-24 17:05:58,400 [trainer.py] => head_type: prompt
2026-07-24 17:05:58,400 [trainer.py] => freeze: ['blocks', 'patch_embed', 'cls_token', 'norm', 'pos_embed']
2026-07-24 17:05:58,400 [trainer.py] => pretrained: True
2026-07-24 17:05:58,400 [trainer.py] => drop: 0.0
2026-07-24 17:05:58,400 [trainer.py] => drop_path: 0.0
2026-07-24 17:05:58,400 [trainer.py] => prompt_pool: True
2026-07-24 17:05:58,401 [trainer.py] => size: 10
2026-07-24 17:05:58,401 [trainer.py] => length: 5
2026-07-24 17:05:58,401 [trainer.py] => top_k: 5
2026-07-24 17:05:58,401 [trainer.py] => initializer: uniform
2026-07-24 17:05:58,401 [trainer.py] => prompt_key: True
2026-07-24 17:05:58,401 [trainer.py] => prompt_key_init: uniform
2026-07-24 17:05:58,401 [trainer.py] => use_prompt_mask: False
2026-07-24 17:05:58,401 [trainer.py] => shared_prompt_pool: False
2026-07-24 17:05:58,401 [trainer.py] => shared_prompt_key: False
2026-07-24 17:05:58,401 [trainer.py] => batchwise_prompt: True
2026-07-24 17:05:58,401 [trainer.py] => embedding_key: cls
2026-07-24 17:05:58,401 [trainer.py] => predefined_key: 
2026-07-24 17:05:58,401 [trainer.py] => pull_constraint: True
2026-07-24 17:05:58,401 [trainer.py] => pull_constraint_coeff: 0.1
2026-07-24 17:05:58,401 [trainer.py] => total_class_num: 100
2026-07-24 17:05:58,609 [data_manager.py] => [26, 86, 2, 55, 75, 93, 16, 73, 54, 95, 53, 92, 78, 13, 7, 30, 22, 24, 33, 8, 43, 62, 3, 71, 45, 48, 6, 99, 82, 76, 60, 80, 90, 68, 51, 27, 18, 56, 63, 74, 1, 61, 42, 41, 4, 15, 17, 40, 38, 5, 91, 59, 0, 34, 28, 50, 11, 35, 23, 52, 10, 31, 66, 57, 79, 85, 32, 84, 14, 89, 19, 29, 49, 97, 98, 69, 20, 94, 72, 77, 25, 37, 81, 46, 39, 65, 58, 12, 88, 70, 87, 36, 21, 83, 9, 96, 67, 64, 47, 44]
2026-07-24 17:06:00,784 [instantiator.py] => Created a temporary directory at /public/home/hanlida/tmp/tmpwn61xtvt
2026-07-24 17:06:00,786 [instantiator.py] => Writing /public/home/hanlida/tmp/tmpwn61xtvt/_remote_module_non_scriptable.py
2026-07-24 17:06:00,964 [factory.py] => Loaded ViT-B-16 model config.
2026-07-24 17:06:02,335 [factory.py] => Loading pretrained ViT-B-16 weights (/public/home/hanlida/Dr.1/pretrained_models/open_clip_pytorch_model_laion400m_e32.bin).
2026-07-24 17:06:06,290 [l2p.py] => 86,457,956 model total parameters.
2026-07-24 17:06:06,290 [l2p.py] => 94,820 model training parameters.
2026-07-24 17:06:06,291 [l2p.py] => prompt.prompt: 38400
2026-07-24 17:06:06,291 [l2p.py] => prompt.prompt_key: 5120
2026-07-24 17:06:06,291 [l2p.py] => head.weight: 51200
2026-07-24 17:06:06,291 [l2p.py] => head.bias: 100
2026-07-24 17:06:06,291 [l2p.py] => Learning on 0-50
2026-07-24 17:08:44,051 [trainer.py] => config: ./configs/l2p/l2p_aircraft_B50_Inc10.json
2026-07-24 17:08:44,051 [trainer.py] => prefix:  
2026-07-24 17:08:44,051 [trainer.py] => dataset: aircraft
2026-07-24 17:08:44,051 [trainer.py] => memory_size: 0
2026-07-24 17:08:44,051 [trainer.py] => memory_per_class: 0
2026-07-24 17:08:44,051 [trainer.py] => fixed_memory: False
2026-07-24 17:08:44,051 [trainer.py] => shuffle: True
2026-07-24 17:08:44,051 [trainer.py] => init_cls: 50
2026-07-24 17:08:44,051 [trainer.py] => increment: 10
2026-07-24 17:08:44,051 [trainer.py] => model_name: l2p
2026-07-24 17:08:44,051 [trainer.py] => backbone_type: clip
2026-07-24 17:08:44,051 [trainer.py] => get_original_backbone: True
2026-07-24 17:08:44,051 [trainer.py] => device: [device(type='cuda', index=2)]
2026-07-24 17:08:44,051 [trainer.py] => seed: 0
2026-07-24 17:08:44,051 [trainer.py] => nb_classes: 100
2026-07-24 17:08:44,051 [trainer.py] => tuned_epoch: 10
2026-07-24 17:08:44,052 [trainer.py] => init_lr: 0.001875
2026-07-24 17:08:44,052 [trainer.py] => batch_size: 16
2026-07-24 17:08:44,052 [trainer.py] => weight_decay: 0
2026-07-24 17:08:44,052 [trainer.py] => min_lr: 1e-05
2026-07-24 17:08:44,052 [trainer.py] => optimizer: adam
2026-07-24 17:08:44,052 [trainer.py] => scheduler: constant
2026-07-24 17:08:44,052 [trainer.py] => reinit_optimizer: True
2026-07-24 17:08:44,052 [trainer.py] => global_pool: token
2026-07-24 17:08:44,052 [trainer.py] => head_type: prompt
2026-07-24 17:08:44,052 [trainer.py] => freeze: ['blocks', 'patch_embed', 'cls_token', 'norm', 'pos_embed']
2026-07-24 17:08:44,052 [trainer.py] => pretrained: True
2026-07-24 17:08:44,052 [trainer.py] => drop: 0.0
2026-07-24 17:08:44,052 [trainer.py] => drop_path: 0.0
2026-07-24 17:08:44,052 [trainer.py] => prompt_pool: True
2026-07-24 17:08:44,052 [trainer.py] => size: 10
2026-07-24 17:08:44,052 [trainer.py] => length: 5
2026-07-24 17:08:44,052 [trainer.py] => top_k: 5
2026-07-24 17:08:44,052 [trainer.py] => initializer: uniform
2026-07-24 17:08:44,052 [trainer.py] => prompt_key: True
2026-07-24 17:08:44,052 [trainer.py] => prompt_key_init: uniform
2026-07-24 17:08:44,052 [trainer.py] => use_prompt_mask: False
2026-07-24 17:08:44,052 [trainer.py] => shared_prompt_pool: False
2026-07-24 17:08:44,052 [trainer.py] => shared_prompt_key: False
2026-07-24 17:08:44,052 [trainer.py] => batchwise_prompt: True
2026-07-24 17:08:44,052 [trainer.py] => embedding_key: cls
2026-07-24 17:08:44,052 [trainer.py] => predefined_key: 
2026-07-24 17:08:44,052 [trainer.py] => pull_constraint: True
2026-07-24 17:08:44,052 [trainer.py] => pull_constraint_coeff: 0.1
2026-07-24 17:08:44,052 [trainer.py] => total_class_num: 100
2026-07-24 17:08:44,201 [data_manager.py] => [26, 86, 2, 55, 75, 93, 16, 73, 54, 95, 53, 92, 78, 13, 7, 30, 22, 24, 33, 8, 43, 62, 3, 71, 45, 48, 6, 99, 82, 76, 60, 80, 90, 68, 51, 27, 18, 56, 63, 74, 1, 61, 42, 41, 4, 15, 17, 40, 38, 5, 91, 59, 0, 34, 28, 50, 11, 35, 23, 52, 10, 31, 66, 57, 79, 85, 32, 84, 14, 89, 19, 29, 49, 97, 98, 69, 20, 94, 72, 77, 25, 37, 81, 46, 39, 65, 58, 12, 88, 70, 87, 36, 21, 83, 9, 96, 67, 64, 47, 44]
2026-07-24 17:08:45,546 [instantiator.py] => Created a temporary directory at /public/home/hanlida/tmp/tmpho292m0h
2026-07-24 17:08:45,547 [instantiator.py] => Writing /public/home/hanlida/tmp/tmpho292m0h/_remote_module_non_scriptable.py
2026-07-24 17:08:45,687 [factory.py] => Loaded ViT-B-16 model config.
2026-07-24 17:08:47,113 [factory.py] => Loading pretrained ViT-B-16 weights (/public/home/hanlida/Dr.1/pretrained_models/open_clip_pytorch_model_laion400m_e32.bin).
2026-07-24 17:08:49,120 [l2p.py] => 86,457,956 model total parameters.
2026-07-24 17:08:49,120 [l2p.py] => 94,820 model training parameters.
2026-07-24 17:08:49,121 [l2p.py] => prompt.prompt: 38400
2026-07-24 17:08:49,121 [l2p.py] => prompt.prompt_key: 5120
2026-07-24 17:08:49,121 [l2p.py] => head.weight: 51200
2026-07-24 17:08:49,121 [l2p.py] => head.bias: 100
2026-07-24 17:08:49,121 [l2p.py] => Learning on 0-50
2026-07-24 20:14:12,800 [trainer.py] => config: ./configs/l2p/l2p_aircraft_B50_Inc10.json
2026-07-24 20:14:12,815 [trainer.py] => prefix:  
2026-07-24 20:14:12,815 [trainer.py] => dataset: aircraft
2026-07-24 20:14:12,815 [trainer.py] => memory_size: 0
2026-07-24 20:14:12,815 [trainer.py] => memory_per_class: 0
2026-07-24 20:14:12,815 [trainer.py] => fixed_memory: False
2026-07-24 20:14:12,815 [trainer.py] => shuffle: True
2026-07-24 20:14:12,815 [trainer.py] => init_cls: 50
2026-07-24 20:14:12,815 [trainer.py] => increment: 10
2026-07-24 20:14:12,815 [trainer.py] => model_name: l2p
2026-07-24 20:14:12,815 [trainer.py] => backbone_type: clip
2026-07-24 20:14:12,815 [trainer.py] => get_original_backbone: True
2026-07-24 20:14:12,815 [trainer.py] => device: [device(type='cuda', index=2)]
2026-07-24 20:14:12,815 [trainer.py] => seed: 0
2026-07-24 20:14:12,815 [trainer.py] => nb_classes: 100
2026-07-24 20:14:12,815 [trainer.py] => tuned_epoch: 10
2026-07-24 20:14:12,815 [trainer.py] => init_lr: 0.001875
2026-07-24 20:14:12,815 [trainer.py] => batch_size: 16
2026-07-24 20:14:12,815 [trainer.py] => weight_decay: 0
2026-07-24 20:14:12,816 [trainer.py] => min_lr: 1e-05
2026-07-24 20:14:12,816 [trainer.py] => optimizer: adam
2026-07-24 20:14:12,816 [trainer.py] => scheduler: constant
2026-07-24 20:14:12,816 [trainer.py] => reinit_optimizer: True
2026-07-24 20:14:12,816 [trainer.py] => global_pool: token
2026-07-24 20:14:12,816 [trainer.py] => head_type: prompt
2026-07-24 20:14:12,816 [trainer.py] => freeze: ['blocks', 'patch_embed', 'cls_token', 'norm', 'pos_embed']
2026-07-24 20:14:12,816 [trainer.py] => pretrained: True
2026-07-24 20:14:12,816 [trainer.py] => drop: 0.0
2026-07-24 20:14:12,816 [trainer.py] => drop_path: 0.0
2026-07-24 20:14:12,816 [trainer.py] => prompt_pool: True
2026-07-24 20:14:12,816 [trainer.py] => size: 10
2026-07-24 20:14:12,816 [trainer.py] => length: 5
2026-07-24 20:14:12,816 [trainer.py] => top_k: 5
2026-07-24 20:14:12,816 [trainer.py] => initializer: uniform
2026-07-24 20:14:12,816 [trainer.py] => prompt_key: True
2026-07-24 20:14:12,816 [trainer.py] => prompt_key_init: uniform
2026-07-24 20:14:12,816 [trainer.py] => use_prompt_mask: False
2026-07-24 20:14:12,816 [trainer.py] => shared_prompt_pool: False
2026-07-24 20:14:12,816 [trainer.py] => shared_prompt_key: False
2026-07-24 20:14:12,816 [trainer.py] => batchwise_prompt: True
2026-07-24 20:14:12,816 [trainer.py] => embedding_key: cls
2026-07-24 20:14:12,816 [trainer.py] => predefined_key: 
2026-07-24 20:14:12,817 [trainer.py] => pull_constraint: True
2026-07-24 20:14:12,817 [trainer.py] => pull_constraint_coeff: 0.1
2026-07-24 20:14:12,817 [trainer.py] => total_class_num: 100
2026-07-24 20:14:13,168 [data_manager.py] => [26, 86, 2, 55, 75, 93, 16, 73, 54, 95, 53, 92, 78, 13, 7, 30, 22, 24, 33, 8, 43, 62, 3, 71, 45, 48, 6, 99, 82, 76, 60, 80, 90, 68, 51, 27, 18, 56, 63, 74, 1, 61, 42, 41, 4, 15, 17, 40, 38, 5, 91, 59, 0, 34, 28, 50, 11, 35, 23, 52, 10, 31, 66, 57, 79, 85, 32, 84, 14, 89, 19, 29, 49, 97, 98, 69, 20, 94, 72, 77, 25, 37, 81, 46, 39, 65, 58, 12, 88, 70, 87, 36, 21, 83, 9, 96, 67, 64, 47, 44]
2026-07-24 20:14:15,950 [instantiator.py] => Created a temporary directory at /public/home/hanlida/tmp/tmpd9ndcp48
2026-07-24 20:14:15,952 [instantiator.py] => Writing /public/home/hanlida/tmp/tmpd9ndcp48/_remote_module_non_scriptable.py
2026-07-24 20:14:16,306 [factory.py] => Loaded ViT-B-16 model config.
2026-07-24 20:14:17,734 [factory.py] => Loading pretrained ViT-B-16 weights (/public/home/hanlida/Dr.1/pretrained_models/open_clip_pytorch_model_laion400m_e32.bin).
2026-07-24 20:14:20,681 [l2p.py] => 86,457,956 model total parameters.
2026-07-24 20:14:20,682 [l2p.py] => 94,820 model training parameters.
2026-07-24 20:14:20,682 [l2p.py] => prompt.prompt: 38400
2026-07-24 20:14:20,682 [l2p.py] => prompt.prompt_key: 5120
2026-07-24 20:14:20,682 [l2p.py] => head.weight: 51200
2026-07-24 20:14:20,682 [l2p.py] => head.bias: 100
2026-07-24 20:14:20,682 [l2p.py] => Learning on 0-50
2026-07-24 20:28:18,453 [l2p.py] => Task 0, Epoch 10/10 => Loss 0.042, Train_accy 90.37, Test_accy 70.23
2026-07-24 20:28:39,717 [trainer.py] => CNN: {'total': 70.23, '00-09': 69.16, '10-19': 56.16, '20-29': 79.22, '30-39': 79.34, '40-49': 67.27, 'old': 0, 'new': 70.23, 'harmonic': 0.0}
2026-07-24 20:28:39,717 [trainer.py] => CNN top1 curve: [70.23]
2026-07-24 20:28:39,717 [trainer.py] => CNN top5 curve: [93.52]
2026-07-24 20:28:39,717 [trainer.py] => Average Accuracy (CNN top1): 70.23
2026-07-24 20:28:39,717 [l2p.py] => Learning on 50-60
2026-07-24 20:34:48,137 [l2p.py] => Task 1, Epoch 10/10 => Loss 0.009, Train_accy 94.29, Test_accy 60.37
2026-07-24 20:35:13,874 [trainer.py] => CNN: {'total': 60.37, '00-09': 67.66, '10-19': 55.56, '20-29': 78.92, '30-39': 79.04, '40-49': 66.97, '50-59': 14.33, 'old': 69.63, 'new': 14.33, 'harmonic': 23.77}
2026-07-24 20:35:13,874 [trainer.py] => CNN top1 curve: [70.23, 60.37]
2026-07-24 20:35:13,874 [trainer.py] => CNN top5 curve: [93.52, 90.6]
2026-07-24 20:35:13,875 [trainer.py] => Average Accuracy (CNN top1): 65.3
2026-07-24 20:35:13,875 [l2p.py] => Learning on 60-70
2026-07-24 20:42:15,510 [l2p.py] => Task 2, Epoch 10/10 => Loss -0.202, Train_accy 96.85, Test_accy 51.50
2026-07-24 20:42:43,271 [trainer.py] => CNN: {'total': 51.5, '00-09': 67.66, '10-19': 51.35, '20-29': 75.6, '30-39': 76.95, '40-49': 63.66, '50-59': 11.34, '60-69': 14.11, 'old': 57.72, 'new': 14.11, 'harmonic': 22.68}
2026-07-24 20:42:43,271 [trainer.py] => CNN top1 curve: [70.23, 60.37, 51.5]
2026-07-24 20:42:43,271 [trainer.py] => CNN top5 curve: [93.52, 90.6, 85.22]
2026-07-24 20:42:43,272 [trainer.py] => Average Accuracy (CNN top1): 60.699999999999996
2026-07-24 20:42:43,272 [l2p.py] => Learning on 70-80
2026-07-24 20:50:13,067 [l2p.py] => Task 3, Epoch 10/10 => Loss -0.241, Train_accy 97.60, Test_accy 44.87
2026-07-24 20:50:44,056 [trainer.py] => CNN: {'total': 44.87, '00-09': 67.07, '10-19': 49.55, '20-29': 74.7, '30-39': 77.84, '40-49': 66.07, '50-59': 7.46, '60-69': 10.81, '70-79': 5.69, 'old': 50.47, 'new': 5.69, 'harmonic': 10.23}
2026-07-24 20:50:44,057 [trainer.py] => CNN top1 curve: [70.23, 60.37, 51.5, 44.87]
2026-07-24 20:50:44,057 [trainer.py] => CNN top5 curve: [93.52, 90.6, 85.22, 82.12]
2026-07-24 20:50:44,058 [trainer.py] => Average Accuracy (CNN top1): 56.7425
2026-07-24 20:50:44,058 [l2p.py] => Learning on 80-90
2026-07-24 20:58:48,422 [l2p.py] => Task 4, Epoch 10/10 => Loss -0.333, Train_accy 99.55, Test_accy 39.83
2026-07-24 20:59:23,668 [trainer.py] => CNN: {'total': 39.83, '00-09': 66.17, '10-19': 48.05, '20-29': 75.9, '30-39': 74.85, '40-49': 69.07, '50-59': 6.57, '60-69': 6.91, '70-79': 5.99, '80-89': 5.12, 'old': 44.15, 'new': 5.12, 'harmonic': 9.18}
2026-07-24 20:59:23,669 [trainer.py] => CNN top1 curve: [70.23, 60.37, 51.5, 44.87, 39.83]
2026-07-24 20:59:23,669 [trainer.py] => CNN top5 curve: [93.52, 90.6, 85.22, 82.12, 76.83]
2026-07-24 20:59:23,669 [trainer.py] => Average Accuracy (CNN top1): 53.36
2026-07-24 20:59:23,670 [l2p.py] => Learning on 90-100
2026-07-24 21:08:09,148 [l2p.py] => Task 5, Epoch 10/10 => Loss -0.331, Train_accy 99.70, Test_accy 36.36
2026-07-24 21:08:48,583 [trainer.py] => CNN: {'total': 36.36, '00-09': 65.57, '10-19': 47.15, '20-29': 75.3, '30-39': 75.15, '40-49': 66.07, '50-59': 7.46, '60-69': 6.01, '70-79': 5.09, '80-89': 4.52, '90-99': 11.41, 'old': 39.13, 'new': 11.41, 'harmonic': 17.67}
2026-07-24 21:08:48,584 [trainer.py] => CNN top1 curve: [70.23, 60.37, 51.5, 44.87, 39.83, 36.36]
2026-07-24 21:08:48,584 [trainer.py] => CNN top5 curve: [93.52, 90.6, 85.22, 82.12, 76.83, 73.42]
2026-07-24 21:08:48,585 [trainer.py] => Average Accuracy (CNN top1): 50.52666666666667
