2026-07-24 18:10:37,792 [trainer.py] => config: ./configs/l2p/l2p_aircraft_B0_Inc10.json
2026-07-24 18:10:37,792 [trainer.py] => prefix:  
2026-07-24 18:10:37,792 [trainer.py] => dataset: aircraft
2026-07-24 18:10:37,793 [trainer.py] => memory_size: 0
2026-07-24 18:10:37,793 [trainer.py] => memory_per_class: 0
2026-07-24 18:10:37,793 [trainer.py] => fixed_memory: False
2026-07-24 18:10:37,793 [trainer.py] => shuffle: True
2026-07-24 18:10:37,793 [trainer.py] => init_cls: 10
2026-07-24 18:10:37,793 [trainer.py] => increment: 10
2026-07-24 18:10:37,794 [trainer.py] => model_name: l2p
2026-07-24 18:10:37,794 [trainer.py] => backbone_type: clip
2026-07-24 18:10:37,794 [trainer.py] => get_original_backbone: True
2026-07-24 18:10:37,794 [trainer.py] => device: [device(type='cuda', index=2)]
2026-07-24 18:10:37,794 [trainer.py] => seed: 42
2026-07-24 18:10:37,794 [trainer.py] => nb_classes: 100
2026-07-24 18:10:37,795 [trainer.py] => tuned_epoch: 10
2026-07-24 18:10:37,795 [trainer.py] => init_lr: 0.001875
2026-07-24 18:10:37,795 [trainer.py] => batch_size: 16
2026-07-24 18:10:37,795 [trainer.py] => weight_decay: 0
2026-07-24 18:10:37,795 [trainer.py] => min_lr: 1e-05
2026-07-24 18:10:37,795 [trainer.py] => optimizer: adam
2026-07-24 18:10:37,795 [trainer.py] => scheduler: constant
2026-07-24 18:10:37,796 [trainer.py] => reinit_optimizer: True
2026-07-24 18:10:37,796 [trainer.py] => global_pool: token
2026-07-24 18:10:37,796 [trainer.py] => head_type: prompt
2026-07-24 18:10:37,796 [trainer.py] => freeze: ['blocks', 'patch_embed', 'cls_token', 'norm', 'pos_embed']
2026-07-24 18:10:37,796 [trainer.py] => pretrained: True
2026-07-24 18:10:37,796 [trainer.py] => drop: 0.0
2026-07-24 18:10:37,797 [trainer.py] => drop_path: 0.0
2026-07-24 18:10:37,797 [trainer.py] => prompt_pool: True
2026-07-24 18:10:37,797 [trainer.py] => size: 10
2026-07-24 18:10:37,797 [trainer.py] => length: 5
2026-07-24 18:10:37,797 [trainer.py] => top_k: 5
2026-07-24 18:10:37,797 [trainer.py] => initializer: uniform
2026-07-24 18:10:37,797 [trainer.py] => prompt_key: True
2026-07-24 18:10:37,798 [trainer.py] => prompt_key_init: uniform
2026-07-24 18:10:37,798 [trainer.py] => use_prompt_mask: False
2026-07-24 18:10:37,798 [trainer.py] => shared_prompt_pool: False
2026-07-24 18:10:37,798 [trainer.py] => shared_prompt_key: False
2026-07-24 18:10:37,798 [trainer.py] => batchwise_prompt: True
2026-07-24 18:10:37,798 [trainer.py] => embedding_key: cls
2026-07-24 18:10:37,798 [trainer.py] => predefined_key: 
2026-07-24 18:10:37,799 [trainer.py] => pull_constraint: True
2026-07-24 18:10:37,799 [trainer.py] => pull_constraint_coeff: 0.1
2026-07-24 18:10:37,799 [trainer.py] => total_class_num: 100
2026-07-24 18:10:37,943 [data_manager.py] => [83, 53, 70, 45, 44, 39, 22, 80, 10, 0, 18, 30, 73, 33, 90, 4, 76, 77, 12, 31, 55, 88, 26, 42, 69, 15, 40, 96, 9, 72, 11, 47, 85, 28, 93, 5, 66, 65, 35, 16, 49, 34, 7, 95, 27, 19, 81, 25, 62, 13, 24, 3, 17, 38, 8, 78, 6, 64, 36, 89, 56, 99, 54, 43, 50, 67, 46, 68, 61, 97, 79, 41, 58, 48, 98, 57, 75, 32, 94, 59, 63, 84, 37, 29, 1, 52, 21, 2, 23, 87, 91, 74, 86, 82, 20, 60, 71, 14, 92, 51]
2026-07-24 18:10:37,976 [factory.py] => Loaded ViT-B-16 model config.
2026-07-24 18:10:39,394 [factory.py] => Loading pretrained ViT-B-16 weights (/public/home/hanlida/Dr.1/pretrained_models/open_clip_pytorch_model_laion400m_e32.bin).
2026-07-24 18:10:41,771 [l2p.py] => 86,457,956 model total parameters.
2026-07-24 18:10:41,772 [l2p.py] => 94,820 model training parameters.
2026-07-24 18:10:41,772 [l2p.py] => prompt.prompt: 38400
2026-07-24 18:10:41,772 [l2p.py] => prompt.prompt_key: 5120
2026-07-24 18:10:41,772 [l2p.py] => head.weight: 51200
2026-07-24 18:10:41,772 [l2p.py] => head.bias: 100
2026-07-24 18:10:41,772 [l2p.py] => Learning on 0-10
2026-07-24 18:13:29,963 [l2p.py] => Task 0, Epoch 10/10 => Loss -0.025, Train_accy 95.79, Test_accy 82.99
2026-07-24 18:13:33,716 [trainer.py] => CNN: {'total': 82.99, '00-09': 82.99, 'old': 0, 'new': 82.99, 'harmonic': 0.0}
2026-07-24 18:13:33,717 [trainer.py] => CNN top1 curve: [82.99]
2026-07-24 18:13:33,717 [trainer.py] => CNN top5 curve: [100.0]
2026-07-24 18:13:33,717 [trainer.py] => Average Accuracy (CNN top1): 82.99
2026-07-24 18:13:33,717 [l2p.py] => Learning on 10-20
2026-07-24 18:17:02,437 [l2p.py] => Task 1, Epoch 10/10 => Loss -0.035, Train_accy 94.92, Test_accy 59.91
2026-07-24 18:17:11,374 [trainer.py] => CNN: {'total': 59.91, '00-09': 59.4, '10-19': 60.42, 'old': 59.4, 'new': 60.42, 'harmonic': 59.91}
2026-07-24 18:17:11,374 [trainer.py] => CNN top1 curve: [82.99, 59.91]
2026-07-24 18:17:11,375 [trainer.py] => CNN top5 curve: [100.0, 97.45]
2026-07-24 18:17:11,375 [trainer.py] => Average Accuracy (CNN top1): 71.44999999999999
2026-07-24 18:17:11,375 [l2p.py] => Learning on 20-30
2026-07-24 18:21:20,291 [l2p.py] => Task 2, Epoch 10/10 => Loss -0.241, Train_accy 98.06, Test_accy 50.55
2026-07-24 18:21:32,051 [trainer.py] => CNN: {'total': 50.55, '00-09': 52.54, '10-19': 56.8, '20-29': 42.3, 'old': 54.65, 'new': 42.3, 'harmonic': 47.69}
2026-07-24 18:21:32,051 [trainer.py] => CNN top1 curve: [82.99, 59.91, 50.55]
2026-07-24 18:21:32,051 [trainer.py] => CNN top5 curve: [100.0, 97.45, 94.28]
2026-07-24 18:21:32,052 [trainer.py] => Average Accuracy (CNN top1): 64.48333333333333
2026-07-24 18:21:32,052 [l2p.py] => Learning on 30-40
2026-07-24 18:26:21,106 [l2p.py] => Task 3, Epoch 10/10 => Loss -0.124, Train_accy 96.09, Test_accy 43.24
2026-07-24 18:26:38,161 [trainer.py] => CNN: {'total': 43.24, '00-09': 45.37, '10-19': 57.7, '20-29': 41.69, '30-39': 28.36, 'old': 48.24, 'new': 28.36, 'harmonic': 35.72}
2026-07-24 18:26:38,162 [trainer.py] => CNN top1 curve: [82.99, 59.91, 50.55, 43.24]
2026-07-24 18:26:38,162 [trainer.py] => CNN top5 curve: [100.0, 97.45, 94.28, 89.26]
2026-07-24 18:26:38,162 [trainer.py] => Average Accuracy (CNN top1): 59.1725
2026-07-24 18:26:38,162 [l2p.py] => Learning on 40-50
2026-07-24 18:32:07,844 [l2p.py] => Task 4, Epoch 10/10 => Loss -0.176, Train_accy 97.31, Test_accy 37.56
2026-07-24 18:32:28,040 [trainer.py] => CNN: {'total': 37.56, '00-09': 41.19, '10-19': 56.8, '20-29': 38.97, '30-39': 27.76, '40-49': 23.19, 'old': 41.14, 'new': 23.19, 'harmonic': 29.66}
2026-07-24 18:32:28,041 [trainer.py] => CNN top1 curve: [82.99, 59.91, 50.55, 43.24, 37.56]
2026-07-24 18:32:28,041 [trainer.py] => CNN top5 curve: [100.0, 97.45, 94.28, 89.26, 85.58]
2026-07-24 18:32:28,041 [trainer.py] => Average Accuracy (CNN top1): 54.85
2026-07-24 18:32:28,042 [l2p.py] => Learning on 50-60
2026-07-24 18:38:41,269 [l2p.py] => Task 5, Epoch 10/10 => Loss -0.105, Train_accy 94.30, Test_accy 35.15
2026-07-24 18:39:04,101 [trainer.py] => CNN: {'total': 35.15, '00-09': 46.27, '10-19': 52.87, '20-29': 39.27, '30-39': 26.87, '40-49': 19.58, '50-59': 26.13, 'old': 36.96, 'new': 26.13, 'harmonic': 30.62}
2026-07-24 18:39:04,101 [trainer.py] => CNN top1 curve: [82.99, 59.91, 50.55, 43.24, 37.56, 35.15]
2026-07-24 18:39:04,102 [trainer.py] => CNN top5 curve: [100.0, 97.45, 94.28, 89.26, 85.58, 79.27]
2026-07-24 18:39:04,102 [trainer.py] => Average Accuracy (CNN top1): 51.56666666666666
2026-07-24 18:39:04,102 [l2p.py] => Learning on 60-70
2026-07-24 18:45:55,547 [l2p.py] => Task 6, Epoch 10/10 => Loss -0.233, Train_accy 97.90, Test_accy 31.37
2026-07-24 18:46:24,043 [trainer.py] => CNN: {'total': 31.37, '00-09': 55.82, '10-19': 41.69, '20-29': 38.97, '30-39': 18.51, '40-49': 19.88, '50-59': 21.32, '60-69': 23.42, 'old': 32.7, 'new': 23.42, 'harmonic': 27.29}
2026-07-24 18:46:24,044 [trainer.py] => CNN top1 curve: [82.99, 59.91, 50.55, 43.24, 37.56, 35.15, 31.37]
2026-07-24 18:46:24,044 [trainer.py] => CNN top5 curve: [100.0, 97.45, 94.28, 89.26, 85.58, 79.27, 74.85]
2026-07-24 18:46:24,044 [trainer.py] => Average Accuracy (CNN top1): 48.68142857142857
2026-07-24 18:46:24,045 [l2p.py] => Learning on 70-80
2026-07-24 18:53:56,688 [l2p.py] => Task 7, Epoch 10/10 => Loss -0.323, Train_accy 100.00, Test_accy 30.89
2026-07-24 18:54:29,983 [trainer.py] => CNN: {'total': 30.89, '00-09': 48.36, '10-19': 41.99, '20-29': 36.56, '30-39': 18.21, '40-49': 25.9, '50-59': 20.72, '60-69': 16.82, '70-79': 38.62, 'old': 29.79, 'new': 38.62, 'harmonic': 33.64}
2026-07-24 18:54:29,984 [trainer.py] => CNN top1 curve: [82.99, 59.91, 50.55, 43.24, 37.56, 35.15, 31.37, 30.89]
2026-07-24 18:54:29,984 [trainer.py] => CNN top5 curve: [100.0, 97.45, 94.28, 89.26, 85.58, 79.27, 74.85, 73.24]
2026-07-24 18:54:29,984 [trainer.py] => Average Accuracy (CNN top1): 46.457499999999996
2026-07-24 18:54:29,985 [l2p.py] => Learning on 80-90
2026-07-24 19:02:06,153 [l2p.py] => Task 8, Epoch 10/10 => Loss -0.150, Train_accy 96.40, Test_accy 28.56
2026-07-24 19:02:40,062 [trainer.py] => CNN: {'total': 28.56, '00-09': 48.36, '10-19': 53.78, '20-29': 38.67, '30-39': 25.97, '40-49': 19.58, '50-59': 20.12, '60-69': 6.61, '70-79': 22.46, '80-89': 21.62, 'old': 29.43, 'new': 21.62, 'harmonic': 24.93}
2026-07-24 19:02:40,062 [trainer.py] => CNN top1 curve: [82.99, 59.91, 50.55, 43.24, 37.56, 35.15, 31.37, 30.89, 28.56]
2026-07-24 19:02:40,062 [trainer.py] => CNN top5 curve: [100.0, 97.45, 94.28, 89.26, 85.58, 79.27, 74.85, 73.24, 70.77]
2026-07-24 19:02:40,063 [trainer.py] => Average Accuracy (CNN top1): 44.468888888888884
2026-07-24 19:02:40,063 [l2p.py] => Learning on 90-100
2026-07-24 19:11:10,880 [l2p.py] => Task 9, Epoch 10/10 => Loss -0.339, Train_accy 99.85, Test_accy 25.56
2026-07-24 19:11:49,163 [trainer.py] => CNN: {'total': 25.56, '00-09': 42.39, '10-19': 43.81, '20-29': 37.16, '30-39': 15.82, '40-49': 25.9, '50-59': 13.51, '60-69': 9.31, '70-79': 28.74, '80-89': 12.91, '90-99': 26.19, 'old': 25.49, 'new': 26.19, 'harmonic': 25.84}
2026-07-24 19:11:49,164 [trainer.py] => CNN top1 curve: [82.99, 59.91, 50.55, 43.24, 37.56, 35.15, 31.37, 30.89, 28.56, 25.56]
2026-07-24 19:11:49,164 [trainer.py] => CNN top5 curve: [100.0, 97.45, 94.28, 89.26, 85.58, 79.27, 74.85, 73.24, 70.77, 67.84]
2026-07-24 19:11:49,164 [trainer.py] => Average Accuracy (CNN top1): 42.577999999999996
