2026-07-24 17:02:12,133 [trainer.py] => config: ./configs/l2p/l2p_aircraft_B0_Inc10.json
2026-07-24 17:02:12,133 [trainer.py] => prefix:  
2026-07-24 17:02:12,133 [trainer.py] => dataset: aircraft
2026-07-24 17:02:12,133 [trainer.py] => memory_size: 0
2026-07-24 17:02:12,133 [trainer.py] => memory_per_class: 0
2026-07-24 17:02:12,133 [trainer.py] => fixed_memory: False
2026-07-24 17:02:12,133 [trainer.py] => shuffle: True
2026-07-24 17:02:12,133 [trainer.py] => init_cls: 10
2026-07-24 17:02:12,134 [trainer.py] => increment: 10
2026-07-24 17:02:12,134 [trainer.py] => model_name: l2p
2026-07-24 17:02:12,134 [trainer.py] => backbone_type: clip
2026-07-24 17:02:12,134 [trainer.py] => get_original_backbone: True
2026-07-24 17:02:12,134 [trainer.py] => device: [device(type='cuda', index=1)]
2026-07-24 17:02:12,134 [trainer.py] => seed: 0
2026-07-24 17:02:12,134 [trainer.py] => nb_classes: 100
2026-07-24 17:02:12,134 [trainer.py] => tuned_epoch: 10
2026-07-24 17:02:12,134 [trainer.py] => init_lr: 0.001875
2026-07-24 17:02:12,134 [trainer.py] => batch_size: 16
2026-07-24 17:02:12,134 [trainer.py] => weight_decay: 0
2026-07-24 17:02:12,134 [trainer.py] => min_lr: 1e-05
2026-07-24 17:02:12,134 [trainer.py] => optimizer: adam
2026-07-24 17:02:12,134 [trainer.py] => scheduler: constant
2026-07-24 17:02:12,134 [trainer.py] => reinit_optimizer: True
2026-07-24 17:02:12,134 [trainer.py] => global_pool: token
2026-07-24 17:02:12,134 [trainer.py] => head_type: prompt
2026-07-24 17:02:12,134 [trainer.py] => freeze: ['blocks', 'patch_embed', 'cls_token', 'norm', 'pos_embed']
2026-07-24 17:02:12,134 [trainer.py] => pretrained: True
2026-07-24 17:02:12,134 [trainer.py] => drop: 0.0
2026-07-24 17:02:12,134 [trainer.py] => drop_path: 0.0
2026-07-24 17:02:12,134 [trainer.py] => prompt_pool: True
2026-07-24 17:02:12,134 [trainer.py] => size: 10
2026-07-24 17:02:12,134 [trainer.py] => length: 5
2026-07-24 17:02:12,134 [trainer.py] => top_k: 5
2026-07-24 17:02:12,135 [trainer.py] => initializer: uniform
2026-07-24 17:02:12,135 [trainer.py] => prompt_key: True
2026-07-24 17:02:12,135 [trainer.py] => prompt_key_init: uniform
2026-07-24 17:02:12,135 [trainer.py] => use_prompt_mask: False
2026-07-24 17:02:12,135 [trainer.py] => shared_prompt_pool: False
2026-07-24 17:02:12,135 [trainer.py] => shared_prompt_key: False
2026-07-24 17:02:12,135 [trainer.py] => batchwise_prompt: True
2026-07-24 17:02:12,135 [trainer.py] => embedding_key: cls
2026-07-24 17:02:12,135 [trainer.py] => predefined_key: 
2026-07-24 17:02:12,135 [trainer.py] => pull_constraint: True
2026-07-24 17:02:12,135 [trainer.py] => pull_constraint_coeff: 0.1
2026-07-24 17:02:12,135 [trainer.py] => total_class_num: 100
2026-07-24 17:02:12,373 [data_manager.py] => [26, 86, 2, 55, 75, 93, 16, 73, 54, 95, 53, 92, 78, 13, 7, 30, 22, 24, 33, 8, 43, 62, 3, 71, 45, 48, 6, 99, 82, 76, 60, 80, 90, 68, 51, 27, 18, 56, 63, 74, 1, 61, 42, 41, 4, 15, 17, 40, 38, 5, 91, 59, 0, 34, 28, 50, 11, 35, 23, 52, 10, 31, 66, 57, 79, 85, 32, 84, 14, 89, 19, 29, 49, 97, 98, 69, 20, 94, 72, 77, 25, 37, 81, 46, 39, 65, 58, 12, 88, 70, 87, 36, 21, 83, 9, 96, 67, 64, 47, 44]
2026-07-24 17:02:14,214 [instantiator.py] => Created a temporary directory at /public/home/hanlida/tmp/tmptniag6ts
2026-07-24 17:02:14,215 [instantiator.py] => Writing /public/home/hanlida/tmp/tmptniag6ts/_remote_module_non_scriptable.py
2026-07-24 17:02:14,397 [factory.py] => Loaded ViT-B-16 model config.
2026-07-24 17:02:15,733 [factory.py] => Loading pretrained ViT-B-16 weights (/public/home/hanlida/Dr.1/pretrained_models/open_clip_pytorch_model_laion400m_e32.bin).
2026-07-24 17:02:20,617 [l2p.py] => 86,457,956 model total parameters.
2026-07-24 17:02:20,618 [l2p.py] => 94,820 model training parameters.
2026-07-24 17:02:20,618 [l2p.py] => prompt.prompt: 38400
2026-07-24 17:02:20,618 [l2p.py] => prompt.prompt_key: 5120
2026-07-24 17:02:20,618 [l2p.py] => head.weight: 51200
2026-07-24 17:02:20,618 [l2p.py] => head.bias: 100
2026-07-24 17:02:20,618 [l2p.py] => Learning on 0-10
2026-07-24 17:03:56,683 [l2p.py] => Task 0, Epoch 10/10 => Loss -0.067, Train_accy 95.80, Test_accy 81.74
2026-07-24 17:03:59,192 [trainer.py] => CNN: {'total': 81.74, '00-09': 81.74, 'old': 0, 'new': 81.74, 'harmonic': 0.0}
2026-07-24 17:03:59,192 [trainer.py] => CNN top1 curve: [81.74]
2026-07-24 17:03:59,192 [trainer.py] => CNN top5 curve: [100.0]
2026-07-24 17:03:59,192 [trainer.py] => Average Accuracy (CNN top1): 81.74
2026-07-24 17:03:59,192 [l2p.py] => Learning on 10-20
2026-07-24 17:05:51,004 [l2p.py] => Task 1, Epoch 10/10 => Loss 0.242, Train_accy 88.01, Test_accy 56.07
2026-07-24 17:07:27,859 [trainer.py] => config: ./configs/l2p/l2p_aircraft_B0_Inc10.json
2026-07-24 17:07:27,859 [trainer.py] => prefix:  
2026-07-24 17:07:27,859 [trainer.py] => dataset: aircraft
2026-07-24 17:07:27,859 [trainer.py] => memory_size: 0
2026-07-24 17:07:27,859 [trainer.py] => memory_per_class: 0
2026-07-24 17:07:27,860 [trainer.py] => fixed_memory: False
2026-07-24 17:07:27,860 [trainer.py] => shuffle: True
2026-07-24 17:07:27,860 [trainer.py] => init_cls: 10
2026-07-24 17:07:27,860 [trainer.py] => increment: 10
2026-07-24 17:07:27,860 [trainer.py] => model_name: l2p
2026-07-24 17:07:27,860 [trainer.py] => backbone_type: clip
2026-07-24 17:07:27,860 [trainer.py] => get_original_backbone: True
2026-07-24 17:07:27,860 [trainer.py] => device: [device(type='cuda', index=2)]
2026-07-24 17:07:27,860 [trainer.py] => seed: 0
2026-07-24 17:07:27,860 [trainer.py] => nb_classes: 100
2026-07-24 17:07:27,860 [trainer.py] => tuned_epoch: 10
2026-07-24 17:07:27,860 [trainer.py] => init_lr: 0.001875
2026-07-24 17:07:27,860 [trainer.py] => batch_size: 16
2026-07-24 17:07:27,860 [trainer.py] => weight_decay: 0
2026-07-24 17:07:27,860 [trainer.py] => min_lr: 1e-05
2026-07-24 17:07:27,860 [trainer.py] => optimizer: adam
2026-07-24 17:07:27,860 [trainer.py] => scheduler: constant
2026-07-24 17:07:27,860 [trainer.py] => reinit_optimizer: True
2026-07-24 17:07:27,860 [trainer.py] => global_pool: token
2026-07-24 17:07:27,860 [trainer.py] => head_type: prompt
2026-07-24 17:07:27,860 [trainer.py] => freeze: ['blocks', 'patch_embed', 'cls_token', 'norm', 'pos_embed']
2026-07-24 17:07:27,860 [trainer.py] => pretrained: True
2026-07-24 17:07:27,860 [trainer.py] => drop: 0.0
2026-07-24 17:07:27,860 [trainer.py] => drop_path: 0.0
2026-07-24 17:07:27,860 [trainer.py] => prompt_pool: True
2026-07-24 17:07:27,860 [trainer.py] => size: 10
2026-07-24 17:07:27,860 [trainer.py] => length: 5
2026-07-24 17:07:27,860 [trainer.py] => top_k: 5
2026-07-24 17:07:27,860 [trainer.py] => initializer: uniform
2026-07-24 17:07:27,861 [trainer.py] => prompt_key: True
2026-07-24 17:07:27,861 [trainer.py] => prompt_key_init: uniform
2026-07-24 17:07:27,861 [trainer.py] => use_prompt_mask: False
2026-07-24 17:07:27,861 [trainer.py] => shared_prompt_pool: False
2026-07-24 17:07:27,861 [trainer.py] => shared_prompt_key: False
2026-07-24 17:07:27,861 [trainer.py] => batchwise_prompt: True
2026-07-24 17:07:27,861 [trainer.py] => embedding_key: cls
2026-07-24 17:07:27,861 [trainer.py] => predefined_key: 
2026-07-24 17:07:27,861 [trainer.py] => pull_constraint: True
2026-07-24 17:07:27,861 [trainer.py] => pull_constraint_coeff: 0.1
2026-07-24 17:07:27,861 [trainer.py] => total_class_num: 100
2026-07-24 17:07:28,013 [data_manager.py] => [26, 86, 2, 55, 75, 93, 16, 73, 54, 95, 53, 92, 78, 13, 7, 30, 22, 24, 33, 8, 43, 62, 3, 71, 45, 48, 6, 99, 82, 76, 60, 80, 90, 68, 51, 27, 18, 56, 63, 74, 1, 61, 42, 41, 4, 15, 17, 40, 38, 5, 91, 59, 0, 34, 28, 50, 11, 35, 23, 52, 10, 31, 66, 57, 79, 85, 32, 84, 14, 89, 19, 29, 49, 97, 98, 69, 20, 94, 72, 77, 25, 37, 81, 46, 39, 65, 58, 12, 88, 70, 87, 36, 21, 83, 9, 96, 67, 64, 47, 44]
2026-07-24 17:07:30,532 [instantiator.py] => Created a temporary directory at /public/home/hanlida/tmp/tmpyk_v3wg1
2026-07-24 17:07:30,533 [instantiator.py] => Writing /public/home/hanlida/tmp/tmpyk_v3wg1/_remote_module_non_scriptable.py
2026-07-24 17:07:30,715 [factory.py] => Loaded ViT-B-16 model config.
2026-07-24 17:07:32,051 [factory.py] => Loading pretrained ViT-B-16 weights (/public/home/hanlida/Dr.1/pretrained_models/open_clip_pytorch_model_laion400m_e32.bin).
2026-07-24 17:07:34,727 [l2p.py] => 86,457,956 model total parameters.
2026-07-24 17:07:34,728 [l2p.py] => 94,820 model training parameters.
2026-07-24 17:07:34,728 [l2p.py] => prompt.prompt: 38400
2026-07-24 17:07:34,728 [l2p.py] => prompt.prompt_key: 5120
2026-07-24 17:07:34,728 [l2p.py] => head.weight: 51200
2026-07-24 17:07:34,728 [l2p.py] => head.bias: 100
2026-07-24 17:07:34,728 [l2p.py] => Learning on 0-10
2026-07-24 17:09:46,782 [trainer.py] => config: ./configs/l2p/l2p_aircraft_B0_Inc10.json
2026-07-24 17:09:46,782 [trainer.py] => prefix:  
2026-07-24 17:09:46,782 [trainer.py] => dataset: aircraft
2026-07-24 17:09:46,782 [trainer.py] => memory_size: 0
2026-07-24 17:09:46,782 [trainer.py] => memory_per_class: 0
2026-07-24 17:09:46,782 [trainer.py] => fixed_memory: False
2026-07-24 17:09:46,782 [trainer.py] => shuffle: True
2026-07-24 17:09:46,782 [trainer.py] => init_cls: 10
2026-07-24 17:09:46,783 [trainer.py] => increment: 10
2026-07-24 17:09:46,783 [trainer.py] => model_name: l2p
2026-07-24 17:09:46,783 [trainer.py] => backbone_type: clip
2026-07-24 17:09:46,783 [trainer.py] => get_original_backbone: True
2026-07-24 17:09:46,783 [trainer.py] => device: [device(type='cuda', index=2)]
2026-07-24 17:09:46,783 [trainer.py] => seed: 0
2026-07-24 17:09:46,783 [trainer.py] => nb_classes: 100
2026-07-24 17:09:46,783 [trainer.py] => tuned_epoch: 10
2026-07-24 17:09:46,783 [trainer.py] => init_lr: 0.001875
2026-07-24 17:09:46,783 [trainer.py] => batch_size: 16
2026-07-24 17:09:46,783 [trainer.py] => weight_decay: 0
2026-07-24 17:09:46,783 [trainer.py] => min_lr: 1e-05
2026-07-24 17:09:46,783 [trainer.py] => optimizer: adam
2026-07-24 17:09:46,783 [trainer.py] => scheduler: constant
2026-07-24 17:09:46,783 [trainer.py] => reinit_optimizer: True
2026-07-24 17:09:46,783 [trainer.py] => global_pool: token
2026-07-24 17:09:46,783 [trainer.py] => head_type: prompt
2026-07-24 17:09:46,783 [trainer.py] => freeze: ['blocks', 'patch_embed', 'cls_token', 'norm', 'pos_embed']
2026-07-24 17:09:46,783 [trainer.py] => pretrained: True
2026-07-24 17:09:46,783 [trainer.py] => drop: 0.0
2026-07-24 17:09:46,783 [trainer.py] => drop_path: 0.0
2026-07-24 17:09:46,783 [trainer.py] => prompt_pool: True
2026-07-24 17:09:46,783 [trainer.py] => size: 10
2026-07-24 17:09:46,783 [trainer.py] => length: 5
2026-07-24 17:09:46,783 [trainer.py] => top_k: 5
2026-07-24 17:09:46,783 [trainer.py] => initializer: uniform
2026-07-24 17:09:46,783 [trainer.py] => prompt_key: True
2026-07-24 17:09:46,783 [trainer.py] => prompt_key_init: uniform
2026-07-24 17:09:46,783 [trainer.py] => use_prompt_mask: False
2026-07-24 17:09:46,783 [trainer.py] => shared_prompt_pool: False
2026-07-24 17:09:46,784 [trainer.py] => shared_prompt_key: False
2026-07-24 17:09:46,784 [trainer.py] => batchwise_prompt: True
2026-07-24 17:09:46,784 [trainer.py] => embedding_key: cls
2026-07-24 17:09:46,784 [trainer.py] => predefined_key: 
2026-07-24 17:09:46,784 [trainer.py] => pull_constraint: True
2026-07-24 17:09:46,784 [trainer.py] => pull_constraint_coeff: 0.1
2026-07-24 17:09:46,784 [trainer.py] => total_class_num: 100
2026-07-24 17:09:46,930 [data_manager.py] => [26, 86, 2, 55, 75, 93, 16, 73, 54, 95, 53, 92, 78, 13, 7, 30, 22, 24, 33, 8, 43, 62, 3, 71, 45, 48, 6, 99, 82, 76, 60, 80, 90, 68, 51, 27, 18, 56, 63, 74, 1, 61, 42, 41, 4, 15, 17, 40, 38, 5, 91, 59, 0, 34, 28, 50, 11, 35, 23, 52, 10, 31, 66, 57, 79, 85, 32, 84, 14, 89, 19, 29, 49, 97, 98, 69, 20, 94, 72, 77, 25, 37, 81, 46, 39, 65, 58, 12, 88, 70, 87, 36, 21, 83, 9, 96, 67, 64, 47, 44]
2026-07-24 17:09:48,814 [instantiator.py] => Created a temporary directory at /public/home/hanlida/tmp/tmp3bkaoioq
2026-07-24 17:09:48,815 [instantiator.py] => Writing /public/home/hanlida/tmp/tmp3bkaoioq/_remote_module_non_scriptable.py
2026-07-24 17:09:48,957 [factory.py] => Loaded ViT-B-16 model config.
2026-07-24 17:09:50,163 [factory.py] => Loading pretrained ViT-B-16 weights (/public/home/hanlida/Dr.1/pretrained_models/open_clip_pytorch_model_laion400m_e32.bin).
2026-07-24 17:09:55,198 [l2p.py] => 86,457,956 model total parameters.
2026-07-24 17:09:55,199 [l2p.py] => 94,820 model training parameters.
2026-07-24 17:09:55,199 [l2p.py] => prompt.prompt: 38400
2026-07-24 17:09:55,199 [l2p.py] => prompt.prompt_key: 5120
2026-07-24 17:09:55,199 [l2p.py] => head.weight: 51200
2026-07-24 17:09:55,199 [l2p.py] => head.bias: 100
2026-07-24 17:09:55,199 [l2p.py] => Learning on 0-10
2026-07-24 17:12:35,289 [l2p.py] => Task 0, Epoch 10/10 => Loss -0.067, Train_accy 95.80, Test_accy 81.74
2026-07-24 17:12:40,071 [trainer.py] => CNN: {'total': 81.74, '00-09': 81.74, 'old': 0, 'new': 81.74, 'harmonic': 0.0}
2026-07-24 17:12:40,071 [trainer.py] => CNN top1 curve: [81.74]
2026-07-24 17:12:40,071 [trainer.py] => CNN top5 curve: [100.0]
2026-07-24 17:12:40,071 [trainer.py] => Average Accuracy (CNN top1): 81.74
2026-07-24 17:12:40,071 [l2p.py] => Learning on 10-20
2026-07-24 17:16:00,171 [l2p.py] => Task 1, Epoch 10/10 => Loss 0.242, Train_accy 88.01, Test_accy 56.07
2026-07-24 17:16:08,357 [trainer.py] => CNN: {'total': 56.07, '00-09': 73.05, '10-19': 39.04, 'old': 73.05, 'new': 39.04, 'harmonic': 50.89}
2026-07-24 17:16:08,357 [trainer.py] => CNN top1 curve: [81.74, 56.07]
2026-07-24 17:16:08,357 [trainer.py] => CNN top5 curve: [100.0, 93.25]
2026-07-24 17:16:08,357 [trainer.py] => Average Accuracy (CNN top1): 68.905
2026-07-24 17:16:08,358 [l2p.py] => Learning on 20-30
2026-07-24 17:20:11,372 [l2p.py] => Task 2, Epoch 10/10 => Loss -0.259, Train_accy 98.95, Test_accy 46.25
2026-07-24 17:20:24,106 [trainer.py] => CNN: {'total': 46.25, '00-09': 61.38, '10-19': 32.43, '20-29': 44.88, 'old': 46.93, 'new': 44.88, 'harmonic': 45.88}
2026-07-24 17:20:24,107 [trainer.py] => CNN top1 curve: [81.74, 56.07, 46.25]
2026-07-24 17:20:24,107 [trainer.py] => CNN top5 curve: [100.0, 93.25, 89.19]
2026-07-24 17:20:24,107 [trainer.py] => Average Accuracy (CNN top1): 61.35333333333333
2026-07-24 17:20:24,107 [l2p.py] => Learning on 30-40
2026-07-24 17:25:06,915 [l2p.py] => Task 3, Epoch 10/10 => Loss -0.267, Train_accy 98.50, Test_accy 39.31
2026-07-24 17:25:22,823 [trainer.py] => CNN: {'total': 39.31, '00-09': 52.99, '10-19': 21.92, '20-29': 48.19, '30-39': 34.13, 'old': 41.04, 'new': 34.13, 'harmonic': 37.27}
2026-07-24 17:25:22,824 [trainer.py] => CNN top1 curve: [81.74, 56.07, 46.25, 39.31]
2026-07-24 17:25:22,824 [trainer.py] => CNN top5 curve: [100.0, 93.25, 89.19, 84.17]
2026-07-24 17:25:22,824 [trainer.py] => Average Accuracy (CNN top1): 55.8425
2026-07-24 17:25:22,824 [l2p.py] => Learning on 40-50
2026-07-24 17:30:49,206 [l2p.py] => Task 4, Epoch 10/10 => Loss -0.202, Train_accy 97.90, Test_accy 36.01
2026-07-24 17:31:09,223 [trainer.py] => CNN: {'total': 36.01, '00-09': 58.98, '10-19': 33.63, '20-29': 36.14, '30-39': 17.96, '40-49': 33.33, 'old': 36.68, 'new': 33.33, 'harmonic': 34.92}
2026-07-24 17:31:09,224 [trainer.py] => CNN top1 curve: [81.74, 56.07, 46.25, 39.31, 36.01]
2026-07-24 17:31:09,224 [trainer.py] => CNN top5 curve: [100.0, 93.25, 89.19, 84.17, 83.01]
2026-07-24 17:31:09,224 [trainer.py] => Average Accuracy (CNN top1): 51.876
2026-07-24 17:31:09,224 [l2p.py] => Learning on 50-60
2026-07-24 17:37:15,889 [l2p.py] => Task 5, Epoch 10/10 => Loss -0.210, Train_accy 97.14, Test_accy 30.48
2026-07-24 17:37:38,797 [trainer.py] => CNN: {'total': 30.48, '00-09': 53.29, '10-19': 31.23, '20-29': 33.73, '30-39': 13.77, '40-49': 28.83, '50-59': 22.09, 'old': 32.17, 'new': 22.09, 'harmonic': 26.19}
2026-07-24 17:37:38,798 [trainer.py] => CNN top1 curve: [81.74, 56.07, 46.25, 39.31, 36.01, 30.48]
2026-07-24 17:37:38,798 [trainer.py] => CNN top5 curve: [100.0, 93.25, 89.19, 84.17, 83.01, 79.91]
2026-07-24 17:37:38,798 [trainer.py] => Average Accuracy (CNN top1): 48.31
2026-07-24 17:37:38,798 [l2p.py] => Learning on 60-70
2026-07-24 17:44:28,883 [l2p.py] => Task 6, Epoch 10/10 => Loss -0.206, Train_accy 95.80, Test_accy 29.69
2026-07-24 17:44:56,230 [trainer.py] => CNN: {'total': 29.69, '00-09': 51.5, '10-19': 37.84, '20-29': 26.51, '30-39': 12.57, '40-49': 27.93, '50-59': 21.79, '60-69': 29.73, 'old': 29.69, 'new': 29.73, 'harmonic': 29.71}
2026-07-24 17:44:56,230 [trainer.py] => CNN top1 curve: [81.74, 56.07, 46.25, 39.31, 36.01, 30.48, 29.69]
2026-07-24 17:44:56,230 [trainer.py] => CNN top5 curve: [100.0, 93.25, 89.19, 84.17, 83.01, 79.91, 73.86]
2026-07-24 17:44:56,230 [trainer.py] => Average Accuracy (CNN top1): 45.65
2026-07-24 17:44:56,230 [l2p.py] => Learning on 70-80
2026-07-24 17:52:27,286 [l2p.py] => Task 7, Epoch 10/10 => Loss -0.229, Train_accy 97.75, Test_accy 27.89
2026-07-24 17:53:00,055 [trainer.py] => CNN: {'total': 27.89, '00-09': 55.99, '10-19': 29.13, '20-29': 31.63, '30-39': 17.96, '40-49': 33.03, '50-59': 19.7, '60-69': 18.62, '70-79': 17.07, 'old': 29.43, 'new': 17.07, 'harmonic': 21.61}
2026-07-24 17:53:00,056 [trainer.py] => CNN top1 curve: [81.74, 56.07, 46.25, 39.31, 36.01, 30.48, 29.69, 27.89]
2026-07-24 17:53:00,056 [trainer.py] => CNN top5 curve: [100.0, 93.25, 89.19, 84.17, 83.01, 79.91, 73.86, 73.54]
2026-07-24 17:53:00,056 [trainer.py] => Average Accuracy (CNN top1): 43.43
2026-07-24 17:53:00,056 [l2p.py] => Learning on 80-90
2026-07-24 18:01:11,142 [l2p.py] => Task 8, Epoch 10/10 => Loss -0.333, Train_accy 99.85, Test_accy 26.30
2026-07-24 18:01:47,831 [trainer.py] => CNN: {'total': 26.3, '00-09': 52.69, '10-19': 23.42, '20-29': 35.54, '30-39': 25.15, '40-49': 28.53, '50-59': 14.33, '60-69': 14.11, '70-79': 19.16, '80-89': 23.8, 'old': 26.61, 'new': 23.8, 'harmonic': 25.13}
2026-07-24 18:01:47,831 [trainer.py] => CNN top1 curve: [81.74, 56.07, 46.25, 39.31, 36.01, 30.48, 29.69, 27.89, 26.3]
2026-07-24 18:01:47,831 [trainer.py] => CNN top5 curve: [100.0, 93.25, 89.19, 84.17, 83.01, 79.91, 73.86, 73.54, 71.23]
2026-07-24 18:01:47,831 [trainer.py] => Average Accuracy (CNN top1): 41.52666666666667
2026-07-24 18:01:47,831 [l2p.py] => Learning on 90-100
2026-07-24 18:09:59,717 [l2p.py] => Task 9, Epoch 10/10 => Loss -0.329, Train_accy 99.85, Test_accy 25.47
2026-07-24 18:10:37,784 [trainer.py] => CNN: {'total': 25.47, '00-09': 52.69, '10-19': 24.02, '20-29': 35.84, '30-39': 17.66, '40-49': 32.43, '50-59': 16.12, '60-69': 11.41, '70-79': 17.37, '80-89': 18.67, '90-99': 28.53, 'old': 25.13, 'new': 28.53, 'harmonic': 26.72}
2026-07-24 18:10:37,784 [trainer.py] => CNN top1 curve: [81.74, 56.07, 46.25, 39.31, 36.01, 30.48, 29.69, 27.89, 26.3, 25.47]
2026-07-24 18:10:37,785 [trainer.py] => CNN top5 curve: [100.0, 93.25, 89.19, 84.17, 83.01, 79.91, 73.86, 73.54, 71.23, 70.06]
2026-07-24 18:10:37,785 [trainer.py] => Average Accuracy (CNN top1): 39.92100000000001
