2026-07-26 07:51:04,225 [trainer.py] => config: ./configs/l2p/l2p_cars_B50_Inc10.json
2026-07-26 07:51:04,225 [trainer.py] => prefix:  
2026-07-26 07:51:04,225 [trainer.py] => dataset: cars
2026-07-26 07:51:04,225 [trainer.py] => memory_size: 0
2026-07-26 07:51:04,225 [trainer.py] => memory_per_class: 0
2026-07-26 07:51:04,225 [trainer.py] => fixed_memory: False
2026-07-26 07:51:04,225 [trainer.py] => shuffle: True
2026-07-26 07:51:04,225 [trainer.py] => init_cls: 50
2026-07-26 07:51:04,225 [trainer.py] => increment: 10
2026-07-26 07:51:04,225 [trainer.py] => model_name: l2p
2026-07-26 07:51:04,225 [trainer.py] => backbone_type: clip
2026-07-26 07:51:04,225 [trainer.py] => get_original_backbone: True
2026-07-26 07:51:04,225 [trainer.py] => device: [device(type='cuda', index=2)]
2026-07-26 07:51:04,225 [trainer.py] => seed: 0
2026-07-26 07:51:04,225 [trainer.py] => tuned_epoch: 10
2026-07-26 07:51:04,225 [trainer.py] => init_lr: 0.001875
2026-07-26 07:51:04,225 [trainer.py] => batch_size: 16
2026-07-26 07:51:04,225 [trainer.py] => weight_decay: 0
2026-07-26 07:51:04,225 [trainer.py] => min_lr: 1e-05
2026-07-26 07:51:04,226 [trainer.py] => optimizer: adam
2026-07-26 07:51:04,226 [trainer.py] => scheduler: constant
2026-07-26 07:51:04,226 [trainer.py] => reinit_optimizer: True
2026-07-26 07:51:04,226 [trainer.py] => global_pool: token
2026-07-26 07:51:04,226 [trainer.py] => head_type: prompt
2026-07-26 07:51:04,226 [trainer.py] => freeze: ['blocks', 'patch_embed', 'cls_token', 'norm', 'pos_embed']
2026-07-26 07:51:04,226 [trainer.py] => pretrained: True
2026-07-26 07:51:04,226 [trainer.py] => drop: 0.0
2026-07-26 07:51:04,226 [trainer.py] => drop_path: 0.0
2026-07-26 07:51:04,226 [trainer.py] => prompt_pool: True
2026-07-26 07:51:04,226 [trainer.py] => size: 10
2026-07-26 07:51:04,226 [trainer.py] => length: 5
2026-07-26 07:51:04,226 [trainer.py] => top_k: 5
2026-07-26 07:51:04,226 [trainer.py] => initializer: uniform
2026-07-26 07:51:04,226 [trainer.py] => prompt_key: True
2026-07-26 07:51:04,226 [trainer.py] => prompt_key_init: uniform
2026-07-26 07:51:04,226 [trainer.py] => use_prompt_mask: False
2026-07-26 07:51:04,226 [trainer.py] => shared_prompt_pool: False
2026-07-26 07:51:04,226 [trainer.py] => shared_prompt_key: False
2026-07-26 07:51:04,226 [trainer.py] => batchwise_prompt: True
2026-07-26 07:51:04,226 [trainer.py] => embedding_key: cls
2026-07-26 07:51:04,226 [trainer.py] => predefined_key: 
2026-07-26 07:51:04,226 [trainer.py] => pull_constraint: True
2026-07-26 07:51:04,226 [trainer.py] => pull_constraint_coeff: 0.1
2026-07-26 07:51:04,226 [trainer.py] => nb_classes: 100
2026-07-26 07:51:04,226 [trainer.py] => total_class_num: 100
2026-07-26 07:51:04,722 [data_manager.py] => [26, 86, 2, 55, 75, 93, 16, 73, 54, 95, 53, 92, 78, 13, 7, 30, 22, 24, 33, 8, 43, 62, 3, 71, 45, 48, 6, 99, 82, 76, 60, 80, 90, 68, 51, 27, 18, 56, 63, 74, 1, 61, 42, 41, 4, 15, 17, 40, 38, 5, 91, 59, 0, 34, 28, 50, 11, 35, 23, 52, 10, 31, 66, 57, 79, 85, 32, 84, 14, 89, 19, 29, 49, 97, 98, 69, 20, 94, 72, 77, 25, 37, 81, 46, 39, 65, 58, 12, 88, 70, 87, 36, 21, 83, 9, 96, 67, 64, 47, 44]
2026-07-26 07:51:22,141 [instantiator.py] => Created a temporary directory at /public/home/hanlida/tmp/tmp2lqwk47o
2026-07-26 07:51:22,161 [instantiator.py] => Writing /public/home/hanlida/tmp/tmp2lqwk47o/_remote_module_non_scriptable.py
2026-07-26 07:51:23,784 [factory.py] => Loaded ViT-B-16 model config.
2026-07-26 07:51:25,294 [factory.py] => Loading pretrained ViT-B-16 weights (/public/home/hanlida/Dr.1/pretrained_models/open_clip_pytorch_model_laion400m_e32.bin).
2026-07-26 07:51:30,325 [l2p.py] => 86,457,956 model total parameters.
2026-07-26 07:51:30,326 [l2p.py] => 94,820 model training parameters.
2026-07-26 07:51:30,326 [l2p.py] => prompt.prompt: 38400
2026-07-26 07:51:30,326 [l2p.py] => prompt.prompt_key: 5120
2026-07-26 07:51:30,326 [l2p.py] => head.weight: 51200
2026-07-26 07:51:30,326 [l2p.py] => head.bias: 100
2026-07-26 07:51:30,326 [l2p.py] => Learning on 0-50
2026-07-26 08:03:36,567 [l2p.py] => Task 0, Epoch 10/10 => Loss -0.270, Train_accy 99.32, Test_accy 96.57
2026-07-26 08:04:03,334 [trainer.py] => CNN: {'total': 96.57, '00-09': 97.84, '10-19': 97.85, '20-29': 97.07, '30-39': 97.78, '40-49': 92.09, 'old': 0, 'new': 96.57, 'harmonic': 0.0}
2026-07-26 08:04:03,351 [trainer.py] => CNN top1 curve: [96.57]
2026-07-26 08:04:03,351 [trainer.py] => CNN top5 curve: [99.85]
2026-07-26 08:04:03,351 [trainer.py] => Average Accuracy (CNN top1): 96.57
2026-07-26 08:04:03,351 [l2p.py] => Learning on 50-60
2026-07-26 08:11:19,114 [l2p.py] => Task 1, Epoch 10/10 => Loss -0.115, Train_accy 100.00, Test_accy 90.54
2026-07-26 08:11:51,357 [trainer.py] => CNN: {'total': 90.54, '00-09': 97.6, '10-19': 97.85, '20-29': 97.07, '30-39': 97.78, '40-49': 92.09, '50-59': 59.9, 'old': 96.52, 'new': 59.9, 'harmonic': 73.92}
2026-07-26 08:11:51,357 [trainer.py] => CNN top1 curve: [96.57, 90.54]
2026-07-26 08:11:51,357 [trainer.py] => CNN top5 curve: [99.85, 99.8]
2026-07-26 08:11:51,357 [trainer.py] => Average Accuracy (CNN top1): 93.555
2026-07-26 08:11:51,357 [l2p.py] => Learning on 60-70
2026-07-26 08:19:49,838 [l2p.py] => Task 2, Epoch 10/10 => Loss -0.298, Train_accy 100.00, Test_accy 81.19
2026-07-26 08:20:28,503 [trainer.py] => CNN: {'total': 81.19, '00-09': 97.36, '10-19': 98.09, '20-29': 97.31, '30-39': 98.28, '40-49': 92.6, '50-59': 56.89, '60-69': 26.96, 'old': 90.25, 'new': 26.96, 'harmonic': 41.52}
2026-07-26 08:20:28,534 [trainer.py] => CNN top1 curve: [96.57, 90.54, 81.19]
2026-07-26 08:20:28,535 [trainer.py] => CNN top5 curve: [99.85, 99.8, 99.68]
2026-07-26 08:20:28,535 [trainer.py] => Average Accuracy (CNN top1): 89.43333333333334
2026-07-26 08:20:28,535 [l2p.py] => Learning on 70-80
2026-07-26 08:29:22,040 [l2p.py] => Task 3, Epoch 10/10 => Loss -0.298, Train_accy 100.00, Test_accy 72.20
2026-07-26 08:30:08,479 [trainer.py] => CNN: {'total': 72.2, '00-09': 97.6, '10-19': 98.57, '20-29': 97.31, '30-39': 98.03, '40-49': 92.86, '50-59': 54.89, '60-69': 26.96, '70-79': 12.38, 'old': 81.02, 'new': 12.38, 'harmonic': 21.48}
2026-07-26 08:30:08,518 [trainer.py] => CNN top1 curve: [96.57, 90.54, 81.19, 72.2]
2026-07-26 08:30:08,518 [trainer.py] => CNN top5 curve: [99.85, 99.8, 99.68, 99.39]
2026-07-26 08:30:08,518 [trainer.py] => Average Accuracy (CNN top1): 85.125
2026-07-26 08:30:08,518 [l2p.py] => Learning on 80-90
2026-07-26 08:39:55,512 [l2p.py] => Task 4, Epoch 10/10 => Loss -0.293, Train_accy 100.00, Test_accy 65.86
2026-07-26 08:40:47,289 [trainer.py] => CNN: {'total': 65.86, '00-09': 97.36, '10-19': 98.33, '20-29': 97.07, '30-39': 98.52, '40-49': 93.11, '50-59': 56.14, '60-69': 26.72, '70-79': 11.43, '80-89': 15.9, 'old': 72.2, 'new': 15.9, 'harmonic': 26.06}
2026-07-26 08:40:47,329 [trainer.py] => CNN top1 curve: [96.57, 90.54, 81.19, 72.2, 65.86]
2026-07-26 08:40:47,329 [trainer.py] => CNN top5 curve: [99.85, 99.8, 99.68, 99.39, 99.24]
2026-07-26 08:40:47,329 [trainer.py] => Average Accuracy (CNN top1): 81.272
2026-07-26 08:40:47,330 [l2p.py] => Learning on 90-100
2026-07-26 08:51:28,324 [l2p.py] => Task 5, Epoch 10/10 => Loss -0.303, Train_accy 100.00, Test_accy 59.29
2026-07-26 08:52:23,297 [trainer.py] => CNN: {'total': 59.29, '00-09': 97.12, '10-19': 98.09, '20-29': 97.07, '30-39': 98.77, '40-49': 92.86, '50-59': 53.63, '60-69': 23.53, '70-79': 9.52, '80-89': 14.94, '90-99': 7.79, 'old': 64.86, 'new': 7.79, 'harmonic': 13.91}
2026-07-26 08:52:23,333 [trainer.py] => CNN top1 curve: [96.57, 90.54, 81.19, 72.2, 65.86, 59.29]
2026-07-26 08:52:23,333 [trainer.py] => CNN top5 curve: [99.85, 99.8, 99.68, 99.39, 99.24, 98.65]
2026-07-26 08:52:23,333 [trainer.py] => Average Accuracy (CNN top1): 77.60833333333333
