2026-07-26 09:53:57,382 [trainer.py] => config: ./configs/l2p/l2p_cars_B50_Inc10.json
2026-07-26 09:53:57,382 [trainer.py] => prefix:  
2026-07-26 09:53:57,382 [trainer.py] => dataset: cars
2026-07-26 09:53:57,382 [trainer.py] => memory_size: 0
2026-07-26 09:53:57,382 [trainer.py] => memory_per_class: 0
2026-07-26 09:53:57,382 [trainer.py] => fixed_memory: False
2026-07-26 09:53:57,382 [trainer.py] => shuffle: True
2026-07-26 09:53:57,382 [trainer.py] => init_cls: 50
2026-07-26 09:53:57,382 [trainer.py] => increment: 10
2026-07-26 09:53:57,382 [trainer.py] => model_name: l2p
2026-07-26 09:53:57,383 [trainer.py] => backbone_type: clip
2026-07-26 09:53:57,383 [trainer.py] => get_original_backbone: True
2026-07-26 09:53:57,383 [trainer.py] => device: [device(type='cuda', index=2)]
2026-07-26 09:53:57,383 [trainer.py] => seed: 2026
2026-07-26 09:53:57,383 [trainer.py] => tuned_epoch: 10
2026-07-26 09:53:57,383 [trainer.py] => init_lr: 0.001875
2026-07-26 09:53:57,383 [trainer.py] => batch_size: 16
2026-07-26 09:53:57,383 [trainer.py] => weight_decay: 0
2026-07-26 09:53:57,383 [trainer.py] => min_lr: 1e-05
2026-07-26 09:53:57,383 [trainer.py] => optimizer: adam
2026-07-26 09:53:57,383 [trainer.py] => scheduler: constant
2026-07-26 09:53:57,383 [trainer.py] => reinit_optimizer: True
2026-07-26 09:53:57,383 [trainer.py] => global_pool: token
2026-07-26 09:53:57,383 [trainer.py] => head_type: prompt
2026-07-26 09:53:57,383 [trainer.py] => freeze: ['blocks', 'patch_embed', 'cls_token', 'norm', 'pos_embed']
2026-07-26 09:53:57,383 [trainer.py] => pretrained: True
2026-07-26 09:53:57,383 [trainer.py] => drop: 0.0
2026-07-26 09:53:57,383 [trainer.py] => drop_path: 0.0
2026-07-26 09:53:57,383 [trainer.py] => prompt_pool: True
2026-07-26 09:53:57,384 [trainer.py] => size: 10
2026-07-26 09:53:57,384 [trainer.py] => length: 5
2026-07-26 09:53:57,384 [trainer.py] => top_k: 5
2026-07-26 09:53:57,384 [trainer.py] => initializer: uniform
2026-07-26 09:53:57,384 [trainer.py] => prompt_key: True
2026-07-26 09:53:57,384 [trainer.py] => prompt_key_init: uniform
2026-07-26 09:53:57,384 [trainer.py] => use_prompt_mask: False
2026-07-26 09:53:57,384 [trainer.py] => shared_prompt_pool: False
2026-07-26 09:53:57,384 [trainer.py] => shared_prompt_key: False
2026-07-26 09:53:57,384 [trainer.py] => batchwise_prompt: True
2026-07-26 09:53:57,384 [trainer.py] => embedding_key: cls
2026-07-26 09:53:57,384 [trainer.py] => predefined_key: 
2026-07-26 09:53:57,384 [trainer.py] => pull_constraint: True
2026-07-26 09:53:57,384 [trainer.py] => pull_constraint_coeff: 0.1
2026-07-26 09:53:57,384 [trainer.py] => nb_classes: 100
2026-07-26 09:53:57,384 [trainer.py] => total_class_num: 100
2026-07-26 09:53:57,823 [data_manager.py] => [98, 10, 4, 18, 88, 13, 8, 84, 79, 21, 85, 96, 53, 42, 52, 97, 74, 5, 58, 23, 90, 59, 16, 72, 75, 30, 43, 99, 44, 41, 0, 46, 61, 80, 65, 39, 70, 87, 89, 91, 82, 14, 12, 71, 50, 11, 15, 57, 22, 67, 45, 32, 78, 63, 66, 55, 31, 62, 35, 34, 19, 49, 24, 9, 37, 36, 3, 64, 40, 86, 81, 93, 47, 73, 17, 60, 68, 25, 38, 48, 33, 20, 83, 7, 27, 94, 54, 2, 92, 76, 69, 51, 28, 29, 95, 77, 56, 26, 6, 1]
2026-07-26 09:53:57,856 [factory.py] => Loaded ViT-B-16 model config.
2026-07-26 09:53:59,057 [factory.py] => Loading pretrained ViT-B-16 weights (/public/home/hanlida/Dr.1/pretrained_models/open_clip_pytorch_model_laion400m_e32.bin).
2026-07-26 09:54:04,095 [l2p.py] => 86,457,956 model total parameters.
2026-07-26 09:54:04,098 [l2p.py] => 94,820 model training parameters.
2026-07-26 09:54:04,099 [l2p.py] => prompt.prompt: 38400
2026-07-26 09:54:04,099 [l2p.py] => prompt.prompt_key: 5120
2026-07-26 09:54:04,099 [l2p.py] => head.weight: 51200
2026-07-26 09:54:04,099 [l2p.py] => head.bias: 100
2026-07-26 09:54:04,099 [l2p.py] => Learning on 0-50
2026-07-26 10:05:48,577 [l2p.py] => Task 0, Epoch 10/10 => Loss -0.255, Train_accy 99.12, Test_accy 95.30
2026-07-26 10:06:15,712 [trainer.py] => CNN: {'total': 95.3, '00-09': 91.63, '10-19': 96.14, '20-29': 96.33, '30-39': 98.78, '40-49': 93.66, 'old': 0, 'new': 95.3, 'harmonic': 0.0}
2026-07-26 10:06:15,727 [trainer.py] => CNN top1 curve: [95.3]
2026-07-26 10:06:15,727 [trainer.py] => CNN top5 curve: [100.0]
2026-07-26 10:06:15,727 [trainer.py] => Average Accuracy (CNN top1): 95.3
2026-07-26 10:06:15,727 [l2p.py] => Learning on 50-60
2026-07-26 10:13:21,831 [l2p.py] => Task 1, Epoch 10/10 => Loss -0.111, Train_accy 99.76, Test_accy 86.92
2026-07-26 10:13:55,187 [trainer.py] => CNN: {'total': 86.92, '00-09': 91.38, '10-19': 96.14, '20-29': 96.33, '30-39': 98.78, '40-49': 93.66, '50-59': 46.39, 'old': 95.25, 'new': 46.39, 'harmonic': 62.39}
2026-07-26 10:13:55,204 [trainer.py] => CNN top1 curve: [95.3, 86.92]
2026-07-26 10:13:55,204 [trainer.py] => CNN top5 curve: [100.0, 99.96]
2026-07-26 10:13:55,204 [trainer.py] => Average Accuracy (CNN top1): 91.11
2026-07-26 10:13:55,204 [l2p.py] => Learning on 60-70
2026-07-26 10:21:49,986 [l2p.py] => Task 2, Epoch 10/10 => Loss -0.311, Train_accy 100.00, Test_accy 76.75
2026-07-26 10:22:27,757 [trainer.py] => CNN: {'total': 76.75, '00-09': 91.13, '10-19': 96.63, '20-29': 96.59, '30-39': 99.03, '40-49': 94.39, '50-59': 41.59, '60-69': 19.9, 'old': 86.35, 'new': 19.9, 'harmonic': 32.35}
2026-07-26 10:22:27,780 [trainer.py] => CNN top1 curve: [95.3, 86.92, 76.75]
2026-07-26 10:22:27,780 [trainer.py] => CNN top5 curve: [100.0, 99.96, 99.75]
2026-07-26 10:22:27,780 [trainer.py] => Average Accuracy (CNN top1): 86.32333333333334
2026-07-26 10:22:27,780 [l2p.py] => Learning on 70-80
2026-07-26 10:31:07,925 [l2p.py] => Task 3, Epoch 10/10 => Loss -0.302, Train_accy 99.75, Test_accy 68.50
2026-07-26 10:31:50,331 [trainer.py] => CNN: {'total': 68.5, '00-09': 90.39, '10-19': 96.14, '20-29': 96.59, '30-39': 98.3, '40-49': 95.37, '50-59': 35.1, '60-69': 16.75, '70-79': 19.49, 'old': 75.2, 'new': 19.49, 'harmonic': 30.96}
2026-07-26 10:31:50,337 [trainer.py] => CNN top1 curve: [95.3, 86.92, 76.75, 68.5]
2026-07-26 10:31:50,337 [trainer.py] => CNN top5 curve: [100.0, 99.96, 99.75, 99.41]
2026-07-26 10:31:50,338 [trainer.py] => Average Accuracy (CNN top1): 81.8675
2026-07-26 10:31:50,338 [l2p.py] => Learning on 80-90
2026-07-26 10:41:36,716 [l2p.py] => Task 4, Epoch 10/10 => Loss -0.304, Train_accy 100.00, Test_accy 63.31
2026-07-26 10:42:25,557 [trainer.py] => CNN: {'total': 63.31, '00-09': 89.16, '10-19': 95.9, '20-29': 96.59, '30-39': 97.08, '40-49': 95.85, '50-59': 33.41, '60-69': 16.02, '70-79': 18.72, '80-89': 28.4, 'old': 67.82, 'new': 28.4, 'harmonic': 40.04}
2026-07-26 10:42:25,570 [trainer.py] => CNN top1 curve: [95.3, 86.92, 76.75, 68.5, 63.31]
2026-07-26 10:42:25,570 [trainer.py] => CNN top5 curve: [100.0, 99.96, 99.75, 99.41, 99.18]
2026-07-26 10:42:25,571 [trainer.py] => Average Accuracy (CNN top1): 78.156
2026-07-26 10:42:25,571 [l2p.py] => Learning on 90-100
2026-07-26 10:53:09,602 [l2p.py] => Task 5, Epoch 10/10 => Loss -0.303, Train_accy 100.00, Test_accy 58.24
2026-07-26 10:54:01,949 [trainer.py] => CNN: {'total': 58.24, '00-09': 87.93, '10-19': 96.63, '20-29': 97.38, '30-39': 97.08, '40-49': 95.37, '50-59': 31.97, '60-69': 13.59, '70-79': 17.18, '80-89': 29.12, '90-99': 19.15, 'old': 62.76, 'new': 19.15, 'harmonic': 29.35}
2026-07-26 10:54:01,961 [trainer.py] => CNN top1 curve: [95.3, 86.92, 76.75, 68.5, 63.31, 58.24]
2026-07-26 10:54:01,961 [trainer.py] => CNN top5 curve: [100.0, 99.96, 99.75, 99.41, 99.18, 98.33]
2026-07-26 10:54:01,961 [trainer.py] => Average Accuracy (CNN top1): 74.83666666666667
