2026-07-26 08:52:23,342 [trainer.py] => config: ./configs/l2p/l2p_cars_B50_Inc10.json
2026-07-26 08:52:23,342 [trainer.py] => prefix:  
2026-07-26 08:52:23,342 [trainer.py] => dataset: cars
2026-07-26 08:52:23,342 [trainer.py] => memory_size: 0
2026-07-26 08:52:23,342 [trainer.py] => memory_per_class: 0
2026-07-26 08:52:23,342 [trainer.py] => fixed_memory: False
2026-07-26 08:52:23,342 [trainer.py] => shuffle: True
2026-07-26 08:52:23,342 [trainer.py] => init_cls: 50
2026-07-26 08:52:23,342 [trainer.py] => increment: 10
2026-07-26 08:52:23,342 [trainer.py] => model_name: l2p
2026-07-26 08:52:23,342 [trainer.py] => backbone_type: clip
2026-07-26 08:52:23,342 [trainer.py] => get_original_backbone: True
2026-07-26 08:52:23,343 [trainer.py] => device: [device(type='cuda', index=2)]
2026-07-26 08:52:23,343 [trainer.py] => seed: 42
2026-07-26 08:52:23,343 [trainer.py] => tuned_epoch: 10
2026-07-26 08:52:23,343 [trainer.py] => init_lr: 0.001875
2026-07-26 08:52:23,343 [trainer.py] => batch_size: 16
2026-07-26 08:52:23,343 [trainer.py] => weight_decay: 0
2026-07-26 08:52:23,343 [trainer.py] => min_lr: 1e-05
2026-07-26 08:52:23,343 [trainer.py] => optimizer: adam
2026-07-26 08:52:23,343 [trainer.py] => scheduler: constant
2026-07-26 08:52:23,343 [trainer.py] => reinit_optimizer: True
2026-07-26 08:52:23,343 [trainer.py] => global_pool: token
2026-07-26 08:52:23,343 [trainer.py] => head_type: prompt
2026-07-26 08:52:23,343 [trainer.py] => freeze: ['blocks', 'patch_embed', 'cls_token', 'norm', 'pos_embed']
2026-07-26 08:52:23,343 [trainer.py] => pretrained: True
2026-07-26 08:52:23,343 [trainer.py] => drop: 0.0
2026-07-26 08:52:23,343 [trainer.py] => drop_path: 0.0
2026-07-26 08:52:23,343 [trainer.py] => prompt_pool: True
2026-07-26 08:52:23,344 [trainer.py] => size: 10
2026-07-26 08:52:23,344 [trainer.py] => length: 5
2026-07-26 08:52:23,344 [trainer.py] => top_k: 5
2026-07-26 08:52:23,344 [trainer.py] => initializer: uniform
2026-07-26 08:52:23,344 [trainer.py] => prompt_key: True
2026-07-26 08:52:23,344 [trainer.py] => prompt_key_init: uniform
2026-07-26 08:52:23,344 [trainer.py] => use_prompt_mask: False
2026-07-26 08:52:23,344 [trainer.py] => shared_prompt_pool: False
2026-07-26 08:52:23,344 [trainer.py] => shared_prompt_key: False
2026-07-26 08:52:23,344 [trainer.py] => batchwise_prompt: True
2026-07-26 08:52:23,344 [trainer.py] => embedding_key: cls
2026-07-26 08:52:23,344 [trainer.py] => predefined_key: 
2026-07-26 08:52:23,344 [trainer.py] => pull_constraint: True
2026-07-26 08:52:23,344 [trainer.py] => pull_constraint_coeff: 0.1
2026-07-26 08:52:23,344 [trainer.py] => nb_classes: 100
2026-07-26 08:52:23,344 [trainer.py] => total_class_num: 100
2026-07-26 08:52:23,739 [data_manager.py] => [83, 53, 70, 45, 44, 39, 22, 80, 10, 0, 18, 30, 73, 33, 90, 4, 76, 77, 12, 31, 55, 88, 26, 42, 69, 15, 40, 96, 9, 72, 11, 47, 85, 28, 93, 5, 66, 65, 35, 16, 49, 34, 7, 95, 27, 19, 81, 25, 62, 13, 24, 3, 17, 38, 8, 78, 6, 64, 36, 89, 56, 99, 54, 43, 50, 67, 46, 68, 61, 97, 79, 41, 58, 48, 98, 57, 75, 32, 94, 59, 63, 84, 37, 29, 1, 52, 21, 2, 23, 87, 91, 74, 86, 82, 20, 60, 71, 14, 92, 51]
2026-07-26 08:52:23,751 [factory.py] => Loaded ViT-B-16 model config.
2026-07-26 08:52:24,976 [factory.py] => Loading pretrained ViT-B-16 weights (/public/home/hanlida/Dr.1/pretrained_models/open_clip_pytorch_model_laion400m_e32.bin).
2026-07-26 08:52:29,600 [l2p.py] => 86,457,956 model total parameters.
2026-07-26 08:52:29,600 [l2p.py] => 94,820 model training parameters.
2026-07-26 08:52:29,601 [l2p.py] => prompt.prompt: 38400
2026-07-26 08:52:29,601 [l2p.py] => prompt.prompt_key: 5120
2026-07-26 08:52:29,601 [l2p.py] => head.weight: 51200
2026-07-26 08:52:29,601 [l2p.py] => head.bias: 100
2026-07-26 08:52:29,601 [l2p.py] => Learning on 0-50
2026-07-26 09:04:19,330 [l2p.py] => Task 0, Epoch 10/10 => Loss -0.252, Train_accy 99.13, Test_accy 94.84
2026-07-26 09:04:48,046 [trainer.py] => CNN: {'total': 94.84, '00-09': 94.51, '10-19': 96.15, '20-29': 94.37, '30-39': 98.31, '40-49': 90.78, 'old': 0, 'new': 94.84, 'harmonic': 0.0}
2026-07-26 09:04:48,073 [trainer.py] => CNN top1 curve: [94.84]
2026-07-26 09:04:48,074 [trainer.py] => CNN top5 curve: [99.9]
2026-07-26 09:04:48,074 [trainer.py] => Average Accuracy (CNN top1): 94.84
2026-07-26 09:04:48,074 [l2p.py] => Learning on 50-60
2026-07-26 09:12:09,312 [l2p.py] => Task 1, Epoch 10/10 => Loss -0.132, Train_accy 100.00, Test_accy 83.64
2026-07-26 09:12:42,417 [trainer.py] => CNN: {'total': 83.64, '00-09': 94.51, '10-19': 96.15, '20-29': 94.37, '30-39': 98.31, '40-49': 90.53, '50-59': 29.09, 'old': 94.79, 'new': 29.09, 'harmonic': 44.52}
2026-07-26 09:12:42,427 [trainer.py] => CNN top1 curve: [94.84, 83.64]
2026-07-26 09:12:42,427 [trainer.py] => CNN top5 curve: [99.9, 99.76]
2026-07-26 09:12:42,427 [trainer.py] => Average Accuracy (CNN top1): 89.24000000000001
2026-07-26 09:12:42,427 [l2p.py] => Learning on 60-70
2026-07-26 09:20:50,948 [l2p.py] => Task 2, Epoch 10/10 => Loss -0.270, Train_accy 98.80, Test_accy 78.01
2026-07-26 09:21:28,498 [trainer.py] => CNN: {'total': 78.01, '00-09': 95.01, '10-19': 95.67, '20-29': 93.61, '30-39': 97.59, '40-49': 90.05, '50-59': 24.28, '60-69': 51.22, 'old': 82.5, 'new': 51.22, 'harmonic': 63.2}
2026-07-26 09:21:28,528 [trainer.py] => CNN top1 curve: [94.84, 83.64, 78.01]
2026-07-26 09:21:28,528 [trainer.py] => CNN top5 curve: [99.9, 99.76, 98.57]
2026-07-26 09:21:28,528 [trainer.py] => Average Accuracy (CNN top1): 85.49666666666667
2026-07-26 09:21:28,528 [l2p.py] => Learning on 70-80
2026-07-26 09:30:26,192 [l2p.py] => Task 3, Epoch 10/10 => Loss -0.295, Train_accy 100.00, Test_accy 71.37
2026-07-26 09:31:09,032 [trainer.py] => CNN: {'total': 71.37, '00-09': 95.26, '10-19': 96.15, '20-29': 92.58, '30-39': 97.35, '40-49': 89.81, '50-59': 22.36, '60-69': 48.54, '70-79': 28.39, 'old': 77.25, 'new': 28.39, 'harmonic': 41.52}
2026-07-26 09:31:09,054 [trainer.py] => CNN top1 curve: [94.84, 83.64, 78.01, 71.37]
2026-07-26 09:31:09,054 [trainer.py] => CNN top5 curve: [99.9, 99.76, 98.57, 98.37]
2026-07-26 09:31:09,054 [trainer.py] => Average Accuracy (CNN top1): 81.965
2026-07-26 09:31:09,054 [l2p.py] => Learning on 80-90
2026-07-26 09:41:10,982 [l2p.py] => Task 4, Epoch 10/10 => Loss -0.285, Train_accy 99.51, Test_accy 67.07
2026-07-26 09:41:59,707 [trainer.py] => CNN: {'total': 67.07, '00-09': 95.26, '10-19': 96.88, '20-29': 92.33, '30-39': 97.59, '40-49': 90.53, '50-59': 24.04, '60-69': 46.59, '70-79': 27.11, '80-89': 32.43, 'old': 71.37, 'new': 32.43, 'harmonic': 44.6}
2026-07-26 09:41:59,734 [trainer.py] => CNN top1 curve: [94.84, 83.64, 78.01, 71.37, 67.07]
2026-07-26 09:41:59,734 [trainer.py] => CNN top5 curve: [99.9, 99.76, 98.57, 98.37, 97.95]
2026-07-26 09:41:59,734 [trainer.py] => Average Accuracy (CNN top1): 78.986
2026-07-26 09:41:59,734 [l2p.py] => Learning on 90-100
2026-07-26 09:53:00,683 [l2p.py] => Task 5, Epoch 10/10 => Loss -0.317, Train_accy 100.00, Test_accy 62.55
2026-07-26 09:53:57,356 [trainer.py] => CNN: {'total': 62.55, '00-09': 95.76, '10-19': 97.12, '20-29': 88.49, '30-39': 97.35, '40-49': 90.29, '50-59': 19.71, '60-69': 43.66, '70-79': 20.46, '80-89': 31.68, '90-99': 40.98, 'old': 65.07, 'new': 40.98, 'harmonic': 50.29}
2026-07-26 09:53:57,375 [trainer.py] => CNN top1 curve: [94.84, 83.64, 78.01, 71.37, 67.07, 62.55]
2026-07-26 09:53:57,375 [trainer.py] => CNN top5 curve: [99.9, 99.76, 98.57, 98.37, 97.95, 97.7]
2026-07-26 09:53:57,375 [trainer.py] => Average Accuracy (CNN top1): 76.24666666666667
