2026-07-25 18:08:02,906 [trainer.py] => config: ./configs/l2p/l2p_cifar_B50_Inc10.json
2026-07-25 18:08:02,906 [trainer.py] => prefix:  
2026-07-25 18:08:02,906 [trainer.py] => dataset: cifar224
2026-07-25 18:08:02,906 [trainer.py] => memory_size: 0
2026-07-25 18:08:02,906 [trainer.py] => memory_per_class: 0
2026-07-25 18:08:02,906 [trainer.py] => fixed_memory: False
2026-07-25 18:08:02,906 [trainer.py] => shuffle: True
2026-07-25 18:08:02,906 [trainer.py] => init_cls: 50
2026-07-25 18:08:02,907 [trainer.py] => increment: 10
2026-07-25 18:08:02,907 [trainer.py] => model_name: l2p
2026-07-25 18:08:02,907 [trainer.py] => backbone_type: clip
2026-07-25 18:08:02,907 [trainer.py] => get_original_backbone: True
2026-07-25 18:08:02,907 [trainer.py] => device: [device(type='cuda', index=2)]
2026-07-25 18:08:02,907 [trainer.py] => seed: 42
2026-07-25 18:08:02,907 [trainer.py] => tuned_epoch: 10
2026-07-25 18:08:02,907 [trainer.py] => init_lr: 0.001875
2026-07-25 18:08:02,907 [trainer.py] => batch_size: 16
2026-07-25 18:08:02,907 [trainer.py] => weight_decay: 0
2026-07-25 18:08:02,907 [trainer.py] => min_lr: 1e-05
2026-07-25 18:08:02,907 [trainer.py] => optimizer: adam
2026-07-25 18:08:02,907 [trainer.py] => scheduler: constant
2026-07-25 18:08:02,907 [trainer.py] => reinit_optimizer: True
2026-07-25 18:08:02,907 [trainer.py] => global_pool: token
2026-07-25 18:08:02,907 [trainer.py] => head_type: prompt
2026-07-25 18:08:02,907 [trainer.py] => freeze: ['blocks', 'patch_embed', 'cls_token', 'norm', 'pos_embed']
2026-07-25 18:08:02,907 [trainer.py] => pretrained: True
2026-07-25 18:08:02,907 [trainer.py] => drop: 0.0
2026-07-25 18:08:02,908 [trainer.py] => drop_path: 0.0
2026-07-25 18:08:02,908 [trainer.py] => prompt_pool: True
2026-07-25 18:08:02,908 [trainer.py] => size: 10
2026-07-25 18:08:02,908 [trainer.py] => length: 5
2026-07-25 18:08:02,908 [trainer.py] => top_k: 5
2026-07-25 18:08:02,908 [trainer.py] => initializer: uniform
2026-07-25 18:08:02,908 [trainer.py] => prompt_key: True
2026-07-25 18:08:02,908 [trainer.py] => prompt_key_init: uniform
2026-07-25 18:08:02,908 [trainer.py] => use_prompt_mask: False
2026-07-25 18:08:02,908 [trainer.py] => shared_prompt_pool: False
2026-07-25 18:08:02,908 [trainer.py] => shared_prompt_key: False
2026-07-25 18:08:02,908 [trainer.py] => batchwise_prompt: True
2026-07-25 18:08:02,908 [trainer.py] => embedding_key: cls
2026-07-25 18:08:02,908 [trainer.py] => predefined_key: 
2026-07-25 18:08:02,908 [trainer.py] => pull_constraint: True
2026-07-25 18:08:02,908 [trainer.py] => pull_constraint_coeff: 0.1
2026-07-25 18:08:02,908 [trainer.py] => nb_classes: 100
2026-07-25 18:08:02,908 [trainer.py] => total_class_num: 100
2026-07-25 18:08:04,069 [data_manager.py] => [83, 53, 70, 45, 44, 39, 22, 80, 10, 0, 18, 30, 73, 33, 90, 4, 76, 77, 12, 31, 55, 88, 26, 42, 69, 15, 40, 96, 9, 72, 11, 47, 85, 28, 93, 5, 66, 65, 35, 16, 49, 34, 7, 95, 27, 19, 81, 25, 62, 13, 24, 3, 17, 38, 8, 78, 6, 64, 36, 89, 56, 99, 54, 43, 50, 67, 46, 68, 61, 97, 79, 41, 58, 48, 98, 57, 75, 32, 94, 59, 63, 84, 37, 29, 1, 52, 21, 2, 23, 87, 91, 74, 86, 82, 20, 60, 71, 14, 92, 51]
2026-07-25 18:08:04,155 [factory.py] => Loaded ViT-B-16 model config.
2026-07-25 18:08:05,266 [factory.py] => Loading pretrained ViT-B-16 weights (/public/home/hanlida/Dr.1/pretrained_models/open_clip_pytorch_model_laion400m_e32.bin).
2026-07-25 18:08:08,713 [l2p.py] => 86,457,956 model total parameters.
2026-07-25 18:08:08,714 [l2p.py] => 94,820 model training parameters.
2026-07-25 18:08:08,714 [l2p.py] => prompt.prompt: 38400
2026-07-25 18:08:08,714 [l2p.py] => prompt.prompt_key: 5120
2026-07-25 18:08:08,714 [l2p.py] => head.weight: 51200
2026-07-25 18:08:08,714 [l2p.py] => head.bias: 100
2026-07-25 18:08:08,714 [l2p.py] => Learning on 0-50
2026-07-25 19:41:38,643 [l2p.py] => Task 0, Epoch 10/10 => Loss -0.193, Train_accy 95.40, Test_accy 87.84
2026-07-25 19:42:40,795 [trainer.py] => CNN: {'total': 87.84, '00-09': 91.3, '10-19': 86.3, '20-29': 84.2, '30-39': 91.6, '40-49': 85.8, 'old': 0, 'new': 87.84, 'harmonic': 0.0}
2026-07-25 19:42:40,795 [trainer.py] => CNN top1 curve: [87.84]
2026-07-25 19:42:40,795 [trainer.py] => CNN top5 curve: [98.82]
2026-07-25 19:42:40,795 [trainer.py] => Average Accuracy (CNN top1): 87.84
2026-07-25 19:42:40,795 [l2p.py] => Learning on 50-60
2026-07-25 20:09:40,093 [l2p.py] => Task 1, Epoch 10/10 => Loss -0.323, Train_accy 99.66, Test_accy 82.62
2026-07-25 20:10:51,083 [trainer.py] => CNN: {'total': 82.62, '00-09': 90.1, '10-19': 83.8, '20-29': 78.3, '30-39': 92.1, '40-49': 83.6, '50-59': 67.8, 'old': 85.58, 'new': 67.8, 'harmonic': 75.66}
2026-07-25 20:10:51,083 [trainer.py] => CNN top1 curve: [87.84, 82.62]
2026-07-25 20:10:51,083 [trainer.py] => CNN top5 curve: [98.82, 97.78]
2026-07-25 20:10:51,083 [trainer.py] => Average Accuracy (CNN top1): 85.23
2026-07-25 20:10:51,083 [l2p.py] => Learning on 60-70
2026-07-25 20:40:59,195 [l2p.py] => Task 2, Epoch 10/10 => Loss -0.339, Train_accy 99.98, Test_accy 78.60
2026-07-25 20:42:23,418 [trainer.py] => CNN: {'total': 78.59, '00-09': 90.4, '10-19': 83.1, '20-29': 78.6, '30-39': 89.1, '40-49': 84.0, '50-59': 65.3, '60-69': 59.6, 'old': 81.75, 'new': 59.6, 'harmonic': 68.94}
2026-07-25 20:42:23,418 [trainer.py] => CNN top1 curve: [87.84, 82.62, 78.59]
2026-07-25 20:42:23,419 [trainer.py] => CNN top5 curve: [98.82, 97.78, 97.43]
2026-07-25 20:42:23,419 [trainer.py] => Average Accuracy (CNN top1): 83.01666666666667
2026-07-25 20:42:23,419 [l2p.py] => Learning on 70-80
2026-07-25 21:13:31,816 [l2p.py] => Task 3, Epoch 10/10 => Loss -0.332, Train_accy 100.00, Test_accy 74.78
2026-07-25 21:15:07,188 [trainer.py] => CNN: {'total': 74.78, '00-09': 89.1, '10-19': 75.8, '20-29': 77.3, '30-39': 90.4, '40-49': 78.6, '50-59': 64.7, '60-69': 56.6, '70-79': 65.7, 'old': 76.07, 'new': 65.7, 'harmonic': 70.51}
2026-07-25 21:15:07,188 [trainer.py] => CNN top1 curve: [87.84, 82.62, 78.59, 74.78]
2026-07-25 21:15:07,188 [trainer.py] => CNN top5 curve: [98.82, 97.78, 97.43, 96.56]
2026-07-25 21:15:07,188 [trainer.py] => Average Accuracy (CNN top1): 80.95750000000001
2026-07-25 21:15:07,188 [l2p.py] => Learning on 80-90
2026-07-25 21:48:24,051 [l2p.py] => Task 4, Epoch 10/10 => Loss -0.338, Train_accy 99.86, Test_accy 72.63
2026-07-25 21:50:06,993 [trainer.py] => CNN: {'total': 72.63, '00-09': 87.7, '10-19': 77.4, '20-29': 76.4, '30-39': 88.6, '40-49': 79.1, '50-59': 63.2, '60-69': 55.6, '70-79': 63.0, '80-89': 62.7, 'old': 73.88, 'new': 62.7, 'harmonic': 67.83}
2026-07-25 21:50:06,993 [trainer.py] => CNN top1 curve: [87.84, 82.62, 78.59, 74.78, 72.63]
2026-07-25 21:50:06,994 [trainer.py] => CNN top5 curve: [98.82, 97.78, 97.43, 96.56, 96.28]
2026-07-25 21:50:06,994 [trainer.py] => Average Accuracy (CNN top1): 79.292
2026-07-25 21:50:06,994 [l2p.py] => Learning on 90-100
2026-07-25 22:25:32,572 [l2p.py] => Task 5, Epoch 10/10 => Loss -0.315, Train_accy 99.32, Test_accy 70.42
2026-07-25 22:27:33,208 [trainer.py] => CNN: {'total': 70.42, '00-09': 88.7, '10-19': 82.7, '20-29': 77.4, '30-39': 88.9, '40-49': 81.6, '50-59': 66.1, '60-69': 52.9, '70-79': 58.6, '80-89': 59.6, '90-99': 47.7, 'old': 72.94, 'new': 47.7, 'harmonic': 57.68}
2026-07-25 22:27:33,208 [trainer.py] => CNN top1 curve: [87.84, 82.62, 78.59, 74.78, 72.63, 70.42]
2026-07-25 22:27:33,208 [trainer.py] => CNN top5 curve: [98.82, 97.78, 97.43, 96.56, 96.28, 96.23]
2026-07-25 22:27:33,208 [trainer.py] => Average Accuracy (CNN top1): 77.81333333333335
