2026-07-25 03:53:05,118 [trainer.py] => config: ./configs/l2p/l2p_cifar_B0_Inc10.json
2026-07-25 03:53:05,118 [trainer.py] => prefix:  
2026-07-25 03:53:05,118 [trainer.py] => dataset: cifar224
2026-07-25 03:53:05,118 [trainer.py] => memory_size: 0
2026-07-25 03:53:05,118 [trainer.py] => memory_per_class: 0
2026-07-25 03:53:05,118 [trainer.py] => fixed_memory: False
2026-07-25 03:53:05,118 [trainer.py] => shuffle: True
2026-07-25 03:53:05,118 [trainer.py] => init_cls: 10
2026-07-25 03:53:05,118 [trainer.py] => increment: 10
2026-07-25 03:53:05,118 [trainer.py] => model_name: l2p
2026-07-25 03:53:05,118 [trainer.py] => backbone_type: clip
2026-07-25 03:53:05,118 [trainer.py] => get_original_backbone: True
2026-07-25 03:53:05,118 [trainer.py] => device: [device(type='cuda', index=2)]
2026-07-25 03:53:05,118 [trainer.py] => seed: 42
2026-07-25 03:53:05,119 [trainer.py] => tuned_epoch: 10
2026-07-25 03:53:05,119 [trainer.py] => init_lr: 0.001875
2026-07-25 03:53:05,119 [trainer.py] => batch_size: 16
2026-07-25 03:53:05,119 [trainer.py] => weight_decay: 0
2026-07-25 03:53:05,119 [trainer.py] => min_lr: 1e-05
2026-07-25 03:53:05,119 [trainer.py] => optimizer: adam
2026-07-25 03:53:05,119 [trainer.py] => scheduler: constant
2026-07-25 03:53:05,119 [trainer.py] => reinit_optimizer: True
2026-07-25 03:53:05,119 [trainer.py] => global_pool: token
2026-07-25 03:53:05,119 [trainer.py] => head_type: prompt
2026-07-25 03:53:05,119 [trainer.py] => freeze: ['blocks', 'patch_embed', 'cls_token', 'norm', 'pos_embed']
2026-07-25 03:53:05,119 [trainer.py] => pretrained: True
2026-07-25 03:53:05,119 [trainer.py] => drop: 0.0
2026-07-25 03:53:05,119 [trainer.py] => drop_path: 0.0
2026-07-25 03:53:05,119 [trainer.py] => prompt_pool: True
2026-07-25 03:53:05,119 [trainer.py] => size: 10
2026-07-25 03:53:05,119 [trainer.py] => length: 5
2026-07-25 03:53:05,119 [trainer.py] => top_k: 5
2026-07-25 03:53:05,119 [trainer.py] => initializer: uniform
2026-07-25 03:53:05,120 [trainer.py] => prompt_key: True
2026-07-25 03:53:05,120 [trainer.py] => prompt_key_init: uniform
2026-07-25 03:53:05,120 [trainer.py] => use_prompt_mask: False
2026-07-25 03:53:05,120 [trainer.py] => shared_prompt_pool: False
2026-07-25 03:53:05,120 [trainer.py] => shared_prompt_key: False
2026-07-25 03:53:05,120 [trainer.py] => batchwise_prompt: True
2026-07-25 03:53:05,120 [trainer.py] => embedding_key: cls
2026-07-25 03:53:05,120 [trainer.py] => predefined_key: 
2026-07-25 03:53:05,120 [trainer.py] => pull_constraint: True
2026-07-25 03:53:05,120 [trainer.py] => pull_constraint_coeff: 0.1
2026-07-25 03:53:05,120 [trainer.py] => nb_classes: 100
2026-07-25 03:53:05,120 [trainer.py] => total_class_num: 100
2026-07-25 03:53:06,146 [data_manager.py] => [83, 53, 70, 45, 44, 39, 22, 80, 10, 0, 18, 30, 73, 33, 90, 4, 76, 77, 12, 31, 55, 88, 26, 42, 69, 15, 40, 96, 9, 72, 11, 47, 85, 28, 93, 5, 66, 65, 35, 16, 49, 34, 7, 95, 27, 19, 81, 25, 62, 13, 24, 3, 17, 38, 8, 78, 6, 64, 36, 89, 56, 99, 54, 43, 50, 67, 46, 68, 61, 97, 79, 41, 58, 48, 98, 57, 75, 32, 94, 59, 63, 84, 37, 29, 1, 52, 21, 2, 23, 87, 91, 74, 86, 82, 20, 60, 71, 14, 92, 51]
2026-07-25 03:53:06,231 [factory.py] => Loaded ViT-B-16 model config.
2026-07-25 03:53:07,362 [factory.py] => Loading pretrained ViT-B-16 weights (/public/home/hanlida/Dr.1/pretrained_models/open_clip_pytorch_model_laion400m_e32.bin).
2026-07-25 03:53:09,684 [l2p.py] => 86,457,956 model total parameters.
2026-07-25 03:53:09,685 [l2p.py] => 94,820 model training parameters.
2026-07-25 03:53:09,685 [l2p.py] => prompt.prompt: 38400
2026-07-25 03:53:09,685 [l2p.py] => prompt.prompt_key: 5120
2026-07-25 03:53:09,685 [l2p.py] => head.weight: 51200
2026-07-25 03:53:09,685 [l2p.py] => head.bias: 100
2026-07-25 03:53:09,685 [l2p.py] => Learning on 0-10
2026-07-25 04:11:57,255 [l2p.py] => Task 0, Epoch 10/10 => Loss -0.318, Train_accy 99.62, Test_accy 96.10
2026-07-25 04:12:10,254 [trainer.py] => CNN: {'total': 96.1, '00-09': 96.1, 'old': 0, 'new': 96.1, 'harmonic': 0.0}
2026-07-25 04:12:10,255 [trainer.py] => CNN top1 curve: [96.1]
2026-07-25 04:12:10,255 [trainer.py] => CNN top5 curve: [100.0]
2026-07-25 04:12:10,255 [trainer.py] => Average Accuracy (CNN top1): 96.1
2026-07-25 04:12:10,255 [l2p.py] => Learning on 10-20
2026-07-25 04:33:02,226 [l2p.py] => Task 1, Epoch 10/10 => Loss -0.303, Train_accy 99.02, Test_accy 91.60
2026-07-25 04:33:27,053 [trainer.py] => CNN: {'total': 91.6, '00-09': 93.3, '10-19': 89.9, 'old': 93.3, 'new': 89.9, 'harmonic': 91.57}
2026-07-25 04:33:27,053 [trainer.py] => CNN top1 curve: [96.1, 91.6]
2026-07-25 04:33:27,053 [trainer.py] => CNN top5 curve: [100.0, 99.65]
2026-07-25 04:33:27,053 [trainer.py] => Average Accuracy (CNN top1): 93.85
2026-07-25 04:33:27,053 [l2p.py] => Learning on 20-30
2026-07-25 04:56:21,466 [l2p.py] => Task 2, Epoch 10/10 => Loss -0.250, Train_accy 96.80, Test_accy 84.50
2026-07-25 04:56:58,853 [trainer.py] => CNN: {'total': 84.5, '00-09': 89.5, '10-19': 85.9, '20-29': 78.1, 'old': 87.7, 'new': 78.1, 'harmonic': 82.62}
2026-07-25 04:56:58,853 [trainer.py] => CNN top1 curve: [96.1, 91.6, 84.5]
2026-07-25 04:56:58,853 [trainer.py] => CNN top5 curve: [100.0, 99.65, 98.43]
2026-07-25 04:56:58,854 [trainer.py] => Average Accuracy (CNN top1): 90.73333333333333
2026-07-25 04:56:58,854 [l2p.py] => Learning on 30-40
2026-07-25 05:21:57,349 [l2p.py] => Task 3, Epoch 10/10 => Loss -0.306, Train_accy 99.20, Test_accy 81.12
2026-07-25 05:22:47,050 [trainer.py] => CNN: {'total': 81.12, '00-09': 87.6, '10-19': 83.4, '20-29': 70.6, '30-39': 82.9, 'old': 80.53, 'new': 82.9, 'harmonic': 81.7}
2026-07-25 05:22:47,051 [trainer.py] => CNN top1 curve: [96.1, 91.6, 84.5, 81.12]
2026-07-25 05:22:47,051 [trainer.py] => CNN top5 curve: [100.0, 99.65, 98.43, 98.1]
2026-07-25 05:22:47,051 [trainer.py] => Average Accuracy (CNN top1): 88.33
2026-07-25 05:22:47,051 [l2p.py] => Learning on 40-50
2026-07-25 05:49:55,545 [l2p.py] => Task 4, Epoch 10/10 => Loss -0.309, Train_accy 98.88, Test_accy 78.30
2026-07-25 05:50:57,583 [trainer.py] => CNN: {'total': 78.3, '00-09': 85.1, '10-19': 80.1, '20-29': 69.1, '30-39': 79.4, '40-49': 77.8, 'old': 78.42, 'new': 77.8, 'harmonic': 78.11}
2026-07-25 05:50:57,584 [trainer.py] => CNN top1 curve: [96.1, 91.6, 84.5, 81.12, 78.3]
2026-07-25 05:50:57,584 [trainer.py] => CNN top5 curve: [100.0, 99.65, 98.43, 98.1, 97.56]
2026-07-25 05:50:57,584 [trainer.py] => Average Accuracy (CNN top1): 86.324
2026-07-25 05:50:57,584 [l2p.py] => Learning on 50-60
2026-07-25 06:19:58,076 [l2p.py] => Task 5, Epoch 10/10 => Loss -0.329, Train_accy 99.62, Test_accy 77.88
2026-07-25 06:21:12,866 [trainer.py] => CNN: {'total': 77.88, '00-09': 83.2, '10-19': 79.8, '20-29': 68.5, '30-39': 82.1, '40-49': 73.8, '50-59': 79.9, 'old': 77.48, 'new': 79.9, 'harmonic': 78.67}
2026-07-25 06:21:12,866 [trainer.py] => CNN top1 curve: [96.1, 91.6, 84.5, 81.12, 78.3, 77.88]
2026-07-25 06:21:12,866 [trainer.py] => CNN top5 curve: [100.0, 99.65, 98.43, 98.1, 97.56, 96.93]
2026-07-25 06:21:12,866 [trainer.py] => Average Accuracy (CNN top1): 84.91666666666667
2026-07-25 06:21:12,866 [l2p.py] => Learning on 60-70
2026-07-25 06:52:17,190 [l2p.py] => Task 6, Epoch 10/10 => Loss -0.338, Train_accy 100.00, Test_accy 75.10
2026-07-25 06:53:44,257 [trainer.py] => CNN: {'total': 75.1, '00-09': 80.7, '10-19': 74.4, '20-29': 67.4, '30-39': 74.6, '40-49': 72.6, '50-59': 73.2, '60-69': 82.8, 'old': 73.82, 'new': 82.8, 'harmonic': 78.05}
2026-07-25 06:53:44,257 [trainer.py] => CNN top1 curve: [96.1, 91.6, 84.5, 81.12, 78.3, 77.88, 75.1]
2026-07-25 06:53:44,258 [trainer.py] => CNN top5 curve: [100.0, 99.65, 98.43, 98.1, 97.56, 96.93, 96.24]
2026-07-25 06:53:44,258 [trainer.py] => Average Accuracy (CNN top1): 83.51428571428572
2026-07-25 06:53:44,258 [l2p.py] => Learning on 70-80
2026-07-25 07:26:53,084 [l2p.py] => Task 7, Epoch 10/10 => Loss -0.332, Train_accy 100.00, Test_accy 75.11
2026-07-25 07:28:32,517 [trainer.py] => CNN: {'total': 75.11, '00-09': 77.3, '10-19': 71.2, '20-29': 65.3, '30-39': 75.2, '40-49': 71.0, '50-59': 73.1, '60-69': 81.1, '70-79': 86.7, 'old': 73.46, 'new': 86.7, 'harmonic': 79.53}
2026-07-25 07:28:32,517 [trainer.py] => CNN top1 curve: [96.1, 91.6, 84.5, 81.12, 78.3, 77.88, 75.1, 75.11]
2026-07-25 07:28:32,517 [trainer.py] => CNN top5 curve: [100.0, 99.65, 98.43, 98.1, 97.56, 96.93, 96.24, 96.18]
2026-07-25 07:28:32,517 [trainer.py] => Average Accuracy (CNN top1): 82.46375
2026-07-25 07:28:32,517 [l2p.py] => Learning on 80-90
2026-07-25 08:03:53,108 [l2p.py] => Task 8, Epoch 10/10 => Loss -0.342, Train_accy 99.96, Test_accy 74.70
2026-07-25 08:05:44,722 [trainer.py] => CNN: {'total': 74.7, '00-09': 77.7, '10-19': 74.2, '20-29': 62.3, '30-39': 71.5, '40-49': 70.6, '50-59': 73.0, '60-69': 80.3, '70-79': 83.6, '80-89': 79.1, 'old': 74.15, 'new': 79.1, 'harmonic': 76.55}
2026-07-25 08:05:44,722 [trainer.py] => CNN top1 curve: [96.1, 91.6, 84.5, 81.12, 78.3, 77.88, 75.1, 75.11, 74.7]
2026-07-25 08:05:44,722 [trainer.py] => CNN top5 curve: [100.0, 99.65, 98.43, 98.1, 97.56, 96.93, 96.24, 96.18, 96.28]
2026-07-25 08:05:44,722 [trainer.py] => Average Accuracy (CNN top1): 81.60111111111112
2026-07-25 08:05:44,722 [l2p.py] => Learning on 90-100
2026-07-25 08:43:00,157 [l2p.py] => Task 9, Epoch 10/10 => Loss -0.315, Train_accy 99.28, Test_accy 73.38
2026-07-25 08:45:03,074 [trainer.py] => CNN: {'total': 73.38, '00-09': 76.5, '10-19': 72.3, '20-29': 62.0, '30-39': 71.7, '40-49': 70.9, '50-59': 70.7, '60-69': 76.6, '70-79': 83.8, '80-89': 76.3, '90-99': 73.0, 'old': 73.42, 'new': 73.0, 'harmonic': 73.21}
2026-07-25 08:45:03,075 [trainer.py] => CNN top1 curve: [96.1, 91.6, 84.5, 81.12, 78.3, 77.88, 75.1, 75.11, 74.7, 73.38]
2026-07-25 08:45:03,075 [trainer.py] => CNN top5 curve: [100.0, 99.65, 98.43, 98.1, 97.56, 96.93, 96.24, 96.18, 96.28, 95.39]
2026-07-25 08:45:03,075 [trainer.py] => Average Accuracy (CNN top1): 80.77900000000001
