2026-07-25 08:45:03,114 [trainer.py] => config: ./configs/l2p/l2p_cifar_B0_Inc10.json
2026-07-25 08:45:03,114 [trainer.py] => prefix:  
2026-07-25 08:45:03,115 [trainer.py] => dataset: cifar224
2026-07-25 08:45:03,115 [trainer.py] => memory_size: 0
2026-07-25 08:45:03,115 [trainer.py] => memory_per_class: 0
2026-07-25 08:45:03,115 [trainer.py] => fixed_memory: False
2026-07-25 08:45:03,115 [trainer.py] => shuffle: True
2026-07-25 08:45:03,115 [trainer.py] => init_cls: 10
2026-07-25 08:45:03,115 [trainer.py] => increment: 10
2026-07-25 08:45:03,115 [trainer.py] => model_name: l2p
2026-07-25 08:45:03,115 [trainer.py] => backbone_type: clip
2026-07-25 08:45:03,115 [trainer.py] => get_original_backbone: True
2026-07-25 08:45:03,115 [trainer.py] => device: [device(type='cuda', index=2)]
2026-07-25 08:45:03,115 [trainer.py] => seed: 2026
2026-07-25 08:45:03,115 [trainer.py] => tuned_epoch: 10
2026-07-25 08:45:03,115 [trainer.py] => init_lr: 0.001875
2026-07-25 08:45:03,115 [trainer.py] => batch_size: 16
2026-07-25 08:45:03,115 [trainer.py] => weight_decay: 0
2026-07-25 08:45:03,115 [trainer.py] => min_lr: 1e-05
2026-07-25 08:45:03,115 [trainer.py] => optimizer: adam
2026-07-25 08:45:03,115 [trainer.py] => scheduler: constant
2026-07-25 08:45:03,115 [trainer.py] => reinit_optimizer: True
2026-07-25 08:45:03,115 [trainer.py] => global_pool: token
2026-07-25 08:45:03,115 [trainer.py] => head_type: prompt
2026-07-25 08:45:03,115 [trainer.py] => freeze: ['blocks', 'patch_embed', 'cls_token', 'norm', 'pos_embed']
2026-07-25 08:45:03,116 [trainer.py] => pretrained: True
2026-07-25 08:45:03,116 [trainer.py] => drop: 0.0
2026-07-25 08:45:03,116 [trainer.py] => drop_path: 0.0
2026-07-25 08:45:03,116 [trainer.py] => prompt_pool: True
2026-07-25 08:45:03,116 [trainer.py] => size: 10
2026-07-25 08:45:03,116 [trainer.py] => length: 5
2026-07-25 08:45:03,116 [trainer.py] => top_k: 5
2026-07-25 08:45:03,116 [trainer.py] => initializer: uniform
2026-07-25 08:45:03,116 [trainer.py] => prompt_key: True
2026-07-25 08:45:03,116 [trainer.py] => prompt_key_init: uniform
2026-07-25 08:45:03,116 [trainer.py] => use_prompt_mask: False
2026-07-25 08:45:03,116 [trainer.py] => shared_prompt_pool: False
2026-07-25 08:45:03,116 [trainer.py] => shared_prompt_key: False
2026-07-25 08:45:03,116 [trainer.py] => batchwise_prompt: True
2026-07-25 08:45:03,116 [trainer.py] => embedding_key: cls
2026-07-25 08:45:03,116 [trainer.py] => predefined_key: 
2026-07-25 08:45:03,116 [trainer.py] => pull_constraint: True
2026-07-25 08:45:03,116 [trainer.py] => pull_constraint_coeff: 0.1
2026-07-25 08:45:03,116 [trainer.py] => nb_classes: 100
2026-07-25 08:45:03,116 [trainer.py] => total_class_num: 100
2026-07-25 08:45:04,151 [data_manager.py] => [98, 10, 4, 18, 88, 13, 8, 84, 79, 21, 85, 96, 53, 42, 52, 97, 74, 5, 58, 23, 90, 59, 16, 72, 75, 30, 43, 99, 44, 41, 0, 46, 61, 80, 65, 39, 70, 87, 89, 91, 82, 14, 12, 71, 50, 11, 15, 57, 22, 67, 45, 32, 78, 63, 66, 55, 31, 62, 35, 34, 19, 49, 24, 9, 37, 36, 3, 64, 40, 86, 81, 93, 47, 73, 17, 60, 68, 25, 38, 48, 33, 20, 83, 7, 27, 94, 54, 2, 92, 76, 69, 51, 28, 29, 95, 77, 56, 26, 6, 1]
2026-07-25 08:45:04,236 [factory.py] => Loaded ViT-B-16 model config.
2026-07-25 08:45:05,447 [factory.py] => Loading pretrained ViT-B-16 weights (/public/home/hanlida/Dr.1/pretrained_models/open_clip_pytorch_model_laion400m_e32.bin).
2026-07-25 08:45:07,719 [l2p.py] => 86,457,956 model total parameters.
2026-07-25 08:45:07,719 [l2p.py] => 94,820 model training parameters.
2026-07-25 08:45:07,720 [l2p.py] => prompt.prompt: 38400
2026-07-25 08:45:07,720 [l2p.py] => prompt.prompt_key: 5120
2026-07-25 08:45:07,720 [l2p.py] => head.weight: 51200
2026-07-25 08:45:07,720 [l2p.py] => head.bias: 100
2026-07-25 08:45:07,720 [l2p.py] => Learning on 0-10
2026-07-25 09:03:57,024 [l2p.py] => Task 0, Epoch 10/10 => Loss -0.325, Train_accy 99.94, Test_accy 97.30
2026-07-25 09:04:10,042 [trainer.py] => CNN: {'total': 97.3, '00-09': 97.3, 'old': 0, 'new': 97.3, 'harmonic': 0.0}
2026-07-25 09:04:10,042 [trainer.py] => CNN top1 curve: [97.3]
2026-07-25 09:04:10,043 [trainer.py] => CNN top5 curve: [100.0]
2026-07-25 09:04:10,043 [trainer.py] => Average Accuracy (CNN top1): 97.3
2026-07-25 09:04:10,043 [l2p.py] => Learning on 10-20
2026-07-25 09:25:01,929 [l2p.py] => Task 1, Epoch 10/10 => Loss -0.312, Train_accy 98.78, Test_accy 90.50
2026-07-25 09:25:27,166 [trainer.py] => CNN: {'total': 90.5, '00-09': 91.0, '10-19': 90.0, 'old': 91.0, 'new': 90.0, 'harmonic': 90.5}
2026-07-25 09:25:27,166 [trainer.py] => CNN top1 curve: [97.3, 90.5]
2026-07-25 09:25:27,166 [trainer.py] => CNN top5 curve: [100.0, 99.8]
2026-07-25 09:25:27,166 [trainer.py] => Average Accuracy (CNN top1): 93.9
2026-07-25 09:25:27,167 [l2p.py] => Learning on 20-30
2026-07-25 09:48:20,017 [l2p.py] => Task 2, Epoch 10/10 => Loss -0.324, Train_accy 99.66, Test_accy 82.50
2026-07-25 09:48:57,922 [trainer.py] => CNN: {'total': 82.5, '00-09': 88.3, '10-19': 72.6, '20-29': 86.6, 'old': 80.45, 'new': 86.6, 'harmonic': 83.41}
2026-07-25 09:48:57,923 [trainer.py] => CNN top1 curve: [97.3, 90.5, 82.5]
2026-07-25 09:48:57,923 [trainer.py] => CNN top5 curve: [100.0, 99.8, 99.23]
2026-07-25 09:48:57,923 [trainer.py] => Average Accuracy (CNN top1): 90.10000000000001
2026-07-25 09:48:57,923 [l2p.py] => Learning on 30-40
2026-07-25 10:14:10,893 [l2p.py] => Task 3, Epoch 10/10 => Loss -0.331, Train_accy 100.00, Test_accy 82.90
2026-07-25 10:15:00,520 [trainer.py] => CNN: {'total': 82.9, '00-09': 86.5, '10-19': 70.1, '20-29': 84.7, '30-39': 90.3, 'old': 80.43, 'new': 90.3, 'harmonic': 85.08}
2026-07-25 10:15:00,520 [trainer.py] => CNN top1 curve: [97.3, 90.5, 82.5, 82.9]
2026-07-25 10:15:00,521 [trainer.py] => CNN top5 curve: [100.0, 99.8, 99.23, 98.88]
2026-07-25 10:15:00,521 [trainer.py] => Average Accuracy (CNN top1): 88.30000000000001
2026-07-25 10:15:00,521 [l2p.py] => Learning on 40-50
2026-07-25 10:42:13,723 [l2p.py] => Task 4, Epoch 10/10 => Loss -0.330, Train_accy 99.88, Test_accy 80.96
2026-07-25 10:43:15,888 [trainer.py] => CNN: {'total': 80.96, '00-09': 84.9, '10-19': 69.8, '20-29': 79.9, '30-39': 85.8, '40-49': 84.4, 'old': 80.1, 'new': 84.4, 'harmonic': 82.19}
2026-07-25 10:43:15,889 [trainer.py] => CNN top1 curve: [97.3, 90.5, 82.5, 82.9, 80.96]
2026-07-25 10:43:15,889 [trainer.py] => CNN top5 curve: [100.0, 99.8, 99.23, 98.88, 98.3]
2026-07-25 10:43:15,889 [trainer.py] => Average Accuracy (CNN top1): 86.83200000000001
2026-07-25 10:43:15,889 [l2p.py] => Learning on 50-60
2026-07-25 11:12:23,607 [l2p.py] => Task 5, Epoch 10/10 => Loss -0.322, Train_accy 99.26, Test_accy 77.48
2026-07-25 11:13:38,452 [trainer.py] => CNN: {'total': 77.48, '00-09': 86.2, '10-19': 70.4, '20-29': 80.1, '30-39': 80.5, '40-49': 79.1, '50-59': 68.6, 'old': 79.26, 'new': 68.6, 'harmonic': 73.55}
2026-07-25 11:13:38,453 [trainer.py] => CNN top1 curve: [97.3, 90.5, 82.5, 82.9, 80.96, 77.48]
2026-07-25 11:13:38,453 [trainer.py] => CNN top5 curve: [100.0, 99.8, 99.23, 98.88, 98.3, 97.35]
2026-07-25 11:13:38,453 [trainer.py] => Average Accuracy (CNN top1): 85.27333333333334
2026-07-25 11:13:38,453 [l2p.py] => Learning on 60-70
2026-07-25 11:44:49,206 [l2p.py] => Task 6, Epoch 10/10 => Loss -0.316, Train_accy 99.68, Test_accy 77.27
2026-07-25 11:46:16,293 [trainer.py] => CNN: {'total': 77.27, '00-09': 85.7, '10-19': 68.7, '20-29': 80.1, '30-39': 80.7, '40-49': 78.6, '50-59': 65.4, '60-69': 81.7, 'old': 76.53, 'new': 81.7, 'harmonic': 79.03}
2026-07-25 11:46:16,293 [trainer.py] => CNN top1 curve: [97.3, 90.5, 82.5, 82.9, 80.96, 77.48, 77.27]
2026-07-25 11:46:16,293 [trainer.py] => CNN top5 curve: [100.0, 99.8, 99.23, 98.88, 98.3, 97.35, 96.5]
2026-07-25 11:46:16,293 [trainer.py] => Average Accuracy (CNN top1): 84.13000000000001
2026-07-25 11:46:16,293 [l2p.py] => Learning on 70-80
2026-07-25 12:19:32,491 [l2p.py] => Task 7, Epoch 10/10 => Loss -0.336, Train_accy 99.90, Test_accy 75.12
2026-07-25 12:21:11,977 [trainer.py] => CNN: {'total': 75.12, '00-09': 83.0, '10-19': 66.1, '20-29': 78.1, '30-39': 78.8, '40-49': 77.3, '50-59': 62.1, '60-69': 78.3, '70-79': 77.3, 'old': 74.81, 'new': 77.3, 'harmonic': 76.03}
2026-07-25 12:21:11,978 [trainer.py] => CNN top1 curve: [97.3, 90.5, 82.5, 82.9, 80.96, 77.48, 77.27, 75.12]
2026-07-25 12:21:11,978 [trainer.py] => CNN top5 curve: [100.0, 99.8, 99.23, 98.88, 98.3, 97.35, 96.5, 96.28]
2026-07-25 12:21:11,978 [trainer.py] => Average Accuracy (CNN top1): 83.00375000000001
2026-07-25 12:21:11,978 [l2p.py] => Learning on 80-90
2026-07-25 12:56:27,684 [l2p.py] => Task 8, Epoch 10/10 => Loss -0.320, Train_accy 99.62, Test_accy 74.56
2026-07-25 12:58:20,105 [trainer.py] => CNN: {'total': 74.56, '00-09': 85.7, '10-19': 66.2, '20-29': 78.2, '30-39': 80.3, '40-49': 76.1, '50-59': 60.1, '60-69': 77.1, '70-79': 72.8, '80-89': 74.5, 'old': 74.56, 'new': 74.5, 'harmonic': 74.53}
2026-07-25 12:58:20,106 [trainer.py] => CNN top1 curve: [97.3, 90.5, 82.5, 82.9, 80.96, 77.48, 77.27, 75.12, 74.56]
2026-07-25 12:58:20,106 [trainer.py] => CNN top5 curve: [100.0, 99.8, 99.23, 98.88, 98.3, 97.35, 96.5, 96.28, 95.77]
2026-07-25 12:58:20,106 [trainer.py] => Average Accuracy (CNN top1): 82.06555555555558
2026-07-25 12:58:20,106 [l2p.py] => Learning on 90-100
2026-07-25 13:35:56,289 [l2p.py] => Task 9, Epoch 10/10 => Loss -0.341, Train_accy 99.96, Test_accy 73.61
2026-07-25 13:38:01,680 [trainer.py] => CNN: {'total': 73.61, '00-09': 81.6, '10-19': 65.6, '20-29': 77.3, '30-39': 79.0, '40-49': 76.9, '50-59': 61.3, '60-69': 73.7, '70-79': 72.2, '80-89': 75.4, '90-99': 73.1, 'old': 73.67, 'new': 73.1, 'harmonic': 73.38}
2026-07-25 13:38:01,681 [trainer.py] => CNN top1 curve: [97.3, 90.5, 82.5, 82.9, 80.96, 77.48, 77.27, 75.12, 74.56, 73.61]
2026-07-25 13:38:01,681 [trainer.py] => CNN top5 curve: [100.0, 99.8, 99.23, 98.88, 98.3, 97.35, 96.5, 96.28, 95.77, 95.26]
2026-07-25 13:38:01,682 [trainer.py] => Average Accuracy (CNN top1): 81.22000000000001
