2026-07-27 05:09:43,342 [trainer.py] => config: ./configs/l2p/l2p_cub_B0_Inc20.json
2026-07-27 05:09:43,342 [trainer.py] => prefix:  
2026-07-27 05:09:43,342 [trainer.py] => dataset: cub
2026-07-27 05:09:43,342 [trainer.py] => memory_size: 0
2026-07-27 05:09:43,342 [trainer.py] => memory_per_class: 0
2026-07-27 05:09:43,342 [trainer.py] => fixed_memory: False
2026-07-27 05:09:43,342 [trainer.py] => shuffle: True
2026-07-27 05:09:43,342 [trainer.py] => init_cls: 20
2026-07-27 05:09:43,342 [trainer.py] => increment: 20
2026-07-27 05:09:43,342 [trainer.py] => model_name: l2p
2026-07-27 05:09:43,342 [trainer.py] => backbone_type: clip
2026-07-27 05:09:43,342 [trainer.py] => get_original_backbone: True
2026-07-27 05:09:43,343 [trainer.py] => device: [device(type='cuda', index=2)]
2026-07-27 05:09:43,343 [trainer.py] => seed: 2026
2026-07-27 05:09:43,343 [trainer.py] => tuned_epoch: 10
2026-07-27 05:09:43,343 [trainer.py] => init_lr: 0.001875
2026-07-27 05:09:43,343 [trainer.py] => batch_size: 16
2026-07-27 05:09:43,343 [trainer.py] => weight_decay: 0
2026-07-27 05:09:43,343 [trainer.py] => min_lr: 1e-05
2026-07-27 05:09:43,343 [trainer.py] => optimizer: adam
2026-07-27 05:09:43,343 [trainer.py] => scheduler: constant
2026-07-27 05:09:43,343 [trainer.py] => reinit_optimizer: True
2026-07-27 05:09:43,343 [trainer.py] => global_pool: token
2026-07-27 05:09:43,343 [trainer.py] => head_type: prompt
2026-07-27 05:09:43,343 [trainer.py] => freeze: ['blocks', 'patch_embed', 'cls_token', 'norm', 'pos_embed']
2026-07-27 05:09:43,343 [trainer.py] => pretrained: True
2026-07-27 05:09:43,343 [trainer.py] => drop: 0.0
2026-07-27 05:09:43,343 [trainer.py] => drop_path: 0.0
2026-07-27 05:09:43,343 [trainer.py] => prompt_pool: True
2026-07-27 05:09:43,344 [trainer.py] => size: 10
2026-07-27 05:09:43,344 [trainer.py] => length: 5
2026-07-27 05:09:43,344 [trainer.py] => top_k: 5
2026-07-27 05:09:43,344 [trainer.py] => initializer: uniform
2026-07-27 05:09:43,344 [trainer.py] => prompt_key: True
2026-07-27 05:09:43,344 [trainer.py] => prompt_key_init: uniform
2026-07-27 05:09:43,344 [trainer.py] => use_prompt_mask: False
2026-07-27 05:09:43,344 [trainer.py] => shared_prompt_pool: False
2026-07-27 05:09:43,344 [trainer.py] => shared_prompt_key: False
2026-07-27 05:09:43,344 [trainer.py] => batchwise_prompt: True
2026-07-27 05:09:43,344 [trainer.py] => embedding_key: cls
2026-07-27 05:09:43,344 [trainer.py] => predefined_key: 
2026-07-27 05:09:43,344 [trainer.py] => pull_constraint: True
2026-07-27 05:09:43,344 [trainer.py] => pull_constraint_coeff: 0.1
2026-07-27 05:09:43,344 [trainer.py] => nb_classes: 200
2026-07-27 05:09:43,344 [trainer.py] => total_class_num: 200
2026-07-27 05:09:44,207 [data_manager.py] => [115, 91, 15, 57, 123, 5, 193, 196, 88, 185, 191, 168, 90, 80, 106, 146, 188, 118, 44, 151, 24, 56, 42, 127, 113, 119, 197, 194, 99, 12, 65, 71, 131, 6, 46, 186, 126, 31, 117, 30, 110, 82, 102, 165, 11, 76, 53, 138, 199, 18, 163, 149, 84, 133, 170, 189, 52, 104, 45, 114, 41, 23, 160, 171, 172, 169, 177, 142, 94, 50, 128, 39, 59, 120, 107, 162, 124, 9, 74, 198, 62, 174, 166, 122, 141, 81, 10, 63, 176, 100, 136, 187, 129, 16, 72, 147, 54, 0, 98, 150, 92, 155, 4, 167, 125, 97, 153, 8, 83, 159, 85, 86, 13, 34, 173, 93, 180, 33, 21, 132, 190, 87, 121, 108, 103, 145, 37, 158, 69, 89, 2, 19, 67, 175, 51, 78, 43, 64, 66, 143, 61, 20, 144, 154, 183, 14, 140, 139, 75, 79, 22, 58, 101, 109, 32, 178, 73, 164, 55, 35, 49, 152, 137, 36, 3, 40, 70, 95, 105, 181, 157, 47, 192, 17, 60, 112, 68, 25, 38, 48, 161, 148, 111, 135, 96, 7, 27, 182, 130, 28, 179, 156, 116, 29, 195, 77, 184, 26, 134, 1]
2026-07-27 05:09:44,304 [factory.py] => Loaded ViT-B-16 model config.
2026-07-27 05:09:45,462 [factory.py] => Loading pretrained ViT-B-16 weights (/public/home/hanlida/Dr.1/pretrained_models/open_clip_pytorch_model_laion400m_e32.bin).
2026-07-27 05:09:49,816 [l2p.py] => 86,509,256 model total parameters.
2026-07-27 05:09:49,816 [l2p.py] => 146,120 model training parameters.
2026-07-27 05:09:49,817 [l2p.py] => prompt.prompt: 38400
2026-07-27 05:09:49,817 [l2p.py] => prompt.prompt_key: 5120
2026-07-27 05:09:49,817 [l2p.py] => head.weight: 102400
2026-07-27 05:09:49,817 [l2p.py] => head.bias: 200
2026-07-27 05:09:49,817 [l2p.py] => Learning on 0-20
2026-07-27 05:13:52,176 [l2p.py] => Task 0, Epoch 10/10 => Loss -0.261, Train_accy 99.58, Test_accy 92.69
2026-07-27 05:13:56,622 [trainer.py] => CNN: {'total': 92.69, '00-09': 87.04, '10-19': 98.2, 'old': 0, 'new': 92.69, 'harmonic': 0.0}
2026-07-27 05:13:56,622 [trainer.py] => CNN top1 curve: [92.69]
2026-07-27 05:13:56,622 [trainer.py] => CNN top5 curve: [100.0]
2026-07-27 05:13:56,622 [trainer.py] => Average Accuracy (CNN top1): 92.69
2026-07-27 05:13:56,622 [l2p.py] => Learning on 20-40
2026-07-27 05:18:41,982 [l2p.py] => Task 1, Epoch 10/10 => Loss -0.266, Train_accy 99.68, Test_accy 88.13
2026-07-27 05:18:50,498 [trainer.py] => CNN: {'total': 88.13, '00-09': 86.11, '10-19': 91.89, '20-29': 88.19, '30-39': 86.24, 'old': 89.04, 'new': 87.29, 'harmonic': 88.16}
2026-07-27 05:18:50,499 [trainer.py] => CNN top1 curve: [92.69, 88.13]
2026-07-27 05:18:50,499 [trainer.py] => CNN top5 curve: [100.0, 99.12]
2026-07-27 05:18:50,499 [trainer.py] => Average Accuracy (CNN top1): 90.41
2026-07-27 05:18:50,499 [l2p.py] => Learning on 40-60
2026-07-27 05:24:17,291 [l2p.py] => Task 2, Epoch 10/10 => Loss -0.339, Train_accy 99.89, Test_accy 86.74
2026-07-27 05:24:27,621 [trainer.py] => CNN: {'total': 86.74, '00-09': 86.11, '10-19': 92.79, '20-29': 88.98, '30-39': 87.16, '40-49': 94.21, '50-59': 74.32, 'old': 88.79, 'new': 83.27, 'harmonic': 85.94}
2026-07-27 05:24:27,622 [trainer.py] => CNN top1 curve: [92.69, 88.13, 86.74]
2026-07-27 05:24:27,622 [trainer.py] => CNN top5 curve: [100.0, 99.12, 98.07]
2026-07-27 05:24:27,622 [trainer.py] => Average Accuracy (CNN top1): 89.18666666666667
2026-07-27 05:24:27,623 [l2p.py] => Learning on 60-80
2026-07-27 05:30:28,324 [l2p.py] => Task 3, Epoch 10/10 => Loss -0.305, Train_accy 99.58, Test_accy 78.82
2026-07-27 05:30:42,431 [trainer.py] => CNN: {'total': 78.82, '00-09': 79.63, '10-19': 87.39, '20-29': 87.4, '30-39': 88.07, '40-49': 92.56, '50-59': 79.05, '60-69': 60.32, '70-79': 56.64, 'old': 85.5, 'new': 58.58, 'harmonic': 69.53}
2026-07-27 05:30:42,432 [trainer.py] => CNN top1 curve: [92.69, 88.13, 86.74, 78.82]
2026-07-27 05:30:42,432 [trainer.py] => CNN top5 curve: [100.0, 99.12, 98.07, 96.78]
2026-07-27 05:30:42,432 [trainer.py] => Average Accuracy (CNN top1): 86.595
2026-07-27 05:30:42,432 [l2p.py] => Learning on 80-100
2026-07-27 05:37:26,458 [l2p.py] => Task 4, Epoch 10/10 => Loss -0.340, Train_accy 100.00, Test_accy 74.58
2026-07-27 05:37:45,221 [trainer.py] => CNN: {'total': 74.58, '00-09': 79.63, '10-19': 90.09, '20-29': 84.25, '30-39': 79.82, '40-49': 94.21, '50-59': 75.68, '60-69': 61.9, '70-79': 56.64, '80-89': 47.01, '90-99': 76.61, 'old': 77.67, 'new': 62.24, 'harmonic': 69.1}
2026-07-27 05:37:45,221 [trainer.py] => CNN top1 curve: [92.69, 88.13, 86.74, 78.82, 74.58]
2026-07-27 05:37:45,222 [trainer.py] => CNN top5 curve: [100.0, 99.12, 98.07, 96.78, 95.93]
2026-07-27 05:37:45,222 [trainer.py] => Average Accuracy (CNN top1): 84.192
2026-07-27 05:37:45,222 [l2p.py] => Learning on 100-120
2026-07-27 05:44:58,197 [l2p.py] => Task 5, Epoch 10/10 => Loss -0.345, Train_accy 100.00, Test_accy 73.02
2026-07-27 05:45:16,841 [trainer.py] => CNN: {'total': 73.02, '00-09': 79.63, '10-19': 88.29, '20-29': 85.04, '30-39': 79.82, '40-49': 91.74, '50-59': 77.7, '60-69': 63.49, '70-79': 60.18, '80-89': 47.01, '90-99': 75.0, '100-109': 56.9, '110-119': 70.49, 'old': 74.83, 'new': 63.87, 'harmonic': 68.92}
2026-07-27 05:45:16,842 [trainer.py] => CNN top1 curve: [92.69, 88.13, 86.74, 78.82, 74.58, 73.02]
2026-07-27 05:45:16,843 [trainer.py] => CNN top5 curve: [100.0, 99.12, 98.07, 96.78, 95.93, 95.42]
2026-07-27 05:45:16,843 [trainer.py] => Average Accuracy (CNN top1): 82.33
2026-07-27 05:45:16,843 [l2p.py] => Learning on 120-140
2026-07-27 05:53:15,068 [l2p.py] => Task 6, Epoch 10/10 => Loss -0.302, Train_accy 98.55, Test_accy 69.13
2026-07-27 05:53:40,631 [trainer.py] => CNN: {'total': 69.13, '00-09': 78.7, '10-19': 94.59, '20-29': 82.68, '30-39': 80.73, '40-49': 90.91, '50-59': 73.65, '60-69': 61.11, '70-79': 51.33, '80-89': 44.44, '90-99': 74.19, '100-109': 48.28, '110-119': 63.93, '120-129': 69.64, '130-139': 51.85, 'old': 70.39, 'new': 60.91, 'harmonic': 65.31}
2026-07-27 05:53:40,651 [trainer.py] => CNN top1 curve: [92.69, 88.13, 86.74, 78.82, 74.58, 73.02, 69.13]
2026-07-27 05:53:40,651 [trainer.py] => CNN top5 curve: [100.0, 99.12, 98.07, 96.78, 95.93, 95.42, 94.58]
2026-07-27 05:53:40,652 [trainer.py] => Average Accuracy (CNN top1): 80.4442857142857
2026-07-27 05:53:40,652 [l2p.py] => Learning on 140-160
2026-07-27 06:02:09,788 [l2p.py] => Task 7, Epoch 10/10 => Loss -0.317, Train_accy 99.48, Test_accy 65.17
2026-07-27 06:02:39,430 [trainer.py] => CNN: {'total': 65.17, '00-09': 78.7, '10-19': 90.09, '20-29': 79.53, '30-39': 78.9, '40-49': 88.43, '50-59': 70.95, '60-69': 54.76, '70-79': 47.79, '80-89': 42.74, '90-99': 75.0, '100-109': 43.97, '110-119': 64.75, '120-129': 64.29, '130-139': 52.78, '140-149': 47.93, '150-159': 60.38, 'old': 66.73, 'new': 53.74, 'harmonic': 59.53}
2026-07-27 06:02:39,453 [trainer.py] => CNN top1 curve: [92.69, 88.13, 86.74, 78.82, 74.58, 73.02, 69.13, 65.17]
2026-07-27 06:02:39,454 [trainer.py] => CNN top5 curve: [100.0, 99.12, 98.07, 96.78, 95.93, 95.42, 94.58, 92.85]
2026-07-27 06:02:39,454 [trainer.py] => Average Accuracy (CNN top1): 78.53499999999998
2026-07-27 06:02:39,454 [l2p.py] => Learning on 160-180
2026-07-27 06:11:43,336 [l2p.py] => Task 8, Epoch 10/10 => Loss -0.323, Train_accy 99.15, Test_accy 63.64
2026-07-27 06:12:15,695 [trainer.py] => CNN: {'total': 63.64, '00-09': 77.78, '10-19': 89.19, '20-29': 74.8, '30-39': 75.23, '40-49': 88.43, '50-59': 73.65, '60-69': 53.17, '70-79': 52.21, '80-89': 41.88, '90-99': 72.58, '100-109': 48.28, '110-119': 72.13, '120-129': 66.07, '130-139': 38.89, '140-149': 47.11, '150-159': 56.6, '160-169': 63.64, '170-179': 50.81, 'old': 64.48, 'new': 56.84, 'harmonic': 60.42}
2026-07-27 06:12:15,725 [trainer.py] => CNN top1 curve: [92.69, 88.13, 86.74, 78.82, 74.58, 73.02, 69.13, 65.17, 63.64]
2026-07-27 06:12:15,725 [trainer.py] => CNN top5 curve: [100.0, 99.12, 98.07, 96.78, 95.93, 95.42, 94.58, 92.85, 92.28]
2026-07-27 06:12:15,725 [trainer.py] => Average Accuracy (CNN top1): 76.87999999999998
2026-07-27 06:12:15,725 [l2p.py] => Learning on 180-200
2026-07-27 06:21:59,140 [l2p.py] => Task 9, Epoch 10/10 => Loss -0.295, Train_accy 98.62, Test_accy 60.01
2026-07-27 06:22:34,292 [trainer.py] => CNN: {'total': 60.01, '00-09': 77.78, '10-19': 90.99, '20-29': 77.95, '30-39': 76.15, '40-49': 90.08, '50-59': 74.32, '60-69': 52.38, '70-79': 56.64, '80-89': 38.46, '90-99': 71.77, '100-109': 46.55, '110-119': 69.67, '120-129': 66.07, '130-139': 33.33, '140-149': 45.45, '150-159': 55.66, '160-169': 60.91, '170-179': 50.81, '180-189': 37.5, '190-199': 24.39, 'old': 63.26, 'new': 30.64, 'harmonic': 41.28}
2026-07-27 06:22:34,321 [trainer.py] => CNN top1 curve: [92.69, 88.13, 86.74, 78.82, 74.58, 73.02, 69.13, 65.17, 63.64, 60.01]
2026-07-27 06:22:34,321 [trainer.py] => CNN top5 curve: [100.0, 99.12, 98.07, 96.78, 95.93, 95.42, 94.58, 92.85, 92.28, 90.84]
2026-07-27 06:22:34,321 [trainer.py] => Average Accuracy (CNN top1): 75.19299999999998
