2026-07-27 02:43:40,636 [trainer.py] => config: ./configs/l2p/l2p_cub_B0_Inc20.json
2026-07-27 02:43:40,647 [trainer.py] => prefix:  
2026-07-27 02:43:40,647 [trainer.py] => dataset: cub
2026-07-27 02:43:40,647 [trainer.py] => memory_size: 0
2026-07-27 02:43:40,647 [trainer.py] => memory_per_class: 0
2026-07-27 02:43:40,647 [trainer.py] => fixed_memory: False
2026-07-27 02:43:40,647 [trainer.py] => shuffle: True
2026-07-27 02:43:40,647 [trainer.py] => init_cls: 20
2026-07-27 02:43:40,647 [trainer.py] => increment: 20
2026-07-27 02:43:40,647 [trainer.py] => model_name: l2p
2026-07-27 02:43:40,647 [trainer.py] => backbone_type: clip
2026-07-27 02:43:40,647 [trainer.py] => get_original_backbone: True
2026-07-27 02:43:40,647 [trainer.py] => device: [device(type='cuda', index=2)]
2026-07-27 02:43:40,647 [trainer.py] => seed: 0
2026-07-27 02:43:40,647 [trainer.py] => tuned_epoch: 10
2026-07-27 02:43:40,648 [trainer.py] => init_lr: 0.001875
2026-07-27 02:43:40,648 [trainer.py] => batch_size: 16
2026-07-27 02:43:40,648 [trainer.py] => weight_decay: 0
2026-07-27 02:43:40,648 [trainer.py] => min_lr: 1e-05
2026-07-27 02:43:40,648 [trainer.py] => optimizer: adam
2026-07-27 02:43:40,648 [trainer.py] => scheduler: constant
2026-07-27 02:43:40,648 [trainer.py] => reinit_optimizer: True
2026-07-27 02:43:40,648 [trainer.py] => global_pool: token
2026-07-27 02:43:40,648 [trainer.py] => head_type: prompt
2026-07-27 02:43:40,648 [trainer.py] => freeze: ['blocks', 'patch_embed', 'cls_token', 'norm', 'pos_embed']
2026-07-27 02:43:40,648 [trainer.py] => pretrained: True
2026-07-27 02:43:40,648 [trainer.py] => drop: 0.0
2026-07-27 02:43:40,648 [trainer.py] => drop_path: 0.0
2026-07-27 02:43:40,648 [trainer.py] => prompt_pool: True
2026-07-27 02:43:40,648 [trainer.py] => size: 10
2026-07-27 02:43:40,648 [trainer.py] => length: 5
2026-07-27 02:43:40,648 [trainer.py] => top_k: 5
2026-07-27 02:43:40,648 [trainer.py] => initializer: uniform
2026-07-27 02:43:40,648 [trainer.py] => prompt_key: True
2026-07-27 02:43:40,648 [trainer.py] => prompt_key_init: uniform
2026-07-27 02:43:40,648 [trainer.py] => use_prompt_mask: False
2026-07-27 02:43:40,648 [trainer.py] => shared_prompt_pool: False
2026-07-27 02:43:40,648 [trainer.py] => shared_prompt_key: False
2026-07-27 02:43:40,648 [trainer.py] => batchwise_prompt: True
2026-07-27 02:43:40,648 [trainer.py] => embedding_key: cls
2026-07-27 02:43:40,648 [trainer.py] => predefined_key: 
2026-07-27 02:43:40,648 [trainer.py] => pull_constraint: True
2026-07-27 02:43:40,649 [trainer.py] => pull_constraint_coeff: 0.1
2026-07-27 02:43:40,649 [trainer.py] => nb_classes: 200
2026-07-27 02:43:40,649 [trainer.py] => total_class_num: 200
2026-07-27 02:43:41,739 [data_manager.py] => [18, 170, 107, 98, 177, 182, 5, 146, 12, 152, 61, 125, 180, 154, 80, 7, 33, 130, 37, 74, 183, 145, 45, 159, 60, 123, 179, 185, 122, 44, 16, 55, 150, 111, 22, 189, 129, 4, 83, 106, 134, 66, 26, 113, 168, 63, 8, 75, 118, 143, 71, 124, 184, 97, 149, 24, 30, 160, 40, 56, 131, 96, 181, 19, 153, 92, 54, 163, 51, 86, 139, 90, 137, 101, 144, 89, 109, 14, 27, 141, 187, 46, 138, 195, 108, 62, 2, 59, 136, 197, 43, 10, 194, 73, 196, 178, 175, 126, 93, 112, 158, 191, 50, 0, 94, 110, 95, 64, 167, 41, 69, 49, 48, 85, 13, 161, 23, 186, 135, 20, 15, 78, 104, 52, 100, 76, 3, 116, 164, 198, 6, 68, 84, 121, 155, 171, 156, 91, 199, 11, 119, 102, 35, 57, 65, 1, 120, 162, 42, 105, 132, 173, 17, 38, 133, 53, 157, 128, 34, 28, 114, 151, 31, 166, 127, 176, 32, 142, 169, 147, 29, 99, 82, 79, 115, 148, 193, 72, 77, 25, 165, 81, 188, 174, 190, 39, 58, 140, 88, 70, 87, 36, 21, 9, 103, 67, 192, 117, 47, 172]
2026-07-27 02:43:59,499 [instantiator.py] => Created a temporary directory at /public/home/hanlida/tmp/tmpirjr5ggf
2026-07-27 02:43:59,501 [instantiator.py] => Writing /public/home/hanlida/tmp/tmpirjr5ggf/_remote_module_non_scriptable.py
2026-07-27 02:44:01,574 [factory.py] => Loaded ViT-B-16 model config.
2026-07-27 02:44:03,308 [factory.py] => Loading pretrained ViT-B-16 weights (/public/home/hanlida/Dr.1/pretrained_models/open_clip_pytorch_model_laion400m_e32.bin).
2026-07-27 02:44:08,052 [l2p.py] => 86,509,256 model total parameters.
2026-07-27 02:44:08,054 [l2p.py] => 146,120 model training parameters.
2026-07-27 02:44:08,055 [l2p.py] => prompt.prompt: 38400
2026-07-27 02:44:08,055 [l2p.py] => prompt.prompt_key: 5120
2026-07-27 02:44:08,055 [l2p.py] => head.weight: 102400
2026-07-27 02:44:08,055 [l2p.py] => head.bias: 200
2026-07-27 02:44:08,055 [l2p.py] => Learning on 0-20
2026-07-27 02:48:26,610 [l2p.py] => Task 0, Epoch 10/10 => Loss -0.233, Train_accy 98.92, Test_accy 93.04
2026-07-27 02:48:29,947 [trainer.py] => CNN: {'total': 93.04, '00-09': 92.04, '10-19': 94.02, 'old': 0, 'new': 93.04, 'harmonic': 0.0}
2026-07-27 02:48:29,947 [trainer.py] => CNN top1 curve: [93.04]
2026-07-27 02:48:29,947 [trainer.py] => CNN top5 curve: [99.13]
2026-07-27 02:48:29,947 [trainer.py] => Average Accuracy (CNN top1): 93.04
2026-07-27 02:48:29,947 [l2p.py] => Learning on 20-40
2026-07-27 02:53:17,032 [l2p.py] => Task 1, Epoch 10/10 => Loss -0.273, Train_accy 99.79, Test_accy 87.70
2026-07-27 02:53:23,755 [trainer.py] => CNN: {'total': 87.7, '00-09': 82.3, '10-19': 88.89, '20-29': 85.83, '30-39': 94.85, 'old': 85.65, 'new': 89.86, 'harmonic': 87.7}
2026-07-27 02:53:23,755 [trainer.py] => CNN top1 curve: [93.04, 87.7]
2026-07-27 02:53:23,756 [trainer.py] => CNN top5 curve: [99.13, 99.33]
2026-07-27 02:53:23,756 [trainer.py] => Average Accuracy (CNN top1): 90.37
2026-07-27 02:53:23,756 [l2p.py] => Learning on 40-60
2026-07-27 02:58:52,697 [l2p.py] => Task 2, Epoch 10/10 => Loss -0.319, Train_accy 99.67, Test_accy 79.42
2026-07-27 02:59:03,783 [trainer.py] => CNN: {'total': 79.42, '00-09': 83.19, '10-19': 87.18, '20-29': 75.0, '30-39': 90.72, '40-49': 65.35, '50-59': 78.62, 'old': 83.67, 'new': 72.43, 'harmonic': 77.65}
2026-07-27 02:59:03,784 [trainer.py] => CNN top1 curve: [93.04, 87.7, 79.42]
2026-07-27 02:59:03,784 [trainer.py] => CNN top5 curve: [99.13, 99.33, 97.36]
2026-07-27 02:59:03,784 [trainer.py] => Average Accuracy (CNN top1): 86.72000000000001
2026-07-27 02:59:03,784 [l2p.py] => Learning on 60-80
2026-07-27 03:04:59,988 [l2p.py] => Task 3, Epoch 10/10 => Loss -0.340, Train_accy 100.00, Test_accy 77.75
2026-07-27 03:05:14,487 [trainer.py] => CNN: {'total': 77.75, '00-09': 80.53, '10-19': 83.76, '20-29': 75.0, '30-39': 89.69, '40-49': 67.72, '50-59': 80.0, '60-69': 70.94, '70-79': 76.92, 'old': 79.0, 'new': 73.93, 'harmonic': 76.38}
2026-07-27 03:05:14,488 [trainer.py] => CNN top1 curve: [93.04, 87.7, 79.42, 77.75]
2026-07-27 03:05:14,488 [trainer.py] => CNN top5 curve: [99.13, 99.33, 97.36, 96.85]
2026-07-27 03:05:14,488 [trainer.py] => Average Accuracy (CNN top1): 84.4775
2026-07-27 03:05:14,488 [l2p.py] => Learning on 80-100
2026-07-27 03:12:05,576 [l2p.py] => Task 4, Epoch 10/10 => Loss -0.330, Train_accy 99.79, Test_accy 74.23
2026-07-27 03:12:24,868 [trainer.py] => CNN: {'total': 74.23, '00-09': 79.65, '10-19': 85.47, '20-29': 73.33, '30-39': 88.66, '40-49': 62.2, '50-59': 80.0, '60-69': 70.94, '70-79': 73.5, '80-89': 69.23, '90-99': 60.38, 'old': 76.39, 'new': 65.02, 'harmonic': 70.25}
2026-07-27 03:12:24,869 [trainer.py] => CNN top1 curve: [93.04, 87.7, 79.42, 77.75, 74.23]
2026-07-27 03:12:24,869 [trainer.py] => CNN top5 curve: [99.13, 99.33, 97.36, 96.85, 96.34]
2026-07-27 03:12:24,869 [trainer.py] => Average Accuracy (CNN top1): 82.42800000000001
2026-07-27 03:12:24,870 [l2p.py] => Learning on 100-120
2026-07-27 03:19:43,211 [l2p.py] => Task 5, Epoch 10/10 => Loss -0.319, Train_accy 99.36, Test_accy 67.85
2026-07-27 03:20:04,760 [trainer.py] => CNN: {'total': 67.85, '00-09': 72.57, '10-19': 82.05, '20-29': 73.33, '30-39': 86.6, '40-49': 63.78, '50-59': 75.17, '60-69': 67.52, '70-79': 76.92, '80-89': 70.09, '90-99': 54.72, '100-109': 40.71, '110-119': 50.0, 'old': 72.19, 'new': 45.37, 'harmonic': 55.72}
2026-07-27 03:20:04,761 [trainer.py] => CNN top1 curve: [93.04, 87.7, 79.42, 77.75, 74.23, 67.85]
2026-07-27 03:20:04,761 [trainer.py] => CNN top5 curve: [99.13, 99.33, 97.36, 96.85, 96.34, 94.8]
2026-07-27 03:20:04,761 [trainer.py] => Average Accuracy (CNN top1): 79.99833333333333
2026-07-27 03:20:04,762 [l2p.py] => Learning on 120-140
2026-07-27 03:27:51,481 [l2p.py] => Task 6, Epoch 10/10 => Loss -0.338, Train_accy 99.67, Test_accy 66.08
2026-07-27 03:28:15,823 [trainer.py] => CNN: {'total': 66.08, '00-09': 74.34, '10-19': 83.76, '20-29': 70.83, '30-39': 82.47, '40-49': 62.2, '50-59': 79.31, '60-69': 75.21, '70-79': 74.36, '80-89': 69.23, '90-99': 55.66, '100-109': 35.4, '110-119': 39.47, '120-129': 66.41, '130-139': 54.17, 'old': 67.07, 'new': 60.48, 'harmonic': 63.6}
2026-07-27 03:28:15,840 [trainer.py] => CNN top1 curve: [93.04, 87.7, 79.42, 77.75, 74.23, 67.85, 66.08]
2026-07-27 03:28:15,840 [trainer.py] => CNN top5 curve: [99.13, 99.33, 97.36, 96.85, 96.34, 94.8, 94.12]
2026-07-27 03:28:15,841 [trainer.py] => Average Accuracy (CNN top1): 78.01
2026-07-27 03:28:15,841 [l2p.py] => Learning on 140-160
2026-07-27 03:36:39,632 [l2p.py] => Task 7, Epoch 10/10 => Loss -0.304, Train_accy 98.74, Test_accy 63.28
2026-07-27 03:37:07,805 [trainer.py] => CNN: {'total': 63.28, '00-09': 75.22, '10-19': 86.32, '20-29': 69.17, '30-39': 81.44, '40-49': 62.99, '50-59': 78.62, '60-69': 72.65, '70-79': 67.52, '80-89': 68.38, '90-99': 62.26, '100-109': 30.97, '110-119': 31.58, '120-129': 67.19, '130-139': 50.83, '140-149': 47.12, '150-159': 56.69, 'old': 64.81, 'new': 52.38, 'harmonic': 57.94}
2026-07-27 03:37:07,806 [trainer.py] => CNN top1 curve: [93.04, 87.7, 79.42, 77.75, 74.23, 67.85, 66.08, 63.28]
2026-07-27 03:37:07,807 [trainer.py] => CNN top5 curve: [99.13, 99.33, 97.36, 96.85, 96.34, 94.8, 94.12, 91.82]
2026-07-27 03:37:07,807 [trainer.py] => Average Accuracy (CNN top1): 76.16875
2026-07-27 03:37:07,807 [l2p.py] => Learning on 160-180
2026-07-27 03:46:17,216 [l2p.py] => Task 8, Epoch 10/10 => Loss -0.342, Train_accy 100.00, Test_accy 61.24
2026-07-27 03:46:51,587 [trainer.py] => CNN: {'total': 61.24, '00-09': 76.11, '10-19': 83.76, '20-29': 68.33, '30-39': 77.32, '40-49': 63.78, '50-59': 77.24, '60-69': 75.21, '70-79': 67.52, '80-89': 70.94, '90-99': 55.66, '100-109': 32.74, '110-119': 35.09, '120-129': 64.06, '130-139': 49.17, '140-149': 37.5, '150-159': 52.76, '160-169': 52.42, '170-179': 58.26, 'old': 62.01, 'new': 55.23, 'harmonic': 58.42}
2026-07-27 03:46:51,622 [trainer.py] => CNN top1 curve: [93.04, 87.7, 79.42, 77.75, 74.23, 67.85, 66.08, 63.28, 61.24]
2026-07-27 03:46:51,622 [trainer.py] => CNN top5 curve: [99.13, 99.33, 97.36, 96.85, 96.34, 94.8, 94.12, 91.82, 91.75]
2026-07-27 03:46:51,623 [trainer.py] => Average Accuracy (CNN top1): 74.51
2026-07-27 03:46:51,623 [l2p.py] => Learning on 180-200
2026-07-27 03:56:34,549 [l2p.py] => Task 9, Epoch 10/10 => Loss -0.344, Train_accy 99.90, Test_accy 59.54
2026-07-27 03:57:09,613 [trainer.py] => CNN: {'total': 59.54, '00-09': 73.45, '10-19': 83.76, '20-29': 71.67, '30-39': 77.32, '40-49': 64.57, '50-59': 77.93, '60-69': 73.5, '70-79': 70.09, '80-89': 69.23, '90-99': 48.11, '100-109': 30.97, '110-119': 39.47, '120-129': 60.16, '130-139': 49.17, '140-149': 31.73, '150-159': 51.18, '160-169': 49.19, '170-179': 52.17, '180-189': 48.21, '190-199': 62.4, 'old': 59.97, 'new': 55.7, 'harmonic': 57.76}
2026-07-27 03:57:09,638 [trainer.py] => CNN top1 curve: [93.04, 87.7, 79.42, 77.75, 74.23, 67.85, 66.08, 63.28, 61.24, 59.54]
2026-07-27 03:57:09,638 [trainer.py] => CNN top5 curve: [99.13, 99.33, 97.36, 96.85, 96.34, 94.8, 94.12, 91.82, 91.75, 90.63]
2026-07-27 03:57:09,638 [trainer.py] => Average Accuracy (CNN top1): 73.013
