2026-07-27 08:32:11,532 [trainer.py] => config: ./configs/l2p/l2p_cub_B100_Inc20.json
2026-07-27 08:32:11,532 [trainer.py] => prefix:  
2026-07-27 08:32:11,532 [trainer.py] => dataset: cub
2026-07-27 08:32:11,532 [trainer.py] => memory_size: 0
2026-07-27 08:32:11,532 [trainer.py] => memory_per_class: 0
2026-07-27 08:32:11,532 [trainer.py] => fixed_memory: False
2026-07-27 08:32:11,532 [trainer.py] => shuffle: True
2026-07-27 08:32:11,532 [trainer.py] => init_cls: 100
2026-07-27 08:32:11,532 [trainer.py] => increment: 20
2026-07-27 08:32:11,532 [trainer.py] => model_name: l2p
2026-07-27 08:32:11,532 [trainer.py] => backbone_type: clip
2026-07-27 08:32:11,532 [trainer.py] => get_original_backbone: True
2026-07-27 08:32:11,533 [trainer.py] => device: [device(type='cuda', index=2)]
2026-07-27 08:32:11,533 [trainer.py] => seed: 2026
2026-07-27 08:32:11,533 [trainer.py] => tuned_epoch: 10
2026-07-27 08:32:11,533 [trainer.py] => init_lr: 0.001875
2026-07-27 08:32:11,533 [trainer.py] => batch_size: 16
2026-07-27 08:32:11,533 [trainer.py] => weight_decay: 0
2026-07-27 08:32:11,533 [trainer.py] => min_lr: 1e-05
2026-07-27 08:32:11,533 [trainer.py] => optimizer: adam
2026-07-27 08:32:11,533 [trainer.py] => scheduler: constant
2026-07-27 08:32:11,533 [trainer.py] => reinit_optimizer: True
2026-07-27 08:32:11,533 [trainer.py] => global_pool: token
2026-07-27 08:32:11,533 [trainer.py] => head_type: prompt
2026-07-27 08:32:11,533 [trainer.py] => freeze: ['blocks', 'patch_embed', 'cls_token', 'norm', 'pos_embed']
2026-07-27 08:32:11,533 [trainer.py] => pretrained: True
2026-07-27 08:32:11,533 [trainer.py] => drop: 0.0
2026-07-27 08:32:11,533 [trainer.py] => drop_path: 0.0
2026-07-27 08:32:11,533 [trainer.py] => prompt_pool: True
2026-07-27 08:32:11,533 [trainer.py] => size: 10
2026-07-27 08:32:11,533 [trainer.py] => length: 5
2026-07-27 08:32:11,533 [trainer.py] => top_k: 5
2026-07-27 08:32:11,534 [trainer.py] => initializer: uniform
2026-07-27 08:32:11,534 [trainer.py] => prompt_key: True
2026-07-27 08:32:11,534 [trainer.py] => prompt_key_init: uniform
2026-07-27 08:32:11,534 [trainer.py] => use_prompt_mask: False
2026-07-27 08:32:11,534 [trainer.py] => shared_prompt_pool: False
2026-07-27 08:32:11,534 [trainer.py] => shared_prompt_key: False
2026-07-27 08:32:11,534 [trainer.py] => batchwise_prompt: True
2026-07-27 08:32:11,534 [trainer.py] => embedding_key: cls
2026-07-27 08:32:11,534 [trainer.py] => predefined_key: 
2026-07-27 08:32:11,534 [trainer.py] => pull_constraint: True
2026-07-27 08:32:11,534 [trainer.py] => pull_constraint_coeff: 0.1
2026-07-27 08:32:11,534 [trainer.py] => nb_classes: 200
2026-07-27 08:32:11,534 [trainer.py] => total_class_num: 200
2026-07-27 08:32:12,264 [data_manager.py] => [115, 91, 15, 57, 123, 5, 193, 196, 88, 185, 191, 168, 90, 80, 106, 146, 188, 118, 44, 151, 24, 56, 42, 127, 113, 119, 197, 194, 99, 12, 65, 71, 131, 6, 46, 186, 126, 31, 117, 30, 110, 82, 102, 165, 11, 76, 53, 138, 199, 18, 163, 149, 84, 133, 170, 189, 52, 104, 45, 114, 41, 23, 160, 171, 172, 169, 177, 142, 94, 50, 128, 39, 59, 120, 107, 162, 124, 9, 74, 198, 62, 174, 166, 122, 141, 81, 10, 63, 176, 100, 136, 187, 129, 16, 72, 147, 54, 0, 98, 150, 92, 155, 4, 167, 125, 97, 153, 8, 83, 159, 85, 86, 13, 34, 173, 93, 180, 33, 21, 132, 190, 87, 121, 108, 103, 145, 37, 158, 69, 89, 2, 19, 67, 175, 51, 78, 43, 64, 66, 143, 61, 20, 144, 154, 183, 14, 140, 139, 75, 79, 22, 58, 101, 109, 32, 178, 73, 164, 55, 35, 49, 152, 137, 36, 3, 40, 70, 95, 105, 181, 157, 47, 192, 17, 60, 112, 68, 25, 38, 48, 161, 148, 111, 135, 96, 7, 27, 182, 130, 28, 179, 156, 116, 29, 195, 77, 184, 26, 134, 1]
2026-07-27 08:32:12,308 [factory.py] => Loaded ViT-B-16 model config.
2026-07-27 08:32:13,570 [factory.py] => Loading pretrained ViT-B-16 weights (/public/home/hanlida/Dr.1/pretrained_models/open_clip_pytorch_model_laion400m_e32.bin).
2026-07-27 08:32:18,681 [l2p.py] => 86,509,256 model total parameters.
2026-07-27 08:32:18,681 [l2p.py] => 146,120 model training parameters.
2026-07-27 08:32:18,681 [l2p.py] => prompt.prompt: 38400
2026-07-27 08:32:18,681 [l2p.py] => prompt.prompt_key: 5120
2026-07-27 08:32:18,682 [l2p.py] => head.weight: 102400
2026-07-27 08:32:18,682 [l2p.py] => head.bias: 200
2026-07-27 08:32:18,682 [l2p.py] => Learning on 0-100
2026-07-27 08:52:33,003 [l2p.py] => Task 0, Epoch 10/10 => Loss -0.303, Train_accy 99.25, Test_accy 87.38
2026-07-27 08:52:51,405 [trainer.py] => CNN: {'total': 87.38, '00-09': 85.19, '10-19': 88.29, '20-29': 81.89, '30-39': 83.49, '40-49': 98.35, '50-59': 87.84, '60-69': 82.54, '70-79': 85.84, '80-89': 88.03, '90-99': 91.94, 'old': 0, 'new': 87.38, 'harmonic': 0.0}
2026-07-27 08:52:51,405 [trainer.py] => CNN top1 curve: [87.38]
2026-07-27 08:52:51,405 [trainer.py] => CNN top5 curve: [97.51]
2026-07-27 08:52:51,406 [trainer.py] => Average Accuracy (CNN top1): 87.38
2026-07-27 08:52:51,406 [l2p.py] => Learning on 100-120
2026-07-27 09:00:02,950 [l2p.py] => Task 1, Epoch 10/10 => Loss -0.264, Train_accy 99.46, Test_accy 80.93
2026-07-27 09:00:24,907 [trainer.py] => CNN: {'total': 80.93, '00-09': 84.26, '10-19': 88.29, '20-29': 81.89, '30-39': 83.49, '40-49': 97.52, '50-59': 87.84, '60-69': 81.75, '70-79': 85.84, '80-89': 88.03, '90-99': 91.94, '100-109': 49.14, '110-119': 50.0, 'old': 87.13, 'new': 49.58, 'harmonic': 63.2}
2026-07-27 09:00:24,908 [trainer.py] => CNN top1 curve: [87.38, 80.93]
2026-07-27 09:00:24,908 [trainer.py] => CNN top5 curve: [97.51, 96.53]
2026-07-27 09:00:24,908 [trainer.py] => Average Accuracy (CNN top1): 84.155
2026-07-27 09:00:24,908 [l2p.py] => Learning on 120-140
2026-07-27 09:08:18,802 [l2p.py] => Task 2, Epoch 10/10 => Loss -0.306, Train_accy 98.86, Test_accy 71.66
2026-07-27 09:08:43,762 [trainer.py] => CNN: {'total': 71.66, '00-09': 82.41, '10-19': 86.49, '20-29': 81.89, '30-39': 83.49, '40-49': 96.69, '50-59': 85.14, '60-69': 78.57, '70-79': 85.84, '80-89': 86.32, '90-99': 88.71, '100-109': 43.97, '110-119': 44.26, '120-129': 32.14, '130-139': 18.52, 'old': 78.71, 'new': 25.45, 'harmonic': 38.46}
2026-07-27 09:08:43,777 [trainer.py] => CNN top1 curve: [87.38, 80.93, 71.66]
2026-07-27 09:08:43,777 [trainer.py] => CNN top5 curve: [97.51, 96.53, 94.77]
2026-07-27 09:08:43,778 [trainer.py] => Average Accuracy (CNN top1): 79.99
2026-07-27 09:08:43,778 [l2p.py] => Learning on 140-160
2026-07-27 09:17:22,160 [l2p.py] => Task 3, Epoch 10/10 => Loss -0.317, Train_accy 99.38, Test_accy 63.68
2026-07-27 09:17:51,972 [trainer.py] => CNN: {'total': 63.68, '00-09': 83.33, '10-19': 87.39, '20-29': 81.1, '30-39': 75.23, '40-49': 97.52, '50-59': 83.11, '60-69': 80.16, '70-79': 83.19, '80-89': 86.32, '90-99': 90.32, '100-109': 35.34, '110-119': 45.08, '120-129': 29.46, '130-139': 12.96, '140-149': 18.18, '150-159': 16.04, 'old': 70.04, 'new': 17.18, 'harmonic': 27.59}
2026-07-27 09:17:52,009 [trainer.py] => CNN top1 curve: [87.38, 80.93, 71.66, 63.68]
2026-07-27 09:17:52,009 [trainer.py] => CNN top5 curve: [97.51, 96.53, 94.77, 93.33]
2026-07-27 09:17:52,009 [trainer.py] => Average Accuracy (CNN top1): 75.9125
2026-07-27 09:17:52,009 [l2p.py] => Learning on 160-180
2026-07-27 09:27:02,239 [l2p.py] => Task 4, Epoch 10/10 => Loss -0.325, Train_accy 99.47, Test_accy 56.90
2026-07-27 09:27:37,828 [trainer.py] => CNN: {'total': 56.9, '00-09': 83.33, '10-19': 84.68, '20-29': 80.31, '30-39': 78.9, '40-49': 96.69, '50-59': 81.08, '60-69': 81.75, '70-79': 80.53, '80-89': 86.32, '90-99': 92.74, '100-109': 30.17, '110-119': 40.98, '120-129': 25.0, '130-139': 9.26, '140-149': 14.05, '150-159': 12.26, '160-169': 13.64, '170-179': 16.94, 'old': 62.04, 'new': 15.38, 'harmonic': 24.65}
2026-07-27 09:27:37,852 [trainer.py] => CNN top1 curve: [87.38, 80.93, 71.66, 63.68, 56.9]
2026-07-27 09:27:37,853 [trainer.py] => CNN top5 curve: [97.51, 96.53, 94.77, 93.33, 90.86]
2026-07-27 09:27:37,853 [trainer.py] => Average Accuracy (CNN top1): 72.10999999999999
2026-07-27 09:27:37,853 [l2p.py] => Learning on 180-200
2026-07-27 09:37:15,886 [l2p.py] => Task 5, Epoch 10/10 => Loss -0.296, Train_accy 98.52, Test_accy 51.61
2026-07-27 09:37:54,590 [trainer.py] => CNN: {'total': 51.61, '00-09': 80.56, '10-19': 87.39, '20-29': 81.1, '30-39': 75.23, '40-49': 96.69, '50-59': 83.11, '60-69': 78.57, '70-79': 82.3, '80-89': 86.32, '90-99': 90.32, '100-109': 31.03, '110-119': 40.98, '120-129': 21.43, '130-139': 9.26, '140-149': 12.4, '150-159': 14.15, '160-169': 14.55, '170-179': 16.94, '180-189': 14.29, '190-199': 0.0, 'old': 56.57, 'new': 6.81, 'harmonic': 12.16}
2026-07-27 09:37:54,606 [trainer.py] => CNN top1 curve: [87.38, 80.93, 71.66, 63.68, 56.9, 51.61]
2026-07-27 09:37:54,606 [trainer.py] => CNN top5 curve: [97.51, 96.53, 94.77, 93.33, 90.86, 87.53]
2026-07-27 09:37:54,607 [trainer.py] => Average Accuracy (CNN top1): 68.69333333333333
