2026-07-28 04:02:07,606 [trainer.py] => config: ./configs/l2p/l2p_food_B0_Inc10.json
2026-07-28 04:02:07,606 [trainer.py] => prefix:  
2026-07-28 04:02:07,606 [trainer.py] => dataset: food101
2026-07-28 04:02:07,606 [trainer.py] => memory_size: 0
2026-07-28 04:02:07,606 [trainer.py] => memory_per_class: 0
2026-07-28 04:02:07,606 [trainer.py] => fixed_memory: False
2026-07-28 04:02:07,606 [trainer.py] => shuffle: True
2026-07-28 04:02:07,606 [trainer.py] => init_cls: 10
2026-07-28 04:02:07,606 [trainer.py] => increment: 10
2026-07-28 04:02:07,606 [trainer.py] => model_name: l2p
2026-07-28 04:02:07,606 [trainer.py] => backbone_type: clip
2026-07-28 04:02:07,606 [trainer.py] => get_original_backbone: True
2026-07-28 04:02:07,606 [trainer.py] => device: [device(type='cuda', index=0)]
2026-07-28 04:02:07,606 [trainer.py] => seed: 2026
2026-07-28 04:02:07,606 [trainer.py] => tuned_epoch: 10
2026-07-28 04:02:07,606 [trainer.py] => init_lr: 0.001875
2026-07-28 04:02:07,607 [trainer.py] => batch_size: 16
2026-07-28 04:02:07,607 [trainer.py] => weight_decay: 0
2026-07-28 04:02:07,607 [trainer.py] => min_lr: 1e-05
2026-07-28 04:02:07,607 [trainer.py] => optimizer: adam
2026-07-28 04:02:07,607 [trainer.py] => scheduler: constant
2026-07-28 04:02:07,607 [trainer.py] => reinit_optimizer: True
2026-07-28 04:02:07,607 [trainer.py] => global_pool: token
2026-07-28 04:02:07,607 [trainer.py] => head_type: prompt
2026-07-28 04:02:07,607 [trainer.py] => freeze: ['blocks', 'patch_embed', 'cls_token', 'norm', 'pos_embed']
2026-07-28 04:02:07,607 [trainer.py] => pretrained: True
2026-07-28 04:02:07,607 [trainer.py] => drop: 0.0
2026-07-28 04:02:07,607 [trainer.py] => drop_path: 0.0
2026-07-28 04:02:07,607 [trainer.py] => prompt_pool: True
2026-07-28 04:02:07,607 [trainer.py] => size: 10
2026-07-28 04:02:07,607 [trainer.py] => length: 5
2026-07-28 04:02:07,607 [trainer.py] => top_k: 5
2026-07-28 04:02:07,607 [trainer.py] => initializer: uniform
2026-07-28 04:02:07,607 [trainer.py] => prompt_key: True
2026-07-28 04:02:07,607 [trainer.py] => prompt_key_init: uniform
2026-07-28 04:02:07,607 [trainer.py] => use_prompt_mask: False
2026-07-28 04:02:07,607 [trainer.py] => shared_prompt_pool: False
2026-07-28 04:02:07,608 [trainer.py] => shared_prompt_key: False
2026-07-28 04:02:07,608 [trainer.py] => batchwise_prompt: True
2026-07-28 04:02:07,608 [trainer.py] => embedding_key: cls
2026-07-28 04:02:07,608 [trainer.py] => predefined_key: 
2026-07-28 04:02:07,608 [trainer.py] => pull_constraint: True
2026-07-28 04:02:07,608 [trainer.py] => pull_constraint_coeff: 0.1
2026-07-28 04:02:07,608 [trainer.py] => nb_classes: 100
2026-07-28 04:02:07,608 [trainer.py] => total_class_num: 100
2026-07-28 04:02:08,455 [data_manager.py] => [98, 10, 4, 18, 88, 13, 8, 84, 79, 21, 85, 96, 53, 42, 52, 97, 74, 5, 58, 23, 90, 59, 16, 72, 75, 30, 43, 99, 44, 41, 0, 46, 61, 80, 65, 39, 70, 87, 89, 91, 82, 14, 12, 71, 50, 11, 15, 57, 22, 67, 45, 32, 78, 63, 66, 55, 31, 62, 35, 34, 19, 49, 24, 9, 37, 36, 3, 64, 40, 86, 81, 93, 47, 73, 17, 60, 68, 25, 38, 48, 33, 20, 83, 7, 27, 94, 54, 2, 92, 76, 69, 51, 28, 29, 95, 77, 56, 26, 6, 1]
2026-07-28 04:02:08,597 [factory.py] => Loaded ViT-B-16 model config.
2026-07-28 04:02:09,860 [factory.py] => Loading pretrained ViT-B-16 weights (/public/home/hanlida/Dr.1/pretrained_models/open_clip_pytorch_model_laion400m_e32.bin).
2026-07-28 04:02:13,464 [l2p.py] => 86,457,956 model total parameters.
2026-07-28 04:02:13,465 [l2p.py] => 94,820 model training parameters.
2026-07-28 04:02:13,465 [l2p.py] => prompt.prompt: 38400
2026-07-28 04:02:13,465 [l2p.py] => prompt.prompt_key: 5120
2026-07-28 04:02:13,465 [l2p.py] => head.weight: 51200
2026-07-28 04:02:13,465 [l2p.py] => head.bias: 100
2026-07-28 04:02:13,465 [l2p.py] => Learning on 0-10
2026-07-28 04:19:09,640 [l2p.py] => Task 0, Epoch 10/10 => Loss -0.306, Train_accy 98.73, Test_accy 94.96
2026-07-28 04:19:23,955 [trainer.py] => CNN: {'total': 94.96, '00-09': 94.96, 'old': 0, 'new': 94.96, 'harmonic': 0.0}
2026-07-28 04:19:23,956 [trainer.py] => CNN top1 curve: [94.96]
2026-07-28 04:19:23,956 [trainer.py] => CNN top5 curve: [99.8]
2026-07-28 04:19:23,956 [trainer.py] => Average Accuracy (CNN top1): 94.96
2026-07-28 04:19:23,957 [l2p.py] => Learning on 10-20
2026-07-28 04:38:43,259 [l2p.py] => Task 1, Epoch 10/10 => Loss -0.333, Train_accy 99.52, Test_accy 90.70
2026-07-28 04:39:13,752 [trainer.py] => CNN: {'total': 90.7, '00-09': 88.57, '10-19': 92.72, 'old': 88.57, 'new': 92.72, 'harmonic': 90.6}
2026-07-28 04:39:13,775 [trainer.py] => CNN top1 curve: [94.96, 90.7]
2026-07-28 04:39:13,775 [trainer.py] => CNN top5 curve: [99.8, 99.12]
2026-07-28 04:39:13,776 [trainer.py] => Average Accuracy (CNN top1): 92.83
2026-07-28 04:39:13,776 [l2p.py] => Learning on 20-30
2026-07-28 05:00:35,212 [l2p.py] => Task 2, Epoch 10/10 => Loss -0.342, Train_accy 99.70, Test_accy 88.14
2026-07-28 05:01:18,698 [trainer.py] => CNN: {'total': 88.14, '00-09': 82.78, '10-19': 89.37, '20-29': 92.25, 'old': 86.16, 'new': 92.25, 'harmonic': 89.1}
2026-07-28 05:01:18,732 [trainer.py] => CNN top1 curve: [94.96, 90.7, 88.14]
2026-07-28 05:01:18,732 [trainer.py] => CNN top5 curve: [99.8, 99.12, 98.26]
2026-07-28 05:01:18,732 [trainer.py] => Average Accuracy (CNN top1): 91.26666666666667
2026-07-28 05:01:18,732 [l2p.py] => Learning on 30-40
2026-07-28 05:25:24,635 [l2p.py] => Task 3, Epoch 10/10 => Loss -0.323, Train_accy 99.07, Test_accy 85.88
2026-07-28 05:26:20,174 [trainer.py] => CNN: {'total': 85.88, '00-09': 81.57, '10-19': 87.36, '20-29': 89.4, '30-39': 85.18, 'old': 86.12, 'new': 85.18, 'harmonic': 85.65}
2026-07-28 05:26:20,201 [trainer.py] => CNN top1 curve: [94.96, 90.7, 88.14, 85.88]
2026-07-28 05:26:20,201 [trainer.py] => CNN top5 curve: [99.8, 99.12, 98.26, 97.83]
2026-07-28 05:26:20,201 [trainer.py] => Average Accuracy (CNN top1): 89.92
2026-07-28 05:26:20,201 [l2p.py] => Learning on 40-50
2026-07-28 05:52:33,320 [l2p.py] => Task 4, Epoch 10/10 => Loss -0.319, Train_accy 99.34, Test_accy 82.63
2026-07-28 05:53:45,384 [trainer.py] => CNN: {'total': 82.63, '00-09': 79.25, '10-19': 85.69, '20-29': 88.28, '30-39': 83.59, '40-49': 76.28, 'old': 84.21, 'new': 76.28, 'harmonic': 80.05}
2026-07-28 05:53:45,423 [trainer.py] => CNN top1 curve: [94.96, 90.7, 88.14, 85.88, 82.63]
2026-07-28 05:53:45,423 [trainer.py] => CNN top5 curve: [99.8, 99.12, 98.26, 97.83, 97.13]
2026-07-28 05:53:45,423 [trainer.py] => Average Accuracy (CNN top1): 88.462
2026-07-28 05:53:45,424 [l2p.py] => Learning on 50-60
2026-07-28 06:22:51,027 [l2p.py] => Task 5, Epoch 10/10 => Loss -0.336, Train_accy 99.85, Test_accy 80.66
2026-07-28 06:24:15,302 [trainer.py] => CNN: {'total': 80.66, '00-09': 74.37, '10-19': 81.19, '20-29': 85.02, '30-39': 79.38, '40-49': 74.82, '50-59': 89.05, 'old': 78.96, 'new': 89.05, 'harmonic': 83.7}
2026-07-28 06:24:15,334 [trainer.py] => CNN top1 curve: [94.96, 90.7, 88.14, 85.88, 82.63, 80.66]
2026-07-28 06:24:15,334 [trainer.py] => CNN top5 curve: [99.8, 99.12, 98.26, 97.83, 97.13, 96.7]
2026-07-28 06:24:15,334 [trainer.py] => Average Accuracy (CNN top1): 87.16166666666668
2026-07-28 06:24:15,334 [l2p.py] => Learning on 60-70
2026-07-28 06:52:01,953 [l2p.py] => Task 6, Epoch 10/10 => Loss -0.338, Train_accy 99.58, Test_accy 79.11
2026-07-28 06:53:28,956 [trainer.py] => CNN: {'total': 79.11, '00-09': 72.05, '10-19': 80.09, '20-29': 85.22, '30-39': 77.24, '40-49': 72.57, '50-59': 86.89, '60-69': 79.61, 'old': 79.03, 'new': 79.61, 'harmonic': 79.32}
2026-07-28 06:53:28,978 [trainer.py] => CNN top1 curve: [94.96, 90.7, 88.14, 85.88, 82.63, 80.66, 79.11]
2026-07-28 06:53:28,978 [trainer.py] => CNN top5 curve: [99.8, 99.12, 98.26, 97.83, 97.13, 96.7, 96.17]
2026-07-28 06:53:28,979 [trainer.py] => Average Accuracy (CNN top1): 86.01142857142858
2026-07-28 06:53:28,979 [l2p.py] => Learning on 70-80
2026-07-28 07:23:02,343 [l2p.py] => Task 7, Epoch 10/10 => Loss -0.329, Train_accy 99.40, Test_accy 76.73
2026-07-28 07:24:38,991 [trainer.py] => CNN: {'total': 76.74, '00-09': 73.56, '10-19': 81.14, '20-29': 79.66, '30-39': 75.86, '40-49': 70.71, '50-59': 85.52, '60-69': 76.57, '70-79': 70.63, 'old': 77.62, 'new': 70.63, 'harmonic': 73.96}
2026-07-28 07:24:39,022 [trainer.py] => CNN top1 curve: [94.96, 90.7, 88.14, 85.88, 82.63, 80.66, 79.11, 76.74]
2026-07-28 07:24:39,023 [trainer.py] => CNN top5 curve: [99.8, 99.12, 98.26, 97.83, 97.13, 96.7, 96.17, 95.69]
2026-07-28 07:24:39,023 [trainer.py] => Average Accuracy (CNN top1): 84.8525
2026-07-28 07:24:39,023 [l2p.py] => Learning on 80-90
2026-07-28 07:56:08,403 [l2p.py] => Task 8, Epoch 10/10 => Loss -0.340, Train_accy 99.86, Test_accy 76.38
2026-07-28 07:57:58,807 [trainer.py] => CNN: {'total': 76.38, '00-09': 71.2, '10-19': 78.94, '20-29': 78.29, '30-39': 74.42, '40-49': 69.21, '50-59': 85.81, '60-69': 75.2, '70-79': 67.96, '80-89': 86.43, 'old': 75.16, 'new': 86.43, 'harmonic': 80.4}
2026-07-28 07:57:58,845 [trainer.py] => CNN top1 curve: [94.96, 90.7, 88.14, 85.88, 82.63, 80.66, 79.11, 76.74, 76.38]
2026-07-28 07:57:58,845 [trainer.py] => CNN top5 curve: [99.8, 99.12, 98.26, 97.83, 97.13, 96.7, 96.17, 95.69, 95.32]
2026-07-28 07:57:58,845 [trainer.py] => Average Accuracy (CNN top1): 83.91111111111111
2026-07-28 07:57:58,846 [l2p.py] => Learning on 90-100
2026-07-28 08:31:39,440 [l2p.py] => Task 9, Epoch 10/10 => Loss -0.330, Train_accy 99.35, Test_accy 75.08
2026-07-28 08:33:43,644 [trainer.py] => CNN: {'total': 75.08, '00-09': 72.76, '10-19': 79.13, '20-29': 77.01, '30-39': 75.31, '40-49': 68.81, '50-59': 83.41, '60-69': 68.61, '70-79': 67.66, '80-89': 84.28, '90-99': 73.72, 'old': 75.24, 'new': 73.72, 'harmonic': 74.47}
2026-07-28 08:33:43,676 [trainer.py] => CNN top1 curve: [94.96, 90.7, 88.14, 85.88, 82.63, 80.66, 79.11, 76.74, 76.38, 75.08]
2026-07-28 08:33:43,676 [trainer.py] => CNN top5 curve: [99.8, 99.12, 98.26, 97.83, 97.13, 96.7, 96.17, 95.69, 95.32, 94.98]
2026-07-28 08:33:43,676 [trainer.py] => Average Accuracy (CNN top1): 83.028
