2026-07-27 17:17:14,517 [trainer.py] => config: ./configs/l2p/l2p_food_B0_Inc10.json
2026-07-27 17:17:14,518 [trainer.py] => prefix:  
2026-07-27 17:17:14,518 [trainer.py] => dataset: food101
2026-07-27 17:17:14,518 [trainer.py] => memory_size: 0
2026-07-27 17:17:14,519 [trainer.py] => memory_per_class: 0
2026-07-27 17:17:14,519 [trainer.py] => fixed_memory: False
2026-07-27 17:17:14,519 [trainer.py] => shuffle: True
2026-07-27 17:17:14,519 [trainer.py] => init_cls: 10
2026-07-27 17:17:14,519 [trainer.py] => increment: 10
2026-07-27 17:17:14,519 [trainer.py] => model_name: l2p
2026-07-27 17:17:14,519 [trainer.py] => backbone_type: clip
2026-07-27 17:17:14,519 [trainer.py] => get_original_backbone: True
2026-07-27 17:17:14,519 [trainer.py] => device: [device(type='cuda', index=0)]
2026-07-27 17:17:14,520 [trainer.py] => seed: 0
2026-07-27 17:17:14,520 [trainer.py] => tuned_epoch: 10
2026-07-27 17:17:14,520 [trainer.py] => init_lr: 0.001875
2026-07-27 17:17:14,520 [trainer.py] => batch_size: 16
2026-07-27 17:17:14,520 [trainer.py] => weight_decay: 0
2026-07-27 17:17:14,520 [trainer.py] => min_lr: 1e-05
2026-07-27 17:17:14,520 [trainer.py] => optimizer: adam
2026-07-27 17:17:14,520 [trainer.py] => scheduler: constant
2026-07-27 17:17:14,520 [trainer.py] => reinit_optimizer: True
2026-07-27 17:17:14,520 [trainer.py] => global_pool: token
2026-07-27 17:17:14,520 [trainer.py] => head_type: prompt
2026-07-27 17:17:14,521 [trainer.py] => freeze: ['blocks', 'patch_embed', 'cls_token', 'norm', 'pos_embed']
2026-07-27 17:17:14,521 [trainer.py] => pretrained: True
2026-07-27 17:17:14,521 [trainer.py] => drop: 0.0
2026-07-27 17:17:14,521 [trainer.py] => drop_path: 0.0
2026-07-27 17:17:14,521 [trainer.py] => prompt_pool: True
2026-07-27 17:17:14,521 [trainer.py] => size: 10
2026-07-27 17:17:14,521 [trainer.py] => length: 5
2026-07-27 17:17:14,521 [trainer.py] => top_k: 5
2026-07-27 17:17:14,521 [trainer.py] => initializer: uniform
2026-07-27 17:17:14,521 [trainer.py] => prompt_key: True
2026-07-27 17:17:14,522 [trainer.py] => prompt_key_init: uniform
2026-07-27 17:17:14,522 [trainer.py] => use_prompt_mask: False
2026-07-27 17:17:14,522 [trainer.py] => shared_prompt_pool: False
2026-07-27 17:17:14,522 [trainer.py] => shared_prompt_key: False
2026-07-27 17:17:14,522 [trainer.py] => batchwise_prompt: True
2026-07-27 17:17:14,522 [trainer.py] => embedding_key: cls
2026-07-27 17:17:14,522 [trainer.py] => predefined_key: 
2026-07-27 17:17:14,522 [trainer.py] => pull_constraint: True
2026-07-27 17:17:14,522 [trainer.py] => pull_constraint_coeff: 0.1
2026-07-27 17:17:14,522 [trainer.py] => nb_classes: 100
2026-07-27 17:17:14,522 [trainer.py] => total_class_num: 100
2026-07-27 17:17:15,928 [data_manager.py] => [26, 86, 2, 55, 75, 93, 16, 73, 54, 95, 53, 92, 78, 13, 7, 30, 22, 24, 33, 8, 43, 62, 3, 71, 45, 48, 6, 99, 82, 76, 60, 80, 90, 68, 51, 27, 18, 56, 63, 74, 1, 61, 42, 41, 4, 15, 17, 40, 38, 5, 91, 59, 0, 34, 28, 50, 11, 35, 23, 52, 10, 31, 66, 57, 79, 85, 32, 84, 14, 89, 19, 29, 49, 97, 98, 69, 20, 94, 72, 77, 25, 37, 81, 46, 39, 65, 58, 12, 88, 70, 87, 36, 21, 83, 9, 96, 67, 64, 47, 44]
2026-07-27 17:17:30,632 [instantiator.py] => Created a temporary directory at /public/home/hanlida/tmp/tmp5ji95rol
2026-07-27 17:17:30,634 [instantiator.py] => Writing /public/home/hanlida/tmp/tmp5ji95rol/_remote_module_non_scriptable.py
2026-07-27 17:17:32,951 [factory.py] => Loaded ViT-B-16 model config.
2026-07-27 17:17:34,384 [factory.py] => Loading pretrained ViT-B-16 weights (/public/home/hanlida/Dr.1/pretrained_models/open_clip_pytorch_model_laion400m_e32.bin).
2026-07-27 17:17:38,837 [l2p.py] => 86,457,956 model total parameters.
2026-07-27 17:17:38,838 [l2p.py] => 94,820 model training parameters.
2026-07-27 17:17:38,838 [l2p.py] => prompt.prompt: 38400
2026-07-27 17:17:38,838 [l2p.py] => prompt.prompt_key: 5120
2026-07-27 17:17:38,838 [l2p.py] => head.weight: 51200
2026-07-27 17:17:38,838 [l2p.py] => head.bias: 100
2026-07-27 17:17:38,838 [l2p.py] => Learning on 0-10
2026-07-27 17:35:36,100 [l2p.py] => Task 0, Epoch 10/10 => Loss -0.317, Train_accy 98.88, Test_accy 96.79
2026-07-27 17:35:52,026 [trainer.py] => CNN: {'total': 96.79, '00-09': 96.79, 'old': 0, 'new': 96.79, 'harmonic': 0.0}
2026-07-27 17:35:52,045 [trainer.py] => CNN top1 curve: [96.79]
2026-07-27 17:35:52,045 [trainer.py] => CNN top5 curve: [99.75]
2026-07-27 17:35:52,046 [trainer.py] => Average Accuracy (CNN top1): 96.79
2026-07-27 17:35:52,046 [l2p.py] => Learning on 10-20
2026-07-27 17:56:26,838 [l2p.py] => Task 1, Epoch 10/10 => Loss -0.344, Train_accy 99.90, Test_accy 93.07
2026-07-27 17:56:57,428 [trainer.py] => CNN: {'total': 93.07, '00-09': 93.73, '10-19': 92.4, 'old': 93.73, 'new': 92.4, 'harmonic': 93.06}
2026-07-27 17:56:57,453 [trainer.py] => CNN top1 curve: [96.79, 93.07]
2026-07-27 17:56:57,453 [trainer.py] => CNN top5 curve: [99.75, 99.42]
2026-07-27 17:56:57,454 [trainer.py] => Average Accuracy (CNN top1): 94.93
2026-07-27 17:56:57,454 [l2p.py] => Learning on 20-30
2026-07-27 18:20:07,999 [l2p.py] => Task 2, Epoch 10/10 => Loss -0.316, Train_accy 99.05, Test_accy 90.62
2026-07-27 18:20:57,018 [trainer.py] => CNN: {'total': 90.62, '00-09': 92.88, '10-19': 90.83, '20-29': 88.25, 'old': 91.86, 'new': 88.25, 'harmonic': 90.02}
2026-07-27 18:20:57,034 [trainer.py] => CNN top1 curve: [96.79, 93.07, 90.62]
2026-07-27 18:20:57,035 [trainer.py] => CNN top5 curve: [99.75, 99.42, 98.92]
2026-07-27 18:20:57,035 [trainer.py] => Average Accuracy (CNN top1): 93.49333333333334
2026-07-27 18:20:57,035 [l2p.py] => Learning on 30-40
2026-07-27 18:46:38,137 [l2p.py] => Task 3, Epoch 10/10 => Loss -0.343, Train_accy 99.89, Test_accy 87.84
2026-07-27 18:47:38,597 [trainer.py] => CNN: {'total': 87.84, '00-09': 91.12, '10-19': 88.35, '20-29': 83.51, '30-39': 88.55, 'old': 87.61, 'new': 88.55, 'harmonic': 88.08}
2026-07-27 18:47:38,627 [trainer.py] => CNN top1 curve: [96.79, 93.07, 90.62, 87.84]
2026-07-27 18:47:38,627 [trainer.py] => CNN top5 curve: [99.75, 99.42, 98.92, 98.56]
2026-07-27 18:47:38,628 [trainer.py] => Average Accuracy (CNN top1): 92.08000000000001
2026-07-27 18:47:38,628 [l2p.py] => Learning on 40-50
2026-07-27 19:16:21,789 [l2p.py] => Task 4, Epoch 10/10 => Loss -0.335, Train_accy 99.36, Test_accy 82.48
2026-07-27 19:17:35,294 [trainer.py] => CNN: {'total': 82.48, '00-09': 85.2, '10-19': 85.76, '20-29': 78.82, '30-39': 83.26, '40-49': 79.52, 'old': 83.21, 'new': 79.52, 'harmonic': 81.32}
2026-07-27 19:17:35,312 [trainer.py] => CNN top1 curve: [96.79, 93.07, 90.62, 87.84, 82.48]
2026-07-27 19:17:35,312 [trainer.py] => CNN top5 curve: [99.75, 99.42, 98.92, 98.56, 97.91]
2026-07-27 19:17:35,312 [trainer.py] => Average Accuracy (CNN top1): 90.16000000000001
2026-07-27 19:17:35,312 [l2p.py] => Learning on 50-60
2026-07-27 19:48:46,357 [l2p.py] => Task 5, Epoch 10/10 => Loss -0.332, Train_accy 99.29, Test_accy 81.57
2026-07-27 19:50:24,014 [trainer.py] => CNN: {'total': 81.57, '00-09': 85.45, '10-19': 86.42, '20-29': 78.09, '30-39': 83.85, '40-49': 77.23, '50-59': 78.51, 'old': 82.17, 'new': 78.51, 'harmonic': 80.3}
2026-07-27 19:50:24,056 [trainer.py] => CNN top1 curve: [96.79, 93.07, 90.62, 87.84, 82.48, 81.57]
2026-07-27 19:50:24,057 [trainer.py] => CNN top5 curve: [99.75, 99.42, 98.92, 98.56, 97.91, 97.31]
2026-07-27 19:50:24,057 [trainer.py] => Average Accuracy (CNN top1): 88.72833333333335
2026-07-27 19:50:24,057 [l2p.py] => Learning on 60-70
2026-07-27 20:25:42,592 [l2p.py] => Task 6, Epoch 10/10 => Loss -0.323, Train_accy 99.38, Test_accy 80.53
2026-07-27 20:27:35,816 [trainer.py] => CNN: {'total': 80.53, '00-09': 83.09, '10-19': 84.6, '20-29': 77.71, '30-39': 82.87, '40-49': 77.13, '50-59': 77.76, '60-69': 80.64, 'old': 80.51, 'new': 80.64, 'harmonic': 80.57}
2026-07-27 20:27:35,849 [trainer.py] => CNN top1 curve: [96.79, 93.07, 90.62, 87.84, 82.48, 81.57, 80.53]
2026-07-27 20:27:35,849 [trainer.py] => CNN top5 curve: [99.75, 99.42, 98.92, 98.56, 97.91, 97.31, 96.99]
2026-07-27 20:27:35,849 [trainer.py] => Average Accuracy (CNN top1): 87.55714285714286
2026-07-27 20:27:35,849 [l2p.py] => Learning on 70-80
2026-07-27 21:08:59,617 [l2p.py] => Task 7, Epoch 10/10 => Loss -0.333, Train_accy 99.52, Test_accy 78.57
2026-07-27 21:11:12,749 [trainer.py] => CNN: {'total': 78.57, '00-09': 80.38, '10-19': 86.12, '20-29': 76.84, '30-39': 81.84, '40-49': 75.73, '50-59': 73.38, '60-69': 78.18, '70-79': 76.1, 'old': 78.91, 'new': 76.1, 'harmonic': 77.48}
2026-07-27 21:11:12,787 [trainer.py] => CNN top1 curve: [96.79, 93.07, 90.62, 87.84, 82.48, 81.57, 80.53, 78.57]
2026-07-27 21:11:12,787 [trainer.py] => CNN top5 curve: [99.75, 99.42, 98.92, 98.56, 97.91, 97.31, 96.99, 96.39]
2026-07-27 21:11:12,787 [trainer.py] => Average Accuracy (CNN top1): 86.43375
2026-07-27 21:11:12,787 [l2p.py] => Learning on 80-90
2026-07-27 21:54:28,557 [l2p.py] => Task 8, Epoch 10/10 => Loss -0.335, Train_accy 99.65, Test_accy 76.73
2026-07-27 21:57:00,972 [trainer.py] => CNN: {'total': 76.73, '00-09': 76.77, '10-19': 82.83, '20-29': 73.4, '30-39': 81.69, '40-49': 75.88, '50-59': 73.58, '60-69': 76.23, '70-79': 73.67, '80-89': 76.52, 'old': 76.76, 'new': 76.52, 'harmonic': 76.64}
2026-07-27 21:57:00,995 [trainer.py] => CNN top1 curve: [96.79, 93.07, 90.62, 87.84, 82.48, 81.57, 80.53, 78.57, 76.73]
2026-07-27 21:57:00,995 [trainer.py] => CNN top5 curve: [99.75, 99.42, 98.92, 98.56, 97.91, 97.31, 96.99, 96.39, 95.85]
2026-07-27 21:57:00,995 [trainer.py] => Average Accuracy (CNN top1): 85.35555555555555
2026-07-27 21:57:00,995 [l2p.py] => Learning on 90-100
2026-07-27 22:40:44,862 [l2p.py] => Task 9, Epoch 10/10 => Loss -0.294, Train_accy 98.63, Test_accy 74.73
2026-07-27 22:43:25,788 [trainer.py] => CNN: {'total': 74.73, '00-09': 74.86, '10-19': 81.91, '20-29': 72.1, '30-39': 80.08, '40-49': 74.84, '50-59': 73.58, '60-69': 76.13, '70-79': 72.33, '80-89': 76.57, '90-99': 65.08, 'old': 75.82, 'new': 65.08, 'harmonic': 70.04}
2026-07-27 22:43:25,814 [trainer.py] => CNN top1 curve: [96.79, 93.07, 90.62, 87.84, 82.48, 81.57, 80.53, 78.57, 76.73, 74.73]
2026-07-27 22:43:25,814 [trainer.py] => CNN top5 curve: [99.75, 99.42, 98.92, 98.56, 97.91, 97.31, 96.99, 96.39, 95.85, 95.3]
2026-07-27 22:43:25,814 [trainer.py] => Average Accuracy (CNN top1): 84.293
