2026-07-26 10:54:29,430 [trainer.py] => config: ./configs/l2p/l2p_inr_B0_Inc20.json
2026-07-26 10:54:29,445 [trainer.py] => prefix:  
2026-07-26 10:54:29,445 [trainer.py] => dataset: imagenetr
2026-07-26 10:54:29,445 [trainer.py] => memory_size: 0
2026-07-26 10:54:29,445 [trainer.py] => memory_per_class: 0
2026-07-26 10:54:29,445 [trainer.py] => fixed_memory: False
2026-07-26 10:54:29,445 [trainer.py] => shuffle: True
2026-07-26 10:54:29,445 [trainer.py] => init_cls: 20
2026-07-26 10:54:29,445 [trainer.py] => increment: 20
2026-07-26 10:54:29,445 [trainer.py] => model_name: l2p
2026-07-26 10:54:29,445 [trainer.py] => backbone_type: clip
2026-07-26 10:54:29,445 [trainer.py] => get_original_backbone: True
2026-07-26 10:54:29,445 [trainer.py] => device: [device(type='cuda', index=2)]
2026-07-26 10:54:29,445 [trainer.py] => seed: 0
2026-07-26 10:54:29,445 [trainer.py] => tuned_epoch: 10
2026-07-26 10:54:29,446 [trainer.py] => init_lr: 0.001875
2026-07-26 10:54:29,446 [trainer.py] => batch_size: 16
2026-07-26 10:54:29,446 [trainer.py] => weight_decay: 0
2026-07-26 10:54:29,446 [trainer.py] => min_lr: 1e-05
2026-07-26 10:54:29,446 [trainer.py] => optimizer: adam
2026-07-26 10:54:29,446 [trainer.py] => scheduler: constant
2026-07-26 10:54:29,446 [trainer.py] => reinit_optimizer: True
2026-07-26 10:54:29,446 [trainer.py] => global_pool: token
2026-07-26 10:54:29,446 [trainer.py] => head_type: prompt
2026-07-26 10:54:29,446 [trainer.py] => freeze: ['blocks', 'patch_embed', 'cls_token', 'norm', 'pos_embed']
2026-07-26 10:54:29,446 [trainer.py] => pretrained: True
2026-07-26 10:54:29,446 [trainer.py] => drop: 0.0
2026-07-26 10:54:29,446 [trainer.py] => drop_path: 0.0
2026-07-26 10:54:29,446 [trainer.py] => prompt_pool: True
2026-07-26 10:54:29,446 [trainer.py] => size: 10
2026-07-26 10:54:29,446 [trainer.py] => length: 5
2026-07-26 10:54:29,446 [trainer.py] => top_k: 5
2026-07-26 10:54:29,446 [trainer.py] => initializer: uniform
2026-07-26 10:54:29,446 [trainer.py] => prompt_key: True
2026-07-26 10:54:29,446 [trainer.py] => prompt_key_init: uniform
2026-07-26 10:54:29,446 [trainer.py] => use_prompt_mask: False
2026-07-26 10:54:29,447 [trainer.py] => shared_prompt_pool: False
2026-07-26 10:54:29,447 [trainer.py] => shared_prompt_key: False
2026-07-26 10:54:29,447 [trainer.py] => batchwise_prompt: True
2026-07-26 10:54:29,447 [trainer.py] => embedding_key: cls
2026-07-26 10:54:29,447 [trainer.py] => predefined_key: 
2026-07-26 10:54:29,447 [trainer.py] => pull_constraint: True
2026-07-26 10:54:29,447 [trainer.py] => pull_constraint_coeff: 0.1
2026-07-26 10:54:29,447 [trainer.py] => nb_classes: 200
2026-07-26 10:54:29,447 [trainer.py] => total_class_num: 200
2026-07-26 10:54:30,270 [data_manager.py] => [18, 170, 107, 98, 177, 182, 5, 146, 12, 152, 61, 125, 180, 154, 80, 7, 33, 130, 37, 74, 183, 145, 45, 159, 60, 123, 179, 185, 122, 44, 16, 55, 150, 111, 22, 189, 129, 4, 83, 106, 134, 66, 26, 113, 168, 63, 8, 75, 118, 143, 71, 124, 184, 97, 149, 24, 30, 160, 40, 56, 131, 96, 181, 19, 153, 92, 54, 163, 51, 86, 139, 90, 137, 101, 144, 89, 109, 14, 27, 141, 187, 46, 138, 195, 108, 62, 2, 59, 136, 197, 43, 10, 194, 73, 196, 178, 175, 126, 93, 112, 158, 191, 50, 0, 94, 110, 95, 64, 167, 41, 69, 49, 48, 85, 13, 161, 23, 186, 135, 20, 15, 78, 104, 52, 100, 76, 3, 116, 164, 198, 6, 68, 84, 121, 155, 171, 156, 91, 199, 11, 119, 102, 35, 57, 65, 1, 120, 162, 42, 105, 132, 173, 17, 38, 133, 53, 157, 128, 34, 28, 114, 151, 31, 166, 127, 176, 32, 142, 169, 147, 29, 99, 82, 79, 115, 148, 193, 72, 77, 25, 165, 81, 188, 174, 190, 39, 58, 140, 88, 70, 87, 36, 21, 9, 103, 67, 192, 117, 47, 172]
2026-07-26 10:54:47,564 [instantiator.py] => Created a temporary directory at /public/home/hanlida/tmp/tmpqei83z3g
2026-07-26 10:54:47,566 [instantiator.py] => Writing /public/home/hanlida/tmp/tmpqei83z3g/_remote_module_non_scriptable.py
2026-07-26 10:54:49,511 [factory.py] => Loaded ViT-B-16 model config.
2026-07-26 10:54:50,907 [factory.py] => Loading pretrained ViT-B-16 weights (/public/home/hanlida/Dr.1/pretrained_models/open_clip_pytorch_model_laion400m_e32.bin).
2026-07-26 10:54:55,610 [l2p.py] => 86,509,256 model total parameters.
2026-07-26 10:54:55,611 [l2p.py] => 146,120 model training parameters.
2026-07-26 10:54:55,611 [l2p.py] => prompt.prompt: 38400
2026-07-26 10:54:55,611 [l2p.py] => prompt.prompt_key: 5120
2026-07-26 10:54:55,611 [l2p.py] => head.weight: 102400
2026-07-26 10:54:55,611 [l2p.py] => head.bias: 200
2026-07-26 10:54:55,611 [l2p.py] => Learning on 0-20
2026-07-26 11:04:37,752 [l2p.py] => Task 0, Epoch 10/10 => Loss -0.246, Train_accy 100.00, Test_accy 94.05
2026-07-26 11:04:46,522 [trainer.py] => CNN: {'total': 94.05, '00-09': 94.01, '10-19': 94.1, 'old': 0, 'new': 94.05, 'harmonic': 0.0}
2026-07-26 11:04:46,522 [trainer.py] => CNN top1 curve: [94.05]
2026-07-26 11:04:46,523 [trainer.py] => CNN top5 curve: [99.83]
2026-07-26 11:04:46,523 [trainer.py] => Average Accuracy (CNN top1): 94.05
2026-07-26 11:04:46,523 [l2p.py] => Learning on 20-40
2026-07-26 11:15:17,491 [l2p.py] => Task 1, Epoch 10/10 => Loss -0.232, Train_accy 99.87, Test_accy 88.71
2026-07-26 11:15:33,178 [trainer.py] => CNN: {'total': 88.71, '00-09': 90.22, '10-19': 90.41, '20-29': 86.11, '30-39': 87.84, 'old': 90.31, 'new': 87.09, 'harmonic': 88.67}
2026-07-26 11:15:33,178 [trainer.py] => CNN top1 curve: [94.05, 88.71]
2026-07-26 11:15:33,179 [trainer.py] => CNN top5 curve: [99.83, 98.37]
2026-07-26 11:15:33,179 [trainer.py] => Average Accuracy (CNN top1): 91.38
2026-07-26 11:15:33,179 [l2p.py] => Learning on 40-60
2026-07-26 11:29:24,343 [l2p.py] => Task 2, Epoch 10/10 => Loss -0.244, Train_accy 99.96, Test_accy 87.62
2026-07-26 11:29:48,918 [trainer.py] => CNN: {'total': 87.62, '00-09': 86.75, '10-19': 88.56, '20-29': 83.73, '30-39': 88.75, '40-49': 89.74, '50-59': 86.61, 'old': 87.08, 'new': 88.56, 'harmonic': 87.81}
2026-07-26 11:29:48,935 [trainer.py] => CNN top1 curve: [94.05, 88.71, 87.62]
2026-07-26 11:29:48,935 [trainer.py] => CNN top5 curve: [99.83, 98.37, 97.56]
2026-07-26 11:29:48,935 [trainer.py] => Average Accuracy (CNN top1): 90.12666666666667
2026-07-26 11:29:48,935 [l2p.py] => Learning on 60-80
2026-07-26 11:44:11,037 [l2p.py] => Task 3, Epoch 10/10 => Loss -0.227, Train_accy 99.88, Test_accy 84.74
2026-07-26 11:44:44,863 [trainer.py] => CNN: {'total': 84.74, '00-09': 84.54, '10-19': 87.08, '20-29': 83.33, '30-39': 87.23, '40-49': 88.54, '50-59': 84.65, '60-69': 82.97, '70-79': 77.93, 'old': 86.16, 'new': 80.52, 'harmonic': 83.24}
2026-07-26 11:44:44,884 [trainer.py] => CNN top1 curve: [94.05, 88.71, 87.62, 84.74]
2026-07-26 11:44:44,885 [trainer.py] => CNN top5 curve: [99.83, 98.37, 97.56, 96.75]
2026-07-26 11:44:44,885 [trainer.py] => Average Accuracy (CNN top1): 88.78
2026-07-26 11:44:44,885 [l2p.py] => Learning on 80-100
2026-07-26 11:59:04,946 [l2p.py] => Task 4, Epoch 10/10 => Loss -0.232, Train_accy 100.00, Test_accy 81.40
2026-07-26 11:59:44,007 [trainer.py] => CNN: {'total': 81.4, '00-09': 85.17, '10-19': 87.08, '20-29': 81.35, '30-39': 86.63, '40-49': 87.11, '50-59': 84.25, '60-69': 80.44, '70-79': 77.26, '80-89': 77.56, '90-99': 60.43, 'old': 83.85, 'new': 70.3, 'harmonic': 76.48}
2026-07-26 11:59:44,007 [trainer.py] => CNN top1 curve: [94.05, 88.71, 87.62, 84.74, 81.4]
2026-07-26 11:59:44,007 [trainer.py] => CNN top5 curve: [99.83, 98.37, 97.56, 96.75, 96.1]
2026-07-26 11:59:44,007 [trainer.py] => Average Accuracy (CNN top1): 87.304
2026-07-26 11:59:44,007 [l2p.py] => Learning on 100-120
2026-07-26 12:16:22,976 [l2p.py] => Task 5, Epoch 10/10 => Loss -0.257, Train_accy 99.92, Test_accy 77.80
2026-07-26 12:17:09,747 [trainer.py] => CNN: {'total': 77.8, '00-09': 82.97, '10-19': 85.24, '20-29': 77.78, '30-39': 86.02, '40-49': 87.11, '50-59': 82.68, '60-69': 76.34, '70-79': 74.58, '80-89': 78.21, '90-99': 59.13, '100-109': 75.36, '110-119': 61.77, 'old': 79.77, 'new': 67.99, 'harmonic': 73.41}
2026-07-26 12:17:09,778 [trainer.py] => CNN top1 curve: [94.05, 88.71, 87.62, 84.74, 81.4, 77.8]
2026-07-26 12:17:09,779 [trainer.py] => CNN top5 curve: [99.83, 98.37, 97.56, 96.75, 96.1, 95.36]
2026-07-26 12:17:09,779 [trainer.py] => Average Accuracy (CNN top1): 85.71999999999998
2026-07-26 12:17:09,779 [l2p.py] => Learning on 120-140
2026-07-26 12:34:42,146 [l2p.py] => Task 6, Epoch 10/10 => Loss -0.249, Train_accy 99.96, Test_accy 75.55
2026-07-26 12:35:37,288 [trainer.py] => CNN: {'total': 75.55, '00-09': 81.39, '10-19': 85.98, '20-29': 76.59, '30-39': 85.11, '40-49': 87.11, '50-59': 80.31, '60-69': 72.24, '70-79': 73.24, '80-89': 75.64, '90-99': 56.52, '100-109': 71.01, '110-119': 55.35, '120-129': 70.03, '130-139': 80.55, 'old': 75.6, 'new': 75.25, 'harmonic': 75.42}
2026-07-26 12:35:37,321 [trainer.py] => CNN top1 curve: [94.05, 88.71, 87.62, 84.74, 81.4, 77.8, 75.55]
2026-07-26 12:35:37,321 [trainer.py] => CNN top5 curve: [99.83, 98.37, 97.56, 96.75, 96.1, 95.36, 94.47]
2026-07-26 12:35:37,321 [trainer.py] => Average Accuracy (CNN top1): 84.26714285714284
2026-07-26 12:35:37,321 [l2p.py] => Learning on 140-160
2026-07-26 12:54:12,332 [l2p.py] => Task 7, Epoch 10/10 => Loss -0.248, Train_accy 100.00, Test_accy 74.64
2026-07-26 12:55:20,246 [trainer.py] => CNN: {'total': 74.64, '00-09': 81.7, '10-19': 84.5, '20-29': 78.57, '30-39': 85.11, '40-49': 88.07, '50-59': 80.71, '60-69': 73.19, '70-79': 73.58, '80-89': 77.24, '90-99': 56.96, '100-109': 72.1, '110-119': 55.05, '120-129': 67.34, '130-139': 78.5, '140-149': 58.86, '150-159': 75.91, 'old': 75.67, 'new': 67.44, 'harmonic': 71.32}
2026-07-26 12:55:20,278 [trainer.py] => CNN top1 curve: [94.05, 88.71, 87.62, 84.74, 81.4, 77.8, 75.55, 74.64]
2026-07-26 12:55:20,279 [trainer.py] => CNN top5 curve: [99.83, 98.37, 97.56, 96.75, 96.1, 95.36, 94.47, 94.31]
2026-07-26 12:55:20,279 [trainer.py] => Average Accuracy (CNN top1): 83.06374999999998
2026-07-26 12:55:20,279 [l2p.py] => Learning on 160-180
2026-07-26 13:14:26,881 [l2p.py] => Task 8, Epoch 10/10 => Loss -0.243, Train_accy 99.92, Test_accy 73.22
2026-07-26 13:15:35,485 [trainer.py] => CNN: {'total': 73.22, '00-09': 81.39, '10-19': 85.98, '20-29': 76.98, '30-39': 86.02, '40-49': 86.63, '50-59': 79.92, '60-69': 73.19, '70-79': 72.58, '80-89': 75.96, '90-99': 54.78, '100-109': 69.57, '110-119': 54.13, '120-129': 67.34, '130-139': 78.5, '140-149': 57.53, '150-159': 71.62, '160-169': 68.77, '170-179': 69.94, 'old': 73.7, 'new': 69.38, 'harmonic': 71.47}
2026-07-26 13:15:35,519 [trainer.py] => CNN top1 curve: [94.05, 88.71, 87.62, 84.74, 81.4, 77.8, 75.55, 74.64, 73.22]
2026-07-26 13:15:35,519 [trainer.py] => CNN top5 curve: [99.83, 98.37, 97.56, 96.75, 96.1, 95.36, 94.47, 94.31, 94.18]
2026-07-26 13:15:35,519 [trainer.py] => Average Accuracy (CNN top1): 81.96999999999998
2026-07-26 13:15:35,520 [l2p.py] => Learning on 180-200
2026-07-26 13:36:13,768 [l2p.py] => Task 9, Epoch 10/10 => Loss -0.258, Train_accy 99.91, Test_accy 72.32
2026-07-26 13:37:30,353 [trainer.py] => CNN: {'total': 72.32, '00-09': 81.39, '10-19': 86.72, '20-29': 78.57, '30-39': 84.8, '40-49': 85.2, '50-59': 79.13, '60-69': 71.29, '70-79': 72.58, '80-89': 75.96, '90-99': 54.35, '100-109': 71.74, '110-119': 54.13, '120-129': 65.99, '130-139': 76.79, '140-149': 52.84, '150-159': 71.62, '160-169': 67.37, '170-179': 68.35, '180-189': 75.25, '190-199': 66.11, 'old': 72.5, 'new': 70.7, 'harmonic': 71.59}
2026-07-26 13:37:30,369 [trainer.py] => CNN top1 curve: [94.05, 88.71, 87.62, 84.74, 81.4, 77.8, 75.55, 74.64, 73.22, 72.32]
2026-07-26 13:37:30,369 [trainer.py] => CNN top5 curve: [99.83, 98.37, 97.56, 96.75, 96.1, 95.36, 94.47, 94.31, 94.18, 93.82]
2026-07-26 13:37:30,369 [trainer.py] => Average Accuracy (CNN top1): 81.005
