2026-07-26 18:58:46,696 [trainer.py] => config: ./configs/l2p/l2p_inr_B100_Inc20.json
2026-07-26 18:58:46,714 [trainer.py] => prefix:  
2026-07-26 18:58:46,714 [trainer.py] => dataset: imagenetr
2026-07-26 18:58:46,714 [trainer.py] => memory_size: 0
2026-07-26 18:58:46,714 [trainer.py] => memory_per_class: 0
2026-07-26 18:58:46,714 [trainer.py] => fixed_memory: False
2026-07-26 18:58:46,715 [trainer.py] => shuffle: True
2026-07-26 18:58:46,715 [trainer.py] => init_cls: 100
2026-07-26 18:58:46,715 [trainer.py] => increment: 20
2026-07-26 18:58:46,715 [trainer.py] => model_name: l2p
2026-07-26 18:58:46,715 [trainer.py] => backbone_type: clip
2026-07-26 18:58:46,715 [trainer.py] => get_original_backbone: True
2026-07-26 18:58:46,716 [trainer.py] => device: [device(type='cuda', index=2)]
2026-07-26 18:58:46,716 [trainer.py] => seed: 0
2026-07-26 18:58:46,716 [trainer.py] => tuned_epoch: 10
2026-07-26 18:58:46,716 [trainer.py] => init_lr: 0.001875
2026-07-26 18:58:46,716 [trainer.py] => batch_size: 16
2026-07-26 18:58:46,716 [trainer.py] => weight_decay: 0
2026-07-26 18:58:46,716 [trainer.py] => min_lr: 1e-05
2026-07-26 18:58:46,717 [trainer.py] => optimizer: adam
2026-07-26 18:58:46,717 [trainer.py] => scheduler: constant
2026-07-26 18:58:46,717 [trainer.py] => reinit_optimizer: True
2026-07-26 18:58:46,717 [trainer.py] => global_pool: token
2026-07-26 18:58:46,717 [trainer.py] => head_type: prompt
2026-07-26 18:58:46,717 [trainer.py] => freeze: ['blocks', 'patch_embed', 'cls_token', 'norm', 'pos_embed']
2026-07-26 18:58:46,717 [trainer.py] => pretrained: True
2026-07-26 18:58:46,718 [trainer.py] => drop: 0.0
2026-07-26 18:58:46,718 [trainer.py] => drop_path: 0.0
2026-07-26 18:58:46,718 [trainer.py] => prompt_pool: True
2026-07-26 18:58:46,718 [trainer.py] => size: 10
2026-07-26 18:58:46,718 [trainer.py] => length: 5
2026-07-26 18:58:46,718 [trainer.py] => top_k: 5
2026-07-26 18:58:46,718 [trainer.py] => initializer: uniform
2026-07-26 18:58:46,718 [trainer.py] => prompt_key: True
2026-07-26 18:58:46,719 [trainer.py] => prompt_key_init: uniform
2026-07-26 18:58:46,719 [trainer.py] => use_prompt_mask: False
2026-07-26 18:58:46,719 [trainer.py] => shared_prompt_pool: False
2026-07-26 18:58:46,719 [trainer.py] => shared_prompt_key: False
2026-07-26 18:58:46,719 [trainer.py] => batchwise_prompt: True
2026-07-26 18:58:46,719 [trainer.py] => embedding_key: cls
2026-07-26 18:58:46,719 [trainer.py] => predefined_key: 
2026-07-26 18:58:46,720 [trainer.py] => pull_constraint: True
2026-07-26 18:58:46,720 [trainer.py] => pull_constraint_coeff: 0.1
2026-07-26 18:58:46,720 [trainer.py] => nb_classes: 200
2026-07-26 18:58:46,720 [trainer.py] => total_class_num: 200
2026-07-26 18:58:47,660 [data_manager.py] => [18, 170, 107, 98, 177, 182, 5, 146, 12, 152, 61, 125, 180, 154, 80, 7, 33, 130, 37, 74, 183, 145, 45, 159, 60, 123, 179, 185, 122, 44, 16, 55, 150, 111, 22, 189, 129, 4, 83, 106, 134, 66, 26, 113, 168, 63, 8, 75, 118, 143, 71, 124, 184, 97, 149, 24, 30, 160, 40, 56, 131, 96, 181, 19, 153, 92, 54, 163, 51, 86, 139, 90, 137, 101, 144, 89, 109, 14, 27, 141, 187, 46, 138, 195, 108, 62, 2, 59, 136, 197, 43, 10, 194, 73, 196, 178, 175, 126, 93, 112, 158, 191, 50, 0, 94, 110, 95, 64, 167, 41, 69, 49, 48, 85, 13, 161, 23, 186, 135, 20, 15, 78, 104, 52, 100, 76, 3, 116, 164, 198, 6, 68, 84, 121, 155, 171, 156, 91, 199, 11, 119, 102, 35, 57, 65, 1, 120, 162, 42, 105, 132, 173, 17, 38, 133, 53, 157, 128, 34, 28, 114, 151, 31, 166, 127, 176, 32, 142, 169, 147, 29, 99, 82, 79, 115, 148, 193, 72, 77, 25, 165, 81, 188, 174, 190, 39, 58, 140, 88, 70, 87, 36, 21, 9, 103, 67, 192, 117, 47, 172]
2026-07-26 18:59:08,777 [instantiator.py] => Created a temporary directory at /public/home/hanlida/tmp/tmp85z_fapy
2026-07-26 18:59:08,783 [instantiator.py] => Writing /public/home/hanlida/tmp/tmp85z_fapy/_remote_module_non_scriptable.py
2026-07-26 18:59:10,970 [factory.py] => Loaded ViT-B-16 model config.
2026-07-26 18:59:12,456 [factory.py] => Loading pretrained ViT-B-16 weights (/public/home/hanlida/Dr.1/pretrained_models/open_clip_pytorch_model_laion400m_e32.bin).
2026-07-26 18:59:16,293 [l2p.py] => 86,509,256 model total parameters.
2026-07-26 18:59:16,293 [l2p.py] => 146,120 model training parameters.
2026-07-26 18:59:16,294 [l2p.py] => prompt.prompt: 38400
2026-07-26 18:59:16,294 [l2p.py] => prompt.prompt_key: 5120
2026-07-26 18:59:16,294 [l2p.py] => head.weight: 102400
2026-07-26 18:59:16,294 [l2p.py] => head.bias: 200
2026-07-26 18:59:16,294 [l2p.py] => Learning on 0-100
2026-07-26 19:46:42,621 [l2p.py] => Task 0, Epoch 10/10 => Loss -0.232, Train_accy 99.76, Test_accy 86.57
2026-07-26 19:47:21,607 [trainer.py] => CNN: {'total': 86.57, '00-09': 86.44, '10-19': 84.5, '20-29': 82.94, '30-39': 87.54, '40-49': 91.65, '50-59': 85.83, '60-69': 92.11, '70-79': 83.61, '80-89': 89.1, '90-99': 76.09, 'old': 0, 'new': 86.57, 'harmonic': 0.0}
2026-07-26 19:47:21,608 [trainer.py] => CNN top1 curve: [86.57]
2026-07-26 19:47:21,608 [trainer.py] => CNN top5 curve: [96.17]
2026-07-26 19:47:21,608 [trainer.py] => Average Accuracy (CNN top1): 86.57
2026-07-26 19:47:21,608 [l2p.py] => Learning on 100-120
2026-07-26 20:03:55,731 [l2p.py] => Task 1, Epoch 10/10 => Loss -0.252, Train_accy 100.00, Test_accy 80.79
2026-07-26 20:04:43,847 [trainer.py] => CNN: {'total': 80.79, '00-09': 86.12, '10-19': 83.76, '20-29': 82.54, '30-39': 86.93, '40-49': 91.17, '50-59': 84.25, '60-69': 90.54, '70-79': 83.95, '80-89': 88.14, '90-99': 76.09, '100-109': 65.22, '110-119': 46.79, 'old': 85.93, 'new': 55.22, 'harmonic': 67.23}
2026-07-26 20:04:43,862 [trainer.py] => CNN top1 curve: [86.57, 80.79]
2026-07-26 20:04:43,862 [trainer.py] => CNN top5 curve: [96.17, 95.48]
2026-07-26 20:04:43,862 [trainer.py] => Average Accuracy (CNN top1): 83.68
2026-07-26 20:04:43,862 [l2p.py] => Learning on 120-140
2026-07-26 20:22:55,926 [l2p.py] => Task 2, Epoch 10/10 => Loss -0.248, Train_accy 100.00, Test_accy 74.31
2026-07-26 20:23:49,218 [trainer.py] => CNN: {'total': 74.31, '00-09': 84.54, '10-19': 83.39, '20-29': 81.75, '30-39': 84.5, '40-49': 90.45, '50-59': 86.22, '60-69': 90.54, '70-79': 85.28, '80-89': 87.5, '90-99': 76.52, '100-109': 60.51, '110-119': 43.12, '120-129': 35.69, '130-139': 46.08, 'old': 79.79, 'new': 40.85, 'harmonic': 54.04}
2026-07-26 20:23:49,219 [trainer.py] => CNN top1 curve: [86.57, 80.79, 74.31]
2026-07-26 20:23:49,219 [trainer.py] => CNN top5 curve: [96.17, 95.48, 94.44]
2026-07-26 20:23:49,219 [trainer.py] => Average Accuracy (CNN top1): 80.55666666666667
2026-07-26 20:23:49,219 [l2p.py] => Learning on 140-160
2026-07-26 20:42:12,206 [l2p.py] => Task 3, Epoch 10/10 => Loss -0.249, Train_accy 100.00, Test_accy 68.57
2026-07-26 20:43:14,914 [trainer.py] => CNN: {'total': 68.57, '00-09': 87.38, '10-19': 82.29, '20-29': 81.75, '30-39': 86.32, '40-49': 90.21, '50-59': 85.04, '60-69': 89.91, '70-79': 82.94, '80-89': 86.86, '90-99': 76.96, '100-109': 61.59, '110-119': 42.51, '120-129': 34.34, '130-139': 43.34, '140-149': 23.41, '150-159': 37.95, 'old': 74.0, 'new': 30.73, 'harmonic': 43.43}
2026-07-26 20:43:14,945 [trainer.py] => CNN top1 curve: [86.57, 80.79, 74.31, 68.57]
2026-07-26 20:43:14,945 [trainer.py] => CNN top5 curve: [96.17, 95.48, 94.44, 93.58]
2026-07-26 20:43:14,946 [trainer.py] => Average Accuracy (CNN top1): 77.56
2026-07-26 20:43:14,946 [l2p.py] => Learning on 160-180
2026-07-26 21:03:35,169 [l2p.py] => Task 4, Epoch 10/10 => Loss -0.250, Train_accy 100.00, Test_accy 63.75
2026-07-26 21:04:47,296 [trainer.py] => CNN: {'total': 63.75, '00-09': 84.23, '10-19': 83.76, '20-29': 81.75, '30-39': 86.32, '40-49': 89.26, '50-59': 85.04, '60-69': 88.96, '70-79': 80.6, '80-89': 86.54, '90-99': 75.22, '100-109': 60.87, '110-119': 39.76, '120-129': 33.0, '130-139': 41.3, '140-149': 21.4, '150-159': 34.65, '160-169': 37.89, '170-179': 33.54, 'old': 67.28, 'new': 35.61, 'harmonic': 46.57}
2026-07-26 21:04:47,330 [trainer.py] => CNN top1 curve: [86.57, 80.79, 74.31, 68.57, 63.75]
2026-07-26 21:04:47,330 [trainer.py] => CNN top5 curve: [96.17, 95.48, 94.44, 93.58, 92.88]
2026-07-26 21:04:47,330 [trainer.py] => Average Accuracy (CNN top1): 74.798
2026-07-26 21:04:47,330 [l2p.py] => Learning on 180-200
2026-07-26 21:26:27,899 [l2p.py] => Task 5, Epoch 10/10 => Loss -0.260, Train_accy 99.96, Test_accy 60.20
2026-07-26 21:27:50,347 [trainer.py] => CNN: {'total': 60.2, '00-09': 83.91, '10-19': 83.39, '20-29': 80.95, '30-39': 87.23, '40-49': 89.26, '50-59': 85.04, '60-69': 87.7, '70-79': 81.61, '80-89': 86.22, '90-99': 75.22, '100-109': 58.7, '110-119': 39.14, '120-129': 32.66, '130-139': 41.64, '140-149': 20.74, '150-159': 33.0, '160-169': 35.09, '170-179': 32.91, '180-189': 41.25, '190-199': 24.92, 'old': 63.23, 'new': 33.11, 'harmonic': 43.46}
2026-07-26 21:27:50,375 [trainer.py] => CNN top1 curve: [86.57, 80.79, 74.31, 68.57, 63.75, 60.2]
2026-07-26 21:27:50,375 [trainer.py] => CNN top5 curve: [96.17, 95.48, 94.44, 93.58, 92.88, 92.17]
2026-07-26 21:27:50,375 [trainer.py] => Average Accuracy (CNN top1): 72.365
