2026-07-26 13:37:30,379 [trainer.py] => config: ./configs/l2p/l2p_inr_B0_Inc20.json
2026-07-26 13:37:30,379 [trainer.py] => prefix:  
2026-07-26 13:37:30,379 [trainer.py] => dataset: imagenetr
2026-07-26 13:37:30,379 [trainer.py] => memory_size: 0
2026-07-26 13:37:30,379 [trainer.py] => memory_per_class: 0
2026-07-26 13:37:30,379 [trainer.py] => fixed_memory: False
2026-07-26 13:37:30,379 [trainer.py] => shuffle: True
2026-07-26 13:37:30,379 [trainer.py] => init_cls: 20
2026-07-26 13:37:30,379 [trainer.py] => increment: 20
2026-07-26 13:37:30,379 [trainer.py] => model_name: l2p
2026-07-26 13:37:30,380 [trainer.py] => backbone_type: clip
2026-07-26 13:37:30,380 [trainer.py] => get_original_backbone: True
2026-07-26 13:37:30,380 [trainer.py] => device: [device(type='cuda', index=2)]
2026-07-26 13:37:30,380 [trainer.py] => seed: 42
2026-07-26 13:37:30,380 [trainer.py] => tuned_epoch: 10
2026-07-26 13:37:30,380 [trainer.py] => init_lr: 0.001875
2026-07-26 13:37:30,380 [trainer.py] => batch_size: 16
2026-07-26 13:37:30,380 [trainer.py] => weight_decay: 0
2026-07-26 13:37:30,380 [trainer.py] => min_lr: 1e-05
2026-07-26 13:37:30,380 [trainer.py] => optimizer: adam
2026-07-26 13:37:30,380 [trainer.py] => scheduler: constant
2026-07-26 13:37:30,380 [trainer.py] => reinit_optimizer: True
2026-07-26 13:37:30,380 [trainer.py] => global_pool: token
2026-07-26 13:37:30,380 [trainer.py] => head_type: prompt
2026-07-26 13:37:30,380 [trainer.py] => freeze: ['blocks', 'patch_embed', 'cls_token', 'norm', 'pos_embed']
2026-07-26 13:37:30,380 [trainer.py] => pretrained: True
2026-07-26 13:37:30,380 [trainer.py] => drop: 0.0
2026-07-26 13:37:30,380 [trainer.py] => drop_path: 0.0
2026-07-26 13:37:30,381 [trainer.py] => prompt_pool: True
2026-07-26 13:37:30,381 [trainer.py] => size: 10
2026-07-26 13:37:30,381 [trainer.py] => length: 5
2026-07-26 13:37:30,381 [trainer.py] => top_k: 5
2026-07-26 13:37:30,381 [trainer.py] => initializer: uniform
2026-07-26 13:37:30,381 [trainer.py] => prompt_key: True
2026-07-26 13:37:30,381 [trainer.py] => prompt_key_init: uniform
2026-07-26 13:37:30,381 [trainer.py] => use_prompt_mask: False
2026-07-26 13:37:30,381 [trainer.py] => shared_prompt_pool: False
2026-07-26 13:37:30,381 [trainer.py] => shared_prompt_key: False
2026-07-26 13:37:30,381 [trainer.py] => batchwise_prompt: True
2026-07-26 13:37:30,381 [trainer.py] => embedding_key: cls
2026-07-26 13:37:30,381 [trainer.py] => predefined_key: 
2026-07-26 13:37:30,381 [trainer.py] => pull_constraint: True
2026-07-26 13:37:30,381 [trainer.py] => pull_constraint_coeff: 0.1
2026-07-26 13:37:30,381 [trainer.py] => nb_classes: 200
2026-07-26 13:37:30,381 [trainer.py] => total_class_num: 200
2026-07-26 13:37:31,089 [data_manager.py] => [95, 15, 30, 158, 128, 115, 69, 170, 174, 45, 66, 182, 165, 78, 186, 177, 56, 152, 82, 68, 124, 16, 148, 93, 65, 60, 84, 67, 125, 132, 9, 18, 55, 75, 150, 104, 135, 137, 164, 76, 79, 197, 38, 24, 122, 195, 29, 19, 143, 86, 114, 173, 5, 126, 117, 73, 140, 98, 172, 96, 169, 97, 31, 12, 35, 119, 42, 189, 90, 136, 51, 127, 162, 41, 118, 113, 26, 139, 100, 111, 2, 77, 46, 187, 191, 85, 161, 36, 190, 61, 22, 141, 101, 33, 11, 194, 159, 6, 27, 120, 4, 32, 142, 145, 109, 144, 10, 62, 112, 146, 166, 0, 198, 153, 70, 123, 64, 44, 163, 28, 40, 108, 155, 156, 25, 23, 184, 147, 81, 39, 168, 47, 94, 154, 43, 138, 3, 105, 53, 133, 180, 178, 185, 49, 80, 34, 7, 110, 91, 83, 176, 181, 89, 8, 13, 59, 171, 131, 17, 72, 175, 134, 167, 183, 63, 54, 107, 50, 196, 58, 48, 88, 21, 57, 160, 192, 129, 37, 157, 193, 1, 52, 149, 130, 151, 103, 99, 116, 87, 74, 121, 199, 20, 188, 71, 106, 14, 92, 179, 102]
2026-07-26 13:37:31,176 [factory.py] => Loaded ViT-B-16 model config.
2026-07-26 13:37:32,534 [factory.py] => Loading pretrained ViT-B-16 weights (/public/home/hanlida/Dr.1/pretrained_models/open_clip_pytorch_model_laion400m_e32.bin).
2026-07-26 13:37:37,312 [l2p.py] => 86,509,256 model total parameters.
2026-07-26 13:37:37,312 [l2p.py] => 146,120 model training parameters.
2026-07-26 13:37:37,313 [l2p.py] => prompt.prompt: 38400
2026-07-26 13:37:37,313 [l2p.py] => prompt.prompt_key: 5120
2026-07-26 13:37:37,313 [l2p.py] => head.weight: 102400
2026-07-26 13:37:37,313 [l2p.py] => head.bias: 200
2026-07-26 13:37:37,313 [l2p.py] => Learning on 0-20
2026-07-26 13:47:42,400 [l2p.py] => Task 0, Epoch 10/10 => Loss -0.240, Train_accy 100.00, Test_accy 95.19
2026-07-26 13:47:50,454 [trainer.py] => CNN: {'total': 95.19, '00-09': 95.49, '10-19': 94.94, 'old': 0, 'new': 95.19, 'harmonic': 0.0}
2026-07-26 13:47:50,454 [trainer.py] => CNN top1 curve: [95.19]
2026-07-26 13:47:50,454 [trainer.py] => CNN top5 curve: [99.38]
2026-07-26 13:47:50,454 [trainer.py] => Average Accuracy (CNN top1): 95.19
2026-07-26 13:47:50,455 [l2p.py] => Learning on 20-40
2026-07-26 13:58:26,508 [l2p.py] => Task 1, Epoch 10/10 => Loss -0.231, Train_accy 99.88, Test_accy 89.47
2026-07-26 13:58:42,486 [trainer.py] => CNN: {'total': 89.47, '00-09': 91.32, '10-19': 90.73, '20-29': 84.38, '30-39': 90.4, 'old': 90.99, 'new': 87.87, 'harmonic': 89.4}
2026-07-26 13:58:42,486 [trainer.py] => CNN top1 curve: [95.19, 89.47]
2026-07-26 13:58:42,486 [trainer.py] => CNN top5 curve: [99.38, 98.64]
2026-07-26 13:58:42,486 [trainer.py] => Average Accuracy (CNN top1): 92.33
2026-07-26 13:58:42,486 [l2p.py] => Learning on 40-60
2026-07-26 14:10:18,917 [l2p.py] => Task 2, Epoch 10/10 => Loss -0.231, Train_accy 99.91, Test_accy 83.85
2026-07-26 14:10:42,625 [trainer.py] => CNN: {'total': 83.85, '00-09': 89.93, '10-19': 89.04, '20-29': 80.47, '30-39': 88.14, '40-49': 74.38, '50-59': 79.94, 'old': 87.24, 'new': 77.13, 'harmonic': 81.87}
2026-07-26 14:10:42,625 [trainer.py] => CNN top1 curve: [95.19, 89.47, 83.85]
2026-07-26 14:10:42,625 [trainer.py] => CNN top5 curve: [99.38, 98.64, 97.51]
2026-07-26 14:10:42,625 [trainer.py] => Average Accuracy (CNN top1): 89.50333333333333
2026-07-26 14:10:42,625 [l2p.py] => Learning on 60-80
2026-07-26 14:24:40,395 [l2p.py] => Task 3, Epoch 10/10 => Loss -0.239, Train_accy 99.88, Test_accy 83.38
2026-07-26 14:25:12,483 [trainer.py] => CNN: {'total': 83.38, '00-09': 89.24, '10-19': 88.76, '20-29': 78.52, '30-39': 88.42, '40-49': 75.94, '50-59': 78.66, '60-69': 82.54, '70-79': 83.33, 'old': 83.53, 'new': 82.93, 'harmonic': 83.23}
2026-07-26 14:25:12,511 [trainer.py] => CNN top1 curve: [95.19, 89.47, 83.85, 83.38]
2026-07-26 14:25:12,511 [trainer.py] => CNN top5 curve: [99.38, 98.64, 97.51, 96.73]
2026-07-26 14:25:12,511 [trainer.py] => Average Accuracy (CNN top1): 87.9725
2026-07-26 14:25:12,511 [l2p.py] => Learning on 80-100
2026-07-26 14:41:33,923 [l2p.py] => Task 4, Epoch 10/10 => Loss -0.254, Train_accy 100.00, Test_accy 81.11
2026-07-26 14:42:13,178 [trainer.py] => CNN: {'total': 81.11, '00-09': 88.19, '10-19': 87.64, '20-29': 76.95, '30-39': 87.01, '40-49': 73.12, '50-59': 76.43, '60-69': 83.49, '70-79': 82.35, '80-89': 78.23, '90-99': 77.26, 'old': 82.1, 'new': 77.66, 'harmonic': 79.82}
2026-07-26 14:42:13,179 [trainer.py] => CNN top1 curve: [95.19, 89.47, 83.85, 83.38, 81.11]
2026-07-26 14:42:13,179 [trainer.py] => CNN top5 curve: [99.38, 98.64, 97.51, 96.73, 96.01]
2026-07-26 14:42:13,179 [trainer.py] => Average Accuracy (CNN top1): 86.6
2026-07-26 14:42:13,179 [l2p.py] => Learning on 100-120
2026-07-26 14:57:36,915 [l2p.py] => Task 5, Epoch 10/10 => Loss -0.245, Train_accy 99.96, Test_accy 79.91
2026-07-26 14:58:24,617 [trainer.py] => CNN: {'total': 79.91, '00-09': 87.5, '10-19': 86.8, '20-29': 79.69, '30-39': 87.85, '40-49': 73.12, '50-59': 76.11, '60-69': 82.54, '70-79': 79.74, '80-89': 76.87, '90-99': 74.71, '100-109': 69.78, '110-119': 81.88, 'old': 80.43, 'new': 76.78, 'harmonic': 78.56}
2026-07-26 14:58:24,617 [trainer.py] => CNN top1 curve: [95.19, 89.47, 83.85, 83.38, 81.11, 79.91]
2026-07-26 14:58:24,617 [trainer.py] => CNN top5 curve: [99.38, 98.64, 97.51, 96.73, 96.01, 95.44]
2026-07-26 14:58:24,617 [trainer.py] => Average Accuracy (CNN top1): 85.485
2026-07-26 14:58:24,617 [l2p.py] => Learning on 120-140
2026-07-26 15:13:58,930 [l2p.py] => Task 6, Epoch 10/10 => Loss -0.243, Train_accy 99.95, Test_accy 75.46
2026-07-26 15:14:53,587 [trainer.py] => CNN: {'total': 75.46, '00-09': 84.03, '10-19': 85.39, '20-29': 75.39, '30-39': 87.01, '40-49': 70.62, '50-59': 75.16, '60-69': 81.27, '70-79': 80.72, '80-89': 75.51, '90-99': 70.77, '100-109': 68.44, '110-119': 81.23, '120-129': 59.92, '130-139': 52.35, 'old': 78.13, 'new': 55.84, 'harmonic': 65.13}
2026-07-26 15:14:53,613 [trainer.py] => CNN top1 curve: [95.19, 89.47, 83.85, 83.38, 81.11, 79.91, 75.46]
2026-07-26 15:14:53,614 [trainer.py] => CNN top5 curve: [99.38, 98.64, 97.51, 96.73, 96.01, 95.44, 95.07]
2026-07-26 15:14:53,614 [trainer.py] => Average Accuracy (CNN top1): 84.05285714285715
2026-07-26 15:14:53,614 [l2p.py] => Learning on 140-160
2026-07-26 15:32:42,715 [l2p.py] => Task 7, Epoch 10/10 => Loss -0.255, Train_accy 99.92, Test_accy 73.75
2026-07-26 15:33:46,248 [trainer.py] => CNN: {'total': 73.75, '00-09': 86.11, '10-19': 85.11, '20-29': 76.56, '30-39': 87.57, '40-49': 70.0, '50-59': 74.52, '60-69': 79.37, '70-79': 79.08, '80-89': 75.85, '90-99': 70.77, '100-109': 65.78, '110-119': 81.88, '120-129': 58.65, '130-139': 46.93, '140-149': 67.15, '150-159': 64.24, 'old': 74.85, 'new': 65.63, 'harmonic': 69.94}
2026-07-26 15:33:46,271 [trainer.py] => CNN top1 curve: [95.19, 89.47, 83.85, 83.38, 81.11, 79.91, 75.46, 73.75]
2026-07-26 15:33:46,271 [trainer.py] => CNN top5 curve: [99.38, 98.64, 97.51, 96.73, 96.01, 95.44, 95.07, 94.69]
2026-07-26 15:33:46,271 [trainer.py] => Average Accuracy (CNN top1): 82.765
2026-07-26 15:33:46,271 [l2p.py] => Learning on 160-180
2026-07-26 15:54:07,252 [l2p.py] => Task 8, Epoch 10/10 => Loss -0.248, Train_accy 99.96, Test_accy 73.52
2026-07-26 15:55:15,428 [trainer.py] => CNN: {'total': 73.52, '00-09': 87.5, '10-19': 85.39, '20-29': 77.34, '30-39': 85.88, '40-49': 71.25, '50-59': 75.16, '60-69': 79.37, '70-79': 80.72, '80-89': 72.11, '90-99': 72.85, '100-109': 66.67, '110-119': 80.58, '120-129': 61.18, '130-139': 49.82, '140-149': 66.43, '150-159': 65.56, '160-169': 68.12, '170-179': 67.51, 'old': 74.24, 'new': 67.8, 'harmonic': 70.87}
2026-07-26 15:55:15,461 [trainer.py] => CNN top1 curve: [95.19, 89.47, 83.85, 83.38, 81.11, 79.91, 75.46, 73.75, 73.52]
2026-07-26 15:55:15,461 [trainer.py] => CNN top5 curve: [99.38, 98.64, 97.51, 96.73, 96.01, 95.44, 95.07, 94.69, 93.64]
2026-07-26 15:55:15,461 [trainer.py] => Average Accuracy (CNN top1): 81.73777777777778
2026-07-26 15:55:15,461 [l2p.py] => Learning on 180-200
2026-07-26 16:15:22,704 [l2p.py] => Task 9, Epoch 10/10 => Loss -0.256, Train_accy 100.00, Test_accy 71.52
2026-07-26 16:16:38,161 [trainer.py] => CNN: {'total': 71.52, '00-09': 86.11, '10-19': 84.55, '20-29': 76.95, '30-39': 85.59, '40-49': 69.38, '50-59': 73.57, '60-69': 80.95, '70-79': 80.39, '80-89': 74.15, '90-99': 73.78, '100-109': 63.11, '110-119': 78.96, '120-129': 59.07, '130-139': 50.18, '140-149': 67.51, '150-159': 62.91, '160-169': 66.44, '170-179': 66.56, '180-189': 50.0, '190-199': 63.54, 'old': 72.86, 'new': 57.44, 'harmonic': 64.24}
2026-07-26 16:16:38,189 [trainer.py] => CNN top1 curve: [95.19, 89.47, 83.85, 83.38, 81.11, 79.91, 75.46, 73.75, 73.52, 71.52]
2026-07-26 16:16:38,189 [trainer.py] => CNN top5 curve: [99.38, 98.64, 97.51, 96.73, 96.01, 95.44, 95.07, 94.69, 93.64, 93.0]
2026-07-26 16:16:38,190 [trainer.py] => Average Accuracy (CNN top1): 80.716
