2026-07-29 12:19:43,547 [trainer.py] => config: ./configs/l2p/l2p_objectnet_B100_Inc20.json
2026-07-29 12:19:43,547 [trainer.py] => prefix:  
2026-07-29 12:19:43,547 [trainer.py] => dataset: objectnet
2026-07-29 12:19:43,548 [trainer.py] => memory_size: 0
2026-07-29 12:19:43,548 [trainer.py] => memory_per_class: 0
2026-07-29 12:19:43,548 [trainer.py] => fixed_memory: False
2026-07-29 12:19:43,548 [trainer.py] => shuffle: True
2026-07-29 12:19:43,548 [trainer.py] => init_cls: 100
2026-07-29 12:19:43,548 [trainer.py] => increment: 20
2026-07-29 12:19:43,548 [trainer.py] => model_name: l2p
2026-07-29 12:19:43,548 [trainer.py] => backbone_type: clip
2026-07-29 12:19:43,548 [trainer.py] => get_original_backbone: True
2026-07-29 12:19:43,549 [trainer.py] => device: [device(type='cuda', index=0)]
2026-07-29 12:19:43,549 [trainer.py] => seed: 42
2026-07-29 12:19:43,549 [trainer.py] => tuned_epoch: 10
2026-07-29 12:19:43,549 [trainer.py] => init_lr: 0.001875
2026-07-29 12:19:43,549 [trainer.py] => batch_size: 16
2026-07-29 12:19:43,549 [trainer.py] => weight_decay: 0
2026-07-29 12:19:43,549 [trainer.py] => min_lr: 1e-05
2026-07-29 12:19:43,549 [trainer.py] => optimizer: adam
2026-07-29 12:19:43,549 [trainer.py] => scheduler: constant
2026-07-29 12:19:43,549 [trainer.py] => reinit_optimizer: True
2026-07-29 12:19:43,550 [trainer.py] => global_pool: token
2026-07-29 12:19:43,550 [trainer.py] => head_type: prompt
2026-07-29 12:19:43,550 [trainer.py] => freeze: ['blocks', 'patch_embed', 'cls_token', 'norm', 'pos_embed']
2026-07-29 12:19:43,550 [trainer.py] => pretrained: True
2026-07-29 12:19:43,550 [trainer.py] => drop: 0.0
2026-07-29 12:19:43,550 [trainer.py] => drop_path: 0.0
2026-07-29 12:19:43,550 [trainer.py] => prompt_pool: True
2026-07-29 12:19:43,550 [trainer.py] => size: 10
2026-07-29 12:19:43,550 [trainer.py] => length: 5
2026-07-29 12:19:43,550 [trainer.py] => top_k: 5
2026-07-29 12:19:43,550 [trainer.py] => initializer: uniform
2026-07-29 12:19:43,551 [trainer.py] => prompt_key: True
2026-07-29 12:19:43,551 [trainer.py] => prompt_key_init: uniform
2026-07-29 12:19:43,551 [trainer.py] => use_prompt_mask: False
2026-07-29 12:19:43,551 [trainer.py] => shared_prompt_pool: False
2026-07-29 12:19:43,551 [trainer.py] => shared_prompt_key: False
2026-07-29 12:19:43,551 [trainer.py] => batchwise_prompt: True
2026-07-29 12:19:43,551 [trainer.py] => embedding_key: cls
2026-07-29 12:19:43,551 [trainer.py] => predefined_key: 
2026-07-29 12:19:43,551 [trainer.py] => pull_constraint: True
2026-07-29 12:19:43,551 [trainer.py] => pull_constraint_coeff: 0.1
2026-07-29 12:19:43,552 [trainer.py] => nb_classes: 200
2026-07-29 12:19:43,552 [trainer.py] => total_class_num: 200
2026-07-29 12:19:44,287 [data_manager.py] => [95, 15, 30, 158, 128, 115, 69, 170, 174, 45, 66, 182, 165, 78, 186, 177, 56, 152, 82, 68, 124, 16, 148, 93, 65, 60, 84, 67, 125, 132, 9, 18, 55, 75, 150, 104, 135, 137, 164, 76, 79, 197, 38, 24, 122, 195, 29, 19, 143, 86, 114, 173, 5, 126, 117, 73, 140, 98, 172, 96, 169, 97, 31, 12, 35, 119, 42, 189, 90, 136, 51, 127, 162, 41, 118, 113, 26, 139, 100, 111, 2, 77, 46, 187, 191, 85, 161, 36, 190, 61, 22, 141, 101, 33, 11, 194, 159, 6, 27, 120, 4, 32, 142, 145, 109, 144, 10, 62, 112, 146, 166, 0, 198, 153, 70, 123, 64, 44, 163, 28, 40, 108, 155, 156, 25, 23, 184, 147, 81, 39, 168, 47, 94, 154, 43, 138, 3, 105, 53, 133, 180, 178, 185, 49, 80, 34, 7, 110, 91, 83, 176, 181, 89, 8, 13, 59, 171, 131, 17, 72, 175, 134, 167, 183, 63, 54, 107, 50, 196, 58, 48, 88, 21, 57, 160, 192, 129, 37, 157, 193, 1, 52, 149, 130, 151, 103, 99, 116, 87, 74, 121, 199, 20, 188, 71, 106, 14, 92, 179, 102]
2026-07-29 12:19:44,464 [factory.py] => Loaded ViT-B-16 model config.
2026-07-29 12:19:45,995 [factory.py] => Loading pretrained ViT-B-16 weights (/public/home/hanlida/Dr.1/pretrained_models/open_clip_pytorch_model_laion400m_e32.bin).
2026-07-29 12:19:50,054 [l2p.py] => 86,509,256 model total parameters.
2026-07-29 12:19:50,054 [l2p.py] => 146,120 model training parameters.
2026-07-29 12:19:50,055 [l2p.py] => prompt.prompt: 38400
2026-07-29 12:19:50,055 [l2p.py] => prompt.prompt_key: 5120
2026-07-29 12:19:50,055 [l2p.py] => head.weight: 102400
2026-07-29 12:19:50,055 [l2p.py] => head.bias: 200
2026-07-29 12:19:50,055 [l2p.py] => Learning on 0-100
2026-07-29 13:16:18,911 [l2p.py] => Task 0, Epoch 10/10 => Loss 0.041, Train_accy 90.41, Test_accy 65.27
2026-07-29 13:17:20,928 [trainer.py] => CNN: {'total': 65.27, '00-09': 61.09, '10-19': 69.03, '20-29': 75.65, '30-39': 66.01, '40-49': 63.61, '50-59': 67.8, '60-69': 61.84, '70-79': 67.31, '80-89': 54.79, '90-99': 65.29, 'old': 0, 'new': 65.27, 'harmonic': 0.0}
2026-07-29 13:17:20,962 [trainer.py] => CNN top1 curve: [65.27]
2026-07-29 13:17:20,962 [trainer.py] => CNN top5 curve: [88.01]
2026-07-29 13:17:20,962 [trainer.py] => Average Accuracy (CNN top1): 65.27
2026-07-29 13:17:20,962 [l2p.py] => Learning on 100-120
2026-07-29 13:40:52,548 [l2p.py] => Task 1, Epoch 10/10 => Loss -0.102, Train_accy 94.47, Test_accy 59.30
2026-07-29 13:42:08,352 [trainer.py] => CNN: {'total': 59.3, '00-09': 57.56, '10-19': 63.87, '20-29': 72.46, '30-39': 65.35, '40-49': 56.11, '50-59': 65.33, '60-69': 61.51, '70-79': 65.7, '80-89': 53.59, '90-99': 65.56, '100-109': 45.54, '110-119': 41.13, 'old': 62.69, 'new': 43.27, 'harmonic': 51.2}
2026-07-29 13:42:08,367 [trainer.py] => CNN top1 curve: [65.27, 59.3]
2026-07-29 13:42:08,367 [trainer.py] => CNN top5 curve: [88.01, 84.42]
2026-07-29 13:42:08,367 [trainer.py] => Average Accuracy (CNN top1): 62.285
2026-07-29 13:42:08,367 [l2p.py] => Learning on 120-140
2026-07-29 14:07:25,650 [l2p.py] => Task 2, Epoch 10/10 => Loss -0.104, Train_accy 93.45, Test_accy 55.14
2026-07-29 14:08:58,547 [trainer.py] => CNN: {'total': 55.14, '00-09': 58.2, '10-19': 69.03, '20-29': 71.59, '30-39': 61.06, '40-49': 55.28, '50-59': 65.94, '60-69': 61.18, '70-79': 65.37, '80-89': 54.19, '90-99': 62.53, '100-109': 42.56, '110-119': 40.28, '120-129': 24.56, '130-139': 43.79, 'old': 58.71, 'new': 33.89, 'harmonic': 42.97}
2026-07-29 14:08:58,572 [trainer.py] => CNN top1 curve: [65.27, 59.3, 55.14]
2026-07-29 14:08:58,572 [trainer.py] => CNN top5 curve: [88.01, 84.42, 82.22]
2026-07-29 14:08:58,572 [trainer.py] => Average Accuracy (CNN top1): 59.90333333333333
2026-07-29 14:08:58,572 [l2p.py] => Learning on 140-160
2026-07-29 14:36:06,351 [l2p.py] => Task 3, Epoch 10/10 => Loss -0.224, Train_accy 97.93, Test_accy 51.55
2026-07-29 14:37:44,775 [trainer.py] => CNN: {'total': 51.55, '00-09': 60.13, '10-19': 70.0, '20-29': 68.7, '30-39': 63.7, '40-49': 55.28, '50-59': 61.3, '60-69': 59.87, '70-79': 67.31, '80-89': 52.4, '90-99': 61.71, '100-109': 39.58, '110-119': 41.13, '120-129': 19.88, '130-139': 41.61, '140-149': 38.95, '150-159': 27.41, 'old': 54.17, 'new': 33.38, 'harmonic': 41.31}
2026-07-29 14:37:44,804 [trainer.py] => CNN top1 curve: [65.27, 59.3, 55.14, 51.55]
2026-07-29 14:37:44,804 [trainer.py] => CNN top5 curve: [88.01, 84.42, 82.22, 81.26]
2026-07-29 14:37:44,804 [trainer.py] => Average Accuracy (CNN top1): 57.815
2026-07-29 14:37:44,804 [l2p.py] => Learning on 160-180
2026-07-29 15:07:12,291 [l2p.py] => Task 4, Epoch 10/10 => Loss -0.172, Train_accy 96.48, Test_accy 49.19
2026-07-29 15:09:11,716 [trainer.py] => CNN: {'total': 49.19, '00-09': 59.81, '10-19': 67.42, '20-29': 71.3, '30-39': 63.37, '40-49': 56.67, '50-59': 59.75, '60-69': 59.87, '70-79': 68.93, '80-89': 53.89, '90-99': 62.26, '100-109': 38.39, '110-119': 39.44, '120-129': 21.93, '130-139': 41.61, '140-149': 31.98, '150-159': 28.04, '160-169': 32.72, '170-179': 32.76, 'old': 51.29, 'new': 32.74, 'harmonic': 39.97}
2026-07-29 15:09:11,732 [trainer.py] => CNN top1 curve: [65.27, 59.3, 55.14, 51.55, 49.19]
2026-07-29 15:09:11,732 [trainer.py] => CNN top5 curve: [88.01, 84.42, 82.22, 81.26, 79.02]
2026-07-29 15:09:11,733 [trainer.py] => Average Accuracy (CNN top1): 56.089999999999996
2026-07-29 15:09:11,733 [l2p.py] => Learning on 180-200
2026-07-29 15:42:09,621 [l2p.py] => Task 5, Epoch 10/10 => Loss -0.203, Train_accy 96.95, Test_accy 47.28
2026-07-29 15:44:24,463 [trainer.py] => CNN: {'total': 47.28, '00-09': 65.27, '10-19': 69.35, '20-29': 67.54, '30-39': 63.04, '40-49': 56.67, '50-59': 63.47, '60-69': 60.2, '70-79': 66.99, '80-89': 51.8, '90-99': 62.26, '100-109': 42.26, '110-119': 40.28, '120-129': 19.88, '130-139': 39.13, '140-149': 32.85, '150-159': 26.48, '160-169': 31.17, '170-179': 33.62, '180-189': 31.79, '190-199': 27.38, 'old': 49.29, 'new': 29.51, 'harmonic': 36.92}
2026-07-29 15:44:24,489 [trainer.py] => CNN top1 curve: [65.27, 59.3, 55.14, 51.55, 49.19, 47.28]
2026-07-29 15:44:24,489 [trainer.py] => CNN top5 curve: [88.01, 84.42, 82.22, 81.26, 79.02, 77.84]
2026-07-29 15:44:24,489 [trainer.py] => Average Accuracy (CNN top1): 54.62166666666667
