2026-07-29 00:54:37,434 [trainer.py] => config: ./configs/l2p/l2p_objectnet_B0_Inc20.json
2026-07-29 00:54:37,435 [trainer.py] => prefix:  
2026-07-29 00:54:37,435 [trainer.py] => dataset: objectnet
2026-07-29 00:54:37,435 [trainer.py] => memory_size: 0
2026-07-29 00:54:37,435 [trainer.py] => memory_per_class: 0
2026-07-29 00:54:37,435 [trainer.py] => fixed_memory: False
2026-07-29 00:54:37,435 [trainer.py] => shuffle: True
2026-07-29 00:54:37,435 [trainer.py] => init_cls: 20
2026-07-29 00:54:37,435 [trainer.py] => increment: 20
2026-07-29 00:54:37,435 [trainer.py] => model_name: l2p
2026-07-29 00:54:37,435 [trainer.py] => backbone_type: clip
2026-07-29 00:54:37,435 [trainer.py] => get_original_backbone: True
2026-07-29 00:54:37,435 [trainer.py] => device: [device(type='cuda', index=0)]
2026-07-29 00:54:37,435 [trainer.py] => seed: 42
2026-07-29 00:54:37,435 [trainer.py] => tuned_epoch: 10
2026-07-29 00:54:37,436 [trainer.py] => init_lr: 0.001875
2026-07-29 00:54:37,436 [trainer.py] => batch_size: 16
2026-07-29 00:54:37,436 [trainer.py] => weight_decay: 0
2026-07-29 00:54:37,436 [trainer.py] => min_lr: 1e-05
2026-07-29 00:54:37,436 [trainer.py] => optimizer: adam
2026-07-29 00:54:37,436 [trainer.py] => scheduler: constant
2026-07-29 00:54:37,436 [trainer.py] => reinit_optimizer: True
2026-07-29 00:54:37,436 [trainer.py] => global_pool: token
2026-07-29 00:54:37,436 [trainer.py] => head_type: prompt
2026-07-29 00:54:37,436 [trainer.py] => freeze: ['blocks', 'patch_embed', 'cls_token', 'norm', 'pos_embed']
2026-07-29 00:54:37,436 [trainer.py] => pretrained: True
2026-07-29 00:54:37,436 [trainer.py] => drop: 0.0
2026-07-29 00:54:37,436 [trainer.py] => drop_path: 0.0
2026-07-29 00:54:37,436 [trainer.py] => prompt_pool: True
2026-07-29 00:54:37,436 [trainer.py] => size: 10
2026-07-29 00:54:37,436 [trainer.py] => length: 5
2026-07-29 00:54:37,437 [trainer.py] => top_k: 5
2026-07-29 00:54:37,437 [trainer.py] => initializer: uniform
2026-07-29 00:54:37,437 [trainer.py] => prompt_key: True
2026-07-29 00:54:37,437 [trainer.py] => prompt_key_init: uniform
2026-07-29 00:54:37,437 [trainer.py] => use_prompt_mask: False
2026-07-29 00:54:37,437 [trainer.py] => shared_prompt_pool: False
2026-07-29 00:54:37,437 [trainer.py] => shared_prompt_key: False
2026-07-29 00:54:37,437 [trainer.py] => batchwise_prompt: True
2026-07-29 00:54:37,437 [trainer.py] => embedding_key: cls
2026-07-29 00:54:37,437 [trainer.py] => predefined_key: 
2026-07-29 00:54:37,437 [trainer.py] => pull_constraint: True
2026-07-29 00:54:37,437 [trainer.py] => pull_constraint_coeff: 0.1
2026-07-29 00:54:37,437 [trainer.py] => nb_classes: 200
2026-07-29 00:54:37,437 [trainer.py] => total_class_num: 200
2026-07-29 00:54:38,062 [data_manager.py] => [95, 15, 30, 158, 128, 115, 69, 170, 174, 45, 66, 182, 165, 78, 186, 177, 56, 152, 82, 68, 124, 16, 148, 93, 65, 60, 84, 67, 125, 132, 9, 18, 55, 75, 150, 104, 135, 137, 164, 76, 79, 197, 38, 24, 122, 195, 29, 19, 143, 86, 114, 173, 5, 126, 117, 73, 140, 98, 172, 96, 169, 97, 31, 12, 35, 119, 42, 189, 90, 136, 51, 127, 162, 41, 118, 113, 26, 139, 100, 111, 2, 77, 46, 187, 191, 85, 161, 36, 190, 61, 22, 141, 101, 33, 11, 194, 159, 6, 27, 120, 4, 32, 142, 145, 109, 144, 10, 62, 112, 146, 166, 0, 198, 153, 70, 123, 64, 44, 163, 28, 40, 108, 155, 156, 25, 23, 184, 147, 81, 39, 168, 47, 94, 154, 43, 138, 3, 105, 53, 133, 180, 178, 185, 49, 80, 34, 7, 110, 91, 83, 176, 181, 89, 8, 13, 59, 171, 131, 17, 72, 175, 134, 167, 183, 63, 54, 107, 50, 196, 58, 48, 88, 21, 57, 160, 192, 129, 37, 157, 193, 1, 52, 149, 130, 151, 103, 99, 116, 87, 74, 121, 199, 20, 188, 71, 106, 14, 92, 179, 102]
2026-07-29 00:54:38,162 [factory.py] => Loaded ViT-B-16 model config.
2026-07-29 00:54:39,413 [factory.py] => Loading pretrained ViT-B-16 weights (/public/home/hanlida/Dr.1/pretrained_models/open_clip_pytorch_model_laion400m_e32.bin).
2026-07-29 00:54:44,279 [l2p.py] => 86,509,256 model total parameters.
2026-07-29 00:54:44,281 [l2p.py] => 146,120 model training parameters.
2026-07-29 00:54:44,281 [l2p.py] => prompt.prompt: 38400
2026-07-29 00:54:44,281 [l2p.py] => prompt.prompt_key: 5120
2026-07-29 00:54:44,281 [l2p.py] => head.weight: 102400
2026-07-29 00:54:44,281 [l2p.py] => head.bias: 200
2026-07-29 00:54:44,281 [l2p.py] => Learning on 0-20
2026-07-29 01:06:05,953 [l2p.py] => Task 0, Epoch 10/10 => Loss -0.169, Train_accy 96.71, Test_accy 81.64
2026-07-29 01:06:20,345 [trainer.py] => CNN: {'total': 81.64, '00-09': 79.42, '10-19': 83.87, 'old': 0, 'new': 81.64, 'harmonic': 0.0}
2026-07-29 01:06:20,373 [trainer.py] => CNN top1 curve: [81.64]
2026-07-29 01:06:20,373 [trainer.py] => CNN top5 curve: [96.46]
2026-07-29 01:06:20,373 [trainer.py] => Average Accuracy (CNN top1): 81.64
2026-07-29 01:06:20,373 [l2p.py] => Learning on 20-40
2026-07-29 01:20:48,678 [l2p.py] => Task 1, Epoch 10/10 => Loss -0.203, Train_accy 97.57, Test_accy 74.23
2026-07-29 01:21:18,041 [trainer.py] => CNN: {'total': 74.23, '00-09': 65.59, '10-19': 68.71, '20-29': 84.93, '30-39': 76.57, 'old': 67.15, 'new': 81.02, 'harmonic': 73.44}
2026-07-29 01:21:18,077 [trainer.py] => CNN top1 curve: [81.64, 74.23]
2026-07-29 01:21:18,078 [trainer.py] => CNN top5 curve: [96.46, 94.88]
2026-07-29 01:21:18,078 [trainer.py] => Average Accuracy (CNN top1): 77.935
2026-07-29 01:21:18,078 [l2p.py] => Learning on 40-60
2026-07-29 01:38:47,771 [l2p.py] => Task 2, Epoch 10/10 => Loss -0.166, Train_accy 96.47, Test_accy 67.47
2026-07-29 01:39:31,767 [trainer.py] => CNN: {'total': 67.47, '00-09': 66.88, '10-19': 64.19, '20-29': 79.42, '30-39': 67.0, '40-49': 61.94, '50-59': 65.02, 'old': 69.66, 'new': 63.4, 'harmonic': 66.38}
2026-07-29 01:39:31,807 [trainer.py] => CNN top1 curve: [81.64, 74.23, 67.47]
2026-07-29 01:39:31,807 [trainer.py] => CNN top5 curve: [96.46, 94.88, 91.6]
2026-07-29 01:39:31,807 [trainer.py] => Average Accuracy (CNN top1): 74.44666666666667
2026-07-29 01:39:31,808 [l2p.py] => Learning on 60-80
2026-07-29 01:57:53,492 [l2p.py] => Task 3, Epoch 10/10 => Loss -0.188, Train_accy 97.09, Test_accy 63.51
2026-07-29 01:58:50,360 [trainer.py] => CNN: {'total': 63.51, '00-09': 63.99, '10-19': 64.52, '20-29': 77.97, '30-39': 64.69, '40-49': 57.78, '50-59': 61.61, '60-69': 56.25, '70-79': 60.52, 'old': 65.11, 'new': 58.4, 'harmonic': 61.57}
2026-07-29 01:58:50,392 [trainer.py] => CNN top1 curve: [81.64, 74.23, 67.47, 63.51]
2026-07-29 01:58:50,392 [trainer.py] => CNN top5 curve: [96.46, 94.88, 91.6, 88.65]
2026-07-29 01:58:50,392 [trainer.py] => Average Accuracy (CNN top1): 71.7125
2026-07-29 01:58:50,392 [l2p.py] => Learning on 80-100
2026-07-29 02:20:49,540 [l2p.py] => Task 4, Epoch 10/10 => Loss -0.114, Train_accy 93.77, Test_accy 59.35
2026-07-29 02:21:59,926 [trainer.py] => CNN: {'total': 59.35, '00-09': 61.74, '10-19': 61.29, '20-29': 73.04, '30-39': 65.35, '40-49': 54.72, '50-59': 60.68, '60-69': 53.62, '70-79': 61.17, '80-89': 52.1, '90-99': 50.96, 'old': 61.48, 'new': 51.51, 'harmonic': 56.06}
2026-07-29 02:21:59,959 [trainer.py] => CNN top1 curve: [81.64, 74.23, 67.47, 63.51, 59.35]
2026-07-29 02:21:59,959 [trainer.py] => CNN top5 curve: [96.46, 94.88, 91.6, 88.65, 86.76]
2026-07-29 02:21:59,960 [trainer.py] => Average Accuracy (CNN top1): 69.24000000000001
2026-07-29 02:21:59,960 [l2p.py] => Learning on 100-120
2026-07-29 02:46:27,363 [l2p.py] => Task 5, Epoch 10/10 => Loss -0.137, Train_accy 94.82, Test_accy 56.82
2026-07-29 02:47:54,127 [trainer.py] => CNN: {'total': 56.82, '00-09': 64.95, '10-19': 55.81, '20-29': 74.78, '30-39': 63.04, '40-49': 54.17, '50-59': 60.37, '60-69': 52.63, '70-79': 58.25, '80-89': 44.61, '90-99': 52.34, '100-109': 52.38, '110-119': 49.86, 'old': 58.03, 'new': 51.09, 'harmonic': 54.34}
2026-07-29 02:47:54,163 [trainer.py] => CNN top1 curve: [81.64, 74.23, 67.47, 63.51, 59.35, 56.82]
2026-07-29 02:47:54,163 [trainer.py] => CNN top5 curve: [96.46, 94.88, 91.6, 88.65, 86.76, 84.24]
2026-07-29 02:47:54,163 [trainer.py] => Average Accuracy (CNN top1): 67.17
2026-07-29 02:47:54,164 [l2p.py] => Learning on 120-140
2026-07-29 03:14:36,662 [l2p.py] => Task 6, Epoch 10/10 => Loss -0.125, Train_accy 94.47, Test_accy 52.80
2026-07-29 03:16:17,559 [trainer.py] => CNN: {'total': 52.8, '00-09': 59.16, '10-19': 56.13, '20-29': 71.59, '30-39': 59.74, '40-49': 52.5, '50-59': 55.73, '60-69': 50.0, '70-79': 58.58, '80-89': 46.41, '90-99': 46.56, '100-109': 51.19, '110-119': 43.94, '120-129': 35.09, '130-139': 55.28, 'old': 54.14, 'new': 44.88, 'harmonic': 49.08}
2026-07-29 03:16:17,589 [trainer.py] => CNN top1 curve: [81.64, 74.23, 67.47, 63.51, 59.35, 56.82, 52.8]
2026-07-29 03:16:17,590 [trainer.py] => CNN top5 curve: [96.46, 94.88, 91.6, 88.65, 86.76, 84.24, 81.83]
2026-07-29 03:16:17,590 [trainer.py] => Average Accuracy (CNN top1): 65.11714285714287
2026-07-29 03:16:17,590 [l2p.py] => Learning on 140-160
2026-07-29 03:44:42,324 [l2p.py] => Task 7, Epoch 10/10 => Loss -0.228, Train_accy 97.89, Test_accy 51.42
2026-07-29 03:46:33,538 [trainer.py] => CNN: {'total': 51.42, '00-09': 57.56, '10-19': 57.74, '20-29': 70.72, '30-39': 55.45, '40-49': 51.39, '50-59': 53.56, '60-69': 52.63, '70-79': 55.02, '80-89': 45.51, '90-99': 45.73, '100-109': 50.89, '110-119': 44.51, '120-129': 33.63, '130-139': 52.8, '140-149': 54.36, '150-159': 43.3, 'old': 51.77, 'new': 49.02, 'harmonic': 50.36}
2026-07-29 03:46:33,566 [trainer.py] => CNN top1 curve: [81.64, 74.23, 67.47, 63.51, 59.35, 56.82, 52.8, 51.42]
2026-07-29 03:46:33,566 [trainer.py] => CNN top5 curve: [96.46, 94.88, 91.6, 88.65, 86.76, 84.24, 81.83, 80.5]
2026-07-29 03:46:33,566 [trainer.py] => Average Accuracy (CNN top1): 63.40500000000001
2026-07-29 03:46:33,566 [l2p.py] => Learning on 160-180
2026-07-29 04:17:25,020 [l2p.py] => Task 8, Epoch 10/10 => Loss -0.181, Train_accy 96.71, Test_accy 49.52
2026-07-29 04:19:33,079 [trainer.py] => CNN: {'total': 49.52, '00-09': 58.52, '10-19': 53.23, '20-29': 69.28, '30-39': 57.1, '40-49': 48.33, '50-59': 51.39, '60-69': 51.32, '70-79': 54.69, '80-89': 41.92, '90-99': 42.42, '100-109': 44.35, '110-119': 41.69, '120-129': 33.63, '130-139': 52.17, '140-149': 48.26, '150-159': 45.17, '160-169': 47.53, '170-179': 53.28, 'old': 49.39, 'new': 50.52, 'harmonic': 49.95}
2026-07-29 04:19:33,106 [trainer.py] => CNN top1 curve: [81.64, 74.23, 67.47, 63.51, 59.35, 56.82, 52.8, 51.42, 49.52]
2026-07-29 04:19:33,107 [trainer.py] => CNN top5 curve: [96.46, 94.88, 91.6, 88.65, 86.76, 84.24, 81.83, 80.5, 79.55]
2026-07-29 04:19:33,107 [trainer.py] => Average Accuracy (CNN top1): 61.862222222222236
2026-07-29 04:19:33,107 [l2p.py] => Learning on 180-200
2026-07-29 04:52:59,738 [l2p.py] => Task 9, Epoch 10/10 => Loss -0.201, Train_accy 97.28, Test_accy 47.84
2026-07-29 04:55:25,075 [trainer.py] => CNN: {'total': 47.84, '00-09': 57.56, '10-19': 52.26, '20-29': 67.83, '30-39': 55.12, '40-49': 46.94, '50-59': 48.92, '60-69': 49.01, '70-79': 51.46, '80-89': 38.92, '90-99': 40.77, '100-109': 49.4, '110-119': 44.79, '120-129': 32.75, '130-139': 49.07, '140-149': 48.84, '150-159': 39.88, '160-169': 47.22, '170-179': 50.14, '180-189': 42.59, '190-199': 45.53, 'old': 48.26, 'new': 44.11, 'harmonic': 46.09}
2026-07-29 04:55:25,097 [trainer.py] => CNN top1 curve: [81.64, 74.23, 67.47, 63.51, 59.35, 56.82, 52.8, 51.42, 49.52, 47.84]
2026-07-29 04:55:25,097 [trainer.py] => CNN top5 curve: [96.46, 94.88, 91.6, 88.65, 86.76, 84.24, 81.83, 80.5, 79.55, 78.09]
2026-07-29 04:55:25,097 [trainer.py] => Average Accuracy (CNN top1): 60.460000000000015
