2026-08-05 16:07:57,836 [trainer.py] => config: ./configs/l2p/l2p_objectnet_B0_Inc20.json
2026-08-05 16:07:57,836 [trainer.py] => prefix:  
2026-08-05 16:07:57,836 [trainer.py] => dataset: objectnet
2026-08-05 16:07:57,836 [trainer.py] => memory_size: 0
2026-08-05 16:07:57,836 [trainer.py] => memory_per_class: 0
2026-08-05 16:07:57,836 [trainer.py] => fixed_memory: False
2026-08-05 16:07:57,836 [trainer.py] => shuffle: True
2026-08-05 16:07:57,836 [trainer.py] => init_cls: 20
2026-08-05 16:07:57,836 [trainer.py] => increment: 20
2026-08-05 16:07:57,836 [trainer.py] => model_name: l2p
2026-08-05 16:07:57,836 [trainer.py] => backbone_type: clip
2026-08-05 16:07:57,836 [trainer.py] => get_original_backbone: True
2026-08-05 16:07:57,836 [trainer.py] => device: [device(type='cuda', index=7)]
2026-08-05 16:07:57,836 [trainer.py] => seed: 1993
2026-08-05 16:07:57,836 [trainer.py] => tuned_epoch: 10
2026-08-05 16:07:57,836 [trainer.py] => init_lr: 0.001875
2026-08-05 16:07:57,836 [trainer.py] => batch_size: 16
2026-08-05 16:07:57,836 [trainer.py] => weight_decay: 0
2026-08-05 16:07:57,836 [trainer.py] => min_lr: 1e-05
2026-08-05 16:07:57,836 [trainer.py] => optimizer: adam
2026-08-05 16:07:57,837 [trainer.py] => scheduler: constant
2026-08-05 16:07:57,837 [trainer.py] => reinit_optimizer: True
2026-08-05 16:07:57,837 [trainer.py] => global_pool: token
2026-08-05 16:07:57,837 [trainer.py] => head_type: prompt
2026-08-05 16:07:57,837 [trainer.py] => freeze: ['blocks', 'patch_embed', 'cls_token', 'norm', 'pos_embed']
2026-08-05 16:07:57,837 [trainer.py] => pretrained: True
2026-08-05 16:07:57,837 [trainer.py] => drop: 0.0
2026-08-05 16:07:57,837 [trainer.py] => drop_path: 0.0
2026-08-05 16:07:57,837 [trainer.py] => prompt_pool: True
2026-08-05 16:07:57,837 [trainer.py] => size: 10
2026-08-05 16:07:57,837 [trainer.py] => length: 5
2026-08-05 16:07:57,837 [trainer.py] => top_k: 5
2026-08-05 16:07:57,837 [trainer.py] => initializer: uniform
2026-08-05 16:07:57,837 [trainer.py] => prompt_key: True
2026-08-05 16:07:57,837 [trainer.py] => prompt_key_init: uniform
2026-08-05 16:07:57,837 [trainer.py] => use_prompt_mask: False
2026-08-05 16:07:57,837 [trainer.py] => shared_prompt_pool: False
2026-08-05 16:07:57,837 [trainer.py] => shared_prompt_key: False
2026-08-05 16:07:57,837 [trainer.py] => batchwise_prompt: True
2026-08-05 16:07:57,837 [trainer.py] => embedding_key: cls
2026-08-05 16:07:57,837 [trainer.py] => predefined_key: 
2026-08-05 16:07:57,837 [trainer.py] => pull_constraint: True
2026-08-05 16:07:57,837 [trainer.py] => pull_constraint_coeff: 0.1
2026-08-05 16:07:57,837 [trainer.py] => nb_classes: 200
2026-08-05 16:07:57,837 [trainer.py] => total_class_num: 200
2026-08-05 16:07:57,983 [data_manager.py] => [168, 136, 51, 9, 183, 101, 171, 99, 42, 159, 191, 70, 16, 188, 27, 10, 175, 26, 68, 187, 98, 6, 85, 35, 112, 43, 100, 0, 103, 181, 88, 59, 4, 2, 116, 174, 94, 80, 106, 1, 147, 17, 141, 131, 72, 23, 173, 54, 197, 118, 87, 32, 79, 104, 91, 19, 135, 107, 178, 36, 11, 199, 142, 8, 122, 3, 28, 57, 153, 172, 190, 56, 49, 44, 97, 62, 151, 169, 194, 55, 192, 12, 189, 78, 66, 180, 15, 137, 109, 134, 92, 119, 126, 52, 170, 40, 148, 65, 144, 64, 138, 45, 77, 89, 154, 90, 71, 193, 74, 30, 113, 143, 96, 84, 67, 50, 186, 156, 69, 21, 18, 111, 108, 58, 125, 157, 150, 110, 182, 129, 166, 83, 81, 60, 13, 165, 14, 176, 63, 117, 5, 22, 145, 121, 38, 41, 82, 127, 114, 20, 31, 53, 37, 163, 196, 130, 152, 162, 86, 76, 24, 34, 184, 149, 33, 128, 198, 155, 146, 167, 139, 120, 140, 102, 47, 25, 158, 123, 46, 164, 61, 7, 115, 75, 133, 160, 105, 132, 179, 124, 48, 73, 93, 39, 95, 195, 29, 177, 185, 161]
2026-08-05 16:07:58,816 [instantiator.py] => Created a temporary directory at /tmp/tmpt2n_fykc
2026-08-05 16:07:58,816 [instantiator.py] => Writing /tmp/tmpt2n_fykc/_remote_module_non_scriptable.py
2026-08-05 16:07:58,975 [factory.py] => Loaded ViT-B-16 model config.
2026-08-05 16:08:00,568 [factory.py] => Loading pretrained ViT-B-16 weights (/home/team/zhaohongwei/pretrained_models/open_clip_pytorch_model_laion400m_e32.bin).
2026-08-05 16:09:17,429 [trainer.py] => config: ./configs/l2p/l2p_objectnet_B0_Inc20.json
2026-08-05 16:09:17,429 [trainer.py] => prefix:  
2026-08-05 16:09:17,430 [trainer.py] => dataset: objectnet
2026-08-05 16:09:17,430 [trainer.py] => memory_size: 0
2026-08-05 16:09:17,430 [trainer.py] => memory_per_class: 0
2026-08-05 16:09:17,430 [trainer.py] => fixed_memory: False
2026-08-05 16:09:17,430 [trainer.py] => shuffle: True
2026-08-05 16:09:17,430 [trainer.py] => init_cls: 20
2026-08-05 16:09:17,430 [trainer.py] => increment: 20
2026-08-05 16:09:17,430 [trainer.py] => model_name: l2p
2026-08-05 16:09:17,430 [trainer.py] => backbone_type: clip
2026-08-05 16:09:17,430 [trainer.py] => get_original_backbone: True
2026-08-05 16:09:17,430 [trainer.py] => device: [device(type='cuda', index=7)]
2026-08-05 16:09:17,430 [trainer.py] => seed: 1993
2026-08-05 16:09:17,430 [trainer.py] => tuned_epoch: 10
2026-08-05 16:09:17,430 [trainer.py] => init_lr: 0.001875
2026-08-05 16:09:17,430 [trainer.py] => batch_size: 16
2026-08-05 16:09:17,430 [trainer.py] => weight_decay: 0
2026-08-05 16:09:17,430 [trainer.py] => min_lr: 1e-05
2026-08-05 16:09:17,430 [trainer.py] => optimizer: adam
2026-08-05 16:09:17,430 [trainer.py] => scheduler: constant
2026-08-05 16:09:17,430 [trainer.py] => reinit_optimizer: True
2026-08-05 16:09:17,430 [trainer.py] => global_pool: token
2026-08-05 16:09:17,430 [trainer.py] => head_type: prompt
2026-08-05 16:09:17,430 [trainer.py] => freeze: ['blocks', 'patch_embed', 'cls_token', 'norm', 'pos_embed']
2026-08-05 16:09:17,430 [trainer.py] => pretrained: True
2026-08-05 16:09:17,430 [trainer.py] => drop: 0.0
2026-08-05 16:09:17,430 [trainer.py] => drop_path: 0.0
2026-08-05 16:09:17,430 [trainer.py] => prompt_pool: True
2026-08-05 16:09:17,430 [trainer.py] => size: 10
2026-08-05 16:09:17,430 [trainer.py] => length: 5
2026-08-05 16:09:17,430 [trainer.py] => top_k: 5
2026-08-05 16:09:17,430 [trainer.py] => initializer: uniform
2026-08-05 16:09:17,430 [trainer.py] => prompt_key: True
2026-08-05 16:09:17,430 [trainer.py] => prompt_key_init: uniform
2026-08-05 16:09:17,430 [trainer.py] => use_prompt_mask: False
2026-08-05 16:09:17,431 [trainer.py] => shared_prompt_pool: False
2026-08-05 16:09:17,431 [trainer.py] => shared_prompt_key: False
2026-08-05 16:09:17,431 [trainer.py] => batchwise_prompt: True
2026-08-05 16:09:17,431 [trainer.py] => embedding_key: cls
2026-08-05 16:09:17,431 [trainer.py] => predefined_key: 
2026-08-05 16:09:17,431 [trainer.py] => pull_constraint: True
2026-08-05 16:09:17,431 [trainer.py] => pull_constraint_coeff: 0.1
2026-08-05 16:09:17,431 [trainer.py] => nb_classes: 200
2026-08-05 16:09:17,431 [trainer.py] => total_class_num: 200
2026-08-05 16:09:17,582 [data_manager.py] => [168, 136, 51, 9, 183, 101, 171, 99, 42, 159, 191, 70, 16, 188, 27, 10, 175, 26, 68, 187, 98, 6, 85, 35, 112, 43, 100, 0, 103, 181, 88, 59, 4, 2, 116, 174, 94, 80, 106, 1, 147, 17, 141, 131, 72, 23, 173, 54, 197, 118, 87, 32, 79, 104, 91, 19, 135, 107, 178, 36, 11, 199, 142, 8, 122, 3, 28, 57, 153, 172, 190, 56, 49, 44, 97, 62, 151, 169, 194, 55, 192, 12, 189, 78, 66, 180, 15, 137, 109, 134, 92, 119, 126, 52, 170, 40, 148, 65, 144, 64, 138, 45, 77, 89, 154, 90, 71, 193, 74, 30, 113, 143, 96, 84, 67, 50, 186, 156, 69, 21, 18, 111, 108, 58, 125, 157, 150, 110, 182, 129, 166, 83, 81, 60, 13, 165, 14, 176, 63, 117, 5, 22, 145, 121, 38, 41, 82, 127, 114, 20, 31, 53, 37, 163, 196, 130, 152, 162, 86, 76, 24, 34, 184, 149, 33, 128, 198, 155, 146, 167, 139, 120, 140, 102, 47, 25, 158, 123, 46, 164, 61, 7, 115, 75, 133, 160, 105, 132, 179, 124, 48, 73, 93, 39, 95, 195, 29, 177, 185, 161]
2026-08-05 16:09:18,372 [instantiator.py] => Created a temporary directory at /tmp/tmp6_zo57cb
2026-08-05 16:09:18,372 [instantiator.py] => Writing /tmp/tmp6_zo57cb/_remote_module_non_scriptable.py
2026-08-05 16:09:18,530 [factory.py] => Loaded ViT-B-16 model config.
2026-08-05 16:09:19,975 [factory.py] => Loading pretrained ViT-B-16 weights (/home/team/zhaohongwei/pretrained_models/open_clip_pytorch_model_laion400m_e32.bin).
2026-08-05 16:09:21,313 [l2p.py] => 86,509,256 model total parameters.
2026-08-05 16:09:21,314 [l2p.py] => 146,120 model training parameters.
2026-08-05 16:09:21,314 [l2p.py] => prompt.prompt: 38400
2026-08-05 16:09:21,314 [l2p.py] => prompt.prompt_key: 5120
2026-08-05 16:09:21,314 [l2p.py] => head.weight: 102400
2026-08-05 16:09:21,314 [l2p.py] => head.bias: 200
2026-08-05 16:09:21,314 [l2p.py] => Learning on 0-20
2026-08-05 16:23:36,970 [l2p.py] => Task 0, Epoch 10/10 => Loss -0.180, Train_accy 96.47, Test_accy 86.62
2026-08-05 16:23:56,426 [trainer.py] => CNN: {'total': 86.62, '00-09': 87.74, '10-19': 84.97, 'old': 0, 'new': 86.62, 'harmonic': 0.0}
2026-08-05 16:23:56,426 [trainer.py] => CNN top1 curve: [86.62]
2026-08-05 16:23:56,426 [trainer.py] => CNN top5 curve: [97.89]
2026-08-05 16:23:56,426 [trainer.py] => Average Accuracy (CNN top1): 86.62
2026-08-05 16:23:56,426 [l2p.py] => Learning on 20-40
2026-08-05 16:40:07,699 [l2p.py] => Task 1, Epoch 10/10 => Loss -0.163, Train_accy 96.17, Test_accy 76.58
2026-08-05 16:40:42,315 [trainer.py] => CNN: {'total': 76.58, '00-09': 79.95, '10-19': 79.37, '20-29': 68.32, '30-39': 77.92, 'old': 79.72, 'new': 73.08, 'harmonic': 76.26}
2026-08-05 16:40:42,316 [trainer.py] => CNN top1 curve: [86.62, 76.58]
2026-08-05 16:40:42,316 [trainer.py] => CNN top5 curve: [97.89, 94.66]
2026-08-05 16:40:42,316 [trainer.py] => Average Accuracy (CNN top1): 81.6
2026-08-05 16:40:42,317 [l2p.py] => Learning on 40-60
2026-08-05 16:59:15,038 [l2p.py] => Task 2, Epoch 10/10 => Loss -0.190, Train_accy 96.61, Test_accy 70.99
2026-08-05 16:59:59,764 [trainer.py] => CNN: {'total': 70.99, '00-09': 74.76, '10-19': 74.48, '20-29': 65.84, '30-39': 73.5, '40-49': 70.95, '50-59': 65.36, 'old': 72.28, 'new': 68.25, 'harmonic': 70.21}
2026-08-05 16:59:59,764 [trainer.py] => CNN top1 curve: [86.62, 76.58, 70.99]
2026-08-05 16:59:59,764 [trainer.py] => CNN top5 curve: [97.89, 94.66, 92.33]
2026-08-05 16:59:59,764 [trainer.py] => Average Accuracy (CNN top1): 78.06333333333333
2026-08-05 16:59:59,764 [l2p.py] => Learning on 60-80
2026-08-05 17:20:29,673 [l2p.py] => Task 3, Epoch 10/10 => Loss -0.145, Train_accy 95.19, Test_accy 65.18
2026-08-05 17:21:30,081 [trainer.py] => CNN: {'total': 65.18, '00-09': 69.81, '10-19': 72.73, '20-29': 58.07, '30-39': 71.92, '40-49': 71.25, '50-59': 65.69, '60-69': 58.79, '70-79': 53.78, 'old': 68.26, 'new': 56.4, 'harmonic': 61.77}
2026-08-05 17:21:30,081 [trainer.py] => CNN top1 curve: [86.62, 76.58, 70.99, 65.18]
2026-08-05 17:21:30,081 [trainer.py] => CNN top5 curve: [97.89, 94.66, 92.33, 89.24]
2026-08-05 17:21:30,081 [trainer.py] => Average Accuracy (CNN top1): 74.8425
2026-08-05 17:21:30,082 [l2p.py] => Learning on 80-100
2026-08-05 17:44:08,776 [l2p.py] => Task 4, Epoch 10/10 => Loss -0.203, Train_accy 97.14, Test_accy 61.47
2026-08-05 17:45:19,419 [trainer.py] => CNN: {'total': 61.47, '00-09': 66.98, '10-19': 73.78, '20-29': 52.17, '30-39': 69.4, '40-49': 69.42, '50-59': 64.71, '60-69': 55.22, '70-79': 50.76, '80-89': 49.8, '90-99': 60.95, 'old': 62.64, 'new': 56.16, 'harmonic': 59.22}
2026-08-05 17:45:19,419 [trainer.py] => CNN top1 curve: [86.62, 76.58, 70.99, 65.18, 61.47]
2026-08-05 17:45:19,419 [trainer.py] => CNN top5 curve: [97.89, 94.66, 92.33, 89.24, 86.94]
2026-08-05 17:45:19,419 [trainer.py] => Average Accuracy (CNN top1): 72.168
2026-08-05 17:45:19,420 [l2p.py] => Learning on 100-120
2026-08-05 18:10:40,703 [l2p.py] => Task 5, Epoch 10/10 => Loss -0.199, Train_accy 96.85, Test_accy 57.90
2026-08-05 18:12:10,879 [trainer.py] => CNN: {'total': 57.9, '00-09': 65.09, '10-19': 69.93, '20-29': 55.59, '30-39': 65.3, '40-49': 66.67, '50-59': 60.78, '60-69': 51.1, '70-79': 48.04, '80-89': 46.27, '90-99': 58.58, '100-109': 47.54, '110-119': 57.37, 'old': 58.93, 'new': 52.95, 'harmonic': 55.78}
2026-08-05 18:12:10,879 [trainer.py] => CNN top1 curve: [86.62, 76.58, 70.99, 65.18, 61.47, 57.9]
2026-08-05 18:12:10,880 [trainer.py] => CNN top5 curve: [97.89, 94.66, 92.33, 89.24, 86.94, 85.56]
2026-08-05 18:12:10,880 [trainer.py] => Average Accuracy (CNN top1): 69.79
2026-08-05 18:12:10,880 [l2p.py] => Learning on 120-140
2026-08-05 18:37:55,650 [l2p.py] => Task 6, Epoch 10/10 => Loss -0.199, Train_accy 96.99, Test_accy 55.26
2026-08-05 18:39:30,585 [trainer.py] => CNN: {'total': 55.26, '00-09': 66.04, '10-19': 67.48, '20-29': 51.24, '30-39': 64.35, '40-49': 65.44, '50-59': 60.46, '60-69': 50.27, '70-79': 45.92, '80-89': 43.92, '90-99': 54.73, '100-109': 43.93, '110-119': 56.03, '120-129': 53.51, '130-139': 46.44, 'old': 56.13, 'new': 50.08, 'harmonic': 52.93}
2026-08-05 18:39:30,586 [trainer.py] => CNN top1 curve: [86.62, 76.58, 70.99, 65.18, 61.47, 57.9, 55.26]
2026-08-05 18:39:30,586 [trainer.py] => CNN top5 curve: [97.89, 94.66, 92.33, 89.24, 86.94, 85.56, 83.96]
2026-08-05 18:39:30,586 [trainer.py] => Average Accuracy (CNN top1): 67.71428571428571
2026-08-05 18:39:30,586 [l2p.py] => Learning on 140-160
2026-08-05 19:09:20,968 [l2p.py] => Task 7, Epoch 10/10 => Loss -0.144, Train_accy 94.67, Test_accy 52.58
2026-08-05 19:11:29,484 [trainer.py] => CNN: {'total': 52.58, '00-09': 62.5, '10-19': 67.48, '20-29': 51.24, '30-39': 63.41, '40-49': 64.83, '50-59': 50.33, '60-69': 48.9, '70-79': 42.9, '80-89': 45.88, '90-99': 55.03, '100-109': 46.89, '110-119': 57.37, '120-129': 52.92, '130-139': 39.32, '140-149': 43.97, '150-159': 46.96, 'old': 53.72, 'new': 45.44, 'harmonic': 49.23}
2026-08-05 19:11:29,485 [trainer.py] => CNN top1 curve: [86.62, 76.58, 70.99, 65.18, 61.47, 57.9, 55.26, 52.58]
2026-08-05 19:11:29,485 [trainer.py] => CNN top5 curve: [97.89, 94.66, 92.33, 89.24, 86.94, 85.56, 83.96, 81.28]
2026-08-05 19:11:29,485 [trainer.py] => Average Accuracy (CNN top1): 65.8225
2026-08-05 19:11:29,485 [l2p.py] => Learning on 160-180
2026-08-05 19:43:26,076 [l2p.py] => Task 8, Epoch 10/10 => Loss -0.074, Train_accy 92.49, Test_accy 50.53
2026-08-05 19:45:50,658 [trainer.py] => CNN: {'total': 50.53, '00-09': 61.56, '10-19': 69.58, '20-29': 49.07, '30-39': 64.67, '40-49': 63.3, '50-59': 52.94, '60-69': 47.53, '70-79': 41.39, '80-89': 42.35, '90-99': 55.33, '100-109': 46.56, '110-119': 52.55, '120-129': 50.29, '130-139': 41.18, '140-149': 43.7, '150-159': 44.2, '160-169': 44.68, '170-179': 36.67, 'old': 51.66, 'new': 40.86, 'harmonic': 45.63}
2026-08-05 19:45:50,658 [trainer.py] => CNN top1 curve: [86.62, 76.58, 70.99, 65.18, 61.47, 57.9, 55.26, 52.58, 50.53]
2026-08-05 19:45:50,658 [trainer.py] => CNN top5 curve: [97.89, 94.66, 92.33, 89.24, 86.94, 85.56, 83.96, 81.28, 79.61]
2026-08-05 19:45:50,659 [trainer.py] => Average Accuracy (CNN top1): 64.12333333333333
2026-08-05 19:45:50,659 [l2p.py] => Learning on 180-200
2026-08-05 20:17:23,701 [l2p.py] => Task 9, Epoch 10/10 => Loss -0.120, Train_accy 94.58, Test_accy 48.60
2026-08-05 20:19:36,247 [trainer.py] => CNN: {'total': 48.6, '00-09': 59.67, '10-19': 67.48, '20-29': 48.45, '30-39': 63.09, '40-49': 66.06, '50-59': 52.61, '60-69': 49.18, '70-79': 43.81, '80-89': 43.14, '90-99': 53.55, '100-109': 44.26, '110-119': 54.69, '120-129': 48.83, '130-139': 39.01, '140-149': 41.02, '150-159': 42.27, '160-169': 39.51, '170-179': 34.67, '180-189': 42.16, '190-199': 36.81, 'old': 49.62, 'new': 39.17, 'harmonic': 43.78}
2026-08-05 20:19:36,248 [trainer.py] => CNN top1 curve: [86.62, 76.58, 70.99, 65.18, 61.47, 57.9, 55.26, 52.58, 50.53, 48.6]
2026-08-05 20:19:36,248 [trainer.py] => CNN top5 curve: [97.89, 94.66, 92.33, 89.24, 86.94, 85.56, 83.96, 81.28, 79.61, 78.55]
2026-08-05 20:19:36,248 [trainer.py] => Average Accuracy (CNN top1): 62.571000000000005
