2026-07-25 23:32:59,627 [trainer.py] => config: ./configs/l2p/l2p_sun_B0_Inc30.json
2026-07-25 23:32:59,627 [trainer.py] => prefix:  
2026-07-25 23:32:59,627 [trainer.py] => dataset: sun
2026-07-25 23:32:59,627 [trainer.py] => memory_size: 0
2026-07-25 23:32:59,627 [trainer.py] => memory_per_class: 0
2026-07-25 23:32:59,627 [trainer.py] => fixed_memory: False
2026-07-25 23:32:59,627 [trainer.py] => shuffle: True
2026-07-25 23:32:59,627 [trainer.py] => init_cls: 30
2026-07-25 23:32:59,627 [trainer.py] => increment: 30
2026-07-25 23:32:59,627 [trainer.py] => model_name: l2p
2026-07-25 23:32:59,627 [trainer.py] => backbone_type: clip
2026-07-25 23:32:59,627 [trainer.py] => get_original_backbone: True
2026-07-25 23:32:59,627 [trainer.py] => device: [device(type='cuda', index=0)]
2026-07-25 23:32:59,627 [trainer.py] => seed: 0
2026-07-25 23:32:59,627 [trainer.py] => tuned_epoch: 10
2026-07-25 23:32:59,627 [trainer.py] => init_lr: 0.001875
2026-07-25 23:32:59,627 [trainer.py] => batch_size: 16
2026-07-25 23:32:59,627 [trainer.py] => weight_decay: 0
2026-07-25 23:32:59,627 [trainer.py] => min_lr: 1e-05
2026-07-25 23:32:59,628 [trainer.py] => optimizer: adam
2026-07-25 23:32:59,628 [trainer.py] => scheduler: constant
2026-07-25 23:32:59,628 [trainer.py] => reinit_optimizer: True
2026-07-25 23:32:59,628 [trainer.py] => global_pool: token
2026-07-25 23:32:59,628 [trainer.py] => head_type: prompt
2026-07-25 23:32:59,628 [trainer.py] => freeze: ['blocks', 'patch_embed', 'cls_token', 'norm', 'pos_embed']
2026-07-25 23:32:59,628 [trainer.py] => pretrained: True
2026-07-25 23:32:59,628 [trainer.py] => drop: 0.0
2026-07-25 23:32:59,628 [trainer.py] => drop_path: 0.0
2026-07-25 23:32:59,628 [trainer.py] => prompt_pool: True
2026-07-25 23:32:59,628 [trainer.py] => size: 10
2026-07-25 23:32:59,628 [trainer.py] => length: 5
2026-07-25 23:32:59,628 [trainer.py] => top_k: 5
2026-07-25 23:32:59,628 [trainer.py] => initializer: uniform
2026-07-25 23:32:59,628 [trainer.py] => prompt_key: True
2026-07-25 23:32:59,628 [trainer.py] => prompt_key_init: uniform
2026-07-25 23:32:59,628 [trainer.py] => use_prompt_mask: False
2026-07-25 23:32:59,628 [trainer.py] => shared_prompt_pool: False
2026-07-25 23:32:59,628 [trainer.py] => shared_prompt_key: False
2026-07-25 23:32:59,628 [trainer.py] => batchwise_prompt: True
2026-07-25 23:32:59,628 [trainer.py] => embedding_key: cls
2026-07-25 23:32:59,628 [trainer.py] => predefined_key: 
2026-07-25 23:32:59,628 [trainer.py] => pull_constraint: True
2026-07-25 23:32:59,628 [trainer.py] => pull_constraint_coeff: 0.1
2026-07-25 23:32:59,628 [trainer.py] => nb_classes: 300
2026-07-25 23:32:59,628 [trainer.py] => total_class_num: 300
2026-07-25 23:33:02,559 [data_manager.py] => [208, 188, 12, 221, 239, 136, 230, 206, 52, 108, 290, 15, 184, 248, 22, 74, 270, 90, 229, 164, 190, 103, 124, 129, 222, 116, 194, 286, 234, 295, 92, 66, 8, 122, 219, 150, 176, 182, 299, 5, 223, 89, 81, 34, 55, 139, 236, 64, 7, 45, 73, 213, 173, 106, 59, 253, 168, 26, 284, 153, 134, 145, 63, 293, 285, 224, 252, 111, 20, 46, 156, 228, 273, 27, 144, 259, 37, 97, 191, 135, 118, 160, 264, 214, 238, 76, 212, 225, 255, 237, 282, 44, 272, 189, 152, 158, 101, 54, 181, 18, 281, 250, 126, 171, 71, 227, 245, 205, 288, 215, 154, 159, 33, 83, 249, 60, 167, 280, 110, 21, 29, 146, 16, 56, 75, 109, 175, 201, 161, 4, 96, 166, 61, 67, 137, 198, 262, 279, 40, 268, 13, 107, 220, 3, 157, 125, 24, 30, 77, 291, 210, 19, 254, 241, 266, 80, 51, 2, 235, 104, 179, 86, 10, 199, 58, 41, 14, 155, 50, 292, 233, 123, 200, 62, 187, 226, 130, 209, 260, 43, 114, 138, 294, 218, 149, 112, 247, 98, 217, 93, 216, 162, 36, 178, 113, 0, 94, 275, 95, 296, 261, 240, 69, 49, 48, 85, 297, 141, 207, 23, 246, 148, 143, 78, 180, 100, 204, 131, 267, 298, 196, 6, 68, 203, 84, 170, 121, 140, 256, 274, 142, 257, 91, 82, 283, 11, 119, 102, 35, 57, 169, 231, 65, 1, 120, 269, 186, 42, 105, 132, 79, 17, 263, 232, 38, 133, 53, 258, 128, 28, 183, 163, 151, 244, 202, 31, 32, 127, 185, 278, 271, 147, 276, 177, 99, 197, 243, 115, 265, 72, 25, 165, 287, 174, 289, 39, 193, 88, 70, 87, 242, 277, 211, 9, 195, 251, 192, 117, 47, 172]
2026-07-25 23:33:15,172 [instantiator.py] => Created a temporary directory at /public/home/hanlida/tmp/tmpfidlr598
2026-07-25 23:33:15,174 [instantiator.py] => Writing /public/home/hanlida/tmp/tmpfidlr598/_remote_module_non_scriptable.py
2026-07-25 23:33:17,015 [factory.py] => Loaded ViT-B-16 model config.
2026-07-25 23:33:18,422 [factory.py] => Loading pretrained ViT-B-16 weights (/public/home/hanlida/Dr.1/pretrained_models/open_clip_pytorch_model_laion400m_e32.bin).
2026-07-25 23:33:23,142 [l2p.py] => 86,560,556 model total parameters.
2026-07-25 23:33:23,143 [l2p.py] => 197,420 model training parameters.
2026-07-25 23:33:23,143 [l2p.py] => prompt.prompt: 38400
2026-07-25 23:33:23,143 [l2p.py] => prompt.prompt_key: 5120
2026-07-25 23:33:23,143 [l2p.py] => head.weight: 153600
2026-07-25 23:33:23,143 [l2p.py] => head.bias: 300
2026-07-25 23:33:23,144 [l2p.py] => Learning on 0-30
2026-07-25 23:46:43,390 [l2p.py] => Task 0, Epoch 10/10 => Loss -0.285, Train_accy 99.89, Test_accy 97.79
2026-07-25 23:46:54,585 [trainer.py] => CNN: {'total': 97.79, '00-09': 95.86, '10-19': 98.73, '20-29': 98.38, 'old': 0, 'new': 97.79, 'harmonic': 0.0}
2026-07-25 23:46:54,586 [trainer.py] => CNN top1 curve: [97.79]
2026-07-25 23:46:54,586 [trainer.py] => CNN top5 curve: [99.94]
2026-07-25 23:46:54,586 [trainer.py] => Average Accuracy (CNN top1): 97.79
2026-07-25 23:46:54,586 [l2p.py] => Learning on 30-60
2026-07-26 00:11:18,590 [l2p.py] => Task 1, Epoch 10/10 => Loss -0.269, Train_accy 99.49, Test_accy 88.86
2026-07-26 00:11:56,914 [trainer.py] => CNN: {'total': 88.86, '00-09': 87.13, '10-19': 91.37, '20-29': 88.17, '30-39': 91.49, '40-49': 86.83, '50-59': 87.94, 'old': 88.66, 'new': 89.01, 'harmonic': 88.83}
2026-07-26 00:11:56,914 [trainer.py] => CNN top1 curve: [97.79, 88.86]
2026-07-26 00:11:56,914 [trainer.py] => CNN top5 curve: [99.94, 99.71]
2026-07-26 00:11:56,915 [trainer.py] => Average Accuracy (CNN top1): 93.325
2026-07-26 00:11:56,915 [l2p.py] => Learning on 60-90
2026-07-26 00:49:20,621 [l2p.py] => Task 2, Epoch 10/10 => Loss -0.286, Train_accy 99.94, Test_accy 87.46
2026-07-26 00:50:36,271 [trainer.py] => CNN: {'total': 87.46, '00-09': 84.14, '10-19': 81.47, '20-29': 87.17, '30-39': 89.33, '40-49': 82.66, '50-59': 83.85, '60-69': 93.53, '70-79': 90.27, '80-89': 89.13, 'old': 85.39, 'new': 91.32, 'harmonic': 88.26}
2026-07-26 00:50:36,307 [trainer.py] => CNN top1 curve: [97.79, 88.86, 87.46]
2026-07-26 00:50:36,307 [trainer.py] => CNN top5 curve: [99.94, 99.71, 99.38]
2026-07-26 00:50:36,307 [trainer.py] => Average Accuracy (CNN top1): 91.37
2026-07-26 00:50:36,307 [l2p.py] => Learning on 90-120
2026-07-26 01:34:11,810 [l2p.py] => Task 3, Epoch 10/10 => Loss -0.276, Train_accy 99.57, Test_accy 84.87
2026-07-26 01:35:40,756 [trainer.py] => CNN: {'total': 84.87, '00-09': 79.54, '10-19': 83.5, '20-29': 82.57, '30-39': 87.85, '40-49': 81.45, '50-59': 83.85, '60-69': 90.87, '70-79': 84.14, '80-89': 88.14, '90-99': 87.44, '100-109': 83.23, '110-119': 82.55, 'old': 85.15, 'new': 84.15, 'harmonic': 84.65}
2026-07-26 01:35:40,825 [trainer.py] => CNN top1 curve: [97.79, 88.86, 87.46, 84.87]
2026-07-26 01:35:40,825 [trainer.py] => CNN top5 curve: [99.94, 99.71, 99.38, 99.1]
2026-07-26 01:35:40,825 [trainer.py] => Average Accuracy (CNN top1): 89.745
2026-07-26 01:35:40,825 [l2p.py] => Learning on 120-150
2026-07-26 02:22:22,100 [l2p.py] => Task 4, Epoch 10/10 => Loss -0.284, Train_accy 99.91, Test_accy 81.28
2026-07-26 02:24:21,093 [trainer.py] => CNN: {'total': 81.28, '00-09': 75.63, '10-19': 74.87, '20-29': 78.95, '30-39': 85.36, '40-49': 79.97, '50-59': 80.93, '60-69': 88.21, '70-79': 82.34, '80-89': 86.82, '90-99': 84.72, '100-109': 80.81, '110-119': 75.93, '120-129': 77.47, '130-139': 76.91, '140-149': 84.15, 'old': 81.55, 'new': 80.2, 'harmonic': 80.87}
2026-07-26 02:24:21,149 [trainer.py] => CNN top1 curve: [97.79, 88.86, 87.46, 84.87, 81.28]
2026-07-26 02:24:21,149 [trainer.py] => CNN top5 curve: [99.94, 99.71, 99.38, 99.1, 98.55]
2026-07-26 02:24:21,193 [trainer.py] => Average Accuracy (CNN top1): 88.05199999999999
2026-07-26 02:24:21,193 [l2p.py] => Learning on 150-180
2026-07-26 03:05:22,819 [l2p.py] => Task 5, Epoch 10/10 => Loss -0.293, Train_accy 100.00, Test_accy 79.13
2026-07-26 03:07:47,286 [trainer.py] => CNN: {'total': 79.13, '00-09': 74.25, '10-19': 73.6, '20-29': 78.95, '30-39': 85.7, '40-49': 80.91, '50-59': 81.13, '60-69': 87.86, '70-79': 82.52, '80-89': 86.16, '90-99': 85.17, '100-109': 80.81, '110-119': 77.53, '120-129': 76.26, '130-139': 72.4, '140-149': 80.96, '150-159': 65.5, '160-169': 67.13, '170-179': 66.97, 'old': 80.8, 'new': 66.31, 'harmonic': 72.84}
2026-07-26 03:07:47,393 [trainer.py] => CNN top1 curve: [97.79, 88.86, 87.46, 84.87, 81.28, 79.13]
2026-07-26 03:07:47,393 [trainer.py] => CNN top5 curve: [99.94, 99.71, 99.38, 99.1, 98.55, 98.36]
2026-07-26 03:07:47,393 [trainer.py] => Average Accuracy (CNN top1): 86.565
2026-07-26 03:07:47,393 [l2p.py] => Learning on 180-210
2026-07-26 04:04:59,354 [l2p.py] => Task 6, Epoch 10/10 => Loss -0.276, Train_accy 99.49, Test_accy 77.04
2026-07-26 04:07:30,584 [trainer.py] => CNN: {'total': 77.04, '00-09': 72.41, '10-19': 72.84, '20-29': 78.21, '30-39': 85.02, '40-49': 76.61, '50-59': 79.18, '60-69': 86.13, '70-79': 80.9, '80-89': 84.68, '90-99': 78.67, '100-109': 78.55, '110-119': 74.42, '120-129': 72.62, '130-139': 75.17, '140-149': 78.45, '150-159': 57.19, '160-169': 61.33, '170-179': 62.73, '180-189': 79.17, '190-199': 67.95, '200-209': 88.54, 'old': 76.51, 'new': 79.91, 'harmonic': 78.17}
2026-07-26 04:07:30,617 [trainer.py] => CNN top1 curve: [97.79, 88.86, 87.46, 84.87, 81.28, 79.13, 77.04]
2026-07-26 04:07:30,617 [trainer.py] => CNN top5 curve: [99.94, 99.71, 99.38, 99.1, 98.55, 98.36, 97.72]
2026-07-26 04:07:30,617 [trainer.py] => Average Accuracy (CNN top1): 85.2042857142857
2026-07-26 04:07:30,618 [l2p.py] => Learning on 210-240
2026-07-26 04:39:33,151 [l2p.py] => Task 7, Epoch 10/10 => Loss -0.287, Train_accy 99.86, Test_accy 75.80
2026-07-26 04:41:23,626 [trainer.py] => CNN: {'total': 75.8, '00-09': 71.03, '10-19': 71.07, '20-29': 77.46, '30-39': 83.88, '40-49': 77.55, '50-59': 77.82, '60-69': 85.2, '70-79': 80.54, '80-89': 84.84, '90-99': 79.88, '100-109': 77.74, '110-119': 74.22, '120-129': 72.96, '130-139': 75.52, '140-149': 75.71, '150-159': 57.51, '160-169': 59.94, '170-179': 62.12, '180-189': 77.85, '190-199': 66.77, '200-209': 86.28, '210-219': 56.59, '220-229': 76.99, '230-239': 77.44, 'old': 76.31, 'new': 71.36, 'harmonic': 73.75}
2026-07-26 04:41:23,644 [trainer.py] => CNN top1 curve: [97.79, 88.86, 87.46, 84.87, 81.28, 79.13, 77.04, 75.8]
2026-07-26 04:41:23,644 [trainer.py] => CNN top5 curve: [99.94, 99.71, 99.38, 99.1, 98.55, 98.36, 97.72, 97.35]
2026-07-26 04:41:23,644 [trainer.py] => Average Accuracy (CNN top1): 84.02874999999999
2026-07-26 04:41:23,644 [l2p.py] => Learning on 240-270
2026-07-26 05:12:28,099 [l2p.py] => Task 8, Epoch 10/10 => Loss -0.238, Train_accy 98.36, Test_accy 73.37
2026-07-26 05:14:35,904 [trainer.py] => CNN: {'total': 73.37, '00-09': 67.59, '10-19': 70.56, '20-29': 76.96, '30-39': 84.11, '40-49': 77.28, '50-59': 77.24, '60-69': 85.55, '70-79': 79.82, '80-89': 84.18, '90-99': 79.43, '100-109': 76.94, '110-119': 74.42, '120-129': 71.58, '130-139': 74.13, '140-149': 76.51, '150-159': 57.51, '160-169': 60.5, '170-179': 59.7, '180-189': 74.56, '190-199': 64.7, '200-209': 84.24, '210-219': 55.23, '220-229': 75.3, '230-239': 77.63, '240-249': 67.2, '250-259': 41.03, '260-269': 62.64, 'old': 75.05, 'new': 55.83, 'harmonic': 64.03}
2026-07-26 05:14:35,921 [trainer.py] => CNN top1 curve: [97.79, 88.86, 87.46, 84.87, 81.28, 79.13, 77.04, 75.8, 73.37]
2026-07-26 05:14:35,921 [trainer.py] => CNN top5 curve: [99.94, 99.71, 99.38, 99.1, 98.55, 98.36, 97.72, 97.35, 96.7]
2026-07-26 05:14:35,921 [trainer.py] => Average Accuracy (CNN top1): 82.84444444444443
2026-07-26 05:14:35,921 [l2p.py] => Learning on 270-300
2026-07-26 05:48:34,960 [l2p.py] => Task 9, Epoch 10/10 => Loss -0.278, Train_accy 99.58, Test_accy 71.73
2026-07-26 05:50:41,377 [trainer.py] => CNN: {'total': 71.73, '00-09': 68.51, '10-19': 69.29, '20-29': 75.97, '30-39': 83.31, '40-49': 77.55, '50-59': 77.82, '60-69': 84.97, '70-79': 78.92, '80-89': 82.54, '90-99': 79.73, '100-109': 75.16, '110-119': 72.52, '120-129': 71.92, '130-139': 76.04, '140-149': 75.26, '150-159': 57.19, '160-169': 59.39, '170-179': 55.45, '180-189': 76.54, '190-199': 62.48, '200-209': 84.54, '210-219': 52.95, '220-229': 74.45, '230-239': 74.57, '240-249': 64.01, '250-259': 36.63, '260-269': 58.68, '270-279': 61.97, '280-289': 60.12, '290-299': 73.52, 'old': 72.36, 'new': 65.41, 'harmonic': 68.71}
2026-07-26 05:50:41,415 [trainer.py] => CNN top1 curve: [97.79, 88.86, 87.46, 84.87, 81.28, 79.13, 77.04, 75.8, 73.37, 71.73]
2026-07-26 05:50:41,416 [trainer.py] => CNN top5 curve: [99.94, 99.71, 99.38, 99.1, 98.55, 98.36, 97.72, 97.35, 96.7, 96.17]
2026-07-26 05:50:41,416 [trainer.py] => Average Accuracy (CNN top1): 81.73299999999999
2026-07-27 17:16:37,439 [trainer.py] => config: ./configs/l2p/l2p_sun_B0_Inc30.json
2026-07-27 17:16:37,454 [trainer.py] => prefix:  
2026-07-27 17:16:37,454 [trainer.py] => dataset: sun
2026-07-27 17:16:37,454 [trainer.py] => memory_size: 0
2026-07-27 17:16:37,455 [trainer.py] => memory_per_class: 0
2026-07-27 17:16:37,455 [trainer.py] => fixed_memory: False
2026-07-27 17:16:37,455 [trainer.py] => shuffle: True
2026-07-27 17:16:37,455 [trainer.py] => init_cls: 30
2026-07-27 17:16:37,455 [trainer.py] => increment: 30
2026-07-27 17:16:37,455 [trainer.py] => model_name: l2p
2026-07-27 17:16:37,455 [trainer.py] => backbone_type: clip
2026-07-27 17:16:37,456 [trainer.py] => get_original_backbone: True
2026-07-27 17:16:37,456 [trainer.py] => device: [device(type='cuda', index=2)]
2026-07-27 17:16:37,456 [trainer.py] => seed: 0
2026-07-27 17:16:37,456 [trainer.py] => tuned_epoch: 10
2026-07-27 17:16:37,456 [trainer.py] => init_lr: 0.001875
2026-07-27 17:16:37,456 [trainer.py] => batch_size: 16
2026-07-27 17:16:37,457 [trainer.py] => weight_decay: 0
2026-07-27 17:16:37,457 [trainer.py] => min_lr: 1e-05
2026-07-27 17:16:37,457 [trainer.py] => optimizer: adam
2026-07-27 17:16:37,457 [trainer.py] => scheduler: constant
2026-07-27 17:16:37,457 [trainer.py] => reinit_optimizer: True
2026-07-27 17:16:37,457 [trainer.py] => global_pool: token
2026-07-27 17:16:37,457 [trainer.py] => head_type: prompt
2026-07-27 17:16:37,458 [trainer.py] => freeze: ['blocks', 'patch_embed', 'cls_token', 'norm', 'pos_embed']
2026-07-27 17:16:37,458 [trainer.py] => pretrained: True
2026-07-27 17:16:37,458 [trainer.py] => drop: 0.0
2026-07-27 17:16:37,458 [trainer.py] => drop_path: 0.0
2026-07-27 17:16:37,458 [trainer.py] => prompt_pool: True
2026-07-27 17:16:37,458 [trainer.py] => size: 10
2026-07-27 17:16:37,458 [trainer.py] => length: 5
2026-07-27 17:16:37,459 [trainer.py] => top_k: 5
2026-07-27 17:16:37,459 [trainer.py] => initializer: uniform
2026-07-27 17:16:37,459 [trainer.py] => prompt_key: True
2026-07-27 17:16:37,459 [trainer.py] => prompt_key_init: uniform
2026-07-27 17:16:37,459 [trainer.py] => use_prompt_mask: False
2026-07-27 17:16:37,459 [trainer.py] => shared_prompt_pool: False
2026-07-27 17:16:37,459 [trainer.py] => shared_prompt_key: False
2026-07-27 17:16:37,459 [trainer.py] => batchwise_prompt: True
2026-07-27 17:16:37,460 [trainer.py] => embedding_key: cls
2026-07-27 17:16:37,460 [trainer.py] => predefined_key: 
2026-07-27 17:16:37,460 [trainer.py] => pull_constraint: True
2026-07-27 17:16:37,460 [trainer.py] => pull_constraint_coeff: 0.1
2026-07-27 17:16:37,460 [trainer.py] => nb_classes: 300
2026-07-27 17:16:37,460 [trainer.py] => total_class_num: 300
2026-07-27 17:16:38,919 [data_manager.py] => [208, 188, 12, 221, 239, 136, 230, 206, 52, 108, 290, 15, 184, 248, 22, 74, 270, 90, 229, 164, 190, 103, 124, 129, 222, 116, 194, 286, 234, 295, 92, 66, 8, 122, 219, 150, 176, 182, 299, 5, 223, 89, 81, 34, 55, 139, 236, 64, 7, 45, 73, 213, 173, 106, 59, 253, 168, 26, 284, 153, 134, 145, 63, 293, 285, 224, 252, 111, 20, 46, 156, 228, 273, 27, 144, 259, 37, 97, 191, 135, 118, 160, 264, 214, 238, 76, 212, 225, 255, 237, 282, 44, 272, 189, 152, 158, 101, 54, 181, 18, 281, 250, 126, 171, 71, 227, 245, 205, 288, 215, 154, 159, 33, 83, 249, 60, 167, 280, 110, 21, 29, 146, 16, 56, 75, 109, 175, 201, 161, 4, 96, 166, 61, 67, 137, 198, 262, 279, 40, 268, 13, 107, 220, 3, 157, 125, 24, 30, 77, 291, 210, 19, 254, 241, 266, 80, 51, 2, 235, 104, 179, 86, 10, 199, 58, 41, 14, 155, 50, 292, 233, 123, 200, 62, 187, 226, 130, 209, 260, 43, 114, 138, 294, 218, 149, 112, 247, 98, 217, 93, 216, 162, 36, 178, 113, 0, 94, 275, 95, 296, 261, 240, 69, 49, 48, 85, 297, 141, 207, 23, 246, 148, 143, 78, 180, 100, 204, 131, 267, 298, 196, 6, 68, 203, 84, 170, 121, 140, 256, 274, 142, 257, 91, 82, 283, 11, 119, 102, 35, 57, 169, 231, 65, 1, 120, 269, 186, 42, 105, 132, 79, 17, 263, 232, 38, 133, 53, 258, 128, 28, 183, 163, 151, 244, 202, 31, 32, 127, 185, 278, 271, 147, 276, 177, 99, 197, 243, 115, 265, 72, 25, 165, 287, 174, 289, 39, 193, 88, 70, 87, 242, 277, 211, 9, 195, 251, 192, 117, 47, 172]
2026-07-27 17:16:58,710 [instantiator.py] => Created a temporary directory at /public/home/hanlida/tmp/tmpk9qx_68n
2026-07-27 17:16:58,712 [instantiator.py] => Writing /public/home/hanlida/tmp/tmpk9qx_68n/_remote_module_non_scriptable.py
2026-07-27 17:17:00,486 [factory.py] => Loaded ViT-B-16 model config.
2026-07-27 17:17:01,909 [factory.py] => Loading pretrained ViT-B-16 weights (/public/home/hanlida/Dr.1/pretrained_models/open_clip_pytorch_model_laion400m_e32.bin).
2026-07-27 17:17:06,879 [l2p.py] => 86,560,556 model total parameters.
2026-07-27 17:17:06,879 [l2p.py] => 197,420 model training parameters.
2026-07-27 17:17:06,880 [l2p.py] => prompt.prompt: 38400
2026-07-27 17:17:06,880 [l2p.py] => prompt.prompt_key: 5120
2026-07-27 17:17:06,880 [l2p.py] => head.weight: 153600
2026-07-27 17:17:06,880 [l2p.py] => head.bias: 300
2026-07-27 17:17:06,880 [l2p.py] => Learning on 0-30
2026-07-27 17:44:14,203 [l2p.py] => Task 0, Epoch 10/10 => Loss -0.285, Train_accy 99.89, Test_accy 97.79
2026-07-27 17:44:38,179 [trainer.py] => CNN: {'total': 97.79, '00-09': 95.86, '10-19': 98.73, '20-29': 98.38, 'old': 0, 'new': 97.79, 'harmonic': 0.0}
2026-07-27 17:44:38,180 [trainer.py] => CNN top1 curve: [97.79]
2026-07-27 17:44:38,180 [trainer.py] => CNN top5 curve: [99.94]
2026-07-27 17:44:38,180 [trainer.py] => Average Accuracy (CNN top1): 97.79
2026-07-27 17:44:38,180 [l2p.py] => Learning on 30-60
2026-07-27 18:24:15,606 [l2p.py] => Task 1, Epoch 10/10 => Loss -0.269, Train_accy 99.49, Test_accy 88.86
2026-07-27 18:25:09,409 [trainer.py] => CNN: {'total': 88.86, '00-09': 87.13, '10-19': 91.37, '20-29': 88.17, '30-39': 91.49, '40-49': 86.83, '50-59': 87.94, 'old': 88.66, 'new': 89.01, 'harmonic': 88.83}
2026-07-27 18:25:09,448 [trainer.py] => CNN top1 curve: [97.79, 88.86]
2026-07-27 18:25:09,448 [trainer.py] => CNN top5 curve: [99.94, 99.71]
2026-07-27 18:25:09,448 [trainer.py] => Average Accuracy (CNN top1): 93.325
2026-07-27 18:25:09,448 [l2p.py] => Learning on 60-90
2026-07-27 19:09:06,717 [l2p.py] => Task 2, Epoch 10/10 => Loss -0.286, Train_accy 99.94, Test_accy 87.46
2026-07-27 19:10:27,965 [trainer.py] => CNN: {'total': 87.46, '00-09': 84.14, '10-19': 81.47, '20-29': 87.17, '30-39': 89.33, '40-49': 82.66, '50-59': 83.85, '60-69': 93.53, '70-79': 90.27, '80-89': 89.13, 'old': 85.39, 'new': 91.32, 'harmonic': 88.26}
2026-07-27 19:10:27,976 [trainer.py] => CNN top1 curve: [97.79, 88.86, 87.46]
2026-07-27 19:10:27,977 [trainer.py] => CNN top5 curve: [99.94, 99.71, 99.38]
2026-07-27 19:10:27,977 [trainer.py] => Average Accuracy (CNN top1): 91.37
2026-07-27 19:10:27,977 [l2p.py] => Learning on 90-120
