2026-07-26 05:50:41,429 [trainer.py] => config: ./configs/l2p/l2p_sun_B0_Inc30.json
2026-07-26 05:50:41,429 [trainer.py] => prefix:  
2026-07-26 05:50:41,430 [trainer.py] => dataset: sun
2026-07-26 05:50:41,430 [trainer.py] => memory_size: 0
2026-07-26 05:50:41,430 [trainer.py] => memory_per_class: 0
2026-07-26 05:50:41,430 [trainer.py] => fixed_memory: False
2026-07-26 05:50:41,430 [trainer.py] => shuffle: True
2026-07-26 05:50:41,431 [trainer.py] => init_cls: 30
2026-07-26 05:50:41,431 [trainer.py] => increment: 30
2026-07-26 05:50:41,431 [trainer.py] => model_name: l2p
2026-07-26 05:50:41,431 [trainer.py] => backbone_type: clip
2026-07-26 05:50:41,431 [trainer.py] => get_original_backbone: True
2026-07-26 05:50:41,431 [trainer.py] => device: [device(type='cuda', index=0)]
2026-07-26 05:50:41,432 [trainer.py] => seed: 42
2026-07-26 05:50:41,432 [trainer.py] => tuned_epoch: 10
2026-07-26 05:50:41,432 [trainer.py] => init_lr: 0.001875
2026-07-26 05:50:41,432 [trainer.py] => batch_size: 16
2026-07-26 05:50:41,432 [trainer.py] => weight_decay: 0
2026-07-26 05:50:41,433 [trainer.py] => min_lr: 1e-05
2026-07-26 05:50:41,433 [trainer.py] => optimizer: adam
2026-07-26 05:50:41,433 [trainer.py] => scheduler: constant
2026-07-26 05:50:41,433 [trainer.py] => reinit_optimizer: True
2026-07-26 05:50:41,433 [trainer.py] => global_pool: token
2026-07-26 05:50:41,433 [trainer.py] => head_type: prompt
2026-07-26 05:50:41,434 [trainer.py] => freeze: ['blocks', 'patch_embed', 'cls_token', 'norm', 'pos_embed']
2026-07-26 05:50:41,434 [trainer.py] => pretrained: True
2026-07-26 05:50:41,434 [trainer.py] => drop: 0.0
2026-07-26 05:50:41,434 [trainer.py] => drop_path: 0.0
2026-07-26 05:50:41,434 [trainer.py] => prompt_pool: True
2026-07-26 05:50:41,434 [trainer.py] => size: 10
2026-07-26 05:50:41,435 [trainer.py] => length: 5
2026-07-26 05:50:41,435 [trainer.py] => top_k: 5
2026-07-26 05:50:41,435 [trainer.py] => initializer: uniform
2026-07-26 05:50:41,435 [trainer.py] => prompt_key: True
2026-07-26 05:50:41,435 [trainer.py] => prompt_key_init: uniform
2026-07-26 05:50:41,435 [trainer.py] => use_prompt_mask: False
2026-07-26 05:50:41,435 [trainer.py] => shared_prompt_pool: False
2026-07-26 05:50:41,436 [trainer.py] => shared_prompt_key: False
2026-07-26 05:50:41,436 [trainer.py] => batchwise_prompt: True
2026-07-26 05:50:41,436 [trainer.py] => embedding_key: cls
2026-07-26 05:50:41,436 [trainer.py] => predefined_key: 
2026-07-26 05:50:41,436 [trainer.py] => pull_constraint: True
2026-07-26 05:50:41,436 [trainer.py] => pull_constraint_coeff: 0.1
2026-07-26 05:50:41,437 [trainer.py] => nb_classes: 300
2026-07-26 05:50:41,437 [trainer.py] => total_class_num: 300
2026-07-26 05:50:42,776 [data_manager.py] => [203, 266, 152, 9, 233, 226, 196, 109, 5, 175, 237, 57, 218, 45, 182, 221, 289, 211, 148, 165, 78, 113, 249, 250, 104, 42, 281, 295, 157, 238, 17, 164, 33, 24, 215, 119, 7, 90, 46, 73, 93, 76, 286, 60, 77, 63, 234, 229, 111, 231, 180, 144, 239, 75, 297, 278, 97, 92, 192, 25, 232, 59, 6, 185, 173, 30, 22, 256, 56, 186, 108, 126, 230, 193, 129, 282, 82, 84, 66, 288, 163, 154, 19, 124, 79, 114, 118, 72, 15, 10, 194, 101, 68, 224, 37, 16, 179, 147, 274, 67, 228, 69, 31, 183, 265, 225, 140, 18, 181, 96, 132, 262, 86, 248, 245, 116, 146, 292, 197, 206, 55, 172, 184, 167, 139, 253, 38, 125, 195, 283, 137, 112, 168, 117, 277, 271, 155, 176, 178, 2, 115, 143, 177, 120, 210, 260, 127, 74, 29, 83, 269, 107, 223, 158, 280, 246, 222, 65, 198, 85, 213, 159, 12, 35, 28, 142, 284, 254, 170, 51, 95, 208, 247, 41, 89, 244, 136, 26, 293, 141, 200, 0, 268, 272, 100, 259, 255, 171, 98, 36, 61, 150, 236, 202, 242, 11, 296, 267, 27, 219, 4, 122, 32, 204, 162, 209, 285, 138, 62, 135, 128, 290, 8, 70, 264, 64, 44, 279, 156, 40, 123, 275, 216, 153, 23, 261, 110, 81, 207, 212, 39, 240, 291, 258, 199, 14, 47, 94, 263, 227, 273, 201, 161, 43, 217, 145, 190, 220, 251, 3, 105, 53, 133, 1, 131, 103, 49, 80, 205, 34, 91, 52, 241, 13, 88, 166, 294, 134, 287, 243, 54, 50, 174, 189, 298, 187, 169, 58, 48, 235, 252, 21, 160, 276, 191, 257, 149, 130, 151, 99, 87, 214, 121, 299, 20, 188, 71, 106, 270, 102]
2026-07-26 05:50:43,188 [factory.py] => Loaded ViT-B-16 model config.
2026-07-26 05:50:44,474 [factory.py] => Loading pretrained ViT-B-16 weights (/public/home/hanlida/Dr.1/pretrained_models/open_clip_pytorch_model_laion400m_e32.bin).
2026-07-26 05:50:48,852 [l2p.py] => 86,560,556 model total parameters.
2026-07-26 05:50:48,853 [l2p.py] => 197,420 model training parameters.
2026-07-26 05:50:48,853 [l2p.py] => prompt.prompt: 38400
2026-07-26 05:50:48,853 [l2p.py] => prompt.prompt_key: 5120
2026-07-26 05:50:48,853 [l2p.py] => head.weight: 153600
2026-07-26 05:50:48,853 [l2p.py] => head.bias: 300
2026-07-26 05:50:48,853 [l2p.py] => Learning on 0-30
2026-07-26 06:01:44,210 [l2p.py] => Task 0, Epoch 10/10 => Loss -0.285, Train_accy 99.88, Test_accy 97.53
2026-07-26 06:01:53,997 [trainer.py] => CNN: {'total': 97.53, '00-09': 95.13, '10-19': 98.28, '20-29': 98.63, 'old': 0, 'new': 97.53, 'harmonic': 0.0}
2026-07-26 06:01:53,997 [trainer.py] => CNN top1 curve: [97.53]
2026-07-26 06:01:53,998 [trainer.py] => CNN top5 curve: [99.92]
2026-07-26 06:01:53,998 [trainer.py] => Average Accuracy (CNN top1): 97.53
2026-07-26 06:01:53,998 [l2p.py] => Learning on 30-60
2026-07-26 06:22:52,422 [l2p.py] => Task 1, Epoch 10/10 => Loss -0.277, Train_accy 99.80, Test_accy 89.82
2026-07-26 06:23:18,464 [trainer.py] => CNN: {'total': 89.82, '00-09': 69.34, '10-19': 80.03, '20-29': 86.61, '30-39': 94.31, '40-49': 96.58, '50-59': 97.38, 'old': 79.01, 'new': 95.81, 'harmonic': 86.6}
2026-07-26 06:23:18,481 [trainer.py] => CNN top1 curve: [97.53, 89.82]
2026-07-26 06:23:18,481 [trainer.py] => CNN top5 curve: [99.92, 99.89]
2026-07-26 06:23:18,481 [trainer.py] => Average Accuracy (CNN top1): 93.675
2026-07-26 06:23:18,481 [l2p.py] => Learning on 60-90
2026-07-26 06:40:58,366 [l2p.py] => Task 2, Epoch 10/10 => Loss -0.279, Train_accy 99.95, Test_accy 86.67
2026-07-26 06:41:37,707 [trainer.py] => CNN: {'total': 86.67, '00-09': 63.61, '10-19': 74.53, '20-29': 80.6, '30-39': 92.03, '40-49': 95.1, '50-59': 96.58, '60-69': 88.11, '70-79': 75.37, '80-89': 91.44, 'old': 86.72, 'new': 86.55, 'harmonic': 86.63}
2026-07-26 06:41:37,729 [trainer.py] => CNN top1 curve: [97.53, 89.82, 86.67]
2026-07-26 06:41:37,729 [trainer.py] => CNN top5 curve: [99.92, 99.89, 99.46]
2026-07-26 06:41:37,730 [trainer.py] => Average Accuracy (CNN top1): 91.33999999999999
2026-07-26 06:41:37,730 [l2p.py] => Learning on 90-120
2026-07-26 07:02:10,134 [l2p.py] => Task 3, Epoch 10/10 => Loss -0.284, Train_accy 99.77, Test_accy 84.36
2026-07-26 07:02:57,112 [trainer.py] => CNN: {'total': 84.36, '00-09': 63.04, '10-19': 72.98, '20-29': 77.32, '30-39': 89.44, '40-49': 92.93, '50-59': 96.58, '60-69': 83.24, '70-79': 72.7, '80-89': 89.8, '90-99': 87.46, '100-109': 82.82, '110-119': 81.25, 'old': 84.39, 'new': 84.28, 'harmonic': 84.33}
2026-07-26 07:02:57,136 [trainer.py] => CNN top1 curve: [97.53, 89.82, 86.67, 84.36]
2026-07-26 07:02:57,137 [trainer.py] => CNN top5 curve: [99.92, 99.89, 99.46, 99.19]
2026-07-26 07:02:57,137 [trainer.py] => Average Accuracy (CNN top1): 89.595
2026-07-26 07:02:57,137 [l2p.py] => Learning on 120-150
2026-07-26 07:27:27,232 [l2p.py] => Task 4, Epoch 10/10 => Loss -0.278, Train_accy 99.78, Test_accy 81.74
2026-07-26 07:28:29,669 [trainer.py] => CNN: {'total': 81.74, '00-09': 59.03, '10-19': 70.22, '20-29': 74.59, '30-39': 89.86, '40-49': 93.16, '50-59': 95.57, '60-69': 79.8, '70-79': 69.44, '80-89': 85.43, '90-99': 84.51, '100-109': 78.73, '110-119': 71.88, '120-129': 79.67, '130-139': 84.8, '140-149': 80.56, 'old': 81.66, 'new': 82.02, 'harmonic': 81.84}
2026-07-26 07:28:29,696 [trainer.py] => CNN top1 curve: [97.53, 89.82, 86.67, 84.36, 81.74]
2026-07-26 07:28:29,696 [trainer.py] => CNN top5 curve: [99.92, 99.89, 99.46, 99.19, 98.67]
2026-07-26 07:28:29,696 [trainer.py] => Average Accuracy (CNN top1): 88.024
2026-07-26 07:28:29,697 [l2p.py] => Learning on 150-180
2026-07-26 07:56:14,990 [l2p.py] => Task 5, Epoch 10/10 => Loss -0.252, Train_accy 99.15, Test_accy 78.70
2026-07-26 07:57:32,301 [trainer.py] => CNN: {'total': 78.7, '00-09': 58.74, '10-19': 67.13, '20-29': 72.95, '30-39': 85.61, '40-49': 93.04, '50-59': 94.57, '60-69': 80.37, '70-79': 68.25, '80-89': 81.79, '90-99': 84.08, '100-109': 76.48, '110-119': 69.73, '120-129': 77.71, '130-139': 77.14, '140-149': 78.45, '150-159': 70.65, '160-169': 85.44, '170-179': 70.79, 'old': 79.48, 'new': 75.26, 'harmonic': 77.31}
2026-07-26 07:57:32,325 [trainer.py] => CNN top1 curve: [97.53, 89.82, 86.67, 84.36, 81.74, 78.7]
2026-07-26 07:57:32,325 [trainer.py] => CNN top5 curve: [99.92, 99.89, 99.46, 99.19, 98.67, 98.1]
2026-07-26 07:57:32,325 [trainer.py] => Average Accuracy (CNN top1): 86.47000000000001
2026-07-26 07:57:32,326 [l2p.py] => Learning on 180-210
2026-07-26 08:25:36,880 [l2p.py] => Task 6, Epoch 10/10 => Loss -0.257, Train_accy 99.15, Test_accy 76.06
2026-07-26 08:27:03,088 [trainer.py] => CNN: {'total': 76.06, '00-09': 56.73, '10-19': 67.13, '20-29': 73.5, '30-39': 84.58, '40-49': 92.82, '50-59': 94.16, '60-69': 74.5, '70-79': 70.03, '80-89': 80.87, '90-99': 83.94, '100-109': 75.66, '110-119': 66.8, '120-129': 76.66, '130-139': 77.01, '140-149': 76.35, '150-159': 68.68, '160-169': 83.01, '170-179': 70.04, '180-189': 68.33, '190-199': 76.11, '200-209': 56.41, 'old': 77.49, 'new': 67.13, 'harmonic': 71.94}
2026-07-26 08:27:03,121 [trainer.py] => CNN top1 curve: [97.53, 89.82, 86.67, 84.36, 81.74, 78.7, 76.06]
2026-07-26 08:27:03,121 [trainer.py] => CNN top5 curve: [99.92, 99.89, 99.46, 99.19, 98.67, 98.1, 97.53]
2026-07-26 08:27:03,121 [trainer.py] => Average Accuracy (CNN top1): 84.98285714285716
2026-07-26 08:27:03,121 [l2p.py] => Learning on 210-240
2026-07-26 09:03:02,926 [l2p.py] => Task 7, Epoch 10/10 => Loss -0.287, Train_accy 99.71, Test_accy 75.60
2026-07-26 09:04:53,840 [trainer.py] => CNN: {'total': 75.6, '00-09': 50.43, '10-19': 65.92, '20-29': 65.03, '30-39': 82.92, '40-49': 91.45, '50-59': 93.36, '60-69': 74.79, '70-79': 67.95, '80-89': 81.97, '90-99': 82.39, '100-109': 72.8, '110-119': 65.62, '120-129': 74.85, '130-139': 77.65, '140-149': 75.64, '150-159': 68.54, '160-169': 81.39, '170-179': 69.45, '180-189': 65.26, '190-199': 69.27, '200-209': 46.84, '210-219': 84.48, '220-229': 85.87, '230-239': 76.51, 'old': 73.97, 'new': 83.62, 'harmonic': 78.5}
2026-07-26 09:04:53,860 [trainer.py] => CNN top1 curve: [97.53, 89.82, 86.67, 84.36, 81.74, 78.7, 76.06, 75.6]
2026-07-26 09:04:53,860 [trainer.py] => CNN top5 curve: [99.92, 99.89, 99.46, 99.19, 98.67, 98.1, 97.53, 97.34]
2026-07-26 09:04:53,860 [trainer.py] => Average Accuracy (CNN top1): 83.81000000000002
2026-07-26 09:04:53,860 [l2p.py] => Learning on 240-270
2026-07-26 09:35:44,777 [l2p.py] => Task 8, Epoch 10/10 => Loss -0.277, Train_accy 99.55, Test_accy 74.36
2026-07-26 09:37:41,335 [trainer.py] => CNN: {'total': 74.36, '00-09': 48.42, '10-19': 64.54, '20-29': 65.57, '30-39': 82.51, '40-49': 91.11, '50-59': 93.36, '60-69': 72.92, '70-79': 66.77, '80-89': 80.87, '90-99': 81.13, '100-109': 72.39, '110-119': 66.21, '120-129': 71.54, '130-139': 77.27, '140-149': 74.94, '150-159': 67.28, '160-169': 78.64, '170-179': 70.04, '180-189': 67.37, '190-199': 69.43, '200-209': 46.32, '210-219': 83.47, '220-229': 85.36, '230-239': 72.56, '240-249': 72.16, '250-259': 71.67, '260-269': 66.36, 'old': 74.76, 'new': 70.27, 'harmonic': 72.45}
2026-07-26 09:37:41,367 [trainer.py] => CNN top1 curve: [97.53, 89.82, 86.67, 84.36, 81.74, 78.7, 76.06, 75.6, 74.36]
2026-07-26 09:37:41,367 [trainer.py] => CNN top5 curve: [99.92, 99.89, 99.46, 99.19, 98.67, 98.1, 97.53, 97.34, 96.85]
2026-07-26 09:37:41,367 [trainer.py] => Average Accuracy (CNN top1): 82.76000000000002
2026-07-26 09:37:41,367 [l2p.py] => Learning on 270-300
2026-07-26 10:11:37,215 [l2p.py] => Task 9, Epoch 10/10 => Loss -0.283, Train_accy 99.69, Test_accy 72.67
2026-07-26 10:13:43,441 [trainer.py] => CNN: {'total': 72.67, '00-09': 48.42, '10-19': 63.68, '20-29': 65.3, '30-39': 82.61, '40-49': 90.08, '50-59': 94.37, '60-69': 71.2, '70-79': 63.5, '80-89': 76.14, '90-99': 80.85, '100-109': 72.39, '110-119': 65.43, '120-129': 68.98, '130-139': 76.37, '140-149': 73.07, '150-159': 64.75, '160-169': 76.54, '170-179': 67.81, '180-189': 63.34, '190-199': 68.63, '200-209': 47.35, '210-219': 83.13, '220-229': 84.34, '230-239': 73.8, '240-249': 70.78, '250-259': 69.79, '260-269': 62.24, '270-279': 52.91, '280-289': 72.05, '290-299': 72.91, 'old': 73.11, 'new': 68.15, 'harmonic': 70.54}
2026-07-26 10:13:43,476 [trainer.py] => CNN top1 curve: [97.53, 89.82, 86.67, 84.36, 81.74, 78.7, 76.06, 75.6, 74.36, 72.67]
2026-07-26 10:13:43,489 [trainer.py] => CNN top5 curve: [99.92, 99.89, 99.46, 99.19, 98.67, 98.1, 97.53, 97.34, 96.85, 96.49]
2026-07-26 10:13:43,489 [trainer.py] => Average Accuracy (CNN top1): 81.751
