2026-07-26 05:24:20,034 [trainer.py] => config: ./configs/l2p/l2p_sun_B150_Inc30.json
2026-07-26 05:24:20,034 [trainer.py] => prefix:  
2026-07-26 05:24:20,034 [trainer.py] => dataset: sun
2026-07-26 05:24:20,035 [trainer.py] => memory_size: 0
2026-07-26 05:24:20,035 [trainer.py] => memory_per_class: 0
2026-07-26 05:24:20,035 [trainer.py] => fixed_memory: False
2026-07-26 05:24:20,035 [trainer.py] => shuffle: True
2026-07-26 05:24:20,035 [trainer.py] => init_cls: 150
2026-07-26 05:24:20,035 [trainer.py] => increment: 30
2026-07-26 05:24:20,035 [trainer.py] => model_name: l2p
2026-07-26 05:24:20,035 [trainer.py] => backbone_type: clip
2026-07-26 05:24:20,035 [trainer.py] => get_original_backbone: True
2026-07-26 05:24:20,035 [trainer.py] => device: [device(type='cuda', index=1)]
2026-07-26 05:24:20,035 [trainer.py] => seed: 42
2026-07-26 05:24:20,035 [trainer.py] => tuned_epoch: 10
2026-07-26 05:24:20,036 [trainer.py] => init_lr: 0.001875
2026-07-26 05:24:20,036 [trainer.py] => batch_size: 16
2026-07-26 05:24:20,036 [trainer.py] => weight_decay: 0
2026-07-26 05:24:20,036 [trainer.py] => min_lr: 1e-05
2026-07-26 05:24:20,036 [trainer.py] => optimizer: adam
2026-07-26 05:24:20,036 [trainer.py] => scheduler: constant
2026-07-26 05:24:20,036 [trainer.py] => reinit_optimizer: True
2026-07-26 05:24:20,036 [trainer.py] => global_pool: token
2026-07-26 05:24:20,036 [trainer.py] => head_type: prompt
2026-07-26 05:24:20,036 [trainer.py] => freeze: ['blocks', 'patch_embed', 'cls_token', 'norm', 'pos_embed']
2026-07-26 05:24:20,036 [trainer.py] => pretrained: True
2026-07-26 05:24:20,036 [trainer.py] => drop: 0.0
2026-07-26 05:24:20,036 [trainer.py] => drop_path: 0.0
2026-07-26 05:24:20,037 [trainer.py] => prompt_pool: True
2026-07-26 05:24:20,037 [trainer.py] => size: 10
2026-07-26 05:24:20,037 [trainer.py] => length: 5
2026-07-26 05:24:20,037 [trainer.py] => top_k: 5
2026-07-26 05:24:20,037 [trainer.py] => initializer: uniform
2026-07-26 05:24:20,037 [trainer.py] => prompt_key: True
2026-07-26 05:24:20,037 [trainer.py] => prompt_key_init: uniform
2026-07-26 05:24:20,037 [trainer.py] => use_prompt_mask: False
2026-07-26 05:24:20,037 [trainer.py] => shared_prompt_pool: False
2026-07-26 05:24:20,037 [trainer.py] => shared_prompt_key: False
2026-07-26 05:24:20,037 [trainer.py] => batchwise_prompt: True
2026-07-26 05:24:20,037 [trainer.py] => embedding_key: cls
2026-07-26 05:24:20,037 [trainer.py] => predefined_key: 
2026-07-26 05:24:20,037 [trainer.py] => pull_constraint: True
2026-07-26 05:24:20,038 [trainer.py] => pull_constraint_coeff: 0.1
2026-07-26 05:24:20,038 [trainer.py] => nb_classes: 300
2026-07-26 05:24:20,038 [trainer.py] => total_class_num: 300
2026-07-26 05:24:21,408 [data_manager.py] => [203, 266, 152, 9, 233, 226, 196, 109, 5, 175, 237, 57, 218, 45, 182, 221, 289, 211, 148, 165, 78, 113, 249, 250, 104, 42, 281, 295, 157, 238, 17, 164, 33, 24, 215, 119, 7, 90, 46, 73, 93, 76, 286, 60, 77, 63, 234, 229, 111, 231, 180, 144, 239, 75, 297, 278, 97, 92, 192, 25, 232, 59, 6, 185, 173, 30, 22, 256, 56, 186, 108, 126, 230, 193, 129, 282, 82, 84, 66, 288, 163, 154, 19, 124, 79, 114, 118, 72, 15, 10, 194, 101, 68, 224, 37, 16, 179, 147, 274, 67, 228, 69, 31, 183, 265, 225, 140, 18, 181, 96, 132, 262, 86, 248, 245, 116, 146, 292, 197, 206, 55, 172, 184, 167, 139, 253, 38, 125, 195, 283, 137, 112, 168, 117, 277, 271, 155, 176, 178, 2, 115, 143, 177, 120, 210, 260, 127, 74, 29, 83, 269, 107, 223, 158, 280, 246, 222, 65, 198, 85, 213, 159, 12, 35, 28, 142, 284, 254, 170, 51, 95, 208, 247, 41, 89, 244, 136, 26, 293, 141, 200, 0, 268, 272, 100, 259, 255, 171, 98, 36, 61, 150, 236, 202, 242, 11, 296, 267, 27, 219, 4, 122, 32, 204, 162, 209, 285, 138, 62, 135, 128, 290, 8, 70, 264, 64, 44, 279, 156, 40, 123, 275, 216, 153, 23, 261, 110, 81, 207, 212, 39, 240, 291, 258, 199, 14, 47, 94, 263, 227, 273, 201, 161, 43, 217, 145, 190, 220, 251, 3, 105, 53, 133, 1, 131, 103, 49, 80, 205, 34, 91, 52, 241, 13, 88, 166, 294, 134, 287, 243, 54, 50, 174, 189, 298, 187, 169, 58, 48, 235, 252, 21, 160, 276, 191, 257, 149, 130, 151, 99, 87, 214, 121, 299, 20, 188, 71, 106, 270, 102]
2026-07-26 05:24:21,804 [factory.py] => Loaded ViT-B-16 model config.
2026-07-26 05:24:23,018 [factory.py] => Loading pretrained ViT-B-16 weights (/public/home/hanlida/Dr.1/pretrained_models/open_clip_pytorch_model_laion400m_e32.bin).
2026-07-26 05:24:27,435 [l2p.py] => 86,560,556 model total parameters.
2026-07-26 05:24:27,436 [l2p.py] => 197,420 model training parameters.
2026-07-26 05:24:27,436 [l2p.py] => prompt.prompt: 38400
2026-07-26 05:24:27,436 [l2p.py] => prompt.prompt_key: 5120
2026-07-26 05:24:27,436 [l2p.py] => head.weight: 153600
2026-07-26 05:24:27,436 [l2p.py] => head.bias: 300
2026-07-26 05:24:27,436 [l2p.py] => Learning on 0-150
2026-07-26 06:37:14,373 [l2p.py] => Task 0, Epoch 10/10 => Loss -0.188, Train_accy 96.69, Test_accy 86.11
2026-07-26 06:38:19,411 [trainer.py] => CNN: {'total': 86.11, '00-09': 72.21, '10-19': 84.68, '20-29': 86.61, '30-39': 89.44, '40-49': 92.25, '50-59': 90.74, '60-69': 87.68, '70-79': 75.07, '80-89': 87.61, '90-99': 89.44, '100-109': 85.89, '110-119': 80.08, '120-129': 82.98, '130-139': 86.08, '140-149': 84.54, 'old': 0, 'new': 86.11, 'harmonic': 0.0}
2026-07-26 06:38:19,423 [trainer.py] => CNN top1 curve: [86.11]
2026-07-26 06:38:19,423 [trainer.py] => CNN top5 curve: [98.82]
2026-07-26 06:38:19,423 [trainer.py] => Average Accuracy (CNN top1): 86.11
2026-07-26 06:38:19,423 [l2p.py] => Learning on 150-180
2026-07-26 07:06:11,964 [l2p.py] => Task 1, Epoch 10/10 => Loss -0.255, Train_accy 99.17, Test_accy 80.74
2026-07-26 07:07:29,193 [trainer.py] => CNN: {'total': 80.74, '00-09': 72.21, '10-19': 83.99, '20-29': 84.15, '30-39': 88.92, '40-49': 92.02, '50-59': 88.93, '60-69': 87.25, '70-79': 73.89, '80-89': 85.79, '90-99': 89.72, '100-109': 85.07, '110-119': 78.71, '120-129': 81.63, '130-139': 81.99, '140-149': 84.54, '150-159': 57.87, '160-169': 66.99, '170-179': 61.55, 'old': 85.02, 'new': 61.92, 'harmonic': 71.65}
2026-07-26 07:07:29,230 [trainer.py] => CNN top1 curve: [86.11, 80.74]
2026-07-26 07:07:29,230 [trainer.py] => CNN top5 curve: [98.82, 98.14]
2026-07-26 07:07:29,230 [trainer.py] => Average Accuracy (CNN top1): 83.425
2026-07-26 07:07:29,230 [l2p.py] => Learning on 180-210
2026-07-26 07:35:28,324 [l2p.py] => Task 2, Epoch 10/10 => Loss -0.256, Train_accy 99.17, Test_accy 76.72
2026-07-26 07:36:59,523 [trainer.py] => CNN: {'total': 76.72, '00-09': 71.92, '10-19': 82.79, '20-29': 84.7, '30-39': 88.41, '40-49': 90.88, '50-59': 89.74, '60-69': 86.39, '70-79': 76.85, '80-89': 85.06, '90-99': 90.42, '100-109': 85.48, '110-119': 75.0, '120-129': 83.28, '130-139': 83.52, '140-149': 84.54, '150-159': 54.78, '160-169': 63.59, '170-179': 62.44, '180-189': 50.29, '190-199': 57.8, '200-209': 53.68, 'old': 80.34, 'new': 54.15, 'harmonic': 64.69}
2026-07-26 07:36:59,554 [trainer.py] => CNN top1 curve: [86.11, 80.74, 76.72]
2026-07-26 07:36:59,555 [trainer.py] => CNN top5 curve: [98.82, 98.14, 97.66]
2026-07-26 07:36:59,555 [trainer.py] => Average Accuracy (CNN top1): 81.19
2026-07-26 07:36:59,555 [l2p.py] => Learning on 210-240
2026-07-26 08:13:09,841 [l2p.py] => Task 3, Epoch 10/10 => Loss -0.285, Train_accy 99.60, Test_accy 72.90
2026-07-26 08:15:03,825 [trainer.py] => CNN: {'total': 72.9, '00-09': 69.34, '10-19': 81.76, '20-29': 83.61, '30-39': 87.68, '40-49': 91.9, '50-59': 87.32, '60-69': 85.67, '70-79': 75.96, '80-89': 86.16, '90-99': 89.58, '100-109': 84.46, '110-119': 77.93, '120-129': 82.68, '130-139': 85.06, '140-149': 84.54, '150-159': 50.84, '160-169': 60.84, '170-179': 60.21, '180-189': 45.87, '190-199': 56.69, '200-209': 45.13, '210-219': 55.04, '220-229': 64.51, '230-239': 59.67, 'old': 75.45, 'new': 60.3, 'harmonic': 67.03}
2026-07-26 08:15:03,856 [trainer.py] => CNN top1 curve: [86.11, 80.74, 76.72, 72.9]
2026-07-26 08:15:03,856 [trainer.py] => CNN top5 curve: [98.82, 98.14, 97.66, 97.25]
2026-07-26 08:15:03,856 [trainer.py] => Average Accuracy (CNN top1): 79.1175
2026-07-26 08:15:03,856 [l2p.py] => Learning on 240-270
2026-07-26 08:45:50,006 [l2p.py] => Task 4, Epoch 10/10 => Loss -0.277, Train_accy 99.56, Test_accy 70.66
2026-07-26 08:47:45,171 [trainer.py] => CNN: {'total': 70.66, '00-09': 69.34, '10-19': 83.48, '20-29': 83.33, '30-39': 88.51, '40-49': 90.88, '50-59': 87.73, '60-69': 85.82, '70-79': 76.85, '80-89': 87.07, '90-99': 88.87, '100-109': 85.28, '110-119': 77.54, '120-129': 81.93, '130-139': 85.19, '140-149': 83.84, '150-159': 51.12, '160-169': 56.96, '170-179': 59.91, '180-189': 47.41, '190-199': 54.78, '200-209': 46.84, '210-219': 53.91, '220-229': 63.49, '230-239': 59.25, '240-249': 56.08, '250-259': 50.84, '260-269': 41.88, 'old': 72.68, 'new': 50.0, 'harmonic': 59.24}
2026-07-26 08:47:45,190 [trainer.py] => CNN top1 curve: [86.11, 80.74, 76.72, 72.9, 70.66]
2026-07-26 08:47:45,190 [trainer.py] => CNN top5 curve: [98.82, 98.14, 97.66, 97.25, 96.55]
2026-07-26 08:47:45,190 [trainer.py] => Average Accuracy (CNN top1): 77.426
2026-07-26 08:47:45,190 [l2p.py] => Learning on 270-300
2026-07-26 09:22:14,882 [l2p.py] => Task 5, Epoch 10/10 => Loss -0.281, Train_accy 99.58, Test_accy 66.93
2026-07-26 09:24:26,082 [trainer.py] => CNN: {'total': 66.93, '00-09': 68.77, '10-19': 85.2, '20-29': 84.97, '30-39': 86.34, '40-49': 90.65, '50-59': 88.13, '60-69': 84.96, '70-79': 75.67, '80-89': 85.97, '90-99': 87.61, '100-109': 84.87, '110-119': 76.37, '120-129': 82.83, '130-139': 84.42, '140-149': 82.9, '150-159': 48.6, '160-169': 55.5, '170-179': 58.12, '180-189': 43.95, '190-199': 51.59, '200-209': 44.79, '210-219': 50.51, '220-229': 63.83, '230-239': 54.89, '240-249': 52.55, '250-259': 48.03, '260-269': 37.53, '270-279': 31.86, '280-289': 46.35, '290-299': 46.56, 'old': 69.26, 'new': 43.21, 'harmonic': 53.22}
2026-07-26 09:24:26,101 [trainer.py] => CNN top1 curve: [86.11, 80.74, 76.72, 72.9, 70.66, 66.93]
2026-07-26 09:24:26,101 [trainer.py] => CNN top5 curve: [98.82, 98.14, 97.66, 97.25, 96.55, 95.98]
2026-07-26 09:24:26,101 [trainer.py] => Average Accuracy (CNN top1): 75.67666666666666
