2026-06-16 19:01:19,760 [trainer.py] => config: ./configs/CLG-CBM/CLG-CBM_aircraft_B0_Inc10.json
2026-06-16 19:01:19,761 [trainer.py] => prefix: continual-CLIP
2026-06-16 19:01:19,761 [trainer.py] => dataset: aircraft
2026-06-16 19:01:19,761 [trainer.py] => memory_size: 0
2026-06-16 19:01:19,761 [trainer.py] => memory_per_class: 0
2026-06-16 19:01:19,761 [trainer.py] => fixed_memory: False
2026-06-16 19:01:19,761 [trainer.py] => shuffle: True
2026-06-16 19:01:19,761 [trainer.py] => init_cls: 10
2026-06-16 19:01:19,761 [trainer.py] => increment: 10
2026-06-16 19:01:19,761 [trainer.py] => model_name: CLG-CBM
2026-06-16 19:01:19,761 [trainer.py] => backbone_type: clip
2026-06-16 19:01:19,761 [trainer.py] => device: [device(type='cuda', index=6)]
2026-06-16 19:01:19,761 [trainer.py] => seed: 2026
2026-06-16 19:01:19,761 [trainer.py] => sim: 1
2026-06-16 19:01:19,761 [trainer.py] => epochs: 30
2026-06-16 19:01:19,761 [trainer.py] => lr: 0.01
2026-06-16 19:01:19,761 [trainer.py] => FB_epoch: 60
2026-06-16 19:01:19,761 [trainer.py] => FB_epoch_inc: 60
2026-06-16 19:01:19,761 [trainer.py] => init_lr: 0.001
2026-06-16 19:01:19,761 [trainer.py] => pool: 10
2026-06-16 19:01:19,761 [trainer.py] => sg_num: 1
2026-06-16 19:01:19,761 [trainer.py] => milestones: [30, 40, 50]
2026-06-16 19:01:19,762 [trainer.py] => batch_size: 48
2026-06-16 19:01:19,762 [trainer.py] => division_power: 5
2026-06-16 19:01:19,762 [trainer.py] => linear_model: ['linear', 'bn', 'linear']
2026-06-16 19:01:19,762 [trainer.py] => score_model: ['bn', 'linear']
2026-06-16 19:01:19,762 [trainer.py] => regularizer: mahalanobis
2026-06-16 19:01:19,762 [trainer.py] => print_freq: 10
2026-06-16 19:01:19,762 [trainer.py] => repeat: False
2026-06-16 19:01:19,762 [trainer.py] => total_class_num: 100
2026-06-16 19:01:19,815 [data_manager.py] => [98, 10, 4, 18, 88, 13, 8, 84, 79, 21, 85, 96, 53, 42, 52, 97, 74, 5, 58, 23, 90, 59, 16, 72, 75, 30, 43, 99, 44, 41, 0, 46, 61, 80, 65, 39, 70, 87, 89, 91, 82, 14, 12, 71, 50, 11, 15, 57, 22, 67, 45, 32, 78, 63, 66, 55, 31, 62, 35, 34, 19, 49, 24, 9, 37, 36, 3, 64, 40, 86, 81, 93, 47, 73, 17, 60, 68, 25, 38, 48, 33, 20, 83, 7, 27, 94, 54, 2, 92, 76, 69, 51, 28, 29, 95, 77, 56, 26, 6, 1]
2026-06-16 19:01:19,847 [factory.py] => Loaded ViT-B-16 model config.
2026-06-16 19:01:21,532 [factory.py] => Loading pretrained ViT-B-16 weights (/home/team/zhaohongwei/pretrained_models/open_clip_pytorch_model_laion400m_e32.bin).
2026-06-16 19:01:22,391 [factory.py] => Loaded ViT-B-16 model config.
2026-06-16 19:01:23,805 [factory.py] => Loading pretrained ViT-B-16 weights (/home/team/zhaohongwei/pretrained_models/open_clip_pytorch_model_laion400m_e32.bin).
2026-06-16 19:01:25,148 [factory.py] => Loaded ViT-B-16 model config.
2026-06-16 19:01:26,872 [factory.py] => Loading pretrained ViT-B-16 weights (/home/team/zhaohongwei/pretrained_models/open_clip_pytorch_model_laion400m_e32.bin).
2026-06-16 19:01:27,238 [CLG-CBM.py] => Learning on 0-10
2026-06-16 19:04:38,221 [trainer.py] => CNN: {'total': 65.66, '00-09': 65.66, 'old': 0, 'new': 65.66, 'harmonic': 0.0}
2026-06-16 19:04:38,221 [trainer.py] => CNN top1 curve: [65.66]
2026-06-16 19:04:38,221 [trainer.py] => CNN top5 curve: [97.59]
2026-06-16 19:04:38,221 [trainer.py] => Average Accuracy (CNN top1): 65.66
2026-06-16 19:04:38,221 [CLG-CBM.py] => Learning on 10-20
2026-06-16 19:08:04,943 [trainer.py] => CNN: {'total': 69.52, '00-09': 63.25, '10-19': 75.75, 'old': 63.25, 'new': 75.75, 'harmonic': 68.94}
2026-06-16 19:08:04,944 [trainer.py] => CNN top1 curve: [65.66, 69.52]
2026-06-16 19:08:04,944 [trainer.py] => CNN top5 curve: [97.59, 95.95]
2026-06-16 19:08:04,944 [trainer.py] => Average Accuracy (CNN top1): 67.59
2026-06-16 19:08:04,944 [CLG-CBM.py] => Learning on 20-30
2026-06-16 19:11:33,115 [trainer.py] => CNN: {'total': 66.67, '00-09': 59.64, '10-19': 64.37, '20-29': 75.98, 'old': 62.01, 'new': 75.98, 'harmonic': 68.29}
2026-06-16 19:11:33,116 [trainer.py] => CNN top1 curve: [65.66, 69.52, 66.67]
2026-06-16 19:11:33,116 [trainer.py] => CNN top5 curve: [97.59, 95.95, 94.99]
2026-06-16 19:11:33,116 [trainer.py] => Average Accuracy (CNN top1): 67.28333333333335
2026-06-16 19:11:33,116 [CLG-CBM.py] => Learning on 30-40
2026-06-16 19:15:08,403 [trainer.py] => CNN: {'total': 67.59, '00-09': 52.71, '10-19': 64.37, '20-29': 70.27, '30-39': 82.93, 'old': 62.46, 'new': 82.93, 'harmonic': 71.25}
2026-06-16 19:15:08,404 [trainer.py] => CNN top1 curve: [65.66, 69.52, 66.67, 67.59]
2026-06-16 19:15:08,404 [trainer.py] => CNN top5 curve: [97.59, 95.95, 94.99, 94.07]
2026-06-16 19:15:08,404 [trainer.py] => Average Accuracy (CNN top1): 67.36000000000001
2026-06-16 19:15:08,404 [CLG-CBM.py] => Learning on 40-50
2026-06-16 19:18:47,959 [trainer.py] => CNN: {'total': 65.93, '00-09': 50.0, '10-19': 68.56, '20-29': 67.57, '30-39': 78.74, '40-49': 64.67, 'old': 66.24, 'new': 64.67, 'harmonic': 65.45}
2026-06-16 19:18:47,959 [trainer.py] => CNN top1 curve: [65.66, 69.52, 66.67, 67.59, 65.93]
2026-06-16 19:18:47,959 [trainer.py] => CNN top5 curve: [97.59, 95.95, 94.99, 94.07, 91.24]
2026-06-16 19:18:47,959 [trainer.py] => Average Accuracy (CNN top1): 67.07400000000001
2026-06-16 19:18:47,959 [CLG-CBM.py] => Learning on 50-60
2026-06-16 19:22:40,140 [trainer.py] => CNN: {'total': 63.1, '00-09': 44.88, '10-19': 67.07, '20-29': 68.47, '30-39': 68.86, '40-49': 59.88, '50-59': 69.37, 'old': 61.85, 'new': 69.37, 'harmonic': 65.39}
2026-06-16 19:22:40,140 [trainer.py] => CNN top1 curve: [65.66, 69.52, 66.67, 67.59, 65.93, 63.1]
2026-06-16 19:22:40,140 [trainer.py] => CNN top5 curve: [97.59, 95.95, 94.99, 94.07, 91.24, 90.25]
2026-06-16 19:22:40,141 [trainer.py] => Average Accuracy (CNN top1): 66.41166666666668
2026-06-16 19:22:40,141 [CLG-CBM.py] => Learning on 60-70
2026-06-16 19:26:44,924 [trainer.py] => CNN: {'total': 61.52, '00-09': 44.88, '10-19': 64.37, '20-29': 66.67, '30-39': 70.66, '40-49': 60.18, '50-59': 60.96, '60-69': 62.84, 'old': 61.3, 'new': 62.84, 'harmonic': 62.06}
2026-06-16 19:26:44,924 [trainer.py] => CNN top1 curve: [65.66, 69.52, 66.67, 67.59, 65.93, 63.1, 61.52]
2026-06-16 19:26:44,924 [trainer.py] => CNN top5 curve: [97.59, 95.95, 94.99, 94.07, 91.24, 90.25, 90.22]
2026-06-16 19:26:44,924 [trainer.py] => Average Accuracy (CNN top1): 65.71285714285715
2026-06-16 19:26:44,924 [CLG-CBM.py] => Learning on 70-80
2026-06-16 19:30:52,944 [trainer.py] => CNN: {'total': 60.66, '00-09': 43.98, '10-19': 67.07, '20-29': 60.96, '30-39': 66.17, '40-49': 57.78, '50-59': 63.36, '60-69': 60.12, '70-79': 65.77, 'old': 59.93, 'new': 65.77, 'harmonic': 62.71}
2026-06-16 19:30:52,945 [trainer.py] => CNN top1 curve: [65.66, 69.52, 66.67, 67.59, 65.93, 63.1, 61.52, 60.66]
2026-06-16 19:30:52,945 [trainer.py] => CNN top5 curve: [97.59, 95.95, 94.99, 94.07, 91.24, 90.25, 90.22, 88.55]
2026-06-16 19:30:52,945 [trainer.py] => Average Accuracy (CNN top1): 65.08125000000001
2026-06-16 19:30:52,945 [CLG-CBM.py] => Learning on 80-90
2026-06-16 19:35:11,215 [trainer.py] => CNN: {'total': 58.51, '00-09': 42.47, '10-19': 64.07, '20-29': 59.76, '30-39': 65.87, '40-49': 54.49, '50-59': 63.06, '60-69': 60.42, '70-79': 57.36, '80-89': 58.98, 'old': 58.45, 'new': 58.98, 'harmonic': 58.71}
2026-06-16 19:35:11,216 [trainer.py] => CNN top1 curve: [65.66, 69.52, 66.67, 67.59, 65.93, 63.1, 61.52, 60.66, 58.51]
2026-06-16 19:35:11,216 [trainer.py] => CNN top5 curve: [97.59, 95.95, 94.99, 94.07, 91.24, 90.25, 90.22, 88.55, 86.32]
2026-06-16 19:35:11,216 [trainer.py] => Average Accuracy (CNN top1): 64.35111111111112
2026-06-16 19:35:11,216 [CLG-CBM.py] => Learning on 90-100
2026-06-16 19:39:41,789 [trainer.py] => CNN: {'total': 56.44, '00-09': 44.28, '10-19': 65.87, '20-29': 54.65, '30-39': 63.47, '40-49': 53.59, '50-59': 59.16, '60-69': 51.66, '70-79': 59.76, '80-89': 53.29, '90-99': 58.51, 'old': 56.2, 'new': 58.51, 'harmonic': 57.33}
2026-06-16 19:39:41,790 [trainer.py] => CNN top1 curve: [65.66, 69.52, 66.67, 67.59, 65.93, 63.1, 61.52, 60.66, 58.51, 56.44]
2026-06-16 19:39:41,790 [trainer.py] => CNN top5 curve: [97.59, 95.95, 94.99, 94.07, 91.24, 90.25, 90.22, 88.55, 86.32, 84.76]
2026-06-16 19:39:41,790 [trainer.py] => Average Accuracy (CNN top1): 63.56000000000002
