2026-06-16 20:32:25,983 [trainer.py] => config: ./configs/CLG-CBM/CLG-CBM_aircraft_B50_Inc10.json
2026-06-16 20:32:25,983 [trainer.py] => prefix: continual-CLIP
2026-06-16 20:32:25,983 [trainer.py] => dataset: aircraft
2026-06-16 20:32:25,983 [trainer.py] => memory_size: 0
2026-06-16 20:32:25,983 [trainer.py] => memory_per_class: 0
2026-06-16 20:32:25,983 [trainer.py] => fixed_memory: False
2026-06-16 20:32:25,983 [trainer.py] => shuffle: True
2026-06-16 20:32:25,983 [trainer.py] => init_cls: 50
2026-06-16 20:32:25,983 [trainer.py] => increment: 10
2026-06-16 20:32:25,983 [trainer.py] => model_name: CLG-CBM
2026-06-16 20:32:25,983 [trainer.py] => backbone_type: clip
2026-06-16 20:32:25,983 [trainer.py] => device: [device(type='cuda', index=6)]
2026-06-16 20:32:25,983 [trainer.py] => seed: 1993
2026-06-16 20:32:25,983 [trainer.py] => sim: 1
2026-06-16 20:32:25,983 [trainer.py] => epochs: 30
2026-06-16 20:32:25,984 [trainer.py] => lr: 0.01
2026-06-16 20:32:25,984 [trainer.py] => FB_epoch: 60
2026-06-16 20:32:25,984 [trainer.py] => FB_epoch_inc: 60
2026-06-16 20:32:25,984 [trainer.py] => init_lr: 0.001
2026-06-16 20:32:25,984 [trainer.py] => pool: 10
2026-06-16 20:32:25,984 [trainer.py] => sg_num: 1
2026-06-16 20:32:25,984 [trainer.py] => milestones: [30, 40, 50]
2026-06-16 20:32:25,984 [trainer.py] => batch_size: 48
2026-06-16 20:32:25,984 [trainer.py] => division_power: 5
2026-06-16 20:32:25,984 [trainer.py] => linear_model: ['linear', 'bn', 'linear']
2026-06-16 20:32:25,984 [trainer.py] => score_model: ['bn', 'linear']
2026-06-16 20:32:25,984 [trainer.py] => regularizer: mahalanobis
2026-06-16 20:32:25,984 [trainer.py] => print_freq: 10
2026-06-16 20:32:25,984 [trainer.py] => repeat: False
2026-06-16 20:32:25,984 [trainer.py] => total_class_num: 100
2026-06-16 20:32:26,016 [data_manager.py] => [68, 56, 78, 8, 23, 84, 90, 65, 74, 76, 40, 89, 3, 92, 55, 9, 26, 80, 43, 38, 58, 70, 77, 1, 85, 19, 17, 50, 28, 53, 13, 81, 45, 82, 6, 59, 83, 16, 15, 44, 91, 41, 72, 60, 79, 52, 20, 10, 31, 54, 37, 95, 14, 71, 96, 98, 97, 2, 64, 66, 42, 22, 35, 86, 24, 34, 87, 21, 99, 0, 88, 27, 18, 94, 11, 12, 47, 25, 30, 46, 62, 69, 36, 61, 7, 63, 75, 5, 32, 4, 51, 48, 73, 93, 39, 67, 29, 49, 57, 33]
2026-06-16 20:32:26,034 [factory.py] => Loaded ViT-B-16 model config.
2026-06-16 20:32:28,154 [factory.py] => Loading pretrained ViT-B-16 weights (/home/team/zhaohongwei/pretrained_models/open_clip_pytorch_model_laion400m_e32.bin).
2026-06-16 20:32:29,120 [factory.py] => Loaded ViT-B-16 model config.
2026-06-16 20:32:30,704 [factory.py] => Loading pretrained ViT-B-16 weights (/home/team/zhaohongwei/pretrained_models/open_clip_pytorch_model_laion400m_e32.bin).
2026-06-16 20:32:32,037 [factory.py] => Loaded ViT-B-16 model config.
2026-06-16 20:32:33,470 [factory.py] => Loading pretrained ViT-B-16 weights (/home/team/zhaohongwei/pretrained_models/open_clip_pytorch_model_laion400m_e32.bin).
2026-06-16 20:32:34,478 [CLG-CBM.py] => Learning on 0-50
2026-06-16 20:40:52,617 [trainer.py] => CNN: {'total': 64.65, '00-09': 63.39, '10-19': 62.57, '20-29': 57.19, '30-39': 71.17, '40-49': 68.98, 'old': 0, 'new': 64.65, 'harmonic': 0.0}
2026-06-16 20:40:52,618 [trainer.py] => CNN top1 curve: [64.65]
2026-06-16 20:40:52,618 [trainer.py] => CNN top5 curve: [92.63]
2026-06-16 20:40:52,618 [trainer.py] => Average Accuracy (CNN top1): 64.65
2026-06-16 20:40:52,618 [CLG-CBM.py] => Learning on 50-60
2026-06-16 20:44:50,531 [trainer.py] => CNN: {'total': 62.43, '00-09': 57.74, '10-19': 56.29, '20-29': 57.19, '30-39': 66.67, '40-49': 65.96, '50-59': 70.75, 'old': 60.75, 'new': 70.75, 'harmonic': 65.37}
2026-06-16 20:44:50,532 [trainer.py] => CNN top1 curve: [64.65, 62.43]
2026-06-16 20:44:50,532 [trainer.py] => CNN top5 curve: [92.63, 91.02]
2026-06-16 20:44:50,532 [trainer.py] => Average Accuracy (CNN top1): 63.540000000000006
2026-06-16 20:44:50,532 [CLG-CBM.py] => Learning on 60-70
2026-06-16 20:48:43,658 [trainer.py] => CNN: {'total': 61.09, '00-09': 58.63, '10-19': 60.18, '20-29': 61.98, '30-39': 65.47, '40-49': 63.86, '50-59': 68.66, '60-69': 48.8, 'old': 63.12, 'new': 48.8, 'harmonic': 55.04}
2026-06-16 20:48:43,658 [trainer.py] => CNN top1 curve: [64.65, 62.43, 61.09]
2026-06-16 20:48:43,658 [trainer.py] => CNN top5 curve: [92.63, 91.02, 89.85]
2026-06-16 20:48:43,659 [trainer.py] => Average Accuracy (CNN top1): 62.723333333333336
2026-06-16 20:48:43,659 [CLG-CBM.py] => Learning on 70-80
2026-06-16 20:52:39,203 [trainer.py] => CNN: {'total': 58.51, '00-09': 59.52, '10-19': 59.58, '20-29': 59.58, '30-39': 60.66, '40-49': 63.86, '50-59': 66.27, '60-69': 50.3, '70-79': 48.19, 'old': 59.97, 'new': 48.19, 'harmonic': 53.44}
2026-06-16 20:52:39,203 [trainer.py] => CNN top1 curve: [64.65, 62.43, 61.09, 58.51]
2026-06-16 20:52:39,203 [trainer.py] => CNN top5 curve: [92.63, 91.02, 89.85, 87.59]
2026-06-16 20:52:39,203 [trainer.py] => Average Accuracy (CNN top1): 61.67
2026-06-16 20:52:39,203 [CLG-CBM.py] => Learning on 80-90
2026-06-16 20:56:56,132 [trainer.py] => CNN: {'total': 55.61, '00-09': 50.6, '10-19': 51.2, '20-29': 58.08, '30-39': 63.06, '40-49': 62.05, '50-59': 65.67, '60-69': 42.77, '70-79': 45.78, '80-89': 61.26, 'old': 54.91, 'new': 61.26, 'harmonic': 57.91}
2026-06-16 20:56:56,133 [trainer.py] => CNN top1 curve: [64.65, 62.43, 61.09, 58.51, 55.61]
2026-06-16 20:56:56,133 [trainer.py] => CNN top5 curve: [92.63, 91.02, 89.85, 87.59, 85.7]
2026-06-16 20:56:56,133 [trainer.py] => Average Accuracy (CNN top1): 60.458000000000006
2026-06-16 20:56:56,134 [CLG-CBM.py] => Learning on 90-100
2026-06-16 21:01:28,658 [trainer.py] => CNN: {'total': 55.36, '00-09': 52.68, '10-19': 56.59, '20-29': 44.91, '30-39': 57.96, '40-49': 55.72, '50-59': 64.78, '60-69': 42.17, '70-79': 42.77, '80-89': 57.96, '90-99': 78.01, 'old': 52.85, 'new': 78.01, 'harmonic': 63.01}
2026-06-16 21:01:28,659 [trainer.py] => CNN top1 curve: [64.65, 62.43, 61.09, 58.51, 55.61, 55.36]
2026-06-16 21:01:28,659 [trainer.py] => CNN top5 curve: [92.63, 91.02, 89.85, 87.59, 85.7, 84.13]
2026-06-16 21:01:28,659 [trainer.py] => Average Accuracy (CNN top1): 59.60833333333334
