2026-07-11 17:56:02,883 [trainer.py] => config: ./configs/CLG-CBM/CLG-CBM_cars_B0_Inc10.json
2026-07-11 17:56:02,883 [trainer.py] => prefix: continual-CLIP
2026-07-11 17:56:02,883 [trainer.py] => dataset: cars
2026-07-11 17:56:02,883 [trainer.py] => memory_size: 0
2026-07-11 17:56:02,883 [trainer.py] => memory_per_class: 0
2026-07-11 17:56:02,883 [trainer.py] => fixed_memory: False
2026-07-11 17:56:02,883 [trainer.py] => shuffle: True
2026-07-11 17:56:02,883 [trainer.py] => init_cls: 10
2026-07-11 17:56:02,883 [trainer.py] => increment: 10
2026-07-11 17:56:02,883 [trainer.py] => model_name: CLG-CBM
2026-07-11 17:56:02,883 [trainer.py] => backbone_type: clip
2026-07-11 17:56:02,883 [trainer.py] => device: [device(type='cuda', index=5)]
2026-07-11 17:56:02,883 [trainer.py] => seed: 1993
2026-07-11 17:56:02,883 [trainer.py] => sim: 1
2026-07-11 17:56:02,883 [trainer.py] => epochs: 30
2026-07-11 17:56:02,884 [trainer.py] => lr: 0.01
2026-07-11 17:56:02,884 [trainer.py] => FB_epoch: 60
2026-07-11 17:56:02,884 [trainer.py] => FB_epoch_inc: 60
2026-07-11 17:56:02,884 [trainer.py] => init_lr: 0.001
2026-07-11 17:56:02,884 [trainer.py] => pool: 10
2026-07-11 17:56:02,884 [trainer.py] => sg_num: 1
2026-07-11 17:56:02,884 [trainer.py] => milestones: [30, 40, 50]
2026-07-11 17:56:02,884 [trainer.py] => batch_size: 48
2026-07-11 17:56:02,884 [trainer.py] => division_power: 5
2026-07-11 17:56:02,884 [trainer.py] => linear_model: ['linear', 'bn', 'linear']
2026-07-11 17:56:02,884 [trainer.py] => score_model: ['bn', 'linear']
2026-07-11 17:56:02,884 [trainer.py] => regularizer: mahalanobis
2026-07-11 17:56:02,884 [trainer.py] => print_freq: 10
2026-07-11 17:56:02,884 [trainer.py] => repeat: False
2026-07-11 17:56:02,884 [trainer.py] => total_class_num: 100
2026-07-11 17:56:02,911 [data_manager.py] => [68, 56, 78, 8, 23, 84, 90, 65, 74, 76, 40, 89, 3, 92, 55, 9, 26, 80, 43, 38, 58, 70, 77, 1, 85, 19, 17, 50, 28, 53, 13, 81, 45, 82, 6, 59, 83, 16, 15, 44, 91, 41, 72, 60, 79, 52, 20, 10, 31, 54, 37, 95, 14, 71, 96, 98, 97, 2, 64, 66, 42, 22, 35, 86, 24, 34, 87, 21, 99, 0, 88, 27, 18, 94, 11, 12, 47, 25, 30, 46, 62, 69, 36, 61, 7, 63, 75, 5, 32, 4, 51, 48, 73, 93, 39, 67, 29, 49, 57, 33]
2026-07-11 17:56:02,925 [factory.py] => Loaded ViT-B-16 model config.
2026-07-11 17:56:04,501 [factory.py] => Loading pretrained ViT-B-16 weights (/home/team/zhaohongwei/pretrained_models/open_clip_pytorch_model_laion400m_e32.bin).
2026-07-11 17:56:05,016 [factory.py] => Loaded ViT-B-16 model config.
2026-07-11 17:56:06,404 [factory.py] => Loading pretrained ViT-B-16 weights (/home/team/zhaohongwei/pretrained_models/open_clip_pytorch_model_laion400m_e32.bin).
2026-07-11 17:56:07,032 [factory.py] => Loaded ViT-B-16 model config.
2026-07-11 17:56:08,346 [factory.py] => Loading pretrained ViT-B-16 weights (/home/team/zhaohongwei/pretrained_models/open_clip_pytorch_model_laion400m_e32.bin).
2026-07-11 17:56:08,685 [clg_cbm.py] => Learning on 0-10
2026-07-11 17:58:48,966 [trainer.py] => CNN: {'total': 98.58, '00-09': 98.58, 'old': 0, 'new': 98.58, 'harmonic': 0.0}
2026-07-11 17:58:48,967 [trainer.py] => CNN top1 curve: [98.58]
2026-07-11 17:58:48,967 [trainer.py] => CNN top5 curve: [100.0]
2026-07-11 17:58:48,967 [trainer.py] => Average Accuracy (CNN top1): 98.58
2026-07-11 17:58:48,967 [clg_cbm.py] => Learning on 10-20
2026-07-11 18:01:40,261 [trainer.py] => CNN: {'total': 98.18, '00-09': 96.93, '10-19': 99.5, 'old': 96.93, 'new': 99.5, 'harmonic': 98.2}
2026-07-11 18:01:40,261 [trainer.py] => CNN top1 curve: [98.58, 98.18]
2026-07-11 18:01:40,262 [trainer.py] => CNN top5 curve: [100.0, 99.88]
2026-07-11 18:01:40,262 [trainer.py] => Average Accuracy (CNN top1): 98.38
2026-07-11 18:01:40,262 [clg_cbm.py] => Learning on 20-30
2026-07-11 18:04:34,167 [trainer.py] => CNN: {'total': 97.67, '00-09': 96.23, '10-19': 98.75, '20-29': 98.1, 'old': 97.45, 'new': 98.1, 'harmonic': 97.77}
2026-07-11 18:04:34,168 [trainer.py] => CNN top1 curve: [98.58, 98.18, 97.67]
2026-07-11 18:04:34,168 [trainer.py] => CNN top5 curve: [100.0, 99.88, 99.92]
2026-07-11 18:04:34,168 [trainer.py] => Average Accuracy (CNN top1): 98.14333333333333
2026-07-11 18:04:34,168 [clg_cbm.py] => Learning on 30-40
2026-07-11 18:07:24,959 [trainer.py] => CNN: {'total': 93.95, '00-09': 96.7, '10-19': 97.5, '20-29': 90.95, '30-39': 90.56, 'old': 95.02, 'new': 90.56, 'harmonic': 92.74}
2026-07-11 18:07:24,960 [trainer.py] => CNN top1 curve: [98.58, 98.18, 97.67, 93.95]
2026-07-11 18:07:24,960 [trainer.py] => CNN top5 curve: [100.0, 99.88, 99.92, 99.76]
2026-07-11 18:07:24,960 [trainer.py] => Average Accuracy (CNN top1): 97.095
2026-07-11 18:07:24,960 [clg_cbm.py] => Learning on 40-50
2026-07-11 18:10:44,909 [trainer.py] => CNN: {'total': 90.38, '00-09': 94.34, '10-19': 92.75, '20-29': 88.57, '30-39': 82.91, '40-49': 93.03, 'old': 89.73, 'new': 93.03, 'harmonic': 91.35}
2026-07-11 18:10:44,910 [trainer.py] => CNN top1 curve: [98.58, 98.18, 97.67, 93.95, 90.38]
2026-07-11 18:10:44,910 [trainer.py] => CNN top5 curve: [100.0, 99.88, 99.92, 99.76, 99.75]
2026-07-11 18:10:44,910 [trainer.py] => Average Accuracy (CNN top1): 95.752
2026-07-11 18:10:44,911 [clg_cbm.py] => Learning on 50-60
2026-07-11 18:14:01,585 [trainer.py] => CNN: {'total': 91.84, '00-09': 93.4, '10-19': 91.0, '20-29': 90.95, '30-39': 89.54, '40-49': 87.31, '50-59': 98.55, 'old': 90.48, 'new': 98.55, 'harmonic': 94.34}
2026-07-11 18:14:01,585 [trainer.py] => CNN top1 curve: [98.58, 98.18, 97.67, 93.95, 90.38, 91.84]
2026-07-11 18:14:01,586 [trainer.py] => CNN top5 curve: [100.0, 99.88, 99.92, 99.76, 99.75, 99.8]
2026-07-11 18:14:01,586 [trainer.py] => Average Accuracy (CNN top1): 95.10000000000001
2026-07-11 18:14:01,586 [clg_cbm.py] => Learning on 60-70
2026-07-11 18:17:14,722 [trainer.py] => CNN: {'total': 91.29, '00-09': 92.69, '10-19': 94.25, '20-29': 89.52, '30-39': 87.24, '40-49': 89.55, '50-59': 95.88, '60-69': 89.73, 'old': 91.55, 'new': 89.73, 'harmonic': 90.63}
2026-07-11 18:17:14,722 [trainer.py] => CNN top1 curve: [98.58, 98.18, 97.67, 93.95, 90.38, 91.84, 91.29]
2026-07-11 18:17:14,722 [trainer.py] => CNN top5 curve: [100.0, 99.88, 99.92, 99.76, 99.75, 99.8, 99.62]
2026-07-11 18:17:14,723 [trainer.py] => Average Accuracy (CNN top1): 94.55571428571429
2026-07-11 18:17:14,723 [clg_cbm.py] => Learning on 70-80
2026-07-11 18:20:31,126 [trainer.py] => CNN: {'total': 89.51, '00-09': 89.39, '10-19': 92.5, '20-29': 90.0, '30-39': 84.44, '40-49': 90.3, '50-59': 92.98, '60-69': 82.15, '70-79': 94.24, 'old': 88.85, 'new': 94.24, 'harmonic': 91.47}
2026-07-11 18:20:31,127 [trainer.py] => CNN top1 curve: [98.58, 98.18, 97.67, 93.95, 90.38, 91.84, 91.29, 89.51]
2026-07-11 18:20:31,127 [trainer.py] => CNN top5 curve: [100.0, 99.88, 99.92, 99.76, 99.75, 99.8, 99.62, 99.6]
2026-07-11 18:20:31,127 [trainer.py] => Average Accuracy (CNN top1): 93.925
2026-07-11 18:20:31,127 [clg_cbm.py] => Learning on 80-90
2026-07-11 18:24:18,268 [trainer.py] => CNN: {'total': 89.51, '00-09': 90.8, '10-19': 89.75, '20-29': 89.76, '30-39': 83.93, '40-49': 88.81, '50-59': 92.98, '60-69': 85.57, '70-79': 89.47, '80-89': 94.03, 'old': 88.92, 'new': 94.03, 'harmonic': 91.4}
2026-07-11 18:24:18,269 [trainer.py] => CNN top1 curve: [98.58, 98.18, 97.67, 93.95, 90.38, 91.84, 91.29, 89.51, 89.51]
2026-07-11 18:24:18,269 [trainer.py] => CNN top5 curve: [100.0, 99.88, 99.92, 99.76, 99.75, 99.8, 99.62, 99.6, 99.54]
2026-07-11 18:24:18,269 [trainer.py] => Average Accuracy (CNN top1): 93.43444444444444
2026-07-11 18:24:18,269 [clg_cbm.py] => Learning on 90-100
2026-07-11 18:27:51,126 [trainer.py] => CNN: {'total': 89.47, '00-09': 91.27, '10-19': 91.0, '20-29': 86.67, '30-39': 85.2, '40-49': 90.55, '50-59': 91.53, '60-69': 86.31, '70-79': 89.72, '80-89': 90.45, '90-99': 91.85, 'old': 89.21, 'new': 91.85, 'harmonic': 90.51}
2026-07-11 18:27:51,126 [trainer.py] => CNN top1 curve: [98.58, 98.18, 97.67, 93.95, 90.38, 91.84, 91.29, 89.51, 89.51, 89.47]
2026-07-11 18:27:51,127 [trainer.py] => CNN top5 curve: [100.0, 99.88, 99.92, 99.76, 99.75, 99.8, 99.62, 99.6, 99.54, 99.39]
2026-07-11 18:27:51,127 [trainer.py] => Average Accuracy (CNN top1): 93.038
