2026-06-23 17:55:37,206 [trainer.py] => config: ./configs/CLG-CBM/CLG-CBM_cifar_B50_Inc10.json
2026-06-23 17:55:37,207 [trainer.py] => prefix: continual-CLIP
2026-06-23 17:55:37,207 [trainer.py] => dataset: cifar224
2026-06-23 17:55:37,207 [trainer.py] => memory_size: 0
2026-06-23 17:55:37,207 [trainer.py] => memory_per_class: 0
2026-06-23 17:55:37,207 [trainer.py] => fixed_memory: False
2026-06-23 17:55:37,207 [trainer.py] => shuffle: True
2026-06-23 17:55:37,207 [trainer.py] => init_cls: 50
2026-06-23 17:55:37,207 [trainer.py] => increment: 10
2026-06-23 17:55:37,207 [trainer.py] => model_name: CLG-CBM
2026-06-23 17:55:37,207 [trainer.py] => backbone_type: clip
2026-06-23 17:55:37,207 [trainer.py] => device: [device(type='cuda', index=6)]
2026-06-23 17:55:37,207 [trainer.py] => seed: 1993
2026-06-23 17:55:37,207 [trainer.py] => sim: 1
2026-06-23 17:55:37,207 [trainer.py] => epochs: 30
2026-06-23 17:55:37,207 [trainer.py] => lr: 0.01
2026-06-23 17:55:37,207 [trainer.py] => FB_epoch: 60
2026-06-23 17:55:37,207 [trainer.py] => FB_epoch_inc: 60
2026-06-23 17:55:37,207 [trainer.py] => init_lr: 0.001
2026-06-23 17:55:37,207 [trainer.py] => pool: 10
2026-06-23 17:55:37,207 [trainer.py] => sg_num: 1
2026-06-23 17:55:37,208 [trainer.py] => milestones: [30, 40, 50]
2026-06-23 17:55:37,208 [trainer.py] => batch_size: 48
2026-06-23 17:55:37,208 [trainer.py] => division_power: 5
2026-06-23 17:55:37,208 [trainer.py] => linear_model: ['linear', 'bn', 'linear']
2026-06-23 17:55:37,208 [trainer.py] => score_model: ['bn', 'linear']
2026-06-23 17:55:37,208 [trainer.py] => regularizer: mahalanobis
2026-06-23 17:55:37,208 [trainer.py] => print_freq: 10
2026-06-23 17:55:37,208 [trainer.py] => repeat: False
2026-06-23 17:55:37,208 [trainer.py] => total_class_num: 100
2026-06-23 17:55:38,184 [data_manager.py] => [68, 56, 78, 8, 23, 84, 90, 65, 74, 76, 40, 89, 3, 92, 55, 9, 26, 80, 43, 38, 58, 70, 77, 1, 85, 19, 17, 50, 28, 53, 13, 81, 45, 82, 6, 59, 83, 16, 15, 44, 91, 41, 72, 60, 79, 52, 20, 10, 31, 54, 37, 95, 14, 71, 96, 98, 97, 2, 64, 66, 42, 22, 35, 86, 24, 34, 87, 21, 99, 0, 88, 27, 18, 94, 11, 12, 47, 25, 30, 46, 62, 69, 36, 61, 7, 63, 75, 5, 32, 4, 51, 48, 73, 93, 39, 67, 29, 49, 57, 33]
2026-06-23 17:55:38,285 [factory.py] => Loaded ViT-B-16 model config.
2026-06-23 17:55:39,956 [factory.py] => Loading pretrained ViT-B-16 weights (/home/team/zhaohongwei/pretrained_models/open_clip_pytorch_model_laion400m_e32.bin).
2026-06-23 17:55:40,552 [factory.py] => Loaded ViT-B-16 model config.
2026-06-23 17:55:41,986 [factory.py] => Loading pretrained ViT-B-16 weights (/home/team/zhaohongwei/pretrained_models/open_clip_pytorch_model_laion400m_e32.bin).
2026-06-23 17:55:42,814 [factory.py] => Loaded ViT-B-16 model config.
2026-06-23 17:55:44,277 [factory.py] => Loading pretrained ViT-B-16 weights (/home/team/zhaohongwei/pretrained_models/open_clip_pytorch_model_laion400m_e32.bin).
2026-06-23 17:55:45,445 [clg_cbm.py] => Learning on 0-50
2026-06-23 18:24:33,797 [trainer.py] => CNN: {'total': 89.74, '00-09': 92.2, '10-19': 87.2, '20-29': 92.3, '30-39': 88.0, '40-49': 89.0, 'old': 0, 'new': 89.74, 'harmonic': 0.0}
2026-06-23 18:24:33,798 [trainer.py] => CNN top1 curve: [89.74]
2026-06-23 18:24:33,798 [trainer.py] => CNN top5 curve: [98.88]
2026-06-23 18:24:33,798 [trainer.py] => Average Accuracy (CNN top1): 89.74
2026-06-23 18:24:33,798 [clg_cbm.py] => Learning on 50-60
2026-06-23 18:36:23,298 [trainer.py] => CNN: {'total': 85.18, '00-09': 87.1, '10-19': 82.5, '20-29': 85.7, '30-39': 81.3, '40-49': 84.1, '50-59': 90.4, 'old': 84.14, 'new': 90.4, 'harmonic': 87.16}
2026-06-23 18:36:23,298 [trainer.py] => CNN top1 curve: [89.74, 85.18]
2026-06-23 18:36:23,299 [trainer.py] => CNN top5 curve: [98.88, 97.7]
2026-06-23 18:36:23,299 [trainer.py] => Average Accuracy (CNN top1): 87.46000000000001
2026-06-23 18:36:23,299 [clg_cbm.py] => Learning on 60-70
2026-06-23 18:49:33,211 [trainer.py] => CNN: {'total': 83.63, '00-09': 83.9, '10-19': 74.6, '20-29': 87.3, '30-39': 81.3, '40-49': 85.4, '50-59': 78.6, '60-69': 94.3, 'old': 81.85, 'new': 94.3, 'harmonic': 87.64}
2026-06-23 18:49:33,212 [trainer.py] => CNN top1 curve: [89.74, 85.18, 83.63]
2026-06-23 18:49:33,212 [trainer.py] => CNN top5 curve: [98.88, 97.7, 97.07]
2026-06-23 18:49:33,212 [trainer.py] => Average Accuracy (CNN top1): 86.18333333333334
2026-06-23 18:49:33,212 [clg_cbm.py] => Learning on 70-80
2026-06-23 19:04:01,761 [trainer.py] => CNN: {'total': 82.84, '00-09': 85.0, '10-19': 78.1, '20-29': 85.6, '30-39': 80.9, '40-49': 82.5, '50-59': 77.5, '60-69': 85.2, '70-79': 87.9, 'old': 82.11, 'new': 87.9, 'harmonic': 84.91}
2026-06-23 19:04:01,762 [trainer.py] => CNN top1 curve: [89.74, 85.18, 83.63, 82.84]
2026-06-23 19:04:01,762 [trainer.py] => CNN top5 curve: [98.88, 97.7, 97.07, 96.9]
2026-06-23 19:04:01,762 [trainer.py] => Average Accuracy (CNN top1): 85.3475
2026-06-23 19:04:01,762 [clg_cbm.py] => Learning on 80-90
2026-06-23 19:20:00,060 [trainer.py] => CNN: {'total': 81.08, '00-09': 84.3, '10-19': 76.2, '20-29': 83.8, '30-39': 79.9, '40-49': 80.9, '50-59': 77.8, '60-69': 83.6, '70-79': 75.9, '80-89': 87.3, 'old': 80.3, 'new': 87.3, 'harmonic': 83.65}
2026-06-23 19:20:00,061 [trainer.py] => CNN top1 curve: [89.74, 85.18, 83.63, 82.84, 81.08]
2026-06-23 19:20:00,061 [trainer.py] => CNN top5 curve: [98.88, 97.7, 97.07, 96.9, 96.28]
2026-06-23 19:20:00,061 [trainer.py] => Average Accuracy (CNN top1): 84.494
2026-06-23 19:20:00,061 [clg_cbm.py] => Learning on 90-100
2026-06-23 19:36:45,037 [trainer.py] => CNN: {'total': 80.16, '00-09': 81.0, '10-19': 78.0, '20-29': 84.0, '30-39': 80.1, '40-49': 79.7, '50-59': 76.3, '60-69': 83.2, '70-79': 73.9, '80-89': 76.9, '90-99': 88.5, 'old': 79.23, 'new': 88.5, 'harmonic': 83.61}
2026-06-23 19:36:45,037 [trainer.py] => CNN top1 curve: [89.74, 85.18, 83.63, 82.84, 81.08, 80.16]
2026-06-23 19:36:45,037 [trainer.py] => CNN top5 curve: [98.88, 97.7, 97.07, 96.9, 96.28, 95.5]
2026-06-23 19:36:45,037 [trainer.py] => Average Accuracy (CNN top1): 83.77166666666666
