2026-06-23 15:16:06,481 [trainer.py] => config: ./configs/CLG-CBM/CLG-CBM_cifar_B50_Inc10.json
2026-06-23 15:16:06,481 [trainer.py] => prefix: continual-CLIP
2026-06-23 15:16:06,481 [trainer.py] => dataset: cifar224
2026-06-23 15:16:06,481 [trainer.py] => memory_size: 0
2026-06-23 15:16:06,481 [trainer.py] => memory_per_class: 0
2026-06-23 15:16:06,481 [trainer.py] => fixed_memory: False
2026-06-23 15:16:06,481 [trainer.py] => shuffle: True
2026-06-23 15:16:06,481 [trainer.py] => init_cls: 50
2026-06-23 15:16:06,481 [trainer.py] => increment: 10
2026-06-23 15:16:06,481 [trainer.py] => model_name: CLG-CBM
2026-06-23 15:16:06,481 [trainer.py] => backbone_type: clip
2026-06-23 15:16:06,481 [trainer.py] => device: [device(type='cuda', index=6)]
2026-06-23 15:16:06,481 [trainer.py] => seed: 0
2026-06-23 15:16:06,481 [trainer.py] => sim: 1
2026-06-23 15:16:06,481 [trainer.py] => epochs: 30
2026-06-23 15:16:06,481 [trainer.py] => lr: 0.01
2026-06-23 15:16:06,482 [trainer.py] => FB_epoch: 60
2026-06-23 15:16:06,482 [trainer.py] => FB_epoch_inc: 60
2026-06-23 15:16:06,482 [trainer.py] => init_lr: 0.001
2026-06-23 15:16:06,482 [trainer.py] => pool: 10
2026-06-23 15:16:06,482 [trainer.py] => sg_num: 1
2026-06-23 15:16:06,482 [trainer.py] => milestones: [30, 40, 50]
2026-06-23 15:16:06,482 [trainer.py] => batch_size: 48
2026-06-23 15:16:06,482 [trainer.py] => division_power: 5
2026-06-23 15:16:06,482 [trainer.py] => linear_model: ['linear', 'bn', 'linear']
2026-06-23 15:16:06,482 [trainer.py] => score_model: ['bn', 'linear']
2026-06-23 15:16:06,482 [trainer.py] => regularizer: mahalanobis
2026-06-23 15:16:06,482 [trainer.py] => print_freq: 10
2026-06-23 15:16:06,482 [trainer.py] => repeat: False
2026-06-23 15:16:06,482 [trainer.py] => total_class_num: 100
2026-06-23 15:16:07,787 [data_manager.py] => [26, 86, 2, 55, 75, 93, 16, 73, 54, 95, 53, 92, 78, 13, 7, 30, 22, 24, 33, 8, 43, 62, 3, 71, 45, 48, 6, 99, 82, 76, 60, 80, 90, 68, 51, 27, 18, 56, 63, 74, 1, 61, 42, 41, 4, 15, 17, 40, 38, 5, 91, 59, 0, 34, 28, 50, 11, 35, 23, 52, 10, 31, 66, 57, 79, 85, 32, 84, 14, 89, 19, 29, 49, 97, 98, 69, 20, 94, 72, 77, 25, 37, 81, 46, 39, 65, 58, 12, 88, 70, 87, 36, 21, 83, 9, 96, 67, 64, 47, 44]
2026-06-23 15:16:09,710 [instantiator.py] => Created a temporary directory at /tmp/tmp5xaalyd5
2026-06-23 15:16:09,711 [instantiator.py] => Writing /tmp/tmp5xaalyd5/_remote_module_non_scriptable.py
2026-06-23 15:16:09,826 [factory.py] => Loaded ViT-B-16 model config.
2026-06-23 15:16:11,441 [factory.py] => Loading pretrained ViT-B-16 weights (/home/team/zhaohongwei/pretrained_models/open_clip_pytorch_model_laion400m_e32.bin).
2026-06-23 15:16:13,461 [factory.py] => Loaded ViT-B-16 model config.
2026-06-23 15:16:15,205 [factory.py] => Loading pretrained ViT-B-16 weights (/home/team/zhaohongwei/pretrained_models/open_clip_pytorch_model_laion400m_e32.bin).
2026-06-23 15:16:17,993 [factory.py] => Loaded ViT-B-16 model config.
2026-06-23 15:16:19,529 [factory.py] => Loading pretrained ViT-B-16 weights (/home/team/zhaohongwei/pretrained_models/open_clip_pytorch_model_laion400m_e32.bin).
2026-06-23 15:16:21,517 [clg_cbm.py] => Learning on 0-50
2026-06-23 15:37:34,063 [trainer.py] => CNN: {'total': 88.94, '00-09': 86.4, '10-19': 89.8, '20-29': 91.6, '30-39': 85.8, '40-49': 91.1, 'old': 0, 'new': 88.94, 'harmonic': 0.0}
2026-06-23 15:37:34,063 [trainer.py] => CNN top1 curve: [88.94]
2026-06-23 15:37:34,063 [trainer.py] => CNN top5 curve: [98.58]
2026-06-23 15:37:34,063 [trainer.py] => Average Accuracy (CNN top1): 88.94
2026-06-23 15:37:34,063 [clg_cbm.py] => Learning on 50-60
2026-06-23 15:46:25,640 [trainer.py] => CNN: {'total': 84.27, '00-09': 77.4, '10-19': 85.2, '20-29': 85.8, '30-39': 80.4, '40-49': 86.0, '50-59': 90.8, 'old': 82.96, 'new': 90.8, 'harmonic': 86.7}
2026-06-23 15:46:25,641 [trainer.py] => CNN top1 curve: [88.94, 84.27]
2026-06-23 15:46:25,641 [trainer.py] => CNN top5 curve: [98.58, 97.38]
2026-06-23 15:46:25,641 [trainer.py] => Average Accuracy (CNN top1): 86.60499999999999
2026-06-23 15:46:25,641 [clg_cbm.py] => Learning on 60-70
2026-06-23 15:56:22,080 [trainer.py] => CNN: {'total': 82.83, '00-09': 80.2, '10-19': 81.1, '20-29': 86.1, '30-39': 77.5, '40-49': 80.1, '50-59': 82.8, '60-69': 92.0, 'old': 81.3, 'new': 92.0, 'harmonic': 86.32}
2026-06-23 15:56:22,080 [trainer.py] => CNN top1 curve: [88.94, 84.27, 82.83]
2026-06-23 15:56:22,080 [trainer.py] => CNN top5 curve: [98.58, 97.38, 96.44]
2026-06-23 15:56:22,080 [trainer.py] => Average Accuracy (CNN top1): 85.34666666666665
2026-06-23 15:56:22,080 [clg_cbm.py] => Learning on 70-80
2026-06-23 16:07:09,681 [trainer.py] => CNN: {'total': 82.1, '00-09': 77.4, '10-19': 81.3, '20-29': 83.8, '30-39': 78.6, '40-49': 81.1, '50-59': 79.4, '60-69': 83.4, '70-79': 91.8, 'old': 80.71, 'new': 91.8, 'harmonic': 85.9}
2026-06-23 16:07:09,682 [trainer.py] => CNN top1 curve: [88.94, 84.27, 82.83, 82.1]
2026-06-23 16:07:09,682 [trainer.py] => CNN top5 curve: [98.58, 97.38, 96.44, 96.42]
2026-06-23 16:07:09,682 [trainer.py] => Average Accuracy (CNN top1): 84.535
2026-06-23 16:07:09,682 [clg_cbm.py] => Learning on 80-90
2026-06-23 16:19:10,242 [trainer.py] => CNN: {'total': 81.3, '00-09': 74.5, '10-19': 80.2, '20-29': 84.1, '30-39': 76.9, '40-49': 79.7, '50-59': 77.5, '60-69': 83.0, '70-79': 82.7, '80-89': 93.1, 'old': 79.82, 'new': 93.1, 'harmonic': 85.95}
2026-06-23 16:19:10,242 [trainer.py] => CNN top1 curve: [88.94, 84.27, 82.83, 82.1, 81.3]
2026-06-23 16:19:10,242 [trainer.py] => CNN top5 curve: [98.58, 97.38, 96.44, 96.42, 95.97]
2026-06-23 16:19:10,243 [trainer.py] => Average Accuracy (CNN top1): 83.888
2026-06-23 16:19:10,243 [clg_cbm.py] => Learning on 90-100
2026-06-23 16:32:29,820 [trainer.py] => CNN: {'total': 80.09, '00-09': 72.4, '10-19': 77.2, '20-29': 84.1, '30-39': 77.8, '40-49': 79.1, '50-59': 72.1, '60-69': 83.8, '70-79': 82.3, '80-89': 85.7, '90-99': 86.4, 'old': 79.39, 'new': 86.4, 'harmonic': 82.75}
2026-06-23 16:32:29,820 [trainer.py] => CNN top1 curve: [88.94, 84.27, 82.83, 82.1, 81.3, 80.09]
2026-06-23 16:32:29,820 [trainer.py] => CNN top5 curve: [98.58, 97.38, 96.44, 96.42, 95.97, 95.26]
2026-06-23 16:32:29,821 [trainer.py] => Average Accuracy (CNN top1): 83.255
