2026-06-23 13:46:19,950 [trainer.py] => config: ./configs/CLG-CBM/CLG-CBM_cifar_B0_Inc10.json
2026-06-23 13:46:19,950 [trainer.py] => prefix: continual-CLIP
2026-06-23 13:46:19,950 [trainer.py] => dataset: cifar224
2026-06-23 13:46:19,950 [trainer.py] => memory_size: 0
2026-06-23 13:46:19,950 [trainer.py] => memory_per_class: 0
2026-06-23 13:46:19,950 [trainer.py] => fixed_memory: False
2026-06-23 13:46:19,950 [trainer.py] => shuffle: True
2026-06-23 13:46:19,950 [trainer.py] => init_cls: 10
2026-06-23 13:46:19,950 [trainer.py] => increment: 10
2026-06-23 13:46:19,950 [trainer.py] => model_name: CLG-CBM
2026-06-23 13:46:19,950 [trainer.py] => backbone_type: clip
2026-06-23 13:46:19,950 [trainer.py] => device: [device(type='cuda', index=5)]
2026-06-23 13:46:19,950 [trainer.py] => seed: 2026
2026-06-23 13:46:19,950 [trainer.py] => sim: 1
2026-06-23 13:46:19,950 [trainer.py] => epochs: 30
2026-06-23 13:46:19,950 [trainer.py] => lr: 0.01
2026-06-23 13:46:19,950 [trainer.py] => FB_epoch: 60
2026-06-23 13:46:19,951 [trainer.py] => FB_epoch_inc: 60
2026-06-23 13:46:19,951 [trainer.py] => init_lr: 0.001
2026-06-23 13:46:19,951 [trainer.py] => pool: 10
2026-06-23 13:46:19,951 [trainer.py] => sg_num: 1
2026-06-23 13:46:19,951 [trainer.py] => milestones: [30, 40, 50]
2026-06-23 13:46:19,951 [trainer.py] => batch_size: 48
2026-06-23 13:46:19,951 [trainer.py] => division_power: 5
2026-06-23 13:46:19,951 [trainer.py] => linear_model: ['linear', 'bn', 'linear']
2026-06-23 13:46:19,951 [trainer.py] => score_model: ['bn', 'linear']
2026-06-23 13:46:19,951 [trainer.py] => regularizer: mahalanobis
2026-06-23 13:46:19,951 [trainer.py] => print_freq: 10
2026-06-23 13:46:19,951 [trainer.py] => repeat: False
2026-06-23 13:46:19,951 [trainer.py] => total_class_num: 100
2026-06-23 13:46:21,059 [data_manager.py] => [98, 10, 4, 18, 88, 13, 8, 84, 79, 21, 85, 96, 53, 42, 52, 97, 74, 5, 58, 23, 90, 59, 16, 72, 75, 30, 43, 99, 44, 41, 0, 46, 61, 80, 65, 39, 70, 87, 89, 91, 82, 14, 12, 71, 50, 11, 15, 57, 22, 67, 45, 32, 78, 63, 66, 55, 31, 62, 35, 34, 19, 49, 24, 9, 37, 36, 3, 64, 40, 86, 81, 93, 47, 73, 17, 60, 68, 25, 38, 48, 33, 20, 83, 7, 27, 94, 54, 2, 92, 76, 69, 51, 28, 29, 95, 77, 56, 26, 6, 1]
2026-06-23 13:46:21,174 [factory.py] => Loaded ViT-B-16 model config.
2026-06-23 13:46:22,817 [factory.py] => Loading pretrained ViT-B-16 weights (/home/team/zhaohongwei/pretrained_models/open_clip_pytorch_model_laion400m_e32.bin).
2026-06-23 13:46:24,254 [factory.py] => Loaded ViT-B-16 model config.
2026-06-23 13:46:25,723 [factory.py] => Loading pretrained ViT-B-16 weights (/home/team/zhaohongwei/pretrained_models/open_clip_pytorch_model_laion400m_e32.bin).
2026-06-23 13:46:27,233 [factory.py] => Loaded ViT-B-16 model config.
2026-06-23 13:46:28,886 [factory.py] => Loading pretrained ViT-B-16 weights (/home/team/zhaohongwei/pretrained_models/open_clip_pytorch_model_laion400m_e32.bin).
2026-06-23 13:46:30,161 [clg_cbm.py] => Learning on 0-10
2026-06-23 13:51:24,011 [trainer.py] => CNN: {'total': 97.8, '00-09': 97.8, 'old': 0, 'new': 97.8, 'harmonic': 0.0}
2026-06-23 13:51:24,012 [trainer.py] => CNN top1 curve: [97.8]
2026-06-23 13:51:24,012 [trainer.py] => CNN top5 curve: [100.0]
2026-06-23 13:51:24,012 [trainer.py] => Average Accuracy (CNN top1): 97.8
2026-06-23 13:51:24,012 [clg_cbm.py] => Learning on 10-20
2026-06-23 13:57:01,826 [trainer.py] => CNN: {'total': 92.75, '00-09': 91.1, '10-19': 94.4, 'old': 91.1, 'new': 94.4, 'harmonic': 92.72}
2026-06-23 13:57:01,826 [trainer.py] => CNN top1 curve: [97.8, 92.75]
2026-06-23 13:57:01,826 [trainer.py] => CNN top5 curve: [100.0, 99.7]
2026-06-23 13:57:01,826 [trainer.py] => Average Accuracy (CNN top1): 95.275
2026-06-23 13:57:01,826 [clg_cbm.py] => Learning on 20-30
2026-06-23 14:03:30,681 [trainer.py] => CNN: {'total': 89.33, '00-09': 88.4, '10-19': 86.5, '20-29': 93.1, 'old': 87.45, 'new': 93.1, 'harmonic': 90.19}
2026-06-23 14:03:30,681 [trainer.py] => CNN top1 curve: [97.8, 92.75, 89.33]
2026-06-23 14:03:30,681 [trainer.py] => CNN top5 curve: [100.0, 99.7, 99.0]
2026-06-23 14:03:30,681 [trainer.py] => Average Accuracy (CNN top1): 93.29333333333334
2026-06-23 14:03:30,682 [clg_cbm.py] => Learning on 30-40
2026-06-23 14:10:44,964 [trainer.py] => CNN: {'total': 88.02, '00-09': 83.7, '10-19': 87.9, '20-29': 84.6, '30-39': 95.9, 'old': 85.4, 'new': 95.9, 'harmonic': 90.35}
2026-06-23 14:10:44,965 [trainer.py] => CNN top1 curve: [97.8, 92.75, 89.33, 88.02]
2026-06-23 14:10:44,965 [trainer.py] => CNN top5 curve: [100.0, 99.7, 99.0, 98.38]
2026-06-23 14:10:44,965 [trainer.py] => Average Accuracy (CNN top1): 91.975
2026-06-23 14:10:44,965 [clg_cbm.py] => Learning on 40-50
2026-06-23 14:19:02,758 [trainer.py] => CNN: {'total': 86.34, '00-09': 83.3, '10-19': 83.3, '20-29': 82.7, '30-39': 88.4, '40-49': 94.0, 'old': 84.42, 'new': 94.0, 'harmonic': 88.95}
2026-06-23 14:19:02,759 [trainer.py] => CNN top1 curve: [97.8, 92.75, 89.33, 88.02, 86.34]
2026-06-23 14:19:02,759 [trainer.py] => CNN top5 curve: [100.0, 99.7, 99.0, 98.38, 97.76]
2026-06-23 14:19:02,759 [trainer.py] => Average Accuracy (CNN top1): 90.848
2026-06-23 14:19:02,759 [clg_cbm.py] => Learning on 50-60
2026-06-23 14:28:06,772 [trainer.py] => CNN: {'total': 82.13, '00-09': 80.9, '10-19': 82.9, '20-29': 75.7, '30-39': 84.1, '40-49': 82.9, '50-59': 86.3, 'old': 81.3, 'new': 86.3, 'harmonic': 83.73}
2026-06-23 14:28:06,772 [trainer.py] => CNN top1 curve: [97.8, 92.75, 89.33, 88.02, 86.34, 82.13]
2026-06-23 14:28:06,772 [trainer.py] => CNN top5 curve: [100.0, 99.7, 99.0, 98.38, 97.76, 96.28]
2026-06-23 14:28:06,772 [trainer.py] => Average Accuracy (CNN top1): 89.395
2026-06-23 14:28:06,772 [clg_cbm.py] => Learning on 60-70
2026-06-23 14:38:30,478 [trainer.py] => CNN: {'total': 83.33, '00-09': 82.5, '10-19': 83.6, '20-29': 81.6, '30-39': 86.6, '40-49': 82.2, '50-59': 75.3, '60-69': 91.5, 'old': 81.97, 'new': 91.5, 'harmonic': 86.47}
2026-06-23 14:38:30,479 [trainer.py] => CNN top1 curve: [97.8, 92.75, 89.33, 88.02, 86.34, 82.13, 83.33]
2026-06-23 14:38:30,479 [trainer.py] => CNN top5 curve: [100.0, 99.7, 99.0, 98.38, 97.76, 96.28, 96.76]
2026-06-23 14:38:30,479 [trainer.py] => Average Accuracy (CNN top1): 88.52857142857144
2026-06-23 14:38:30,479 [clg_cbm.py] => Learning on 70-80
2026-06-23 14:49:47,088 [trainer.py] => CNN: {'total': 80.89, '00-09': 78.0, '10-19': 74.0, '20-29': 76.7, '30-39': 85.5, '40-49': 82.3, '50-59': 75.7, '60-69': 84.3, '70-79': 90.6, 'old': 79.5, 'new': 90.6, 'harmonic': 84.69}
2026-06-23 14:49:47,089 [trainer.py] => CNN top1 curve: [97.8, 92.75, 89.33, 88.02, 86.34, 82.13, 83.33, 80.89]
2026-06-23 14:49:47,089 [trainer.py] => CNN top5 curve: [100.0, 99.7, 99.0, 98.38, 97.76, 96.28, 96.76, 96.02]
2026-06-23 14:49:47,089 [trainer.py] => Average Accuracy (CNN top1): 87.57375
2026-06-23 14:49:47,089 [clg_cbm.py] => Learning on 80-90
2026-06-23 15:02:27,898 [trainer.py] => CNN: {'total': 80.07, '00-09': 76.9, '10-19': 75.9, '20-29': 78.7, '30-39': 83.7, '40-49': 81.6, '50-59': 71.7, '60-69': 83.5, '70-79': 77.6, '80-89': 91.0, 'old': 78.7, 'new': 91.0, 'harmonic': 84.4}
2026-06-23 15:02:27,898 [trainer.py] => CNN top1 curve: [97.8, 92.75, 89.33, 88.02, 86.34, 82.13, 83.33, 80.89, 80.07]
2026-06-23 15:02:27,898 [trainer.py] => CNN top5 curve: [100.0, 99.7, 99.0, 98.38, 97.76, 96.28, 96.76, 96.02, 95.72]
2026-06-23 15:02:27,898 [trainer.py] => Average Accuracy (CNN top1): 86.74000000000001
2026-06-23 15:02:27,898 [clg_cbm.py] => Learning on 90-100
2026-06-23 15:16:02,290 [trainer.py] => CNN: {'total': 81.52, '00-09': 79.6, '10-19': 80.7, '20-29': 77.7, '30-39': 85.2, '40-49': 82.8, '50-59': 73.5, '60-69': 82.0, '70-79': 79.3, '80-89': 84.6, '90-99': 89.8, 'old': 80.6, 'new': 89.8, 'harmonic': 84.95}
2026-06-23 15:16:02,290 [trainer.py] => CNN top1 curve: [97.8, 92.75, 89.33, 88.02, 86.34, 82.13, 83.33, 80.89, 80.07, 81.52]
2026-06-23 15:16:02,291 [trainer.py] => CNN top5 curve: [100.0, 99.7, 99.0, 98.38, 97.76, 96.28, 96.76, 96.02, 95.72, 95.84]
2026-06-23 15:16:02,291 [trainer.py] => Average Accuracy (CNN top1): 86.218
