2026-06-24 01:04:31,293 [trainer.py] => config: ./configs/CLG-CBM/CLG-CBM_cub_B100_Inc20.json
2026-06-24 01:04:31,293 [trainer.py] => prefix: continual-CLIP
2026-06-24 01:04:31,293 [trainer.py] => dataset: cub
2026-06-24 01:04:31,293 [trainer.py] => memory_size: 0
2026-06-24 01:04:31,293 [trainer.py] => memory_per_class: 0
2026-06-24 01:04:31,293 [trainer.py] => fixed_memory: False
2026-06-24 01:04:31,293 [trainer.py] => shuffle: True
2026-06-24 01:04:31,294 [trainer.py] => init_cls: 100
2026-06-24 01:04:31,294 [trainer.py] => increment: 20
2026-06-24 01:04:31,294 [trainer.py] => model_name: CLG-CBM
2026-06-24 01:04:31,294 [trainer.py] => backbone_type: clip
2026-06-24 01:04:31,294 [trainer.py] => device: [device(type='cuda', index=5)]
2026-06-24 01:04:31,294 [trainer.py] => seed: 1993
2026-06-24 01:04:31,294 [trainer.py] => sim: 1
2026-06-24 01:04:31,294 [trainer.py] => epochs: 30
2026-06-24 01:04:31,294 [trainer.py] => lr: 0.01
2026-06-24 01:04:31,294 [trainer.py] => FB_epoch: 60
2026-06-24 01:04:31,294 [trainer.py] => FB_epoch_inc: 60
2026-06-24 01:04:31,294 [trainer.py] => init_lr: 0.001
2026-06-24 01:04:31,294 [trainer.py] => pool: 10
2026-06-24 01:04:31,294 [trainer.py] => sg_num: 1
2026-06-24 01:04:31,294 [trainer.py] => milestones: [30, 40, 50]
2026-06-24 01:04:31,294 [trainer.py] => batch_size: 48
2026-06-24 01:04:31,294 [trainer.py] => division_power: 5
2026-06-24 01:04:31,294 [trainer.py] => linear_model: ['linear', 'bn', 'linear']
2026-06-24 01:04:31,294 [trainer.py] => score_model: ['bn', 'linear']
2026-06-24 01:04:31,294 [trainer.py] => regularizer: mahalanobis
2026-06-24 01:04:31,295 [trainer.py] => print_freq: 10
2026-06-24 01:04:31,295 [trainer.py] => repeat: False
2026-06-24 01:04:31,295 [trainer.py] => total_class_num: 200
2026-06-24 01:04:31,336 [data_manager.py] => [168, 136, 51, 9, 183, 101, 171, 99, 42, 159, 191, 70, 16, 188, 27, 10, 175, 26, 68, 187, 98, 6, 85, 35, 112, 43, 100, 0, 103, 181, 88, 59, 4, 2, 116, 174, 94, 80, 106, 1, 147, 17, 141, 131, 72, 23, 173, 54, 197, 118, 87, 32, 79, 104, 91, 19, 135, 107, 178, 36, 11, 199, 142, 8, 122, 3, 28, 57, 153, 172, 190, 56, 49, 44, 97, 62, 151, 169, 194, 55, 192, 12, 189, 78, 66, 180, 15, 137, 109, 134, 92, 119, 126, 52, 170, 40, 148, 65, 144, 64, 138, 45, 77, 89, 154, 90, 71, 193, 74, 30, 113, 143, 96, 84, 67, 50, 186, 156, 69, 21, 18, 111, 108, 58, 125, 157, 150, 110, 182, 129, 166, 83, 81, 60, 13, 165, 14, 176, 63, 117, 5, 22, 145, 121, 38, 41, 82, 127, 114, 20, 31, 53, 37, 163, 196, 130, 152, 162, 86, 76, 24, 34, 184, 149, 33, 128, 198, 155, 146, 167, 139, 120, 140, 102, 47, 25, 158, 123, 46, 164, 61, 7, 115, 75, 133, 160, 105, 132, 179, 124, 48, 73, 93, 39, 95, 195, 29, 177, 185, 161]
2026-06-24 01:04:31,374 [factory.py] => Loaded ViT-B-16 model config.
2026-06-24 01:04:33,402 [factory.py] => Loading pretrained ViT-B-16 weights (/home/team/zhaohongwei/pretrained_models/open_clip_pytorch_model_laion400m_e32.bin).
2026-06-24 01:04:34,415 [factory.py] => Loaded ViT-B-16 model config.
2026-06-24 01:04:35,900 [factory.py] => Loading pretrained ViT-B-16 weights (/home/team/zhaohongwei/pretrained_models/open_clip_pytorch_model_laion400m_e32.bin).
2026-06-24 01:04:37,248 [factory.py] => Loaded ViT-B-16 model config.
2026-06-24 01:04:38,823 [factory.py] => Loading pretrained ViT-B-16 weights (/home/team/zhaohongwei/pretrained_models/open_clip_pytorch_model_laion400m_e32.bin).
2026-06-24 01:04:40,083 [clg_cbm.py] => Learning on 0-100
2026-06-24 01:13:08,704 [trainer.py] => CNN: {'total': 77.61, '00-09': 73.73, '10-19': 73.64, '20-29': 85.57, '30-39': 70.91, '40-49': 77.57, '50-59': 74.77, '60-69': 74.53, '70-79': 82.27, '80-89': 84.96, '90-99': 77.21, 'old': 0, 'new': 77.61, 'harmonic': 0.0}
2026-06-24 01:13:08,705 [trainer.py] => CNN top1 curve: [77.61]
2026-06-24 01:13:08,705 [trainer.py] => CNN top5 curve: [96.89]
2026-06-24 01:13:08,705 [trainer.py] => Average Accuracy (CNN top1): 77.61
2026-06-24 01:13:08,705 [clg_cbm.py] => Learning on 100-120
2026-06-24 01:16:43,823 [trainer.py] => CNN: {'total': 77.33, '00-09': 76.27, '10-19': 75.97, '20-29': 85.57, '30-39': 72.73, '40-49': 75.7, '50-59': 63.06, '60-69': 72.64, '70-79': 82.98, '80-89': 78.2, '90-99': 77.21, '100-109': 84.35, '110-119': 82.3, 'old': 76.18, 'new': 83.33, 'harmonic': 79.59}
2026-06-24 01:16:43,824 [trainer.py] => CNN top1 curve: [77.61, 77.33]
2026-06-24 01:16:43,824 [trainer.py] => CNN top5 curve: [96.89, 96.05]
2026-06-24 01:16:43,824 [trainer.py] => Average Accuracy (CNN top1): 77.47
2026-06-24 01:16:43,824 [clg_cbm.py] => Learning on 120-140
2026-06-24 01:20:35,375 [trainer.py] => CNN: {'total': 77.51, '00-09': 72.88, '10-19': 75.19, '20-29': 81.44, '30-39': 70.0, '40-49': 80.37, '50-59': 72.07, '60-69': 73.58, '70-79': 80.14, '80-89': 77.44, '90-99': 79.41, '100-109': 83.48, '110-119': 77.88, '120-129': 74.77, '130-139': 85.59, 'old': 77.05, 'new': 80.44, 'harmonic': 78.71}
2026-06-24 01:20:35,375 [trainer.py] => CNN top1 curve: [77.61, 77.33, 77.51]
2026-06-24 01:20:35,375 [trainer.py] => CNN top5 curve: [96.89, 96.05, 96.47]
2026-06-24 01:20:35,375 [trainer.py] => Average Accuracy (CNN top1): 77.48333333333333
2026-06-24 01:20:35,375 [clg_cbm.py] => Learning on 140-160
2026-06-24 01:24:38,888 [trainer.py] => CNN: {'total': 77.84, '00-09': 76.27, '10-19': 75.97, '20-29': 86.6, '30-39': 68.18, '40-49': 76.64, '50-59': 69.37, '60-69': 75.47, '70-79': 78.01, '80-89': 78.2, '90-99': 78.68, '100-109': 80.87, '110-119': 76.11, '120-129': 75.7, '130-139': 83.05, '140-149': 77.78, '150-159': 87.9, 'old': 77.09, 'new': 82.8, 'harmonic': 79.84}
2026-06-24 01:24:38,889 [trainer.py] => CNN top1 curve: [77.61, 77.33, 77.51, 77.84]
2026-06-24 01:24:38,889 [trainer.py] => CNN top5 curve: [96.89, 96.05, 96.47, 96.56]
2026-06-24 01:24:38,889 [trainer.py] => Average Accuracy (CNN top1): 77.57249999999999
2026-06-24 01:24:38,889 [clg_cbm.py] => Learning on 160-180
2026-06-24 01:28:56,622 [trainer.py] => CNN: {'total': 77.49, '00-09': 68.64, '10-19': 79.07, '20-29': 82.47, '30-39': 68.18, '40-49': 74.77, '50-59': 65.77, '60-69': 72.64, '70-79': 74.47, '80-89': 81.95, '90-99': 77.21, '100-109': 85.22, '110-119': 75.22, '120-129': 72.9, '130-139': 77.97, '140-149': 77.78, '150-159': 92.74, '160-169': 82.84, '170-179': 82.52, 'old': 76.84, 'new': 82.7, 'harmonic': 79.66}
2026-06-24 01:28:56,622 [trainer.py] => CNN top1 curve: [77.61, 77.33, 77.51, 77.84, 77.49]
2026-06-24 01:28:56,622 [trainer.py] => CNN top5 curve: [96.89, 96.05, 96.47, 96.56, 96.1]
2026-06-24 01:28:56,622 [trainer.py] => Average Accuracy (CNN top1): 77.556
2026-06-24 01:28:56,622 [clg_cbm.py] => Learning on 180-200
2026-06-24 01:33:33,298 [trainer.py] => CNN: {'total': 77.4, '00-09': 76.27, '10-19': 82.17, '20-29': 83.51, '30-39': 71.82, '40-49': 79.44, '50-59': 69.37, '60-69': 71.7, '70-79': 77.3, '80-89': 81.95, '90-99': 73.53, '100-109': 83.48, '110-119': 71.68, '120-129': 71.03, '130-139': 78.81, '140-149': 76.98, '150-159': 85.48, '160-169': 77.61, '170-179': 78.64, '180-189': 78.79, '190-199': 76.53, 'old': 77.35, 'new': 77.83, 'harmonic': 77.59}
2026-06-24 01:33:33,298 [trainer.py] => CNN top1 curve: [77.61, 77.33, 77.51, 77.84, 77.49, 77.4]
2026-06-24 01:33:33,299 [trainer.py] => CNN top5 curve: [96.89, 96.05, 96.47, 96.56, 96.1, 95.25]
2026-06-24 01:33:33,299 [trainer.py] => Average Accuracy (CNN top1): 77.52999999999999
