2026-06-23 22:52:43,621 [trainer.py] => config: ./configs/CLG-CBM/CLG-CBM_cub_B0_Inc20.json
2026-06-23 22:52:43,621 [trainer.py] => prefix: continual-CLIP
2026-06-23 22:52:43,621 [trainer.py] => dataset: cub
2026-06-23 22:52:43,621 [trainer.py] => memory_size: 0
2026-06-23 22:52:43,621 [trainer.py] => memory_per_class: 0
2026-06-23 22:52:43,621 [trainer.py] => fixed_memory: False
2026-06-23 22:52:43,621 [trainer.py] => shuffle: True
2026-06-23 22:52:43,621 [trainer.py] => init_cls: 20
2026-06-23 22:52:43,621 [trainer.py] => increment: 20
2026-06-23 22:52:43,621 [trainer.py] => model_name: CLG-CBM
2026-06-23 22:52:43,621 [trainer.py] => backbone_type: clip
2026-06-23 22:52:43,621 [trainer.py] => device: [device(type='cuda', index=5)]
2026-06-23 22:52:43,621 [trainer.py] => seed: 1993
2026-06-23 22:52:43,621 [trainer.py] => sim: 1
2026-06-23 22:52:43,621 [trainer.py] => epochs: 30
2026-06-23 22:52:43,621 [trainer.py] => lr: 0.01
2026-06-23 22:52:43,621 [trainer.py] => FB_epoch: 60
2026-06-23 22:52:43,621 [trainer.py] => FB_epoch_inc: 60
2026-06-23 22:52:43,621 [trainer.py] => init_lr: 0.001
2026-06-23 22:52:43,621 [trainer.py] => pool: 10
2026-06-23 22:52:43,621 [trainer.py] => sg_num: 1
2026-06-23 22:52:43,621 [trainer.py] => milestones: [30, 40, 50]
2026-06-23 22:52:43,621 [trainer.py] => batch_size: 48
2026-06-23 22:52:43,621 [trainer.py] => division_power: 5
2026-06-23 22:52:43,622 [trainer.py] => linear_model: ['linear', 'bn', 'linear']
2026-06-23 22:52:43,622 [trainer.py] => score_model: ['bn', 'linear']
2026-06-23 22:52:43,622 [trainer.py] => regularizer: mahalanobis
2026-06-23 22:52:43,622 [trainer.py] => print_freq: 10
2026-06-23 22:52:43,622 [trainer.py] => repeat: False
2026-06-23 22:52:43,622 [trainer.py] => total_class_num: 200
2026-06-23 22:52:43,676 [data_manager.py] => [168, 136, 51, 9, 183, 101, 171, 99, 42, 159, 191, 70, 16, 188, 27, 10, 175, 26, 68, 187, 98, 6, 85, 35, 112, 43, 100, 0, 103, 181, 88, 59, 4, 2, 116, 174, 94, 80, 106, 1, 147, 17, 141, 131, 72, 23, 173, 54, 197, 118, 87, 32, 79, 104, 91, 19, 135, 107, 178, 36, 11, 199, 142, 8, 122, 3, 28, 57, 153, 172, 190, 56, 49, 44, 97, 62, 151, 169, 194, 55, 192, 12, 189, 78, 66, 180, 15, 137, 109, 134, 92, 119, 126, 52, 170, 40, 148, 65, 144, 64, 138, 45, 77, 89, 154, 90, 71, 193, 74, 30, 113, 143, 96, 84, 67, 50, 186, 156, 69, 21, 18, 111, 108, 58, 125, 157, 150, 110, 182, 129, 166, 83, 81, 60, 13, 165, 14, 176, 63, 117, 5, 22, 145, 121, 38, 41, 82, 127, 114, 20, 31, 53, 37, 163, 196, 130, 152, 162, 86, 76, 24, 34, 184, 149, 33, 128, 198, 155, 146, 167, 139, 120, 140, 102, 47, 25, 158, 123, 46, 164, 61, 7, 115, 75, 133, 160, 105, 132, 179, 124, 48, 73, 93, 39, 95, 195, 29, 177, 185, 161]
2026-06-23 22:52:43,729 [factory.py] => Loaded ViT-B-16 model config.
2026-06-23 22:52:45,606 [factory.py] => Loading pretrained ViT-B-16 weights (/home/team/zhaohongwei/pretrained_models/open_clip_pytorch_model_laion400m_e32.bin).
2026-06-23 22:52:47,725 [factory.py] => Loaded ViT-B-16 model config.
2026-06-23 22:52:50,058 [factory.py] => Loading pretrained ViT-B-16 weights (/home/team/zhaohongwei/pretrained_models/open_clip_pytorch_model_laion400m_e32.bin).
2026-06-23 22:52:50,955 [factory.py] => Loaded ViT-B-16 model config.
2026-06-23 22:52:52,611 [factory.py] => Loading pretrained ViT-B-16 weights (/home/team/zhaohongwei/pretrained_models/open_clip_pytorch_model_laion400m_e32.bin).
2026-06-23 22:52:54,376 [clg_cbm.py] => Learning on 0-20
2026-06-23 22:55:54,967 [trainer.py] => CNN: {'total': 97.57, '00-09': 99.15, '10-19': 96.12, 'old': 0, 'new': 97.57, 'harmonic': 0.0}
2026-06-23 22:55:54,967 [trainer.py] => CNN top1 curve: [97.57]
2026-06-23 22:55:54,967 [trainer.py] => CNN top5 curve: [100.0]
2026-06-23 22:55:54,967 [trainer.py] => Average Accuracy (CNN top1): 97.57
2026-06-23 22:55:54,967 [clg_cbm.py] => Learning on 20-40
2026-06-23 22:58:59,365 [trainer.py] => CNN: {'total': 93.61, '00-09': 97.46, '10-19': 92.25, '20-29': 93.81, '30-39': 90.91, 'old': 94.74, 'new': 92.27, 'harmonic': 93.49}
2026-06-23 22:58:59,366 [trainer.py] => CNN top1 curve: [97.57, 93.61]
2026-06-23 22:58:59,366 [trainer.py] => CNN top5 curve: [100.0, 99.34]
2026-06-23 22:58:59,366 [trainer.py] => Average Accuracy (CNN top1): 95.59
2026-06-23 22:58:59,366 [clg_cbm.py] => Learning on 40-60
2026-06-23 23:02:16,599 [trainer.py] => CNN: {'total': 89.58, '00-09': 86.44, '10-19': 92.25, '20-29': 89.69, '30-39': 86.36, '40-49': 93.46, '50-59': 89.19, 'old': 88.77, 'new': 91.28, 'harmonic': 90.01}
2026-06-23 23:02:16,600 [trainer.py] => CNN top1 curve: [97.57, 93.61, 89.58]
2026-06-23 23:02:16,600 [trainer.py] => CNN top5 curve: [100.0, 99.34, 98.36]
2026-06-23 23:02:16,600 [trainer.py] => Average Accuracy (CNN top1): 93.58666666666666
2026-06-23 23:02:16,600 [clg_cbm.py] => Learning on 60-80
2026-06-23 23:05:52,277 [trainer.py] => CNN: {'total': 86.18, '00-09': 81.36, '10-19': 90.7, '20-29': 90.72, '30-39': 79.09, '40-49': 89.72, '50-59': 82.88, '60-69': 84.91, '70-79': 89.36, 'old': 85.71, 'new': 87.45, 'harmonic': 86.57}
2026-06-23 23:05:52,278 [trainer.py] => CNN top1 curve: [97.57, 93.61, 89.58, 86.18]
2026-06-23 23:05:52,278 [trainer.py] => CNN top5 curve: [100.0, 99.34, 98.36, 98.15]
2026-06-23 23:05:52,278 [trainer.py] => Average Accuracy (CNN top1): 91.735
2026-06-23 23:05:52,278 [clg_cbm.py] => Learning on 80-100
2026-06-23 23:09:46,081 [trainer.py] => CNN: {'total': 85.77, '00-09': 78.81, '10-19': 86.05, '20-29': 89.69, '30-39': 80.91, '40-49': 86.92, '50-59': 83.78, '60-69': 77.36, '70-79': 87.94, '80-89': 91.73, '90-99': 91.91, 'old': 84.0, 'new': 91.82, 'harmonic': 87.74}
2026-06-23 23:09:46,081 [trainer.py] => CNN top1 curve: [97.57, 93.61, 89.58, 86.18, 85.77]
2026-06-23 23:09:46,081 [trainer.py] => CNN top5 curve: [100.0, 99.34, 98.36, 98.15, 97.81]
2026-06-23 23:09:46,081 [trainer.py] => Average Accuracy (CNN top1): 90.542
2026-06-23 23:09:46,082 [clg_cbm.py] => Learning on 100-120
2026-06-23 23:13:42,918 [trainer.py] => CNN: {'total': 82.56, '00-09': 79.66, '10-19': 82.17, '20-29': 90.72, '30-39': 76.36, '40-49': 85.05, '50-59': 72.97, '60-69': 79.25, '70-79': 83.69, '80-89': 84.96, '90-99': 81.62, '100-109': 89.57, '110-119': 84.96, 'old': 81.65, 'new': 87.28, 'harmonic': 84.37}
2026-06-23 23:13:42,919 [trainer.py] => CNN top1 curve: [97.57, 93.61, 89.58, 86.18, 85.77, 82.56]
2026-06-23 23:13:42,919 [trainer.py] => CNN top5 curve: [100.0, 99.34, 98.36, 98.15, 97.81, 97.03]
2026-06-23 23:13:42,919 [trainer.py] => Average Accuracy (CNN top1): 89.21166666666666
2026-06-23 23:13:42,920 [clg_cbm.py] => Learning on 120-140
2026-06-23 23:17:56,135 [trainer.py] => CNN: {'total': 82.02, '00-09': 75.42, '10-19': 86.05, '20-29': 86.6, '30-39': 76.36, '40-49': 83.18, '50-59': 78.38, '60-69': 81.13, '70-79': 84.4, '80-89': 83.46, '90-99': 86.03, '100-109': 82.61, '110-119': 79.65, '120-129': 78.5, '130-139': 84.75, 'old': 82.06, 'new': 81.78, 'harmonic': 81.92}
2026-06-23 23:17:56,136 [trainer.py] => CNN top1 curve: [97.57, 93.61, 89.58, 86.18, 85.77, 82.56, 82.02]
2026-06-23 23:17:56,137 [trainer.py] => CNN top5 curve: [100.0, 99.34, 98.36, 98.15, 97.81, 97.03, 96.77]
2026-06-23 23:17:56,137 [trainer.py] => Average Accuracy (CNN top1): 88.1842857142857
2026-06-23 23:17:56,137 [clg_cbm.py] => Learning on 140-160
2026-06-23 23:22:23,542 [trainer.py] => CNN: {'total': 79.53, '00-09': 74.58, '10-19': 86.82, '20-29': 84.54, '30-39': 76.36, '40-49': 79.44, '50-59': 69.37, '60-69': 74.53, '70-79': 82.98, '80-89': 77.44, '90-99': 80.15, '100-109': 85.22, '110-119': 71.68, '120-129': 77.57, '130-139': 77.97, '140-149': 87.3, '150-159': 83.87, 'old': 78.61, 'new': 85.6, 'harmonic': 81.96}
2026-06-23 23:22:23,543 [trainer.py] => CNN top1 curve: [97.57, 93.61, 89.58, 86.18, 85.77, 82.56, 82.02, 79.53]
2026-06-23 23:22:23,543 [trainer.py] => CNN top5 curve: [100.0, 99.34, 98.36, 98.15, 97.81, 97.03, 96.77, 96.4]
2026-06-23 23:22:23,543 [trainer.py] => Average Accuracy (CNN top1): 87.10249999999999
2026-06-23 23:22:23,544 [clg_cbm.py] => Learning on 160-180
2026-06-23 23:27:14,577 [trainer.py] => CNN: {'total': 79.93, '00-09': 75.42, '10-19': 84.5, '20-29': 86.6, '30-39': 71.82, '40-49': 85.05, '50-59': 76.58, '60-69': 79.25, '70-79': 81.56, '80-89': 87.97, '90-99': 81.62, '100-109': 73.91, '110-119': 73.45, '120-129': 78.5, '130-139': 76.27, '140-149': 73.81, '150-159': 83.87, '160-169': 85.07, '170-179': 81.55, 'old': 79.48, 'new': 83.54, 'harmonic': 81.46}
2026-06-23 23:27:14,577 [trainer.py] => CNN top1 curve: [97.57, 93.61, 89.58, 86.18, 85.77, 82.56, 82.02, 79.53, 79.93]
2026-06-23 23:27:14,578 [trainer.py] => CNN top5 curve: [100.0, 99.34, 98.36, 98.15, 97.81, 97.03, 96.77, 96.4, 95.86]
2026-06-23 23:27:14,578 [trainer.py] => Average Accuracy (CNN top1): 86.30555555555556
2026-06-23 23:27:14,578 [clg_cbm.py] => Learning on 180-200
2026-06-23 23:32:15,061 [trainer.py] => CNN: {'total': 77.99, '00-09': 75.42, '10-19': 84.5, '20-29': 83.51, '30-39': 71.82, '40-49': 83.18, '50-59': 75.68, '60-69': 77.36, '70-79': 80.14, '80-89': 85.71, '90-99': 84.56, '100-109': 77.39, '110-119': 73.45, '120-129': 70.09, '130-139': 75.42, '140-149': 75.4, '150-159': 81.45, '160-169': 72.39, '170-179': 71.84, '180-189': 78.79, '190-199': 78.57, 'old': 77.91, 'new': 78.7, 'harmonic': 78.3}
2026-06-23 23:32:15,061 [trainer.py] => CNN top1 curve: [97.57, 93.61, 89.58, 86.18, 85.77, 82.56, 82.02, 79.53, 79.93, 77.99]
2026-06-23 23:32:15,062 [trainer.py] => CNN top5 curve: [100.0, 99.34, 98.36, 98.15, 97.81, 97.03, 96.77, 96.4, 95.86, 95.29]
2026-06-23 23:32:15,062 [trainer.py] => Average Accuracy (CNN top1): 85.474
