2026-06-24 00:10:30,889 [trainer.py] => config: ./configs/CLG-CBM/CLG-CBM_cub_B100_Inc20.json
2026-06-24 00:10:30,889 [trainer.py] => prefix: continual-CLIP
2026-06-24 00:10:30,889 [trainer.py] => dataset: cub
2026-06-24 00:10:30,889 [trainer.py] => memory_size: 0
2026-06-24 00:10:30,889 [trainer.py] => memory_per_class: 0
2026-06-24 00:10:30,889 [trainer.py] => fixed_memory: False
2026-06-24 00:10:30,889 [trainer.py] => shuffle: True
2026-06-24 00:10:30,889 [trainer.py] => init_cls: 100
2026-06-24 00:10:30,889 [trainer.py] => increment: 20
2026-06-24 00:10:30,889 [trainer.py] => model_name: CLG-CBM
2026-06-24 00:10:30,889 [trainer.py] => backbone_type: clip
2026-06-24 00:10:30,889 [trainer.py] => device: [device(type='cuda', index=5)]
2026-06-24 00:10:30,889 [trainer.py] => seed: 0
2026-06-24 00:10:30,889 [trainer.py] => sim: 1
2026-06-24 00:10:30,889 [trainer.py] => epochs: 30
2026-06-24 00:10:30,889 [trainer.py] => lr: 0.01
2026-06-24 00:10:30,889 [trainer.py] => FB_epoch: 60
2026-06-24 00:10:30,889 [trainer.py] => FB_epoch_inc: 60
2026-06-24 00:10:30,889 [trainer.py] => init_lr: 0.001
2026-06-24 00:10:30,889 [trainer.py] => pool: 10
2026-06-24 00:10:30,889 [trainer.py] => sg_num: 1
2026-06-24 00:10:30,889 [trainer.py] => milestones: [30, 40, 50]
2026-06-24 00:10:30,890 [trainer.py] => batch_size: 48
2026-06-24 00:10:30,890 [trainer.py] => division_power: 5
2026-06-24 00:10:30,890 [trainer.py] => linear_model: ['linear', 'bn', 'linear']
2026-06-24 00:10:30,890 [trainer.py] => score_model: ['bn', 'linear']
2026-06-24 00:10:30,890 [trainer.py] => regularizer: mahalanobis
2026-06-24 00:10:30,890 [trainer.py] => print_freq: 10
2026-06-24 00:10:30,890 [trainer.py] => repeat: False
2026-06-24 00:10:30,890 [trainer.py] => total_class_num: 200
2026-06-24 00:10:31,045 [data_manager.py] => [18, 170, 107, 98, 177, 182, 5, 146, 12, 152, 61, 125, 180, 154, 80, 7, 33, 130, 37, 74, 183, 145, 45, 159, 60, 123, 179, 185, 122, 44, 16, 55, 150, 111, 22, 189, 129, 4, 83, 106, 134, 66, 26, 113, 168, 63, 8, 75, 118, 143, 71, 124, 184, 97, 149, 24, 30, 160, 40, 56, 131, 96, 181, 19, 153, 92, 54, 163, 51, 86, 139, 90, 137, 101, 144, 89, 109, 14, 27, 141, 187, 46, 138, 195, 108, 62, 2, 59, 136, 197, 43, 10, 194, 73, 196, 178, 175, 126, 93, 112, 158, 191, 50, 0, 94, 110, 95, 64, 167, 41, 69, 49, 48, 85, 13, 161, 23, 186, 135, 20, 15, 78, 104, 52, 100, 76, 3, 116, 164, 198, 6, 68, 84, 121, 155, 171, 156, 91, 199, 11, 119, 102, 35, 57, 65, 1, 120, 162, 42, 105, 132, 173, 17, 38, 133, 53, 157, 128, 34, 28, 114, 151, 31, 166, 127, 176, 32, 142, 169, 147, 29, 99, 82, 79, 115, 148, 193, 72, 77, 25, 165, 81, 188, 174, 190, 39, 58, 140, 88, 70, 87, 36, 21, 9, 103, 67, 192, 117, 47, 172]
2026-06-24 00:10:32,623 [instantiator.py] => Created a temporary directory at /tmp/tmpdbd_jnv1
2026-06-24 00:10:32,623 [instantiator.py] => Writing /tmp/tmpdbd_jnv1/_remote_module_non_scriptable.py
2026-06-24 00:10:32,749 [factory.py] => Loaded ViT-B-16 model config.
2026-06-24 00:10:34,485 [factory.py] => Loading pretrained ViT-B-16 weights (/home/team/zhaohongwei/pretrained_models/open_clip_pytorch_model_laion400m_e32.bin).
2026-06-24 00:10:36,714 [factory.py] => Loaded ViT-B-16 model config.
2026-06-24 00:10:38,588 [factory.py] => Loading pretrained ViT-B-16 weights (/home/team/zhaohongwei/pretrained_models/open_clip_pytorch_model_laion400m_e32.bin).
2026-06-24 00:10:41,482 [factory.py] => Loaded ViT-B-16 model config.
2026-06-24 00:10:43,117 [factory.py] => Loading pretrained ViT-B-16 weights (/home/team/zhaohongwei/pretrained_models/open_clip_pytorch_model_laion400m_e32.bin).
2026-06-24 00:10:45,315 [clg_cbm.py] => Learning on 0-100
2026-06-24 00:17:23,304 [trainer.py] => CNN: {'total': 77.98, '00-09': 69.91, '10-19': 76.07, '20-29': 72.5, '30-39': 82.47, '40-49': 69.29, '50-59': 80.69, '60-69': 83.76, '70-79': 83.76, '80-89': 86.32, '90-99': 75.47, 'old': 0, 'new': 77.98, 'harmonic': 0.0}
2026-06-24 00:17:23,304 [trainer.py] => CNN top1 curve: [77.98]
2026-06-24 00:17:23,304 [trainer.py] => CNN top5 curve: [96.77]
2026-06-24 00:17:23,304 [trainer.py] => Average Accuracy (CNN top1): 77.98
2026-06-24 00:17:23,304 [clg_cbm.py] => Learning on 100-120
2026-06-24 00:20:34,158 [trainer.py] => CNN: {'total': 78.33, '00-09': 76.99, '10-19': 71.79, '20-29': 71.67, '30-39': 79.38, '40-49': 68.5, '50-59': 80.69, '60-69': 84.62, '70-79': 82.05, '80-89': 82.05, '90-99': 70.75, '100-109': 87.61, '110-119': 84.21, 'old': 76.87, 'new': 85.9, 'harmonic': 81.13}
2026-06-24 00:20:34,159 [trainer.py] => CNN top1 curve: [77.98, 78.33]
2026-06-24 00:20:34,159 [trainer.py] => CNN top5 curve: [96.77, 96.65]
2026-06-24 00:20:34,159 [trainer.py] => Average Accuracy (CNN top1): 78.155
2026-06-24 00:20:34,159 [clg_cbm.py] => Learning on 120-140
2026-06-24 00:24:04,346 [trainer.py] => CNN: {'total': 78.86, '00-09': 78.76, '10-19': 76.92, '20-29': 74.17, '30-39': 80.41, '40-49': 70.87, '50-59': 78.62, '60-69': 77.78, '70-79': 82.05, '80-89': 84.62, '90-99': 68.87, '100-109': 78.76, '110-119': 79.82, '120-129': 86.72, '130-139': 85.0, 'old': 77.62, 'new': 85.89, 'harmonic': 81.55}
2026-06-24 00:24:04,346 [trainer.py] => CNN top1 curve: [77.98, 78.33, 78.86]
2026-06-24 00:24:04,346 [trainer.py] => CNN top5 curve: [96.77, 96.65, 97.15]
2026-06-24 00:24:04,347 [trainer.py] => Average Accuracy (CNN top1): 78.39
2026-06-24 00:24:04,347 [clg_cbm.py] => Learning on 140-160
2026-06-24 00:27:45,829 [trainer.py] => CNN: {'total': 78.53, '00-09': 73.45, '10-19': 70.94, '20-29': 79.17, '30-39': 80.41, '40-49': 74.02, '50-59': 79.31, '60-69': 80.34, '70-79': 85.47, '80-89': 79.49, '90-99': 72.64, '100-109': 76.99, '110-119': 83.33, '120-129': 82.03, '130-139': 85.0, '140-149': 67.31, '150-159': 84.25, 'old': 78.8, 'new': 76.62, 'harmonic': 77.69}
2026-06-24 00:27:45,830 [trainer.py] => CNN top1 curve: [77.98, 78.33, 78.86, 78.53]
2026-06-24 00:27:45,830 [trainer.py] => CNN top5 curve: [96.77, 96.65, 97.15, 96.33]
2026-06-24 00:27:45,830 [trainer.py] => Average Accuracy (CNN top1): 78.42500000000001
2026-06-24 00:27:45,830 [clg_cbm.py] => Learning on 160-180
2026-06-24 00:31:48,498 [trainer.py] => CNN: {'total': 78.31, '00-09': 80.53, '10-19': 70.09, '20-29': 73.33, '30-39': 82.47, '40-49': 72.44, '50-59': 75.17, '60-69': 79.49, '70-79': 78.63, '80-89': 81.2, '90-99': 76.42, '100-109': 79.65, '110-119': 83.33, '120-129': 81.25, '130-139': 81.67, '140-149': 73.08, '150-159': 81.1, '160-169': 78.23, '170-179': 82.61, 'old': 78.06, 'new': 80.33, 'harmonic': 79.18}
2026-06-24 00:31:48,499 [trainer.py] => CNN top1 curve: [77.98, 78.33, 78.86, 78.53, 78.31]
2026-06-24 00:31:48,499 [trainer.py] => CNN top5 curve: [96.77, 96.65, 97.15, 96.33, 95.76]
2026-06-24 00:31:48,499 [trainer.py] => Average Accuracy (CNN top1): 78.40200000000002
2026-06-24 00:31:48,499 [clg_cbm.py] => Learning on 180-200
2026-06-24 00:36:00,375 [trainer.py] => CNN: {'total': 76.89, '00-09': 78.76, '10-19': 74.36, '20-29': 77.5, '30-39': 78.35, '40-49': 61.42, '50-59': 83.45, '60-69': 81.2, '70-79': 77.78, '80-89': 82.05, '90-99': 74.53, '100-109': 80.53, '110-119': 81.58, '120-129': 75.0, '130-139': 75.0, '140-149': 68.27, '150-159': 78.74, '160-169': 70.16, '170-179': 80.0, '180-189': 74.11, '190-199': 84.0, 'old': 76.61, 'new': 79.32, 'harmonic': 77.94}
2026-06-24 00:36:00,376 [trainer.py] => CNN top1 curve: [77.98, 78.33, 78.86, 78.53, 78.31, 76.89]
2026-06-24 00:36:00,376 [trainer.py] => CNN top5 curve: [96.77, 96.65, 97.15, 96.33, 95.76, 95.08]
2026-06-24 00:36:00,376 [trainer.py] => Average Accuracy (CNN top1): 78.15
