2026-06-24 20:59:49,694 [trainer.py] => config: ./configs/CLG-CBM/CLG-CBM_food_B0_Inc10.json
2026-06-24 20:59:49,694 [trainer.py] => prefix: continual-CLIP
2026-06-24 20:59:49,694 [trainer.py] => dataset: food101
2026-06-24 20:59:49,694 [trainer.py] => memory_size: 0
2026-06-24 20:59:49,694 [trainer.py] => memory_per_class: 0
2026-06-24 20:59:49,694 [trainer.py] => fixed_memory: False
2026-06-24 20:59:49,694 [trainer.py] => shuffle: True
2026-06-24 20:59:49,694 [trainer.py] => init_cls: 10
2026-06-24 20:59:49,694 [trainer.py] => increment: 10
2026-06-24 20:59:49,695 [trainer.py] => model_name: CLG-CBM
2026-06-24 20:59:49,695 [trainer.py] => backbone_type: clip
2026-06-24 20:59:49,695 [trainer.py] => device: [device(type='cuda', index=1)]
2026-06-24 20:59:49,695 [trainer.py] => seed: 1993
2026-06-24 20:59:49,695 [trainer.py] => sim: 1
2026-06-24 20:59:49,695 [trainer.py] => epochs: 30
2026-06-24 20:59:49,695 [trainer.py] => lr: 0.01
2026-06-24 20:59:49,695 [trainer.py] => FB_epoch: 60
2026-06-24 20:59:49,695 [trainer.py] => FB_epoch_inc: 60
2026-06-24 20:59:49,695 [trainer.py] => init_lr: 0.001
2026-06-24 20:59:49,695 [trainer.py] => pool: 10
2026-06-24 20:59:49,695 [trainer.py] => sg_num: 1
2026-06-24 20:59:49,695 [trainer.py] => milestones: [30, 40, 50]
2026-06-24 20:59:49,695 [trainer.py] => batch_size: 48
2026-06-24 20:59:49,695 [trainer.py] => division_power: 5
2026-06-24 20:59:49,695 [trainer.py] => linear_model: ['linear', 'bn', 'linear']
2026-06-24 20:59:49,695 [trainer.py] => score_model: ['bn', 'linear']
2026-06-24 20:59:49,695 [trainer.py] => regularizer: mahalanobis
2026-06-24 20:59:49,695 [trainer.py] => print_freq: 10
2026-06-24 20:59:49,695 [trainer.py] => repeat: False
2026-06-24 20:59:49,695 [trainer.py] => total_class_num: 100
2026-06-24 20:59:49,988 [data_manager.py] => [68, 56, 78, 8, 23, 84, 90, 65, 74, 76, 40, 89, 3, 92, 55, 9, 26, 80, 43, 38, 58, 70, 77, 1, 85, 19, 17, 50, 28, 53, 13, 81, 45, 82, 6, 59, 83, 16, 15, 44, 91, 41, 72, 60, 79, 52, 20, 10, 31, 54, 37, 95, 14, 71, 96, 98, 97, 2, 64, 66, 42, 22, 35, 86, 24, 34, 87, 21, 99, 0, 88, 27, 18, 94, 11, 12, 47, 25, 30, 46, 62, 69, 36, 61, 7, 63, 75, 5, 32, 4, 51, 48, 73, 93, 39, 67, 29, 49, 57, 33]
2026-06-24 20:59:50,195 [factory.py] => Loaded ViT-B-16 model config.
2026-06-24 20:59:51,850 [factory.py] => Loading pretrained ViT-B-16 weights (/home/team/zhaohongwei/pretrained_models/open_clip_pytorch_model_laion400m_e32.bin).
2026-06-24 20:59:52,650 [factory.py] => Loaded ViT-B-16 model config.
2026-06-24 20:59:54,477 [factory.py] => Loading pretrained ViT-B-16 weights (/home/team/zhaohongwei/pretrained_models/open_clip_pytorch_model_laion400m_e32.bin).
2026-06-24 20:59:55,915 [factory.py] => Loaded ViT-B-16 model config.
2026-06-24 20:59:57,477 [factory.py] => Loading pretrained ViT-B-16 weights (/home/team/zhaohongwei/pretrained_models/open_clip_pytorch_model_laion400m_e32.bin).
2026-06-24 20:59:58,869 [clg_cbm.py] => Learning on 0-10
2026-06-24 21:08:36,268 [trainer.py] => CNN: {'total': 98.32, '00-09': 98.32, 'old': 0, 'new': 98.32, 'harmonic': 0.0}
2026-06-24 21:08:36,269 [trainer.py] => CNN top1 curve: [98.32]
2026-06-24 21:08:36,269 [trainer.py] => CNN top5 curve: [100.0]
2026-06-24 21:08:36,269 [trainer.py] => Average Accuracy (CNN top1): 98.32
2026-06-24 21:08:36,269 [clg_cbm.py] => Learning on 10-20
2026-06-24 21:18:32,745 [trainer.py] => CNN: {'total': 94.19, '00-09': 92.67, '10-19': 95.75, 'old': 92.67, 'new': 95.75, 'harmonic': 94.18}
2026-06-24 21:18:32,745 [trainer.py] => CNN top1 curve: [98.32, 94.19]
2026-06-24 21:18:32,746 [trainer.py] => CNN top5 curve: [100.0, 99.57]
2026-06-24 21:18:32,746 [trainer.py] => Average Accuracy (CNN top1): 96.255
2026-06-24 21:18:32,746 [clg_cbm.py] => Learning on 20-30
2026-06-24 21:29:48,212 [trainer.py] => CNN: {'total': 91.33, '00-09': 90.5, '10-19': 88.46, '20-29': 95.01, 'old': 89.49, 'new': 95.01, 'harmonic': 92.17}
2026-06-24 21:29:48,212 [trainer.py] => CNN top1 curve: [98.32, 94.19, 91.33]
2026-06-24 21:29:48,213 [trainer.py] => CNN top5 curve: [100.0, 99.57, 98.9]
2026-06-24 21:29:48,213 [trainer.py] => Average Accuracy (CNN top1): 94.61333333333333
2026-06-24 21:29:48,213 [clg_cbm.py] => Learning on 30-40
2026-06-24 21:42:34,541 [trainer.py] => CNN: {'total': 90.26, '00-09': 88.96, '10-19': 88.76, '20-29': 87.77, '30-39': 95.39, 'old': 88.5, 'new': 95.39, 'harmonic': 91.82}
2026-06-24 21:42:34,541 [trainer.py] => CNN top1 curve: [98.32, 94.19, 91.33, 90.26]
2026-06-24 21:42:34,541 [trainer.py] => CNN top5 curve: [100.0, 99.57, 98.9, 98.42]
2026-06-24 21:42:34,541 [trainer.py] => Average Accuracy (CNN top1): 93.52499999999999
2026-06-24 21:42:34,541 [clg_cbm.py] => Learning on 40-50
2026-06-24 21:56:55,283 [trainer.py] => CNN: {'total': 88.27, '00-09': 88.07, '10-19': 86.28, '20-29': 86.22, '30-39': 86.36, '40-49': 94.51, 'old': 86.73, 'new': 94.51, 'harmonic': 90.45}
2026-06-24 21:56:55,284 [trainer.py] => CNN top1 curve: [98.32, 94.19, 91.33, 90.26, 88.27]
2026-06-24 21:56:55,284 [trainer.py] => CNN top5 curve: [100.0, 99.57, 98.9, 98.42, 97.8]
2026-06-24 21:56:55,284 [trainer.py] => Average Accuracy (CNN top1): 92.47399999999999
2026-06-24 21:56:55,284 [clg_cbm.py] => Learning on 50-60
2026-06-24 22:12:34,740 [trainer.py] => CNN: {'total': 87.42, '00-09': 87.82, '10-19': 86.43, '20-29': 85.32, '30-39': 84.71, '40-49': 87.32, '50-59': 92.94, 'old': 86.31, 'new': 92.94, 'harmonic': 89.5}
2026-06-24 22:12:34,741 [trainer.py] => CNN top1 curve: [98.32, 94.19, 91.33, 90.26, 88.27, 87.42]
2026-06-24 22:12:34,741 [trainer.py] => CNN top5 curve: [100.0, 99.57, 98.9, 98.42, 97.8, 97.4]
2026-06-24 22:12:34,741 [trainer.py] => Average Accuracy (CNN top1): 91.63166666666666
2026-06-24 22:12:34,741 [clg_cbm.py] => Learning on 60-70
2026-06-24 22:29:58,442 [trainer.py] => CNN: {'total': 86.08, '00-09': 86.88, '10-19': 86.48, '20-29': 84.62, '30-39': 85.19, '40-49': 85.86, '50-59': 85.02, '60-69': 88.59, 'old': 85.67, 'new': 88.59, 'harmonic': 87.11}
2026-06-24 22:29:58,443 [trainer.py] => CNN top1 curve: [98.32, 94.19, 91.33, 90.26, 88.27, 87.42, 86.08]
2026-06-24 22:29:58,443 [trainer.py] => CNN top5 curve: [100.0, 99.57, 98.9, 98.42, 97.8, 97.4, 97.04]
2026-06-24 22:29:58,443 [trainer.py] => Average Accuracy (CNN top1): 90.83857142857143
2026-06-24 22:29:58,444 [clg_cbm.py] => Learning on 70-80
2026-06-24 22:49:01,236 [trainer.py] => CNN: {'total': 85.64, '00-09': 86.39, '10-19': 86.23, '20-29': 83.42, '30-39': 84.22, '40-49': 86.46, '50-59': 84.73, '60-69': 80.56, '70-79': 93.1, 'old': 84.57, 'new': 93.1, 'harmonic': 88.63}
2026-06-24 22:49:01,236 [trainer.py] => CNN top1 curve: [98.32, 94.19, 91.33, 90.26, 88.27, 87.42, 86.08, 85.64]
2026-06-24 22:49:01,236 [trainer.py] => CNN top5 curve: [100.0, 99.57, 98.9, 98.42, 97.8, 97.4, 97.04, 96.61]
2026-06-24 22:49:01,236 [trainer.py] => Average Accuracy (CNN top1): 90.18875
2026-06-24 22:49:01,236 [clg_cbm.py] => Learning on 80-90
2026-06-24 23:10:00,584 [trainer.py] => CNN: {'total': 84.86, '00-09': 86.24, '10-19': 84.71, '20-29': 83.77, '30-39': 83.64, '40-49': 84.6, '50-59': 83.13, '60-69': 78.23, '70-79': 86.01, '80-89': 93.42, 'old': 83.8, 'new': 93.42, 'harmonic': 88.35}
2026-06-24 23:10:00,584 [trainer.py] => CNN top1 curve: [98.32, 94.19, 91.33, 90.26, 88.27, 87.42, 86.08, 85.64, 84.86]
2026-06-24 23:10:00,584 [trainer.py] => CNN top5 curve: [100.0, 99.57, 98.9, 98.42, 97.8, 97.4, 97.04, 96.61, 96.13]
2026-06-24 23:10:00,584 [trainer.py] => Average Accuracy (CNN top1): 89.59666666666666
2026-06-24 23:10:00,584 [clg_cbm.py] => Learning on 90-100
2026-06-24 23:32:56,016 [trainer.py] => CNN: {'total': 83.68, '00-09': 85.15, '10-19': 84.61, '20-29': 81.48, '30-39': 82.18, '40-49': 84.1, '50-59': 81.04, '60-69': 77.88, '70-79': 84.86, '80-89': 87.6, '90-99': 87.95, 'old': 83.21, 'new': 87.95, 'harmonic': 85.51}
2026-06-24 23:32:56,016 [trainer.py] => CNN top1 curve: [98.32, 94.19, 91.33, 90.26, 88.27, 87.42, 86.08, 85.64, 84.86, 83.68]
2026-06-24 23:32:56,016 [trainer.py] => CNN top5 curve: [100.0, 99.57, 98.9, 98.42, 97.8, 97.4, 97.04, 96.61, 96.13, 95.88]
2026-06-24 23:32:56,016 [trainer.py] => Average Accuracy (CNN top1): 89.005
