2026-06-16 23:20:18,019 [trainer.py] => config: ./configs/CLG-CBM/CLG-CBM_inr_B0_Inc20.json
2026-06-16 23:20:18,019 [trainer.py] => prefix: continual-CLIP
2026-06-16 23:20:18,019 [trainer.py] => dataset: imagenetr
2026-06-16 23:20:18,019 [trainer.py] => memory_size: 0
2026-06-16 23:20:18,019 [trainer.py] => memory_per_class: 0
2026-06-16 23:20:18,019 [trainer.py] => fixed_memory: False
2026-06-16 23:20:18,019 [trainer.py] => shuffle: True
2026-06-16 23:20:18,020 [trainer.py] => init_cls: 20
2026-06-16 23:20:18,020 [trainer.py] => increment: 20
2026-06-16 23:20:18,020 [trainer.py] => model_name: CLG-CBM
2026-06-16 23:20:18,020 [trainer.py] => backbone_type: clip
2026-06-16 23:20:18,020 [trainer.py] => device: [device(type='cuda', index=6)]
2026-06-16 23:20:18,020 [trainer.py] => seed: 1993
2026-06-16 23:20:18,020 [trainer.py] => sim: 1
2026-06-16 23:20:18,020 [trainer.py] => epochs: 30
2026-06-16 23:20:18,020 [trainer.py] => lr: 0.01
2026-06-16 23:20:18,020 [trainer.py] => FB_epoch: 60
2026-06-16 23:20:18,020 [trainer.py] => FB_epoch_inc: 60
2026-06-16 23:20:18,020 [trainer.py] => init_lr: 0.001
2026-06-16 23:20:18,020 [trainer.py] => pool: 10
2026-06-16 23:20:18,020 [trainer.py] => sg_num: 1
2026-06-16 23:20:18,020 [trainer.py] => milestones: [30, 40, 50]
2026-06-16 23:20:18,020 [trainer.py] => batch_size: 48
2026-06-16 23:20:18,020 [trainer.py] => division_power: 5
2026-06-16 23:20:18,020 [trainer.py] => linear_model: ['linear', 'bn', 'linear']
2026-06-16 23:20:18,020 [trainer.py] => score_model: ['bn', 'linear']
2026-06-16 23:20:18,020 [trainer.py] => regularizer: mahalanobis
2026-06-16 23:20:18,020 [trainer.py] => print_freq: 10
2026-06-16 23:20:18,020 [trainer.py] => repeat: False
2026-06-16 23:20:18,020 [trainer.py] => total_class_num: 200
2026-06-16 23:20:18,115 [data_manager.py] => [168, 136, 51, 9, 183, 101, 171, 99, 42, 159, 191, 70, 16, 188, 27, 10, 175, 26, 68, 187, 98, 6, 85, 35, 112, 43, 100, 0, 103, 181, 88, 59, 4, 2, 116, 174, 94, 80, 106, 1, 147, 17, 141, 131, 72, 23, 173, 54, 197, 118, 87, 32, 79, 104, 91, 19, 135, 107, 178, 36, 11, 199, 142, 8, 122, 3, 28, 57, 153, 172, 190, 56, 49, 44, 97, 62, 151, 169, 194, 55, 192, 12, 189, 78, 66, 180, 15, 137, 109, 134, 92, 119, 126, 52, 170, 40, 148, 65, 144, 64, 138, 45, 77, 89, 154, 90, 71, 193, 74, 30, 113, 143, 96, 84, 67, 50, 186, 156, 69, 21, 18, 111, 108, 58, 125, 157, 150, 110, 182, 129, 166, 83, 81, 60, 13, 165, 14, 176, 63, 117, 5, 22, 145, 121, 38, 41, 82, 127, 114, 20, 31, 53, 37, 163, 196, 130, 152, 162, 86, 76, 24, 34, 184, 149, 33, 128, 198, 155, 146, 167, 139, 120, 140, 102, 47, 25, 158, 123, 46, 164, 61, 7, 115, 75, 133, 160, 105, 132, 179, 124, 48, 73, 93, 39, 95, 195, 29, 177, 185, 161]
2026-06-16 23:20:18,209 [factory.py] => Loaded ViT-B-16 model config.
2026-06-16 23:20:19,851 [factory.py] => Loading pretrained ViT-B-16 weights (/home/team/zhaohongwei/pretrained_models/open_clip_pytorch_model_laion400m_e32.bin).
2026-06-16 23:20:20,518 [factory.py] => Loaded ViT-B-16 model config.
2026-06-16 23:20:21,856 [factory.py] => Loading pretrained ViT-B-16 weights (/home/team/zhaohongwei/pretrained_models/open_clip_pytorch_model_laion400m_e32.bin).
2026-06-16 23:20:22,437 [factory.py] => Loaded ViT-B-16 model config.
2026-06-16 23:20:23,791 [factory.py] => Loading pretrained ViT-B-16 weights (/home/team/zhaohongwei/pretrained_models/open_clip_pytorch_model_laion400m_e32.bin).
2026-06-16 23:20:24,136 [CLG-CBM.py] => Learning on 0-20
2026-06-16 23:24:21,147 [trainer.py] => CNN: {'total': 95.94, '00-09': 96.85, '10-19': 95.16, 'old': 0, 'new': 95.94, 'harmonic': 0.0}
2026-06-16 23:24:21,147 [trainer.py] => CNN top1 curve: [95.94]
2026-06-16 23:24:21,147 [trainer.py] => CNN top5 curve: [99.85]
2026-06-16 23:24:21,147 [trainer.py] => Average Accuracy (CNN top1): 95.94
2026-06-16 23:24:21,148 [CLG-CBM.py] => Learning on 20-40
2026-06-16 23:29:02,340 [trainer.py] => CNN: {'total': 91.29, '00-09': 91.48, '10-19': 88.98, '20-29': 94.0, '30-39': 91.27, 'old': 90.13, 'new': 92.56, 'harmonic': 91.33}
2026-06-16 23:29:02,341 [trainer.py] => CNN top1 curve: [95.94, 91.29]
2026-06-16 23:29:02,341 [trainer.py] => CNN top5 curve: [99.85, 98.86]
2026-06-16 23:29:02,341 [trainer.py] => Average Accuracy (CNN top1): 93.61500000000001
2026-06-16 23:29:02,341 [CLG-CBM.py] => Learning on 40-60
2026-06-16 23:33:34,240 [trainer.py] => CNN: {'total': 89.15, '00-09': 86.75, '10-19': 91.13, '20-29': 87.33, '30-39': 86.45, '40-49': 93.38, '50-59': 89.8, 'old': 88.04, 'new': 91.58, 'harmonic': 89.78}
2026-06-16 23:33:34,241 [trainer.py] => CNN top1 curve: [95.94, 91.29, 89.15]
2026-06-16 23:33:34,241 [trainer.py] => CNN top5 curve: [99.85, 98.86, 97.77]
2026-06-16 23:33:34,241 [trainer.py] => Average Accuracy (CNN top1): 92.12666666666667
2026-06-16 23:33:34,241 [CLG-CBM.py] => Learning on 60-80
2026-06-16 23:38:23,370 [trainer.py] => CNN: {'total': 85.07, '00-09': 83.91, '10-19': 90.05, '20-29': 83.0, '30-39': 84.34, '40-49': 83.44, '50-59': 78.95, '60-69': 86.58, '70-79': 89.74, 'old': 84.17, 'new': 88.09, 'harmonic': 86.09}
2026-06-16 23:38:23,370 [trainer.py] => CNN top1 curve: [95.94, 91.29, 89.15, 85.07]
2026-06-16 23:38:23,370 [trainer.py] => CNN top5 curve: [99.85, 98.86, 97.77, 96.56]
2026-06-16 23:38:23,370 [trainer.py] => Average Accuracy (CNN top1): 90.3625
2026-06-16 23:38:23,371 [CLG-CBM.py] => Learning on 80-100
2026-06-16 23:43:24,304 [trainer.py] => CNN: {'total': 83.45, '00-09': 84.86, '10-19': 86.83, '20-29': 83.67, '30-39': 83.13, '40-49': 81.46, '50-59': 79.61, '60-69': 79.53, '70-79': 85.35, '80-89': 88.39, '90-99': 79.1, 'old': 83.15, 'new': 85.01, 'harmonic': 84.07}
2026-06-16 23:43:24,305 [trainer.py] => CNN top1 curve: [95.94, 91.29, 89.15, 85.07, 83.45]
2026-06-16 23:43:24,305 [trainer.py] => CNN top5 curve: [99.85, 98.86, 97.77, 96.56, 95.95]
2026-06-16 23:43:24,305 [trainer.py] => Average Accuracy (CNN top1): 88.97999999999999
2026-06-16 23:43:24,305 [CLG-CBM.py] => Learning on 100-120
2026-06-16 23:49:44,275 [trainer.py] => CNN: {'total': 82.44, '00-09': 82.65, '10-19': 80.65, '20-29': 83.33, '30-39': 85.54, '40-49': 80.13, '50-59': 81.25, '60-69': 76.17, '70-79': 79.85, '80-89': 81.61, '90-99': 74.01, '100-109': 87.68, '110-119': 90.96, 'old': 80.87, 'new': 89.55, 'harmonic': 84.99}
2026-06-16 23:49:44,276 [trainer.py] => CNN top1 curve: [95.94, 91.29, 89.15, 85.07, 83.45, 82.44]
2026-06-16 23:49:44,276 [trainer.py] => CNN top5 curve: [99.85, 98.86, 97.77, 96.56, 95.95, 95.36]
2026-06-16 23:49:44,276 [trainer.py] => Average Accuracy (CNN top1): 87.88999999999999
2026-06-16 23:49:44,276 [CLG-CBM.py] => Learning on 120-140
2026-06-16 23:55:20,673 [trainer.py] => CNN: {'total': 80.49, '00-09': 82.65, '10-19': 84.41, '20-29': 79.0, '30-39': 80.12, '40-49': 78.48, '50-59': 79.93, '60-69': 78.52, '70-79': 75.09, '80-89': 78.71, '90-99': 74.58, '100-109': 84.15, '110-119': 78.46, '120-129': 84.13, '130-139': 85.91, 'old': 79.78, 'new': 85.06, 'harmonic': 82.34}
2026-06-16 23:55:20,673 [trainer.py] => CNN top1 curve: [95.94, 91.29, 89.15, 85.07, 83.45, 82.44, 80.49]
2026-06-16 23:55:20,674 [trainer.py] => CNN top5 curve: [99.85, 98.86, 97.77, 96.56, 95.95, 95.36, 94.45]
2026-06-16 23:55:20,674 [trainer.py] => Average Accuracy (CNN top1): 86.83285714285714
2026-06-16 23:55:20,674 [CLG-CBM.py] => Learning on 140-160
2026-06-17 00:03:04,983 [trainer.py] => CNN: {'total': 81.04, '00-09': 78.86, '10-19': 83.87, '20-29': 80.33, '30-39': 81.63, '40-49': 78.81, '50-59': 79.61, '60-69': 76.51, '70-79': 80.95, '80-89': 81.29, '90-99': 74.58, '100-109': 82.39, '110-119': 81.65, '120-129': 77.49, '130-139': 78.52, '140-149': 86.65, '150-159': 87.29, 'old': 80.02, 'new': 86.97, 'harmonic': 83.35}
2026-06-17 00:03:04,983 [trainer.py] => CNN top1 curve: [95.94, 91.29, 89.15, 85.07, 83.45, 82.44, 80.49, 81.04]
2026-06-17 00:03:04,984 [trainer.py] => CNN top5 curve: [99.85, 98.86, 97.77, 96.56, 95.95, 95.36, 94.45, 94.01]
2026-06-17 00:03:04,984 [trainer.py] => Average Accuracy (CNN top1): 86.10874999999999
2026-06-17 00:03:04,984 [CLG-CBM.py] => Learning on 160-180
2026-06-17 00:09:30,416 [trainer.py] => CNN: {'total': 78.23, '00-09': 79.18, '10-19': 83.33, '20-29': 78.0, '30-39': 77.71, '40-49': 78.81, '50-59': 75.33, '60-69': 73.83, '70-79': 76.56, '80-89': 80.32, '90-99': 68.93, '100-109': 82.04, '110-119': 77.93, '120-129': 70.11, '130-139': 80.2, '140-149': 79.29, '150-159': 75.41, '160-169': 81.74, '170-179': 86.29, 'old': 77.67, 'new': 84.1, 'harmonic': 80.76}
2026-06-17 00:09:30,417 [trainer.py] => CNN top1 curve: [95.94, 91.29, 89.15, 85.07, 83.45, 82.44, 80.49, 81.04, 78.23]
2026-06-17 00:09:30,417 [trainer.py] => CNN top5 curve: [99.85, 98.86, 97.77, 96.56, 95.95, 95.36, 94.45, 94.01, 93.17]
2026-06-17 00:09:30,417 [trainer.py] => Average Accuracy (CNN top1): 85.23333333333332
2026-06-17 00:09:30,417 [CLG-CBM.py] => Learning on 180-200
2026-06-17 00:17:17,288 [trainer.py] => CNN: {'total': 77.77, '00-09': 77.29, '10-19': 81.18, '20-29': 74.0, '30-39': 80.72, '40-49': 77.15, '50-59': 78.29, '60-69': 71.81, '70-79': 78.75, '80-89': 78.39, '90-99': 68.93, '100-109': 77.11, '110-119': 78.19, '120-129': 76.01, '130-139': 73.83, '140-149': 74.93, '150-159': 75.97, '160-169': 76.09, '170-179': 79.03, '180-189': 88.31, '190-199': 85.61, 'old': 76.78, 'new': 87.05, 'harmonic': 81.59}
2026-06-17 00:17:17,288 [trainer.py] => CNN top1 curve: [95.94, 91.29, 89.15, 85.07, 83.45, 82.44, 80.49, 81.04, 78.23, 77.77]
2026-06-17 00:17:17,288 [trainer.py] => CNN top5 curve: [99.85, 98.86, 97.77, 96.56, 95.95, 95.36, 94.45, 94.01, 93.17, 92.95]
2026-06-17 00:17:17,288 [trainer.py] => Average Accuracy (CNN top1): 84.487
