2026-06-17 00:17:17,313 [trainer.py] => config: ./configs/CLG-CBM/CLG-CBM_inr_B0_Inc20.json
2026-06-17 00:17:17,314 [trainer.py] => prefix: continual-CLIP
2026-06-17 00:17:17,314 [trainer.py] => dataset: imagenetr
2026-06-17 00:17:17,314 [trainer.py] => memory_size: 0
2026-06-17 00:17:17,314 [trainer.py] => memory_per_class: 0
2026-06-17 00:17:17,314 [trainer.py] => fixed_memory: False
2026-06-17 00:17:17,314 [trainer.py] => shuffle: True
2026-06-17 00:17:17,314 [trainer.py] => init_cls: 20
2026-06-17 00:17:17,314 [trainer.py] => increment: 20
2026-06-17 00:17:17,314 [trainer.py] => model_name: CLG-CBM
2026-06-17 00:17:17,314 [trainer.py] => backbone_type: clip
2026-06-17 00:17:17,314 [trainer.py] => device: [device(type='cuda', index=6)]
2026-06-17 00:17:17,314 [trainer.py] => seed: 2026
2026-06-17 00:17:17,314 [trainer.py] => sim: 1
2026-06-17 00:17:17,314 [trainer.py] => epochs: 30
2026-06-17 00:17:17,314 [trainer.py] => lr: 0.01
2026-06-17 00:17:17,314 [trainer.py] => FB_epoch: 60
2026-06-17 00:17:17,314 [trainer.py] => FB_epoch_inc: 60
2026-06-17 00:17:17,314 [trainer.py] => init_lr: 0.001
2026-06-17 00:17:17,314 [trainer.py] => pool: 10
2026-06-17 00:17:17,314 [trainer.py] => sg_num: 1
2026-06-17 00:17:17,314 [trainer.py] => milestones: [30, 40, 50]
2026-06-17 00:17:17,314 [trainer.py] => batch_size: 48
2026-06-17 00:17:17,314 [trainer.py] => division_power: 5
2026-06-17 00:17:17,315 [trainer.py] => linear_model: ['linear', 'bn', 'linear']
2026-06-17 00:17:17,315 [trainer.py] => score_model: ['bn', 'linear']
2026-06-17 00:17:17,315 [trainer.py] => regularizer: mahalanobis
2026-06-17 00:17:17,315 [trainer.py] => print_freq: 10
2026-06-17 00:17:17,315 [trainer.py] => repeat: False
2026-06-17 00:17:17,315 [trainer.py] => total_class_num: 200
2026-06-17 00:17:17,411 [data_manager.py] => [115, 91, 15, 57, 123, 5, 193, 196, 88, 185, 191, 168, 90, 80, 106, 146, 188, 118, 44, 151, 24, 56, 42, 127, 113, 119, 197, 194, 99, 12, 65, 71, 131, 6, 46, 186, 126, 31, 117, 30, 110, 82, 102, 165, 11, 76, 53, 138, 199, 18, 163, 149, 84, 133, 170, 189, 52, 104, 45, 114, 41, 23, 160, 171, 172, 169, 177, 142, 94, 50, 128, 39, 59, 120, 107, 162, 124, 9, 74, 198, 62, 174, 166, 122, 141, 81, 10, 63, 176, 100, 136, 187, 129, 16, 72, 147, 54, 0, 98, 150, 92, 155, 4, 167, 125, 97, 153, 8, 83, 159, 85, 86, 13, 34, 173, 93, 180, 33, 21, 132, 190, 87, 121, 108, 103, 145, 37, 158, 69, 89, 2, 19, 67, 175, 51, 78, 43, 64, 66, 143, 61, 20, 144, 154, 183, 14, 140, 139, 75, 79, 22, 58, 101, 109, 32, 178, 73, 164, 55, 35, 49, 152, 137, 36, 3, 40, 70, 95, 105, 181, 157, 47, 192, 17, 60, 112, 68, 25, 38, 48, 161, 148, 111, 135, 96, 7, 27, 182, 130, 28, 179, 156, 116, 29, 195, 77, 184, 26, 134, 1]
2026-06-17 00:17:17,513 [factory.py] => Loaded ViT-B-16 model config.
2026-06-17 00:17:19,475 [factory.py] => Loading pretrained ViT-B-16 weights (/home/team/zhaohongwei/pretrained_models/open_clip_pytorch_model_laion400m_e32.bin).
2026-06-17 00:17:20,572 [factory.py] => Loaded ViT-B-16 model config.
2026-06-17 00:17:21,954 [factory.py] => Loading pretrained ViT-B-16 weights (/home/team/zhaohongwei/pretrained_models/open_clip_pytorch_model_laion400m_e32.bin).
2026-06-17 00:17:23,811 [factory.py] => Loaded ViT-B-16 model config.
2026-06-17 00:17:25,228 [factory.py] => Loading pretrained ViT-B-16 weights (/home/team/zhaohongwei/pretrained_models/open_clip_pytorch_model_laion400m_e32.bin).
2026-06-17 00:17:26,038 [CLG-CBM.py] => Learning on 0-20
2026-06-17 00:21:18,501 [trainer.py] => CNN: {'total': 94.34, '00-09': 95.39, '10-19': 93.31, 'old': 0, 'new': 94.34, 'harmonic': 0.0}
2026-06-17 00:21:18,502 [trainer.py] => CNN top1 curve: [94.34]
2026-06-17 00:21:18,502 [trainer.py] => CNN top5 curve: [99.68]
2026-06-17 00:21:18,502 [trainer.py] => Average Accuracy (CNN top1): 94.34
2026-06-17 00:21:18,502 [CLG-CBM.py] => Learning on 20-40
2026-06-17 00:25:36,309 [trainer.py] => CNN: {'total': 91.12, '00-09': 87.17, '10-19': 87.9, '20-29': 93.39, '30-39': 95.65, 'old': 87.54, 'new': 94.75, 'harmonic': 91.0}
2026-06-17 00:25:36,310 [trainer.py] => CNN top1 curve: [94.34, 91.12]
2026-06-17 00:25:36,310 [trainer.py] => CNN top5 curve: [99.68, 98.53]
2026-06-17 00:25:36,310 [trainer.py] => Average Accuracy (CNN top1): 92.73
2026-06-17 00:25:36,310 [CLG-CBM.py] => Learning on 40-60
2026-06-17 00:30:21,233 [trainer.py] => CNN: {'total': 88.08, '00-09': 86.18, '10-19': 85.67, '20-29': 89.26, '30-39': 85.05, '40-49': 91.86, '50-59': 90.91, 'old': 86.32, 'new': 91.48, 'harmonic': 88.83}
2026-06-17 00:30:21,234 [trainer.py] => CNN top1 curve: [94.34, 91.12, 88.08]
2026-06-17 00:30:21,234 [trainer.py] => CNN top5 curve: [99.68, 98.53, 97.48]
2026-06-17 00:30:21,234 [trainer.py] => Average Accuracy (CNN top1): 91.18
2026-06-17 00:30:21,234 [CLG-CBM.py] => Learning on 60-80
