2026-06-17 00:30:34,814 [trainer.py] => config: ./configs/CLG-CBM/CLG-CBM_inr_B100_Inc20.json
2026-06-17 00:30:34,814 [trainer.py] => prefix: continual-CLIP
2026-06-17 00:30:34,814 [trainer.py] => dataset: imagenetr
2026-06-17 00:30:34,815 [trainer.py] => memory_size: 0
2026-06-17 00:30:34,815 [trainer.py] => memory_per_class: 0
2026-06-17 00:30:34,815 [trainer.py] => fixed_memory: False
2026-06-17 00:30:34,815 [trainer.py] => shuffle: True
2026-06-17 00:30:34,815 [trainer.py] => init_cls: 100
2026-06-17 00:30:34,815 [trainer.py] => increment: 20
2026-06-17 00:30:34,815 [trainer.py] => model_name: CLG-CBM
2026-06-17 00:30:34,815 [trainer.py] => backbone_type: clip
2026-06-17 00:30:34,815 [trainer.py] => device: [device(type='cuda', index=6)]
2026-06-17 00:30:34,815 [trainer.py] => seed: 0
2026-06-17 00:30:34,815 [trainer.py] => sim: 1
2026-06-17 00:30:34,815 [trainer.py] => epochs: 30
2026-06-17 00:30:34,815 [trainer.py] => lr: 0.01
2026-06-17 00:30:34,815 [trainer.py] => FB_epoch: 60
2026-06-17 00:30:34,815 [trainer.py] => FB_epoch_inc: 60
2026-06-17 00:30:34,815 [trainer.py] => init_lr: 0.001
2026-06-17 00:30:34,815 [trainer.py] => pool: 10
2026-06-17 00:30:34,815 [trainer.py] => sg_num: 1
2026-06-17 00:30:34,815 [trainer.py] => milestones: [30, 40, 50]
2026-06-17 00:30:34,815 [trainer.py] => batch_size: 48
2026-06-17 00:30:34,815 [trainer.py] => division_power: 5
2026-06-17 00:30:34,815 [trainer.py] => linear_model: ['linear', 'bn', 'linear']
2026-06-17 00:30:34,815 [trainer.py] => score_model: ['bn', 'linear']
2026-06-17 00:30:34,815 [trainer.py] => regularizer: mahalanobis
2026-06-17 00:30:34,815 [trainer.py] => print_freq: 10
2026-06-17 00:30:34,815 [trainer.py] => repeat: False
2026-06-17 00:30:34,815 [trainer.py] => total_class_num: 200
2026-06-17 00:30:35,018 [data_manager.py] => [18, 170, 107, 98, 177, 182, 5, 146, 12, 152, 61, 125, 180, 154, 80, 7, 33, 130, 37, 74, 183, 145, 45, 159, 60, 123, 179, 185, 122, 44, 16, 55, 150, 111, 22, 189, 129, 4, 83, 106, 134, 66, 26, 113, 168, 63, 8, 75, 118, 143, 71, 124, 184, 97, 149, 24, 30, 160, 40, 56, 131, 96, 181, 19, 153, 92, 54, 163, 51, 86, 139, 90, 137, 101, 144, 89, 109, 14, 27, 141, 187, 46, 138, 195, 108, 62, 2, 59, 136, 197, 43, 10, 194, 73, 196, 178, 175, 126, 93, 112, 158, 191, 50, 0, 94, 110, 95, 64, 167, 41, 69, 49, 48, 85, 13, 161, 23, 186, 135, 20, 15, 78, 104, 52, 100, 76, 3, 116, 164, 198, 6, 68, 84, 121, 155, 171, 156, 91, 199, 11, 119, 102, 35, 57, 65, 1, 120, 162, 42, 105, 132, 173, 17, 38, 133, 53, 157, 128, 34, 28, 114, 151, 31, 166, 127, 176, 32, 142, 169, 147, 29, 99, 82, 79, 115, 148, 193, 72, 77, 25, 165, 81, 188, 174, 190, 39, 58, 140, 88, 70, 87, 36, 21, 9, 103, 67, 192, 117, 47, 172]
2026-06-17 00:30:36,734 [instantiator.py] => Created a temporary directory at /tmp/tmp0xlhaqhx
2026-06-17 00:30:36,734 [instantiator.py] => Writing /tmp/tmp0xlhaqhx/_remote_module_non_scriptable.py
2026-06-17 00:30:36,837 [factory.py] => Loaded ViT-B-16 model config.
2026-06-17 00:30:38,371 [factory.py] => Loading pretrained ViT-B-16 weights (/home/team/zhaohongwei/pretrained_models/open_clip_pytorch_model_laion400m_e32.bin).
2026-06-17 00:30:38,957 [factory.py] => Loaded ViT-B-16 model config.
2026-06-17 00:30:40,362 [factory.py] => Loading pretrained ViT-B-16 weights (/home/team/zhaohongwei/pretrained_models/open_clip_pytorch_model_laion400m_e32.bin).
2026-06-17 00:30:41,386 [factory.py] => Loaded ViT-B-16 model config.
2026-06-17 00:30:42,935 [factory.py] => Loading pretrained ViT-B-16 weights (/home/team/zhaohongwei/pretrained_models/open_clip_pytorch_model_laion400m_e32.bin).
2026-06-17 00:30:43,548 [CLG-CBM.py] => Learning on 0-100
2026-06-17 00:43:04,201 [trainer.py] => CNN: {'total': 85.23, '00-09': 81.7, '10-19': 88.19, '20-29': 81.75, '30-39': 85.71, '40-49': 90.45, '50-59': 85.04, '60-69': 90.22, '70-79': 81.94, '80-89': 86.54, '90-99': 76.09, 'old': 0, 'new': 85.23, 'harmonic': 0.0}
2026-06-17 00:43:04,201 [trainer.py] => CNN top1 curve: [85.23]
2026-06-17 00:43:04,201 [trainer.py] => CNN top5 curve: [96.0]
2026-06-17 00:43:04,201 [trainer.py] => Average Accuracy (CNN top1): 85.23
2026-06-17 00:43:04,201 [CLG-CBM.py] => Learning on 100-120
2026-06-17 00:48:40,756 [trainer.py] => CNN: {'total': 82.96, '00-09': 78.55, '10-19': 82.29, '20-29': 80.56, '30-39': 79.94, '40-49': 87.59, '50-59': 81.89, '60-69': 85.17, '70-79': 78.93, '80-89': 84.29, '90-99': 76.96, '100-109': 87.32, '110-119': 88.38, 'old': 81.97, 'new': 87.89, 'harmonic': 84.83}
2026-06-17 00:48:40,756 [trainer.py] => CNN top1 curve: [85.23, 82.96]
2026-06-17 00:48:40,756 [trainer.py] => CNN top5 curve: [96.0, 95.09]
2026-06-17 00:48:40,756 [trainer.py] => Average Accuracy (CNN top1): 84.095
2026-06-17 00:48:40,757 [CLG-CBM.py] => Learning on 120-140
2026-06-17 00:54:10,349 [trainer.py] => CNN: {'total': 81.02, '00-09': 81.07, '10-19': 81.92, '20-29': 74.6, '30-39': 79.03, '40-49': 83.77, '50-59': 78.35, '60-69': 84.23, '70-79': 76.92, '80-89': 81.41, '90-99': 71.3, '100-109': 84.42, '110-119': 80.12, '120-129': 85.19, '130-139': 87.71, 'old': 80.13, 'new': 86.44, 'harmonic': 83.17}
2026-06-17 00:54:10,349 [trainer.py] => CNN top1 curve: [85.23, 82.96, 81.02]
2026-06-17 00:54:10,349 [trainer.py] => CNN top5 curve: [96.0, 95.09, 94.3]
2026-06-17 00:54:10,349 [trainer.py] => Average Accuracy (CNN top1): 83.07
2026-06-17 00:54:10,350 [CLG-CBM.py] => Learning on 140-160
2026-06-17 01:00:22,551 [trainer.py] => CNN: {'total': 79.73, '00-09': 77.29, '10-19': 80.81, '20-29': 76.19, '30-39': 82.37, '40-49': 83.53, '50-59': 79.13, '60-69': 80.44, '70-79': 77.26, '80-89': 77.88, '90-99': 70.43, '100-109': 78.99, '110-119': 78.9, '120-129': 74.75, '130-139': 84.64, '140-149': 79.6, '150-159': 89.11, 'old': 79.06, 'new': 84.39, 'harmonic': 81.64}
2026-06-17 01:00:22,551 [trainer.py] => CNN top1 curve: [85.23, 82.96, 81.02, 79.73]
2026-06-17 01:00:22,552 [trainer.py] => CNN top5 curve: [96.0, 95.09, 94.3, 93.39]
2026-06-17 01:00:22,552 [trainer.py] => Average Accuracy (CNN top1): 82.235
2026-06-17 01:00:22,552 [CLG-CBM.py] => Learning on 160-180
2026-06-17 01:06:18,818 [trainer.py] => CNN: {'total': 79.76, '00-09': 77.6, '10-19': 80.81, '20-29': 75.79, '30-39': 80.24, '40-49': 84.01, '50-59': 78.74, '60-69': 79.81, '70-79': 74.58, '80-89': 77.56, '90-99': 69.57, '100-109': 81.52, '110-119': 80.12, '120-129': 75.08, '130-139': 81.23, '140-149': 75.25, '150-159': 82.84, '160-169': 87.02, '170-179': 89.24, 'old': 78.71, 'new': 88.19, 'harmonic': 83.18}
2026-06-17 01:06:18,818 [trainer.py] => CNN top1 curve: [85.23, 82.96, 81.02, 79.73, 79.76]
2026-06-17 01:06:18,818 [trainer.py] => CNN top5 curve: [96.0, 95.09, 94.3, 93.39, 93.14]
2026-06-17 01:06:18,818 [trainer.py] => Average Accuracy (CNN top1): 81.74
2026-06-17 01:06:18,818 [CLG-CBM.py] => Learning on 180-200
2026-06-17 01:12:32,685 [trainer.py] => CNN: {'total': 78.57, '00-09': 78.55, '10-19': 78.23, '20-29': 74.21, '30-39': 76.29, '40-49': 80.91, '50-59': 70.47, '60-69': 85.17, '70-79': 73.24, '80-89': 77.56, '90-99': 71.74, '100-109': 80.43, '110-119': 78.9, '120-129': 77.44, '130-139': 75.77, '140-149': 71.91, '150-159': 81.85, '160-169': 79.3, '170-179': 80.06, '180-189': 87.46, '190-199': 87.04, 'old': 77.59, 'new': 87.25, 'harmonic': 82.14}
2026-06-17 01:12:32,686 [trainer.py] => CNN top1 curve: [85.23, 82.96, 81.02, 79.73, 79.76, 78.57]
2026-06-17 01:12:32,686 [trainer.py] => CNN top5 curve: [96.0, 95.09, 94.3, 93.39, 93.14, 93.1]
2026-06-17 01:12:32,686 [trainer.py] => Average Accuracy (CNN top1): 81.21166666666666
