2026-06-19 04:20:36,363 [trainer.py] => config: ./configs/CLG-CBM/CLG-CBM_objectnet_B100_Inc20.json
2026-06-19 04:20:36,363 [trainer.py] => prefix: continual-CLIP
2026-06-19 04:20:36,363 [trainer.py] => dataset: objectnet
2026-06-19 04:20:36,363 [trainer.py] => memory_size: 0
2026-06-19 04:20:36,363 [trainer.py] => memory_per_class: 0
2026-06-19 04:20:36,363 [trainer.py] => fixed_memory: False
2026-06-19 04:20:36,363 [trainer.py] => shuffle: True
2026-06-19 04:20:36,364 [trainer.py] => init_cls: 100
2026-06-19 04:20:36,364 [trainer.py] => increment: 20
2026-06-19 04:20:36,364 [trainer.py] => model_name: CLG-CBM
2026-06-19 04:20:36,364 [trainer.py] => backbone_type: clip
2026-06-19 04:20:36,364 [trainer.py] => device: [device(type='cuda', index=6)]
2026-06-19 04:20:36,364 [trainer.py] => seed: 2026
2026-06-19 04:20:36,364 [trainer.py] => sim: 1
2026-06-19 04:20:36,364 [trainer.py] => epochs: 30
2026-06-19 04:20:36,364 [trainer.py] => lr: 0.01
2026-06-19 04:20:36,364 [trainer.py] => FB_epoch: 60
2026-06-19 04:20:36,365 [trainer.py] => FB_epoch_inc: 60
2026-06-19 04:20:36,365 [trainer.py] => init_lr: 0.001
2026-06-19 04:20:36,365 [trainer.py] => pool: 10
2026-06-19 04:20:36,365 [trainer.py] => sg_num: 1
2026-06-19 04:20:36,365 [trainer.py] => milestones: [30, 40, 50]
2026-06-19 04:20:36,365 [trainer.py] => batch_size: 48
2026-06-19 04:20:36,365 [trainer.py] => division_power: 5
2026-06-19 04:20:36,365 [trainer.py] => linear_model: ['linear', 'bn', 'linear']
2026-06-19 04:20:36,365 [trainer.py] => score_model: ['bn', 'linear']
2026-06-19 04:20:36,365 [trainer.py] => regularizer: mahalanobis
2026-06-19 04:20:36,365 [trainer.py] => print_freq: 10
2026-06-19 04:20:36,366 [trainer.py] => repeat: False
2026-06-19 04:20:36,366 [trainer.py] => total_class_num: 200
2026-06-19 04:20:36,491 [data_manager.py] => [115, 91, 15, 57, 123, 5, 193, 196, 88, 185, 191, 168, 90, 80, 106, 146, 188, 118, 44, 151, 24, 56, 42, 127, 113, 119, 197, 194, 99, 12, 65, 71, 131, 6, 46, 186, 126, 31, 117, 30, 110, 82, 102, 165, 11, 76, 53, 138, 199, 18, 163, 149, 84, 133, 170, 189, 52, 104, 45, 114, 41, 23, 160, 171, 172, 169, 177, 142, 94, 50, 128, 39, 59, 120, 107, 162, 124, 9, 74, 198, 62, 174, 166, 122, 141, 81, 10, 63, 176, 100, 136, 187, 129, 16, 72, 147, 54, 0, 98, 150, 92, 155, 4, 167, 125, 97, 153, 8, 83, 159, 85, 86, 13, 34, 173, 93, 180, 33, 21, 132, 190, 87, 121, 108, 103, 145, 37, 158, 69, 89, 2, 19, 67, 175, 51, 78, 43, 64, 66, 143, 61, 20, 144, 154, 183, 14, 140, 139, 75, 79, 22, 58, 101, 109, 32, 178, 73, 164, 55, 35, 49, 152, 137, 36, 3, 40, 70, 95, 105, 181, 157, 47, 192, 17, 60, 112, 68, 25, 38, 48, 161, 148, 111, 135, 96, 7, 27, 182, 130, 28, 179, 156, 116, 29, 195, 77, 184, 26, 134, 1]
2026-06-19 04:20:36,623 [factory.py] => Loaded ViT-B-16 model config.
2026-06-19 04:20:38,313 [factory.py] => Loading pretrained ViT-B-16 weights (/home/team/zhaohongwei/pretrained_models/open_clip_pytorch_model_laion400m_e32.bin).
2026-06-19 04:20:40,816 [factory.py] => Loaded ViT-B-16 model config.
2026-06-19 04:20:42,609 [factory.py] => Loading pretrained ViT-B-16 weights (/home/team/zhaohongwei/pretrained_models/open_clip_pytorch_model_laion400m_e32.bin).
2026-06-19 04:20:43,514 [factory.py] => Loaded ViT-B-16 model config.
2026-06-19 04:20:45,061 [factory.py] => Loading pretrained ViT-B-16 weights (/home/team/zhaohongwei/pretrained_models/open_clip_pytorch_model_laion400m_e32.bin).
2026-06-19 04:20:45,714 [CLG-CBM.py] => Learning on 0-100
2026-06-19 06:10:40,961 [trainer.py] => CNN: {'total': 54.19, '00-09': 60.68, '10-19': 45.32, '20-29': 52.31, '30-39': 48.76, '40-49': 56.3, '50-59': 55.1, '60-69': 52.81, '70-79': 59.53, '80-89': 57.98, '90-99': 52.9, 'old': 0, 'new': 54.19, 'harmonic': 0.0}
2026-06-19 06:10:40,961 [trainer.py] => CNN top1 curve: [54.19]
2026-06-19 06:10:40,962 [trainer.py] => CNN top5 curve: [78.69]
2026-06-19 06:10:40,962 [trainer.py] => Average Accuracy (CNN top1): 54.19
2026-06-19 06:10:40,962 [CLG-CBM.py] => Learning on 100-120
2026-06-19 06:39:05,106 [trainer.py] => CNN: {'total': 51.17, '00-09': 48.3, '10-19': 46.83, '20-29': 45.54, '30-39': 43.79, '40-49': 52.2, '50-59': 54.14, '60-69': 56.44, '70-79': 53.96, '80-89': 60.26, '90-99': 52.9, '100-109': 49.85, '110-119': 50.89, 'old': 51.34, 'new': 50.37, 'harmonic': 50.85}
2026-06-19 06:39:05,107 [trainer.py] => CNN top1 curve: [54.19, 51.17]
2026-06-19 06:39:05,107 [trainer.py] => CNN top5 curve: [78.69, 75.87]
2026-06-19 06:39:05,107 [trainer.py] => Average Accuracy (CNN top1): 52.68
2026-06-19 06:39:05,108 [CLG-CBM.py] => Learning on 120-140
2026-06-19 07:08:21,438 [trainer.py] => CNN: {'total': 49.21, '00-09': 47.37, '10-19': 42.6, '20-29': 47.69, '30-39': 43.48, '40-49': 51.03, '50-59': 49.36, '60-69': 52.15, '70-79': 53.67, '80-89': 55.7, '90-99': 50.85, '100-109': 47.8, '110-119': 50.3, '120-129': 40.89, '130-139': 55.1, 'old': 49.29, 'new': 48.79, 'harmonic': 49.04}
2026-06-19 07:08:21,438 [trainer.py] => CNN top1 curve: [54.19, 51.17, 49.21]
2026-06-19 07:08:21,438 [trainer.py] => CNN top5 curve: [78.69, 75.87, 74.52]
2026-06-19 07:08:21,438 [trainer.py] => Average Accuracy (CNN top1): 51.52333333333333
2026-06-19 07:08:21,439 [CLG-CBM.py] => Learning on 140-160
2026-06-19 07:39:50,635 [trainer.py] => CNN: {'total': 48.02, '00-09': 43.96, '10-19': 41.09, '20-29': 46.15, '30-39': 40.06, '40-49': 48.97, '50-59': 49.04, '60-69': 53.14, '70-79': 49.27, '80-89': 57.0, '90-99': 50.17, '100-109': 48.97, '110-119': 48.52, '120-129': 40.26, '130-139': 55.87, '140-149': 48.28, '150-159': 46.7, 'old': 48.1, 'new': 47.42, 'harmonic': 47.76}
2026-06-19 07:39:50,635 [trainer.py] => CNN top1 curve: [54.19, 51.17, 49.21, 48.02]
2026-06-19 07:39:50,636 [trainer.py] => CNN top5 curve: [78.69, 75.87, 74.52, 72.91]
2026-06-19 07:39:50,636 [trainer.py] => Average Accuracy (CNN top1): 50.6475
2026-06-19 07:39:50,636 [CLG-CBM.py] => Learning on 160-180
2026-06-19 08:11:54,850 [trainer.py] => CNN: {'total': 46.02, '00-09': 47.06, '10-19': 43.2, '20-29': 46.77, '30-39': 40.06, '40-49': 48.39, '50-59': 42.36, '60-69': 54.13, '70-79': 48.97, '80-89': 55.05, '90-99': 44.03, '100-109': 51.03, '110-119': 44.97, '120-129': 41.21, '130-139': 50.77, '140-149': 50.34, '150-159': 42.98, '160-169': 40.3, '170-179': 37.99, 'old': 46.97, 'new': 39.07, 'harmonic': 42.66}
2026-06-19 08:11:54,850 [trainer.py] => CNN top1 curve: [54.19, 51.17, 49.21, 48.02, 46.02]
2026-06-19 08:11:54,850 [trainer.py] => CNN top5 curve: [78.69, 75.87, 74.52, 72.91, 70.65]
2026-06-19 08:11:54,850 [trainer.py] => Average Accuracy (CNN top1): 49.722
2026-06-19 08:11:54,850 [CLG-CBM.py] => Learning on 180-200
2026-06-19 08:45:19,618 [trainer.py] => CNN: {'total': 43.3, '00-09': 48.3, '10-19': 35.95, '20-29': 41.85, '30-39': 35.4, '40-49': 49.85, '50-59': 39.17, '60-69': 53.8, '70-79': 47.51, '80-89': 50.49, '90-99': 43.69, '100-109': 49.27, '110-119': 44.38, '120-129': 35.78, '130-139': 51.02, '140-149': 44.83, '150-159': 42.41, '160-169': 42.42, '170-179': 39.58, '180-189': 44.18, '190-199': 24.84, 'old': 44.23, 'new': 35.34, 'harmonic': 39.29}
2026-06-19 08:45:19,618 [trainer.py] => CNN top1 curve: [54.19, 51.17, 49.21, 48.02, 46.02, 43.3]
2026-06-19 08:45:19,618 [trainer.py] => CNN top5 curve: [78.69, 75.87, 74.52, 72.91, 70.65, 69.46]
2026-06-19 08:45:19,619 [trainer.py] => Average Accuracy (CNN top1): 48.65166666666667
