2026-06-17 15:33:45,514 [trainer.py] => config: ./configs/CLG-CBM/CLG-CBM_sun_B0_Inc30.json
2026-06-17 15:33:45,514 [trainer.py] => prefix: continual-CLIP
2026-06-17 15:33:45,514 [trainer.py] => dataset: sun
2026-06-17 15:33:45,514 [trainer.py] => memory_size: 0
2026-06-17 15:33:45,514 [trainer.py] => memory_per_class: 0
2026-06-17 15:33:45,514 [trainer.py] => fixed_memory: False
2026-06-17 15:33:45,514 [trainer.py] => shuffle: True
2026-06-17 15:33:45,514 [trainer.py] => init_cls: 30
2026-06-17 15:33:45,514 [trainer.py] => increment: 30
2026-06-17 15:33:45,514 [trainer.py] => model_name: CLG-CBM
2026-06-17 15:33:45,514 [trainer.py] => backbone_type: clip
2026-06-17 15:33:45,514 [trainer.py] => device: [device(type='cuda', index=6)]
2026-06-17 15:33:45,514 [trainer.py] => seed: 2026
2026-06-17 15:33:45,514 [trainer.py] => sim: 1
2026-06-17 15:33:45,514 [trainer.py] => epochs: 30
2026-06-17 15:33:45,514 [trainer.py] => lr: 0.01
2026-06-17 15:33:45,514 [trainer.py] => FB_epoch: 60
2026-06-17 15:33:45,514 [trainer.py] => FB_epoch_inc: 60
2026-06-17 15:33:45,514 [trainer.py] => init_lr: 0.001
2026-06-17 15:33:45,514 [trainer.py] => pool: 10
2026-06-17 15:33:45,514 [trainer.py] => sg_num: 1
2026-06-17 15:33:45,514 [trainer.py] => milestones: [30, 40, 50]
2026-06-17 15:33:45,514 [trainer.py] => batch_size: 48
2026-06-17 15:33:45,514 [trainer.py] => division_power: 5
2026-06-17 15:33:45,514 [trainer.py] => linear_model: ['linear', 'bn', 'linear']
2026-06-17 15:33:45,514 [trainer.py] => score_model: ['bn', 'linear']
2026-06-17 15:33:45,515 [trainer.py] => regularizer: mahalanobis
2026-06-17 15:33:45,515 [trainer.py] => print_freq: 10
2026-06-17 15:33:45,515 [trainer.py] => repeat: False
2026-06-17 15:33:45,515 [trainer.py] => total_class_num: 300
2026-06-17 15:33:45,862 [data_manager.py] => [224, 200, 247, 134, 144, 294, 287, 225, 131, 191, 158, 138, 7, 23, 40, 155, 269, 178, 126, 44, 181, 266, 179, 275, 193, 114, 6, 235, 42, 109, 286, 230, 121, 210, 208, 102, 24, 256, 5, 254, 115, 168, 61, 184, 211, 18, 272, 227, 292, 296, 239, 107, 299, 283, 189, 202, 262, 105, 174, 206, 281, 150, 87, 265, 192, 271, 125, 74, 62, 56, 252, 197, 88, 180, 204, 46, 293, 298, 258, 146, 53, 80, 71, 37, 12, 219, 119, 4, 267, 90, 273, 65, 236, 1, 170, 100, 91, 213, 242, 209, 128, 261, 26, 50, 248, 140, 270, 185, 291, 156, 240, 199, 183, 186, 175, 81, 228, 177, 76, 52, 277, 54, 34, 94, 278, 110, 218, 99, 149, 220, 133, 234, 39, 154, 15, 233, 253, 289, 172, 187, 169, 143, 31, 198, 84, 157, 86, 173, 104, 9, 203, 147, 190, 223, 120, 30, 36, 196, 11, 288, 297, 285, 118, 129, 57, 82, 141, 241, 280, 45, 41, 151, 279, 166, 153, 217, 106, 93, 276, 123, 237, 167, 59, 48, 136, 246, 274, 244, 117, 60, 70, 229, 122, 20, 10, 63, 68, 231, 238, 171, 16, 72, 127, 232, 32, 124, 182, 0, 98, 264, 92, 38, 132, 95, 260, 97, 35, 8, 83, 163, 85, 113, 214, 13, 162, 145, 221, 33, 21, 195, 176, 215, 108, 103, 268, 165, 55, 69, 89, 2, 19, 67, 188, 284, 51, 243, 160, 222, 78, 255, 43, 142, 64, 207, 66, 161, 212, 164, 194, 14, 251, 139, 75, 79, 22, 58, 101, 73, 259, 159, 216, 226, 49, 152, 137, 3, 245, 290, 148, 47, 295, 201, 250, 17, 112, 25, 111, 135, 96, 263, 249, 27, 205, 130, 28, 116, 29, 77, 282, 257]
2026-06-17 15:33:46,454 [factory.py] => Loaded ViT-B-16 model config.
2026-06-17 15:33:48,472 [factory.py] => Loading pretrained ViT-B-16 weights (/home/team/zhaohongwei/pretrained_models/open_clip_pytorch_model_laion400m_e32.bin).
2026-06-17 15:33:49,680 [factory.py] => Loaded ViT-B-16 model config.
2026-06-17 15:33:51,258 [factory.py] => Loading pretrained ViT-B-16 weights (/home/team/zhaohongwei/pretrained_models/open_clip_pytorch_model_laion400m_e32.bin).
2026-06-17 15:33:52,548 [factory.py] => Loaded ViT-B-16 model config.
2026-06-17 15:33:54,108 [factory.py] => Loading pretrained ViT-B-16 weights (/home/team/zhaohongwei/pretrained_models/open_clip_pytorch_model_laion400m_e32.bin).
2026-06-17 15:33:55,634 [CLG-CBM.py] => Learning on 0-30
2026-06-17 15:48:20,057 [trainer.py] => CNN: {'total': 98.16, '00-09': 97.63, '10-19': 98.13, '20-29': 98.74, 'old': 0, 'new': 98.16, 'harmonic': 0.0}
2026-06-17 15:48:20,058 [trainer.py] => CNN top1 curve: [98.16]
2026-06-17 15:48:20,058 [trainer.py] => CNN top5 curve: [99.95]
2026-06-17 15:48:20,058 [trainer.py] => Average Accuracy (CNN top1): 98.16
2026-06-17 15:48:20,058 [CLG-CBM.py] => Learning on 30-60
2026-06-17 16:04:05,337 [trainer.py] => CNN: {'total': 93.7, '00-09': 89.78, '10-19': 95.07, '20-29': 92.42, '30-39': 96.65, '40-49': 91.91, '50-59': 94.45, 'old': 92.71, 'new': 94.74, 'harmonic': 93.71}
2026-06-17 16:04:05,338 [trainer.py] => CNN top1 curve: [98.16, 93.7]
2026-06-17 16:04:05,338 [trainer.py] => CNN top5 curve: [99.95, 99.59]
2026-06-17 16:04:05,338 [trainer.py] => Average Accuracy (CNN top1): 95.93
2026-06-17 16:04:05,338 [CLG-CBM.py] => Learning on 60-90
2026-06-17 16:22:52,281 [trainer.py] => CNN: {'total': 90.9, '00-09': 89.6, '10-19': 91.87, '20-29': 88.81, '30-39': 91.29, '40-49': 84.04, '50-59': 84.06, '60-69': 94.08, '70-79': 96.14, '80-89': 92.26, 'old': 88.73, 'new': 94.52, 'harmonic': 91.53}
2026-06-17 16:22:52,281 [trainer.py] => CNN top1 curve: [98.16, 93.7, 90.9]
2026-06-17 16:22:52,281 [trainer.py] => CNN top5 curve: [99.95, 99.59, 99.22]
2026-06-17 16:22:52,281 [trainer.py] => Average Accuracy (CNN top1): 94.25333333333333
2026-06-17 16:22:52,281 [CLG-CBM.py] => Learning on 90-120
2026-06-17 16:40:27,757 [trainer.py] => CNN: {'total': 86.91, '00-09': 87.77, '10-19': 90.13, '20-29': 88.27, '30-39': 89.81, '40-49': 80.9, '50-59': 79.72, '60-69': 87.61, '70-79': 77.79, '80-89': 83.96, '90-99': 90.78, '100-109': 94.95, '110-119': 93.03, 'old': 85.08, 'new': 92.85, 'harmonic': 88.8}
2026-06-17 16:40:27,757 [trainer.py] => CNN top1 curve: [98.16, 93.7, 90.9, 86.91]
2026-06-17 16:40:27,757 [trainer.py] => CNN top5 curve: [99.95, 99.59, 99.22, 98.77]
2026-06-17 16:40:27,757 [trainer.py] => Average Accuracy (CNN top1): 92.41749999999999
2026-06-17 16:40:27,757 [CLG-CBM.py] => Learning on 120-150
2026-06-17 16:58:20,122 [trainer.py] => CNN: {'total': 84.92, '00-09': 81.75, '10-19': 83.33, '20-29': 85.56, '30-39': 89.95, '40-49': 80.67, '50-59': 77.47, '60-69': 84.93, '70-79': 79.51, '80-89': 80.75, '90-99': 84.79, '100-109': 86.1, '110-119': 87.03, '120-129': 95.71, '130-139': 80.14, '140-149': 91.84, 'old': 83.55, 'new': 91.73, 'harmonic': 87.45}
2026-06-17 16:58:20,122 [trainer.py] => CNN top1 curve: [98.16, 93.7, 90.9, 86.91, 84.92]
2026-06-17 16:58:20,122 [trainer.py] => CNN top5 curve: [99.95, 99.59, 99.22, 98.77, 97.97]
2026-06-17 16:58:20,122 [trainer.py] => Average Accuracy (CNN top1): 90.91799999999999
2026-06-17 16:58:20,122 [CLG-CBM.py] => Learning on 150-180
2026-06-17 17:17:08,201 [trainer.py] => CNN: {'total': 84.21, '00-09': 84.31, '10-19': 84.93, '20-29': 83.75, '30-39': 87.53, '40-49': 79.1, '50-59': 80.42, '60-69': 81.69, '70-79': 79.51, '80-89': 79.43, '90-99': 83.33, '100-109': 86.82, '110-119': 83.14, '120-129': 86.65, '130-139': 80.48, '140-149': 81.63, '150-159': 91.05, '160-169': 89.6, '170-179': 91.8, 'old': 83.1, 'new': 90.66, 'harmonic': 86.72}
2026-06-17 17:17:08,202 [trainer.py] => CNN top1 curve: [98.16, 93.7, 90.9, 86.91, 84.92, 84.21]
2026-06-17 17:17:08,202 [trainer.py] => CNN top5 curve: [99.95, 99.59, 99.22, 98.77, 97.97, 98.01]
2026-06-17 17:17:08,202 [trainer.py] => Average Accuracy (CNN top1): 89.8
2026-06-17 17:17:08,202 [CLG-CBM.py] => Learning on 180-210
2026-06-17 17:38:23,293 [trainer.py] => CNN: {'total': 80.65, '00-09': 75.0, '10-19': 80.13, '20-29': 74.01, '30-39': 86.86, '40-49': 72.36, '50-59': 74.87, '60-69': 81.27, '70-79': 72.32, '80-89': 78.3, '90-99': 80.1, '100-109': 84.84, '110-119': 82.98, '120-129': 83.43, '130-139': 75.0, '140-149': 74.74, '150-159': 75.68, '160-169': 83.66, '170-179': 87.43, '180-189': 92.31, '190-199': 90.49, '200-209': 86.08, 'old': 79.25, 'new': 89.93, 'harmonic': 84.25}
2026-06-17 17:38:23,294 [trainer.py] => CNN top1 curve: [98.16, 93.7, 90.9, 86.91, 84.92, 84.21, 80.65]
2026-06-17 17:38:23,294 [trainer.py] => CNN top5 curve: [99.95, 99.59, 99.22, 98.77, 97.97, 98.01, 97.09]
2026-06-17 17:38:23,294 [trainer.py] => Average Accuracy (CNN top1): 88.49285714285713
2026-06-17 17:38:23,294 [CLG-CBM.py] => Learning on 210-240
2026-06-17 18:03:52,054 [trainer.py] => CNN: {'total': 80.84, '00-09': 77.92, '10-19': 81.73, '20-29': 78.88, '30-39': 87.27, '40-49': 75.06, '50-59': 73.48, '60-69': 75.07, '70-79': 72.53, '80-89': 75.28, '90-99': 80.74, '100-109': 82.13, '110-119': 82.66, '120-129': 84.98, '130-139': 77.4, '140-149': 81.63, '150-159': 78.72, '160-169': 81.85, '170-179': 84.97, '180-189': 80.53, '190-199': 84.08, '200-209': 78.59, '210-219': 85.23, '220-229': 87.79, '230-239': 89.63, 'old': 79.78, 'new': 87.78, 'harmonic': 83.59}
2026-06-17 18:03:52,054 [trainer.py] => CNN top1 curve: [98.16, 93.7, 90.9, 86.91, 84.92, 84.21, 80.65, 80.84]
2026-06-17 18:03:52,054 [trainer.py] => CNN top5 curve: [99.95, 99.59, 99.22, 98.77, 97.97, 98.01, 97.09, 96.91]
2026-06-17 18:03:52,054 [trainer.py] => Average Accuracy (CNN top1): 87.53625
2026-06-17 18:03:52,054 [CLG-CBM.py] => Learning on 240-270
2026-06-17 18:37:52,429 [trainer.py] => CNN: {'total': 79.4, '00-09': 76.46, '10-19': 80.27, '20-29': 77.44, '30-39': 84.72, '40-49': 72.58, '50-59': 72.1, '60-69': 76.62, '70-79': 76.29, '80-89': 73.02, '90-99': 79.45, '100-109': 85.92, '110-119': 80.23, '120-129': 82.12, '130-139': 73.63, '140-149': 77.55, '150-159': 73.65, '160-169': 77.56, '170-179': 87.16, '180-189': 76.3, '190-199': 78.45, '200-209': 75.37, '210-219': 79.82, '220-229': 76.48, '230-239': 69.69, '240-249': 82.46, '250-259': 92.89, '260-269': 88.24, 'old': 77.68, 'new': 89.3, 'harmonic': 83.09}
2026-06-17 18:37:52,429 [trainer.py] => CNN top1 curve: [98.16, 93.7, 90.9, 86.91, 84.92, 84.21, 80.65, 80.84, 79.4]
2026-06-17 18:37:52,429 [trainer.py] => CNN top5 curve: [99.95, 99.59, 99.22, 98.77, 97.97, 98.01, 97.09, 96.91, 96.61]
2026-06-17 18:37:52,430 [trainer.py] => Average Accuracy (CNN top1): 86.63222222222221
2026-06-17 18:37:52,430 [CLG-CBM.py] => Learning on 270-300
2026-06-17 19:03:12,251 [trainer.py] => CNN: {'total': 77.55, '00-09': 76.82, '10-19': 81.47, '20-29': 74.37, '30-39': 83.65, '40-49': 71.24, '50-59': 72.44, '60-69': 76.48, '70-79': 73.39, '80-89': 71.89, '90-99': 76.21, '100-109': 81.59, '110-119': 79.58, '120-129': 81.41, '130-139': 72.95, '140-149': 77.55, '150-159': 73.65, '160-169': 75.58, '170-179': 84.43, '180-189': 75.98, '190-199': 77.48, '200-209': 72.59, '210-219': 82.88, '220-229': 77.2, '230-239': 78.08, '240-249': 70.35, '250-259': 84.75, '260-269': 66.55, '270-279': 78.96, '280-289': 85.07, '290-299': 84.58, 'old': 77.01, 'new': 83.21, 'harmonic': 79.99}
2026-06-17 19:03:12,251 [trainer.py] => CNN top1 curve: [98.16, 93.7, 90.9, 86.91, 84.92, 84.21, 80.65, 80.84, 79.4, 77.55]
2026-06-17 19:03:12,252 [trainer.py] => CNN top5 curve: [99.95, 99.59, 99.22, 98.77, 97.97, 98.01, 97.09, 96.91, 96.61, 96.28]
2026-06-17 19:03:12,252 [trainer.py] => Average Accuracy (CNN top1): 85.72399999999999
