2026-06-17 03:27:41,582 [trainer.py] => config: ./configs/CLG-CBM/CLG-CBM_ucf_B0_Inc10.json
2026-06-17 03:27:41,583 [trainer.py] => prefix: continual-CLIP
2026-06-17 03:27:41,583 [trainer.py] => dataset: ucf101
2026-06-17 03:27:41,583 [trainer.py] => memory_size: 0
2026-06-17 03:27:41,583 [trainer.py] => memory_per_class: 0
2026-06-17 03:27:41,583 [trainer.py] => fixed_memory: False
2026-06-17 03:27:41,583 [trainer.py] => shuffle: True
2026-06-17 03:27:41,583 [trainer.py] => init_cls: 10
2026-06-17 03:27:41,583 [trainer.py] => increment: 10
2026-06-17 03:27:41,583 [trainer.py] => model_name: CLG-CBM
2026-06-17 03:27:41,583 [trainer.py] => backbone_type: clip
2026-06-17 03:27:41,583 [trainer.py] => device: [device(type='cuda', index=6)]
2026-06-17 03:27:41,583 [trainer.py] => seed: 0
2026-06-17 03:27:41,583 [trainer.py] => sim: 1
2026-06-17 03:27:41,583 [trainer.py] => epochs: 30
2026-06-17 03:27:41,583 [trainer.py] => lr: 0.01
2026-06-17 03:27:41,583 [trainer.py] => FB_epoch: 60
2026-06-17 03:27:41,583 [trainer.py] => FB_epoch_inc: 60
2026-06-17 03:27:41,583 [trainer.py] => init_lr: 0.001
2026-06-17 03:27:41,583 [trainer.py] => pool: 10
2026-06-17 03:27:41,583 [trainer.py] => sg_num: 1
2026-06-17 03:27:41,584 [trainer.py] => milestones: [30, 40, 50]
2026-06-17 03:27:41,584 [trainer.py] => batch_size: 48
2026-06-17 03:27:41,584 [trainer.py] => division_power: 5
2026-06-17 03:27:41,584 [trainer.py] => linear_model: ['linear', 'bn', 'linear']
2026-06-17 03:27:41,584 [trainer.py] => score_model: ['bn', 'linear']
2026-06-17 03:27:41,584 [trainer.py] => regularizer: mahalanobis
2026-06-17 03:27:41,584 [trainer.py] => print_freq: 10
2026-06-17 03:27:41,584 [trainer.py] => repeat: False
2026-06-17 03:27:41,584 [trainer.py] => total_class_num: 100
2026-06-17 03:27:41,727 [data_manager.py] => [26, 86, 2, 55, 75, 93, 16, 73, 54, 95, 53, 92, 78, 13, 7, 30, 22, 24, 33, 8, 43, 62, 3, 71, 45, 48, 6, 99, 82, 76, 60, 80, 90, 68, 51, 27, 18, 56, 63, 74, 1, 61, 42, 41, 4, 15, 17, 40, 38, 5, 91, 59, 0, 34, 28, 50, 11, 35, 23, 52, 10, 31, 66, 57, 79, 85, 32, 84, 14, 89, 19, 29, 49, 97, 98, 69, 20, 94, 72, 77, 25, 37, 81, 46, 39, 65, 58, 12, 88, 70, 87, 36, 21, 83, 9, 96, 67, 64, 47, 44]
2026-06-17 03:27:43,706 [instantiator.py] => Created a temporary directory at /tmp/tmpww5x9ux6
2026-06-17 03:27:43,706 [instantiator.py] => Writing /tmp/tmpww5x9ux6/_remote_module_non_scriptable.py
2026-06-17 03:27:43,852 [factory.py] => Loaded ViT-B-16 model config.
2026-06-17 03:27:46,204 [factory.py] => Loading pretrained ViT-B-16 weights (/home/team/zhaohongwei/pretrained_models/open_clip_pytorch_model_laion400m_e32.bin).
2026-06-17 03:27:47,312 [factory.py] => Loaded ViT-B-16 model config.
2026-06-17 03:27:49,291 [factory.py] => Loading pretrained ViT-B-16 weights (/home/team/zhaohongwei/pretrained_models/open_clip_pytorch_model_laion400m_e32.bin).
2026-06-17 03:27:51,567 [factory.py] => Loaded ViT-B-16 model config.
2026-06-17 03:27:53,189 [factory.py] => Loading pretrained ViT-B-16 weights (/home/team/zhaohongwei/pretrained_models/open_clip_pytorch_model_laion400m_e32.bin).
2026-06-17 03:27:54,907 [CLG-CBM.py] => Learning on 0-10
2026-06-17 03:29:57,138 [trainer.py] => CNN: {'total': 100.0, '00-09': 100.0, 'old': 0, 'new': 100.0, 'harmonic': 0.0}
2026-06-17 03:29:57,139 [trainer.py] => CNN top1 curve: [100.0]
2026-06-17 03:29:57,139 [trainer.py] => CNN top5 curve: [100.0]
2026-06-17 03:29:57,139 [trainer.py] => Average Accuracy (CNN top1): 100.0
2026-06-17 03:29:57,139 [CLG-CBM.py] => Learning on 10-20
2026-06-17 03:32:04,401 [trainer.py] => CNN: {'total': 98.07, '00-09': 98.46, '10-19': 97.68, 'old': 98.46, 'new': 97.68, 'harmonic': 98.07}
2026-06-17 03:32:04,401 [trainer.py] => CNN top1 curve: [100.0, 98.07]
2026-06-17 03:32:04,401 [trainer.py] => CNN top5 curve: [100.0, 100.0]
2026-06-17 03:32:04,402 [trainer.py] => Average Accuracy (CNN top1): 99.035
2026-06-17 03:32:04,402 [CLG-CBM.py] => Learning on 20-30
2026-06-17 03:34:19,929 [trainer.py] => CNN: {'total': 97.6, '00-09': 97.3, '10-19': 95.75, '20-29': 99.63, 'old': 96.53, 'new': 99.63, 'harmonic': 98.06}
2026-06-17 03:34:19,929 [trainer.py] => CNN top1 curve: [100.0, 98.07, 97.6]
2026-06-17 03:34:19,929 [trainer.py] => CNN top5 curve: [100.0, 100.0, 99.75]
2026-06-17 03:34:19,929 [trainer.py] => Average Accuracy (CNN top1): 98.55666666666666
2026-06-17 03:34:19,929 [CLG-CBM.py] => Learning on 30-40
2026-06-17 03:36:40,366 [trainer.py] => CNN: {'total': 96.95, '00-09': 97.3, '10-19': 94.59, '20-29': 97.44, '30-39': 98.66, 'old': 96.46, 'new': 98.66, 'harmonic': 97.55}
2026-06-17 03:36:40,367 [trainer.py] => CNN top1 curve: [100.0, 98.07, 97.6, 96.95]
2026-06-17 03:36:40,368 [trainer.py] => CNN top5 curve: [100.0, 100.0, 99.75, 99.8]
2026-06-17 03:36:40,368 [trainer.py] => Average Accuracy (CNN top1): 98.15499999999999
2026-06-17 03:36:40,368 [CLG-CBM.py] => Learning on 40-50
2026-06-17 03:39:24,466 [trainer.py] => CNN: {'total': 96.72, '00-09': 96.14, '10-19': 95.37, '20-29': 96.7, '30-39': 95.54, '40-49': 99.33, 'old': 95.96, 'new': 99.33, 'harmonic': 97.62}
2026-06-17 03:39:24,467 [trainer.py] => CNN top1 curve: [100.0, 98.07, 97.6, 96.95, 96.72]
2026-06-17 03:39:24,467 [trainer.py] => CNN top5 curve: [100.0, 100.0, 99.75, 99.8, 99.7]
2026-06-17 03:39:24,467 [trainer.py] => Average Accuracy (CNN top1): 97.86799999999998
2026-06-17 03:39:24,468 [CLG-CBM.py] => Learning on 50-60
2026-06-17 03:42:27,177 [trainer.py] => CNN: {'total': 94.85, '00-09': 96.91, '10-19': 88.03, '20-29': 96.34, '30-39': 93.75, '40-49': 95.62, '50-59': 97.85, 'old': 94.21, 'new': 97.85, 'harmonic': 96.0}
2026-06-17 03:42:27,177 [trainer.py] => CNN top1 curve: [100.0, 98.07, 97.6, 96.95, 96.72, 94.85]
2026-06-17 03:42:27,177 [trainer.py] => CNN top5 curve: [100.0, 100.0, 99.75, 99.8, 99.7, 99.5]
2026-06-17 03:42:27,177 [trainer.py] => Average Accuracy (CNN top1): 97.365
2026-06-17 03:42:27,178 [CLG-CBM.py] => Learning on 60-70
2026-06-17 03:45:23,245 [trainer.py] => CNN: {'total': 94.18, '00-09': 95.37, '10-19': 90.35, '20-29': 95.6, '30-39': 94.2, '40-49': 96.97, '50-59': 89.61, '60-69': 97.17, 'old': 93.71, 'new': 97.17, 'harmonic': 95.41}
2026-06-17 03:45:23,246 [trainer.py] => CNN top1 curve: [100.0, 98.07, 97.6, 96.95, 96.72, 94.85, 94.18]
2026-06-17 03:45:23,246 [trainer.py] => CNN top5 curve: [100.0, 100.0, 99.75, 99.8, 99.7, 99.5, 99.51]
2026-06-17 03:45:23,246 [trainer.py] => Average Accuracy (CNN top1): 96.90999999999998
2026-06-17 03:45:23,246 [CLG-CBM.py] => Learning on 70-80
2026-06-17 03:48:40,801 [trainer.py] => CNN: {'total': 92.43, '00-09': 91.12, '10-19': 91.12, '20-29': 94.14, '30-39': 91.96, '40-49': 93.6, '50-59': 87.1, '60-69': 90.69, '70-79': 100.0, 'old': 91.4, 'new': 100.0, 'harmonic': 95.51}
2026-06-17 03:48:40,802 [trainer.py] => CNN top1 curve: [100.0, 98.07, 97.6, 96.95, 96.72, 94.85, 94.18, 92.43]
2026-06-17 03:48:40,802 [trainer.py] => CNN top5 curve: [100.0, 100.0, 99.75, 99.8, 99.7, 99.5, 99.51, 98.8]
2026-06-17 03:48:40,802 [trainer.py] => Average Accuracy (CNN top1): 96.35
2026-06-17 03:48:40,802 [CLG-CBM.py] => Learning on 80-90
2026-06-17 03:52:10,878 [trainer.py] => CNN: {'total': 92.16, '00-09': 91.89, '10-19': 89.58, '20-29': 96.34, '30-39': 91.96, '40-49': 92.59, '50-59': 84.23, '60-69': 91.09, '70-79': 94.35, '80-89': 97.44, 'old': 91.47, 'new': 97.44, 'harmonic': 94.36}
2026-06-17 03:52:10,878 [trainer.py] => CNN top1 curve: [100.0, 98.07, 97.6, 96.95, 96.72, 94.85, 94.18, 92.43, 92.16]
2026-06-17 03:52:10,878 [trainer.py] => CNN top5 curve: [100.0, 100.0, 99.75, 99.8, 99.7, 99.5, 99.51, 98.8, 98.98]
2026-06-17 03:52:10,878 [trainer.py] => Average Accuracy (CNN top1): 95.88444444444444
2026-06-17 03:52:10,878 [CLG-CBM.py] => Learning on 90-100
2026-06-17 03:56:06,543 [trainer.py] => CNN: {'total': 90.56, '00-09': 91.51, '10-19': 85.71, '20-29': 93.04, '30-39': 88.84, '40-49': 90.24, '50-59': 89.25, '60-69': 86.23, '70-79': 96.37, '80-89': 87.18, '90-99': 96.79, 'old': 89.83, 'new': 96.79, 'harmonic': 93.18}
2026-06-17 03:56:06,543 [trainer.py] => CNN top1 curve: [100.0, 98.07, 97.6, 96.95, 96.72, 94.85, 94.18, 92.43, 92.16, 90.56]
2026-06-17 03:56:06,543 [trainer.py] => CNN top5 curve: [100.0, 100.0, 99.75, 99.8, 99.7, 99.5, 99.51, 98.8, 98.98, 98.75]
2026-06-17 03:56:06,543 [trainer.py] => Average Accuracy (CNN top1): 95.352
