2026-06-17 09:02:13,735 [trainer.py] => config: ./configs/bofa/bofa_cub_B100_Inc20.json
2026-06-17 09:02:13,735 [trainer.py] => prefix: -
2026-06-17 09:02:13,735 [trainer.py] => dataset: cub
2026-06-17 09:02:13,736 [trainer.py] => memory_size: 0
2026-06-17 09:02:13,736 [trainer.py] => memory_per_class: 0
2026-06-17 09:02:13,736 [trainer.py] => fixed_memory: False
2026-06-17 09:02:13,736 [trainer.py] => shuffle: True
2026-06-17 09:02:13,736 [trainer.py] => init_cls: 100
2026-06-17 09:02:13,736 [trainer.py] => increment: 20
2026-06-17 09:02:13,736 [trainer.py] => model_name: bofa
2026-06-17 09:02:13,736 [trainer.py] => backbone_type: clip
2026-06-17 09:02:13,736 [trainer.py] => device: [device(type='cuda', index=5)]
2026-06-17 09:02:13,736 [trainer.py] => seed: 1993
2026-06-17 09:02:13,736 [trainer.py] => projection_type: pure_mlp
2026-06-17 09:02:13,736 [trainer.py] => frozen_layers: visual
2026-06-17 09:02:13,736 [trainer.py] => tuned_epoch: 15
2026-06-17 09:02:13,736 [trainer.py] => init_lr: 0.05
2026-06-17 09:02:13,736 [trainer.py] => batch_size: 128
2026-06-17 09:02:13,736 [trainer.py] => weight_decay: 0.05
2026-06-17 09:02:13,736 [trainer.py] => min_lr: 0
2026-06-17 09:02:13,736 [trainer.py] => optimizer: sgd
2026-06-17 09:02:13,736 [trainer.py] => text_des: 2
2026-06-17 09:02:13,736 [trainer.py] => image_aug: 2
2026-06-17 09:02:13,736 [trainer.py] => stat: 0.6
2026-06-17 09:02:13,736 [trainer.py] => Kt: 64
2026-06-17 09:02:13,736 [trainer.py] => use_up_cov: True
2026-06-17 09:02:13,736 [trainer.py] => total_class_num: 200
2026-06-17 09:02:13,775 [data_manager.py] => [168, 136, 51, 9, 183, 101, 171, 99, 42, 159, 191, 70, 16, 188, 27, 10, 175, 26, 68, 187, 98, 6, 85, 35, 112, 43, 100, 0, 103, 181, 88, 59, 4, 2, 116, 174, 94, 80, 106, 1, 147, 17, 141, 131, 72, 23, 173, 54, 197, 118, 87, 32, 79, 104, 91, 19, 135, 107, 178, 36, 11, 199, 142, 8, 122, 3, 28, 57, 153, 172, 190, 56, 49, 44, 97, 62, 151, 169, 194, 55, 192, 12, 189, 78, 66, 180, 15, 137, 109, 134, 92, 119, 126, 52, 170, 40, 148, 65, 144, 64, 138, 45, 77, 89, 154, 90, 71, 193, 74, 30, 113, 143, 96, 84, 67, 50, 186, 156, 69, 21, 18, 111, 108, 58, 125, 157, 150, 110, 182, 129, 166, 83, 81, 60, 13, 165, 14, 176, 63, 117, 5, 22, 145, 121, 38, 41, 82, 127, 114, 20, 31, 53, 37, 163, 196, 130, 152, 162, 86, 76, 24, 34, 184, 149, 33, 128, 198, 155, 146, 167, 139, 120, 140, 102, 47, 25, 158, 123, 46, 164, 61, 7, 115, 75, 133, 160, 105, 132, 179, 124, 48, 73, 93, 39, 95, 195, 29, 177, 185, 161]
2026-06-17 09:02:13,814 [factory.py] => Loaded ViT-B-16 model config.
2026-06-17 09:02:15,641 [factory.py] => Loading pretrained ViT-B-16 weights (/home/team/zhaohongwei/pretrained_models/open_clip_pytorch_model_laion400m_e32.bin).
2026-06-17 09:02:16,229 [bofa.py] => Learning on 0-100
2026-06-17 09:02:49,356 [bofa.py] => Eval Test Loader: Zero_Shot_Lam: 84.01
2026-06-17 09:03:04,150 [bofa.py] => Task 0, Epoch 1/15 => Loss_Clip 3.160, Train_acc 68.30
2026-06-17 09:03:18,930 [bofa.py] => Task 0, Epoch 2/15 => Loss_Clip 2.909, Train_acc 74.65
2026-06-17 09:03:33,914 [bofa.py] => Task 0, Epoch 3/15 => Loss_Clip 2.901, Train_acc 74.48
2026-06-17 09:03:48,766 [bofa.py] => Task 0, Epoch 4/15 => Loss_Clip 2.884, Train_acc 75.33
2026-06-17 09:04:03,958 [bofa.py] => Task 0, Epoch 5/15 => Loss_Clip 2.884, Train_acc 76.22
2026-06-17 09:04:18,881 [bofa.py] => Task 0, Epoch 6/15 => Loss_Clip 2.870, Train_acc 76.14
2026-06-17 09:04:33,964 [bofa.py] => Task 0, Epoch 7/15 => Loss_Clip 2.853, Train_acc 76.86
2026-06-17 09:04:49,627 [bofa.py] => Task 0, Epoch 8/15 => Loss_Clip 2.838, Train_acc 78.01
2026-06-17 09:05:05,056 [bofa.py] => Task 0, Epoch 9/15 => Loss_Clip 2.821, Train_acc 77.99
2026-06-17 09:05:20,500 [bofa.py] => Task 0, Epoch 10/15 => Loss_Clip 2.797, Train_acc 79.93
2026-06-17 09:05:35,552 [bofa.py] => Task 0, Epoch 11/15 => Loss_Clip 2.763, Train_acc 81.12
2026-06-17 09:05:50,794 [bofa.py] => Task 0, Epoch 12/15 => Loss_Clip 2.738, Train_acc 82.28
2026-06-17 09:06:05,722 [bofa.py] => Task 0, Epoch 13/15 => Loss_Clip 2.704, Train_acc 84.21
2026-06-17 09:06:20,898 [bofa.py] => Task 0, Epoch 14/15 => Loss_Clip 2.678, Train_acc 85.32
2026-06-17 09:06:36,105 [bofa.py] => Task 0, Epoch 15/15 => Loss_Clip 2.651, Train_acc 86.13
2026-06-17 09:06:51,122 [bofa.py] => Task 0, Epoch 16/15 => Loss_Clip 2.644, Train_acc 86.28
2026-06-17 09:07:06,279 [bofa.py] => Task 0, Epoch 17/15 => Loss_Clip 2.651, Train_acc 86.58
2026-06-17 09:07:14,482 [trainer.py] => CNN: {'total': 86.78, '00-09': 85.59, '10-19': 85.27, '20-29': 89.69, '30-39': 76.36, '40-49': 91.59, '50-59': 85.59, '60-69': 87.74, '70-79': 87.94, '80-89': 89.47, '90-99': 88.24, 'old': 0, 'new': 86.78, 'harmonic': 0.0}
2026-06-17 09:07:14,483 [trainer.py] => CNN top1 curve: [86.78]
2026-06-17 09:07:14,483 [trainer.py] => CNN top5 curve: [98.48]
2026-06-17 09:07:14,483 [trainer.py] => Average Accuracy (CNN top1): 86.78
2026-06-17 09:07:14,483 [bofa.py] => Learning on 100-120
2026-06-17 09:07:23,876 [bofa.py] => Eval Test Loader: Zero_Shot_Lam: 81.78
2026-06-17 09:07:27,871 [bofa.py] => Task 1, Epoch 1/15 => Loss_Clip 3.648, Train_acc 50.84
2026-06-17 09:07:31,914 [bofa.py] => Task 1, Epoch 2/15 => Loss_Clip 3.028, Train_acc 84.03
2026-06-17 09:07:35,946 [bofa.py] => Task 1, Epoch 3/15 => Loss_Clip 2.827, Train_acc 91.07
2026-06-17 09:07:39,898 [bofa.py] => Task 1, Epoch 4/15 => Loss_Clip 2.724, Train_acc 94.64
2026-06-17 09:07:44,480 [bofa.py] => Task 1, Epoch 5/15 => Loss_Clip 2.650, Train_acc 94.85
2026-06-17 09:07:48,588 [bofa.py] => Task 1, Epoch 6/15 => Loss_Clip 2.611, Train_acc 95.59
2026-06-17 09:07:52,612 [bofa.py] => Task 1, Epoch 7/15 => Loss_Clip 2.566, Train_acc 96.64
2026-06-17 09:07:56,611 [bofa.py] => Task 1, Epoch 8/15 => Loss_Clip 2.535, Train_acc 96.95
2026-06-17 09:08:00,500 [bofa.py] => Task 1, Epoch 9/15 => Loss_Clip 2.517, Train_acc 97.37
2026-06-17 09:08:04,537 [bofa.py] => Task 1, Epoch 10/15 => Loss_Clip 2.502, Train_acc 97.58
2026-06-17 09:08:08,647 [bofa.py] => Task 1, Epoch 11/15 => Loss_Clip 2.477, Train_acc 98.00
2026-06-17 09:08:12,718 [bofa.py] => Task 1, Epoch 12/15 => Loss_Clip 2.472, Train_acc 98.00
2026-06-17 09:08:16,633 [bofa.py] => Task 1, Epoch 13/15 => Loss_Clip 2.466, Train_acc 98.21
2026-06-17 09:08:20,882 [bofa.py] => Task 1, Epoch 14/15 => Loss_Clip 2.464, Train_acc 98.11
2026-06-17 09:08:24,832 [bofa.py] => Task 1, Epoch 15/15 => Loss_Clip 2.454, Train_acc 98.32
2026-06-17 09:08:29,036 [bofa.py] => Task 1, Epoch 16/15 => Loss_Clip 3.948, Train_acc 83.93
2026-06-17 09:08:33,149 [bofa.py] => Task 1, Epoch 17/15 => Loss_Clip 3.946, Train_acc 83.93
2026-06-17 09:08:42,545 [trainer.py] => CNN: {'total': 84.18, '00-09': 85.59, '10-19': 82.95, '20-29': 89.69, '30-39': 74.55, '40-49': 89.72, '50-59': 82.88, '60-69': 83.96, '70-79': 85.11, '80-89': 84.96, '90-99': 88.24, '100-109': 83.48, '110-119': 78.76, 'old': 84.76, 'new': 81.14, 'harmonic': 82.91}
2026-06-17 09:08:42,545 [trainer.py] => CNN top1 curve: [86.78, 84.18]
2026-06-17 09:08:42,545 [trainer.py] => CNN top5 curve: [98.48, 97.53]
2026-06-17 09:08:42,545 [trainer.py] => Average Accuracy (CNN top1): 85.48
2026-06-17 09:08:42,546 [bofa.py] => Learning on 120-140
2026-06-17 09:08:52,422 [bofa.py] => Eval Test Loader: Zero_Shot_Lam: 80.07
2026-06-17 09:08:56,403 [bofa.py] => Task 2, Epoch 1/15 => Loss_Clip 3.558, Train_acc 47.27
2026-06-17 09:09:00,364 [bofa.py] => Task 2, Epoch 2/15 => Loss_Clip 3.050, Train_acc 76.83
2026-06-17 09:09:04,497 [bofa.py] => Task 2, Epoch 3/15 => Loss_Clip 2.935, Train_acc 82.29
2026-06-17 09:09:08,629 [bofa.py] => Task 2, Epoch 4/15 => Loss_Clip 2.871, Train_acc 84.59
2026-06-17 09:09:12,403 [bofa.py] => Task 2, Epoch 5/15 => Loss_Clip 2.820, Train_acc 85.53
2026-06-17 09:09:16,234 [bofa.py] => Task 2, Epoch 6/15 => Loss_Clip 2.797, Train_acc 88.16
2026-06-17 09:09:20,111 [bofa.py] => Task 2, Epoch 7/15 => Loss_Clip 2.768, Train_acc 90.46
2026-06-17 09:09:24,081 [bofa.py] => Task 2, Epoch 8/15 => Loss_Clip 2.754, Train_acc 90.46
2026-06-17 09:09:28,297 [bofa.py] => Task 2, Epoch 9/15 => Loss_Clip 2.737, Train_acc 91.09
2026-06-17 09:09:32,315 [bofa.py] => Task 2, Epoch 10/15 => Loss_Clip 2.719, Train_acc 92.14
2026-06-17 09:09:36,363 [bofa.py] => Task 2, Epoch 11/15 => Loss_Clip 2.705, Train_acc 93.40
2026-06-17 09:09:40,544 [bofa.py] => Task 2, Epoch 12/15 => Loss_Clip 2.693, Train_acc 93.19
2026-06-17 09:09:44,602 [bofa.py] => Task 2, Epoch 13/15 => Loss_Clip 2.683, Train_acc 93.61
2026-06-17 09:09:48,721 [bofa.py] => Task 2, Epoch 14/15 => Loss_Clip 2.679, Train_acc 94.03
2026-06-17 09:09:52,678 [bofa.py] => Task 2, Epoch 15/15 => Loss_Clip 2.672, Train_acc 93.40
2026-06-17 09:09:56,649 [bofa.py] => Task 2, Epoch 16/15 => Loss_Clip 4.131, Train_acc 74.00
2026-06-17 09:10:00,864 [bofa.py] => Task 2, Epoch 17/15 => Loss_Clip 4.130, Train_acc 74.00
2026-06-17 09:10:11,419 [trainer.py] => CNN: {'total': 82.82, '00-09': 83.9, '10-19': 82.95, '20-29': 86.6, '30-39': 72.73, '40-49': 85.05, '50-59': 80.18, '60-69': 82.08, '70-79': 85.11, '80-89': 83.46, '90-99': 88.24, '100-109': 81.74, '110-119': 77.88, '120-129': 82.24, '130-139': 85.59, 'old': 82.63, 'new': 84.0, 'harmonic': 83.31}
2026-06-17 09:10:11,420 [trainer.py] => CNN top1 curve: [86.78, 84.18, 82.82]
2026-06-17 09:10:11,420 [trainer.py] => CNN top5 curve: [98.48, 97.53, 97.32]
2026-06-17 09:10:11,420 [trainer.py] => Average Accuracy (CNN top1): 84.59333333333333
2026-06-17 09:10:11,420 [bofa.py] => Learning on 140-160
2026-06-17 09:10:21,518 [bofa.py] => Eval Test Loader: Zero_Shot_Lam: 79.69
2026-06-17 09:10:25,348 [bofa.py] => Task 3, Epoch 1/15 => Loss_Clip 4.081, Train_acc 22.28
2026-06-17 09:10:29,106 [bofa.py] => Task 3, Epoch 2/15 => Loss_Clip 3.479, Train_acc 72.83
2026-06-17 09:10:33,030 [bofa.py] => Task 3, Epoch 3/15 => Loss_Clip 3.270, Train_acc 75.76
2026-06-17 09:10:36,964 [bofa.py] => Task 3, Epoch 4/15 => Loss_Clip 3.176, Train_acc 83.70
2026-06-17 09:10:40,718 [bofa.py] => Task 3, Epoch 5/15 => Loss_Clip 3.094, Train_acc 87.93
2026-06-17 09:10:44,454 [bofa.py] => Task 3, Epoch 6/15 => Loss_Clip 3.045, Train_acc 91.20
2026-06-17 09:10:48,274 [bofa.py] => Task 3, Epoch 7/15 => Loss_Clip 3.025, Train_acc 92.39
2026-06-17 09:10:52,248 [bofa.py] => Task 3, Epoch 8/15 => Loss_Clip 3.004, Train_acc 94.13
2026-06-17 09:10:56,356 [bofa.py] => Task 3, Epoch 9/15 => Loss_Clip 2.989, Train_acc 94.89
2026-06-17 09:11:00,182 [bofa.py] => Task 3, Epoch 10/15 => Loss_Clip 2.964, Train_acc 95.87
2026-06-17 09:11:04,024 [bofa.py] => Task 3, Epoch 11/15 => Loss_Clip 2.956, Train_acc 96.09
2026-06-17 09:11:07,838 [bofa.py] => Task 3, Epoch 12/15 => Loss_Clip 2.936, Train_acc 95.76
2026-06-17 09:11:11,594 [bofa.py] => Task 3, Epoch 13/15 => Loss_Clip 2.933, Train_acc 95.98
2026-06-17 09:11:15,387 [bofa.py] => Task 3, Epoch 14/15 => Loss_Clip 2.935, Train_acc 97.07
2026-06-17 09:11:19,189 [bofa.py] => Task 3, Epoch 15/15 => Loss_Clip 2.921, Train_acc 96.74
2026-06-17 09:11:22,975 [bofa.py] => Task 3, Epoch 16/15 => Loss_Clip 4.296, Train_acc 71.41
2026-06-17 09:11:26,926 [bofa.py] => Task 3, Epoch 17/15 => Loss_Clip 4.290, Train_acc 71.41
2026-06-17 09:11:38,629 [trainer.py] => CNN: {'total': 82.39, '00-09': 81.36, '10-19': 83.72, '20-29': 88.66, '30-39': 70.91, '40-49': 84.11, '50-59': 79.28, '60-69': 83.02, '70-79': 82.27, '80-89': 82.71, '90-99': 86.03, '100-109': 80.87, '110-119': 77.88, '120-129': 82.24, '130-139': 83.9, '140-149': 79.37, '150-159': 91.13, 'old': 81.96, 'new': 85.2, 'harmonic': 83.55}
2026-06-17 09:11:38,629 [trainer.py] => CNN top1 curve: [86.78, 84.18, 82.82, 82.39]
2026-06-17 09:11:38,629 [trainer.py] => CNN top5 curve: [98.48, 97.53, 97.32, 97.2]
2026-06-17 09:11:38,629 [trainer.py] => Average Accuracy (CNN top1): 84.0425
2026-06-17 09:11:38,629 [bofa.py] => Learning on 160-180
2026-06-17 09:11:50,174 [bofa.py] => Eval Test Loader: Zero_Shot_Lam: 78.67
2026-06-17 09:11:53,992 [bofa.py] => Task 4, Epoch 1/15 => Loss_Clip 3.896, Train_acc 45.72
2026-06-17 09:11:58,078 [bofa.py] => Task 4, Epoch 2/15 => Loss_Clip 3.375, Train_acc 84.76
2026-06-17 09:12:02,127 [bofa.py] => Task 4, Epoch 3/15 => Loss_Clip 3.244, Train_acc 89.14
2026-06-17 09:12:06,007 [bofa.py] => Task 4, Epoch 4/15 => Loss_Clip 3.183, Train_acc 93.42
2026-06-17 09:12:09,888 [bofa.py] => Task 4, Epoch 5/15 => Loss_Clip 3.124, Train_acc 95.09
2026-06-17 09:12:13,810 [bofa.py] => Task 4, Epoch 6/15 => Loss_Clip 3.095, Train_acc 95.62
2026-06-17 09:12:17,757 [bofa.py] => Task 4, Epoch 7/15 => Loss_Clip 3.074, Train_acc 96.45
2026-06-17 09:12:21,874 [bofa.py] => Task 4, Epoch 8/15 => Loss_Clip 3.048, Train_acc 97.18
2026-06-17 09:12:25,914 [bofa.py] => Task 4, Epoch 9/15 => Loss_Clip 3.037, Train_acc 97.60
2026-06-17 09:12:29,913 [bofa.py] => Task 4, Epoch 10/15 => Loss_Clip 3.026, Train_acc 97.39
2026-06-17 09:12:33,668 [bofa.py] => Task 4, Epoch 11/15 => Loss_Clip 3.005, Train_acc 98.43
2026-06-17 09:12:37,521 [bofa.py] => Task 4, Epoch 12/15 => Loss_Clip 2.991, Train_acc 98.85
2026-06-17 09:12:41,365 [bofa.py] => Task 4, Epoch 13/15 => Loss_Clip 2.981, Train_acc 98.96
2026-06-17 09:12:45,305 [bofa.py] => Task 4, Epoch 14/15 => Loss_Clip 2.975, Train_acc 98.64
2026-06-17 09:12:49,266 [bofa.py] => Task 4, Epoch 15/15 => Loss_Clip 2.968, Train_acc 98.75
2026-06-17 09:12:53,058 [bofa.py] => Task 4, Epoch 16/15 => Loss_Clip 4.436, Train_acc 66.18
2026-06-17 09:12:56,785 [bofa.py] => Task 4, Epoch 17/15 => Loss_Clip 4.437, Train_acc 66.18
2026-06-17 09:13:09,686 [trainer.py] => CNN: {'total': 81.53, '00-09': 77.97, '10-19': 82.95, '20-29': 87.63, '30-39': 70.91, '40-49': 84.11, '50-59': 78.38, '60-69': 80.19, '70-79': 80.14, '80-89': 81.95, '90-99': 83.82, '100-109': 80.0, '110-119': 76.99, '120-129': 80.37, '130-139': 83.05, '140-149': 78.57, '150-159': 91.13, '160-169': 85.82, '170-179': 82.52, 'old': 81.17, 'new': 84.39, 'harmonic': 82.75}
2026-06-17 09:13:09,686 [trainer.py] => CNN top1 curve: [86.78, 84.18, 82.82, 82.39, 81.53]
2026-06-17 09:13:09,687 [trainer.py] => CNN top5 curve: [98.48, 97.53, 97.32, 97.2, 96.66]
2026-06-17 09:13:09,687 [trainer.py] => Average Accuracy (CNN top1): 83.54
2026-06-17 09:13:09,687 [bofa.py] => Learning on 180-200
2026-06-17 09:13:21,352 [bofa.py] => Eval Test Loader: Zero_Shot_Lam: 77.65
2026-06-17 09:13:25,438 [bofa.py] => Task 5, Epoch 1/15 => Loss_Clip 3.985, Train_acc 51.89
2026-06-17 09:13:29,306 [bofa.py] => Task 5, Epoch 2/15 => Loss_Clip 3.507, Train_acc 83.30
2026-06-17 09:13:33,339 [bofa.py] => Task 5, Epoch 3/15 => Loss_Clip 3.372, Train_acc 85.40
2026-06-17 09:13:37,268 [bofa.py] => Task 5, Epoch 4/15 => Loss_Clip 3.301, Train_acc 87.92
2026-06-17 09:13:41,442 [bofa.py] => Task 5, Epoch 5/15 => Loss_Clip 3.260, Train_acc 90.65
2026-06-17 09:13:45,530 [bofa.py] => Task 5, Epoch 6/15 => Loss_Clip 3.222, Train_acc 92.96
2026-06-17 09:13:49,469 [bofa.py] => Task 5, Epoch 7/15 => Loss_Clip 3.199, Train_acc 93.80
2026-06-17 09:13:53,240 [bofa.py] => Task 5, Epoch 8/15 => Loss_Clip 3.185, Train_acc 94.54
2026-06-17 09:13:56,913 [bofa.py] => Task 5, Epoch 9/15 => Loss_Clip 3.156, Train_acc 95.69
2026-06-17 09:14:00,827 [bofa.py] => Task 5, Epoch 10/15 => Loss_Clip 3.143, Train_acc 96.43
2026-06-17 09:14:04,991 [bofa.py] => Task 5, Epoch 11/15 => Loss_Clip 3.125, Train_acc 96.43
2026-06-17 09:14:08,716 [bofa.py] => Task 5, Epoch 12/15 => Loss_Clip 3.114, Train_acc 96.64
2026-06-17 09:14:12,586 [bofa.py] => Task 5, Epoch 13/15 => Loss_Clip 3.106, Train_acc 97.06
2026-06-17 09:14:16,678 [bofa.py] => Task 5, Epoch 14/15 => Loss_Clip 3.098, Train_acc 97.06
2026-06-17 09:14:20,553 [bofa.py] => Task 5, Epoch 15/15 => Loss_Clip 3.096, Train_acc 97.16
2026-06-17 09:14:24,390 [bofa.py] => Task 5, Epoch 16/15 => Loss_Clip 4.527, Train_acc 65.86
2026-06-17 09:14:28,253 [bofa.py] => Task 5, Epoch 17/15 => Loss_Clip 4.528, Train_acc 65.86
2026-06-17 09:14:42,667 [trainer.py] => CNN: {'total': 80.83, '00-09': 78.81, '10-19': 82.17, '20-29': 84.54, '30-39': 72.73, '40-49': 84.11, '50-59': 78.38, '60-69': 78.3, '70-79': 78.01, '80-89': 81.95, '90-99': 83.82, '100-109': 80.0, '110-119': 76.11, '120-129': 76.64, '130-139': 80.51, '140-149': 79.37, '150-159': 91.13, '160-169': 83.58, '170-179': 83.5, '180-189': 81.06, '190-199': 80.61, 'old': 80.83, 'new': 80.87, 'harmonic': 80.85}
2026-06-17 09:14:42,668 [trainer.py] => CNN top1 curve: [86.78, 84.18, 82.82, 82.39, 81.53, 80.83]
2026-06-17 09:14:42,668 [trainer.py] => CNN top5 curve: [98.48, 97.53, 97.32, 97.2, 96.66, 96.31]
2026-06-17 09:14:42,668 [trainer.py] => Average Accuracy (CNN top1): 83.08833333333334
