2026-06-17 09:56:00,326 [trainer.py] => config: ./configs/bofa/bofa_ucf_B0_Inc10.json
2026-06-17 09:56:00,327 [trainer.py] => prefix: -
2026-06-17 09:56:00,327 [trainer.py] => dataset: ucf101
2026-06-17 09:56:00,327 [trainer.py] => memory_size: 0
2026-06-17 09:56:00,327 [trainer.py] => memory_per_class: 0
2026-06-17 09:56:00,327 [trainer.py] => fixed_memory: False
2026-06-17 09:56:00,327 [trainer.py] => shuffle: True
2026-06-17 09:56:00,327 [trainer.py] => init_cls: 10
2026-06-17 09:56:00,327 [trainer.py] => increment: 10
2026-06-17 09:56:00,327 [trainer.py] => model_name: bofa
2026-06-17 09:56:00,327 [trainer.py] => backbone_type: clip
2026-06-17 09:56:00,327 [trainer.py] => device: [device(type='cuda', index=5)]
2026-06-17 09:56:00,327 [trainer.py] => seed: 1993
2026-06-17 09:56:00,327 [trainer.py] => projection_type: pure_mlp
2026-06-17 09:56:00,327 [trainer.py] => frozen_layers: visual
2026-06-17 09:56:00,327 [trainer.py] => tuned_epoch: 15
2026-06-17 09:56:00,327 [trainer.py] => init_lr: 0.05
2026-06-17 09:56:00,327 [trainer.py] => batch_size: 128
2026-06-17 09:56:00,327 [trainer.py] => weight_decay: 0.05
2026-06-17 09:56:00,327 [trainer.py] => min_lr: 0
2026-06-17 09:56:00,327 [trainer.py] => optimizer: sgd
2026-06-17 09:56:00,327 [trainer.py] => text_des: 2
2026-06-17 09:56:00,327 [trainer.py] => image_aug: 2
2026-06-17 09:56:00,327 [trainer.py] => stat: 0.4
2026-06-17 09:56:00,327 [trainer.py] => Kt: 64
2026-06-17 09:56:00,327 [trainer.py] => use_up_cov: True
2026-06-17 09:56:00,327 [trainer.py] => total_class_num: 100
2026-06-17 09:56:00,367 [data_manager.py] => [68, 56, 78, 8, 23, 84, 90, 65, 74, 76, 40, 89, 3, 92, 55, 9, 26, 80, 43, 38, 58, 70, 77, 1, 85, 19, 17, 50, 28, 53, 13, 81, 45, 82, 6, 59, 83, 16, 15, 44, 91, 41, 72, 60, 79, 52, 20, 10, 31, 54, 37, 95, 14, 71, 96, 98, 97, 2, 64, 66, 42, 22, 35, 86, 24, 34, 87, 21, 99, 0, 88, 27, 18, 94, 11, 12, 47, 25, 30, 46, 62, 69, 36, 61, 7, 63, 75, 5, 32, 4, 51, 48, 73, 93, 39, 67, 29, 49, 57, 33]
2026-06-17 09:56:00,390 [factory.py] => Loaded ViT-B-16 model config.
2026-06-17 09:56:02,026 [factory.py] => Loading pretrained ViT-B-16 weights (/home/team/zhaohongwei/pretrained_models/open_clip_pytorch_model_laion400m_e32.bin).
2026-06-17 09:56:02,586 [bofa.py] => Learning on 0-10
2026-06-17 09:56:12,127 [bofa.py] => Eval Test Loader: Zero_Shot_Lam: 95.26
2026-06-17 09:56:15,927 [bofa.py] => Task 0, Epoch 1/15 => Loss_Clip 1.305, Train_acc 94.64
2026-06-17 09:56:20,109 [bofa.py] => Task 0, Epoch 2/15 => Loss_Clip 0.913, Train_acc 96.20
2026-06-17 09:56:23,866 [bofa.py] => Task 0, Epoch 3/15 => Loss_Clip 0.794, Train_acc 96.78
2026-06-17 09:56:27,803 [bofa.py] => Task 0, Epoch 4/15 => Loss_Clip 0.722, Train_acc 98.64
2026-06-17 09:56:31,633 [bofa.py] => Task 0, Epoch 5/15 => Loss_Clip 0.688, Train_acc 98.73
2026-06-17 09:56:35,502 [bofa.py] => Task 0, Epoch 6/15 => Loss_Clip 0.682, Train_acc 98.93
2026-06-17 09:56:39,297 [bofa.py] => Task 0, Epoch 7/15 => Loss_Clip 0.679, Train_acc 99.61
2026-06-17 09:56:43,228 [bofa.py] => Task 0, Epoch 8/15 => Loss_Clip 0.686, Train_acc 99.51
2026-06-17 09:56:47,209 [bofa.py] => Task 0, Epoch 9/15 => Loss_Clip 0.669, Train_acc 99.81
2026-06-17 09:56:51,072 [bofa.py] => Task 0, Epoch 10/15 => Loss_Clip 0.658, Train_acc 100.00
2026-06-17 09:56:54,844 [bofa.py] => Task 0, Epoch 11/15 => Loss_Clip 0.637, Train_acc 99.90
2026-06-17 09:56:58,827 [bofa.py] => Task 0, Epoch 12/15 => Loss_Clip 0.630, Train_acc 100.00
2026-06-17 09:57:02,608 [bofa.py] => Task 0, Epoch 13/15 => Loss_Clip 0.624, Train_acc 100.00
2026-06-17 09:57:06,700 [bofa.py] => Task 0, Epoch 14/15 => Loss_Clip 0.642, Train_acc 100.00
2026-06-17 09:57:10,523 [bofa.py] => Task 0, Epoch 15/15 => Loss_Clip 0.628, Train_acc 100.00
2026-06-17 09:57:14,493 [bofa.py] => Task 0, Epoch 16/15 => Loss_Clip 0.636, Train_acc 100.00
2026-06-17 09:57:18,492 [bofa.py] => Task 0, Epoch 17/15 => Loss_Clip 0.625, Train_acc 100.00
2026-06-17 09:57:20,981 [trainer.py] => CNN: {'total': 99.21, '00-09': 99.21, 'old': 0, 'new': 99.21, 'harmonic': 0.0}
2026-06-17 09:57:20,981 [trainer.py] => CNN top1 curve: [99.21]
2026-06-17 09:57:20,981 [trainer.py] => CNN top5 curve: [100.0]
2026-06-17 09:57:20,981 [trainer.py] => Average Accuracy (CNN top1): 99.21
2026-06-17 09:57:20,981 [bofa.py] => Learning on 10-20
2026-06-17 09:57:27,067 [bofa.py] => Eval Test Loader: Zero_Shot_Lam: 93.18
2026-06-17 09:57:31,238 [bofa.py] => Task 1, Epoch 1/15 => Loss_Clip 1.437, Train_acc 82.05
2026-06-17 09:57:35,683 [bofa.py] => Task 1, Epoch 2/15 => Loss_Clip 1.051, Train_acc 98.96
2026-06-17 09:57:40,115 [bofa.py] => Task 1, Epoch 3/15 => Loss_Clip 0.995, Train_acc 99.74
2026-06-17 09:57:44,415 [bofa.py] => Task 1, Epoch 4/15 => Loss_Clip 0.972, Train_acc 99.91
2026-06-17 09:57:48,880 [bofa.py] => Task 1, Epoch 5/15 => Loss_Clip 0.953, Train_acc 100.00
2026-06-17 09:57:53,116 [bofa.py] => Task 1, Epoch 6/15 => Loss_Clip 0.943, Train_acc 100.00
2026-06-17 09:57:57,559 [bofa.py] => Task 1, Epoch 7/15 => Loss_Clip 0.935, Train_acc 100.00
2026-06-17 09:58:01,730 [bofa.py] => Task 1, Epoch 8/15 => Loss_Clip 0.933, Train_acc 100.00
2026-06-17 09:58:06,141 [bofa.py] => Task 1, Epoch 9/15 => Loss_Clip 0.921, Train_acc 100.00
2026-06-17 09:58:10,496 [bofa.py] => Task 1, Epoch 10/15 => Loss_Clip 0.914, Train_acc 100.00
2026-06-17 09:58:14,835 [bofa.py] => Task 1, Epoch 11/15 => Loss_Clip 0.913, Train_acc 100.00
2026-06-17 09:58:19,300 [bofa.py] => Task 1, Epoch 12/15 => Loss_Clip 0.914, Train_acc 100.00
2026-06-17 09:58:23,521 [bofa.py] => Task 1, Epoch 13/15 => Loss_Clip 0.911, Train_acc 100.00
2026-06-17 09:58:27,800 [bofa.py] => Task 1, Epoch 14/15 => Loss_Clip 0.911, Train_acc 100.00
2026-06-17 09:58:32,053 [bofa.py] => Task 1, Epoch 15/15 => Loss_Clip 0.914, Train_acc 100.00
2026-06-17 09:58:36,435 [bofa.py] => Task 1, Epoch 16/15 => Loss_Clip 2.148, Train_acc 93.79
2026-06-17 09:58:40,689 [bofa.py] => Task 1, Epoch 17/15 => Loss_Clip 2.161, Train_acc 93.79
2026-06-17 09:58:45,245 [trainer.py] => CNN: {'total': 98.44, '00-09': 98.42, '10-19': 98.46, 'old': 98.42, 'new': 98.46, 'harmonic': 98.44}
2026-06-17 09:58:45,245 [trainer.py] => CNN top1 curve: [99.21, 98.44]
2026-06-17 09:58:45,245 [trainer.py] => CNN top5 curve: [100.0, 100.0]
2026-06-17 09:58:45,245 [trainer.py] => Average Accuracy (CNN top1): 98.82499999999999
2026-06-17 09:58:45,245 [bofa.py] => Learning on 20-30
2026-06-17 09:58:52,291 [bofa.py] => Eval Test Loader: Zero_Shot_Lam: 90.23
2026-06-17 09:58:56,482 [bofa.py] => Task 2, Epoch 1/15 => Loss_Clip 2.113, Train_acc 70.38
2026-06-17 09:59:00,576 [bofa.py] => Task 2, Epoch 2/15 => Loss_Clip 1.602, Train_acc 93.24
2026-06-17 09:59:04,786 [bofa.py] => Task 2, Epoch 3/15 => Loss_Clip 1.506, Train_acc 94.06
2026-06-17 09:59:08,747 [bofa.py] => Task 2, Epoch 4/15 => Loss_Clip 1.436, Train_acc 94.15
2026-06-17 09:59:12,714 [bofa.py] => Task 2, Epoch 5/15 => Loss_Clip 1.391, Train_acc 94.79
2026-06-17 09:59:16,923 [bofa.py] => Task 2, Epoch 6/15 => Loss_Clip 1.362, Train_acc 95.34
2026-06-17 09:59:21,140 [bofa.py] => Task 2, Epoch 7/15 => Loss_Clip 1.335, Train_acc 96.53
2026-06-17 09:59:25,240 [bofa.py] => Task 2, Epoch 8/15 => Loss_Clip 1.319, Train_acc 97.71
2026-06-17 09:59:29,320 [bofa.py] => Task 2, Epoch 9/15 => Loss_Clip 1.304, Train_acc 98.45
2026-06-17 09:59:33,227 [bofa.py] => Task 2, Epoch 10/15 => Loss_Clip 1.294, Train_acc 99.27
2026-06-17 09:59:37,373 [bofa.py] => Task 2, Epoch 11/15 => Loss_Clip 1.289, Train_acc 99.63
2026-06-17 09:59:41,419 [bofa.py] => Task 2, Epoch 12/15 => Loss_Clip 1.284, Train_acc 99.82
2026-06-17 09:59:45,354 [bofa.py] => Task 2, Epoch 13/15 => Loss_Clip 1.281, Train_acc 99.91
2026-06-17 09:59:49,364 [bofa.py] => Task 2, Epoch 14/15 => Loss_Clip 1.278, Train_acc 99.82
2026-06-17 09:59:53,290 [bofa.py] => Task 2, Epoch 15/15 => Loss_Clip 1.280, Train_acc 99.91
2026-06-17 09:59:57,367 [bofa.py] => Task 2, Epoch 16/15 => Loss_Clip 2.547, Train_acc 87.39
2026-06-17 10:00:01,711 [bofa.py] => Task 2, Epoch 17/15 => Loss_Clip 2.546, Train_acc 87.39
2026-06-17 10:00:07,647 [trainer.py] => CNN: {'total': 95.43, '00-09': 95.65, '10-19': 98.46, '20-29': 92.36, 'old': 97.08, 'new': 92.36, 'harmonic': 94.66}
2026-06-17 10:00:07,648 [trainer.py] => CNN top1 curve: [99.21, 98.44, 95.43]
2026-06-17 10:00:07,648 [trainer.py] => CNN top5 curve: [100.0, 100.0, 99.62]
2026-06-17 10:00:07,648 [trainer.py] => Average Accuracy (CNN top1): 97.69333333333333
2026-06-17 10:00:07,648 [bofa.py] => Learning on 30-40
2026-06-17 10:00:15,071 [bofa.py] => Eval Test Loader: Zero_Shot_Lam: 90.16
2026-06-17 10:00:18,956 [bofa.py] => Task 3, Epoch 1/15 => Loss_Clip 2.207, Train_acc 70.30
2026-06-17 10:00:23,037 [bofa.py] => Task 3, Epoch 2/15 => Loss_Clip 1.711, Train_acc 96.74
2026-06-17 10:00:27,245 [bofa.py] => Task 3, Epoch 3/15 => Loss_Clip 1.621, Train_acc 98.04
2026-06-17 10:00:31,392 [bofa.py] => Task 3, Epoch 4/15 => Loss_Clip 1.584, Train_acc 98.88
2026-06-17 10:00:35,453 [bofa.py] => Task 3, Epoch 5/15 => Loss_Clip 1.559, Train_acc 99.44
2026-06-17 10:00:39,419 [bofa.py] => Task 3, Epoch 6/15 => Loss_Clip 1.546, Train_acc 99.72
2026-06-17 10:00:43,260 [bofa.py] => Task 3, Epoch 7/15 => Loss_Clip 1.534, Train_acc 99.72
2026-06-17 10:00:47,363 [bofa.py] => Task 3, Epoch 8/15 => Loss_Clip 1.528, Train_acc 99.72
2026-06-17 10:00:51,438 [bofa.py] => Task 3, Epoch 9/15 => Loss_Clip 1.519, Train_acc 99.81
2026-06-17 10:00:55,681 [bofa.py] => Task 3, Epoch 10/15 => Loss_Clip 1.514, Train_acc 99.91
2026-06-17 10:00:59,776 [bofa.py] => Task 3, Epoch 11/15 => Loss_Clip 1.510, Train_acc 100.00
2026-06-17 10:01:03,910 [bofa.py] => Task 3, Epoch 12/15 => Loss_Clip 1.508, Train_acc 100.00
2026-06-17 10:01:07,804 [bofa.py] => Task 3, Epoch 13/15 => Loss_Clip 1.507, Train_acc 100.00
2026-06-17 10:01:11,643 [bofa.py] => Task 3, Epoch 14/15 => Loss_Clip 1.506, Train_acc 100.00
2026-06-17 10:01:15,565 [bofa.py] => Task 3, Epoch 15/15 => Loss_Clip 1.505, Train_acc 100.00
2026-06-17 10:01:19,633 [bofa.py] => Task 3, Epoch 16/15 => Loss_Clip 2.851, Train_acc 89.85
2026-06-17 10:01:23,479 [bofa.py] => Task 3, Epoch 17/15 => Loss_Clip 2.852, Train_acc 89.85
2026-06-17 10:01:30,806 [trainer.py] => CNN: {'total': 93.73, '00-09': 93.28, '10-19': 95.38, '20-29': 91.27, '30-39': 95.18, 'old': 93.27, 'new': 95.18, 'harmonic': 94.22}
2026-06-17 10:01:30,807 [trainer.py] => CNN top1 curve: [99.21, 98.44, 95.43, 93.73]
2026-06-17 10:01:30,807 [trainer.py] => CNN top5 curve: [100.0, 100.0, 99.62, 99.32]
2026-06-17 10:01:30,807 [trainer.py] => Average Accuracy (CNN top1): 96.7025
2026-06-17 10:01:30,807 [bofa.py] => Learning on 40-50
2026-06-17 10:01:39,125 [bofa.py] => Eval Test Loader: Zero_Shot_Lam: 90.85
2026-06-17 10:01:43,261 [bofa.py] => Task 4, Epoch 1/15 => Loss_Clip 2.666, Train_acc 71.84
2026-06-17 10:01:47,259 [bofa.py] => Task 4, Epoch 2/15 => Loss_Clip 2.016, Train_acc 98.60
2026-06-17 10:01:51,157 [bofa.py] => Task 4, Epoch 3/15 => Loss_Clip 1.797, Train_acc 99.35
2026-06-17 10:01:55,021 [bofa.py] => Task 4, Epoch 4/15 => Loss_Clip 1.743, Train_acc 99.35
2026-06-17 10:01:58,878 [bofa.py] => Task 4, Epoch 5/15 => Loss_Clip 1.711, Train_acc 99.44
2026-06-17 10:02:02,951 [bofa.py] => Task 4, Epoch 6/15 => Loss_Clip 1.685, Train_acc 99.63
2026-06-17 10:02:06,907 [bofa.py] => Task 4, Epoch 7/15 => Loss_Clip 1.669, Train_acc 99.63
2026-06-17 10:02:11,053 [bofa.py] => Task 4, Epoch 8/15 => Loss_Clip 1.662, Train_acc 99.63
2026-06-17 10:02:14,966 [bofa.py] => Task 4, Epoch 9/15 => Loss_Clip 1.657, Train_acc 99.63
2026-06-17 10:02:18,999 [bofa.py] => Task 4, Epoch 10/15 => Loss_Clip 1.651, Train_acc 99.91
2026-06-17 10:02:22,842 [bofa.py] => Task 4, Epoch 11/15 => Loss_Clip 1.648, Train_acc 99.91
2026-06-17 10:02:27,127 [bofa.py] => Task 4, Epoch 12/15 => Loss_Clip 1.646, Train_acc 99.91
2026-06-17 10:02:31,152 [bofa.py] => Task 4, Epoch 13/15 => Loss_Clip 1.642, Train_acc 100.00
2026-06-17 10:02:35,115 [bofa.py] => Task 4, Epoch 14/15 => Loss_Clip 1.640, Train_acc 100.00
2026-06-17 10:02:38,960 [bofa.py] => Task 4, Epoch 15/15 => Loss_Clip 1.645, Train_acc 100.00
2026-06-17 10:02:42,916 [bofa.py] => Task 4, Epoch 16/15 => Loss_Clip 2.983, Train_acc 97.85
2026-06-17 10:02:46,847 [bofa.py] => Task 4, Epoch 17/15 => Loss_Clip 2.983, Train_acc 97.85
2026-06-17 10:02:55,775 [trainer.py] => CNN: {'total': 93.67, '00-09': 94.07, '10-19': 95.38, '20-29': 89.82, '30-39': 93.57, '40-49': 95.62, 'old': 93.15, 'new': 95.62, 'harmonic': 94.37}
2026-06-17 10:02:55,776 [trainer.py] => CNN top1 curve: [99.21, 98.44, 95.43, 93.73, 93.67]
2026-06-17 10:02:55,776 [trainer.py] => CNN top5 curve: [100.0, 100.0, 99.62, 99.32, 98.7]
2026-06-17 10:02:55,776 [trainer.py] => Average Accuracy (CNN top1): 96.096
2026-06-17 10:02:55,776 [bofa.py] => Learning on 50-60
2026-06-17 10:03:04,732 [bofa.py] => Eval Test Loader: Zero_Shot_Lam: 88.14
2026-06-17 10:03:08,224 [bofa.py] => Task 5, Epoch 1/15 => Loss_Clip 2.755, Train_acc 46.72
2026-06-17 10:03:12,013 [bofa.py] => Task 5, Epoch 2/15 => Loss_Clip 2.211, Train_acc 84.46
2026-06-17 10:03:15,668 [bofa.py] => Task 5, Epoch 3/15 => Loss_Clip 2.116, Train_acc 91.76
2026-06-17 10:03:19,304 [bofa.py] => Task 5, Epoch 4/15 => Loss_Clip 2.053, Train_acc 92.91
2026-06-17 10:03:23,017 [bofa.py] => Task 5, Epoch 5/15 => Loss_Clip 2.001, Train_acc 95.41
2026-06-17 10:03:26,670 [bofa.py] => Task 5, Epoch 6/15 => Loss_Clip 1.968, Train_acc 96.77
2026-06-17 10:03:30,256 [bofa.py] => Task 5, Epoch 7/15 => Loss_Clip 1.946, Train_acc 98.12
2026-06-17 10:03:33,903 [bofa.py] => Task 5, Epoch 8/15 => Loss_Clip 1.924, Train_acc 99.06
2026-06-17 10:03:37,810 [bofa.py] => Task 5, Epoch 9/15 => Loss_Clip 1.910, Train_acc 99.37
2026-06-17 10:03:41,384 [bofa.py] => Task 5, Epoch 10/15 => Loss_Clip 1.895, Train_acc 99.58
2026-06-17 10:03:44,974 [bofa.py] => Task 5, Epoch 11/15 => Loss_Clip 1.889, Train_acc 99.58
2026-06-17 10:03:48,550 [bofa.py] => Task 5, Epoch 12/15 => Loss_Clip 1.878, Train_acc 99.58
2026-06-17 10:03:52,255 [bofa.py] => Task 5, Epoch 13/15 => Loss_Clip 1.880, Train_acc 100.00
2026-06-17 10:03:56,050 [bofa.py] => Task 5, Epoch 14/15 => Loss_Clip 1.875, Train_acc 100.00
2026-06-17 10:03:59,945 [bofa.py] => Task 5, Epoch 15/15 => Loss_Clip 1.876, Train_acc 100.00
2026-06-17 10:04:03,610 [bofa.py] => Task 5, Epoch 16/15 => Loss_Clip 3.301, Train_acc 84.25
2026-06-17 10:04:07,159 [bofa.py] => Task 5, Epoch 17/15 => Loss_Clip 3.303, Train_acc 84.25
2026-06-17 10:04:17,553 [trainer.py] => CNN: {'total': 91.75, '00-09': 89.33, '10-19': 95.0, '20-29': 88.73, '30-39': 91.57, '40-49': 94.53, '50-59': 91.29, 'old': 91.84, 'new': 91.29, 'harmonic': 91.56}
2026-06-17 10:04:17,554 [trainer.py] => CNN top1 curve: [99.21, 98.44, 95.43, 93.73, 93.67, 91.75]
2026-06-17 10:04:17,554 [trainer.py] => CNN top5 curve: [100.0, 100.0, 99.62, 99.32, 98.7, 98.45]
2026-06-17 10:04:17,554 [trainer.py] => Average Accuracy (CNN top1): 95.37166666666667
2026-06-17 10:04:17,554 [bofa.py] => Learning on 60-70
2026-06-17 10:04:27,209 [bofa.py] => Eval Test Loader: Zero_Shot_Lam: 87.35
2026-06-17 10:04:31,025 [bofa.py] => Task 6, Epoch 1/15 => Loss_Clip 2.732, Train_acc 77.13
2026-06-17 10:04:34,990 [bofa.py] => Task 6, Epoch 2/15 => Loss_Clip 2.169, Train_acc 97.94
2026-06-17 10:04:39,064 [bofa.py] => Task 6, Epoch 3/15 => Loss_Clip 2.074, Train_acc 98.59
2026-06-17 10:04:42,932 [bofa.py] => Task 6, Epoch 4/15 => Loss_Clip 2.029, Train_acc 99.34
2026-06-17 10:04:46,962 [bofa.py] => Task 6, Epoch 5/15 => Loss_Clip 2.004, Train_acc 99.63
2026-06-17 10:04:50,804 [bofa.py] => Task 6, Epoch 6/15 => Loss_Clip 1.980, Train_acc 99.81
2026-06-17 10:04:54,842 [bofa.py] => Task 6, Epoch 7/15 => Loss_Clip 1.968, Train_acc 99.91
2026-06-17 10:04:58,991 [bofa.py] => Task 6, Epoch 8/15 => Loss_Clip 1.959, Train_acc 99.91
2026-06-17 10:05:03,009 [bofa.py] => Task 6, Epoch 9/15 => Loss_Clip 1.953, Train_acc 99.91
2026-06-17 10:05:06,819 [bofa.py] => Task 6, Epoch 10/15 => Loss_Clip 1.948, Train_acc 99.91
2026-06-17 10:05:10,772 [bofa.py] => Task 6, Epoch 11/15 => Loss_Clip 1.944, Train_acc 99.91
2026-06-17 10:05:14,595 [bofa.py] => Task 6, Epoch 12/15 => Loss_Clip 1.937, Train_acc 99.91
2026-06-17 10:05:18,540 [bofa.py] => Task 6, Epoch 13/15 => Loss_Clip 1.939, Train_acc 99.91
2026-06-17 10:05:22,516 [bofa.py] => Task 6, Epoch 14/15 => Loss_Clip 1.937, Train_acc 99.91
2026-06-17 10:05:26,317 [bofa.py] => Task 6, Epoch 15/15 => Loss_Clip 1.934, Train_acc 99.91
2026-06-17 10:05:30,146 [bofa.py] => Task 6, Epoch 16/15 => Loss_Clip 3.364, Train_acc 89.41
2026-06-17 10:05:34,312 [bofa.py] => Task 6, Epoch 17/15 => Loss_Clip 3.366, Train_acc 89.41
2026-06-17 10:05:46,406 [trainer.py] => CNN: {'total': 90.31, '00-09': 86.56, '10-19': 93.08, '20-29': 88.36, '30-39': 91.16, '40-49': 93.8, '50-59': 89.21, '60-69': 89.78, 'old': 90.4, 'new': 89.78, 'harmonic': 90.09}
2026-06-17 10:05:46,407 [trainer.py] => CNN top1 curve: [99.21, 98.44, 95.43, 93.73, 93.67, 91.75, 90.31]
2026-06-17 10:05:46,407 [trainer.py] => CNN top5 curve: [100.0, 100.0, 99.62, 99.32, 98.7, 98.45, 98.47]
2026-06-17 10:05:46,407 [trainer.py] => Average Accuracy (CNN top1): 94.64857142857143
2026-06-17 10:05:46,407 [bofa.py] => Learning on 70-80
2026-06-17 10:05:56,889 [bofa.py] => Eval Test Loader: Zero_Shot_Lam: 87.10
2026-06-17 10:06:00,771 [bofa.py] => Task 7, Epoch 1/15 => Loss_Clip 2.879, Train_acc 71.72
2026-06-17 10:06:04,522 [bofa.py] => Task 7, Epoch 2/15 => Loss_Clip 2.395, Train_acc 94.53
2026-06-17 10:06:08,390 [bofa.py] => Task 7, Epoch 3/15 => Loss_Clip 2.325, Train_acc 98.56
2026-06-17 10:06:12,296 [bofa.py] => Task 7, Epoch 4/15 => Loss_Clip 2.291, Train_acc 98.27
2026-06-17 10:06:16,152 [bofa.py] => Task 7, Epoch 5/15 => Loss_Clip 2.261, Train_acc 98.75
2026-06-17 10:06:19,947 [bofa.py] => Task 7, Epoch 6/15 => Loss_Clip 2.237, Train_acc 98.85
2026-06-17 10:06:23,671 [bofa.py] => Task 7, Epoch 7/15 => Loss_Clip 2.223, Train_acc 99.23
2026-06-17 10:06:27,761 [bofa.py] => Task 7, Epoch 8/15 => Loss_Clip 2.203, Train_acc 99.14
2026-06-17 10:06:31,680 [bofa.py] => Task 7, Epoch 9/15 => Loss_Clip 2.202, Train_acc 99.33
2026-06-17 10:06:35,484 [bofa.py] => Task 7, Epoch 10/15 => Loss_Clip 2.192, Train_acc 99.33
2026-06-17 10:06:39,225 [bofa.py] => Task 7, Epoch 11/15 => Loss_Clip 2.190, Train_acc 99.33
2026-06-17 10:06:43,071 [bofa.py] => Task 7, Epoch 12/15 => Loss_Clip 2.193, Train_acc 99.62
2026-06-17 10:06:46,918 [bofa.py] => Task 7, Epoch 13/15 => Loss_Clip 2.186, Train_acc 99.52
2026-06-17 10:06:50,833 [bofa.py] => Task 7, Epoch 14/15 => Loss_Clip 2.183, Train_acc 99.62
2026-06-17 10:06:54,603 [bofa.py] => Task 7, Epoch 15/15 => Loss_Clip 2.184, Train_acc 99.62
2026-06-17 10:06:58,421 [bofa.py] => Task 7, Epoch 16/15 => Loss_Clip 3.543, Train_acc 84.66
2026-06-17 10:07:03,091 [bofa.py] => Task 7, Epoch 17/15 => Loss_Clip 3.559, Train_acc 84.66
2026-06-17 10:07:17,281 [trainer.py] => CNN: {'total': 90.36, '00-09': 85.77, '10-19': 93.08, '20-29': 87.27, '30-39': 91.57, '40-49': 93.43, '50-59': 89.21, '60-69': 89.42, '70-79': 93.08, 'old': 89.98, 'new': 93.08, 'harmonic': 91.5}
2026-06-17 10:07:17,281 [trainer.py] => CNN top1 curve: [99.21, 98.44, 95.43, 93.73, 93.67, 91.75, 90.31, 90.36]
2026-06-17 10:07:17,281 [trainer.py] => CNN top5 curve: [100.0, 100.0, 99.62, 99.32, 98.7, 98.45, 98.47, 98.47]
2026-06-17 10:07:17,281 [trainer.py] => Average Accuracy (CNN top1): 94.1125
2026-06-17 10:07:17,282 [bofa.py] => Learning on 80-90
2026-06-17 10:07:28,572 [bofa.py] => Eval Test Loader: Zero_Shot_Lam: 87.24
2026-06-17 10:07:32,312 [bofa.py] => Task 8, Epoch 1/15 => Loss_Clip 3.188, Train_acc 53.07
2026-06-17 10:07:36,068 [bofa.py] => Task 8, Epoch 2/15 => Loss_Clip 2.647, Train_acc 98.83
2026-06-17 10:07:40,132 [bofa.py] => Task 8, Epoch 3/15 => Loss_Clip 2.441, Train_acc 98.63
2026-06-17 10:07:44,014 [bofa.py] => Task 8, Epoch 4/15 => Loss_Clip 2.406, Train_acc 98.93
2026-06-17 10:07:47,830 [bofa.py] => Task 8, Epoch 5/15 => Loss_Clip 2.309, Train_acc 99.02
2026-06-17 10:07:51,917 [bofa.py] => Task 8, Epoch 6/15 => Loss_Clip 2.273, Train_acc 99.32
2026-06-17 10:07:55,771 [bofa.py] => Task 8, Epoch 7/15 => Loss_Clip 2.288, Train_acc 99.61
2026-06-17 10:07:59,680 [bofa.py] => Task 8, Epoch 8/15 => Loss_Clip 2.245, Train_acc 99.61
2026-06-17 10:08:03,573 [bofa.py] => Task 8, Epoch 9/15 => Loss_Clip 2.264, Train_acc 99.90
2026-06-17 10:08:07,571 [bofa.py] => Task 8, Epoch 10/15 => Loss_Clip 2.259, Train_acc 100.00
2026-06-17 10:08:11,506 [bofa.py] => Task 8, Epoch 11/15 => Loss_Clip 2.265, Train_acc 99.71
2026-06-17 10:08:15,480 [bofa.py] => Task 8, Epoch 12/15 => Loss_Clip 2.267, Train_acc 100.00
2026-06-17 10:08:19,498 [bofa.py] => Task 8, Epoch 13/15 => Loss_Clip 2.206, Train_acc 99.90
2026-06-17 10:08:23,271 [bofa.py] => Task 8, Epoch 14/15 => Loss_Clip 2.252, Train_acc 100.00
2026-06-17 10:08:27,093 [bofa.py] => Task 8, Epoch 15/15 => Loss_Clip 2.196, Train_acc 100.00
2026-06-17 10:08:31,375 [bofa.py] => Task 8, Epoch 16/15 => Loss_Clip 3.518, Train_acc 92.20
2026-06-17 10:08:35,252 [bofa.py] => Task 8, Epoch 17/15 => Loss_Clip 3.531, Train_acc 92.20
2026-06-17 10:08:51,636 [trainer.py] => CNN: {'total': 90.01, '00-09': 83.79, '10-19': 93.08, '20-29': 86.18, '30-39': 91.16, '40-49': 93.43, '50-59': 88.38, '60-69': 89.05, '70-79': 93.08, '80-89': 91.55, 'old': 89.79, 'new': 91.55, 'harmonic': 90.66}
2026-06-17 10:08:51,636 [trainer.py] => CNN top1 curve: [99.21, 98.44, 95.43, 93.73, 93.67, 91.75, 90.31, 90.36, 90.01]
2026-06-17 10:08:51,636 [trainer.py] => CNN top5 curve: [100.0, 100.0, 99.62, 99.32, 98.7, 98.45, 98.47, 98.47, 98.4]
2026-06-17 10:08:51,636 [trainer.py] => Average Accuracy (CNN top1): 93.65666666666667
2026-06-17 10:08:51,637 [bofa.py] => Learning on 90-100
2026-06-17 10:09:03,596 [bofa.py] => Eval Test Loader: Zero_Shot_Lam: 85.60
2026-06-17 10:09:07,615 [bofa.py] => Task 9, Epoch 1/15 => Loss_Clip 3.216, Train_acc 61.43
2026-06-17 10:09:11,746 [bofa.py] => Task 9, Epoch 2/15 => Loss_Clip 2.684, Train_acc 94.79
2026-06-17 10:09:15,698 [bofa.py] => Task 9, Epoch 3/15 => Loss_Clip 2.577, Train_acc 93.44
2026-06-17 10:09:19,568 [bofa.py] => Task 9, Epoch 4/15 => Loss_Clip 2.547, Train_acc 96.24
2026-06-17 10:09:23,344 [bofa.py] => Task 9, Epoch 5/15 => Loss_Clip 2.510, Train_acc 95.56
2026-06-17 10:09:27,272 [bofa.py] => Task 9, Epoch 6/15 => Loss_Clip 2.484, Train_acc 96.91
2026-06-17 10:09:31,083 [bofa.py] => Task 9, Epoch 7/15 => Loss_Clip 2.466, Train_acc 97.30
2026-06-17 10:09:34,922 [bofa.py] => Task 9, Epoch 8/15 => Loss_Clip 2.468, Train_acc 97.88
2026-06-17 10:09:39,096 [bofa.py] => Task 9, Epoch 9/15 => Loss_Clip 2.462, Train_acc 97.59
2026-06-17 10:09:42,887 [bofa.py] => Task 9, Epoch 10/15 => Loss_Clip 2.462, Train_acc 98.36
2026-06-17 10:09:46,777 [bofa.py] => Task 9, Epoch 11/15 => Loss_Clip 2.448, Train_acc 98.46
2026-06-17 10:09:50,820 [bofa.py] => Task 9, Epoch 12/15 => Loss_Clip 2.434, Train_acc 98.65
2026-06-17 10:09:54,951 [bofa.py] => Task 9, Epoch 13/15 => Loss_Clip 2.445, Train_acc 98.84
2026-06-17 10:09:58,951 [bofa.py] => Task 9, Epoch 14/15 => Loss_Clip 2.430, Train_acc 98.84
2026-06-17 10:10:02,819 [bofa.py] => Task 9, Epoch 15/15 => Loss_Clip 2.440, Train_acc 98.84
2026-06-17 10:10:06,650 [bofa.py] => Task 9, Epoch 16/15 => Loss_Clip 3.788, Train_acc 74.16
2026-06-17 10:10:10,805 [bofa.py] => Task 9, Epoch 17/15 => Loss_Clip 3.804, Train_acc 74.16
2026-06-17 10:10:28,475 [trainer.py] => CNN: {'total': 88.82, '00-09': 83.79, '10-19': 92.69, '20-29': 86.18, '30-39': 90.76, '40-49': 92.34, '50-59': 87.97, '60-69': 87.96, '70-79': 91.15, '80-89': 90.88, '90-99': 84.05, 'old': 89.34, 'new': 84.05, 'harmonic': 86.61}
2026-06-17 10:10:28,476 [trainer.py] => CNN top1 curve: [99.21, 98.44, 95.43, 93.73, 93.67, 91.75, 90.31, 90.36, 90.01, 88.82]
2026-06-17 10:10:28,476 [trainer.py] => CNN top5 curve: [100.0, 100.0, 99.62, 99.32, 98.7, 98.45, 98.47, 98.47, 98.4, 97.99]
2026-06-17 10:10:28,476 [trainer.py] => Average Accuracy (CNN top1): 93.173
