2026-07-14 20:47:04,933 [trainer.py] => config: configs/area/area_aircraft_B0_Inc10.json
2026-07-14 20:47:04,933 [trainer.py] => dataset: aircraft
2026-07-14 20:47:04,933 [trainer.py] => shuffle: True
2026-07-14 20:47:04,933 [trainer.py] => init_cls: 10
2026-07-14 20:47:04,933 [trainer.py] => increment: 10
2026-07-14 20:47:04,933 [trainer.py] => model_name: area
2026-07-14 20:47:04,933 [trainer.py] => backbone_type: clip
2026-07-14 20:47:04,933 [trainer.py] => clip_pretrained: laion400m_e32
2026-07-14 20:47:04,933 [trainer.py] => device: [device(type='cuda', index=2)]
2026-07-14 20:47:04,933 [trainer.py] => seed: 2026
2026-07-14 20:47:04,933 [trainer.py] => epochs: 20
2026-07-14 20:47:04,934 [trainer.py] => milestones: [8, 15]
2026-07-14 20:47:04,934 [trainer.py] => init_lr: 0.01
2026-07-14 20:47:04,934 [trainer.py] => batch_size: 64
2026-07-14 20:47:04,934 [trainer.py] => weight_decay: 0.05
2026-07-14 20:47:04,934 [trainer.py] => optimizer: sgd
2026-07-14 20:47:04,934 [trainer.py] => samples_per_class: 4
2026-07-14 20:47:04,934 [trainer.py] => K: 8
2026-07-14 20:47:04,934 [trainer.py] => vib_lambda: 1
2026-07-14 20:47:04,934 [trainer.py] => precomputed_basis_path: ./precomputed_basis/area/aircraft
2026-07-14 20:47:04,934 [trainer.py] => g_lambda: 0.5
2026-07-14 20:47:04,934 [trainer.py] => num_workers: 8
2026-07-14 20:47:05,291 [data_manager.py] => [98, 10, 4, 18, 88, 13, 8, 84, 79, 21, 85, 96, 53, 42, 52, 97, 74, 5, 58, 23, 90, 59, 16, 72, 75, 30, 43, 99, 44, 41, 0, 46, 61, 80, 65, 39, 70, 87, 89, 91, 82, 14, 12, 71, 50, 11, 15, 57, 22, 67, 45, 32, 78, 63, 66, 55, 31, 62, 35, 34, 19, 49, 24, 9, 37, 36, 3, 64, 40, 86, 81, 93, 47, 73, 17, 60, 68, 25, 38, 48, 33, 20, 83, 7, 27, 94, 54, 2, 92, 76, 69, 51, 28, 29, 95, 77, 56, 26, 6, 1]
2026-07-14 20:47:05,334 [factory.py] => Loaded ViT-B-16 model config.
2026-07-14 20:47:06,677 [factory.py] => Loading pretrained ViT-B-16 weights (/home/hanlida/.cache/torch/hub/checkpoints/open_clip_pytorch_model_laion400m_e32.bin).
2026-07-14 20:47:07,870 [area.py] => Learning on 0-10
2026-07-14 20:47:08,481 [area.py] => Computing AREA textual base matrices
2026-07-14 20:47:13,290 [area.py] => Computing AREA visual base matrices
2026-07-14 20:59:52,785 [trainer.py] => CNN: {'total': 73.49, '00-09': 73.49, 'old': 0, 'new': 73.49, 'harmonic': 0.0}
2026-07-14 20:59:52,785 [trainer.py] => CNN top1 curve: [73.49]
2026-07-14 20:59:52,785 [trainer.py] => CNN top5 curve: [99.4]
2026-07-14 20:59:52,785 [trainer.py] => Average Accuracy (CNN top1): 73.49
2026-07-14 20:59:52,789 [area.py] => Learning on 10-20
2026-07-14 21:09:57,708 [trainer.py] => CNN: {'total': 72.67, '00-09': 64.46, '10-19': 80.84, 'old': 64.46, 'new': 80.84, 'harmonic': 71.73}
2026-07-14 21:09:57,708 [trainer.py] => CNN top1 curve: [73.49, 72.67]
2026-07-14 21:09:57,708 [trainer.py] => CNN top5 curve: [99.4, 97.15]
2026-07-14 21:09:57,708 [trainer.py] => Average Accuracy (CNN top1): 73.08
2026-07-14 21:09:57,713 [area.py] => Learning on 20-30
2026-07-14 21:20:52,143 [trainer.py] => CNN: {'total': 68.77, '00-09': 59.34, '10-19': 73.05, '20-29': 73.87, 'old': 66.22, 'new': 73.87, 'harmonic': 69.84}
2026-07-14 21:20:52,143 [trainer.py] => CNN top1 curve: [73.49, 72.67, 68.77]
2026-07-14 21:20:52,143 [trainer.py] => CNN top5 curve: [99.4, 97.15, 96.7]
2026-07-14 21:20:52,143 [trainer.py] => Average Accuracy (CNN top1): 71.64333333333333
2026-07-14 21:20:52,148 [area.py] => Learning on 30-40
2026-07-14 21:32:30,058 [trainer.py] => CNN: {'total': 68.72, '00-09': 60.24, '10-19': 70.96, '20-29': 70.87, '30-39': 72.75, 'old': 67.37, 'new': 72.75, 'harmonic': 69.96}
2026-07-14 21:32:30,058 [trainer.py] => CNN top1 curve: [73.49, 72.67, 68.77, 68.72]
2026-07-14 21:32:30,058 [trainer.py] => CNN top5 curve: [99.4, 97.15, 96.7, 95.57]
2026-07-14 21:32:30,058 [trainer.py] => Average Accuracy (CNN top1): 70.9125
2026-07-14 21:32:30,063 [area.py] => Learning on 40-50
2026-07-14 21:45:26,893 [trainer.py] => CNN: {'total': 66.29, '00-09': 54.52, '10-19': 70.06, '20-29': 71.17, '30-39': 72.75, '40-49': 62.87, 'old': 67.14, 'new': 62.87, 'harmonic': 64.93}
2026-07-14 21:45:26,893 [trainer.py] => CNN top1 curve: [73.49, 72.67, 68.77, 68.72, 66.29]
2026-07-14 21:45:26,893 [trainer.py] => CNN top5 curve: [99.4, 97.15, 96.7, 95.57, 91.6]
2026-07-14 21:45:26,894 [trainer.py] => Average Accuracy (CNN top1): 69.988
2026-07-14 21:45:26,900 [area.py] => Learning on 50-60
2026-07-14 21:59:31,142 [trainer.py] => CNN: {'total': 63.9, '00-09': 53.01, '10-19': 70.36, '20-29': 66.97, '30-39': 71.26, '40-49': 62.57, '50-59': 59.16, 'old': 64.85, 'new': 59.16, 'harmonic': 61.87}
2026-07-14 21:59:31,143 [trainer.py] => CNN top1 curve: [73.49, 72.67, 68.77, 68.72, 66.29, 63.9]
2026-07-14 21:59:31,143 [trainer.py] => CNN top5 curve: [99.4, 97.15, 96.7, 95.57, 91.6, 90.55]
2026-07-14 21:59:31,143 [trainer.py] => Average Accuracy (CNN top1): 68.97333333333333
2026-07-14 21:59:31,149 [area.py] => Learning on 60-70
2026-07-14 22:14:42,934 [trainer.py] => CNN: {'total': 60.75, '00-09': 53.01, '10-19': 63.77, '20-29': 66.67, '30-39': 64.67, '40-49': 57.19, '50-59': 59.16, '60-69': 60.73, 'old': 60.75, 'new': 60.73, 'harmonic': 60.74}
2026-07-14 22:14:42,934 [trainer.py] => CNN top1 curve: [73.49, 72.67, 68.77, 68.72, 66.29, 63.9, 60.75]
2026-07-14 22:14:42,934 [trainer.py] => CNN top5 curve: [99.4, 97.15, 96.7, 95.57, 91.6, 90.55, 88.89]
2026-07-14 22:14:42,934 [trainer.py] => Average Accuracy (CNN top1): 67.79857142857142
2026-07-14 22:14:42,966 [area.py] => Learning on 70-80
2026-07-14 22:31:03,445 [trainer.py] => CNN: {'total': 60.7, '00-09': 50.6, '10-19': 63.17, '20-29': 64.56, '30-39': 63.47, '40-49': 57.19, '50-59': 62.46, '60-69': 60.42, '70-79': 63.66, 'old': 60.27, 'new': 63.66, 'harmonic': 61.92}
2026-07-14 22:31:03,446 [trainer.py] => CNN top1 curve: [73.49, 72.67, 68.77, 68.72, 66.29, 63.9, 60.75, 60.7]
2026-07-14 22:31:03,446 [trainer.py] => CNN top5 curve: [99.4, 97.15, 96.7, 95.57, 91.6, 90.55, 88.89, 88.03]
2026-07-14 22:31:03,446 [trainer.py] => Average Accuracy (CNN top1): 66.91125
2026-07-14 22:31:03,483 [area.py] => Learning on 80-90
2026-07-14 22:48:44,317 [trainer.py] => CNN: {'total': 58.64, '00-09': 50.0, '10-19': 60.18, '20-29': 63.36, '30-39': 60.78, '40-49': 57.19, '50-59': 60.96, '60-69': 59.82, '70-79': 62.46, '80-89': 52.99, 'old': 59.35, 'new': 52.99, 'harmonic': 55.99}
2026-07-14 22:48:44,318 [trainer.py] => CNN top1 curve: [73.49, 72.67, 68.77, 68.72, 66.29, 63.9, 60.75, 60.7, 58.64]
2026-07-14 22:48:44,318 [trainer.py] => CNN top5 curve: [99.4, 97.15, 96.7, 95.57, 91.6, 90.55, 88.89, 88.03, 85.66]
2026-07-14 22:48:44,318 [trainer.py] => Average Accuracy (CNN top1): 65.99222222222221
2026-07-14 22:48:44,323 [area.py] => Learning on 90-100
2026-07-14 23:07:47,383 [trainer.py] => CNN: {'total': 56.59, '00-09': 46.99, '10-19': 62.87, '20-29': 63.36, '30-39': 59.88, '40-49': 56.89, '50-59': 57.36, '60-69': 58.91, '70-79': 62.16, '80-89': 51.2, '90-99': 46.27, 'old': 57.74, 'new': 46.27, 'harmonic': 51.37}
2026-07-14 23:07:47,384 [trainer.py] => CNN top1 curve: [73.49, 72.67, 68.77, 68.72, 66.29, 63.9, 60.75, 60.7, 58.64, 56.59]
2026-07-14 23:07:47,384 [trainer.py] => CNN top5 curve: [99.4, 97.15, 96.7, 95.57, 91.6, 90.55, 88.89, 88.03, 85.66, 84.13]
2026-07-14 23:07:47,384 [trainer.py] => Average Accuracy (CNN top1): 65.05199999999999
