2026-07-14 16:53:18,221 [trainer.py] => config: ./configs/area/area_cars_B0_Inc10.json
2026-07-14 16:53:18,221 [trainer.py] => dataset: cars
2026-07-14 16:53:18,221 [trainer.py] => shuffle: True
2026-07-14 16:53:18,221 [trainer.py] => init_cls: 10
2026-07-14 16:53:18,221 [trainer.py] => increment: 10
2026-07-14 16:53:18,221 [trainer.py] => model_name: area
2026-07-14 16:53:18,221 [trainer.py] => backbone_type: clip
2026-07-14 16:53:18,221 [trainer.py] => clip_pretrained: laion400m_e32
2026-07-14 16:53:18,221 [trainer.py] => device: [device(type='cuda', index=2)]
2026-07-14 16:53:18,221 [trainer.py] => seed: 0
2026-07-14 16:53:18,221 [trainer.py] => epochs: 20
2026-07-14 16:53:18,221 [trainer.py] => milestones: [8, 15]
2026-07-14 16:53:18,221 [trainer.py] => init_lr: 0.01
2026-07-14 16:53:18,221 [trainer.py] => batch_size: 64
2026-07-14 16:53:18,221 [trainer.py] => weight_decay: 0.05
2026-07-14 16:53:18,222 [trainer.py] => optimizer: sgd
2026-07-14 16:53:18,222 [trainer.py] => samples_per_class: 4
2026-07-14 16:53:18,222 [trainer.py] => K: 8
2026-07-14 16:53:18,222 [trainer.py] => vib_lambda: 1
2026-07-14 16:53:18,222 [trainer.py] => precomputed_basis_path: ./precomputed_basis/area/cars
2026-07-14 16:53:18,222 [trainer.py] => g_lambda: 0.5
2026-07-14 16:53:18,222 [trainer.py] => num_workers: 8
2026-07-14 16:53:18,321 [data_manager.py] => [26, 86, 2, 55, 75, 93, 16, 73, 54, 95, 53, 92, 78, 13, 7, 30, 22, 24, 33, 8, 43, 62, 3, 71, 45, 48, 6, 99, 82, 76, 60, 80, 90, 68, 51, 27, 18, 56, 63, 74, 1, 61, 42, 41, 4, 15, 17, 40, 38, 5, 91, 59, 0, 34, 28, 50, 11, 35, 23, 52, 10, 31, 66, 57, 79, 85, 32, 84, 14, 89, 19, 29, 49, 97, 98, 69, 20, 94, 72, 77, 25, 37, 81, 46, 39, 65, 58, 12, 88, 70, 87, 36, 21, 83, 9, 96, 67, 64, 47, 44]
2026-07-14 16:53:19,670 [instantiator.py] => Created a temporary directory at /tmp/tmpg7vrzyu6
2026-07-14 16:53:19,670 [instantiator.py] => Writing /tmp/tmpg7vrzyu6/_remote_module_non_scriptable.py
2026-07-14 16:53:19,809 [factory.py] => Loaded ViT-B-16 model config.
2026-07-14 16:53:27,372 [factory.py] => Loading pretrained ViT-B-16 weights (laion400m_e32).
2026-07-14 16:53:28,404 [area.py] => Learning on 0-10
2026-07-14 16:53:28,814 [area.py] => Computing AREA textual base matrices
2026-07-14 16:53:35,139 [area.py] => Computing AREA visual base matrices
2026-07-14 16:58:25,649 [trainer.py] => CNN: {'total': 99.76, '00-09': 99.76, 'old': 0, 'new': 99.76, 'harmonic': 0.0}
2026-07-14 16:58:25,650 [trainer.py] => CNN top1 curve: [99.76]
2026-07-14 16:58:25,650 [trainer.py] => CNN top5 curve: [100.0]
2026-07-14 16:58:25,650 [trainer.py] => Average Accuracy (CNN top1): 99.76
2026-07-14 16:58:25,652 [area.py] => Learning on 10-20
2026-07-14 17:03:35,475 [trainer.py] => CNN: {'total': 98.8, '00-09': 98.8, '10-19': 98.81, 'old': 98.8, 'new': 98.81, 'harmonic': 98.8}
2026-07-14 17:03:35,475 [trainer.py] => CNN top1 curve: [99.76, 98.8]
2026-07-14 17:03:35,475 [trainer.py] => CNN top5 curve: [100.0, 100.0]
2026-07-14 17:03:35,476 [trainer.py] => Average Accuracy (CNN top1): 99.28
2026-07-14 17:03:35,479 [area.py] => Learning on 20-30
