2026-07-20 21:46:00,322 [trainer.py] => config: /dev/stdin
2026-07-20 21:46:00,322 [trainer.py] => dataset: cars
2026-07-20 21:46:00,322 [trainer.py] => shuffle: True
2026-07-20 21:46:00,322 [trainer.py] => init_cls: 50
2026-07-20 21:46:00,322 [trainer.py] => increment: 10
2026-07-20 21:46:00,322 [trainer.py] => model_name: area
2026-07-20 21:46:00,322 [trainer.py] => backbone_type: clip
2026-07-20 21:46:00,322 [trainer.py] => clip_pretrained: laion400m_e32
2026-07-20 21:46:00,322 [trainer.py] => device: [device(type='cuda', index=1)]
2026-07-20 21:46:00,322 [trainer.py] => seed: 2026
2026-07-20 21:46:00,322 [trainer.py] => epochs: 20
2026-07-20 21:46:00,322 [trainer.py] => milestones: [8, 15]
2026-07-20 21:46:00,322 [trainer.py] => init_lr: 0.01
2026-07-20 21:46:00,322 [trainer.py] => batch_size: 64
2026-07-20 21:46:00,322 [trainer.py] => weight_decay: 0.05
2026-07-20 21:46:00,322 [trainer.py] => optimizer: sgd
2026-07-20 21:46:00,322 [trainer.py] => samples_per_class: 4
2026-07-20 21:46:00,322 [trainer.py] => K: 8
2026-07-20 21:46:00,322 [trainer.py] => vib_lambda: 1
2026-07-20 21:46:00,322 [trainer.py] => precomputed_basis_path: ./precomputed_basis/area/cars
2026-07-20 21:46:00,322 [trainer.py] => g_lambda: 0.5
2026-07-20 21:46:00,322 [trainer.py] => num_workers: 8
2026-07-20 21:46:00,412 [data_manager.py] => [98, 10, 4, 18, 88, 13, 8, 84, 79, 21, 85, 96, 53, 42, 52, 97, 74, 5, 58, 23, 90, 59, 16, 72, 75, 30, 43, 99, 44, 41, 0, 46, 61, 80, 65, 39, 70, 87, 89, 91, 82, 14, 12, 71, 50, 11, 15, 57, 22, 67, 45, 32, 78, 63, 66, 55, 31, 62, 35, 34, 19, 49, 24, 9, 37, 36, 3, 64, 40, 86, 81, 93, 47, 73, 17, 60, 68, 25, 38, 48, 33, 20, 83, 7, 27, 94, 54, 2, 92, 76, 69, 51, 28, 29, 95, 77, 56, 26, 6, 1]
2026-07-20 21:46:01,650 [instantiator.py] => Created a temporary directory at /tmp/tmpgq8mlfhp
2026-07-20 21:46:01,651 [instantiator.py] => Writing /tmp/tmpgq8mlfhp/_remote_module_non_scriptable.py
2026-07-20 21:46:01,812 [factory.py] => Loaded ViT-B-16 model config.
2026-07-20 21:46:03,760 [factory.py] => Loading pretrained ViT-B-16 weights (laion400m_e32).
2026-07-20 21:46:04,429 [area.py] => Learning on 0-50
2026-07-20 21:46:04,768 [area.py] => Loading AREA basis cache from precomputed_basis/area/cars/seed_2026/textual_base_matrices.pth
2026-07-20 21:46:04,769 [area.py] => Loading AREA basis cache from precomputed_basis/area/cars/seed_2026/visual_base_matrices.pth
2026-07-23 18:18:39,466 [trainer.py] => config: /dev/stdin
2026-07-23 18:18:39,467 [trainer.py] => dataset: cars
2026-07-23 18:18:39,467 [trainer.py] => shuffle: True
2026-07-23 18:18:39,467 [trainer.py] => init_cls: 50
2026-07-23 18:18:39,467 [trainer.py] => increment: 10
2026-07-23 18:18:39,467 [trainer.py] => model_name: area
2026-07-23 18:18:39,467 [trainer.py] => backbone_type: clip
2026-07-23 18:18:39,467 [trainer.py] => clip_pretrained: laion400m_e32
2026-07-23 18:18:39,467 [trainer.py] => device: [device(type='cuda', index=7)]
2026-07-23 18:18:39,467 [trainer.py] => seed: 2026
2026-07-23 18:18:39,467 [trainer.py] => epochs: 20
2026-07-23 18:18:39,467 [trainer.py] => milestones: [8, 15]
2026-07-23 18:18:39,467 [trainer.py] => init_lr: 0.01
2026-07-23 18:18:39,467 [trainer.py] => batch_size: 64
2026-07-23 18:18:39,467 [trainer.py] => weight_decay: 0.05
2026-07-23 18:18:39,467 [trainer.py] => optimizer: sgd
2026-07-23 18:18:39,467 [trainer.py] => samples_per_class: 4
2026-07-23 18:18:39,467 [trainer.py] => K: 8
2026-07-23 18:18:39,467 [trainer.py] => vib_lambda: 1
2026-07-23 18:18:39,467 [trainer.py] => precomputed_basis_path: ./precomputed_basis/area/cars
2026-07-23 18:18:39,467 [trainer.py] => g_lambda: 0.5
2026-07-23 18:18:39,467 [trainer.py] => num_workers: 8
2026-07-23 18:18:39,555 [data_manager.py] => [98, 10, 4, 18, 88, 13, 8, 84, 79, 21, 85, 96, 53, 42, 52, 97, 74, 5, 58, 23, 90, 59, 16, 72, 75, 30, 43, 99, 44, 41, 0, 46, 61, 80, 65, 39, 70, 87, 89, 91, 82, 14, 12, 71, 50, 11, 15, 57, 22, 67, 45, 32, 78, 63, 66, 55, 31, 62, 35, 34, 19, 49, 24, 9, 37, 36, 3, 64, 40, 86, 81, 93, 47, 73, 17, 60, 68, 25, 38, 48, 33, 20, 83, 7, 27, 94, 54, 2, 92, 76, 69, 51, 28, 29, 95, 77, 56, 26, 6, 1]
2026-07-23 18:18:40,666 [instantiator.py] => Created a temporary directory at /tmp/tmpo8449nol
2026-07-23 18:18:40,666 [instantiator.py] => Writing /tmp/tmpo8449nol/_remote_module_non_scriptable.py
2026-07-23 18:18:40,799 [factory.py] => Loaded ViT-B-16 model config.
