2026-07-20 01:40:11,469 [trainer.py] => config: /dev/stdin
2026-07-20 01:40:11,470 [trainer.py] => dataset: sun
2026-07-20 01:40:11,470 [trainer.py] => shuffle: True
2026-07-20 01:40:11,470 [trainer.py] => init_cls: 150
2026-07-20 01:40:11,470 [trainer.py] => increment: 30
2026-07-20 01:40:11,470 [trainer.py] => model_name: area
2026-07-20 01:40:11,470 [trainer.py] => backbone_type: clip
2026-07-20 01:40:11,470 [trainer.py] => clip_pretrained: laion400m_e32
2026-07-20 01:40:11,470 [trainer.py] => device: [device(type='cuda', index=2)]
2026-07-20 01:40:11,470 [trainer.py] => seed: 1993
2026-07-20 01:40:11,471 [trainer.py] => epochs: 20
2026-07-20 01:40:11,471 [trainer.py] => milestones: [8, 15]
2026-07-20 01:40:11,471 [trainer.py] => init_lr: 0.01
2026-07-20 01:40:11,471 [trainer.py] => batch_size: 64
2026-07-20 01:40:11,471 [trainer.py] => weight_decay: 0.05
2026-07-20 01:40:11,471 [trainer.py] => optimizer: sgd
2026-07-20 01:40:11,471 [trainer.py] => samples_per_class: 4
2026-07-20 01:40:11,471 [trainer.py] => K: 8
2026-07-20 01:40:11,471 [trainer.py] => vib_lambda: 1
2026-07-20 01:40:11,471 [trainer.py] => precomputed_basis_path: ./precomputed_basis/area/sun
2026-07-20 01:40:11,471 [trainer.py] => g_lambda: 0.6
2026-07-20 01:40:11,471 [trainer.py] => num_workers: 8
2026-07-20 01:40:11,798 [data_manager.py] => [169, 221, 146, 296, 92, 229, 49, 70, 126, 77, 243, 57, 120, 223, 27, 217, 154, 8, 101, 182, 54, 50, 97, 162, 28, 193, 79, 6, 151, 0, 173, 187, 44, 277, 157, 16, 257, 122, 35, 9, 171, 176, 134, 4, 87, 255, 112, 153, 246, 286, 147, 186, 107, 98, 10, 7, 266, 214, 36, 165, 139, 254, 103, 269, 59, 23, 298, 39, 73, 208, 135, 299, 102, 20, 12, 268, 11, 209, 161, 210, 74, 42, 56, 99, 235, 133, 159, 189, 145, 238, 215, 241, 138, 195, 233, 279, 88, 199, 64, 280, 26, 203, 17, 245, 174, 236, 137, 252, 80, 68, 181, 150, 118, 94, 75, 2, 109, 119, 232, 15, 69, 184, 201, 261, 55, 287, 273, 66, 175, 32, 142, 136, 116, 76, 179, 1, 91, 248, 275, 240, 290, 170, 132, 106, 265, 270, 85, 19, 284, 43, 259, 293, 228, 200, 104, 227, 51, 224, 163, 297, 216, 260, 93, 46, 100, 272, 105, 72, 131, 3, 156, 256, 249, 48, 113, 82, 172, 213, 62, 53, 271, 168, 253, 226, 183, 180, 276, 283, 78, 61, 143, 278, 30, 141, 196, 264, 231, 52, 222, 40, 125, 219, 65, 166, 192, 289, 45, 205, 89, 267, 90, 71, 167, 262, 281, 212, 96, 84, 127, 67, 294, 178, 288, 197, 21, 18, 111, 108, 58, 230, 188, 31, 110, 291, 129, 24, 204, 83, 81, 251, 60, 13, 128, 14, 86, 63, 117, 198, 274, 5, 22, 144, 258, 121, 38, 207, 148, 292, 41, 234, 237, 114, 202, 37, 149, 206, 155, 29, 130, 177, 194, 152, 34, 33, 239, 160, 140, 47, 244, 25, 282, 158, 211, 123, 190, 218, 164, 247, 263, 191, 220, 115, 242, 250, 124, 295, 95, 285, 225, 185]
2026-07-20 01:40:13,451 [instantiator.py] => Created a temporary directory at /tmp/tmp4q6mg9bv
2026-07-20 01:40:13,453 [instantiator.py] => Writing /tmp/tmp4q6mg9bv/_remote_module_non_scriptable.py
2026-07-20 01:40:13,594 [factory.py] => Loaded ViT-B-16 model config.
2026-07-20 01:40:20,655 [factory.py] => Loading pretrained ViT-B-16 weights (laion400m_e32).
2026-07-20 01:40:21,796 [area.py] => Learning on 0-150
2026-07-20 01:40:23,262 [area.py] => Computing AREA textual base matrices
2026-07-20 01:40:35,378 [area.py] => Computing AREA visual base matrices
2026-07-22 08:00:20,545 [trainer.py] => config: /dev/stdin
2026-07-22 08:00:20,545 [trainer.py] => dataset: sun
2026-07-22 08:00:20,545 [trainer.py] => shuffle: True
2026-07-22 08:00:20,545 [trainer.py] => init_cls: 150
2026-07-22 08:00:20,545 [trainer.py] => increment: 30
2026-07-22 08:00:20,545 [trainer.py] => model_name: area
2026-07-22 08:00:20,545 [trainer.py] => backbone_type: clip
2026-07-22 08:00:20,545 [trainer.py] => clip_pretrained: laion400m_e32
2026-07-22 08:00:20,546 [trainer.py] => device: [device(type='cuda', index=2)]
2026-07-22 08:00:20,546 [trainer.py] => seed: 1993
2026-07-22 08:00:20,546 [trainer.py] => epochs: 20
2026-07-22 08:00:20,546 [trainer.py] => milestones: [8, 15]
2026-07-22 08:00:20,546 [trainer.py] => init_lr: 0.01
2026-07-22 08:00:20,546 [trainer.py] => batch_size: 64
2026-07-22 08:00:20,546 [trainer.py] => weight_decay: 0.05
2026-07-22 08:00:20,546 [trainer.py] => optimizer: sgd
2026-07-22 08:00:20,546 [trainer.py] => samples_per_class: 4
2026-07-22 08:00:20,546 [trainer.py] => K: 8
2026-07-22 08:00:20,546 [trainer.py] => vib_lambda: 1
2026-07-22 08:00:20,546 [trainer.py] => precomputed_basis_path: ./precomputed_basis/area/sun
2026-07-22 08:00:20,546 [trainer.py] => g_lambda: 0.6
2026-07-22 08:00:20,546 [trainer.py] => num_workers: 8
2026-07-22 08:00:20,881 [data_manager.py] => [169, 221, 146, 296, 92, 229, 49, 70, 126, 77, 243, 57, 120, 223, 27, 217, 154, 8, 101, 182, 54, 50, 97, 162, 28, 193, 79, 6, 151, 0, 173, 187, 44, 277, 157, 16, 257, 122, 35, 9, 171, 176, 134, 4, 87, 255, 112, 153, 246, 286, 147, 186, 107, 98, 10, 7, 266, 214, 36, 165, 139, 254, 103, 269, 59, 23, 298, 39, 73, 208, 135, 299, 102, 20, 12, 268, 11, 209, 161, 210, 74, 42, 56, 99, 235, 133, 159, 189, 145, 238, 215, 241, 138, 195, 233, 279, 88, 199, 64, 280, 26, 203, 17, 245, 174, 236, 137, 252, 80, 68, 181, 150, 118, 94, 75, 2, 109, 119, 232, 15, 69, 184, 201, 261, 55, 287, 273, 66, 175, 32, 142, 136, 116, 76, 179, 1, 91, 248, 275, 240, 290, 170, 132, 106, 265, 270, 85, 19, 284, 43, 259, 293, 228, 200, 104, 227, 51, 224, 163, 297, 216, 260, 93, 46, 100, 272, 105, 72, 131, 3, 156, 256, 249, 48, 113, 82, 172, 213, 62, 53, 271, 168, 253, 226, 183, 180, 276, 283, 78, 61, 143, 278, 30, 141, 196, 264, 231, 52, 222, 40, 125, 219, 65, 166, 192, 289, 45, 205, 89, 267, 90, 71, 167, 262, 281, 212, 96, 84, 127, 67, 294, 178, 288, 197, 21, 18, 111, 108, 58, 230, 188, 31, 110, 291, 129, 24, 204, 83, 81, 251, 60, 13, 128, 14, 86, 63, 117, 198, 274, 5, 22, 144, 258, 121, 38, 207, 148, 292, 41, 234, 237, 114, 202, 37, 149, 206, 155, 29, 130, 177, 194, 152, 34, 33, 239, 160, 140, 47, 244, 25, 282, 158, 211, 123, 190, 218, 164, 247, 263, 191, 220, 115, 242, 250, 124, 295, 95, 285, 225, 185]
2026-07-22 08:00:22,905 [instantiator.py] => Created a temporary directory at /tmp/tmpcjgc8wwi
2026-07-22 08:00:22,905 [instantiator.py] => Writing /tmp/tmpcjgc8wwi/_remote_module_non_scriptable.py
2026-07-22 08:00:23,081 [factory.py] => Loaded ViT-B-16 model config.
2026-07-22 08:00:30,108 [factory.py] => Loading pretrained ViT-B-16 weights (laion400m_e32).
2026-07-22 08:00:30,764 [area.py] => Learning on 0-150
2026-07-22 08:00:31,287 [area.py] => Loading AREA basis cache from precomputed_basis/area/sun/seed_1993/textual_base_matrices.pth
2026-07-22 08:00:31,290 [area.py] => Loading AREA basis cache from precomputed_basis/area/sun/seed_1993/visual_base_matrices.pth
2026-07-22 12:32:10,853 [trainer.py] => CNN: {'total': 87.82, '00-09': 86.36, '10-19': 87.77, '20-29': 83.88, '30-39': 90.22, '40-49': 89.95, '50-59': 89.06, '60-69': 89.77, '70-79': 91.34, '80-89': 92.18, '90-99': 84.52, '100-109': 82.2, '110-119': 87.25, '120-129': 85.39, '130-139': 86.85, '140-149': 89.03, 'old': 0, 'new': 87.82, 'harmonic': 0.0}
2026-07-22 12:32:10,854 [trainer.py] => CNN top1 curve: [87.82]
2026-07-22 12:32:10,854 [trainer.py] => CNN top5 curve: [99.13]
2026-07-22 12:32:10,854 [trainer.py] => Average Accuracy (CNN top1): 87.82
2026-07-22 12:32:10,860 [area.py] => Learning on 150-180
2026-07-22 14:05:01,021 [trainer.py] => CNN: {'total': 86.43, '00-09': 86.36, '10-19': 84.86, '20-29': 81.39, '30-39': 88.41, '40-49': 87.24, '50-59': 89.06, '60-69': 86.95, '70-79': 90.58, '80-89': 87.97, '90-99': 83.76, '100-109': 83.2, '110-119': 86.63, '120-129': 80.0, '130-139': 83.7, '140-149': 90.6, '150-159': 91.51, '160-169': 84.85, '170-179': 90.55, 'old': 85.96, 'new': 88.4, 'harmonic': 87.16}
2026-07-22 14:05:01,021 [trainer.py] => CNN top1 curve: [87.82, 86.43]
2026-07-22 14:05:01,021 [trainer.py] => CNN top5 curve: [99.13, 98.89]
2026-07-22 14:05:01,021 [trainer.py] => Average Accuracy (CNN top1): 87.125
2026-07-22 14:05:01,023 [area.py] => Learning on 180-210
2026-07-22 15:10:42,478 [trainer.py] => CNN: {'total': 84.33, '00-09': 83.39, '10-19': 81.37, '20-29': 77.72, '30-39': 87.56, '40-49': 85.05, '50-59': 86.91, '60-69': 83.95, '70-79': 89.27, '80-89': 86.47, '90-99': 83.25, '100-109': 81.2, '110-119': 83.91, '120-129': 80.7, '130-139': 79.81, '140-149': 87.77, '150-159': 89.58, '160-169': 81.42, '170-179': 88.02, '180-189': 78.9, '190-199': 87.41, '200-209': 88.83, 'old': 84.12, 'new': 85.91, 'harmonic': 85.01}
2026-07-22 15:10:42,478 [trainer.py] => CNN top1 curve: [87.82, 86.43, 84.33]
2026-07-22 15:10:42,478 [trainer.py] => CNN top5 curve: [99.13, 98.89, 98.51]
2026-07-22 15:10:42,478 [trainer.py] => Average Accuracy (CNN top1): 86.19333333333333
2026-07-22 15:10:42,479 [area.py] => Learning on 210-240
2026-07-22 15:43:11,158 [trainer.py] => config: /dev/stdin
2026-07-22 15:43:11,158 [trainer.py] => dataset: sun
2026-07-22 15:43:11,158 [trainer.py] => shuffle: True
2026-07-22 15:43:11,158 [trainer.py] => init_cls: 150
2026-07-22 15:43:11,158 [trainer.py] => increment: 30
2026-07-22 15:43:11,158 [trainer.py] => model_name: area
2026-07-22 15:43:11,158 [trainer.py] => backbone_type: clip
2026-07-22 15:43:11,158 [trainer.py] => clip_pretrained: laion400m_e32
2026-07-22 15:43:11,158 [trainer.py] => device: [device(type='cuda', index=7)]
2026-07-22 15:43:11,158 [trainer.py] => seed: 1993
2026-07-22 15:43:11,158 [trainer.py] => epochs: 20
2026-07-22 15:43:11,158 [trainer.py] => milestones: [8, 15]
2026-07-22 15:43:11,158 [trainer.py] => init_lr: 0.01
2026-07-22 15:43:11,158 [trainer.py] => batch_size: 64
2026-07-22 15:43:11,158 [trainer.py] => weight_decay: 0.05
2026-07-22 15:43:11,158 [trainer.py] => optimizer: sgd
2026-07-22 15:43:11,158 [trainer.py] => samples_per_class: 4
2026-07-22 15:43:11,158 [trainer.py] => K: 8
2026-07-22 15:43:11,158 [trainer.py] => vib_lambda: 1
2026-07-22 15:43:11,158 [trainer.py] => precomputed_basis_path: ./precomputed_basis/area/sun
2026-07-22 15:43:11,158 [trainer.py] => g_lambda: 0.6
2026-07-22 15:43:11,159 [trainer.py] => num_workers: 8
2026-07-22 15:43:11,470 [data_manager.py] => [169, 221, 146, 296, 92, 229, 49, 70, 126, 77, 243, 57, 120, 223, 27, 217, 154, 8, 101, 182, 54, 50, 97, 162, 28, 193, 79, 6, 151, 0, 173, 187, 44, 277, 157, 16, 257, 122, 35, 9, 171, 176, 134, 4, 87, 255, 112, 153, 246, 286, 147, 186, 107, 98, 10, 7, 266, 214, 36, 165, 139, 254, 103, 269, 59, 23, 298, 39, 73, 208, 135, 299, 102, 20, 12, 268, 11, 209, 161, 210, 74, 42, 56, 99, 235, 133, 159, 189, 145, 238, 215, 241, 138, 195, 233, 279, 88, 199, 64, 280, 26, 203, 17, 245, 174, 236, 137, 252, 80, 68, 181, 150, 118, 94, 75, 2, 109, 119, 232, 15, 69, 184, 201, 261, 55, 287, 273, 66, 175, 32, 142, 136, 116, 76, 179, 1, 91, 248, 275, 240, 290, 170, 132, 106, 265, 270, 85, 19, 284, 43, 259, 293, 228, 200, 104, 227, 51, 224, 163, 297, 216, 260, 93, 46, 100, 272, 105, 72, 131, 3, 156, 256, 249, 48, 113, 82, 172, 213, 62, 53, 271, 168, 253, 226, 183, 180, 276, 283, 78, 61, 143, 278, 30, 141, 196, 264, 231, 52, 222, 40, 125, 219, 65, 166, 192, 289, 45, 205, 89, 267, 90, 71, 167, 262, 281, 212, 96, 84, 127, 67, 294, 178, 288, 197, 21, 18, 111, 108, 58, 230, 188, 31, 110, 291, 129, 24, 204, 83, 81, 251, 60, 13, 128, 14, 86, 63, 117, 198, 274, 5, 22, 144, 258, 121, 38, 207, 148, 292, 41, 234, 237, 114, 202, 37, 149, 206, 155, 29, 130, 177, 194, 152, 34, 33, 239, 160, 140, 47, 244, 25, 282, 158, 211, 123, 190, 218, 164, 247, 263, 191, 220, 115, 242, 250, 124, 295, 95, 285, 225, 185]
2026-07-22 15:43:13,056 [instantiator.py] => Created a temporary directory at /tmp/tmpyq56404b
2026-07-22 15:43:13,056 [instantiator.py] => Writing /tmp/tmpyq56404b/_remote_module_non_scriptable.py
2026-07-22 15:43:13,192 [factory.py] => Loaded ViT-B-16 model config.
2026-07-22 15:43:20,849 [factory.py] => Loading pretrained ViT-B-16 weights (laion400m_e32).
2026-07-22 15:43:21,513 [area.py] => Learning on 0-150
2026-07-22 15:43:21,980 [area.py] => Loading AREA basis cache from precomputed_basis/area/sun/seed_1993/textual_base_matrices.pth
2026-07-22 15:43:21,983 [area.py] => Loading AREA basis cache from precomputed_basis/area/sun/seed_1993/visual_base_matrices.pth
2026-07-22 19:41:54,101 [trainer.py] => CNN: {'total': 87.84, '00-09': 86.52, '10-19': 87.63, '20-29': 84.01, '30-39': 90.22, '40-49': 89.95, '50-59': 88.84, '60-69': 89.59, '70-79': 91.53, '80-89': 92.48, '90-99': 84.01, '100-109': 82.0, '110-119': 87.38, '120-129': 85.57, '130-139': 86.85, '140-149': 89.34, 'old': 0, 'new': 87.84, 'harmonic': 0.0}
2026-07-22 19:41:54,102 [trainer.py] => CNN top1 curve: [87.84]
2026-07-22 19:41:54,102 [trainer.py] => CNN top5 curve: [99.15]
2026-07-22 19:41:54,102 [trainer.py] => Average Accuracy (CNN top1): 87.84
2026-07-22 19:41:54,103 [area.py] => Learning on 150-180
2026-07-22 20:59:34,795 [trainer.py] => CNN: {'total': 86.35, '00-09': 85.89, '10-19': 84.86, '20-29': 81.13, '30-39': 88.53, '40-49': 87.5, '50-59': 89.48, '60-69': 86.77, '70-79': 90.02, '80-89': 87.67, '90-99': 83.5, '100-109': 83.8, '110-119': 86.51, '120-129': 80.0, '130-139': 83.7, '140-149': 90.28, '150-159': 91.12, '160-169': 84.62, '170-179': 90.68, 'old': 85.89, 'new': 88.27, 'harmonic': 87.06}
2026-07-22 20:59:34,796 [trainer.py] => CNN top1 curve: [87.84, 86.35]
2026-07-22 20:59:34,796 [trainer.py] => CNN top5 curve: [99.15, 98.85]
2026-07-22 20:59:34,796 [trainer.py] => Average Accuracy (CNN top1): 87.095
2026-07-22 20:59:34,796 [area.py] => Learning on 180-210
2026-07-22 21:56:12,688 [trainer.py] => CNN: {'total': 84.32, '00-09': 83.7, '10-19': 80.79, '20-29': 77.2, '30-39': 87.56, '40-49': 85.18, '50-59': 86.91, '60-69': 83.6, '70-79': 89.45, '80-89': 86.02, '90-99': 82.99, '100-109': 80.4, '110-119': 84.16, '120-129': 81.04, '130-139': 79.81, '140-149': 87.77, '150-159': 89.58, '160-169': 81.86, '170-179': 88.15, '180-189': 78.63, '190-199': 87.78, '200-209': 89.17, 'old': 84.08, 'new': 86.11, 'harmonic': 85.08}
2026-07-22 21:56:12,689 [trainer.py] => CNN top1 curve: [87.84, 86.35, 84.32]
2026-07-22 21:56:12,689 [trainer.py] => CNN top5 curve: [99.15, 98.85, 98.48]
2026-07-22 21:56:12,689 [trainer.py] => Average Accuracy (CNN top1): 86.17
2026-07-22 21:56:12,690 [area.py] => Learning on 210-240
2026-07-22 23:01:39,799 [trainer.py] => CNN: {'total': 83.21, '00-09': 83.7, '10-19': 79.91, '20-29': 75.62, '30-39': 87.8, '40-49': 81.83, '50-59': 85.19, '60-69': 81.31, '70-79': 88.89, '80-89': 86.62, '90-99': 80.71, '100-109': 79.8, '110-119': 82.3, '120-129': 78.09, '130-139': 76.67, '140-149': 84.33, '150-159': 89.19, '160-169': 80.64, '170-179': 87.88, '180-189': 78.63, '190-199': 84.59, '200-209': 87.83, '210-219': 82.87, '220-229': 79.7, '230-239': 91.63, 'old': 82.95, 'new': 85.15, 'harmonic': 84.04}
2026-07-22 23:01:39,799 [trainer.py] => CNN top1 curve: [87.84, 86.35, 84.32, 83.21]
2026-07-22 23:01:39,799 [trainer.py] => CNN top5 curve: [99.15, 98.85, 98.48, 98.15]
2026-07-22 23:01:39,799 [trainer.py] => Average Accuracy (CNN top1): 85.42999999999999
2026-07-22 23:01:39,800 [area.py] => Learning on 240-270
2026-07-23 00:10:39,285 [trainer.py] => CNN: {'total': 81.99, '00-09': 83.39, '10-19': 77.87, '20-29': 72.48, '30-39': 86.11, '40-49': 78.99, '50-59': 83.91, '60-69': 80.78, '70-79': 87.76, '80-89': 86.17, '90-99': 79.19, '100-109': 78.8, '110-119': 81.93, '120-129': 77.04, '130-139': 76.85, '140-149': 80.88, '150-159': 88.22, '160-169': 78.98, '170-179': 84.69, '180-189': 76.71, '190-199': 84.4, '200-209': 87.83, '210-219': 82.06, '220-229': 79.06, '230-239': 89.82, '240-249': 82.47, '250-259': 87.09, '260-269': 75.71, 'old': 81.85, 'new': 83.1, 'harmonic': 82.47}
2026-07-23 00:10:39,285 [trainer.py] => CNN top1 curve: [87.84, 86.35, 84.32, 83.21, 81.99]
2026-07-23 00:10:39,285 [trainer.py] => CNN top5 curve: [99.15, 98.85, 98.48, 98.15, 97.93]
2026-07-23 00:10:39,285 [trainer.py] => Average Accuracy (CNN top1): 84.74199999999999
2026-07-23 00:10:39,286 [area.py] => Learning on 270-300
2026-07-23 08:27:20,414 [trainer.py] => CNN: {'total': 81.03, '00-09': 80.72, '10-19': 77.44, '20-29': 72.08, '30-39': 83.94, '40-49': 79.51, '50-59': 81.97, '60-69': 80.42, '70-79': 87.57, '80-89': 85.71, '90-99': 78.17, '100-109': 78.2, '110-119': 80.2, '120-129': 75.3, '130-139': 75.0, '140-149': 81.19, '150-159': 86.1, '160-169': 78.76, '170-179': 84.42, '180-189': 73.97, '190-199': 81.39, '200-209': 87.0, '210-219': 79.77, '220-229': 79.91, '230-239': 88.18, '240-249': 81.6, '250-259': 85.0, '260-269': 76.42, '270-279': 83.25, '280-289': 76.75, '290-299': 84.37, 'old': 80.89, 'new': 82.09, 'harmonic': 81.49}
2026-07-23 08:27:20,415 [trainer.py] => CNN top1 curve: [87.84, 86.35, 84.32, 83.21, 81.99, 81.03]
2026-07-23 08:27:20,415 [trainer.py] => CNN top5 curve: [99.15, 98.85, 98.48, 98.15, 97.93, 97.66]
2026-07-23 08:27:20,415 [trainer.py] => Average Accuracy (CNN top1): 84.12333333333333
