2026-06-23 13:11:25,364 [trainer.py] => config: ./configs/rapf/rapf_aircraft_B50_Inc10.json
2026-06-23 13:11:25,364 [trainer.py] => prefix: -
2026-06-23 13:11:25,364 [trainer.py] => dataset: aircraft
2026-06-23 13:11:25,364 [trainer.py] => memory_size: 0
2026-06-23 13:11:25,364 [trainer.py] => memory_per_class: 0
2026-06-23 13:11:25,364 [trainer.py] => fixed_memory: False
2026-06-23 13:11:25,364 [trainer.py] => shuffle: True
2026-06-23 13:11:25,364 [trainer.py] => init_cls: 50
2026-06-23 13:11:25,364 [trainer.py] => increment: 10
2026-06-23 13:11:25,364 [trainer.py] => model_name: rapf
2026-06-23 13:11:25,365 [trainer.py] => backbone_type: clip
2026-06-23 13:11:25,365 [trainer.py] => device: [device(type='cuda', index=4)]
2026-06-23 13:11:25,365 [trainer.py] => seed: 2026
2026-06-23 13:11:25,365 [trainer.py] => batch_size: 128
2026-06-23 13:11:25,365 [trainer.py] => init_lr: 0.001
2026-06-23 13:11:25,365 [trainer.py] => epochs: 10
2026-06-23 13:11:25,365 [trainer.py] => beta: 2
2026-06-23 13:11:25,365 [trainer.py] => mix_bias: 0.6
2026-06-23 13:11:25,365 [trainer.py] => threshold: 0.55
2026-06-23 13:11:25,365 [trainer.py] => total_class_num: 100
2026-06-23 13:11:25,417 [data_manager.py] => [98, 10, 4, 18, 88, 13, 8, 84, 79, 21, 85, 96, 53, 42, 52, 97, 74, 5, 58, 23, 90, 59, 16, 72, 75, 30, 43, 99, 44, 41, 0, 46, 61, 80, 65, 39, 70, 87, 89, 91, 82, 14, 12, 71, 50, 11, 15, 57, 22, 67, 45, 32, 78, 63, 66, 55, 31, 62, 35, 34, 19, 49, 24, 9, 37, 36, 3, 64, 40, 86, 81, 93, 47, 73, 17, 60, 68, 25, 38, 48, 33, 20, 83, 7, 27, 94, 54, 2, 92, 76, 69, 51, 28, 29, 95, 77, 56, 26, 6, 1]
2026-06-23 13:11:25,452 [factory.py] => Loaded ViT-B-16 model config.
2026-06-23 13:11:27,243 [factory.py] => Loading pretrained ViT-B-16 weights (/home/team/zhaohongwei/pretrained_models/open_clip_pytorch_model_laion400m_e32.bin).
2026-06-23 13:11:29,446 [factory.py] => Loaded ViT-B-16 model config.
2026-06-23 13:11:31,075 [factory.py] => Loading pretrained ViT-B-16 weights (/home/team/zhaohongwei/pretrained_models/open_clip_pytorch_model_laion400m_e32.bin).
2026-06-23 13:11:33,005 [rapf.py] => Learning on 0-50
2026-06-23 13:15:29,684 [trainer.py] => CNN: {'total': 63.11, '00-09': 44.28, '10-19': 67.66, '20-29': 66.37, '30-39': 77.84, '40-49': 59.28, 'old': 0, 'new': 63.11, 'harmonic': 0.0}
2026-06-23 13:15:29,685 [trainer.py] => CNN top1 curve: [63.11]
2026-06-23 13:15:29,685 [trainer.py] => CNN top5 curve: [91.66]
2026-06-23 13:15:29,685 [trainer.py] => Average Accuracy (CNN top1): 63.11
2026-06-23 13:15:29,686 [rapf.py] => Learning on 50-60
2026-06-23 13:18:05,072 [trainer.py] => CNN: {'total': 45.6, '00-09': 33.43, '10-19': 58.08, '20-29': 33.33, '30-39': 23.65, '40-49': 53.59, '50-59': 71.47, 'old': 40.43, 'new': 71.47, 'harmonic': 51.64}
2026-06-23 13:18:05,073 [trainer.py] => CNN top1 curve: [63.11, 45.6]
2026-06-23 13:18:05,073 [trainer.py] => CNN top5 curve: [91.66, 79.9]
2026-06-23 13:18:05,073 [trainer.py] => Average Accuracy (CNN top1): 54.355000000000004
2026-06-23 13:18:05,073 [rapf.py] => Learning on 60-70
2026-06-23 13:20:50,575 [trainer.py] => CNN: {'total': 37.37, '00-09': 16.27, '10-19': 50.0, '20-29': 29.13, '30-39': 17.66, '40-49': 39.82, '50-59': 37.54, '60-69': 71.3, 'old': 31.75, 'new': 71.3, 'harmonic': 43.94}
2026-06-23 13:20:50,576 [trainer.py] => CNN top1 curve: [63.11, 45.6, 37.37]
2026-06-23 13:20:50,576 [trainer.py] => CNN top5 curve: [91.66, 79.9, 78.34]
2026-06-23 13:20:50,576 [trainer.py] => Average Accuracy (CNN top1): 48.693333333333335
2026-06-23 13:20:50,576 [rapf.py] => Learning on 70-80
2026-06-23 13:23:50,708 [trainer.py] => CNN: {'total': 33.9, '00-09': 19.28, '10-19': 41.02, '20-29': 7.81, '30-39': 16.77, '40-49': 30.84, '50-59': 37.24, '60-69': 37.16, '70-79': 81.08, 'old': 27.16, 'new': 81.08, 'harmonic': 40.69}
2026-06-23 13:23:50,709 [trainer.py] => CNN top1 curve: [63.11, 45.6, 37.37, 33.9]
2026-06-23 13:23:50,709 [trainer.py] => CNN top5 curve: [91.66, 79.9, 78.34, 72.0]
2026-06-23 13:23:50,709 [trainer.py] => Average Accuracy (CNN top1): 44.995000000000005
2026-06-23 13:23:50,709 [rapf.py] => Learning on 80-90
2026-06-23 13:27:10,266 [trainer.py] => CNN: {'total': 29.39, '00-09': 12.35, '10-19': 32.63, '20-29': 19.52, '30-39': 19.76, '40-49': 27.84, '50-59': 20.12, '60-69': 34.74, '70-79': 27.33, '80-89': 70.06, 'old': 24.29, 'new': 70.06, 'harmonic': 36.07}
2026-06-23 13:27:10,266 [trainer.py] => CNN top1 curve: [63.11, 45.6, 37.37, 33.9, 29.39]
2026-06-23 13:27:10,266 [trainer.py] => CNN top5 curve: [91.66, 79.9, 78.34, 72.0, 69.61]
2026-06-23 13:27:10,266 [trainer.py] => Average Accuracy (CNN top1): 41.874
2026-06-23 13:27:10,267 [rapf.py] => Learning on 90-100
2026-06-23 13:30:42,320 [trainer.py] => CNN: {'total': 28.62, '00-09': 12.65, '10-19': 40.12, '20-29': 19.82, '30-39': 17.96, '40-49': 26.05, '50-59': 22.52, '60-69': 31.12, '70-79': 38.44, '80-89': 24.25, '90-99': 53.13, 'old': 25.88, 'new': 53.13, 'harmonic': 34.81}
2026-06-23 13:30:42,321 [trainer.py] => CNN top1 curve: [63.11, 45.6, 37.37, 33.9, 29.39, 28.62]
2026-06-23 13:30:42,321 [trainer.py] => CNN top5 curve: [91.66, 79.9, 78.34, 72.0, 69.61, 64.99]
2026-06-23 13:30:42,321 [trainer.py] => Average Accuracy (CNN top1): 39.665
