2026-06-23 23:08:13,251 [trainer.py] => config: ./configs/rapf/rapf_cars_B50_Inc10.json
2026-06-23 23:08:13,251 [trainer.py] => prefix: -
2026-06-23 23:08:13,251 [trainer.py] => dataset: cars
2026-06-23 23:08:13,251 [trainer.py] => memory_size: 0
2026-06-23 23:08:13,251 [trainer.py] => memory_per_class: 0
2026-06-23 23:08:13,251 [trainer.py] => fixed_memory: False
2026-06-23 23:08:13,251 [trainer.py] => shuffle: True
2026-06-23 23:08:13,251 [trainer.py] => init_cls: 50
2026-06-23 23:08:13,251 [trainer.py] => increment: 10
2026-06-23 23:08:13,251 [trainer.py] => model_name: rapf
2026-06-23 23:08:13,251 [trainer.py] => backbone_type: clip
2026-06-23 23:08:13,251 [trainer.py] => device: [device(type='cuda', index=4)]
2026-06-23 23:08:13,252 [trainer.py] => seed: 1993
2026-06-23 23:08:13,252 [trainer.py] => batch_size: 128
2026-06-23 23:08:13,252 [trainer.py] => init_lr: 0.001
2026-06-23 23:08:13,252 [trainer.py] => epochs: 10
2026-06-23 23:08:13,252 [trainer.py] => beta: 2
2026-06-23 23:08:13,252 [trainer.py] => mix_bias: 0.6
2026-06-23 23:08:13,252 [trainer.py] => threshold: 0.55
2026-06-23 23:08:13,252 [trainer.py] => total_class_num: 100
2026-06-23 23:08:13,277 [data_manager.py] => [68, 56, 78, 8, 23, 84, 90, 65, 74, 76, 40, 89, 3, 92, 55, 9, 26, 80, 43, 38, 58, 70, 77, 1, 85, 19, 17, 50, 28, 53, 13, 81, 45, 82, 6, 59, 83, 16, 15, 44, 91, 41, 72, 60, 79, 52, 20, 10, 31, 54, 37, 95, 14, 71, 96, 98, 97, 2, 64, 66, 42, 22, 35, 86, 24, 34, 87, 21, 99, 0, 88, 27, 18, 94, 11, 12, 47, 25, 30, 46, 62, 69, 36, 61, 7, 63, 75, 5, 32, 4, 51, 48, 73, 93, 39, 67, 29, 49, 57, 33]
2026-06-23 23:08:13,292 [factory.py] => Loaded ViT-B-16 model config.
2026-06-23 23:08:14,790 [factory.py] => Loading pretrained ViT-B-16 weights (/home/team/zhaohongwei/pretrained_models/open_clip_pytorch_model_laion400m_e32.bin).
2026-06-23 23:08:15,517 [factory.py] => Loaded ViT-B-16 model config.
2026-06-23 23:08:17,012 [factory.py] => Loading pretrained ViT-B-16 weights (/home/team/zhaohongwei/pretrained_models/open_clip_pytorch_model_laion400m_e32.bin).
2026-06-23 23:08:17,502 [rapf.py] => Learning on 0-50
2026-06-23 23:11:04,942 [trainer.py] => CNN: {'total': 91.22, '00-09': 96.46, '10-19': 94.75, '20-29': 91.19, '30-39': 83.42, '40-49': 89.8, 'old': 0, 'new': 91.22, 'harmonic': 0.0}
2026-06-23 23:11:04,942 [trainer.py] => CNN top1 curve: [91.22]
2026-06-23 23:11:04,943 [trainer.py] => CNN top5 curve: [99.75]
2026-06-23 23:11:04,943 [trainer.py] => Average Accuracy (CNN top1): 91.22
2026-06-23 23:11:04,943 [rapf.py] => Learning on 50-60
2026-06-23 23:13:22,205 [trainer.py] => CNN: {'total': 82.99, '00-09': 94.34, '10-19': 77.75, '20-29': 68.33, '30-39': 84.44, '40-49': 76.37, '50-59': 96.37, 'old': 80.27, 'new': 96.37, 'harmonic': 87.59}
2026-06-23 23:13:22,206 [trainer.py] => CNN top1 curve: [91.22, 82.99]
2026-06-23 23:13:22,206 [trainer.py] => CNN top5 curve: [99.75, 99.59]
2026-06-23 23:13:22,206 [trainer.py] => Average Accuracy (CNN top1): 87.10499999999999
2026-06-23 23:13:22,206 [rapf.py] => Learning on 60-70
2026-06-23 23:15:51,934 [trainer.py] => CNN: {'total': 75.91, '00-09': 78.77, '10-19': 85.25, '20-29': 60.24, '30-39': 80.36, '40-49': 63.93, '50-59': 78.45, '60-69': 84.84, 'old': 74.42, 'new': 84.84, 'harmonic': 79.29}
2026-06-23 23:15:51,934 [trainer.py] => CNN top1 curve: [91.22, 82.99, 75.91]
2026-06-23 23:15:51,934 [trainer.py] => CNN top5 curve: [99.75, 99.59, 99.23]
2026-06-23 23:15:51,934 [trainer.py] => Average Accuracy (CNN top1): 83.37333333333332
2026-06-23 23:15:51,934 [rapf.py] => Learning on 70-80
2026-06-23 23:18:31,557 [trainer.py] => CNN: {'total': 75.88, '00-09': 66.27, '10-19': 68.75, '20-29': 80.48, '30-39': 71.94, '40-49': 76.62, '50-59': 77.24, '60-69': 71.88, '70-79': 94.24, 'old': 73.32, 'new': 94.24, 'harmonic': 82.47}
2026-06-23 23:18:31,558 [trainer.py] => CNN top1 curve: [91.22, 82.99, 75.91, 75.88]
2026-06-23 23:18:31,558 [trainer.py] => CNN top5 curve: [99.75, 99.59, 99.23, 99.29]
2026-06-23 23:18:31,558 [trainer.py] => Average Accuracy (CNN top1): 81.5
2026-06-23 23:18:31,558 [rapf.py] => Learning on 80-90
2026-06-23 23:21:32,263 [trainer.py] => CNN: {'total': 72.54, '00-09': 75.24, '10-19': 52.5, '20-29': 82.86, '30-39': 70.15, '40-49': 74.13, '50-59': 66.1, '60-69': 63.33, '70-79': 73.43, '80-89': 93.79, 'old': 69.81, 'new': 93.79, 'harmonic': 80.04}
2026-06-23 23:21:32,264 [trainer.py] => CNN top1 curve: [91.22, 82.99, 75.91, 75.88, 72.54]
2026-06-23 23:21:32,264 [trainer.py] => CNN top5 curve: [99.75, 99.59, 99.23, 99.29, 99.02]
2026-06-23 23:21:32,264 [trainer.py] => Average Accuracy (CNN top1): 79.708
2026-06-23 23:21:32,264 [rapf.py] => Learning on 90-100
2026-06-23 23:24:43,577 [trainer.py] => CNN: {'total': 67.38, '00-09': 70.99, '10-19': 60.5, '20-29': 66.19, '30-39': 70.15, '40-49': 66.67, '50-59': 58.35, '60-69': 62.59, '70-79': 61.9, '80-89': 63.25, '90-99': 93.33, 'old': 64.52, 'new': 93.33, 'harmonic': 76.3}
2026-06-23 23:24:43,577 [trainer.py] => CNN top1 curve: [91.22, 82.99, 75.91, 75.88, 72.54, 67.38]
2026-06-23 23:24:43,577 [trainer.py] => CNN top5 curve: [99.75, 99.59, 99.23, 99.29, 99.02, 97.7]
2026-06-23 23:24:43,577 [trainer.py] => Average Accuracy (CNN top1): 77.65333333333334
