2026-06-23 22:12:28,188 [trainer.py] => config: ./configs/rapf/rapf_cars_B0_Inc10.json
2026-06-23 22:12:28,188 [trainer.py] => prefix: -
2026-06-23 22:12:28,188 [trainer.py] => dataset: cars
2026-06-23 22:12:28,188 [trainer.py] => memory_size: 0
2026-06-23 22:12:28,188 [trainer.py] => memory_per_class: 0
2026-06-23 22:12:28,188 [trainer.py] => fixed_memory: False
2026-06-23 22:12:28,188 [trainer.py] => shuffle: True
2026-06-23 22:12:28,188 [trainer.py] => init_cls: 10
2026-06-23 22:12:28,188 [trainer.py] => increment: 10
2026-06-23 22:12:28,188 [trainer.py] => model_name: rapf
2026-06-23 22:12:28,188 [trainer.py] => backbone_type: clip
2026-06-23 22:12:28,188 [trainer.py] => device: [device(type='cuda', index=4)]
2026-06-23 22:12:28,188 [trainer.py] => seed: 2026
2026-06-23 22:12:28,189 [trainer.py] => batch_size: 128
2026-06-23 22:12:28,189 [trainer.py] => init_lr: 0.001
2026-06-23 22:12:28,189 [trainer.py] => epochs: 10
2026-06-23 22:12:28,189 [trainer.py] => beta: 2
2026-06-23 22:12:28,189 [trainer.py] => mix_bias: 0.6
2026-06-23 22:12:28,189 [trainer.py] => threshold: 0.55
2026-06-23 22:12:28,189 [trainer.py] => total_class_num: 100
2026-06-23 22:12:28,221 [data_manager.py] => [98, 10, 4, 18, 88, 13, 8, 84, 79, 21, 85, 96, 53, 42, 52, 97, 74, 5, 58, 23, 90, 59, 16, 72, 75, 30, 43, 99, 44, 41, 0, 46, 61, 80, 65, 39, 70, 87, 89, 91, 82, 14, 12, 71, 50, 11, 15, 57, 22, 67, 45, 32, 78, 63, 66, 55, 31, 62, 35, 34, 19, 49, 24, 9, 37, 36, 3, 64, 40, 86, 81, 93, 47, 73, 17, 60, 68, 25, 38, 48, 33, 20, 83, 7, 27, 94, 54, 2, 92, 76, 69, 51, 28, 29, 95, 77, 56, 26, 6, 1]
2026-06-23 22:12:28,242 [factory.py] => Loaded ViT-B-16 model config.
2026-06-23 22:12:29,981 [factory.py] => Loading pretrained ViT-B-16 weights (/home/team/zhaohongwei/pretrained_models/open_clip_pytorch_model_laion400m_e32.bin).
2026-06-23 22:12:30,843 [factory.py] => Loaded ViT-B-16 model config.
2026-06-23 22:12:32,443 [factory.py] => Loading pretrained ViT-B-16 weights (/home/team/zhaohongwei/pretrained_models/open_clip_pytorch_model_laion400m_e32.bin).
2026-06-23 22:12:34,294 [rapf.py] => Learning on 0-10
2026-06-23 22:13:43,584 [trainer.py] => CNN: {'total': 95.57, '00-09': 95.57, 'old': 0, 'new': 95.57, 'harmonic': 0.0}
2026-06-23 22:13:43,584 [trainer.py] => CNN top1 curve: [95.57]
2026-06-23 22:13:43,584 [trainer.py] => CNN top5 curve: [100.0]
2026-06-23 22:13:43,584 [trainer.py] => Average Accuracy (CNN top1): 95.57
2026-06-23 22:13:43,584 [rapf.py] => Learning on 10-20
2026-06-23 22:15:05,975 [trainer.py] => CNN: {'total': 95.49, '00-09': 94.83, '10-19': 96.14, 'old': 94.83, 'new': 96.14, 'harmonic': 95.48}
2026-06-23 22:15:05,975 [trainer.py] => CNN top1 curve: [95.57, 95.49]
2026-06-23 22:15:05,975 [trainer.py] => CNN top5 curve: [100.0, 100.0]
2026-06-23 22:15:05,975 [trainer.py] => Average Accuracy (CNN top1): 95.53
2026-06-23 22:15:05,975 [rapf.py] => Learning on 20-30
2026-06-23 22:16:41,194 [trainer.py] => CNN: {'total': 87.35, '00-09': 85.22, '10-19': 89.88, '20-29': 86.88, 'old': 87.58, 'new': 86.88, 'harmonic': 87.23}
2026-06-23 22:16:41,194 [trainer.py] => CNN top1 curve: [95.57, 95.49, 87.35]
2026-06-23 22:16:41,194 [trainer.py] => CNN top5 curve: [100.0, 100.0, 99.67]
2026-06-23 22:16:41,194 [trainer.py] => Average Accuracy (CNN top1): 92.80333333333333
2026-06-23 22:16:41,195 [rapf.py] => Learning on 30-40
2026-06-23 22:18:32,475 [trainer.py] => CNN: {'total': 86.98, '00-09': 87.19, '10-19': 92.53, '20-29': 69.29, '30-39': 97.57, 'old': 83.36, 'new': 97.57, 'harmonic': 89.91}
2026-06-23 22:18:32,475 [trainer.py] => CNN top1 curve: [95.57, 95.49, 87.35, 86.98]
2026-06-23 22:18:32,475 [trainer.py] => CNN top5 curve: [100.0, 100.0, 99.67, 99.5]
2026-06-23 22:18:32,475 [trainer.py] => Average Accuracy (CNN top1): 91.3475
2026-06-23 22:18:32,475 [rapf.py] => Learning on 40-50
2026-06-23 22:20:36,079 [trainer.py] => CNN: {'total': 81.07, '00-09': 85.71, '10-19': 73.98, '20-29': 62.99, '30-39': 87.1, '40-49': 94.39, 'old': 77.68, 'new': 94.39, 'harmonic': 85.22}
2026-06-23 22:20:36,079 [trainer.py] => CNN top1 curve: [95.57, 95.49, 87.35, 86.98, 81.07]
2026-06-23 22:20:36,079 [trainer.py] => CNN top5 curve: [100.0, 100.0, 99.67, 99.5, 98.17]
2026-06-23 22:20:36,079 [trainer.py] => Average Accuracy (CNN top1): 89.292
2026-06-23 22:20:36,079 [rapf.py] => Learning on 50-60
2026-06-23 22:22:57,333 [trainer.py] => CNN: {'total': 84.71, '00-09': 84.98, '10-19': 81.45, '20-29': 75.59, '30-39': 87.83, '40-49': 80.73, '50-59': 96.88, 'old': 82.2, 'new': 96.88, 'harmonic': 88.94}
2026-06-23 22:22:57,334 [trainer.py] => CNN top1 curve: [95.57, 95.49, 87.35, 86.98, 81.07, 84.71]
2026-06-23 22:22:57,334 [trainer.py] => CNN top5 curve: [100.0, 100.0, 99.67, 99.5, 98.17, 99.67]
2026-06-23 22:22:57,334 [trainer.py] => Average Accuracy (CNN top1): 88.52833333333332
2026-06-23 22:22:57,334 [rapf.py] => Learning on 60-70
2026-06-23 22:25:27,981 [trainer.py] => CNN: {'total': 77.97, '00-09': 58.62, '10-19': 84.82, '20-29': 74.8, '30-39': 93.43, '40-49': 59.76, '50-59': 78.37, '60-69': 95.39, 'old': 75.03, 'new': 95.39, 'harmonic': 83.99}
2026-06-23 22:25:27,982 [trainer.py] => CNN top1 curve: [95.57, 95.49, 87.35, 86.98, 81.07, 84.71, 77.97]
2026-06-23 22:25:27,982 [trainer.py] => CNN top5 curve: [100.0, 100.0, 99.67, 99.5, 98.17, 99.67, 99.3]
2026-06-23 22:25:27,982 [trainer.py] => Average Accuracy (CNN top1): 87.02
2026-06-23 22:25:27,982 [rapf.py] => Learning on 70-80
2026-06-23 22:28:14,912 [trainer.py] => CNN: {'total': 72.45, '00-09': 66.26, '10-19': 76.63, '20-29': 53.28, '30-39': 81.02, '40-49': 54.15, '50-59': 78.37, '60-69': 74.27, '70-79': 95.13, 'old': 69.34, 'new': 95.13, 'harmonic': 80.21}
2026-06-23 22:28:14,912 [trainer.py] => CNN top1 curve: [95.57, 95.49, 87.35, 86.98, 81.07, 84.71, 77.97, 72.45]
2026-06-23 22:28:14,912 [trainer.py] => CNN top5 curve: [100.0, 100.0, 99.67, 99.5, 98.17, 99.67, 99.3, 99.29]
2026-06-23 22:28:14,912 [trainer.py] => Average Accuracy (CNN top1): 85.19875
2026-06-23 22:28:14,913 [rapf.py] => Learning on 80-90
2026-06-23 22:31:21,112 [trainer.py] => CNN: {'total': 70.52, '00-09': 72.41, '10-19': 71.08, '20-29': 45.41, '30-39': 80.29, '40-49': 61.22, '50-59': 71.39, '60-69': 57.28, '70-79': 79.49, '80-89': 94.27, 'old': 67.45, 'new': 94.27, 'harmonic': 78.64}
2026-06-23 22:31:21,112 [trainer.py] => CNN top1 curve: [95.57, 95.49, 87.35, 86.98, 81.07, 84.71, 77.97, 72.45, 70.52]
2026-06-23 22:31:21,112 [trainer.py] => CNN top5 curve: [100.0, 100.0, 99.67, 99.5, 98.17, 99.67, 99.3, 99.29, 97.68]
2026-06-23 22:31:21,112 [trainer.py] => Average Accuracy (CNN top1): 83.56777777777778
2026-06-23 22:31:21,112 [rapf.py] => Learning on 90-100
2026-06-23 22:34:40,977 [trainer.py] => CNN: {'total': 68.63, '00-09': 51.97, '10-19': 65.3, '20-29': 63.78, '30-39': 77.62, '40-49': 68.78, '50-59': 75.48, '60-69': 64.08, '70-79': 62.56, '80-89': 58.0, '90-99': 97.16, 'old': 65.33, 'new': 97.16, 'harmonic': 78.13}
2026-06-23 22:34:40,978 [trainer.py] => CNN top1 curve: [95.57, 95.49, 87.35, 86.98, 81.07, 84.71, 77.97, 72.45, 70.52, 68.63]
2026-06-23 22:34:40,978 [trainer.py] => CNN top5 curve: [100.0, 100.0, 99.67, 99.5, 98.17, 99.67, 99.3, 99.29, 97.68, 97.97]
2026-06-23 22:34:40,978 [trainer.py] => Average Accuracy (CNN top1): 82.074
