2026-06-24 05:47:02,219 [trainer.py] => config: ./configs/rapf/rapf_cub_B100_Inc20.json
2026-06-24 05:47:02,219 [trainer.py] => prefix: -
2026-06-24 05:47:02,219 [trainer.py] => dataset: cub
2026-06-24 05:47:02,219 [trainer.py] => memory_size: 0
2026-06-24 05:47:02,219 [trainer.py] => memory_per_class: 0
2026-06-24 05:47:02,219 [trainer.py] => fixed_memory: False
2026-06-24 05:47:02,219 [trainer.py] => shuffle: True
2026-06-24 05:47:02,219 [trainer.py] => init_cls: 100
2026-06-24 05:47:02,219 [trainer.py] => increment: 20
2026-06-24 05:47:02,219 [trainer.py] => model_name: rapf
2026-06-24 05:47:02,219 [trainer.py] => backbone_type: clip
2026-06-24 05:47:02,219 [trainer.py] => device: [device(type='cuda', index=4)]
2026-06-24 05:47:02,219 [trainer.py] => seed: 0
2026-06-24 05:47:02,219 [trainer.py] => batch_size: 128
2026-06-24 05:47:02,219 [trainer.py] => init_lr: 0.001
2026-06-24 05:47:02,219 [trainer.py] => epochs: 10
2026-06-24 05:47:02,219 [trainer.py] => beta: 2
2026-06-24 05:47:02,219 [trainer.py] => mix_bias: 0.6
2026-06-24 05:47:02,219 [trainer.py] => threshold: 0.55
2026-06-24 05:47:02,219 [trainer.py] => total_class_num: 200
2026-06-24 05:47:02,356 [data_manager.py] => [18, 170, 107, 98, 177, 182, 5, 146, 12, 152, 61, 125, 180, 154, 80, 7, 33, 130, 37, 74, 183, 145, 45, 159, 60, 123, 179, 185, 122, 44, 16, 55, 150, 111, 22, 189, 129, 4, 83, 106, 134, 66, 26, 113, 168, 63, 8, 75, 118, 143, 71, 124, 184, 97, 149, 24, 30, 160, 40, 56, 131, 96, 181, 19, 153, 92, 54, 163, 51, 86, 139, 90, 137, 101, 144, 89, 109, 14, 27, 141, 187, 46, 138, 195, 108, 62, 2, 59, 136, 197, 43, 10, 194, 73, 196, 178, 175, 126, 93, 112, 158, 191, 50, 0, 94, 110, 95, 64, 167, 41, 69, 49, 48, 85, 13, 161, 23, 186, 135, 20, 15, 78, 104, 52, 100, 76, 3, 116, 164, 198, 6, 68, 84, 121, 155, 171, 156, 91, 199, 11, 119, 102, 35, 57, 65, 1, 120, 162, 42, 105, 132, 173, 17, 38, 133, 53, 157, 128, 34, 28, 114, 151, 31, 166, 127, 176, 32, 142, 169, 147, 29, 99, 82, 79, 115, 148, 193, 72, 77, 25, 165, 81, 188, 174, 190, 39, 58, 140, 88, 70, 87, 36, 21, 9, 103, 67, 192, 117, 47, 172]
2026-06-24 05:47:03,813 [instantiator.py] => Created a temporary directory at /tmp/tmpxb2x_5lf
2026-06-24 05:47:03,814 [instantiator.py] => Writing /tmp/tmpxb2x_5lf/_remote_module_non_scriptable.py
2026-06-24 05:47:03,993 [factory.py] => Loaded ViT-B-16 model config.
2026-06-24 05:47:06,235 [factory.py] => Loading pretrained ViT-B-16 weights (/home/team/zhaohongwei/pretrained_models/open_clip_pytorch_model_laion400m_e32.bin).
2026-06-24 05:47:07,700 [factory.py] => Loaded ViT-B-16 model config.
2026-06-24 05:47:09,956 [factory.py] => Loading pretrained ViT-B-16 weights (/home/team/zhaohongwei/pretrained_models/open_clip_pytorch_model_laion400m_e32.bin).
2026-06-24 05:47:12,322 [rapf.py] => Learning on 0-100
2026-06-24 05:50:55,020 [trainer.py] => CNN: {'total': 85.29, '00-09': 80.53, '10-19': 80.34, '20-29': 86.67, '30-39': 88.66, '40-49': 79.53, '50-59': 86.21, '60-69': 92.31, '70-79': 88.89, '80-89': 88.89, '90-99': 81.13, 'old': 0, 'new': 85.29, 'harmonic': 0.0}
2026-06-24 05:50:55,020 [trainer.py] => CNN top1 curve: [85.29]
2026-06-24 05:50:55,021 [trainer.py] => CNN top5 curve: [97.45]
2026-06-24 05:50:55,021 [trainer.py] => Average Accuracy (CNN top1): 85.29
2026-06-24 05:50:55,021 [rapf.py] => Learning on 100-120
2026-06-24 05:52:44,356 [trainer.py] => CNN: {'total': 70.28, '00-09': 74.34, '10-19': 61.54, '20-29': 75.0, '30-39': 54.64, '40-49': 59.06, '50-59': 67.59, '60-69': 70.09, '70-79': 79.49, '80-89': 59.83, '90-99': 61.32, '100-109': 88.5, '110-119': 91.23, 'old': 66.5, 'new': 89.87, 'harmonic': 76.44}
2026-06-24 05:52:44,357 [trainer.py] => CNN top1 curve: [85.29, 70.28]
2026-06-24 05:52:44,357 [trainer.py] => CNN top5 curve: [97.45, 93.66]
2026-06-24 05:52:44,357 [trainer.py] => Average Accuracy (CNN top1): 77.785
2026-06-24 05:52:44,357 [rapf.py] => Learning on 120-140
2026-06-24 05:54:42,837 [trainer.py] => CNN: {'total': 68.75, '00-09': 52.21, '10-19': 57.26, '20-29': 59.17, '30-39': 51.55, '40-49': 57.48, '50-59': 60.69, '60-69': 64.1, '70-79': 83.76, '80-89': 66.67, '90-99': 61.32, '100-109': 87.61, '110-119': 74.56, '120-129': 91.41, '130-139': 91.67, 'old': 64.72, 'new': 91.53, 'harmonic': 75.82}
2026-06-24 05:54:42,837 [trainer.py] => CNN top1 curve: [85.29, 70.28, 68.75]
2026-06-24 05:54:42,838 [trainer.py] => CNN top5 curve: [97.45, 93.66, 94.06]
2026-06-24 05:54:42,838 [trainer.py] => Average Accuracy (CNN top1): 74.77333333333333
2026-06-24 05:54:42,838 [rapf.py] => Learning on 140-160
2026-06-24 05:56:54,335 [trainer.py] => CNN: {'total': 60.26, '00-09': 56.64, '10-19': 43.59, '20-29': 53.33, '30-39': 37.11, '40-49': 48.82, '50-59': 41.38, '60-69': 60.68, '70-79': 55.56, '80-89': 76.92, '90-99': 59.43, '100-109': 56.64, '110-119': 63.16, '120-129': 76.56, '130-139': 65.0, '140-149': 77.88, '150-159': 90.55, 'old': 56.81, 'new': 84.85, 'harmonic': 68.05}
2026-06-24 05:56:54,335 [trainer.py] => CNN top1 curve: [85.29, 70.28, 68.75, 60.26]
2026-06-24 05:56:54,335 [trainer.py] => CNN top5 curve: [97.45, 93.66, 94.06, 89.85]
2026-06-24 05:56:54,335 [trainer.py] => Average Accuracy (CNN top1): 71.145
2026-06-24 05:56:54,335 [rapf.py] => Learning on 160-180
2026-06-24 05:59:16,154 [trainer.py] => CNN: {'total': 60.02, '00-09': 53.1, '10-19': 44.44, '20-29': 58.33, '30-39': 35.05, '40-49': 44.09, '50-59': 46.9, '60-69': 80.34, '70-79': 52.99, '80-89': 77.78, '90-99': 49.06, '100-109': 44.25, '110-119': 65.79, '120-129': 64.84, '130-139': 56.67, '140-149': 54.81, '150-159': 74.02, '160-169': 83.06, '170-179': 90.43, 'old': 56.64, 'new': 86.61, 'harmonic': 68.49}
2026-06-24 05:59:16,154 [trainer.py] => CNN top1 curve: [85.29, 70.28, 68.75, 60.26, 60.02]
2026-06-24 05:59:16,154 [trainer.py] => CNN top5 curve: [97.45, 93.66, 94.06, 89.85, 90.15]
2026-06-24 05:59:16,154 [trainer.py] => Average Accuracy (CNN top1): 68.91999999999999
2026-06-24 05:59:16,154 [rapf.py] => Learning on 180-200
2026-06-24 06:01:50,745 [trainer.py] => CNN: {'total': 57.25, '00-09': 58.41, '10-19': 29.91, '20-29': 56.67, '30-39': 44.33, '40-49': 37.8, '50-59': 55.86, '60-69': 86.32, '70-79': 43.59, '80-89': 51.28, '90-99': 47.17, '100-109': 56.64, '110-119': 71.93, '120-129': 50.78, '130-139': 50.0, '140-149': 39.42, '150-159': 55.12, '160-169': 54.84, '170-179': 73.91, '180-189': 91.07, '190-199': 88.0, 'old': 53.65, 'new': 89.45, 'harmonic': 67.07}
2026-06-24 06:01:50,745 [trainer.py] => CNN top1 curve: [85.29, 70.28, 68.75, 60.26, 60.02, 57.25]
2026-06-24 06:01:50,745 [trainer.py] => CNN top5 curve: [97.45, 93.66, 94.06, 89.85, 90.15, 88.51]
2026-06-24 06:01:50,745 [trainer.py] => Average Accuracy (CNN top1): 66.975
