2026-06-25 01:25:35,153 [trainer.py] => config: ./configs/rapf/rapf_food_B0_Inc10.json
2026-06-25 01:25:35,153 [trainer.py] => prefix: -
2026-06-25 01:25:35,153 [trainer.py] => dataset: food101
2026-06-25 01:25:35,153 [trainer.py] => memory_size: 0
2026-06-25 01:25:35,153 [trainer.py] => memory_per_class: 0
2026-06-25 01:25:35,153 [trainer.py] => fixed_memory: False
2026-06-25 01:25:35,154 [trainer.py] => shuffle: True
2026-06-25 01:25:35,154 [trainer.py] => init_cls: 10
2026-06-25 01:25:35,154 [trainer.py] => increment: 10
2026-06-25 01:25:35,154 [trainer.py] => model_name: rapf
2026-06-25 01:25:35,154 [trainer.py] => backbone_type: clip
2026-06-25 01:25:35,154 [trainer.py] => device: [device(type='cuda', index=4)]
2026-06-25 01:25:35,154 [trainer.py] => seed: 0
2026-06-25 01:25:35,154 [trainer.py] => batch_size: 128
2026-06-25 01:25:35,154 [trainer.py] => init_lr: 0.001
2026-06-25 01:25:35,154 [trainer.py] => epochs: 10
2026-06-25 01:25:35,154 [trainer.py] => beta: 2
2026-06-25 01:25:35,154 [trainer.py] => mix_bias: 0.6
2026-06-25 01:25:35,154 [trainer.py] => threshold: 0.55
2026-06-25 01:25:35,154 [trainer.py] => total_class_num: 100
2026-06-25 01:25:35,531 [data_manager.py] => [26, 86, 2, 55, 75, 93, 16, 73, 54, 95, 53, 92, 78, 13, 7, 30, 22, 24, 33, 8, 43, 62, 3, 71, 45, 48, 6, 99, 82, 76, 60, 80, 90, 68, 51, 27, 18, 56, 63, 74, 1, 61, 42, 41, 4, 15, 17, 40, 38, 5, 91, 59, 0, 34, 28, 50, 11, 35, 23, 52, 10, 31, 66, 57, 79, 85, 32, 84, 14, 89, 19, 29, 49, 97, 98, 69, 20, 94, 72, 77, 25, 37, 81, 46, 39, 65, 58, 12, 88, 70, 87, 36, 21, 83, 9, 96, 67, 64, 47, 44]
2026-06-25 01:25:37,079 [instantiator.py] => Created a temporary directory at /tmp/tmpijhde83o
2026-06-25 01:25:37,079 [instantiator.py] => Writing /tmp/tmpijhde83o/_remote_module_non_scriptable.py
2026-06-25 01:25:37,251 [factory.py] => Loaded ViT-B-16 model config.
2026-06-25 01:25:38,878 [factory.py] => Loading pretrained ViT-B-16 weights (/home/team/zhaohongwei/pretrained_models/open_clip_pytorch_model_laion400m_e32.bin).
2026-06-25 01:25:39,623 [factory.py] => Loaded ViT-B-16 model config.
2026-06-25 01:25:41,275 [factory.py] => Loading pretrained ViT-B-16 weights (/home/team/zhaohongwei/pretrained_models/open_clip_pytorch_model_laion400m_e32.bin).
2026-06-25 01:25:42,496 [rapf.py] => Learning on 0-10
2026-06-25 01:31:13,719 [trainer.py] => CNN: {'total': 96.09, '00-09': 96.09, 'old': 0, 'new': 96.09, 'harmonic': 0.0}
2026-06-25 01:31:13,719 [trainer.py] => CNN top1 curve: [96.09]
2026-06-25 01:31:13,720 [trainer.py] => CNN top5 curve: [99.8]
2026-06-25 01:31:13,720 [trainer.py] => Average Accuracy (CNN top1): 96.09
2026-06-25 01:31:13,720 [rapf.py] => Learning on 10-20
2026-06-25 01:37:57,422 [trainer.py] => CNN: {'total': 93.95, '00-09': 95.74, '10-19': 92.15, 'old': 95.74, 'new': 92.15, 'harmonic': 93.91}
2026-06-25 01:37:57,422 [trainer.py] => CNN top1 curve: [96.09, 93.95]
2026-06-25 01:37:57,422 [trainer.py] => CNN top5 curve: [99.8, 99.42]
2026-06-25 01:37:57,422 [trainer.py] => Average Accuracy (CNN top1): 95.02000000000001
2026-06-25 01:37:57,423 [rapf.py] => Learning on 20-30
2026-06-25 01:45:48,072 [trainer.py] => CNN: {'total': 93.27, '00-09': 94.03, '10-19': 93.62, '20-29': 92.21, 'old': 93.82, 'new': 92.21, 'harmonic': 93.01}
2026-06-25 01:45:48,072 [trainer.py] => CNN top1 curve: [96.09, 93.95, 93.27]
2026-06-25 01:45:48,072 [trainer.py] => CNN top5 curve: [99.8, 99.42, 99.19]
2026-06-25 01:45:48,073 [trainer.py] => Average Accuracy (CNN top1): 94.43666666666667
2026-06-25 01:45:48,073 [rapf.py] => Learning on 30-40
2026-06-25 01:54:45,928 [trainer.py] => CNN: {'total': 92.72, '00-09': 93.18, '10-19': 92.05, '20-29': 92.6, '30-39': 93.05, 'old': 92.61, 'new': 93.05, 'harmonic': 92.83}
2026-06-25 01:54:45,929 [trainer.py] => CNN top1 curve: [96.09, 93.95, 93.27, 92.72]
2026-06-25 01:54:45,929 [trainer.py] => CNN top5 curve: [99.8, 99.42, 99.19, 98.95]
2026-06-25 01:54:45,929 [trainer.py] => Average Accuracy (CNN top1): 94.0075
2026-06-25 01:54:45,929 [rapf.py] => Learning on 40-50
2026-06-25 02:05:10,027 [trainer.py] => CNN: {'total': 90.48, '00-09': 91.42, '10-19': 90.78, '20-29': 89.85, '30-39': 92.12, '40-49': 88.24, 'old': 91.04, 'new': 88.24, 'harmonic': 89.62}
2026-06-25 02:05:10,028 [trainer.py] => CNN top1 curve: [96.09, 93.95, 93.27, 92.72, 90.48]
2026-06-25 02:05:10,028 [trainer.py] => CNN top5 curve: [99.8, 99.42, 99.19, 98.95, 98.44]
2026-06-25 02:05:10,029 [trainer.py] => Average Accuracy (CNN top1): 93.30199999999999
2026-06-25 02:05:10,029 [rapf.py] => Learning on 50-60
2026-06-25 02:16:51,012 [trainer.py] => CNN: {'total': 89.56, '00-09': 90.77, '10-19': 89.56, '20-29': 87.72, '30-39': 90.75, '40-49': 87.54, '50-59': 91.09, 'old': 89.26, 'new': 91.09, 'harmonic': 90.17}
2026-06-25 02:16:51,013 [trainer.py] => CNN top1 curve: [96.09, 93.95, 93.27, 92.72, 90.48, 89.56]
2026-06-25 02:16:51,013 [trainer.py] => CNN top5 curve: [99.8, 99.42, 99.19, 98.95, 98.44, 98.24]
2026-06-25 02:16:51,013 [trainer.py] => Average Accuracy (CNN top1): 92.67833333333333
2026-06-25 02:16:51,013 [rapf.py] => Learning on 60-70
2026-06-25 02:29:27,764 [trainer.py] => CNN: {'total': 88.12, '00-09': 86.85, '10-19': 88.45, '20-29': 85.74, '30-39': 90.75, '40-49': 86.7, '50-59': 87.72, '60-69': 90.67, 'old': 87.7, 'new': 90.67, 'harmonic': 89.16}
2026-06-25 02:29:27,764 [trainer.py] => CNN top1 curve: [96.09, 93.95, 93.27, 92.72, 90.48, 89.56, 88.12]
2026-06-25 02:29:27,764 [trainer.py] => CNN top5 curve: [99.8, 99.42, 99.19, 98.95, 98.44, 98.24, 97.89]
2026-06-25 02:29:27,764 [trainer.py] => Average Accuracy (CNN top1): 92.02714285714285
2026-06-25 02:29:27,764 [rapf.py] => Learning on 70-80
2026-06-25 02:43:36,786 [trainer.py] => CNN: {'total': 87.37, '00-09': 86.6, '10-19': 87.08, '20-29': 86.12, '30-39': 89.87, '40-49': 84.26, '50-59': 85.81, '60-69': 86.31, '70-79': 93.08, 'old': 86.58, 'new': 93.08, 'harmonic': 89.71}
2026-06-25 02:43:36,786 [trainer.py] => CNN top1 curve: [96.09, 93.95, 93.27, 92.72, 90.48, 89.56, 88.12, 87.37]
2026-06-25 02:43:36,787 [trainer.py] => CNN top5 curve: [99.8, 99.42, 99.19, 98.95, 98.44, 98.24, 97.89, 97.54]
2026-06-25 02:43:36,787 [trainer.py] => Average Accuracy (CNN top1): 91.445
2026-06-25 02:43:36,787 [rapf.py] => Learning on 80-90
2026-06-25 02:59:02,362 [trainer.py] => CNN: {'total': 86.07, '00-09': 83.79, '10-19': 85.06, '20-29': 85.35, '30-39': 89.08, '40-49': 83.71, '50-59': 85.0, '60-69': 84.05, '70-79': 86.42, '80-89': 92.16, 'old': 85.32, 'new': 92.16, 'harmonic': 88.61}
2026-06-25 02:59:02,362 [trainer.py] => CNN top1 curve: [96.09, 93.95, 93.27, 92.72, 90.48, 89.56, 88.12, 87.37, 86.07]
2026-06-25 02:59:02,363 [trainer.py] => CNN top5 curve: [99.8, 99.42, 99.19, 98.95, 98.44, 98.24, 97.89, 97.54, 97.24]
2026-06-25 02:59:02,363 [trainer.py] => Average Accuracy (CNN top1): 90.84777777777776
2026-06-25 02:59:02,363 [rapf.py] => Learning on 90-100
2026-06-25 03:15:47,622 [trainer.py] => CNN: {'total': 85.11, '00-09': 83.54, '10-19': 84.9, '20-29': 82.69, '30-39': 88.4, '40-49': 84.45, '50-59': 85.15, '60-69': 82.25, '70-79': 84.0, '80-89': 86.23, '90-99': 89.38, 'old': 84.63, 'new': 89.38, 'harmonic': 86.94}
2026-06-25 03:15:47,622 [trainer.py] => CNN top1 curve: [96.09, 93.95, 93.27, 92.72, 90.48, 89.56, 88.12, 87.37, 86.07, 85.11]
2026-06-25 03:15:47,622 [trainer.py] => CNN top5 curve: [99.8, 99.42, 99.19, 98.95, 98.44, 98.24, 97.89, 97.54, 97.24, 96.99]
2026-06-25 03:15:47,622 [trainer.py] => Average Accuracy (CNN top1): 90.27399999999999
