2026-06-26 22:16:11,491 [trainer.py] => config: ./configs/rapf/rapf_objectnet_B100_Inc20.json
2026-06-26 22:16:11,491 [trainer.py] => prefix: -
2026-06-26 22:16:11,491 [trainer.py] => dataset: objectnet
2026-06-26 22:16:11,491 [trainer.py] => memory_size: 0
2026-06-26 22:16:11,491 [trainer.py] => memory_per_class: 0
2026-06-26 22:16:11,491 [trainer.py] => fixed_memory: False
2026-06-26 22:16:11,491 [trainer.py] => shuffle: True
2026-06-26 22:16:11,491 [trainer.py] => init_cls: 100
2026-06-26 22:16:11,491 [trainer.py] => increment: 20
2026-06-26 22:16:11,491 [trainer.py] => model_name: rapf
2026-06-26 22:16:11,491 [trainer.py] => backbone_type: clip
2026-06-26 22:16:11,491 [trainer.py] => device: [device(type='cuda', index=4)]
2026-06-26 22:16:11,491 [trainer.py] => seed: 1993
2026-06-26 22:16:11,491 [trainer.py] => batch_size: 128
2026-06-26 22:16:11,491 [trainer.py] => init_lr: 0.001
2026-06-26 22:16:11,491 [trainer.py] => epochs: 10
2026-06-26 22:16:11,491 [trainer.py] => beta: 2
2026-06-26 22:16:11,492 [trainer.py] => mix_bias: 0.6
2026-06-26 22:16:11,492 [trainer.py] => threshold: 0.55
2026-06-26 22:16:11,492 [trainer.py] => total_class_num: 200
2026-06-26 22:16:11,598 [data_manager.py] => [168, 136, 51, 9, 183, 101, 171, 99, 42, 159, 191, 70, 16, 188, 27, 10, 175, 26, 68, 187, 98, 6, 85, 35, 112, 43, 100, 0, 103, 181, 88, 59, 4, 2, 116, 174, 94, 80, 106, 1, 147, 17, 141, 131, 72, 23, 173, 54, 197, 118, 87, 32, 79, 104, 91, 19, 135, 107, 178, 36, 11, 199, 142, 8, 122, 3, 28, 57, 153, 172, 190, 56, 49, 44, 97, 62, 151, 169, 194, 55, 192, 12, 189, 78, 66, 180, 15, 137, 109, 134, 92, 119, 126, 52, 170, 40, 148, 65, 144, 64, 138, 45, 77, 89, 154, 90, 71, 193, 74, 30, 113, 143, 96, 84, 67, 50, 186, 156, 69, 21, 18, 111, 108, 58, 125, 157, 150, 110, 182, 129, 166, 83, 81, 60, 13, 165, 14, 176, 63, 117, 5, 22, 145, 121, 38, 41, 82, 127, 114, 20, 31, 53, 37, 163, 196, 130, 152, 162, 86, 76, 24, 34, 184, 149, 33, 128, 198, 155, 146, 167, 139, 120, 140, 102, 47, 25, 158, 123, 46, 164, 61, 7, 115, 75, 133, 160, 105, 132, 179, 124, 48, 73, 93, 39, 95, 195, 29, 177, 185, 161]
2026-06-26 22:16:11,711 [factory.py] => Loaded ViT-B-16 model config.
2026-06-26 22:16:13,581 [factory.py] => Loading pretrained ViT-B-16 weights (/home/team/zhaohongwei/pretrained_models/open_clip_pytorch_model_laion400m_e32.bin).
2026-06-26 22:16:15,355 [factory.py] => Loaded ViT-B-16 model config.
2026-06-26 22:16:16,949 [factory.py] => Loading pretrained ViT-B-16 weights (/home/team/zhaohongwei/pretrained_models/open_clip_pytorch_model_laion400m_e32.bin).
2026-06-26 22:16:18,210 [rapf.py] => Learning on 0-100
2026-06-26 23:31:08,007 [trainer.py] => CNN: {'total': 57.95, '00-09': 60.14, '10-19': 66.08, '20-29': 53.11, '30-39': 64.98, '40-49': 61.16, '50-59': 56.21, '60-69': 58.52, '70-79': 46.22, '80-89': 50.2, '90-99': 61.54, 'old': 0, 'new': 57.95, 'harmonic': 0.0}
2026-06-26 23:31:08,007 [trainer.py] => CNN top1 curve: [57.95]
2026-06-26 23:31:08,007 [trainer.py] => CNN top5 curve: [81.68]
2026-06-26 23:31:08,007 [trainer.py] => Average Accuracy (CNN top1): 57.95
2026-06-26 23:31:08,007 [rapf.py] => Learning on 100-120
2026-06-27 00:04:45,273 [trainer.py] => CNN: {'total': 51.39, '00-09': 54.01, '10-19': 54.2, '20-29': 47.2, '30-39': 55.84, '40-49': 56.88, '50-59': 42.48, '60-69': 41.48, '70-79': 39.27, '80-89': 40.0, '90-99': 51.78, '100-109': 62.3, '110-119': 67.56, 'old': 48.53, 'new': 65.19, 'harmonic': 55.64}
2026-06-27 00:04:45,273 [trainer.py] => CNN top1 curve: [57.95, 51.39]
2026-06-27 00:04:45,273 [trainer.py] => CNN top5 curve: [81.68, 76.7]
2026-06-27 00:04:45,273 [trainer.py] => Average Accuracy (CNN top1): 54.67
2026-06-27 00:04:45,273 [rapf.py] => Learning on 120-140
2026-06-27 00:44:07,939 [trainer.py] => CNN: {'total': 46.17, '00-09': 43.63, '10-19': 49.65, '20-29': 35.4, '30-39': 52.37, '40-49': 48.32, '50-59': 48.04, '60-69': 41.76, '70-79': 31.42, '80-89': 41.57, '90-99': 47.04, '100-109': 44.59, '110-119': 34.85, '120-129': 60.82, '130-139': 69.04, 'old': 43.03, 'new': 64.81, 'harmonic': 51.72}
2026-06-27 00:44:07,939 [trainer.py] => CNN top1 curve: [57.95, 51.39, 46.17]
2026-06-27 00:44:07,939 [trainer.py] => CNN top5 curve: [81.68, 76.7, 72.62]
2026-06-27 00:44:07,939 [trainer.py] => Average Accuracy (CNN top1): 51.836666666666666
2026-06-27 00:44:07,939 [rapf.py] => Learning on 140-160
2026-06-27 01:23:47,652 [trainer.py] => CNN: {'total': 44.07, '00-09': 45.28, '10-19': 44.41, '20-29': 37.89, '30-39': 53.31, '40-49': 44.95, '50-59': 41.83, '60-69': 34.34, '70-79': 33.84, '80-89': 36.86, '90-99': 47.34, '100-109': 34.1, '110-119': 35.66, '120-129': 42.98, '130-139': 46.75, '140-149': 57.91, '150-159': 63.54, 'old': 41.43, 'new': 60.68, 'harmonic': 49.24}
2026-06-27 01:23:47,652 [trainer.py] => CNN top1 curve: [57.95, 51.39, 46.17, 44.07]
2026-06-27 01:23:47,652 [trainer.py] => CNN top5 curve: [81.68, 76.7, 72.62, 71.56]
2026-06-27 01:23:47,652 [trainer.py] => Average Accuracy (CNN top1): 49.894999999999996
2026-06-27 01:23:47,652 [rapf.py] => Learning on 160-180
2026-06-27 02:05:18,477 [trainer.py] => CNN: {'total': 38.85, '00-09': 32.78, '10-19': 39.16, '20-29': 36.02, '30-39': 53.31, '40-49': 43.12, '50-59': 42.81, '60-69': 34.34, '70-79': 24.77, '80-89': 34.51, '90-99': 46.15, '100-109': 39.67, '110-119': 25.47, '120-129': 30.41, '130-139': 41.8, '140-149': 33.78, '150-159': 27.35, '160-169': 64.13, '170-179': 57.33, 'old': 36.26, 'new': 60.89, 'harmonic': 45.45}
2026-06-27 02:05:18,478 [trainer.py] => CNN top1 curve: [57.95, 51.39, 46.17, 44.07, 38.85]
2026-06-27 02:05:18,478 [trainer.py] => CNN top5 curve: [81.68, 76.7, 72.62, 71.56, 66.05]
2026-06-27 02:05:18,478 [trainer.py] => Average Accuracy (CNN top1): 47.68599999999999
2026-06-27 02:05:18,478 [rapf.py] => Learning on 180-200
2026-06-27 02:51:00,996 [trainer.py] => CNN: {'total': 35.83, '00-09': 35.38, '10-19': 42.31, '20-29': 28.57, '30-39': 50.79, '40-49': 41.59, '50-59': 31.37, '60-69': 31.32, '70-79': 27.79, '80-89': 30.98, '90-99': 44.67, '100-109': 20.66, '110-119': 30.03, '120-129': 21.05, '130-139': 30.65, '140-149': 27.61, '150-159': 26.52, '160-169': 38.3, '170-179': 34.67, '180-189': 63.76, '190-199': 61.81, 'old': 32.91, 'new': 62.67, 'harmonic': 43.16}
2026-06-27 02:51:00,996 [trainer.py] => CNN top1 curve: [57.95, 51.39, 46.17, 44.07, 38.85, 35.83]
2026-06-27 02:51:00,996 [trainer.py] => CNN top5 curve: [81.68, 76.7, 72.62, 71.56, 66.05, 64.35]
2026-06-27 02:51:00,996 [trainer.py] => Average Accuracy (CNN top1): 45.71
