2026-06-24 21:38:05,278 [trainer.py] => config: ./configs/rapf/rapf_sun_B150_Inc30.json
2026-06-24 21:38:05,278 [trainer.py] => prefix: -
2026-06-24 21:38:05,278 [trainer.py] => dataset: sun
2026-06-24 21:38:05,278 [trainer.py] => memory_size: 0
2026-06-24 21:38:05,278 [trainer.py] => memory_per_class: 0
2026-06-24 21:38:05,278 [trainer.py] => fixed_memory: False
2026-06-24 21:38:05,278 [trainer.py] => shuffle: True
2026-06-24 21:38:05,278 [trainer.py] => init_cls: 150
2026-06-24 21:38:05,278 [trainer.py] => increment: 30
2026-06-24 21:38:05,278 [trainer.py] => model_name: rapf
2026-06-24 21:38:05,278 [trainer.py] => backbone_type: clip
2026-06-24 21:38:05,278 [trainer.py] => device: [device(type='cuda', index=4)]
2026-06-24 21:38:05,278 [trainer.py] => seed: 1993
2026-06-24 21:38:05,278 [trainer.py] => batch_size: 128
2026-06-24 21:38:05,279 [trainer.py] => init_lr: 0.001
2026-06-24 21:38:05,279 [trainer.py] => epochs: 10
2026-06-24 21:38:05,279 [trainer.py] => beta: 2
2026-06-24 21:38:05,279 [trainer.py] => mix_bias: 0.6
2026-06-24 21:38:05,279 [trainer.py] => threshold: 0.55
2026-06-24 21:38:05,279 [trainer.py] => total_class_num: 300
2026-06-24 21:38:05,535 [data_manager.py] => [169, 221, 146, 296, 92, 229, 49, 70, 126, 77, 243, 57, 120, 223, 27, 217, 154, 8, 101, 182, 54, 50, 97, 162, 28, 193, 79, 6, 151, 0, 173, 187, 44, 277, 157, 16, 257, 122, 35, 9, 171, 176, 134, 4, 87, 255, 112, 153, 246, 286, 147, 186, 107, 98, 10, 7, 266, 214, 36, 165, 139, 254, 103, 269, 59, 23, 298, 39, 73, 208, 135, 299, 102, 20, 12, 268, 11, 209, 161, 210, 74, 42, 56, 99, 235, 133, 159, 189, 145, 238, 215, 241, 138, 195, 233, 279, 88, 199, 64, 280, 26, 203, 17, 245, 174, 236, 137, 252, 80, 68, 181, 150, 118, 94, 75, 2, 109, 119, 232, 15, 69, 184, 201, 261, 55, 287, 273, 66, 175, 32, 142, 136, 116, 76, 179, 1, 91, 248, 275, 240, 290, 170, 132, 106, 265, 270, 85, 19, 284, 43, 259, 293, 228, 200, 104, 227, 51, 224, 163, 297, 216, 260, 93, 46, 100, 272, 105, 72, 131, 3, 156, 256, 249, 48, 113, 82, 172, 213, 62, 53, 271, 168, 253, 226, 183, 180, 276, 283, 78, 61, 143, 278, 30, 141, 196, 264, 231, 52, 222, 40, 125, 219, 65, 166, 192, 289, 45, 205, 89, 267, 90, 71, 167, 262, 281, 212, 96, 84, 127, 67, 294, 178, 288, 197, 21, 18, 111, 108, 58, 230, 188, 31, 110, 291, 129, 24, 204, 83, 81, 251, 60, 13, 128, 14, 86, 63, 117, 198, 274, 5, 22, 144, 258, 121, 38, 207, 148, 292, 41, 234, 237, 114, 202, 37, 149, 206, 155, 29, 130, 177, 194, 152, 34, 33, 239, 160, 140, 47, 244, 25, 282, 158, 211, 123, 190, 218, 164, 247, 263, 191, 220, 115, 242, 250, 124, 295, 95, 285, 225, 185]
2026-06-24 21:38:05,992 [factory.py] => Loaded ViT-B-16 model config.
2026-06-24 21:38:07,635 [factory.py] => Loading pretrained ViT-B-16 weights (/home/team/zhaohongwei/pretrained_models/open_clip_pytorch_model_laion400m_e32.bin).
2026-06-24 21:38:08,510 [factory.py] => Loaded ViT-B-16 model config.
2026-06-24 21:38:10,229 [factory.py] => Loading pretrained ViT-B-16 weights (/home/team/zhaohongwei/pretrained_models/open_clip_pytorch_model_laion400m_e32.bin).
2026-06-24 21:38:11,000 [rapf.py] => Learning on 0-150
2026-06-24 22:09:22,756 [trainer.py] => CNN: {'total': 87.06, '00-09': 86.05, '10-19': 87.63, '20-29': 83.62, '30-39': 88.65, '40-49': 88.79, '50-59': 89.91, '60-69': 86.95, '70-79': 90.77, '80-89': 91.73, '90-99': 82.49, '100-109': 81.4, '110-119': 86.88, '120-129': 85.04, '130-139': 86.3, '140-149': 87.77, 'old': 0, 'new': 87.06, 'harmonic': 0.0}
2026-06-24 22:09:22,757 [trainer.py] => CNN top1 curve: [87.06]
2026-06-24 22:09:22,757 [trainer.py] => CNN top5 curve: [98.88]
2026-06-24 22:09:22,757 [trainer.py] => Average Accuracy (CNN top1): 87.06
2026-06-24 22:09:22,757 [rapf.py] => Learning on 150-180
2026-06-24 22:24:08,192 [trainer.py] => CNN: {'total': 84.75, '00-09': 84.8, '10-19': 83.55, '20-29': 78.37, '30-39': 83.21, '40-49': 82.86, '50-59': 86.27, '60-69': 83.25, '70-79': 87.19, '80-89': 87.52, '90-99': 81.73, '100-109': 80.4, '110-119': 84.78, '120-129': 73.91, '130-139': 79.26, '140-149': 88.4, '150-159': 92.08, '160-169': 91.59, '170-179': 93.74, 'old': 82.9, 'new': 92.45, 'harmonic': 87.41}
2026-06-24 22:24:08,192 [trainer.py] => CNN top1 curve: [87.06, 84.75]
2026-06-24 22:24:08,192 [trainer.py] => CNN top5 curve: [98.88, 98.64]
2026-06-24 22:24:08,192 [trainer.py] => Average Accuracy (CNN top1): 85.905
2026-06-24 22:24:08,192 [rapf.py] => Learning on 180-210
2026-06-24 22:38:29,060 [trainer.py] => CNN: {'total': 80.67, '00-09': 79.15, '10-19': 76.56, '20-29': 75.62, '30-39': 83.82, '40-49': 79.64, '50-59': 84.33, '60-69': 80.95, '70-79': 85.12, '80-89': 84.81, '90-99': 81.22, '100-109': 77.8, '110-119': 68.81, '120-129': 83.13, '130-139': 77.78, '140-149': 85.58, '150-159': 87.07, '160-169': 66.81, '170-179': 85.22, '180-189': 83.29, '190-199': 90.98, '200-209': 93.33, 'old': 79.42, 'new': 90.05, 'harmonic': 84.4}
2026-06-24 22:38:29,060 [trainer.py] => CNN top1 curve: [87.06, 84.75, 80.67]
2026-06-24 22:38:29,060 [trainer.py] => CNN top5 curve: [98.88, 98.64, 97.88]
2026-06-24 22:38:29,060 [trainer.py] => Average Accuracy (CNN top1): 84.16000000000001
2026-06-24 22:38:29,061 [rapf.py] => Learning on 210-240
2026-06-24 22:55:04,645 [trainer.py] => CNN: {'total': 79.56, '00-09': 82.92, '10-19': 73.8, '20-29': 72.87, '30-39': 81.16, '40-49': 69.72, '50-59': 79.4, '60-69': 77.78, '70-79': 84.37, '80-89': 78.5, '90-99': 72.59, '100-109': 81.2, '110-119': 77.23, '120-129': 77.91, '130-139': 77.41, '140-149': 84.33, '150-159': 85.91, '160-169': 63.61, '170-179': 84.29, '180-189': 74.52, '190-199': 84.59, '200-209': 86.33, '210-219': 88.42, '220-229': 89.74, '230-239': 94.91, 'old': 78.02, 'new': 91.12, 'harmonic': 84.06}
2026-06-24 22:55:04,646 [trainer.py] => CNN top1 curve: [87.06, 84.75, 80.67, 79.56]
2026-06-24 22:55:04,646 [trainer.py] => CNN top5 curve: [98.88, 98.64, 97.88, 97.62]
2026-06-24 22:55:04,646 [trainer.py] => Average Accuracy (CNN top1): 83.01
2026-06-24 22:55:04,646 [rapf.py] => Learning on 240-270
2026-06-24 23:12:52,775 [trainer.py] => CNN: {'total': 78.99, '00-09': 78.53, '10-19': 71.62, '20-29': 69.2, '30-39': 79.83, '40-49': 73.58, '50-59': 79.18, '60-69': 74.07, '70-79': 85.69, '80-89': 80.6, '90-99': 73.35, '100-109': 77.0, '110-119': 79.33, '120-129': 76.17, '130-139': 71.11, '140-149': 75.86, '150-159': 82.82, '160-169': 69.8, '170-179': 82.96, '180-189': 67.4, '190-199': 82.14, '200-209': 85.67, '210-219': 78.79, '220-229': 77.78, '230-239': 89.33, '240-249': 90.91, '250-259': 93.49, '260-269': 84.91, 'old': 77.57, 'new': 90.72, 'harmonic': 83.63}
2026-06-24 23:12:52,775 [trainer.py] => CNN top1 curve: [87.06, 84.75, 80.67, 79.56, 78.99]
2026-06-24 23:12:52,775 [trainer.py] => CNN top5 curve: [98.88, 98.64, 97.88, 97.62, 97.4]
2026-06-24 23:12:52,775 [trainer.py] => Average Accuracy (CNN top1): 82.206
2026-06-24 23:12:52,775 [rapf.py] => Learning on 270-300
2026-06-24 23:33:12,192 [trainer.py] => CNN: {'total': 77.57, '00-09': 67.71, '10-19': 71.76, '20-29': 66.84, '30-39': 76.21, '40-49': 71.65, '50-59': 78.33, '60-69': 72.13, '70-79': 85.69, '80-89': 80.3, '90-99': 72.08, '100-109': 78.4, '110-119': 74.75, '120-129': 74.78, '130-139': 72.59, '140-149': 72.1, '150-159': 82.24, '160-169': 74.12, '170-179': 82.82, '180-189': 66.85, '190-199': 68.23, '200-209': 85.17, '210-219': 73.9, '220-229': 73.93, '230-239': 83.74, '240-249': 77.71, '250-259': 82.67, '260-269': 71.93, '270-279': 95.09, '280-289': 89.25, '290-299': 90.59, 'old': 75.71, 'new': 92.51, 'harmonic': 83.27}
2026-06-24 23:33:12,192 [trainer.py] => CNN top1 curve: [87.06, 84.75, 80.67, 79.56, 78.99, 77.57]
2026-06-24 23:33:12,192 [trainer.py] => CNN top5 curve: [98.88, 98.64, 97.88, 97.62, 97.4, 96.96]
2026-06-24 23:33:12,192 [trainer.py] => Average Accuracy (CNN top1): 81.43333333333334
