2026-06-24 13:20:05,081 [trainer.py] => config: ./configs/rapf/rapf_sun_B0_Inc30.json
2026-06-24 13:20:05,081 [trainer.py] => prefix: -
2026-06-24 13:20:05,081 [trainer.py] => dataset: sun
2026-06-24 13:20:05,081 [trainer.py] => memory_size: 0
2026-06-24 13:20:05,081 [trainer.py] => memory_per_class: 0
2026-06-24 13:20:05,082 [trainer.py] => fixed_memory: False
2026-06-24 13:20:05,082 [trainer.py] => shuffle: True
2026-06-24 13:20:05,082 [trainer.py] => init_cls: 30
2026-06-24 13:20:05,082 [trainer.py] => increment: 30
2026-06-24 13:20:05,082 [trainer.py] => model_name: rapf
2026-06-24 13:20:05,082 [trainer.py] => backbone_type: clip
2026-06-24 13:20:05,082 [trainer.py] => device: [device(type='cuda', index=4)]
2026-06-24 13:20:05,082 [trainer.py] => seed: 1993
2026-06-24 13:20:05,082 [trainer.py] => batch_size: 128
2026-06-24 13:20:05,082 [trainer.py] => init_lr: 0.001
2026-06-24 13:20:05,082 [trainer.py] => epochs: 10
2026-06-24 13:20:05,082 [trainer.py] => beta: 2
2026-06-24 13:20:05,082 [trainer.py] => mix_bias: 0.6
2026-06-24 13:20:05,082 [trainer.py] => threshold: 0.55
2026-06-24 13:20:05,082 [trainer.py] => total_class_num: 300
2026-06-24 13:20:05,352 [data_manager.py] => [169, 221, 146, 296, 92, 229, 49, 70, 126, 77, 243, 57, 120, 223, 27, 217, 154, 8, 101, 182, 54, 50, 97, 162, 28, 193, 79, 6, 151, 0, 173, 187, 44, 277, 157, 16, 257, 122, 35, 9, 171, 176, 134, 4, 87, 255, 112, 153, 246, 286, 147, 186, 107, 98, 10, 7, 266, 214, 36, 165, 139, 254, 103, 269, 59, 23, 298, 39, 73, 208, 135, 299, 102, 20, 12, 268, 11, 209, 161, 210, 74, 42, 56, 99, 235, 133, 159, 189, 145, 238, 215, 241, 138, 195, 233, 279, 88, 199, 64, 280, 26, 203, 17, 245, 174, 236, 137, 252, 80, 68, 181, 150, 118, 94, 75, 2, 109, 119, 232, 15, 69, 184, 201, 261, 55, 287, 273, 66, 175, 32, 142, 136, 116, 76, 179, 1, 91, 248, 275, 240, 290, 170, 132, 106, 265, 270, 85, 19, 284, 43, 259, 293, 228, 200, 104, 227, 51, 224, 163, 297, 216, 260, 93, 46, 100, 272, 105, 72, 131, 3, 156, 256, 249, 48, 113, 82, 172, 213, 62, 53, 271, 168, 253, 226, 183, 180, 276, 283, 78, 61, 143, 278, 30, 141, 196, 264, 231, 52, 222, 40, 125, 219, 65, 166, 192, 289, 45, 205, 89, 267, 90, 71, 167, 262, 281, 212, 96, 84, 127, 67, 294, 178, 288, 197, 21, 18, 111, 108, 58, 230, 188, 31, 110, 291, 129, 24, 204, 83, 81, 251, 60, 13, 128, 14, 86, 63, 117, 198, 274, 5, 22, 144, 258, 121, 38, 207, 148, 292, 41, 234, 237, 114, 202, 37, 149, 206, 155, 29, 130, 177, 194, 152, 34, 33, 239, 160, 140, 47, 244, 25, 282, 158, 211, 123, 190, 218, 164, 247, 263, 191, 220, 115, 242, 250, 124, 295, 95, 285, 225, 185]
2026-06-24 13:20:05,891 [factory.py] => Loaded ViT-B-16 model config.
2026-06-24 13:20:07,618 [factory.py] => Loading pretrained ViT-B-16 weights (/home/team/zhaohongwei/pretrained_models/open_clip_pytorch_model_laion400m_e32.bin).
2026-06-24 13:20:09,731 [factory.py] => Loaded ViT-B-16 model config.
2026-06-24 13:20:11,265 [factory.py] => Loading pretrained ViT-B-16 weights (/home/team/zhaohongwei/pretrained_models/open_clip_pytorch_model_laion400m_e32.bin).
2026-06-24 13:20:12,496 [rapf.py] => Learning on 0-30
2026-06-24 13:28:11,065 [trainer.py] => CNN: {'total': 94.44, '00-09': 93.73, '10-19': 96.07, '20-29': 93.58, 'old': 0, 'new': 94.44, 'harmonic': 0.0}
2026-06-24 13:28:11,065 [trainer.py] => CNN top1 curve: [94.44]
2026-06-24 13:28:11,065 [trainer.py] => CNN top5 curve: [99.71]
2026-06-24 13:28:11,065 [trainer.py] => Average Accuracy (CNN top1): 94.44
2026-06-24 13:28:11,066 [rapf.py] => Learning on 30-60
2026-06-24 13:37:41,922 [trainer.py] => CNN: {'total': 91.92, '00-09': 92.01, '10-19': 94.76, '20-29': 87.55, '30-39': 92.39, '40-49': 91.75, '50-59': 94.21, 'old': 91.28, 'new': 92.56, 'harmonic': 91.92}
2026-06-24 13:37:41,922 [trainer.py] => CNN top1 curve: [94.44, 91.92]
2026-06-24 13:37:41,922 [trainer.py] => CNN top5 curve: [99.71, 99.69]
2026-06-24 13:37:41,922 [trainer.py] => Average Accuracy (CNN top1): 93.18
2026-06-24 13:37:41,922 [rapf.py] => Learning on 60-90
2026-06-24 13:47:51,038 [trainer.py] => CNN: {'total': 90.93, '00-09': 91.22, '10-19': 91.85, '20-29': 86.5, '30-39': 90.82, '40-49': 89.18, '50-59': 93.56, '60-69': 91.01, '70-79': 92.28, '80-89': 93.98, 'old': 90.26, 'new': 92.51, 'harmonic': 91.37}
2026-06-24 13:47:51,039 [trainer.py] => CNN top1 curve: [94.44, 91.92, 90.93]
2026-06-24 13:47:51,039 [trainer.py] => CNN top5 curve: [99.71, 99.69, 99.44]
2026-06-24 13:47:51,039 [trainer.py] => Average Accuracy (CNN top1): 92.43
2026-06-24 13:47:51,039 [rapf.py] => Learning on 90-120
2026-06-24 13:58:51,298 [trainer.py] => CNN: {'total': 87.26, '00-09': 86.21, '10-19': 88.65, '20-29': 81.65, '30-39': 85.63, '40-49': 85.7, '50-59': 90.56, '60-69': 88.54, '70-79': 90.58, '80-89': 85.56, '90-99': 87.82, '100-109': 86.6, '110-119': 91.96, 'old': 86.64, 'new': 89.42, 'harmonic': 88.01}
2026-06-24 13:58:51,299 [trainer.py] => CNN top1 curve: [94.44, 91.92, 90.93, 87.26]
2026-06-24 13:58:51,299 [trainer.py] => CNN top5 curve: [99.71, 99.69, 99.44, 99.09]
2026-06-24 13:58:51,299 [trainer.py] => Average Accuracy (CNN top1): 91.1375
2026-06-24 13:58:51,299 [rapf.py] => Learning on 120-150
2026-06-24 14:10:32,124 [trainer.py] => CNN: {'total': 85.7, '00-09': 85.74, '10-19': 82.68, '20-29': 80.08, '30-39': 86.23, '40-49': 82.99, '50-59': 88.2, '60-69': 87.65, '70-79': 91.53, '80-89': 84.06, '90-99': 80.46, '100-109': 84.4, '110-119': 87.0, '120-129': 89.04, '130-139': 89.26, '140-149': 90.6, 'old': 84.99, 'new': 89.47, 'harmonic': 87.17}
2026-06-24 14:10:32,124 [trainer.py] => CNN top1 curve: [94.44, 91.92, 90.93, 87.26, 85.7]
2026-06-24 14:10:32,124 [trainer.py] => CNN top5 curve: [99.71, 99.69, 99.44, 99.09, 98.77]
2026-06-24 14:10:32,124 [trainer.py] => Average Accuracy (CNN top1): 90.05
2026-06-24 14:10:32,125 [rapf.py] => Learning on 150-180
2026-06-24 14:26:38,440 [trainer.py] => CNN: {'total': 84.47, '00-09': 82.6, '10-19': 82.39, '20-29': 79.82, '30-39': 84.3, '40-49': 80.03, '50-59': 88.84, '60-69': 85.19, '70-79': 87.76, '80-89': 83.61, '90-99': 80.96, '100-109': 82.4, '110-119': 84.28, '120-129': 76.7, '130-139': 79.07, '140-149': 88.71, '150-159': 89.96, '160-169': 90.04, '170-179': 93.61, 'old': 82.84, 'new': 91.26, 'harmonic': 86.85}
2026-06-24 14:26:38,441 [trainer.py] => CNN top1 curve: [94.44, 91.92, 90.93, 87.26, 85.7, 84.47]
2026-06-24 14:26:38,441 [trainer.py] => CNN top5 curve: [99.71, 99.69, 99.44, 99.09, 98.77, 98.48]
2026-06-24 14:26:38,441 [trainer.py] => Average Accuracy (CNN top1): 89.12
2026-06-24 14:26:38,441 [rapf.py] => Learning on 180-210
2026-06-24 14:41:21,893 [trainer.py] => CNN: {'total': 81.1, '00-09': 79.78, '10-19': 75.69, '20-29': 73.79, '30-39': 84.9, '40-49': 80.41, '50-59': 85.19, '60-69': 79.37, '70-79': 85.69, '80-89': 84.21, '90-99': 78.43, '100-109': 75.8, '110-119': 69.18, '120-129': 78.43, '130-139': 78.7, '140-149': 81.19, '150-159': 84.56, '160-169': 78.76, '170-179': 86.42, '180-189': 84.66, '190-199': 91.54, '200-209': 94.0, 'old': 79.8, 'new': 90.85, 'harmonic': 84.97}
2026-06-24 14:41:21,893 [trainer.py] => CNN top1 curve: [94.44, 91.92, 90.93, 87.26, 85.7, 84.47, 81.1]
2026-06-24 14:41:21,893 [trainer.py] => CNN top5 curve: [99.71, 99.69, 99.44, 99.09, 98.77, 98.48, 97.94]
2026-06-24 14:41:21,893 [trainer.py] => Average Accuracy (CNN top1): 87.97428571428573
2026-06-24 14:41:21,893 [rapf.py] => Learning on 210-240
2026-06-24 14:57:44,516 [trainer.py] => CNN: {'total': 79.85, '00-09': 82.92, '10-19': 75.55, '20-29': 73.66, '30-39': 84.18, '40-49': 71.39, '50-59': 81.33, '60-69': 79.54, '70-79': 85.88, '80-89': 77.44, '90-99': 73.35, '100-109': 81.0, '110-119': 73.14, '120-129': 75.3, '130-139': 62.41, '140-149': 79.62, '150-159': 86.29, '160-169': 75.88, '170-179': 84.82, '180-189': 74.25, '190-199': 81.2, '200-209': 88.83, '210-219': 87.77, '220-229': 88.68, '230-239': 95.57, 'old': 78.39, 'new': 90.83, 'harmonic': 84.15}
2026-06-24 14:57:44,517 [trainer.py] => CNN top1 curve: [94.44, 91.92, 90.93, 87.26, 85.7, 84.47, 81.1, 79.85]
2026-06-24 14:57:44,517 [trainer.py] => CNN top5 curve: [99.71, 99.69, 99.44, 99.09, 98.77, 98.48, 97.94, 97.66]
2026-06-24 14:57:44,517 [trainer.py] => Average Accuracy (CNN top1): 86.95875000000001
2026-06-24 14:57:44,517 [rapf.py] => Learning on 240-270
2026-06-24 15:15:32,617 [trainer.py] => CNN: {'total': 78.35, '00-09': 76.65, '10-19': 67.39, '20-29': 66.58, '30-39': 82.73, '40-49': 70.23, '50-59': 77.47, '60-69': 77.95, '70-79': 84.93, '80-89': 80.75, '90-99': 73.1, '100-109': 77.2, '110-119': 73.76, '120-129': 72.0, '130-139': 64.07, '140-149': 73.67, '150-159': 84.75, '160-169': 75.88, '170-179': 82.42, '180-189': 69.04, '190-199': 83.83, '200-209': 84.83, '210-219': 76.84, '220-229': 79.91, '230-239': 88.18, '240-249': 90.69, '250-259': 92.79, '260-269': 86.79, 'old': 76.85, 'new': 90.78, 'harmonic': 83.24}
2026-06-24 15:15:32,617 [trainer.py] => CNN top1 curve: [94.44, 91.92, 90.93, 87.26, 85.7, 84.47, 81.1, 79.85, 78.35]
2026-06-24 15:15:32,618 [trainer.py] => CNN top5 curve: [99.71, 99.69, 99.44, 99.09, 98.77, 98.48, 97.94, 97.66, 97.41]
2026-06-24 15:15:32,618 [trainer.py] => Average Accuracy (CNN top1): 86.00222222222223
2026-06-24 15:15:32,618 [rapf.py] => Learning on 270-300
2026-06-24 15:35:48,629 [trainer.py] => CNN: {'total': 77.71, '00-09': 70.85, '10-19': 69.29, '20-29': 62.25, '30-39': 80.68, '40-49': 69.46, '50-59': 75.32, '60-69': 74.43, '70-79': 86.44, '80-89': 83.46, '90-99': 68.78, '100-109': 79.4, '110-119': 73.76, '120-129': 71.83, '130-139': 73.15, '140-149': 73.04, '150-159': 83.01, '160-169': 71.9, '170-179': 80.03, '180-189': 68.77, '190-199': 73.31, '200-209': 86.17, '210-219': 72.59, '220-229': 75.0, '230-239': 85.22, '240-249': 76.19, '250-259': 85.7, '260-269': 78.54, '270-279': 95.19, '280-289': 87.28, '290-299': 88.99, 'old': 75.96, 'new': 91.67, 'harmonic': 83.08}
2026-06-24 15:35:48,630 [trainer.py] => CNN top1 curve: [94.44, 91.92, 90.93, 87.26, 85.7, 84.47, 81.1, 79.85, 78.35, 77.71]
2026-06-24 15:35:48,630 [trainer.py] => CNN top5 curve: [99.71, 99.69, 99.44, 99.09, 98.77, 98.48, 97.94, 97.66, 97.41, 96.9]
2026-06-24 15:35:48,630 [trainer.py] => Average Accuracy (CNN top1): 85.17300000000002
