2026-06-24 15:35:48,655 [trainer.py] => config: ./configs/rapf/rapf_sun_B0_Inc30.json
2026-06-24 15:35:48,655 [trainer.py] => prefix: -
2026-06-24 15:35:48,655 [trainer.py] => dataset: sun
2026-06-24 15:35:48,655 [trainer.py] => memory_size: 0
2026-06-24 15:35:48,655 [trainer.py] => memory_per_class: 0
2026-06-24 15:35:48,655 [trainer.py] => fixed_memory: False
2026-06-24 15:35:48,655 [trainer.py] => shuffle: True
2026-06-24 15:35:48,656 [trainer.py] => init_cls: 30
2026-06-24 15:35:48,656 [trainer.py] => increment: 30
2026-06-24 15:35:48,656 [trainer.py] => model_name: rapf
2026-06-24 15:35:48,656 [trainer.py] => backbone_type: clip
2026-06-24 15:35:48,656 [trainer.py] => device: [device(type='cuda', index=4)]
2026-06-24 15:35:48,656 [trainer.py] => seed: 2026
2026-06-24 15:35:48,656 [trainer.py] => batch_size: 128
2026-06-24 15:35:48,656 [trainer.py] => init_lr: 0.001
2026-06-24 15:35:48,656 [trainer.py] => epochs: 10
2026-06-24 15:35:48,656 [trainer.py] => beta: 2
2026-06-24 15:35:48,656 [trainer.py] => mix_bias: 0.6
2026-06-24 15:35:48,656 [trainer.py] => threshold: 0.55
2026-06-24 15:35:48,656 [trainer.py] => total_class_num: 300
2026-06-24 15:35:48,924 [data_manager.py] => [224, 200, 247, 134, 144, 294, 287, 225, 131, 191, 158, 138, 7, 23, 40, 155, 269, 178, 126, 44, 181, 266, 179, 275, 193, 114, 6, 235, 42, 109, 286, 230, 121, 210, 208, 102, 24, 256, 5, 254, 115, 168, 61, 184, 211, 18, 272, 227, 292, 296, 239, 107, 299, 283, 189, 202, 262, 105, 174, 206, 281, 150, 87, 265, 192, 271, 125, 74, 62, 56, 252, 197, 88, 180, 204, 46, 293, 298, 258, 146, 53, 80, 71, 37, 12, 219, 119, 4, 267, 90, 273, 65, 236, 1, 170, 100, 91, 213, 242, 209, 128, 261, 26, 50, 248, 140, 270, 185, 291, 156, 240, 199, 183, 186, 175, 81, 228, 177, 76, 52, 277, 54, 34, 94, 278, 110, 218, 99, 149, 220, 133, 234, 39, 154, 15, 233, 253, 289, 172, 187, 169, 143, 31, 198, 84, 157, 86, 173, 104, 9, 203, 147, 190, 223, 120, 30, 36, 196, 11, 288, 297, 285, 118, 129, 57, 82, 141, 241, 280, 45, 41, 151, 279, 166, 153, 217, 106, 93, 276, 123, 237, 167, 59, 48, 136, 246, 274, 244, 117, 60, 70, 229, 122, 20, 10, 63, 68, 231, 238, 171, 16, 72, 127, 232, 32, 124, 182, 0, 98, 264, 92, 38, 132, 95, 260, 97, 35, 8, 83, 163, 85, 113, 214, 13, 162, 145, 221, 33, 21, 195, 176, 215, 108, 103, 268, 165, 55, 69, 89, 2, 19, 67, 188, 284, 51, 243, 160, 222, 78, 255, 43, 142, 64, 207, 66, 161, 212, 164, 194, 14, 251, 139, 75, 79, 22, 58, 101, 73, 259, 159, 216, 226, 49, 152, 137, 3, 245, 290, 148, 47, 295, 201, 250, 17, 112, 25, 111, 135, 96, 263, 249, 27, 205, 130, 28, 116, 29, 77, 282, 257]
2026-06-24 15:35:49,384 [factory.py] => Loaded ViT-B-16 model config.
2026-06-24 15:35:50,929 [factory.py] => Loading pretrained ViT-B-16 weights (/home/team/zhaohongwei/pretrained_models/open_clip_pytorch_model_laion400m_e32.bin).
2026-06-24 15:35:51,453 [factory.py] => Loaded ViT-B-16 model config.
2026-06-24 15:35:52,844 [factory.py] => Loading pretrained ViT-B-16 weights (/home/team/zhaohongwei/pretrained_models/open_clip_pytorch_model_laion400m_e32.bin).
2026-06-24 15:35:53,375 [rapf.py] => Learning on 0-30
2026-06-24 15:42:59,746 [trainer.py] => CNN: {'total': 97.25, '00-09': 96.17, '10-19': 97.33, '20-29': 98.19, 'old': 0, 'new': 97.25, 'harmonic': 0.0}
2026-06-24 15:42:59,747 [trainer.py] => CNN top1 curve: [97.25]
2026-06-24 15:42:59,747 [trainer.py] => CNN top5 curve: [100.0]
2026-06-24 15:42:59,747 [trainer.py] => Average Accuracy (CNN top1): 97.25
2026-06-24 15:42:59,747 [rapf.py] => Learning on 30-60
2026-06-24 15:50:44,456 [trainer.py] => CNN: {'total': 93.45, '00-09': 95.8, '10-19': 96.8, '20-29': 94.58, '30-39': 94.24, '40-49': 85.17, '50-59': 91.16, 'old': 95.84, 'new': 90.95, 'harmonic': 93.33}
2026-06-24 15:50:44,457 [trainer.py] => CNN top1 curve: [97.25, 93.45]
2026-06-24 15:50:44,457 [trainer.py] => CNN top5 curve: [100.0, 99.56]
2026-06-24 15:50:44,457 [trainer.py] => Average Accuracy (CNN top1): 95.35
2026-06-24 15:50:44,457 [rapf.py] => Learning on 60-90
2026-06-24 16:01:03,382 [trainer.py] => CNN: {'total': 91.45, '00-09': 93.98, '10-19': 93.87, '20-29': 92.78, '30-39': 93.43, '40-49': 86.52, '50-59': 89.08, '60-69': 91.55, '70-79': 92.38, '80-89': 86.23, 'old': 91.96, 'new': 90.61, 'harmonic': 91.28}
2026-06-24 16:01:03,382 [trainer.py] => CNN top1 curve: [97.25, 93.45, 91.45]
2026-06-24 16:01:03,382 [trainer.py] => CNN top5 curve: [100.0, 99.56, 99.46]
2026-06-24 16:01:03,382 [trainer.py] => Average Accuracy (CNN top1): 94.05
2026-06-24 16:01:03,382 [rapf.py] => Learning on 90-120
2026-06-24 16:12:01,655 [trainer.py] => CNN: {'total': 88.15, '00-09': 91.24, '10-19': 93.47, '20-29': 89.53, '30-39': 92.63, '40-49': 81.35, '50-59': 84.92, '60-69': 89.58, '70-79': 75.11, '80-89': 87.36, '90-99': 90.78, '100-109': 92.96, '110-119': 92.06, 'old': 87.0, 'new': 91.89, 'harmonic': 89.38}
2026-06-24 16:12:01,655 [trainer.py] => CNN top1 curve: [97.25, 93.45, 91.45, 88.15]
2026-06-24 16:12:01,655 [trainer.py] => CNN top5 curve: [100.0, 99.56, 99.46, 99.12]
2026-06-24 16:12:01,655 [trainer.py] => Average Accuracy (CNN top1): 92.57499999999999
2026-06-24 16:12:01,655 [rapf.py] => Learning on 120-150
2026-06-24 16:24:00,143 [trainer.py] => CNN: {'total': 86.87, '00-09': 87.59, '10-19': 88.93, '20-29': 84.84, '30-39': 91.82, '40-49': 81.8, '50-59': 80.24, '60-69': 85.92, '70-79': 82.62, '80-89': 83.96, '90-99': 86.89, '100-109': 92.06, '110-119': 85.9, '120-129': 94.16, '130-139': 81.16, '140-149': 89.54, 'old': 86.15, 'new': 90.48, 'harmonic': 88.26}
2026-06-24 16:24:00,143 [trainer.py] => CNN top1 curve: [97.25, 93.45, 91.45, 88.15, 86.87]
2026-06-24 16:24:00,144 [trainer.py] => CNN top5 curve: [100.0, 99.56, 99.46, 99.12, 98.77]
2026-06-24 16:24:00,144 [trainer.py] => Average Accuracy (CNN top1): 91.434
2026-06-24 16:24:00,144 [rapf.py] => Learning on 150-180
2026-06-24 16:37:01,413 [trainer.py] => CNN: {'total': 84.96, '00-09': 85.4, '10-19': 85.07, '20-29': 85.38, '30-39': 89.41, '40-49': 78.65, '50-59': 81.46, '60-69': 79.86, '70-79': 77.58, '80-89': 81.89, '90-99': 87.7, '100-109': 88.81, '110-119': 85.25, '120-129': 87.6, '130-139': 80.82, '140-149': 83.16, '150-159': 90.2, '160-169': 90.1, '170-179': 92.08, 'old': 84.0, 'new': 90.6, 'harmonic': 87.18}
2026-06-24 16:37:01,413 [trainer.py] => CNN top1 curve: [97.25, 93.45, 91.45, 88.15, 86.87, 84.96]
2026-06-24 16:37:01,413 [trainer.py] => CNN top5 curve: [100.0, 99.56, 99.46, 99.12, 98.77, 98.38]
2026-06-24 16:37:01,414 [trainer.py] => Average Accuracy (CNN top1): 90.355
2026-06-24 16:37:01,414 [rapf.py] => Learning on 180-210
2026-06-24 16:51:28,434 [trainer.py] => CNN: {'total': 82.36, '00-09': 83.39, '10-19': 84.13, '20-29': 72.92, '30-39': 88.74, '40-49': 72.13, '50-59': 80.07, '60-69': 77.46, '70-79': 70.92, '80-89': 77.36, '90-99': 84.79, '100-109': 90.07, '110-119': 85.41, '120-129': 83.79, '130-139': 80.14, '140-149': 79.59, '150-159': 76.18, '160-169': 84.49, '170-179': 88.8, '180-189': 91.21, '190-199': 93.59, '200-209': 88.22, 'old': 81.04, 'new': 91.11, 'harmonic': 85.78}
2026-06-24 16:51:28,434 [trainer.py] => CNN top1 curve: [97.25, 93.45, 91.45, 88.15, 86.87, 84.96, 82.36]
2026-06-24 16:51:28,434 [trainer.py] => CNN top5 curve: [100.0, 99.56, 99.46, 99.12, 98.77, 98.38, 97.98]
2026-06-24 16:51:28,435 [trainer.py] => Average Accuracy (CNN top1): 89.21285714285715
2026-06-24 16:51:28,435 [rapf.py] => Learning on 210-240
2026-06-24 17:08:19,002 [trainer.py] => CNN: {'total': 81.31, '00-09': 80.84, '10-19': 82.93, '20-29': 76.35, '30-39': 86.86, '40-49': 70.11, '50-59': 78.16, '60-69': 77.46, '70-79': 75.97, '80-89': 75.47, '90-99': 82.69, '100-109': 83.03, '110-119': 81.52, '120-129': 82.24, '130-139': 79.79, '140-149': 80.36, '150-159': 74.66, '160-169': 80.36, '170-179': 84.7, '180-189': 84.3, '190-199': 85.83, '200-209': 74.73, '210-219': 87.21, '220-229': 89.05, '230-239': 91.6, 'old': 80.05, 'new': 89.54, 'harmonic': 84.53}
2026-06-24 17:08:19,002 [trainer.py] => CNN top1 curve: [97.25, 93.45, 91.45, 88.15, 86.87, 84.96, 82.36, 81.31]
2026-06-24 17:08:19,002 [trainer.py] => CNN top5 curve: [100.0, 99.56, 99.46, 99.12, 98.77, 98.38, 97.98, 97.82]
2026-06-24 17:08:19,002 [trainer.py] => Average Accuracy (CNN top1): 88.225
2026-06-24 17:08:19,002 [rapf.py] => Learning on 240-270
2026-06-24 17:28:21,108 [trainer.py] => CNN: {'total': 79.51, '00-09': 74.09, '10-19': 80.93, '20-29': 80.14, '30-39': 85.52, '40-49': 68.99, '50-59': 77.12, '60-69': 73.66, '70-79': 65.88, '80-89': 77.17, '90-99': 78.64, '100-109': 82.13, '110-119': 83.14, '120-129': 83.91, '130-139': 79.11, '140-149': 76.53, '150-159': 69.76, '160-169': 81.02, '170-179': 85.25, '180-189': 78.96, '190-199': 75.92, '200-209': 73.23, '210-219': 77.84, '220-229': 70.92, '230-239': 75.2, '240-249': 88.94, '250-259': 94.71, '260-269': 92.24, 'old': 77.21, 'new': 92.76, 'harmonic': 84.27}
2026-06-24 17:28:21,108 [trainer.py] => CNN top1 curve: [97.25, 93.45, 91.45, 88.15, 86.87, 84.96, 82.36, 81.31, 79.51]
2026-06-24 17:28:21,108 [trainer.py] => CNN top5 curve: [100.0, 99.56, 99.46, 99.12, 98.77, 98.38, 97.98, 97.82, 97.59]
2026-06-24 17:28:21,108 [trainer.py] => Average Accuracy (CNN top1): 87.25666666666666
2026-06-24 17:28:21,108 [rapf.py] => Learning on 270-300
2026-06-24 17:47:36,021 [trainer.py] => CNN: {'total': 77.21, '00-09': 76.64, '10-19': 78.67, '20-29': 74.91, '30-39': 83.78, '40-49': 67.87, '50-59': 72.79, '60-69': 75.21, '70-79': 73.82, '80-89': 73.77, '90-99': 74.6, '100-109': 71.66, '110-119': 77.15, '120-129': 80.93, '130-139': 76.71, '140-149': 77.81, '150-159': 70.61, '160-169': 74.59, '170-179': 81.69, '180-189': 79.91, '190-199': 72.82, '200-209': 67.45, '210-219': 80.54, '220-229': 74.33, '230-239': 71.65, '240-249': 81.84, '250-259': 88.56, '260-269': 63.39, '270-279': 89.13, '280-289': 89.55, '290-299': 89.82, 'old': 76.05, 'new': 89.55, 'harmonic': 82.25}
2026-06-24 17:47:36,022 [trainer.py] => CNN top1 curve: [97.25, 93.45, 91.45, 88.15, 86.87, 84.96, 82.36, 81.31, 79.51, 77.21]
2026-06-24 17:47:36,022 [trainer.py] => CNN top5 curve: [100.0, 99.56, 99.46, 99.12, 98.77, 98.38, 97.98, 97.82, 97.59, 96.98]
2026-06-24 17:47:36,022 [trainer.py] => Average Accuracy (CNN top1): 86.252
