2026-06-24 07:55:24,484 [trainer.py] => config: ./configs/rapf/rapf_ucf_B50_Inc10.json
2026-06-24 07:55:24,484 [trainer.py] => prefix: -
2026-06-24 07:55:24,484 [trainer.py] => dataset: ucf101
2026-06-24 07:55:24,484 [trainer.py] => memory_size: 0
2026-06-24 07:55:24,484 [trainer.py] => memory_per_class: 0
2026-06-24 07:55:24,484 [trainer.py] => fixed_memory: False
2026-06-24 07:55:24,484 [trainer.py] => shuffle: True
2026-06-24 07:55:24,484 [trainer.py] => init_cls: 50
2026-06-24 07:55:24,484 [trainer.py] => increment: 10
2026-06-24 07:55:24,484 [trainer.py] => model_name: rapf
2026-06-24 07:55:24,484 [trainer.py] => backbone_type: clip
2026-06-24 07:55:24,485 [trainer.py] => device: [device(type='cuda', index=4)]
2026-06-24 07:55:24,485 [trainer.py] => seed: 0
2026-06-24 07:55:24,485 [trainer.py] => batch_size: 128
2026-06-24 07:55:24,485 [trainer.py] => init_lr: 0.001
2026-06-24 07:55:24,485 [trainer.py] => epochs: 10
2026-06-24 07:55:24,485 [trainer.py] => beta: 2
2026-06-24 07:55:24,485 [trainer.py] => mix_bias: 0.6
2026-06-24 07:55:24,485 [trainer.py] => threshold: 0.55
2026-06-24 07:55:24,485 [trainer.py] => total_class_num: 100
2026-06-24 07:55:24,647 [data_manager.py] => [26, 86, 2, 55, 75, 93, 16, 73, 54, 95, 53, 92, 78, 13, 7, 30, 22, 24, 33, 8, 43, 62, 3, 71, 45, 48, 6, 99, 82, 76, 60, 80, 90, 68, 51, 27, 18, 56, 63, 74, 1, 61, 42, 41, 4, 15, 17, 40, 38, 5, 91, 59, 0, 34, 28, 50, 11, 35, 23, 52, 10, 31, 66, 57, 79, 85, 32, 84, 14, 89, 19, 29, 49, 97, 98, 69, 20, 94, 72, 77, 25, 37, 81, 46, 39, 65, 58, 12, 88, 70, 87, 36, 21, 83, 9, 96, 67, 64, 47, 44]
2026-06-24 07:55:26,307 [instantiator.py] => Created a temporary directory at /tmp/tmpd5j_pbq3
2026-06-24 07:55:26,308 [instantiator.py] => Writing /tmp/tmpd5j_pbq3/_remote_module_non_scriptable.py
2026-06-24 07:55:26,454 [factory.py] => Loaded ViT-B-16 model config.
2026-06-24 07:55:28,675 [factory.py] => Loading pretrained ViT-B-16 weights (/home/team/zhaohongwei/pretrained_models/open_clip_pytorch_model_laion400m_e32.bin).
2026-06-24 07:55:29,432 [factory.py] => Loaded ViT-B-16 model config.
2026-06-24 07:55:31,697 [factory.py] => Loading pretrained ViT-B-16 weights (/home/team/zhaohongwei/pretrained_models/open_clip_pytorch_model_laion400m_e32.bin).
2026-06-24 07:55:33,599 [rapf.py] => Learning on 0-50
2026-06-24 07:59:17,418 [trainer.py] => CNN: {'total': 98.09, '00-09': 98.84, '10-19': 98.46, '20-29': 98.9, '30-39': 97.32, '40-49': 96.97, 'old': 0, 'new': 98.09, 'harmonic': 0.0}
2026-06-24 07:59:17,418 [trainer.py] => CNN top1 curve: [98.09]
2026-06-24 07:59:17,418 [trainer.py] => CNN top5 curve: [100.0]
2026-06-24 07:59:17,418 [trainer.py] => Average Accuracy (CNN top1): 98.09
2026-06-24 07:59:17,418 [rapf.py] => Learning on 50-60
2026-06-24 08:01:06,427 [trainer.py] => CNN: {'total': 92.83, '00-09': 95.75, '10-19': 92.28, '20-29': 97.07, '30-39': 83.93, '40-49': 93.6, '50-59': 92.83, 'old': 92.84, 'new': 92.83, 'harmonic': 92.83}
2026-06-24 08:01:06,427 [trainer.py] => CNN top1 curve: [98.09, 92.83]
2026-06-24 08:01:06,427 [trainer.py] => CNN top5 curve: [100.0, 99.12]
2026-06-24 08:01:06,427 [trainer.py] => Average Accuracy (CNN top1): 95.46000000000001
2026-06-24 08:01:06,427 [rapf.py] => Learning on 60-70
2026-06-24 08:02:53,314 [trainer.py] => CNN: {'total': 85.53, '00-09': 86.1, '10-19': 88.03, '20-29': 96.34, '30-39': 81.25, '40-49': 77.44, '50-59': 77.42, '60-69': 93.12, 'old': 84.35, 'new': 93.12, 'harmonic': 88.52}
2026-06-24 08:02:53,315 [trainer.py] => CNN top1 curve: [98.09, 92.83, 85.53]
2026-06-24 08:02:53,315 [trainer.py] => CNN top5 curve: [100.0, 99.12, 97.99]
2026-06-24 08:02:53,315 [trainer.py] => Average Accuracy (CNN top1): 92.15000000000002
2026-06-24 08:02:53,315 [rapf.py] => Learning on 70-80
2026-06-24 08:04:50,049 [trainer.py] => CNN: {'total': 82.93, '00-09': 89.58, '10-19': 85.33, '20-29': 85.71, '30-39': 70.98, '40-49': 75.08, '50-59': 83.87, '60-69': 76.11, '70-79': 96.37, 'old': 81.12, 'new': 96.37, 'harmonic': 88.09}
2026-06-24 08:04:50,049 [trainer.py] => CNN top1 curve: [98.09, 92.83, 85.53, 82.93]
2026-06-24 08:04:50,049 [trainer.py] => CNN top5 curve: [100.0, 99.12, 97.99, 97.36]
2026-06-24 08:04:50,049 [trainer.py] => Average Accuracy (CNN top1): 89.84500000000001
2026-06-24 08:04:50,049 [rapf.py] => Learning on 80-90
2026-06-24 08:07:05,495 [trainer.py] => CNN: {'total': 83.72, '00-09': 85.33, '10-19': 70.27, '20-29': 96.7, '30-39': 72.77, '40-49': 78.79, '50-59': 85.66, '60-69': 76.92, '70-79': 88.31, '80-89': 96.34, 'old': 82.07, 'new': 96.34, 'harmonic': 88.63}
2026-06-24 08:07:05,495 [trainer.py] => CNN top1 curve: [98.09, 92.83, 85.53, 82.93, 83.72]
2026-06-24 08:07:05,495 [trainer.py] => CNN top5 curve: [100.0, 99.12, 97.99, 97.36, 97.67]
2026-06-24 08:07:05,495 [trainer.py] => Average Accuracy (CNN top1): 88.62
2026-06-24 08:07:05,495 [rapf.py] => Learning on 90-100
2026-06-24 08:09:29,938 [trainer.py] => CNN: {'total': 82.72, '00-09': 85.71, '10-19': 73.36, '20-29': 95.6, '30-39': 80.8, '40-49': 90.91, '50-59': 81.72, '60-69': 75.3, '70-79': 71.37, '80-89': 73.63, '90-99': 95.36, 'old': 81.22, 'new': 95.36, 'harmonic': 87.72}
2026-06-24 08:09:29,939 [trainer.py] => CNN top1 curve: [98.09, 92.83, 85.53, 82.93, 83.72, 82.72]
2026-06-24 08:09:29,939 [trainer.py] => CNN top5 curve: [100.0, 99.12, 97.99, 97.36, 97.67, 97.12]
2026-06-24 08:09:29,939 [trainer.py] => Average Accuracy (CNN top1): 87.63666666666667
