2026-07-31 20:18:22,587 [trainer.py] => config: configs/simplecil/simplecil_aircraft_B0_Inc10.json
2026-07-31 20:18:22,587 [trainer.py] => prefix: -
2026-07-31 20:18:22,587 [trainer.py] => dataset: aircraft
2026-07-31 20:18:22,587 [trainer.py] => memory_size: 0
2026-07-31 20:18:22,587 [trainer.py] => memory_per_class: 0
2026-07-31 20:18:22,587 [trainer.py] => fixed_memory: False
2026-07-31 20:18:22,588 [trainer.py] => shuffle: True
2026-07-31 20:18:22,588 [trainer.py] => init_cls: 10
2026-07-31 20:18:22,588 [trainer.py] => increment: 10
2026-07-31 20:18:22,588 [trainer.py] => model_name: simplecil
2026-07-31 20:18:22,588 [trainer.py] => backbone_type: clip
2026-07-31 20:18:22,588 [trainer.py] => device: [device(type='cuda', index=1)]
2026-07-31 20:18:22,588 [trainer.py] => seed: 1993
2026-07-31 20:18:22,588 [trainer.py] => total_class_num: 100
2026-07-31 20:18:22,985 [data_manager.py] => [68, 56, 78, 8, 23, 84, 90, 65, 74, 76, 40, 89, 3, 92, 55, 9, 26, 80, 43, 38, 58, 70, 77, 1, 85, 19, 17, 50, 28, 53, 13, 81, 45, 82, 6, 59, 83, 16, 15, 44, 91, 41, 72, 60, 79, 52, 20, 10, 31, 54, 37, 95, 14, 71, 96, 98, 97, 2, 64, 66, 42, 22, 35, 86, 24, 34, 87, 21, 99, 0, 88, 27, 18, 94, 11, 12, 47, 25, 30, 46, 62, 69, 36, 61, 7, 63, 75, 5, 32, 4, 51, 48, 73, 93, 39, 67, 29, 49, 57, 33]
2026-07-31 20:18:35,237 [instantiator.py] => Created a temporary directory at /tmp/tmp21e0i40p
2026-07-31 20:18:35,238 [instantiator.py] => Writing /tmp/tmp21e0i40p/_remote_module_non_scriptable.py
2026-07-31 20:18:36,949 [factory.py] => Loaded ViT-B-16 model config.
2026-07-31 20:18:38,354 [factory.py] => Loading pretrained ViT-B-16 weights (/public/home/hanlida/Dr.1/pretrained_models/open_clip_pytorch_model_laion400m_e32.bin).
2026-07-31 20:18:41,385 [factory.py] => Loaded ViT-B-16 model config.
2026-07-31 20:18:42,553 [factory.py] => Loading pretrained ViT-B-16 weights (/public/home/hanlida/Dr.1/pretrained_models/open_clip_pytorch_model_laion400m_e32.bin).
2026-07-31 20:18:45,310 [simplecil.py] => Learning on 0-10
2026-07-31 20:18:52,014 [trainer.py] => CNN: {'total': 77.68, '00-09': 77.68, 'old': 0, 'new': 77.68, 'harmonic': 0.0}
2026-07-31 20:18:52,014 [trainer.py] => CNN top1 curve: [77.68]
2026-07-31 20:18:52,014 [trainer.py] => CNN top5 curve: [99.11]
2026-07-31 20:18:52,014 [trainer.py] => Average Accuracy (CNN top1): 77.68
2026-07-31 20:18:52,017 [simplecil.py] => Learning on 10-20
2026-07-31 20:18:58,803 [trainer.py] => CNN: {'total': 69.7, '00-09': 68.15, '10-19': 71.26, 'old': 68.15, 'new': 71.26, 'harmonic': 69.67}
2026-07-31 20:18:58,804 [trainer.py] => CNN top1 curve: [77.68, 69.7]
2026-07-31 20:18:58,804 [trainer.py] => CNN top5 curve: [99.11, 95.52]
2026-07-31 20:18:58,804 [trainer.py] => Average Accuracy (CNN top1): 73.69
2026-07-31 20:18:58,808 [simplecil.py] => Learning on 20-30
2026-07-31 20:19:07,273 [trainer.py] => CNN: {'total': 64.84, '00-09': 62.5, '10-19': 64.97, '20-29': 67.07, 'old': 63.73, 'new': 67.07, 'harmonic': 65.36}
2026-07-31 20:19:07,274 [trainer.py] => CNN top1 curve: [77.68, 69.7, 64.84]
2026-07-31 20:19:07,274 [trainer.py] => CNN top5 curve: [99.11, 95.52, 93.73]
2026-07-31 20:19:07,274 [trainer.py] => Average Accuracy (CNN top1): 70.74
2026-07-31 20:19:07,276 [simplecil.py] => Learning on 30-40
2026-07-31 20:19:16,881 [trainer.py] => CNN: {'total': 61.18, '00-09': 60.42, '10-19': 59.58, '20-29': 62.57, '30-39': 62.16, 'old': 60.86, 'new': 62.16, 'harmonic': 61.5}
2026-07-31 20:19:16,881 [trainer.py] => CNN top1 curve: [77.68, 69.7, 64.84, 61.18]
2026-07-31 20:19:16,881 [trainer.py] => CNN top5 curve: [99.11, 95.52, 93.73, 90.35]
2026-07-31 20:19:16,882 [trainer.py] => Average Accuracy (CNN top1): 68.35
2026-07-31 20:19:16,886 [simplecil.py] => Learning on 40-50
2026-07-31 20:19:28,696 [trainer.py] => CNN: {'total': 58.96, '00-09': 58.63, '10-19': 59.28, '20-29': 55.09, '30-39': 60.96, '40-49': 60.84, 'old': 58.49, 'new': 60.84, 'harmonic': 59.64}
2026-07-31 20:19:28,697 [trainer.py] => CNN top1 curve: [77.68, 69.7, 64.84, 61.18, 58.96]
2026-07-31 20:19:28,697 [trainer.py] => CNN top5 curve: [99.11, 95.52, 93.73, 90.35, 88.44]
2026-07-31 20:19:28,697 [trainer.py] => Average Accuracy (CNN top1): 66.472
2026-07-31 20:19:28,699 [simplecil.py] => Learning on 50-60
2026-07-31 20:19:40,994 [trainer.py] => CNN: {'total': 57.93, '00-09': 54.76, '10-19': 57.49, '20-29': 53.59, '30-39': 59.46, '40-49': 59.64, '50-59': 62.69, 'old': 56.98, 'new': 62.69, 'harmonic': 59.7}
2026-07-31 20:19:40,994 [trainer.py] => CNN top1 curve: [77.68, 69.7, 64.84, 61.18, 58.96, 57.93]
2026-07-31 20:19:40,994 [trainer.py] => CNN top5 curve: [99.11, 95.52, 93.73, 90.35, 88.44, 86.08]
2026-07-31 20:19:40,994 [trainer.py] => Average Accuracy (CNN top1): 65.04833333333333
2026-07-31 20:19:40,996 [simplecil.py] => Learning on 60-70
2026-07-31 20:19:51,785 [trainer.py] => CNN: {'total': 53.6, '00-09': 53.27, '10-19': 51.8, '20-29': 51.8, '30-39': 59.16, '40-49': 58.73, '50-59': 61.49, '60-69': 38.86, 'old': 56.04, 'new': 38.86, 'harmonic': 45.89}
2026-07-31 20:19:51,785 [trainer.py] => CNN top1 curve: [77.68, 69.7, 64.84, 61.18, 58.96, 57.93, 53.6]
2026-07-31 20:19:51,786 [trainer.py] => CNN top5 curve: [99.11, 95.52, 93.73, 90.35, 88.44, 86.08, 83.13]
2026-07-31 20:19:51,786 [trainer.py] => Average Accuracy (CNN top1): 63.41285714285714
2026-07-31 20:19:51,788 [simplecil.py] => Learning on 70-80
2026-07-31 20:20:06,890 [trainer.py] => CNN: {'total': 50.45, '00-09': 52.38, '10-19': 50.0, '20-29': 48.5, '30-39': 55.56, '40-49': 57.23, '50-59': 61.19, '60-69': 36.75, '70-79': 41.87, 'old': 51.67, 'new': 41.87, 'harmonic': 46.26}
2026-07-31 20:20:06,891 [trainer.py] => CNN top1 curve: [77.68, 69.7, 64.84, 61.18, 58.96, 57.93, 53.6, 50.45]
2026-07-31 20:20:06,891 [trainer.py] => CNN top5 curve: [99.11, 95.52, 93.73, 90.35, 88.44, 86.08, 83.13, 79.57]
2026-07-31 20:20:06,892 [trainer.py] => Average Accuracy (CNN top1): 61.7925
2026-07-31 20:20:06,897 [simplecil.py] => Learning on 80-90
2026-07-31 20:20:23,090 [trainer.py] => CNN: {'total': 48.28, '00-09': 46.43, '10-19': 47.01, '20-29': 44.61, '30-39': 54.65, '40-49': 55.42, '50-59': 60.9, '60-69': 33.73, '70-79': 41.27, '80-89': 50.45, 'old': 48.01, 'new': 50.45, 'harmonic': 49.2}
2026-07-31 20:20:23,090 [trainer.py] => CNN top1 curve: [77.68, 69.7, 64.84, 61.18, 58.96, 57.93, 53.6, 50.45, 48.28]
2026-07-31 20:20:23,091 [trainer.py] => CNN top5 curve: [99.11, 95.52, 93.73, 90.35, 88.44, 86.08, 83.13, 79.57, 78.37]
2026-07-31 20:20:23,091 [trainer.py] => Average Accuracy (CNN top1): 60.291111111111114
2026-07-31 20:20:23,093 [simplecil.py] => Learning on 90-100
2026-07-31 20:21:13,965 [trainer.py] => CNN: {'total': 47.94, '00-09': 45.83, '10-19': 45.21, '20-29': 41.62, '30-39': 52.85, '40-49': 53.61, '50-59': 60.6, '60-69': 33.43, '70-79': 39.46, '80-89': 49.25, '90-99': 57.53, 'old': 46.88, 'new': 57.53, 'harmonic': 51.66}
2026-07-31 20:21:13,966 [trainer.py] => CNN top1 curve: [77.68, 69.7, 64.84, 61.18, 58.96, 57.93, 53.6, 50.45, 48.28, 47.94]
2026-07-31 20:21:13,966 [trainer.py] => CNN top5 curve: [99.11, 95.52, 93.73, 90.35, 88.44, 86.08, 83.13, 79.57, 78.37, 78.55]
2026-07-31 20:21:13,966 [trainer.py] => Average Accuracy (CNN top1): 59.056
2026-08-01 01:17:09,188 [trainer.py] => config: configs/simplecil/simplecil_aircraft_B0_Inc10.json
2026-08-01 01:17:09,204 [trainer.py] => prefix: -
2026-08-01 01:17:09,204 [trainer.py] => dataset: aircraft
2026-08-01 01:17:09,204 [trainer.py] => memory_size: 0
2026-08-01 01:17:09,204 [trainer.py] => memory_per_class: 0
2026-08-01 01:17:09,204 [trainer.py] => fixed_memory: False
2026-08-01 01:17:09,204 [trainer.py] => shuffle: True
2026-08-01 01:17:09,204 [trainer.py] => init_cls: 10
2026-08-01 01:17:09,204 [trainer.py] => increment: 10
2026-08-01 01:17:09,204 [trainer.py] => model_name: simplecil
2026-08-01 01:17:09,204 [trainer.py] => backbone_type: clip
2026-08-01 01:17:09,204 [trainer.py] => device: [device(type='cuda', index=1)]
2026-08-01 01:17:09,204 [trainer.py] => seed: 1993
2026-08-01 01:17:09,205 [trainer.py] => total_class_num: 100
2026-08-01 01:17:09,642 [data_manager.py] => [68, 56, 78, 8, 23, 84, 90, 65, 74, 76, 40, 89, 3, 92, 55, 9, 26, 80, 43, 38, 58, 70, 77, 1, 85, 19, 17, 50, 28, 53, 13, 81, 45, 82, 6, 59, 83, 16, 15, 44, 91, 41, 72, 60, 79, 52, 20, 10, 31, 54, 37, 95, 14, 71, 96, 98, 97, 2, 64, 66, 42, 22, 35, 86, 24, 34, 87, 21, 99, 0, 88, 27, 18, 94, 11, 12, 47, 25, 30, 46, 62, 69, 36, 61, 7, 63, 75, 5, 32, 4, 51, 48, 73, 93, 39, 67, 29, 49, 57, 33]
2026-08-01 01:17:18,711 [instantiator.py] => Created a temporary directory at /tmp/tmp5fd4eq43
2026-08-01 01:17:18,712 [instantiator.py] => Writing /tmp/tmp5fd4eq43/_remote_module_non_scriptable.py
2026-08-01 01:17:20,319 [factory.py] => Loaded ViT-B-16 model config.
2026-08-01 01:17:21,690 [factory.py] => Loading pretrained ViT-B-16 weights (/public/home/hanlida/Dr.1/pretrained_models/open_clip_pytorch_model_laion400m_e32.bin).
2026-08-01 01:17:24,304 [factory.py] => Loaded ViT-B-16 model config.
2026-08-01 01:17:25,473 [factory.py] => Loading pretrained ViT-B-16 weights (/public/home/hanlida/Dr.1/pretrained_models/open_clip_pytorch_model_laion400m_e32.bin).
2026-08-01 01:17:27,972 [simplecil.py] => Learning on 0-10
2026-08-01 01:17:34,600 [trainer.py] => CNN: {'total': 77.68, '00-09': 77.68, 'old': 0, 'new': 77.68, 'harmonic': 0.0}
2026-08-01 01:17:34,601 [trainer.py] => CNN top1 curve: [77.68]
2026-08-01 01:17:34,601 [trainer.py] => CNN top5 curve: [99.11]
2026-08-01 01:17:34,601 [trainer.py] => Average Accuracy (CNN top1): 77.68
2026-08-01 01:17:34,603 [simplecil.py] => Learning on 10-20
2026-08-01 01:17:42,120 [trainer.py] => CNN: {'total': 69.7, '00-09': 68.15, '10-19': 71.26, 'old': 68.15, 'new': 71.26, 'harmonic': 69.67}
2026-08-01 01:17:42,121 [trainer.py] => CNN top1 curve: [77.68, 69.7]
2026-08-01 01:17:42,121 [trainer.py] => CNN top5 curve: [99.11, 95.52]
2026-08-01 01:17:42,121 [trainer.py] => Average Accuracy (CNN top1): 73.69
2026-08-01 01:17:42,122 [simplecil.py] => Learning on 20-30
2026-08-01 01:17:49,833 [trainer.py] => CNN: {'total': 64.84, '00-09': 62.5, '10-19': 64.97, '20-29': 67.07, 'old': 63.73, 'new': 67.07, 'harmonic': 65.36}
2026-08-01 01:17:49,833 [trainer.py] => CNN top1 curve: [77.68, 69.7, 64.84]
2026-08-01 01:17:49,834 [trainer.py] => CNN top5 curve: [99.11, 95.52, 93.73]
2026-08-01 01:17:49,834 [trainer.py] => Average Accuracy (CNN top1): 70.74
2026-08-01 01:17:49,835 [simplecil.py] => Learning on 30-40
2026-08-01 01:17:58,502 [trainer.py] => CNN: {'total': 61.18, '00-09': 60.42, '10-19': 59.58, '20-29': 62.57, '30-39': 62.16, 'old': 60.86, 'new': 62.16, 'harmonic': 61.5}
2026-08-01 01:17:58,502 [trainer.py] => CNN top1 curve: [77.68, 69.7, 64.84, 61.18]
2026-08-01 01:17:58,502 [trainer.py] => CNN top5 curve: [99.11, 95.52, 93.73, 90.35]
2026-08-01 01:17:58,502 [trainer.py] => Average Accuracy (CNN top1): 68.35
2026-08-01 01:17:58,503 [simplecil.py] => Learning on 40-50
2026-08-01 01:18:09,541 [trainer.py] => CNN: {'total': 58.96, '00-09': 58.63, '10-19': 59.28, '20-29': 55.09, '30-39': 60.96, '40-49': 60.84, 'old': 58.49, 'new': 60.84, 'harmonic': 59.64}
2026-08-01 01:18:09,542 [trainer.py] => CNN top1 curve: [77.68, 69.7, 64.84, 61.18, 58.96]
2026-08-01 01:18:09,542 [trainer.py] => CNN top5 curve: [99.11, 95.52, 93.73, 90.35, 88.44]
2026-08-01 01:18:09,542 [trainer.py] => Average Accuracy (CNN top1): 66.472
2026-08-01 01:18:09,545 [simplecil.py] => Learning on 50-60
2026-08-01 01:18:19,878 [trainer.py] => CNN: {'total': 57.93, '00-09': 54.76, '10-19': 57.49, '20-29': 53.59, '30-39': 59.46, '40-49': 59.64, '50-59': 62.69, 'old': 56.98, 'new': 62.69, 'harmonic': 59.7}
2026-08-01 01:18:19,879 [trainer.py] => CNN top1 curve: [77.68, 69.7, 64.84, 61.18, 58.96, 57.93]
2026-08-01 01:18:19,879 [trainer.py] => CNN top5 curve: [99.11, 95.52, 93.73, 90.35, 88.44, 86.08]
2026-08-01 01:18:19,879 [trainer.py] => Average Accuracy (CNN top1): 65.04833333333333
2026-08-01 01:18:19,880 [simplecil.py] => Learning on 60-70
2026-08-01 01:18:30,832 [trainer.py] => CNN: {'total': 53.6, '00-09': 53.27, '10-19': 51.8, '20-29': 51.8, '30-39': 59.16, '40-49': 58.73, '50-59': 61.49, '60-69': 38.86, 'old': 56.04, 'new': 38.86, 'harmonic': 45.89}
2026-08-01 01:18:30,833 [trainer.py] => CNN top1 curve: [77.68, 69.7, 64.84, 61.18, 58.96, 57.93, 53.6]
2026-08-01 01:18:30,833 [trainer.py] => CNN top5 curve: [99.11, 95.52, 93.73, 90.35, 88.44, 86.08, 83.13]
2026-08-01 01:18:30,833 [trainer.py] => Average Accuracy (CNN top1): 63.41285714285714
2026-08-01 01:18:30,850 [simplecil.py] => Learning on 70-80
2026-08-01 01:18:43,764 [trainer.py] => CNN: {'total': 50.45, '00-09': 52.38, '10-19': 50.0, '20-29': 48.5, '30-39': 55.56, '40-49': 57.23, '50-59': 61.19, '60-69': 36.75, '70-79': 41.87, 'old': 51.67, 'new': 41.87, 'harmonic': 46.26}
2026-08-01 01:18:43,765 [trainer.py] => CNN top1 curve: [77.68, 69.7, 64.84, 61.18, 58.96, 57.93, 53.6, 50.45]
2026-08-01 01:18:43,765 [trainer.py] => CNN top5 curve: [99.11, 95.52, 93.73, 90.35, 88.44, 86.08, 83.13, 79.57]
2026-08-01 01:18:43,765 [trainer.py] => Average Accuracy (CNN top1): 61.7925
2026-08-01 01:18:43,766 [simplecil.py] => Learning on 80-90
2026-08-01 01:18:56,682 [trainer.py] => CNN: {'total': 48.28, '00-09': 46.43, '10-19': 47.01, '20-29': 44.61, '30-39': 54.65, '40-49': 55.42, '50-59': 60.9, '60-69': 33.73, '70-79': 41.27, '80-89': 50.45, 'old': 48.01, 'new': 50.45, 'harmonic': 49.2}
2026-08-01 01:18:56,682 [trainer.py] => CNN top1 curve: [77.68, 69.7, 64.84, 61.18, 58.96, 57.93, 53.6, 50.45, 48.28]
2026-08-01 01:18:56,682 [trainer.py] => CNN top5 curve: [99.11, 95.52, 93.73, 90.35, 88.44, 86.08, 83.13, 79.57, 78.37]
2026-08-01 01:18:56,682 [trainer.py] => Average Accuracy (CNN top1): 60.291111111111114
2026-08-01 01:18:56,684 [simplecil.py] => Learning on 90-100
2026-08-01 01:19:40,109 [trainer.py] => CNN: {'total': 47.94, '00-09': 45.83, '10-19': 45.21, '20-29': 41.62, '30-39': 52.85, '40-49': 53.61, '50-59': 60.6, '60-69': 33.43, '70-79': 39.46, '80-89': 49.25, '90-99': 57.53, 'old': 46.88, 'new': 57.53, 'harmonic': 51.66}
2026-08-01 01:19:40,110 [trainer.py] => CNN top1 curve: [77.68, 69.7, 64.84, 61.18, 58.96, 57.93, 53.6, 50.45, 48.28, 47.94]
2026-08-01 01:19:40,110 [trainer.py] => CNN top5 curve: [99.11, 95.52, 93.73, 90.35, 88.44, 86.08, 83.13, 79.57, 78.37, 78.55]
2026-08-01 01:19:40,110 [trainer.py] => Average Accuracy (CNN top1): 59.056
2026-08-01 02:52:22,605 [trainer.py] => config: configs/simplecil/simplecil_aircraft_B0_Inc10.json
2026-08-01 02:52:22,625 [trainer.py] => prefix: -
2026-08-01 02:52:22,625 [trainer.py] => dataset: aircraft
2026-08-01 02:52:22,625 [trainer.py] => memory_size: 0
2026-08-01 02:52:22,625 [trainer.py] => memory_per_class: 0
2026-08-01 02:52:22,625 [trainer.py] => fixed_memory: False
2026-08-01 02:52:22,625 [trainer.py] => shuffle: True
2026-08-01 02:52:22,625 [trainer.py] => init_cls: 10
2026-08-01 02:52:22,626 [trainer.py] => increment: 10
2026-08-01 02:52:22,626 [trainer.py] => model_name: simplecil
2026-08-01 02:52:22,626 [trainer.py] => backbone_type: clip
2026-08-01 02:52:22,626 [trainer.py] => device: [device(type='cuda', index=1)]
2026-08-01 02:52:22,626 [trainer.py] => seed: 1993
2026-08-01 02:52:22,626 [trainer.py] => total_class_num: 100
2026-08-01 02:52:22,952 [data_manager.py] => [68, 56, 78, 8, 23, 84, 90, 65, 74, 76, 40, 89, 3, 92, 55, 9, 26, 80, 43, 38, 58, 70, 77, 1, 85, 19, 17, 50, 28, 53, 13, 81, 45, 82, 6, 59, 83, 16, 15, 44, 91, 41, 72, 60, 79, 52, 20, 10, 31, 54, 37, 95, 14, 71, 96, 98, 97, 2, 64, 66, 42, 22, 35, 86, 24, 34, 87, 21, 99, 0, 88, 27, 18, 94, 11, 12, 47, 25, 30, 46, 62, 69, 36, 61, 7, 63, 75, 5, 32, 4, 51, 48, 73, 93, 39, 67, 29, 49, 57, 33]
2026-08-01 02:52:32,719 [instantiator.py] => Created a temporary directory at /tmp/tmp7weos57q
2026-08-01 02:52:32,720 [instantiator.py] => Writing /tmp/tmp7weos57q/_remote_module_non_scriptable.py
2026-08-01 02:52:34,336 [factory.py] => Loaded ViT-B-16 model config.
2026-08-01 02:52:36,151 [factory.py] => Loading pretrained ViT-B-16 weights (/public/home/hanlida/Dr.1/pretrained_models/open_clip_pytorch_model_laion400m_e32.bin).
2026-08-01 02:52:38,349 [factory.py] => Loaded ViT-B-16 model config.
2026-08-01 02:52:39,682 [factory.py] => Loading pretrained ViT-B-16 weights (/public/home/hanlida/Dr.1/pretrained_models/open_clip_pytorch_model_laion400m_e32.bin).
2026-08-01 02:52:42,048 [simplecil.py] => Learning on 0-10
2026-08-01 02:52:49,839 [trainer.py] => CNN: {'total': 77.68, '00-09': 77.68, 'old': 0, 'new': 77.68, 'harmonic': 0.0}
2026-08-01 02:52:49,839 [trainer.py] => CNN top1 curve: [77.68]
2026-08-01 02:52:49,840 [trainer.py] => CNN top5 curve: [99.11]
2026-08-01 02:52:49,840 [trainer.py] => Average Accuracy (CNN top1): 77.68
2026-08-01 02:52:49,841 [simplecil.py] => Learning on 10-20
2026-08-01 02:52:56,962 [trainer.py] => CNN: {'total': 69.7, '00-09': 68.15, '10-19': 71.26, 'old': 68.15, 'new': 71.26, 'harmonic': 69.67}
2026-08-01 02:52:56,962 [trainer.py] => CNN top1 curve: [77.68, 69.7]
2026-08-01 02:52:56,962 [trainer.py] => CNN top5 curve: [99.11, 95.52]
2026-08-01 02:52:56,962 [trainer.py] => Average Accuracy (CNN top1): 73.69
2026-08-01 02:52:56,963 [simplecil.py] => Learning on 20-30
2026-08-01 02:53:04,239 [trainer.py] => CNN: {'total': 64.84, '00-09': 62.5, '10-19': 64.97, '20-29': 67.07, 'old': 63.73, 'new': 67.07, 'harmonic': 65.36}
2026-08-01 02:53:04,239 [trainer.py] => CNN top1 curve: [77.68, 69.7, 64.84]
2026-08-01 02:53:04,239 [trainer.py] => CNN top5 curve: [99.11, 95.52, 93.73]
2026-08-01 02:53:04,239 [trainer.py] => Average Accuracy (CNN top1): 70.74
2026-08-01 02:53:04,240 [simplecil.py] => Learning on 30-40
2026-08-01 02:53:12,718 [trainer.py] => CNN: {'total': 61.18, '00-09': 60.42, '10-19': 59.58, '20-29': 62.57, '30-39': 62.16, 'old': 60.86, 'new': 62.16, 'harmonic': 61.5}
2026-08-01 02:53:12,719 [trainer.py] => CNN top1 curve: [77.68, 69.7, 64.84, 61.18]
2026-08-01 02:53:12,719 [trainer.py] => CNN top5 curve: [99.11, 95.52, 93.73, 90.35]
2026-08-01 02:53:12,719 [trainer.py] => Average Accuracy (CNN top1): 68.35
2026-08-01 02:53:12,720 [simplecil.py] => Learning on 40-50
2026-08-01 02:53:22,040 [trainer.py] => CNN: {'total': 58.96, '00-09': 58.63, '10-19': 59.28, '20-29': 55.09, '30-39': 60.96, '40-49': 60.84, 'old': 58.49, 'new': 60.84, 'harmonic': 59.64}
2026-08-01 02:53:22,041 [trainer.py] => CNN top1 curve: [77.68, 69.7, 64.84, 61.18, 58.96]
2026-08-01 02:53:22,041 [trainer.py] => CNN top5 curve: [99.11, 95.52, 93.73, 90.35, 88.44]
2026-08-01 02:53:22,041 [trainer.py] => Average Accuracy (CNN top1): 66.472
2026-08-01 02:53:22,043 [simplecil.py] => Learning on 50-60
2026-08-01 02:53:30,807 [trainer.py] => CNN: {'total': 57.93, '00-09': 54.76, '10-19': 57.49, '20-29': 53.59, '30-39': 59.46, '40-49': 59.64, '50-59': 62.69, 'old': 56.98, 'new': 62.69, 'harmonic': 59.7}
2026-08-01 02:53:30,807 [trainer.py] => CNN top1 curve: [77.68, 69.7, 64.84, 61.18, 58.96, 57.93]
2026-08-01 02:53:30,807 [trainer.py] => CNN top5 curve: [99.11, 95.52, 93.73, 90.35, 88.44, 86.08]
2026-08-01 02:53:30,807 [trainer.py] => Average Accuracy (CNN top1): 65.04833333333333
2026-08-01 02:53:30,809 [simplecil.py] => Learning on 60-70
2026-08-01 02:53:40,586 [trainer.py] => CNN: {'total': 53.6, '00-09': 53.27, '10-19': 51.8, '20-29': 51.8, '30-39': 59.16, '40-49': 58.73, '50-59': 61.49, '60-69': 38.86, 'old': 56.04, 'new': 38.86, 'harmonic': 45.89}
2026-08-01 02:53:40,586 [trainer.py] => CNN top1 curve: [77.68, 69.7, 64.84, 61.18, 58.96, 57.93, 53.6]
2026-08-01 02:53:40,586 [trainer.py] => CNN top5 curve: [99.11, 95.52, 93.73, 90.35, 88.44, 86.08, 83.13]
2026-08-01 02:53:40,586 [trainer.py] => Average Accuracy (CNN top1): 63.41285714285714
2026-08-01 02:53:40,587 [simplecil.py] => Learning on 70-80
2026-08-01 02:53:51,660 [trainer.py] => CNN: {'total': 50.45, '00-09': 52.38, '10-19': 50.0, '20-29': 48.5, '30-39': 55.56, '40-49': 57.23, '50-59': 61.19, '60-69': 36.75, '70-79': 41.87, 'old': 51.67, 'new': 41.87, 'harmonic': 46.26}
2026-08-01 02:53:51,661 [trainer.py] => CNN top1 curve: [77.68, 69.7, 64.84, 61.18, 58.96, 57.93, 53.6, 50.45]
2026-08-01 02:53:51,661 [trainer.py] => CNN top5 curve: [99.11, 95.52, 93.73, 90.35, 88.44, 86.08, 83.13, 79.57]
2026-08-01 02:53:51,661 [trainer.py] => Average Accuracy (CNN top1): 61.7925
2026-08-01 02:53:51,664 [simplecil.py] => Learning on 80-90
2026-08-01 02:54:03,285 [trainer.py] => CNN: {'total': 48.28, '00-09': 46.43, '10-19': 47.01, '20-29': 44.61, '30-39': 54.65, '40-49': 55.42, '50-59': 60.9, '60-69': 33.73, '70-79': 41.27, '80-89': 50.45, 'old': 48.01, 'new': 50.45, 'harmonic': 49.2}
2026-08-01 02:54:03,286 [trainer.py] => CNN top1 curve: [77.68, 69.7, 64.84, 61.18, 58.96, 57.93, 53.6, 50.45, 48.28]
2026-08-01 02:54:03,286 [trainer.py] => CNN top5 curve: [99.11, 95.52, 93.73, 90.35, 88.44, 86.08, 83.13, 79.57, 78.37]
2026-08-01 02:54:03,287 [trainer.py] => Average Accuracy (CNN top1): 60.291111111111114
2026-08-01 02:54:03,316 [simplecil.py] => Learning on 90-100
2026-08-01 02:54:46,983 [trainer.py] => CNN: {'total': 47.94, '00-09': 45.83, '10-19': 45.21, '20-29': 41.62, '30-39': 52.85, '40-49': 53.61, '50-59': 60.6, '60-69': 33.43, '70-79': 39.46, '80-89': 49.25, '90-99': 57.53, 'old': 46.88, 'new': 57.53, 'harmonic': 51.66}
2026-08-01 02:54:46,983 [trainer.py] => CNN top1 curve: [77.68, 69.7, 64.84, 61.18, 58.96, 57.93, 53.6, 50.45, 48.28, 47.94]
2026-08-01 02:54:46,983 [trainer.py] => CNN top5 curve: [99.11, 95.52, 93.73, 90.35, 88.44, 86.08, 83.13, 79.57, 78.37, 78.55]
2026-08-01 02:54:46,984 [trainer.py] => Average Accuracy (CNN top1): 59.056
