2026-06-15 17:38:39,294 [trainer.py] => config: ./configs/simplecil/simplecil_aircraft_B0_Inc10.json
2026-06-15 17:38:39,294 [trainer.py] => prefix: -
2026-06-15 17:38:39,294 [trainer.py] => dataset: aircraft
2026-06-15 17:38:39,294 [trainer.py] => memory_size: 0
2026-06-15 17:38:39,294 [trainer.py] => memory_per_class: 0
2026-06-15 17:38:39,294 [trainer.py] => fixed_memory: False
2026-06-15 17:38:39,294 [trainer.py] => shuffle: True
2026-06-15 17:38:39,295 [trainer.py] => init_cls: 10
2026-06-15 17:38:39,295 [trainer.py] => increment: 10
2026-06-15 17:38:39,295 [trainer.py] => model_name: simplecil
2026-06-15 17:38:39,295 [trainer.py] => backbone_type: clip
2026-06-15 17:38:39,295 [trainer.py] => device: [device(type='cuda', index=5)]
2026-06-15 17:38:39,295 [trainer.py] => seed: 0
2026-06-15 17:38:39,295 [trainer.py] => total_class_num: 100
2026-06-15 17:38:39,396 [data_manager.py] => [26, 86, 2, 55, 75, 93, 16, 73, 54, 95, 53, 92, 78, 13, 7, 30, 22, 24, 33, 8, 43, 62, 3, 71, 45, 48, 6, 99, 82, 76, 60, 80, 90, 68, 51, 27, 18, 56, 63, 74, 1, 61, 42, 41, 4, 15, 17, 40, 38, 5, 91, 59, 0, 34, 28, 50, 11, 35, 23, 52, 10, 31, 66, 57, 79, 85, 32, 84, 14, 89, 19, 29, 49, 97, 98, 69, 20, 94, 72, 77, 25, 37, 81, 46, 39, 65, 58, 12, 88, 70, 87, 36, 21, 83, 9, 96, 67, 64, 47, 44]
2026-06-15 17:38:40,743 [instantiator.py] => Created a temporary directory at /tmp/tmpo3emrxk_
2026-06-15 17:38:40,743 [instantiator.py] => Writing /tmp/tmpo3emrxk_/_remote_module_non_scriptable.py
2026-06-15 17:38:40,877 [factory.py] => Loaded ViT-B-16 model config.
2026-06-15 17:38:42,336 [factory.py] => Loading pretrained ViT-B-16 weights (/home/team/zhaohongwei/pretrained_models/open_clip_pytorch_model_laion400m_e32.bin).
2026-06-15 17:38:42,820 [factory.py] => Loaded ViT-B-16 model config.
2026-06-15 17:38:44,232 [factory.py] => Loading pretrained ViT-B-16 weights (/home/team/zhaohongwei/pretrained_models/open_clip_pytorch_model_laion400m_e32.bin).
2026-06-15 17:38:45,325 [simplecil.py] => Learning on 0-10
2026-06-15 17:38:50,318 [trainer.py] => CNN: {'total': 78.14, '00-09': 78.14, 'old': 0, 'new': 78.14, 'harmonic': 0.0}
2026-06-15 17:38:50,319 [trainer.py] => CNN top1 curve: [78.14]
2026-06-15 17:38:50,319 [trainer.py] => CNN top5 curve: [98.2]
2026-06-15 17:38:50,319 [trainer.py] => Average Accuracy (CNN top1): 78.14
2026-06-15 17:38:50,320 [simplecil.py] => Learning on 10-20
2026-06-15 17:38:55,778 [trainer.py] => CNN: {'total': 61.62, '00-09': 67.96, '10-19': 55.26, 'old': 67.96, 'new': 55.26, 'harmonic': 60.96}
2026-06-15 17:38:55,779 [trainer.py] => CNN top1 curve: [78.14, 61.62]
2026-06-15 17:38:55,779 [trainer.py] => CNN top5 curve: [98.2, 92.5]
2026-06-15 17:38:55,779 [trainer.py] => Average Accuracy (CNN top1): 69.88
2026-06-15 17:38:55,781 [simplecil.py] => Learning on 20-30
2026-06-15 17:39:07,240 [trainer.py] => CNN: {'total': 61.76, '00-09': 64.07, '10-19': 48.05, '20-29': 73.19, 'old': 56.07, 'new': 73.19, 'harmonic': 63.5}
2026-06-15 17:39:07,241 [trainer.py] => CNN top1 curve: [78.14, 61.62, 61.76]
2026-06-15 17:39:07,241 [trainer.py] => CNN top5 curve: [98.2, 92.5, 90.49]
2026-06-15 17:39:07,241 [trainer.py] => Average Accuracy (CNN top1): 67.17333333333333
2026-06-15 17:39:07,243 [simplecil.py] => Learning on 30-40
2026-06-15 17:39:20,226 [trainer.py] => CNN: {'total': 62.27, '00-09': 59.58, '10-19': 45.05, '20-29': 71.69, '30-39': 72.75, 'old': 58.76, 'new': 72.75, 'harmonic': 65.01}
2026-06-15 17:39:20,227 [trainer.py] => CNN top1 curve: [78.14, 61.62, 61.76, 62.27]
2026-06-15 17:39:20,227 [trainer.py] => CNN top5 curve: [98.2, 92.5, 90.49, 89.72]
2026-06-15 17:39:20,227 [trainer.py] => Average Accuracy (CNN top1): 65.94749999999999
2026-06-15 17:39:20,230 [simplecil.py] => Learning on 40-50
2026-06-15 17:39:34,006 [trainer.py] => CNN: {'total': 56.84, '00-09': 55.99, '10-19': 39.64, '20-29': 70.18, '30-39': 69.76, '40-49': 48.65, 'old': 58.89, 'new': 48.65, 'harmonic': 53.28}
2026-06-15 17:39:34,006 [trainer.py] => CNN top1 curve: [78.14, 61.62, 61.76, 62.27, 56.84]
2026-06-15 17:39:34,006 [trainer.py] => CNN top5 curve: [98.2, 92.5, 90.49, 89.72, 85.65]
2026-06-15 17:39:34,007 [trainer.py] => Average Accuracy (CNN top1): 64.126
2026-06-15 17:39:34,009 [simplecil.py] => Learning on 50-60
2026-06-15 17:39:48,825 [trainer.py] => CNN: {'total': 53.57, '00-09': 50.0, '10-19': 38.44, '20-29': 68.07, '30-39': 67.66, '40-49': 45.65, '50-59': 51.64, 'old': 53.96, 'new': 51.64, 'harmonic': 52.77}
2026-06-15 17:39:48,825 [trainer.py] => CNN top1 curve: [78.14, 61.62, 61.76, 62.27, 56.84, 53.57]
2026-06-15 17:39:48,825 [trainer.py] => CNN top5 curve: [98.2, 92.5, 90.49, 89.72, 85.65, 83.51]
2026-06-15 17:39:48,825 [trainer.py] => Average Accuracy (CNN top1): 62.36666666666667
2026-06-15 17:39:48,828 [simplecil.py] => Learning on 60-70
2026-06-15 17:40:04,091 [trainer.py] => CNN: {'total': 52.57, '00-09': 49.4, '10-19': 34.83, '20-29': 66.87, '30-39': 66.17, '40-49': 45.65, '50-59': 48.66, '60-69': 56.46, 'old': 51.92, 'new': 56.46, 'harmonic': 54.09}
2026-06-15 17:40:04,092 [trainer.py] => CNN top1 curve: [78.14, 61.62, 61.76, 62.27, 56.84, 53.57, 52.57]
2026-06-15 17:40:04,092 [trainer.py] => CNN top5 curve: [98.2, 92.5, 90.49, 89.72, 85.65, 83.51, 81.53]
2026-06-15 17:40:04,092 [trainer.py] => Average Accuracy (CNN top1): 60.96714285714285
2026-06-15 17:40:04,095 [simplecil.py] => Learning on 70-80
2026-06-15 17:40:18,533 [trainer.py] => CNN: {'total': 50.19, '00-09': 48.5, '10-19': 33.63, '20-29': 64.76, '30-39': 63.17, '40-49': 44.14, '50-59': 45.37, '60-69': 54.95, '70-79': 47.01, 'old': 50.64, 'new': 47.01, 'harmonic': 48.76}
2026-06-15 17:40:18,534 [trainer.py] => CNN top1 curve: [78.14, 61.62, 61.76, 62.27, 56.84, 53.57, 52.57, 50.19]
2026-06-15 17:40:18,534 [trainer.py] => CNN top5 curve: [98.2, 92.5, 90.49, 89.72, 85.65, 83.51, 81.53, 80.4]
2026-06-15 17:40:18,534 [trainer.py] => Average Accuracy (CNN top1): 59.62
2026-06-15 17:40:18,537 [simplecil.py] => Learning on 80-90
2026-06-15 17:40:37,565 [trainer.py] => CNN: {'total': 48.83, '00-09': 47.31, '10-19': 33.03, '20-29': 63.25, '30-39': 58.98, '40-49': 42.34, '50-59': 44.78, '60-69': 53.75, '70-79': 46.11, '80-89': 50.0, 'old': 48.69, 'new': 50.0, 'harmonic': 49.34}
2026-06-15 17:40:37,565 [trainer.py] => CNN top1 curve: [78.14, 61.62, 61.76, 62.27, 56.84, 53.57, 52.57, 50.19, 48.83]
2026-06-15 17:40:37,565 [trainer.py] => CNN top5 curve: [98.2, 92.5, 90.49, 89.72, 85.65, 83.51, 81.53, 80.4, 79.5]
2026-06-15 17:40:37,565 [trainer.py] => Average Accuracy (CNN top1): 58.42111111111111
2026-06-15 17:40:37,566 [simplecil.py] => Learning on 90-100
2026-06-15 17:40:54,736 [trainer.py] => CNN: {'total': 47.94, '00-09': 45.21, '10-19': 31.53, '20-29': 61.14, '30-39': 58.68, '40-49': 40.24, '50-59': 43.28, '60-69': 52.85, '70-79': 42.22, '80-89': 48.8, '90-99': 55.56, 'old': 47.1, 'new': 55.56, 'harmonic': 50.98}
2026-06-15 17:40:54,736 [trainer.py] => CNN top1 curve: [78.14, 61.62, 61.76, 62.27, 56.84, 53.57, 52.57, 50.19, 48.83, 47.94]
2026-06-15 17:40:54,736 [trainer.py] => CNN top5 curve: [98.2, 92.5, 90.49, 89.72, 85.65, 83.51, 81.53, 80.4, 79.5, 78.55]
2026-06-15 17:40:54,737 [trainer.py] => Average Accuracy (CNN top1): 57.373000000000005
