2026-06-15 18:36:27,696 [trainer.py] => config: ./configs/simplecil/simplecil_cars_B0_Inc10.json
2026-06-15 18:36:27,696 [trainer.py] => prefix: -
2026-06-15 18:36:27,696 [trainer.py] => dataset: cars
2026-06-15 18:36:27,696 [trainer.py] => memory_size: 0
2026-06-15 18:36:27,697 [trainer.py] => memory_per_class: 0
2026-06-15 18:36:27,697 [trainer.py] => fixed_memory: False
2026-06-15 18:36:27,697 [trainer.py] => shuffle: True
2026-06-15 18:36:27,697 [trainer.py] => init_cls: 10
2026-06-15 18:36:27,697 [trainer.py] => increment: 10
2026-06-15 18:36:27,697 [trainer.py] => model_name: simplecil
2026-06-15 18:36:27,697 [trainer.py] => backbone_type: clip
2026-06-15 18:36:27,697 [trainer.py] => device: [device(type='cuda', index=5)]
2026-06-15 18:36:27,697 [trainer.py] => seed: 2026
2026-06-15 18:36:27,697 [trainer.py] => total_class_num: 100
2026-06-15 18:36:27,735 [data_manager.py] => [98, 10, 4, 18, 88, 13, 8, 84, 79, 21, 85, 96, 53, 42, 52, 97, 74, 5, 58, 23, 90, 59, 16, 72, 75, 30, 43, 99, 44, 41, 0, 46, 61, 80, 65, 39, 70, 87, 89, 91, 82, 14, 12, 71, 50, 11, 15, 57, 22, 67, 45, 32, 78, 63, 66, 55, 31, 62, 35, 34, 19, 49, 24, 9, 37, 36, 3, 64, 40, 86, 81, 93, 47, 73, 17, 60, 68, 25, 38, 48, 33, 20, 83, 7, 27, 94, 54, 2, 92, 76, 69, 51, 28, 29, 95, 77, 56, 26, 6, 1]
2026-06-15 18:36:27,765 [factory.py] => Loaded ViT-B-16 model config.
2026-06-15 18:36:29,277 [factory.py] => Loading pretrained ViT-B-16 weights (/home/team/zhaohongwei/pretrained_models/open_clip_pytorch_model_laion400m_e32.bin).
2026-06-15 18:36:29,774 [factory.py] => Loaded ViT-B-16 model config.
2026-06-15 18:36:31,162 [factory.py] => Loading pretrained ViT-B-16 weights (/home/team/zhaohongwei/pretrained_models/open_clip_pytorch_model_laion400m_e32.bin).
2026-06-15 18:36:31,725 [simplecil.py] => Learning on 0-10
2026-06-15 18:36:35,813 [trainer.py] => CNN: {'total': 95.81, '00-09': 95.81, 'old': 0, 'new': 95.81, 'harmonic': 0.0}
2026-06-15 18:36:35,814 [trainer.py] => CNN top1 curve: [95.81]
2026-06-15 18:36:35,814 [trainer.py] => CNN top5 curve: [100.0]
2026-06-15 18:36:35,814 [trainer.py] => Average Accuracy (CNN top1): 95.81
2026-06-15 18:36:35,816 [simplecil.py] => Learning on 10-20
2026-06-15 18:36:41,311 [trainer.py] => CNN: {'total': 96.35, '00-09': 93.35, '10-19': 99.28, 'old': 93.35, 'new': 99.28, 'harmonic': 96.22}
2026-06-15 18:36:41,312 [trainer.py] => CNN top1 curve: [95.81, 96.35]
2026-06-15 18:36:41,312 [trainer.py] => CNN top5 curve: [100.0, 100.0]
2026-06-15 18:36:41,312 [trainer.py] => Average Accuracy (CNN top1): 96.08
2026-06-15 18:36:41,314 [simplecil.py] => Learning on 20-30
2026-06-15 18:36:47,584 [trainer.py] => CNN: {'total': 94.51, '00-09': 90.64, '10-19': 98.07, '20-29': 94.75, 'old': 94.4, 'new': 94.75, 'harmonic': 94.57}
2026-06-15 18:36:47,585 [trainer.py] => CNN top1 curve: [95.81, 96.35, 94.51]
2026-06-15 18:36:47,585 [trainer.py] => CNN top5 curve: [100.0, 100.0, 99.92]
2026-06-15 18:36:47,585 [trainer.py] => Average Accuracy (CNN top1): 95.55666666666667
2026-06-15 18:36:47,587 [simplecil.py] => Learning on 30-40
2026-06-15 18:36:55,244 [trainer.py] => CNN: {'total': 95.1, '00-09': 90.15, '10-19': 97.83, '20-29': 94.49, '30-39': 97.81, 'old': 94.18, 'new': 97.81, 'harmonic': 95.96}
2026-06-15 18:36:55,245 [trainer.py] => CNN top1 curve: [95.81, 96.35, 94.51, 95.1]
2026-06-15 18:36:55,245 [trainer.py] => CNN top5 curve: [100.0, 100.0, 99.92, 99.94]
2026-06-15 18:36:55,245 [trainer.py] => Average Accuracy (CNN top1): 95.4425
2026-06-15 18:36:55,247 [simplecil.py] => Learning on 40-50
2026-06-15 18:37:04,222 [trainer.py] => CNN: {'total': 92.73, '00-09': 86.7, '10-19': 96.39, '20-29': 94.23, '30-39': 96.35, '40-49': 90.0, 'old': 93.43, 'new': 90.0, 'harmonic': 91.68}
2026-06-15 18:37:04,223 [trainer.py] => CNN top1 curve: [95.81, 96.35, 94.51, 95.1, 92.73]
2026-06-15 18:37:04,223 [trainer.py] => CNN top5 curve: [100.0, 100.0, 99.92, 99.94, 99.9]
2026-06-15 18:37:04,223 [trainer.py] => Average Accuracy (CNN top1): 94.9
2026-06-15 18:37:04,226 [simplecil.py] => Learning on 50-60
2026-06-15 18:37:13,903 [trainer.py] => CNN: {'total': 92.09, '00-09': 85.71, '10-19': 96.14, '20-29': 92.13, '30-39': 93.92, '40-49': 90.0, '50-59': 94.47, 'old': 91.6, 'new': 94.47, 'harmonic': 93.01}
2026-06-15 18:37:13,903 [trainer.py] => CNN top1 curve: [95.81, 96.35, 94.51, 95.1, 92.73, 92.09]
2026-06-15 18:37:13,904 [trainer.py] => CNN top5 curve: [100.0, 100.0, 99.92, 99.94, 99.9, 99.84]
2026-06-15 18:37:13,904 [trainer.py] => Average Accuracy (CNN top1): 94.43166666666667
2026-06-15 18:37:13,906 [simplecil.py] => Learning on 60-70
2026-06-15 18:37:25,105 [trainer.py] => CNN: {'total': 89.72, '00-09': 84.73, '10-19': 93.73, '20-29': 90.81, '30-39': 93.43, '40-49': 87.56, '50-59': 93.99, '60-69': 83.74, 'old': 90.73, 'new': 83.74, 'harmonic': 87.09}
2026-06-15 18:37:25,106 [trainer.py] => CNN top1 curve: [95.81, 96.35, 94.51, 95.1, 92.73, 92.09, 89.72]
2026-06-15 18:37:25,106 [trainer.py] => CNN top5 curve: [100.0, 100.0, 99.92, 99.94, 99.9, 99.84, 99.79]
2026-06-15 18:37:25,106 [trainer.py] => Average Accuracy (CNN top1): 93.75857142857144
2026-06-15 18:37:25,108 [simplecil.py] => Learning on 70-80
2026-06-15 18:37:37,800 [trainer.py] => CNN: {'total': 88.55, '00-09': 83.99, '10-19': 93.73, '20-29': 88.19, '30-39': 93.43, '40-49': 85.85, '50-59': 93.99, '60-69': 83.5, '70-79': 85.38, 'old': 88.99, 'new': 85.38, 'harmonic': 87.15}
2026-06-15 18:37:37,800 [trainer.py] => CNN top1 curve: [95.81, 96.35, 94.51, 95.1, 92.73, 92.09, 89.72, 88.55]
2026-06-15 18:37:37,800 [trainer.py] => CNN top5 curve: [100.0, 100.0, 99.92, 99.94, 99.9, 99.84, 99.79, 99.75]
2026-06-15 18:37:37,800 [trainer.py] => Average Accuracy (CNN top1): 93.1075
2026-06-15 18:37:37,802 [simplecil.py] => Learning on 80-90
2026-06-15 18:37:51,895 [trainer.py] => CNN: {'total': 87.27, '00-09': 83.0, '10-19': 92.77, '20-29': 83.99, '30-39': 93.19, '40-49': 83.9, '50-59': 93.75, '60-69': 82.28, '70-79': 85.38, '80-89': 86.63, 'old': 87.35, 'new': 86.63, 'harmonic': 86.99}
2026-06-15 18:37:51,896 [trainer.py] => CNN top1 curve: [95.81, 96.35, 94.51, 95.1, 92.73, 92.09, 89.72, 88.55, 87.27]
2026-06-15 18:37:51,896 [trainer.py] => CNN top5 curve: [100.0, 100.0, 99.92, 99.94, 99.9, 99.84, 99.79, 99.75, 99.62]
2026-06-15 18:37:51,896 [trainer.py] => Average Accuracy (CNN top1): 92.4588888888889
2026-06-15 18:37:51,898 [simplecil.py] => Learning on 90-100
2026-06-15 18:38:07,409 [trainer.py] => CNN: {'total': 86.97, '00-09': 82.76, '10-19': 91.81, '20-29': 83.73, '30-39': 91.73, '40-49': 82.68, '50-59': 93.51, '60-69': 82.28, '70-79': 84.87, '80-89': 85.68, '90-99': 90.07, 'old': 86.61, 'new': 90.07, 'harmonic': 88.31}
2026-06-15 18:38:07,410 [trainer.py] => CNN top1 curve: [95.81, 96.35, 94.51, 95.1, 92.73, 92.09, 89.72, 88.55, 87.27, 86.97]
2026-06-15 18:38:07,410 [trainer.py] => CNN top5 curve: [100.0, 100.0, 99.92, 99.94, 99.9, 99.84, 99.79, 99.75, 99.62, 99.56]
2026-06-15 18:38:07,410 [trainer.py] => Average Accuracy (CNN top1): 91.91
