2026-06-15 18:40:56,716 [trainer.py] => config: ./configs/simplecil/simplecil_cars_B50_Inc10.json
2026-06-15 18:40:56,716 [trainer.py] => prefix: -
2026-06-15 18:40:56,716 [trainer.py] => dataset: cars
2026-06-15 18:40:56,716 [trainer.py] => memory_size: 0
2026-06-15 18:40:56,716 [trainer.py] => memory_per_class: 0
2026-06-15 18:40:56,716 [trainer.py] => fixed_memory: False
2026-06-15 18:40:56,716 [trainer.py] => shuffle: True
2026-06-15 18:40:56,716 [trainer.py] => init_cls: 50
2026-06-15 18:40:56,716 [trainer.py] => increment: 10
2026-06-15 18:40:56,716 [trainer.py] => model_name: simplecil
2026-06-15 18:40:56,716 [trainer.py] => backbone_type: clip
2026-06-15 18:40:56,716 [trainer.py] => device: [device(type='cuda', index=5)]
2026-06-15 18:40:56,716 [trainer.py] => seed: 1993
2026-06-15 18:40:56,716 [trainer.py] => total_class_num: 100
2026-06-15 18:40:56,758 [data_manager.py] => [68, 56, 78, 8, 23, 84, 90, 65, 74, 76, 40, 89, 3, 92, 55, 9, 26, 80, 43, 38, 58, 70, 77, 1, 85, 19, 17, 50, 28, 53, 13, 81, 45, 82, 6, 59, 83, 16, 15, 44, 91, 41, 72, 60, 79, 52, 20, 10, 31, 54, 37, 95, 14, 71, 96, 98, 97, 2, 64, 66, 42, 22, 35, 86, 24, 34, 87, 21, 99, 0, 88, 27, 18, 94, 11, 12, 47, 25, 30, 46, 62, 69, 36, 61, 7, 63, 75, 5, 32, 4, 51, 48, 73, 93, 39, 67, 29, 49, 57, 33]
2026-06-15 18:40:56,780 [factory.py] => Loaded ViT-B-16 model config.
2026-06-15 18:40:59,493 [factory.py] => Loading pretrained ViT-B-16 weights (/home/team/zhaohongwei/pretrained_models/open_clip_pytorch_model_laion400m_e32.bin).
2026-06-15 18:41:00,609 [factory.py] => Loaded ViT-B-16 model config.
2026-06-15 18:41:02,185 [factory.py] => Loading pretrained ViT-B-16 weights (/home/team/zhaohongwei/pretrained_models/open_clip_pytorch_model_laion400m_e32.bin).
2026-06-15 18:41:03,570 [simplecil.py] => Learning on 0-50
2026-06-15 18:41:18,154 [trainer.py] => CNN: {'total': 90.24, '00-09': 95.05, '10-19': 94.5, '20-29': 89.76, '30-39': 83.16, '40-49': 88.31, 'old': 0, 'new': 90.24, 'harmonic': 0.0}
2026-06-15 18:41:18,155 [trainer.py] => CNN top1 curve: [90.24]
2026-06-15 18:41:18,155 [trainer.py] => CNN top5 curve: [99.85]
2026-06-15 18:41:18,155 [trainer.py] => Average Accuracy (CNN top1): 90.24
2026-06-15 18:41:18,157 [simplecil.py] => Learning on 50-60
2026-06-15 18:41:28,414 [trainer.py] => CNN: {'total': 90.86, '00-09': 93.4, '10-19': 94.25, '20-29': 89.05, '30-39': 82.91, '40-49': 88.06, '50-59': 97.09, 'old': 89.6, 'new': 97.09, 'harmonic': 93.19}
2026-06-15 18:41:28,414 [trainer.py] => CNN top1 curve: [90.24, 90.86]
2026-06-15 18:41:28,414 [trainer.py] => CNN top5 curve: [99.85, 99.88]
2026-06-15 18:41:28,414 [trainer.py] => Average Accuracy (CNN top1): 90.55
2026-06-15 18:41:28,416 [simplecil.py] => Learning on 60-70
2026-06-15 18:41:39,708 [trainer.py] => CNN: {'total': 89.51, '00-09': 91.98, '10-19': 94.25, '20-29': 88.57, '30-39': 82.4, '40-49': 88.06, '50-59': 94.92, '60-69': 86.06, 'old': 90.09, 'new': 86.06, 'harmonic': 88.03}
2026-06-15 18:41:39,709 [trainer.py] => CNN top1 curve: [90.24, 90.86, 89.51]
2026-06-15 18:41:39,709 [trainer.py] => CNN top5 curve: [99.85, 99.88, 99.79]
2026-06-15 18:41:39,709 [trainer.py] => Average Accuracy (CNN top1): 90.20333333333333
2026-06-15 18:41:39,712 [simplecil.py] => Learning on 70-80
2026-06-15 18:41:52,341 [trainer.py] => CNN: {'total': 88.77, '00-09': 91.51, '10-19': 93.25, '20-29': 88.33, '30-39': 81.89, '40-49': 87.81, '50-59': 94.19, '60-69': 83.13, '70-79': 89.72, 'old': 88.64, 'new': 89.72, 'harmonic': 89.18}
2026-06-15 18:41:52,341 [trainer.py] => CNN top1 curve: [90.24, 90.86, 89.51, 88.77]
2026-06-15 18:41:52,341 [trainer.py] => CNN top5 curve: [99.85, 99.88, 99.79, 99.72]
2026-06-15 18:41:52,341 [trainer.py] => Average Accuracy (CNN top1): 89.845
2026-06-15 18:41:52,343 [simplecil.py] => Learning on 80-90
2026-06-15 18:42:06,297 [trainer.py] => CNN: {'total': 87.96, '00-09': 89.39, '10-19': 92.0, '20-29': 86.43, '30-39': 81.63, '40-49': 87.31, '50-59': 93.95, '60-69': 82.64, '70-79': 89.47, '80-89': 88.54, 'old': 87.88, 'new': 88.54, 'harmonic': 88.21}
2026-06-15 18:42:06,297 [trainer.py] => CNN top1 curve: [90.24, 90.86, 89.51, 88.77, 87.96]
2026-06-15 18:42:06,298 [trainer.py] => CNN top5 curve: [99.85, 99.88, 99.79, 99.72, 99.56]
2026-06-15 18:42:06,298 [trainer.py] => Average Accuracy (CNN top1): 89.46799999999999
2026-06-15 18:42:06,299 [simplecil.py] => Learning on 90-100
2026-06-15 18:42:20,467 [trainer.py] => CNN: {'total': 86.97, '00-09': 86.79, '10-19': 91.0, '20-29': 85.71, '30-39': 81.63, '40-49': 86.82, '50-59': 93.7, '60-69': 82.64, '70-79': 88.47, '80-89': 88.07, '90-99': 84.69, 'old': 87.22, 'new': 84.69, 'harmonic': 85.94}
2026-06-15 18:42:20,468 [trainer.py] => CNN top1 curve: [90.24, 90.86, 89.51, 88.77, 87.96, 86.97]
2026-06-15 18:42:20,468 [trainer.py] => CNN top5 curve: [99.85, 99.88, 99.79, 99.72, 99.56, 99.56]
2026-06-15 18:42:20,468 [trainer.py] => Average Accuracy (CNN top1): 89.05166666666666
