2026-06-15 18:02:03,288 [trainer.py] => config: ./configs/simplecil/simplecil_cifar_B0_Inc10.json
2026-06-15 18:02:03,288 [trainer.py] => prefix: -
2026-06-15 18:02:03,288 [trainer.py] => dataset: cifar224
2026-06-15 18:02:03,289 [trainer.py] => memory_size: 0
2026-06-15 18:02:03,289 [trainer.py] => memory_per_class: 0
2026-06-15 18:02:03,289 [trainer.py] => fixed_memory: False
2026-06-15 18:02:03,289 [trainer.py] => shuffle: True
2026-06-15 18:02:03,289 [trainer.py] => init_cls: 10
2026-06-15 18:02:03,289 [trainer.py] => increment: 10
2026-06-15 18:02:03,289 [trainer.py] => model_name: simplecil
2026-06-15 18:02:03,289 [trainer.py] => backbone_type: clip
2026-06-15 18:02:03,289 [trainer.py] => device: [device(type='cuda', index=5)]
2026-06-15 18:02:03,289 [trainer.py] => seed: 1993
2026-06-15 18:02:03,289 [trainer.py] => total_class_num: 100
2026-06-15 18:02:04,226 [data_manager.py] => [68, 56, 78, 8, 23, 84, 90, 65, 74, 76, 40, 89, 3, 92, 55, 9, 26, 80, 43, 38, 58, 70, 77, 1, 85, 19, 17, 50, 28, 53, 13, 81, 45, 82, 6, 59, 83, 16, 15, 44, 91, 41, 72, 60, 79, 52, 20, 10, 31, 54, 37, 95, 14, 71, 96, 98, 97, 2, 64, 66, 42, 22, 35, 86, 24, 34, 87, 21, 99, 0, 88, 27, 18, 94, 11, 12, 47, 25, 30, 46, 62, 69, 36, 61, 7, 63, 75, 5, 32, 4, 51, 48, 73, 93, 39, 67, 29, 49, 57, 33]
2026-06-15 18:02:04,327 [factory.py] => Loaded ViT-B-16 model config.
2026-06-15 18:02:05,886 [factory.py] => Loading pretrained ViT-B-16 weights (/home/team/zhaohongwei/pretrained_models/open_clip_pytorch_model_laion400m_e32.bin).
2026-06-15 18:02:06,394 [factory.py] => Loaded ViT-B-16 model config.
2026-06-15 18:02:07,680 [factory.py] => Loading pretrained ViT-B-16 weights (/home/team/zhaohongwei/pretrained_models/open_clip_pytorch_model_laion400m_e32.bin).
2026-06-15 18:02:08,248 [simplecil.py] => Learning on 0-10
2026-06-15 18:02:25,741 [trainer.py] => CNN: {'total': 96.6, '00-09': 96.6, 'old': 0, 'new': 96.6, 'harmonic': 0.0}
2026-06-15 18:02:25,741 [trainer.py] => CNN top1 curve: [96.6]
2026-06-15 18:02:25,741 [trainer.py] => CNN top5 curve: [99.9]
2026-06-15 18:02:25,741 [trainer.py] => Average Accuracy (CNN top1): 96.6
2026-06-15 18:02:25,742 [simplecil.py] => Learning on 10-20
2026-06-15 18:02:46,897 [trainer.py] => CNN: {'total': 90.05, '00-09': 93.0, '10-19': 87.1, 'old': 93.0, 'new': 87.1, 'harmonic': 89.95}
2026-06-15 18:02:46,898 [trainer.py] => CNN top1 curve: [96.6, 90.05]
2026-06-15 18:02:46,898 [trainer.py] => CNN top5 curve: [99.9, 99.05]
2026-06-15 18:02:46,898 [trainer.py] => Average Accuracy (CNN top1): 93.32499999999999
2026-06-15 18:02:46,900 [simplecil.py] => Learning on 20-30
2026-06-15 18:03:10,667 [trainer.py] => CNN: {'total': 88.3, '00-09': 90.4, '10-19': 84.7, '20-29': 89.8, 'old': 87.55, 'new': 89.8, 'harmonic': 88.66}
2026-06-15 18:03:10,667 [trainer.py] => CNN top1 curve: [96.6, 90.05, 88.3]
2026-06-15 18:03:10,667 [trainer.py] => CNN top5 curve: [99.9, 99.05, 98.43]
2026-06-15 18:03:10,667 [trainer.py] => Average Accuracy (CNN top1): 91.64999999999999
2026-06-15 18:03:10,668 [simplecil.py] => Learning on 30-40
2026-06-15 18:03:36,814 [trainer.py] => CNN: {'total': 85.3, '00-09': 87.0, '10-19': 82.3, '20-29': 87.9, '30-39': 84.0, 'old': 85.73, 'new': 84.0, 'harmonic': 84.86}
2026-06-15 18:03:36,814 [trainer.py] => CNN top1 curve: [96.6, 90.05, 88.3, 85.3]
2026-06-15 18:03:36,814 [trainer.py] => CNN top5 curve: [99.9, 99.05, 98.43, 97.7]
2026-06-15 18:03:36,814 [trainer.py] => Average Accuracy (CNN top1): 90.0625
2026-06-15 18:03:36,817 [simplecil.py] => Learning on 40-50
2026-06-15 18:04:06,144 [trainer.py] => CNN: {'total': 83.46, '00-09': 85.9, '10-19': 78.5, '20-29': 86.8, '30-39': 81.4, '40-49': 84.7, 'old': 83.15, 'new': 84.7, 'harmonic': 83.92}
2026-06-15 18:04:06,144 [trainer.py] => CNN top1 curve: [96.6, 90.05, 88.3, 85.3, 83.46]
2026-06-15 18:04:06,144 [trainer.py] => CNN top5 curve: [99.9, 99.05, 98.43, 97.7, 97.12]
2026-06-15 18:04:06,145 [trainer.py] => Average Accuracy (CNN top1): 88.74199999999999
2026-06-15 18:04:06,147 [simplecil.py] => Learning on 50-60
2026-06-15 18:04:38,403 [trainer.py] => CNN: {'total': 82.15, '00-09': 84.3, '10-19': 77.4, '20-29': 86.1, '30-39': 80.5, '40-49': 82.5, '50-59': 82.1, 'old': 82.16, 'new': 82.1, 'harmonic': 82.13}
2026-06-15 18:04:38,403 [trainer.py] => CNN top1 curve: [96.6, 90.05, 88.3, 85.3, 83.46, 82.15]
2026-06-15 18:04:38,403 [trainer.py] => CNN top5 curve: [99.9, 99.05, 98.43, 97.7, 97.12, 96.47]
2026-06-15 18:04:38,403 [trainer.py] => Average Accuracy (CNN top1): 87.64333333333333
2026-06-15 18:04:38,405 [simplecil.py] => Learning on 60-70
2026-06-15 18:05:14,526 [trainer.py] => CNN: {'total': 81.86, '00-09': 83.6, '10-19': 75.7, '20-29': 86.1, '30-39': 79.3, '40-49': 82.4, '50-59': 80.9, '60-69': 85.0, 'old': 81.33, 'new': 85.0, 'harmonic': 83.12}
2026-06-15 18:05:14,526 [trainer.py] => CNN top1 curve: [96.6, 90.05, 88.3, 85.3, 83.46, 82.15, 81.86]
2026-06-15 18:05:14,527 [trainer.py] => CNN top5 curve: [99.9, 99.05, 98.43, 97.7, 97.12, 96.47, 96.27]
2026-06-15 18:05:14,527 [trainer.py] => Average Accuracy (CNN top1): 86.81714285714285
2026-06-15 18:05:14,529 [simplecil.py] => Learning on 70-80
2026-06-15 18:05:52,694 [trainer.py] => CNN: {'total': 79.56, '00-09': 82.4, '10-19': 74.6, '20-29': 85.5, '30-39': 77.7, '40-49': 81.3, '50-59': 77.3, '60-69': 82.7, '70-79': 75.0, 'old': 80.21, 'new': 75.0, 'harmonic': 77.52}
2026-06-15 18:05:52,695 [trainer.py] => CNN top1 curve: [96.6, 90.05, 88.3, 85.3, 83.46, 82.15, 81.86, 79.56]
2026-06-15 18:05:52,695 [trainer.py] => CNN top5 curve: [99.9, 99.05, 98.43, 97.7, 97.12, 96.47, 96.27, 95.61]
2026-06-15 18:05:52,695 [trainer.py] => Average Accuracy (CNN top1): 85.91
2026-06-15 18:05:52,697 [simplecil.py] => Learning on 80-90
2026-06-15 18:06:33,010 [trainer.py] => CNN: {'total': 77.56, '00-09': 80.3, '10-19': 72.2, '20-29': 83.3, '30-39': 77.0, '40-49': 80.1, '50-59': 76.3, '60-69': 81.8, '70-79': 73.5, '80-89': 73.5, 'old': 78.06, 'new': 73.5, 'harmonic': 75.71}
2026-06-15 18:06:33,011 [trainer.py] => CNN top1 curve: [96.6, 90.05, 88.3, 85.3, 83.46, 82.15, 81.86, 79.56, 77.56]
2026-06-15 18:06:33,011 [trainer.py] => CNN top5 curve: [99.9, 99.05, 98.43, 97.7, 97.12, 96.47, 96.27, 95.61, 94.68]
2026-06-15 18:06:33,011 [trainer.py] => Average Accuracy (CNN top1): 84.98222222222222
2026-06-15 18:06:33,013 [simplecil.py] => Learning on 90-100
2026-06-15 18:07:17,104 [trainer.py] => CNN: {'total': 76.63, '00-09': 79.2, '10-19': 72.2, '20-29': 82.3, '30-39': 75.9, '40-49': 79.4, '50-59': 75.2, '60-69': 81.1, '70-79': 71.2, '80-89': 73.0, '90-99': 76.8, 'old': 76.61, 'new': 76.8, 'harmonic': 76.7}
2026-06-15 18:07:17,105 [trainer.py] => CNN top1 curve: [96.6, 90.05, 88.3, 85.3, 83.46, 82.15, 81.86, 79.56, 77.56, 76.63]
2026-06-15 18:07:17,105 [trainer.py] => CNN top5 curve: [99.9, 99.05, 98.43, 97.7, 97.12, 96.47, 96.27, 95.61, 94.68, 94.14]
2026-06-15 18:07:17,105 [trainer.py] => Average Accuracy (CNN top1): 84.14699999999999
