2026-06-15 18:07:17,123 [trainer.py] => config: ./configs/simplecil/simplecil_cifar_B0_Inc10.json
2026-06-15 18:07:17,123 [trainer.py] => prefix: -
2026-06-15 18:07:17,123 [trainer.py] => dataset: cifar224
2026-06-15 18:07:17,123 [trainer.py] => memory_size: 0
2026-06-15 18:07:17,123 [trainer.py] => memory_per_class: 0
2026-06-15 18:07:17,123 [trainer.py] => fixed_memory: False
2026-06-15 18:07:17,123 [trainer.py] => shuffle: True
2026-06-15 18:07:17,123 [trainer.py] => init_cls: 10
2026-06-15 18:07:17,123 [trainer.py] => increment: 10
2026-06-15 18:07:17,123 [trainer.py] => model_name: simplecil
2026-06-15 18:07:17,124 [trainer.py] => backbone_type: clip
2026-06-15 18:07:17,124 [trainer.py] => device: [device(type='cuda', index=5)]
2026-06-15 18:07:17,124 [trainer.py] => seed: 2026
2026-06-15 18:07:17,124 [trainer.py] => total_class_num: 100
2026-06-15 18:07:18,244 [data_manager.py] => [98, 10, 4, 18, 88, 13, 8, 84, 79, 21, 85, 96, 53, 42, 52, 97, 74, 5, 58, 23, 90, 59, 16, 72, 75, 30, 43, 99, 44, 41, 0, 46, 61, 80, 65, 39, 70, 87, 89, 91, 82, 14, 12, 71, 50, 11, 15, 57, 22, 67, 45, 32, 78, 63, 66, 55, 31, 62, 35, 34, 19, 49, 24, 9, 37, 36, 3, 64, 40, 86, 81, 93, 47, 73, 17, 60, 68, 25, 38, 48, 33, 20, 83, 7, 27, 94, 54, 2, 92, 76, 69, 51, 28, 29, 95, 77, 56, 26, 6, 1]
2026-06-15 18:07:18,375 [factory.py] => Loaded ViT-B-16 model config.
2026-06-15 18:07:20,010 [factory.py] => Loading pretrained ViT-B-16 weights (/home/team/zhaohongwei/pretrained_models/open_clip_pytorch_model_laion400m_e32.bin).
2026-06-15 18:07:20,922 [factory.py] => Loaded ViT-B-16 model config.
2026-06-15 18:07:22,540 [factory.py] => Loading pretrained ViT-B-16 weights (/home/team/zhaohongwei/pretrained_models/open_clip_pytorch_model_laion400m_e32.bin).
2026-06-15 18:07:24,355 [simplecil.py] => Learning on 0-10
2026-06-15 18:07:42,990 [trainer.py] => CNN: {'total': 95.7, '00-09': 95.7, 'old': 0, 'new': 95.7, 'harmonic': 0.0}
2026-06-15 18:07:42,990 [trainer.py] => CNN top1 curve: [95.7]
2026-06-15 18:07:42,990 [trainer.py] => CNN top5 curve: [99.9]
2026-06-15 18:07:42,990 [trainer.py] => Average Accuracy (CNN top1): 95.7
2026-06-15 18:07:42,991 [simplecil.py] => Learning on 10-20
2026-06-15 18:08:04,150 [trainer.py] => CNN: {'total': 89.65, '00-09': 90.0, '10-19': 89.3, 'old': 90.0, 'new': 89.3, 'harmonic': 89.65}
2026-06-15 18:08:04,151 [trainer.py] => CNN top1 curve: [95.7, 89.65]
2026-06-15 18:08:04,151 [trainer.py] => CNN top5 curve: [99.9, 99.3]
2026-06-15 18:08:04,151 [trainer.py] => Average Accuracy (CNN top1): 92.67500000000001
2026-06-15 18:08:04,153 [simplecil.py] => Learning on 20-30
2026-06-15 18:08:28,766 [trainer.py] => CNN: {'total': 86.37, '00-09': 87.3, '10-19': 87.1, '20-29': 84.7, 'old': 87.2, 'new': 84.7, 'harmonic': 85.93}
2026-06-15 18:08:28,766 [trainer.py] => CNN top1 curve: [95.7, 89.65, 86.37]
2026-06-15 18:08:28,766 [trainer.py] => CNN top5 curve: [99.9, 99.3, 98.1]
2026-06-15 18:08:28,767 [trainer.py] => Average Accuracy (CNN top1): 90.57333333333334
2026-06-15 18:08:28,768 [simplecil.py] => Learning on 30-40
2026-06-15 18:08:55,743 [trainer.py] => CNN: {'total': 85.9, '00-09': 85.3, '10-19': 86.7, '20-29': 83.2, '30-39': 88.4, 'old': 85.07, 'new': 88.4, 'harmonic': 86.7}
2026-06-15 18:08:55,743 [trainer.py] => CNN top1 curve: [95.7, 89.65, 86.37, 85.9]
2026-06-15 18:08:55,743 [trainer.py] => CNN top5 curve: [99.9, 99.3, 98.1, 97.7]
2026-06-15 18:08:55,743 [trainer.py] => Average Accuracy (CNN top1): 89.405
2026-06-15 18:08:55,745 [simplecil.py] => Learning on 40-50
2026-06-15 18:09:25,465 [trainer.py] => CNN: {'total': 84.18, '00-09': 84.3, '10-19': 83.2, '20-29': 81.7, '30-39': 86.7, '40-49': 85.0, 'old': 83.98, 'new': 85.0, 'harmonic': 84.49}
2026-06-15 18:09:25,465 [trainer.py] => CNN top1 curve: [95.7, 89.65, 86.37, 85.9, 84.18]
2026-06-15 18:09:25,465 [trainer.py] => CNN top5 curve: [99.9, 99.3, 98.1, 97.7, 97.16]
2026-06-15 18:09:25,465 [trainer.py] => Average Accuracy (CNN top1): 88.36
2026-06-15 18:09:25,466 [simplecil.py] => Learning on 50-60
2026-06-15 18:09:58,273 [trainer.py] => CNN: {'total': 80.2, '00-09': 81.9, '10-19': 82.1, '20-29': 78.6, '30-39': 84.7, '40-49': 83.4, '50-59': 70.5, 'old': 82.14, 'new': 70.5, 'harmonic': 75.88}
2026-06-15 18:09:58,273 [trainer.py] => CNN top1 curve: [95.7, 89.65, 86.37, 85.9, 84.18, 80.2]
2026-06-15 18:09:58,273 [trainer.py] => CNN top5 curve: [99.9, 99.3, 98.1, 97.7, 97.16, 95.67]
2026-06-15 18:09:58,273 [trainer.py] => Average Accuracy (CNN top1): 87.0
2026-06-15 18:09:58,274 [simplecil.py] => Learning on 60-70
2026-06-15 18:10:33,473 [trainer.py] => CNN: {'total': 79.37, '00-09': 80.9, '10-19': 81.6, '20-29': 77.0, '30-39': 84.1, '40-49': 81.3, '50-59': 69.1, '60-69': 81.6, 'old': 79.0, 'new': 81.6, 'harmonic': 80.28}
2026-06-15 18:10:33,474 [trainer.py] => CNN top1 curve: [95.7, 89.65, 86.37, 85.9, 84.18, 80.2, 79.37]
2026-06-15 18:10:33,474 [trainer.py] => CNN top5 curve: [99.9, 99.3, 98.1, 97.7, 97.16, 95.67, 94.97]
2026-06-15 18:10:33,474 [trainer.py] => Average Accuracy (CNN top1): 85.91
2026-06-15 18:10:33,476 [simplecil.py] => Learning on 70-80
2026-06-15 18:11:12,436 [trainer.py] => CNN: {'total': 78.24, '00-09': 79.6, '10-19': 79.4, '20-29': 74.7, '30-39': 83.5, '40-49': 80.2, '50-59': 68.6, '60-69': 81.3, '70-79': 78.6, 'old': 78.19, 'new': 78.6, 'harmonic': 78.39}
2026-06-15 18:11:12,436 [trainer.py] => CNN top1 curve: [95.7, 89.65, 86.37, 85.9, 84.18, 80.2, 79.37, 78.24]
2026-06-15 18:11:12,436 [trainer.py] => CNN top5 curve: [99.9, 99.3, 98.1, 97.7, 97.16, 95.67, 94.97, 94.8]
2026-06-15 18:11:12,436 [trainer.py] => Average Accuracy (CNN top1): 84.95125
2026-06-15 18:11:12,438 [simplecil.py] => Learning on 80-90
2026-06-15 18:11:54,034 [trainer.py] => CNN: {'total': 77.29, '00-09': 78.7, '10-19': 78.4, '20-29': 73.9, '30-39': 82.0, '40-49': 78.3, '50-59': 65.9, '60-69': 80.7, '70-79': 77.3, '80-89': 80.4, 'old': 76.9, 'new': 80.4, 'harmonic': 78.61}
2026-06-15 18:11:54,035 [trainer.py] => CNN top1 curve: [95.7, 89.65, 86.37, 85.9, 84.18, 80.2, 79.37, 78.24, 77.29]
2026-06-15 18:11:54,035 [trainer.py] => CNN top5 curve: [99.9, 99.3, 98.1, 97.7, 97.16, 95.67, 94.97, 94.8, 94.69]
2026-06-15 18:11:54,035 [trainer.py] => Average Accuracy (CNN top1): 84.1
2026-06-15 18:11:54,037 [simplecil.py] => Learning on 90-100
2026-06-15 18:12:38,803 [trainer.py] => CNN: {'total': 76.63, '00-09': 77.6, '10-19': 78.0, '20-29': 72.5, '30-39': 81.5, '40-49': 77.8, '50-59': 64.9, '60-69': 80.4, '70-79': 76.9, '80-89': 79.5, '90-99': 77.2, 'old': 76.57, 'new': 77.2, 'harmonic': 76.88}
2026-06-15 18:12:38,803 [trainer.py] => CNN top1 curve: [95.7, 89.65, 86.37, 85.9, 84.18, 80.2, 79.37, 78.24, 77.29, 76.63]
2026-06-15 18:12:38,803 [trainer.py] => CNN top5 curve: [99.9, 99.3, 98.1, 97.7, 97.16, 95.67, 94.97, 94.8, 94.69, 94.14]
2026-06-15 18:12:38,803 [trainer.py] => Average Accuracy (CNN top1): 83.353
