2026-06-15 18:17:23,956 [trainer.py] => config: ./configs/simplecil/simplecil_cifar_B50_Inc10.json
2026-06-15 18:17:23,956 [trainer.py] => prefix: -
2026-06-15 18:17:23,956 [trainer.py] => dataset: cifar224
2026-06-15 18:17:23,956 [trainer.py] => memory_size: 0
2026-06-15 18:17:23,956 [trainer.py] => memory_per_class: 0
2026-06-15 18:17:23,956 [trainer.py] => fixed_memory: False
2026-06-15 18:17:23,956 [trainer.py] => shuffle: True
2026-06-15 18:17:23,956 [trainer.py] => init_cls: 50
2026-06-15 18:17:23,956 [trainer.py] => increment: 10
2026-06-15 18:17:23,956 [trainer.py] => model_name: simplecil
2026-06-15 18:17:23,956 [trainer.py] => backbone_type: clip
2026-06-15 18:17:23,956 [trainer.py] => device: [device(type='cuda', index=5)]
2026-06-15 18:17:23,956 [trainer.py] => seed: 42
2026-06-15 18:17:23,956 [trainer.py] => total_class_num: 100
2026-06-15 18:17:25,061 [data_manager.py] => [83, 53, 70, 45, 44, 39, 22, 80, 10, 0, 18, 30, 73, 33, 90, 4, 76, 77, 12, 31, 55, 88, 26, 42, 69, 15, 40, 96, 9, 72, 11, 47, 85, 28, 93, 5, 66, 65, 35, 16, 49, 34, 7, 95, 27, 19, 81, 25, 62, 13, 24, 3, 17, 38, 8, 78, 6, 64, 36, 89, 56, 99, 54, 43, 50, 67, 46, 68, 61, 97, 79, 41, 58, 48, 98, 57, 75, 32, 94, 59, 63, 84, 37, 29, 1, 52, 21, 2, 23, 87, 91, 74, 86, 82, 20, 60, 71, 14, 92, 51]
2026-06-15 18:17:25,163 [factory.py] => Loaded ViT-B-16 model config.
2026-06-15 18:17:26,814 [factory.py] => Loading pretrained ViT-B-16 weights (/home/team/zhaohongwei/pretrained_models/open_clip_pytorch_model_laion400m_e32.bin).
2026-06-15 18:17:27,508 [factory.py] => Loaded ViT-B-16 model config.
2026-06-15 18:17:28,906 [factory.py] => Loading pretrained ViT-B-16 weights (/home/team/zhaohongwei/pretrained_models/open_clip_pytorch_model_laion400m_e32.bin).
2026-06-15 18:17:29,439 [simplecil.py] => Learning on 0-50
2026-06-15 18:18:55,094 [trainer.py] => CNN: {'total': 80.14, '00-09': 84.5, '10-19': 76.6, '20-29': 73.7, '30-39': 82.9, '40-49': 83.0, 'old': 0, 'new': 80.14, 'harmonic': 0.0}
2026-06-15 18:18:55,094 [trainer.py] => CNN top1 curve: [80.14]
2026-06-15 18:18:55,094 [trainer.py] => CNN top5 curve: [96.24]
2026-06-15 18:18:55,094 [trainer.py] => Average Accuracy (CNN top1): 80.14
2026-06-15 18:18:55,096 [simplecil.py] => Learning on 50-60
2026-06-15 18:19:27,211 [trainer.py] => CNN: {'total': 79.22, '00-09': 83.2, '10-19': 75.6, '20-29': 72.6, '30-39': 81.3, '40-49': 80.2, '50-59': 82.4, 'old': 78.58, 'new': 82.4, 'harmonic': 80.44}
2026-06-15 18:19:27,212 [trainer.py] => CNN top1 curve: [80.14, 79.22]
2026-06-15 18:19:27,212 [trainer.py] => CNN top5 curve: [96.24, 95.7]
2026-06-15 18:19:27,212 [trainer.py] => Average Accuracy (CNN top1): 79.68
2026-06-15 18:19:27,214 [simplecil.py] => Learning on 60-70
2026-06-15 18:20:01,679 [trainer.py] => CNN: {'total': 78.09, '00-09': 81.0, '10-19': 74.1, '20-29': 71.2, '30-39': 79.3, '40-49': 79.2, '50-59': 80.7, '60-69': 81.1, 'old': 77.58, 'new': 81.1, 'harmonic': 79.3}
2026-06-15 18:20:01,679 [trainer.py] => CNN top1 curve: [80.14, 79.22, 78.09]
2026-06-15 18:20:01,680 [trainer.py] => CNN top5 curve: [96.24, 95.7, 95.11]
2026-06-15 18:20:01,680 [trainer.py] => Average Accuracy (CNN top1): 79.15
2026-06-15 18:20:01,682 [simplecil.py] => Learning on 70-80
2026-06-15 18:20:38,899 [trainer.py] => CNN: {'total': 78.03, '00-09': 79.6, '10-19': 73.4, '20-29': 70.2, '30-39': 77.9, '40-49': 78.4, '50-59': 79.8, '60-69': 79.6, '70-79': 85.3, 'old': 76.99, 'new': 85.3, 'harmonic': 80.93}
2026-06-15 18:20:38,900 [trainer.py] => CNN top1 curve: [80.14, 79.22, 78.09, 78.03]
2026-06-15 18:20:38,900 [trainer.py] => CNN top5 curve: [96.24, 95.7, 95.11, 94.8]
2026-06-15 18:20:38,900 [trainer.py] => Average Accuracy (CNN top1): 78.87
2026-06-15 18:20:38,902 [simplecil.py] => Learning on 80-90
2026-06-15 18:21:20,040 [trainer.py] => CNN: {'total': 77.06, '00-09': 78.7, '10-19': 72.0, '20-29': 68.6, '30-39': 73.7, '40-49': 77.6, '50-59': 78.9, '60-69': 78.8, '70-79': 83.7, '80-89': 81.5, 'old': 76.5, 'new': 81.5, 'harmonic': 78.92}
2026-06-15 18:21:20,040 [trainer.py] => CNN top1 curve: [80.14, 79.22, 78.09, 78.03, 77.06]
2026-06-15 18:21:20,041 [trainer.py] => CNN top5 curve: [96.24, 95.7, 95.11, 94.8, 94.58]
2026-06-15 18:21:20,041 [trainer.py] => Average Accuracy (CNN top1): 78.50800000000001
2026-06-15 18:21:20,043 [simplecil.py] => Learning on 90-100
2026-06-15 18:22:03,473 [trainer.py] => CNN: {'total': 76.63, '00-09': 77.7, '10-19': 71.0, '20-29': 68.2, '30-39': 73.6, '40-49': 75.1, '50-59': 78.8, '60-69': 78.3, '70-79': 82.8, '80-89': 79.7, '90-99': 81.1, 'old': 76.13, 'new': 81.1, 'harmonic': 78.54}
2026-06-15 18:22:03,473 [trainer.py] => CNN top1 curve: [80.14, 79.22, 78.09, 78.03, 77.06, 76.63]
2026-06-15 18:22:03,473 [trainer.py] => CNN top5 curve: [96.24, 95.7, 95.11, 94.8, 94.58, 94.14]
2026-06-15 18:22:03,473 [trainer.py] => Average Accuracy (CNN top1): 78.19500000000001
