2026-06-15 21:29:40,174 [trainer.py] => config: ./configs/simplecil/simplecil_food_B0_Inc10.json
2026-06-15 21:29:40,175 [trainer.py] => prefix: -
2026-06-15 21:29:40,175 [trainer.py] => dataset: food101
2026-06-15 21:29:40,175 [trainer.py] => memory_size: 0
2026-06-15 21:29:40,175 [trainer.py] => memory_per_class: 0
2026-06-15 21:29:40,175 [trainer.py] => fixed_memory: False
2026-06-15 21:29:40,175 [trainer.py] => shuffle: True
2026-06-15 21:29:40,175 [trainer.py] => init_cls: 10
2026-06-15 21:29:40,175 [trainer.py] => increment: 10
2026-06-15 21:29:40,175 [trainer.py] => model_name: simplecil
2026-06-15 21:29:40,175 [trainer.py] => backbone_type: clip
2026-06-15 21:29:40,175 [trainer.py] => device: [device(type='cuda', index=5)]
2026-06-15 21:29:40,175 [trainer.py] => seed: 2026
2026-06-15 21:29:40,175 [trainer.py] => total_class_num: 100
2026-06-15 21:29:40,552 [data_manager.py] => [98, 10, 4, 18, 88, 13, 8, 84, 79, 21, 85, 96, 53, 42, 52, 97, 74, 5, 58, 23, 90, 59, 16, 72, 75, 30, 43, 99, 44, 41, 0, 46, 61, 80, 65, 39, 70, 87, 89, 91, 82, 14, 12, 71, 50, 11, 15, 57, 22, 67, 45, 32, 78, 63, 66, 55, 31, 62, 35, 34, 19, 49, 24, 9, 37, 36, 3, 64, 40, 86, 81, 93, 47, 73, 17, 60, 68, 25, 38, 48, 33, 20, 83, 7, 27, 94, 54, 2, 92, 76, 69, 51, 28, 29, 95, 77, 56, 26, 6, 1]
2026-06-15 21:29:40,813 [factory.py] => Loaded ViT-B-16 model config.
2026-06-15 21:29:42,432 [factory.py] => Loading pretrained ViT-B-16 weights (/home/team/zhaohongwei/pretrained_models/open_clip_pytorch_model_laion400m_e32.bin).
2026-06-15 21:29:43,516 [factory.py] => Loaded ViT-B-16 model config.
2026-06-15 21:29:45,279 [factory.py] => Loading pretrained ViT-B-16 weights (/home/team/zhaohongwei/pretrained_models/open_clip_pytorch_model_laion400m_e32.bin).
2026-06-15 21:29:46,866 [simplecil.py] => Learning on 0-10
2026-06-15 21:30:17,101 [trainer.py] => CNN: {'total': 94.21, '00-09': 94.21, 'old': 0, 'new': 94.21, 'harmonic': 0.0}
2026-06-15 21:30:17,102 [trainer.py] => CNN top1 curve: [94.21]
2026-06-15 21:30:17,102 [trainer.py] => CNN top5 curve: [99.85]
2026-06-15 21:30:17,102 [trainer.py] => Average Accuracy (CNN top1): 94.21
2026-06-15 21:30:17,103 [simplecil.py] => Learning on 10-20
2026-06-15 21:30:53,490 [trainer.py] => CNN: {'total': 92.64, '00-09': 91.79, '10-19': 93.44, 'old': 91.79, 'new': 93.44, 'harmonic': 92.61}
2026-06-15 21:30:53,490 [trainer.py] => CNN top1 curve: [94.21, 92.64]
2026-06-15 21:30:53,490 [trainer.py] => CNN top5 curve: [99.85, 99.31]
2026-06-15 21:30:53,490 [trainer.py] => Average Accuracy (CNN top1): 93.425
2026-06-15 21:30:53,492 [simplecil.py] => Learning on 20-30
2026-06-15 21:31:34,908 [trainer.py] => CNN: {'total': 90.16, '00-09': 87.97, '10-19': 92.15, '20-29': 90.27, 'old': 90.11, 'new': 90.27, 'harmonic': 90.19}
2026-06-15 21:31:34,908 [trainer.py] => CNN top1 curve: [94.21, 92.64, 90.16]
2026-06-15 21:31:34,909 [trainer.py] => CNN top5 curve: [99.85, 99.31, 98.76]
2026-06-15 21:31:34,909 [trainer.py] => Average Accuracy (CNN top1): 92.33666666666666
2026-06-15 21:31:34,910 [simplecil.py] => Learning on 30-40
2026-06-15 21:32:22,873 [trainer.py] => CNN: {'total': 88.06, '00-09': 85.8, '10-19': 90.43, '20-29': 88.74, '30-39': 87.16, 'old': 88.36, 'new': 87.16, 'harmonic': 87.76}
2026-06-15 21:32:22,873 [trainer.py] => CNN top1 curve: [94.21, 92.64, 90.16, 88.06]
2026-06-15 21:32:22,873 [trainer.py] => CNN top5 curve: [99.85, 99.31, 98.76, 98.08]
2026-06-15 21:32:22,873 [trainer.py] => Average Accuracy (CNN top1): 91.2675
2026-06-15 21:32:22,874 [simplecil.py] => Learning on 40-50
2026-06-15 21:33:16,124 [trainer.py] => CNN: {'total': 85.33, '00-09': 83.28, '10-19': 88.32, '20-29': 87.31, '30-39': 86.47, '40-49': 81.14, 'old': 86.37, 'new': 81.14, 'harmonic': 83.67}
2026-06-15 21:33:16,125 [trainer.py] => CNN top1 curve: [94.21, 92.64, 90.16, 88.06, 85.33]
2026-06-15 21:33:16,125 [trainer.py] => CNN top5 curve: [99.85, 99.31, 98.76, 98.08, 97.21]
2026-06-15 21:33:16,125 [trainer.py] => Average Accuracy (CNN top1): 90.08
2026-06-15 21:33:16,127 [simplecil.py] => Learning on 50-60
2026-06-15 21:34:16,011 [trainer.py] => CNN: {'total': 84.81, '00-09': 82.93, '10-19': 86.31, '20-29': 87.05, '30-39': 85.72, '40-49': 79.74, '50-59': 86.99, 'old': 84.37, 'new': 86.99, 'harmonic': 85.66}
2026-06-15 21:34:16,011 [trainer.py] => CNN top1 curve: [94.21, 92.64, 90.16, 88.06, 85.33, 84.81]
2026-06-15 21:34:16,011 [trainer.py] => CNN top5 curve: [99.85, 99.31, 98.76, 98.08, 97.21, 96.97]
2026-06-15 21:34:16,011 [trainer.py] => Average Accuracy (CNN top1): 89.20166666666667
2026-06-15 21:34:16,013 [simplecil.py] => Learning on 60-70
2026-06-15 21:35:19,261 [trainer.py] => CNN: {'total': 83.95, '00-09': 81.97, '10-19': 85.59, '20-29': 86.14, '30-39': 84.68, '40-49': 78.28, '50-59': 86.3, '60-69': 84.58, 'old': 83.85, 'new': 84.58, 'harmonic': 84.21}
2026-06-15 21:35:19,261 [trainer.py] => CNN top1 curve: [94.21, 92.64, 90.16, 88.06, 85.33, 84.81, 83.95]
2026-06-15 21:35:19,261 [trainer.py] => CNN top5 curve: [99.85, 99.31, 98.76, 98.08, 97.21, 96.97, 96.51]
2026-06-15 21:35:19,261 [trainer.py] => Average Accuracy (CNN top1): 88.45142857142858
2026-06-15 21:35:19,262 [simplecil.py] => Learning on 70-80
2026-06-15 21:36:29,975 [trainer.py] => CNN: {'total': 82.36, '00-09': 80.26, '10-19': 84.54, '20-29': 84.45, '30-39': 84.09, '40-49': 76.73, '50-59': 85.86, '60-69': 81.9, '70-79': 80.9, 'old': 82.57, 'new': 80.9, 'harmonic': 81.73}
2026-06-15 21:36:29,975 [trainer.py] => CNN top1 curve: [94.21, 92.64, 90.16, 88.06, 85.33, 84.81, 83.95, 82.36]
2026-06-15 21:36:29,975 [trainer.py] => CNN top5 curve: [99.85, 99.31, 98.76, 98.08, 97.21, 96.97, 96.51, 96.18]
2026-06-15 21:36:29,976 [trainer.py] => Average Accuracy (CNN top1): 87.69000000000001
2026-06-15 21:36:29,977 [simplecil.py] => Learning on 80-90
2026-06-15 21:37:44,144 [trainer.py] => CNN: {'total': 82.38, '00-09': 79.1, '10-19': 83.92, '20-29': 83.94, '30-39': 83.69, '40-49': 76.28, '50-59': 85.67, '60-69': 81.59, '70-79': 79.81, '80-89': 87.4, 'old': 81.77, 'new': 87.4, 'harmonic': 84.49}
2026-06-15 21:37:44,145 [trainer.py] => CNN top1 curve: [94.21, 92.64, 90.16, 88.06, 85.33, 84.81, 83.95, 82.36, 82.38]
2026-06-15 21:37:44,145 [trainer.py] => CNN top5 curve: [99.85, 99.31, 98.76, 98.08, 97.21, 96.97, 96.51, 96.18, 95.94]
2026-06-15 21:37:44,145 [trainer.py] => Average Accuracy (CNN top1): 87.10000000000001
2026-06-15 21:37:44,147 [simplecil.py] => Learning on 90-100
2026-06-15 21:39:04,882 [trainer.py] => CNN: {'total': 81.7, '00-09': 78.65, '10-19': 83.25, '20-29': 83.74, '30-39': 82.55, '40-49': 75.38, '50-59': 83.85, '60-69': 80.38, '70-79': 78.77, '80-89': 86.84, '90-99': 83.59, 'old': 81.49, 'new': 83.59, 'harmonic': 82.53}
2026-06-15 21:39:04,882 [trainer.py] => CNN top1 curve: [94.21, 92.64, 90.16, 88.06, 85.33, 84.81, 83.95, 82.36, 82.38, 81.7]
2026-06-15 21:39:04,882 [trainer.py] => CNN top5 curve: [99.85, 99.31, 98.76, 98.08, 97.21, 96.97, 96.51, 96.18, 95.94, 95.8]
2026-06-15 21:39:04,882 [trainer.py] => Average Accuracy (CNN top1): 86.56000000000002
