2026-06-15 21:47:29,014 [trainer.py] => config: ./configs/simplecil/simplecil_food_B50_Inc10.json
2026-06-15 21:47:29,014 [trainer.py] => prefix: -
2026-06-15 21:47:29,014 [trainer.py] => dataset: food101
2026-06-15 21:47:29,014 [trainer.py] => memory_size: 0
2026-06-15 21:47:29,014 [trainer.py] => memory_per_class: 0
2026-06-15 21:47:29,014 [trainer.py] => fixed_memory: False
2026-06-15 21:47:29,014 [trainer.py] => shuffle: True
2026-06-15 21:47:29,014 [trainer.py] => init_cls: 50
2026-06-15 21:47:29,014 [trainer.py] => increment: 10
2026-06-15 21:47:29,014 [trainer.py] => model_name: simplecil
2026-06-15 21:47:29,014 [trainer.py] => backbone_type: clip
2026-06-15 21:47:29,014 [trainer.py] => device: [device(type='cuda', index=5)]
2026-06-15 21:47:29,014 [trainer.py] => seed: 42
2026-06-15 21:47:29,014 [trainer.py] => total_class_num: 100
2026-06-15 21:47:29,280 [data_manager.py] => [83, 53, 70, 45, 44, 39, 22, 80, 10, 0, 18, 30, 73, 33, 90, 4, 76, 77, 12, 31, 55, 88, 26, 42, 69, 15, 40, 96, 9, 72, 11, 47, 85, 28, 93, 5, 66, 65, 35, 16, 49, 34, 7, 95, 27, 19, 81, 25, 62, 13, 24, 3, 17, 38, 8, 78, 6, 64, 36, 89, 56, 99, 54, 43, 50, 67, 46, 68, 61, 97, 79, 41, 58, 48, 98, 57, 75, 32, 94, 59, 63, 84, 37, 29, 1, 52, 21, 2, 23, 87, 91, 74, 86, 82, 20, 60, 71, 14, 92, 51]
2026-06-15 21:47:29,450 [factory.py] => Loaded ViT-B-16 model config.
2026-06-15 21:47:30,781 [factory.py] => Loading pretrained ViT-B-16 weights (/home/team/zhaohongwei/pretrained_models/open_clip_pytorch_model_laion400m_e32.bin).
2026-06-15 21:47:31,244 [factory.py] => Loaded ViT-B-16 model config.
2026-06-15 21:47:32,585 [factory.py] => Loading pretrained ViT-B-16 weights (/home/team/zhaohongwei/pretrained_models/open_clip_pytorch_model_laion400m_e32.bin).
2026-06-15 21:47:33,062 [simplecil.py] => Learning on 0-50
2026-06-15 21:49:55,778 [trainer.py] => CNN: {'total': 87.58, '00-09': 85.75, '10-19': 89.33, '20-29': 87.86, '30-39': 87.34, '40-49': 87.76, 'old': 0, 'new': 87.58, 'harmonic': 0.0}
2026-06-15 21:49:55,778 [trainer.py] => CNN top1 curve: [87.58]
2026-06-15 21:49:55,778 [trainer.py] => CNN top5 curve: [97.79]
2026-06-15 21:49:55,778 [trainer.py] => Average Accuracy (CNN top1): 87.58
2026-06-15 21:49:55,780 [simplecil.py] => Learning on 50-60
2026-06-15 21:50:53,637 [trainer.py] => CNN: {'total': 85.92, '00-09': 84.3, '10-19': 87.33, '20-29': 85.87, '30-39': 86.47, '40-49': 86.92, '50-59': 84.66, 'old': 86.16, 'new': 84.66, 'harmonic': 85.4}
2026-06-15 21:50:53,638 [trainer.py] => CNN top1 curve: [87.58, 85.92]
2026-06-15 21:50:53,638 [trainer.py] => CNN top5 curve: [97.79, 97.21]
2026-06-15 21:50:53,638 [trainer.py] => Average Accuracy (CNN top1): 86.75
2026-06-15 21:50:53,640 [simplecil.py] => Learning on 60-70
2026-06-15 21:51:56,921 [trainer.py] => CNN: {'total': 84.41, '00-09': 84.01, '10-19': 85.84, '20-29': 83.73, '30-39': 85.85, '40-49': 85.93, '50-59': 83.65, '60-69': 81.87, 'old': 84.84, 'new': 81.87, 'harmonic': 83.33}
2026-06-15 21:51:56,921 [trainer.py] => CNN top1 curve: [87.58, 85.92, 84.41]
2026-06-15 21:51:56,921 [trainer.py] => CNN top5 curve: [97.79, 97.21, 96.74]
2026-06-15 21:51:56,921 [trainer.py] => Average Accuracy (CNN top1): 85.96999999999998
2026-06-15 21:51:56,922 [simplecil.py] => Learning on 70-80
2026-06-15 21:53:07,358 [trainer.py] => CNN: {'total': 83.16, '00-09': 82.27, '10-19': 84.92, '20-29': 83.48, '30-39': 84.3, '40-49': 84.34, '50-59': 82.65, '60-69': 81.47, '70-79': 81.86, 'old': 83.34, 'new': 81.86, 'harmonic': 82.59}
2026-06-15 21:53:07,358 [trainer.py] => CNN top1 curve: [87.58, 85.92, 84.41, 83.16]
2026-06-15 21:53:07,359 [trainer.py] => CNN top5 curve: [97.79, 97.21, 96.74, 96.49]
2026-06-15 21:53:07,359 [trainer.py] => Average Accuracy (CNN top1): 85.26749999999998
2026-06-15 21:53:07,361 [simplecil.py] => Learning on 80-90
2026-06-15 21:54:23,421 [trainer.py] => CNN: {'total': 82.12, '00-09': 80.92, '10-19': 84.2, '20-29': 82.92, '30-39': 81.59, '40-49': 84.19, '50-59': 82.24, '60-69': 81.03, '70-79': 80.61, '80-89': 81.47, 'old': 82.2, 'new': 81.47, 'harmonic': 81.83}
2026-06-15 21:54:23,421 [trainer.py] => CNN top1 curve: [87.58, 85.92, 84.41, 83.16, 82.12]
2026-06-15 21:54:23,421 [trainer.py] => CNN top5 curve: [97.79, 97.21, 96.74, 96.49, 96.12]
2026-06-15 21:54:23,421 [trainer.py] => Average Accuracy (CNN top1): 84.63799999999999
2026-06-15 21:54:23,424 [simplecil.py] => Learning on 90-100
2026-06-15 21:55:45,336 [trainer.py] => CNN: {'total': 81.7, '00-09': 80.63, '10-19': 83.48, '20-29': 82.56, '30-39': 80.24, '40-49': 83.0, '50-59': 82.04, '60-69': 80.38, '70-79': 80.25, '80-89': 80.65, '90-99': 83.75, 'old': 81.46, 'new': 83.75, 'harmonic': 82.59}
2026-06-15 21:55:45,336 [trainer.py] => CNN top1 curve: [87.58, 85.92, 84.41, 83.16, 82.12, 81.7]
2026-06-15 21:55:45,336 [trainer.py] => CNN top5 curve: [97.79, 97.21, 96.74, 96.49, 96.12, 95.8]
2026-06-15 21:55:45,336 [trainer.py] => Average Accuracy (CNN top1): 84.14833333333333
