2026-06-15 19:02:59,496 [trainer.py] => config: ./configs/simplecil/simplecil_inr_B100_Inc20.json
2026-06-15 19:02:59,497 [trainer.py] => prefix: -
2026-06-15 19:02:59,497 [trainer.py] => dataset: imagenetr
2026-06-15 19:02:59,497 [trainer.py] => memory_size: 0
2026-06-15 19:02:59,497 [trainer.py] => memory_per_class: 0
2026-06-15 19:02:59,497 [trainer.py] => fixed_memory: False
2026-06-15 19:02:59,497 [trainer.py] => shuffle: True
2026-06-15 19:02:59,497 [trainer.py] => init_cls: 100
2026-06-15 19:02:59,497 [trainer.py] => increment: 20
2026-06-15 19:02:59,497 [trainer.py] => model_name: simplecil
2026-06-15 19:02:59,497 [trainer.py] => backbone_type: clip
2026-06-15 19:02:59,497 [trainer.py] => device: [device(type='cuda', index=5)]
2026-06-15 19:02:59,497 [trainer.py] => seed: 1993
2026-06-15 19:02:59,497 [trainer.py] => total_class_num: 200
2026-06-15 19:02:59,651 [data_manager.py] => [168, 136, 51, 9, 183, 101, 171, 99, 42, 159, 191, 70, 16, 188, 27, 10, 175, 26, 68, 187, 98, 6, 85, 35, 112, 43, 100, 0, 103, 181, 88, 59, 4, 2, 116, 174, 94, 80, 106, 1, 147, 17, 141, 131, 72, 23, 173, 54, 197, 118, 87, 32, 79, 104, 91, 19, 135, 107, 178, 36, 11, 199, 142, 8, 122, 3, 28, 57, 153, 172, 190, 56, 49, 44, 97, 62, 151, 169, 194, 55, 192, 12, 189, 78, 66, 180, 15, 137, 109, 134, 92, 119, 126, 52, 170, 40, 148, 65, 144, 64, 138, 45, 77, 89, 154, 90, 71, 193, 74, 30, 113, 143, 96, 84, 67, 50, 186, 156, 69, 21, 18, 111, 108, 58, 125, 157, 150, 110, 182, 129, 166, 83, 81, 60, 13, 165, 14, 176, 63, 117, 5, 22, 145, 121, 38, 41, 82, 127, 114, 20, 31, 53, 37, 163, 196, 130, 152, 162, 86, 76, 24, 34, 184, 149, 33, 128, 198, 155, 146, 167, 139, 120, 140, 102, 47, 25, 158, 123, 46, 164, 61, 7, 115, 75, 133, 160, 105, 132, 179, 124, 48, 73, 93, 39, 95, 195, 29, 177, 185, 161]
2026-06-15 19:02:59,804 [factory.py] => Loaded ViT-B-16 model config.
2026-06-15 19:03:01,857 [factory.py] => Loading pretrained ViT-B-16 weights (/home/team/zhaohongwei/pretrained_models/open_clip_pytorch_model_laion400m_e32.bin).
2026-06-15 19:03:03,174 [factory.py] => Loaded ViT-B-16 model config.
2026-06-15 19:03:05,371 [factory.py] => Loading pretrained ViT-B-16 weights (/home/team/zhaohongwei/pretrained_models/open_clip_pytorch_model_laion400m_e32.bin).
2026-06-15 19:03:07,271 [simplecil.py] => Learning on 0-100
2026-06-15 19:03:53,595 [trainer.py] => CNN: {'total': 79.83, '00-09': 81.39, '10-19': 84.14, '20-29': 81.33, '30-39': 79.52, '40-49': 79.47, '50-59': 78.95, '60-69': 72.48, '70-79': 82.05, '80-89': 81.94, '90-99': 73.45, 'old': 0, 'new': 79.83, 'harmonic': 0.0}
2026-06-15 19:03:53,595 [trainer.py] => CNN top1 curve: [79.83]
2026-06-15 19:03:53,595 [trainer.py] => CNN top5 curve: [95.21]
2026-06-15 19:03:53,596 [trainer.py] => Average Accuracy (CNN top1): 79.83
2026-06-15 19:03:53,598 [simplecil.py] => Learning on 100-120
2026-06-15 19:04:14,802 [trainer.py] => CNN: {'total': 78.46, '00-09': 80.13, '10-19': 81.72, '20-29': 80.0, '30-39': 78.31, '40-49': 78.81, '50-59': 78.62, '60-69': 70.81, '70-79': 80.59, '80-89': 80.97, '90-99': 72.32, '100-109': 79.58, '110-119': 76.86, 'old': 78.56, 'new': 78.03, 'harmonic': 78.29}
2026-06-15 19:04:14,803 [trainer.py] => CNN top1 curve: [79.83, 78.46]
2026-06-15 19:04:14,803 [trainer.py] => CNN top5 curve: [95.21, 94.62]
2026-06-15 19:04:14,803 [trainer.py] => Average Accuracy (CNN top1): 79.145
2026-06-15 19:04:14,806 [simplecil.py] => Learning on 120-140
2026-06-15 19:04:35,812 [trainer.py] => CNN: {'total': 77.34, '00-09': 79.18, '10-19': 80.91, '20-29': 77.67, '30-39': 78.01, '40-49': 76.49, '50-59': 77.96, '60-69': 69.8, '70-79': 80.22, '80-89': 80.65, '90-99': 70.06, '100-109': 78.87, '110-119': 76.86, '120-129': 73.06, '130-139': 78.86, 'old': 77.53, 'new': 76.1, 'harmonic': 76.81}
2026-06-15 19:04:35,812 [trainer.py] => CNN top1 curve: [79.83, 78.46, 77.34]
2026-06-15 19:04:35,812 [trainer.py] => CNN top5 curve: [95.21, 94.62, 94.04]
2026-06-15 19:04:35,812 [trainer.py] => Average Accuracy (CNN top1): 78.54333333333334
2026-06-15 19:04:35,815 [simplecil.py] => Learning on 140-160
2026-06-15 19:05:00,197 [trainer.py] => CNN: {'total': 76.21, '00-09': 77.92, '10-19': 80.11, '20-29': 77.0, '30-39': 77.11, '40-49': 74.5, '50-59': 77.3, '60-69': 69.46, '70-79': 79.49, '80-89': 79.68, '90-99': 68.93, '100-109': 77.46, '110-119': 74.73, '120-129': 71.22, '130-139': 77.52, '140-149': 76.57, '150-159': 76.24, 'old': 76.17, 'new': 76.41, 'harmonic': 76.29}
2026-06-15 19:05:00,197 [trainer.py] => CNN top1 curve: [79.83, 78.46, 77.34, 76.21]
2026-06-15 19:05:00,197 [trainer.py] => CNN top5 curve: [95.21, 94.62, 94.04, 93.45]
2026-06-15 19:05:00,198 [trainer.py] => Average Accuracy (CNN top1): 77.96
2026-06-15 19:05:00,200 [simplecil.py] => Learning on 160-180
2026-06-15 19:05:24,690 [trainer.py] => CNN: {'total': 75.12, '00-09': 76.66, '10-19': 78.23, '20-29': 76.0, '30-39': 76.81, '40-49': 72.85, '50-59': 76.97, '60-69': 69.13, '70-79': 77.29, '80-89': 78.71, '90-99': 68.36, '100-109': 76.41, '110-119': 74.47, '120-129': 69.74, '130-139': 77.52, '140-149': 75.48, '150-159': 75.14, '160-169': 69.57, '170-179': 77.82, 'old': 75.24, 'new': 73.85, 'harmonic': 74.54}
2026-06-15 19:05:24,690 [trainer.py] => CNN top1 curve: [79.83, 78.46, 77.34, 76.21, 75.12]
2026-06-15 19:05:24,690 [trainer.py] => CNN top5 curve: [95.21, 94.62, 94.04, 93.45, 92.6]
2026-06-15 19:05:24,690 [trainer.py] => Average Accuracy (CNN top1): 77.392
2026-06-15 19:05:24,693 [simplecil.py] => Learning on 180-200
2026-06-15 19:05:50,808 [trainer.py] => CNN: {'total': 74.55, '00-09': 76.66, '10-19': 77.42, '20-29': 73.0, '30-39': 75.3, '40-49': 72.85, '50-59': 75.99, '60-69': 68.79, '70-79': 76.56, '80-89': 77.42, '90-99': 68.36, '100-109': 73.59, '110-119': 74.2, '120-129': 69.37, '130-139': 77.52, '140-149': 75.48, '150-159': 74.31, '160-169': 68.26, '170-179': 77.82, '180-189': 75.97, '190-199': 77.49, 'old': 74.32, 'new': 76.68, 'harmonic': 75.48}
2026-06-15 19:05:50,808 [trainer.py] => CNN top1 curve: [79.83, 78.46, 77.34, 76.21, 75.12, 74.55]
2026-06-15 19:05:50,809 [trainer.py] => CNN top5 curve: [95.21, 94.62, 94.04, 93.45, 92.6, 92.15]
2026-06-15 19:05:50,809 [trainer.py] => Average Accuracy (CNN top1): 76.91833333333334
