2026-06-16 01:06:10,868 [trainer.py] => config: ./configs/simplecil/simplecil_objectnet_B100_Inc20.json
2026-06-16 01:06:10,868 [trainer.py] => prefix: -
2026-06-16 01:06:10,868 [trainer.py] => dataset: objectnet
2026-06-16 01:06:10,868 [trainer.py] => memory_size: 0
2026-06-16 01:06:10,868 [trainer.py] => memory_per_class: 0
2026-06-16 01:06:10,868 [trainer.py] => fixed_memory: False
2026-06-16 01:06:10,869 [trainer.py] => shuffle: True
2026-06-16 01:06:10,869 [trainer.py] => init_cls: 100
2026-06-16 01:06:10,869 [trainer.py] => increment: 20
2026-06-16 01:06:10,869 [trainer.py] => model_name: simplecil
2026-06-16 01:06:10,869 [trainer.py] => backbone_type: clip
2026-06-16 01:06:10,869 [trainer.py] => device: [device(type='cuda', index=5)]
2026-06-16 01:06:10,869 [trainer.py] => seed: 2026
2026-06-16 01:06:10,869 [trainer.py] => total_class_num: 200
2026-06-16 01:06:10,975 [data_manager.py] => [115, 91, 15, 57, 123, 5, 193, 196, 88, 185, 191, 168, 90, 80, 106, 146, 188, 118, 44, 151, 24, 56, 42, 127, 113, 119, 197, 194, 99, 12, 65, 71, 131, 6, 46, 186, 126, 31, 117, 30, 110, 82, 102, 165, 11, 76, 53, 138, 199, 18, 163, 149, 84, 133, 170, 189, 52, 104, 45, 114, 41, 23, 160, 171, 172, 169, 177, 142, 94, 50, 128, 39, 59, 120, 107, 162, 124, 9, 74, 198, 62, 174, 166, 122, 141, 81, 10, 63, 176, 100, 136, 187, 129, 16, 72, 147, 54, 0, 98, 150, 92, 155, 4, 167, 125, 97, 153, 8, 83, 159, 85, 86, 13, 34, 173, 93, 180, 33, 21, 132, 190, 87, 121, 108, 103, 145, 37, 158, 69, 89, 2, 19, 67, 175, 51, 78, 43, 64, 66, 143, 61, 20, 144, 154, 183, 14, 140, 139, 75, 79, 22, 58, 101, 109, 32, 178, 73, 164, 55, 35, 49, 152, 137, 36, 3, 40, 70, 95, 105, 181, 157, 47, 192, 17, 60, 112, 68, 25, 38, 48, 161, 148, 111, 135, 96, 7, 27, 182, 130, 28, 179, 156, 116, 29, 195, 77, 184, 26, 134, 1]
2026-06-16 01:06:11,102 [factory.py] => Loaded ViT-B-16 model config.
2026-06-16 01:06:12,793 [factory.py] => Loading pretrained ViT-B-16 weights (/home/team/zhaohongwei/pretrained_models/open_clip_pytorch_model_laion400m_e32.bin).
2026-06-16 01:06:13,965 [factory.py] => Loaded ViT-B-16 model config.
2026-06-16 01:06:15,366 [factory.py] => Loading pretrained ViT-B-16 weights (/home/team/zhaohongwei/pretrained_models/open_clip_pytorch_model_laion400m_e32.bin).
2026-06-16 01:06:16,095 [simplecil.py] => Learning on 0-100
2026-06-16 01:12:05,393 [trainer.py] => CNN: {'total': 50.12, '00-09': 54.49, '10-19': 42.9, '20-29': 46.46, '30-39': 38.51, '40-49': 51.91, '50-59': 52.23, '60-69': 52.81, '70-79': 51.32, '80-89': 60.26, '90-99': 51.19, 'old': 0, 'new': 50.12, 'harmonic': 0.0}
2026-06-16 01:12:05,394 [trainer.py] => CNN top1 curve: [50.12]
2026-06-16 01:12:05,394 [trainer.py] => CNN top5 curve: [73.06]
2026-06-16 01:12:05,394 [trainer.py] => Average Accuracy (CNN top1): 50.12
2026-06-16 01:12:05,395 [simplecil.py] => Learning on 100-120
2026-06-16 01:14:25,886 [trainer.py] => CNN: {'total': 48.16, '00-09': 51.7, '10-19': 40.48, '20-29': 44.62, '30-39': 38.2, '40-49': 51.32, '50-59': 48.41, '60-69': 52.48, '70-79': 48.39, '80-89': 59.61, '90-99': 49.15, '100-109': 47.21, '110-119': 47.34, 'old': 48.34, 'new': 47.28, 'harmonic': 47.8}
2026-06-16 01:14:25,887 [trainer.py] => CNN top1 curve: [50.12, 48.16]
2026-06-16 01:14:25,887 [trainer.py] => CNN top5 curve: [73.06, 71.56]
2026-06-16 01:14:25,887 [trainer.py] => Average Accuracy (CNN top1): 49.14
2026-06-16 01:14:25,888 [simplecil.py] => Learning on 120-140
2026-06-16 01:17:16,858 [trainer.py] => CNN: {'total': 45.88, '00-09': 49.54, '10-19': 37.76, '20-29': 44.31, '30-39': 35.09, '40-49': 49.27, '50-59': 47.45, '60-69': 52.15, '70-79': 46.33, '80-89': 57.65, '90-99': 47.1, '100-109': 45.45, '110-119': 45.86, '120-129': 36.42, '130-139': 48.21, 'old': 46.4, 'new': 42.98, 'harmonic': 44.62}
2026-06-16 01:17:16,858 [trainer.py] => CNN top1 curve: [50.12, 48.16, 45.88]
2026-06-16 01:17:16,858 [trainer.py] => CNN top5 curve: [73.06, 71.56, 69.57]
2026-06-16 01:17:16,858 [trainer.py] => Average Accuracy (CNN top1): 48.053333333333335
2026-06-16 01:17:16,860 [simplecil.py] => Learning on 140-160
2026-06-16 01:20:38,981 [trainer.py] => CNN: {'total': 44.5, '00-09': 45.82, '10-19': 36.25, '20-29': 43.38, '30-39': 33.85, '40-49': 48.97, '50-59': 45.86, '60-69': 51.49, '70-79': 45.45, '80-89': 56.03, '90-99': 45.05, '100-109': 44.87, '110-119': 44.08, '120-129': 35.14, '130-139': 47.96, '140-149': 47.24, '150-159': 40.97, 'old': 44.59, 'new': 43.82, 'harmonic': 44.2}
2026-06-16 01:20:38,981 [trainer.py] => CNN top1 curve: [50.12, 48.16, 45.88, 44.5]
2026-06-16 01:20:38,982 [trainer.py] => CNN top5 curve: [73.06, 71.56, 69.57, 67.97]
2026-06-16 01:20:38,982 [trainer.py] => Average Accuracy (CNN top1): 47.165
2026-06-16 01:20:38,985 [simplecil.py] => Learning on 160-180
2026-06-16 01:24:14,127 [trainer.py] => CNN: {'total': 42.3, '00-09': 43.96, '10-19': 35.95, '20-29': 42.46, '30-39': 32.3, '40-49': 48.68, '50-59': 44.27, '60-69': 50.17, '70-79': 44.87, '80-89': 54.72, '90-99': 43.69, '100-109': 43.11, '110-119': 41.12, '120-129': 34.82, '130-139': 45.92, '140-149': 45.17, '150-159': 38.4, '160-169': 40.91, '170-179': 32.98, 'old': 43.06, 'new': 36.67, 'harmonic': 39.61}
2026-06-16 01:24:14,127 [trainer.py] => CNN top1 curve: [50.12, 48.16, 45.88, 44.5, 42.3]
2026-06-16 01:24:14,127 [trainer.py] => CNN top5 curve: [73.06, 71.56, 69.57, 67.97, 66.2]
2026-06-16 01:24:14,127 [trainer.py] => Average Accuracy (CNN top1): 46.19199999999999
2026-06-16 01:24:14,131 [simplecil.py] => Learning on 180-200
2026-06-16 01:27:47,115 [trainer.py] => CNN: {'total': 40.13, '00-09': 43.34, '10-19': 35.05, '20-29': 40.31, '30-39': 29.81, '40-49': 48.68, '50-59': 42.68, '60-69': 47.19, '70-79': 43.7, '80-89': 52.12, '90-99': 41.98, '100-109': 39.88, '110-119': 39.94, '120-129': 33.55, '130-139': 44.64, '140-149': 42.07, '150-159': 37.54, '160-169': 38.79, '170-179': 32.19, '180-189': 41.8, '190-199': 28.3, 'old': 40.66, 'new': 35.63, 'harmonic': 37.98}
2026-06-16 01:27:47,116 [trainer.py] => CNN top1 curve: [50.12, 48.16, 45.88, 44.5, 42.3, 40.13]
2026-06-16 01:27:47,116 [trainer.py] => CNN top5 curve: [73.06, 71.56, 69.57, 67.97, 66.2, 64.57]
2026-06-16 01:27:47,116 [trainer.py] => Average Accuracy (CNN top1): 45.181666666666665
