2026-06-16 00:00:01,917 [trainer.py] => config: ./configs/simplecil/simplecil_objectnet_B100_Inc20.json
2026-06-16 00:00:01,917 [trainer.py] => prefix: -
2026-06-16 00:00:01,917 [trainer.py] => dataset: objectnet
2026-06-16 00:00:01,917 [trainer.py] => memory_size: 0
2026-06-16 00:00:01,917 [trainer.py] => memory_per_class: 0
2026-06-16 00:00:01,917 [trainer.py] => fixed_memory: False
2026-06-16 00:00:01,917 [trainer.py] => shuffle: True
2026-06-16 00:00:01,917 [trainer.py] => init_cls: 100
2026-06-16 00:00:01,917 [trainer.py] => increment: 20
2026-06-16 00:00:01,917 [trainer.py] => model_name: simplecil
2026-06-16 00:00:01,917 [trainer.py] => backbone_type: clip
2026-06-16 00:00:01,917 [trainer.py] => device: [device(type='cuda', index=5)]
2026-06-16 00:00:01,917 [trainer.py] => seed: 0
2026-06-16 00:00:01,917 [trainer.py] => total_class_num: 200
2026-06-16 00:00:02,200 [data_manager.py] => [18, 170, 107, 98, 177, 182, 5, 146, 12, 152, 61, 125, 180, 154, 80, 7, 33, 130, 37, 74, 183, 145, 45, 159, 60, 123, 179, 185, 122, 44, 16, 55, 150, 111, 22, 189, 129, 4, 83, 106, 134, 66, 26, 113, 168, 63, 8, 75, 118, 143, 71, 124, 184, 97, 149, 24, 30, 160, 40, 56, 131, 96, 181, 19, 153, 92, 54, 163, 51, 86, 139, 90, 137, 101, 144, 89, 109, 14, 27, 141, 187, 46, 138, 195, 108, 62, 2, 59, 136, 197, 43, 10, 194, 73, 196, 178, 175, 126, 93, 112, 158, 191, 50, 0, 94, 110, 95, 64, 167, 41, 69, 49, 48, 85, 13, 161, 23, 186, 135, 20, 15, 78, 104, 52, 100, 76, 3, 116, 164, 198, 6, 68, 84, 121, 155, 171, 156, 91, 199, 11, 119, 102, 35, 57, 65, 1, 120, 162, 42, 105, 132, 173, 17, 38, 133, 53, 157, 128, 34, 28, 114, 151, 31, 166, 127, 176, 32, 142, 169, 147, 29, 99, 82, 79, 115, 148, 193, 72, 77, 25, 165, 81, 188, 174, 190, 39, 58, 140, 88, 70, 87, 36, 21, 9, 103, 67, 192, 117, 47, 172]
2026-06-16 00:00:18,894 [instantiator.py] => Created a temporary directory at /tmp/tmpbg2in32s
2026-06-16 00:00:18,895 [instantiator.py] => Writing /tmp/tmpbg2in32s/_remote_module_non_scriptable.py
2026-06-16 00:00:19,759 [factory.py] => Loaded ViT-B-16 model config.
2026-06-16 00:00:21,947 [factory.py] => Loading pretrained ViT-B-16 weights (/home/team/zhaohongwei/pretrained_models/open_clip_pytorch_model_laion400m_e32.bin).
2026-06-16 00:00:22,509 [factory.py] => Loaded ViT-B-16 model config.
2026-06-16 00:00:23,918 [factory.py] => Loading pretrained ViT-B-16 weights (/home/team/zhaohongwei/pretrained_models/open_clip_pytorch_model_laion400m_e32.bin).
2026-06-16 00:00:25,386 [simplecil.py] => Learning on 0-100
2026-06-16 00:06:40,429 [trainer.py] => CNN: {'total': 47.47, '00-09': 45.99, '10-19': 52.45, '20-29': 49.87, '30-39': 54.35, '40-49': 41.84, '50-59': 39.46, '60-69': 40.27, '70-79': 57.29, '80-89': 47.6, '90-99': 46.63, 'old': 0, 'new': 47.47, 'harmonic': 0.0}
2026-06-16 00:06:40,429 [trainer.py] => CNN top1 curve: [47.47]
2026-06-16 00:06:40,429 [trainer.py] => CNN top5 curve: [73.0]
2026-06-16 00:06:40,429 [trainer.py] => Average Accuracy (CNN top1): 47.47
2026-06-16 00:06:40,432 [simplecil.py] => Learning on 100-120
2026-06-16 00:09:20,132 [trainer.py] => CNN: {'total': 45.86, '00-09': 43.92, '10-19': 48.25, '20-29': 46.68, '30-39': 53.11, '40-49': 38.44, '50-59': 37.46, '60-69': 37.3, '70-79': 55.93, '80-89': 45.51, '90-99': 44.28, '100-109': 56.13, '110-119': 43.82, 'old': 44.98, 'new': 49.93, 'harmonic': 47.33}
2026-06-16 00:09:20,133 [trainer.py] => CNN top1 curve: [47.47, 45.86]
2026-06-16 00:09:20,133 [trainer.py] => CNN top5 curve: [73.0, 71.4]
2026-06-16 00:09:20,133 [trainer.py] => Average Accuracy (CNN top1): 46.665
2026-06-16 00:09:20,134 [simplecil.py] => Learning on 120-140
2026-06-16 00:12:01,266 [trainer.py] => CNN: {'total': 43.55, '00-09': 42.73, '10-19': 45.1, '20-29': 46.68, '30-39': 51.86, '40-49': 35.71, '50-59': 36.12, '60-69': 34.05, '70-79': 52.88, '80-89': 41.92, '90-99': 43.11, '100-109': 53.56, '110-119': 43.54, '120-129': 39.08, '130-139': 43.2, 'old': 43.94, 'new': 41.16, 'harmonic': 42.5}
2026-06-16 00:12:01,267 [trainer.py] => CNN top1 curve: [47.47, 45.86, 43.55]
2026-06-16 00:12:01,267 [trainer.py] => CNN top5 curve: [73.0, 71.4, 69.45]
2026-06-16 00:12:01,267 [trainer.py] => Average Accuracy (CNN top1): 45.626666666666665
2026-06-16 00:12:01,271 [simplecil.py] => Learning on 140-160
2026-06-16 00:15:17,753 [trainer.py] => CNN: {'total': 43.23, '00-09': 41.84, '10-19': 44.76, '20-29': 46.42, '30-39': 50.62, '40-49': 33.33, '50-59': 35.45, '60-69': 32.43, '70-79': 50.85, '80-89': 41.32, '90-99': 41.94, '100-109': 52.42, '110-119': 42.98, '120-129': 38.15, '130-139': 40.79, '140-149': 48.49, '150-159': 48.69, 'old': 42.4, 'new': 48.6, 'harmonic': 45.29}
2026-06-16 00:15:17,754 [trainer.py] => CNN top1 curve: [47.47, 45.86, 43.55, 43.23]
2026-06-16 00:15:17,754 [trainer.py] => CNN top5 curve: [73.0, 71.4, 69.45, 68.42]
2026-06-16 00:15:17,754 [trainer.py] => Average Accuracy (CNN top1): 45.027499999999996
2026-06-16 00:15:17,757 [simplecil.py] => Learning on 160-180
2026-06-16 00:18:36,829 [trainer.py] => CNN: {'total': 41.4, '00-09': 40.36, '10-19': 44.06, '20-29': 45.89, '30-39': 50.62, '40-49': 31.63, '50-59': 34.11, '60-69': 29.73, '70-79': 49.83, '80-89': 40.42, '90-99': 40.76, '100-109': 51.57, '110-119': 41.57, '120-129': 36.31, '130-139': 39.27, '140-149': 48.19, '150-159': 47.64, '160-169': 35.05, '170-179': 37.34, 'old': 42.07, 'new': 36.31, 'harmonic': 38.98}
2026-06-16 00:18:36,829 [trainer.py] => CNN top1 curve: [47.47, 45.86, 43.55, 43.23, 41.4]
2026-06-16 00:18:36,829 [trainer.py] => CNN top5 curve: [73.0, 71.4, 69.45, 68.42, 66.11]
2026-06-16 00:18:36,829 [trainer.py] => Average Accuracy (CNN top1): 44.302
2026-06-16 00:18:36,831 [simplecil.py] => Learning on 180-200
2026-06-16 00:22:31,699 [trainer.py] => CNN: {'total': 40.13, '00-09': 39.76, '10-19': 42.31, '20-29': 44.3, '30-39': 49.69, '40-49': 30.61, '50-59': 33.78, '60-69': 28.92, '70-79': 47.12, '80-89': 39.52, '90-99': 37.54, '100-109': 51.57, '110-119': 38.48, '120-129': 36.0, '130-139': 38.37, '140-149': 46.39, '150-159': 47.38, '160-169': 34.73, '170-179': 35.25, '180-189': 45.91, '190-199': 35.65, 'old': 40.14, 'new': 40.03, 'harmonic': 40.08}
2026-06-16 00:22:31,699 [trainer.py] => CNN top1 curve: [47.47, 45.86, 43.55, 43.23, 41.4, 40.13]
2026-06-16 00:22:31,699 [trainer.py] => CNN top5 curve: [73.0, 71.4, 69.45, 68.42, 66.11, 64.57]
2026-06-16 00:22:31,699 [trainer.py] => Average Accuracy (CNN top1): 43.60666666666666
