2026-06-15 19:46:54,125 [trainer.py] => config: ./configs/simplecil/simplecil_sun_B0_Inc30.json
2026-06-15 19:46:54,125 [trainer.py] => prefix: -
2026-06-15 19:46:54,125 [trainer.py] => dataset: sun
2026-06-15 19:46:54,125 [trainer.py] => memory_size: 0
2026-06-15 19:46:54,125 [trainer.py] => memory_per_class: 0
2026-06-15 19:46:54,125 [trainer.py] => fixed_memory: False
2026-06-15 19:46:54,125 [trainer.py] => shuffle: True
2026-06-15 19:46:54,125 [trainer.py] => init_cls: 30
2026-06-15 19:46:54,125 [trainer.py] => increment: 30
2026-06-15 19:46:54,125 [trainer.py] => model_name: simplecil
2026-06-15 19:46:54,126 [trainer.py] => backbone_type: clip
2026-06-15 19:46:54,126 [trainer.py] => device: [device(type='cuda', index=5)]
2026-06-15 19:46:54,126 [trainer.py] => seed: 42
2026-06-15 19:46:54,126 [trainer.py] => total_class_num: 300
2026-06-15 19:46:54,400 [data_manager.py] => [203, 266, 152, 9, 233, 226, 196, 109, 5, 175, 237, 57, 218, 45, 182, 221, 289, 211, 148, 165, 78, 113, 249, 250, 104, 42, 281, 295, 157, 238, 17, 164, 33, 24, 215, 119, 7, 90, 46, 73, 93, 76, 286, 60, 77, 63, 234, 229, 111, 231, 180, 144, 239, 75, 297, 278, 97, 92, 192, 25, 232, 59, 6, 185, 173, 30, 22, 256, 56, 186, 108, 126, 230, 193, 129, 282, 82, 84, 66, 288, 163, 154, 19, 124, 79, 114, 118, 72, 15, 10, 194, 101, 68, 224, 37, 16, 179, 147, 274, 67, 228, 69, 31, 183, 265, 225, 140, 18, 181, 96, 132, 262, 86, 248, 245, 116, 146, 292, 197, 206, 55, 172, 184, 167, 139, 253, 38, 125, 195, 283, 137, 112, 168, 117, 277, 271, 155, 176, 178, 2, 115, 143, 177, 120, 210, 260, 127, 74, 29, 83, 269, 107, 223, 158, 280, 246, 222, 65, 198, 85, 213, 159, 12, 35, 28, 142, 284, 254, 170, 51, 95, 208, 247, 41, 89, 244, 136, 26, 293, 141, 200, 0, 268, 272, 100, 259, 255, 171, 98, 36, 61, 150, 236, 202, 242, 11, 296, 267, 27, 219, 4, 122, 32, 204, 162, 209, 285, 138, 62, 135, 128, 290, 8, 70, 264, 64, 44, 279, 156, 40, 123, 275, 216, 153, 23, 261, 110, 81, 207, 212, 39, 240, 291, 258, 199, 14, 47, 94, 263, 227, 273, 201, 161, 43, 217, 145, 190, 220, 251, 3, 105, 53, 133, 1, 131, 103, 49, 80, 205, 34, 91, 52, 241, 13, 88, 166, 294, 134, 287, 243, 54, 50, 174, 189, 298, 187, 169, 58, 48, 235, 252, 21, 160, 276, 191, 257, 149, 130, 151, 99, 87, 214, 121, 299, 20, 188, 71, 106, 270, 102]
2026-06-15 19:46:54,881 [factory.py] => Loaded ViT-B-16 model config.
2026-06-15 19:46:56,369 [factory.py] => Loading pretrained ViT-B-16 weights (/home/team/zhaohongwei/pretrained_models/open_clip_pytorch_model_laion400m_e32.bin).
2026-06-15 19:46:56,823 [factory.py] => Loaded ViT-B-16 model config.
2026-06-15 19:46:58,217 [factory.py] => Loading pretrained ViT-B-16 weights (/home/team/zhaohongwei/pretrained_models/open_clip_pytorch_model_laion400m_e32.bin).
2026-06-15 19:46:58,690 [simplecil.py] => Learning on 0-30
2026-06-15 19:47:23,797 [trainer.py] => CNN: {'total': 96.91, '00-09': 96.85, '10-19': 97.07, '20-29': 96.72, 'old': 0, 'new': 96.91, 'harmonic': 0.0}
2026-06-15 19:47:23,798 [trainer.py] => CNN top1 curve: [96.91]
2026-06-15 19:47:23,798 [trainer.py] => CNN top5 curve: [100.0]
2026-06-15 19:47:23,798 [trainer.py] => Average Accuracy (CNN top1): 96.91
2026-06-15 19:47:23,800 [simplecil.py] => Learning on 30-60
2026-06-15 19:48:10,815 [trainer.py] => CNN: {'total': 89.96, '00-09': 89.68, '10-19': 92.08, '20-29': 93.72, '30-39': 86.85, '40-49': 88.48, '50-59': 93.56, 'old': 91.9, 'new': 88.89, 'harmonic': 90.37}
2026-06-15 19:48:10,815 [trainer.py] => CNN top1 curve: [96.91, 89.96]
2026-06-15 19:48:10,815 [trainer.py] => CNN top5 curve: [100.0, 99.59]
2026-06-15 19:48:10,815 [trainer.py] => Average Accuracy (CNN top1): 93.435
2026-06-15 19:48:10,818 [simplecil.py] => Learning on 60-90
2026-06-15 19:48:52,945 [trainer.py] => CNN: {'total': 87.59, '00-09': 87.11, '10-19': 90.19, '20-29': 89.62, '30-39': 84.27, '40-49': 86.55, '50-59': 91.95, '60-69': 87.97, '70-79': 86.94, '80-89': 87.25, 'old': 87.62, 'new': 87.5, 'harmonic': 87.56}
2026-06-15 19:48:52,945 [trainer.py] => CNN top1 curve: [96.91, 89.96, 87.59]
2026-06-15 19:48:52,945 [trainer.py] => CNN top5 curve: [100.0, 99.59, 98.98]
2026-06-15 19:48:52,945 [trainer.py] => Average Accuracy (CNN top1): 91.48666666666668
2026-06-15 19:48:52,947 [simplecil.py] => Learning on 90-120
2026-06-15 19:49:43,182 [trainer.py] => CNN: {'total': 85.66, '00-09': 86.25, '10-19': 87.61, '20-29': 86.07, '30-39': 79.61, '40-49': 84.38, '50-59': 90.95, '60-69': 85.96, '70-79': 83.68, '80-89': 85.25, '90-99': 90.56, '100-109': 86.71, '110-119': 84.77, 'old': 84.98, 'new': 87.73, 'harmonic': 86.33}
2026-06-15 19:49:43,182 [trainer.py] => CNN top1 curve: [96.91, 89.96, 87.59, 85.66]
2026-06-15 19:49:43,182 [trainer.py] => CNN top5 curve: [100.0, 99.59, 98.98, 98.73]
2026-06-15 19:49:43,182 [trainer.py] => Average Accuracy (CNN top1): 90.03
2026-06-15 19:49:43,184 [simplecil.py] => Learning on 120-150
2026-06-15 19:50:47,513 [trainer.py] => CNN: {'total': 81.91, '00-09': 84.81, '10-19': 86.06, '20-29': 83.88, '30-39': 78.88, '40-49': 81.98, '50-59': 89.54, '60-69': 84.96, '70-79': 81.01, '80-89': 77.41, '90-99': 76.34, '100-109': 83.84, '110-119': 75.78, '120-129': 79.67, '130-139': 84.8, '140-149': 84.07, 'old': 81.66, 'new': 82.82, 'harmonic': 82.24}
2026-06-15 19:50:47,514 [trainer.py] => CNN top1 curve: [96.91, 89.96, 87.59, 85.66, 81.91]
2026-06-15 19:50:47,514 [trainer.py] => CNN top5 curve: [100.0, 99.59, 98.98, 98.73, 98.31]
2026-06-15 19:50:47,514 [trainer.py] => Average Accuracy (CNN top1): 88.40599999999999
2026-06-15 19:50:47,517 [simplecil.py] => Learning on 150-180
2026-06-15 19:52:01,470 [trainer.py] => CNN: {'total': 79.62, '00-09': 83.67, '10-19': 85.2, '20-29': 81.15, '30-39': 76.6, '40-49': 80.27, '50-59': 88.73, '60-69': 84.1, '70-79': 80.12, '80-89': 75.23, '90-99': 76.34, '100-109': 79.96, '110-119': 72.27, '120-129': 77.71, '130-139': 77.39, '140-149': 82.9, '150-159': 78.93, '160-169': 78.8, '170-179': 80.03, 'old': 79.7, 'new': 79.26, 'harmonic': 79.48}
2026-06-15 19:52:01,470 [trainer.py] => CNN top1 curve: [96.91, 89.96, 87.59, 85.66, 81.91, 79.62]
2026-06-15 19:52:01,470 [trainer.py] => CNN top5 curve: [100.0, 99.59, 98.98, 98.73, 98.31, 97.68]
2026-06-15 19:52:01,470 [trainer.py] => Average Accuracy (CNN top1): 86.94166666666666
2026-06-15 19:52:01,473 [simplecil.py] => Learning on 180-210
2026-06-15 19:53:20,653 [trainer.py] => CNN: {'total': 78.14, '00-09': 83.09, '10-19': 83.99, '20-29': 81.15, '30-39': 76.5, '40-49': 75.83, '50-59': 88.73, '60-69': 80.95, '70-79': 80.12, '80-89': 70.31, '90-99': 75.77, '100-109': 78.53, '110-119': 69.53, '120-129': 76.51, '130-139': 76.88, '140-149': 79.86, '150-159': 78.65, '160-169': 78.16, '170-179': 78.09, '180-189': 77.35, '190-199': 75.64, '200-209': 82.74, 'old': 78.08, 'new': 78.55, 'harmonic': 78.31}
2026-06-15 19:53:20,654 [trainer.py] => CNN top1 curve: [96.91, 89.96, 87.59, 85.66, 81.91, 79.62, 78.14]
2026-06-15 19:53:20,654 [trainer.py] => CNN top5 curve: [100.0, 99.59, 98.98, 98.73, 98.31, 97.68, 96.91]
2026-06-15 19:53:20,654 [trainer.py] => Average Accuracy (CNN top1): 85.6842857142857
2026-06-15 19:53:20,656 [simplecil.py] => Learning on 210-240
2026-06-15 19:54:54,141 [trainer.py] => CNN: {'total': 77.51, '00-09': 79.08, '10-19': 83.13, '20-29': 80.87, '30-39': 72.67, '40-49': 74.91, '50-59': 86.72, '60-69': 79.66, '70-79': 80.12, '80-89': 69.58, '90-99': 75.07, '100-109': 76.48, '110-119': 69.14, '120-129': 75.15, '130-139': 75.35, '140-149': 78.22, '150-159': 77.11, '160-169': 73.62, '170-179': 77.79, '180-189': 76.97, '190-199': 74.84, '200-209': 80.51, '210-219': 77.01, '220-229': 84.34, '230-239': 85.45, 'old': 76.59, 'new': 82.0, 'harmonic': 79.2}
2026-06-15 19:54:54,141 [trainer.py] => CNN top1 curve: [96.91, 89.96, 87.59, 85.66, 81.91, 79.62, 78.14, 77.51]
2026-06-15 19:54:54,141 [trainer.py] => CNN top5 curve: [100.0, 99.59, 98.98, 98.73, 98.31, 97.68, 96.91, 96.78]
2026-06-15 19:54:54,141 [trainer.py] => Average Accuracy (CNN top1): 84.6625
2026-06-15 19:54:54,145 [simplecil.py] => Learning on 240-270
2026-06-15 19:56:25,143 [trainer.py] => CNN: {'total': 76.51, '00-09': 76.5, '10-19': 82.79, '20-29': 80.6, '30-39': 72.15, '40-49': 73.77, '50-59': 86.52, '60-69': 78.8, '70-79': 79.82, '80-89': 69.22, '90-99': 74.37, '100-109': 76.07, '110-119': 68.16, '120-129': 72.59, '130-139': 71.26, '140-149': 77.75, '150-159': 76.97, '160-169': 69.74, '170-179': 76.01, '180-189': 76.01, '190-199': 71.5, '200-209': 80.0, '210-219': 76.22, '220-229': 80.09, '230-239': 85.03, '240-249': 80.2, '250-259': 84.62, '260-269': 79.41, 'old': 76.01, 'new': 81.55, 'harmonic': 78.68}
2026-06-15 19:56:25,143 [trainer.py] => CNN top1 curve: [96.91, 89.96, 87.59, 85.66, 81.91, 79.62, 78.14, 77.51, 76.51]
2026-06-15 19:56:25,144 [trainer.py] => CNN top5 curve: [100.0, 99.59, 98.98, 98.73, 98.31, 97.68, 96.91, 96.78, 96.34]
2026-06-15 19:56:25,144 [trainer.py] => Average Accuracy (CNN top1): 83.75666666666666
2026-06-15 19:56:25,146 [simplecil.py] => Learning on 270-300
2026-06-15 19:57:49,456 [trainer.py] => CNN: {'total': 75.6, '00-09': 74.5, '10-19': 82.44, '20-29': 80.05, '30-39': 71.74, '40-49': 73.55, '50-59': 85.71, '60-69': 78.22, '70-79': 75.07, '80-89': 68.12, '90-99': 73.38, '100-109': 75.05, '110-119': 66.8, '120-129': 69.58, '130-139': 70.11, '140-149': 74.47, '150-159': 75.7, '160-169': 69.09, '170-179': 75.41, '180-189': 75.43, '190-199': 71.18, '200-209': 79.66, '210-219': 75.76, '220-229': 79.74, '230-239': 85.03, '240-249': 79.02, '250-259': 84.24, '260-269': 77.35, '270-279': 79.5, '280-289': 84.9, '290-299': 66.76, 'old': 75.55, 'new': 76.05, 'harmonic': 75.8}
2026-06-15 19:57:49,457 [trainer.py] => CNN top1 curve: [96.91, 89.96, 87.59, 85.66, 81.91, 79.62, 78.14, 77.51, 76.51, 75.6]
2026-06-15 19:57:49,457 [trainer.py] => CNN top5 curve: [100.0, 99.59, 98.98, 98.73, 98.31, 97.68, 96.91, 96.78, 96.34, 95.98]
2026-06-15 19:57:49,457 [trainer.py] => Average Accuracy (CNN top1): 82.941
