2026-06-15 19:57:49,469 [trainer.py] => config: ./configs/simplecil/simplecil_sun_B0_Inc30.json
2026-06-15 19:57:49,469 [trainer.py] => prefix: -
2026-06-15 19:57:49,469 [trainer.py] => dataset: sun
2026-06-15 19:57:49,470 [trainer.py] => memory_size: 0
2026-06-15 19:57:49,470 [trainer.py] => memory_per_class: 0
2026-06-15 19:57:49,470 [trainer.py] => fixed_memory: False
2026-06-15 19:57:49,470 [trainer.py] => shuffle: True
2026-06-15 19:57:49,470 [trainer.py] => init_cls: 30
2026-06-15 19:57:49,470 [trainer.py] => increment: 30
2026-06-15 19:57:49,470 [trainer.py] => model_name: simplecil
2026-06-15 19:57:49,470 [trainer.py] => backbone_type: clip
2026-06-15 19:57:49,470 [trainer.py] => device: [device(type='cuda', index=5)]
2026-06-15 19:57:49,470 [trainer.py] => seed: 1993
2026-06-15 19:57:49,470 [trainer.py] => total_class_num: 300
2026-06-15 19:57:49,734 [data_manager.py] => [169, 221, 146, 296, 92, 229, 49, 70, 126, 77, 243, 57, 120, 223, 27, 217, 154, 8, 101, 182, 54, 50, 97, 162, 28, 193, 79, 6, 151, 0, 173, 187, 44, 277, 157, 16, 257, 122, 35, 9, 171, 176, 134, 4, 87, 255, 112, 153, 246, 286, 147, 186, 107, 98, 10, 7, 266, 214, 36, 165, 139, 254, 103, 269, 59, 23, 298, 39, 73, 208, 135, 299, 102, 20, 12, 268, 11, 209, 161, 210, 74, 42, 56, 99, 235, 133, 159, 189, 145, 238, 215, 241, 138, 195, 233, 279, 88, 199, 64, 280, 26, 203, 17, 245, 174, 236, 137, 252, 80, 68, 181, 150, 118, 94, 75, 2, 109, 119, 232, 15, 69, 184, 201, 261, 55, 287, 273, 66, 175, 32, 142, 136, 116, 76, 179, 1, 91, 248, 275, 240, 290, 170, 132, 106, 265, 270, 85, 19, 284, 43, 259, 293, 228, 200, 104, 227, 51, 224, 163, 297, 216, 260, 93, 46, 100, 272, 105, 72, 131, 3, 156, 256, 249, 48, 113, 82, 172, 213, 62, 53, 271, 168, 253, 226, 183, 180, 276, 283, 78, 61, 143, 278, 30, 141, 196, 264, 231, 52, 222, 40, 125, 219, 65, 166, 192, 289, 45, 205, 89, 267, 90, 71, 167, 262, 281, 212, 96, 84, 127, 67, 294, 178, 288, 197, 21, 18, 111, 108, 58, 230, 188, 31, 110, 291, 129, 24, 204, 83, 81, 251, 60, 13, 128, 14, 86, 63, 117, 198, 274, 5, 22, 144, 258, 121, 38, 207, 148, 292, 41, 234, 237, 114, 202, 37, 149, 206, 155, 29, 130, 177, 194, 152, 34, 33, 239, 160, 140, 47, 244, 25, 282, 158, 211, 123, 190, 218, 164, 247, 263, 191, 220, 115, 242, 250, 124, 295, 95, 285, 225, 185]
2026-06-15 19:57:50,175 [factory.py] => Loaded ViT-B-16 model config.
2026-06-15 19:57:51,629 [factory.py] => Loading pretrained ViT-B-16 weights (/home/team/zhaohongwei/pretrained_models/open_clip_pytorch_model_laion400m_e32.bin).
2026-06-15 19:57:52,943 [factory.py] => Loaded ViT-B-16 model config.
2026-06-15 19:57:54,624 [factory.py] => Loading pretrained ViT-B-16 weights (/home/team/zhaohongwei/pretrained_models/open_clip_pytorch_model_laion400m_e32.bin).
2026-06-15 19:57:55,093 [simplecil.py] => Learning on 0-30
2026-06-15 19:58:30,751 [trainer.py] => CNN: {'total': 90.76, '00-09': 91.38, '10-19': 92.43, '20-29': 88.73, 'old': 0, 'new': 90.76, 'harmonic': 0.0}
2026-06-15 19:58:30,752 [trainer.py] => CNN top1 curve: [90.76]
2026-06-15 19:58:30,752 [trainer.py] => CNN top5 curve: [99.62]
2026-06-15 19:58:30,752 [trainer.py] => Average Accuracy (CNN top1): 90.76
2026-06-15 19:58:30,753 [simplecil.py] => Learning on 30-60
2026-06-15 19:59:12,392 [trainer.py] => CNN: {'total': 87.73, '00-09': 87.62, '10-19': 88.79, '20-29': 80.87, '30-39': 92.15, '40-49': 84.92, '50-59': 94.42, 'old': 85.54, 'new': 89.95, 'harmonic': 87.69}
2026-06-15 19:59:12,393 [trainer.py] => CNN top1 curve: [90.76, 87.73]
2026-06-15 19:59:12,393 [trainer.py] => CNN top5 curve: [99.62, 99.33]
2026-06-15 19:59:12,393 [trainer.py] => Average Accuracy (CNN top1): 89.245
2026-06-15 19:59:12,395 [simplecil.py] => Learning on 60-90
2026-06-15 19:59:56,727 [trainer.py] => CNN: {'total': 87.38, '00-09': 86.52, '10-19': 86.46, '20-29': 79.03, '30-39': 91.06, '40-49': 83.89, '50-59': 93.13, '60-69': 87.65, '70-79': 90.58, '80-89': 91.43, 'old': 86.29, 'new': 89.96, 'harmonic': 88.09}
2026-06-15 19:59:56,728 [trainer.py] => CNN top1 curve: [90.76, 87.73, 87.38]
2026-06-15 19:59:56,728 [trainer.py] => CNN top5 curve: [99.62, 99.33, 99.22]
2026-06-15 19:59:56,728 [trainer.py] => Average Accuracy (CNN top1): 88.62333333333333
2026-06-15 19:59:56,730 [simplecil.py] => Learning on 90-120
2026-06-15 20:00:44,341 [trainer.py] => CNN: {'total': 83.79, '00-09': 84.64, '10-19': 83.99, '20-29': 75.49, '30-39': 84.9, '40-49': 82.47, '50-59': 91.2, '60-69': 85.54, '70-79': 88.7, '80-89': 83.91, '90-99': 82.23, '100-109': 85.6, '110-119': 81.68, 'old': 84.02, 'new': 82.96, 'harmonic': 83.49}
2026-06-15 20:00:44,341 [trainer.py] => CNN top1 curve: [90.76, 87.73, 87.38, 83.79]
2026-06-15 20:00:44,341 [trainer.py] => CNN top5 curve: [99.62, 99.33, 99.22, 98.82]
2026-06-15 20:00:44,341 [trainer.py] => Average Accuracy (CNN top1): 87.415
2026-06-15 20:00:44,342 [simplecil.py] => Learning on 120-150
2026-06-15 20:01:32,359 [trainer.py] => CNN: {'total': 81.98, '00-09': 82.76, '10-19': 80.79, '20-29': 73.79, '30-39': 83.21, '40-49': 81.44, '50-59': 87.55, '60-69': 83.95, '70-79': 88.14, '80-89': 81.95, '90-99': 80.2, '100-109': 83.0, '110-119': 80.82, '120-129': 81.22, '130-139': 78.89, '140-149': 89.03, 'old': 81.96, 'new': 82.08, 'harmonic': 82.02}
2026-06-15 20:01:32,359 [trainer.py] => CNN top1 curve: [90.76, 87.73, 87.38, 83.79, 81.98]
2026-06-15 20:01:32,360 [trainer.py] => CNN top5 curve: [99.62, 99.33, 99.22, 98.82, 98.32]
2026-06-15 20:01:32,360 [trainer.py] => Average Accuracy (CNN top1): 86.328
2026-06-15 20:01:32,362 [simplecil.py] => Learning on 150-180
2026-06-15 20:02:39,292 [trainer.py] => CNN: {'total': 80.75, '00-09': 81.97, '10-19': 79.91, '20-29': 72.61, '30-39': 82.0, '40-49': 80.15, '50-59': 86.48, '60-69': 81.48, '70-79': 85.88, '80-89': 81.5, '90-99': 78.93, '100-109': 82.0, '110-119': 80.2, '120-129': 76.7, '130-139': 77.96, '140-149': 87.46, '150-159': 87.45, '160-169': 75.55, '170-179': 84.15, 'old': 80.6, 'new': 81.36, 'harmonic': 80.98}
2026-06-15 20:02:39,292 [trainer.py] => CNN top1 curve: [90.76, 87.73, 87.38, 83.79, 81.98, 80.75]
2026-06-15 20:02:39,292 [trainer.py] => CNN top5 curve: [99.62, 99.33, 99.22, 98.82, 98.32, 97.76]
2026-06-15 20:02:39,292 [trainer.py] => Average Accuracy (CNN top1): 85.39833333333335
2026-06-15 20:02:39,295 [simplecil.py] => Learning on 180-210
2026-06-15 20:03:41,750 [trainer.py] => CNN: {'total': 79.14, '00-09': 78.37, '10-19': 75.98, '20-29': 69.86, '30-39': 81.4, '40-49': 78.48, '50-59': 83.91, '60-69': 78.66, '70-79': 83.99, '80-89': 81.05, '90-99': 78.43, '100-109': 80.4, '110-119': 78.22, '120-129': 75.48, '130-139': 76.3, '140-149': 84.64, '150-159': 86.1, '160-169': 74.67, '170-179': 83.22, '180-189': 72.88, '190-199': 82.52, '200-209': 83.67, 'old': 78.94, 'new': 80.63, 'harmonic': 79.78}
2026-06-15 20:03:41,750 [trainer.py] => CNN top1 curve: [90.76, 87.73, 87.38, 83.79, 81.98, 80.75, 79.14]
2026-06-15 20:03:41,751 [trainer.py] => CNN top5 curve: [99.62, 99.33, 99.22, 98.82, 98.32, 97.76, 97.18]
2026-06-15 20:03:41,751 [trainer.py] => Average Accuracy (CNN top1): 84.50428571428573
2026-06-15 20:03:41,755 [simplecil.py] => Learning on 210-240
2026-06-15 20:04:55,987 [trainer.py] => CNN: {'total': 77.85, '00-09': 78.21, '10-19': 74.82, '20-29': 69.46, '30-39': 80.56, '40-49': 72.16, '50-59': 81.76, '60-69': 77.95, '70-79': 83.05, '80-89': 80.15, '90-99': 76.65, '100-109': 79.4, '110-119': 76.36, '120-129': 74.09, '130-139': 74.44, '140-149': 82.45, '150-159': 85.33, '160-169': 74.0, '170-179': 81.23, '180-189': 72.33, '190-199': 79.89, '200-209': 82.17, '210-219': 74.23, '220-229': 75.64, '230-239': 88.34, 'old': 77.61, 'new': 79.7, 'harmonic': 78.64}
2026-06-15 20:04:55,987 [trainer.py] => CNN top1 curve: [90.76, 87.73, 87.38, 83.79, 81.98, 80.75, 79.14, 77.85]
2026-06-15 20:04:55,988 [trainer.py] => CNN top5 curve: [99.62, 99.33, 99.22, 98.82, 98.32, 97.76, 97.18, 96.73]
2026-06-15 20:04:55,988 [trainer.py] => Average Accuracy (CNN top1): 83.67250000000001
2026-06-15 20:04:55,991 [simplecil.py] => Learning on 240-270
2026-06-15 20:06:22,876 [trainer.py] => CNN: {'total': 76.56, '00-09': 77.59, '10-19': 72.93, '20-29': 66.58, '30-39': 79.23, '40-49': 69.59, '50-59': 79.83, '60-69': 77.95, '70-79': 82.3, '80-89': 79.7, '90-99': 75.89, '100-109': 77.8, '110-119': 75.87, '120-129': 73.57, '130-139': 73.33, '140-149': 76.8, '150-159': 83.98, '160-169': 72.46, '170-179': 80.16, '180-189': 70.96, '190-199': 79.7, '200-209': 82.17, '210-219': 71.45, '220-229': 75.21, '230-239': 88.34, '240-249': 70.56, '250-259': 80.7, '260-269': 73.82, 'old': 76.59, 'new': 76.35, 'harmonic': 76.47}
2026-06-15 20:06:22,876 [trainer.py] => CNN top1 curve: [90.76, 87.73, 87.38, 83.79, 81.98, 80.75, 79.14, 77.85, 76.56]
2026-06-15 20:06:22,876 [trainer.py] => CNN top5 curve: [99.62, 99.33, 99.22, 98.82, 98.32, 97.76, 97.18, 96.73, 96.22]
2026-06-15 20:06:22,876 [trainer.py] => Average Accuracy (CNN top1): 82.88222222222223
2026-06-15 20:06:22,878 [simplecil.py] => Learning on 270-300
2026-06-15 20:07:58,191 [trainer.py] => CNN: {'total': 75.6, '00-09': 75.39, '10-19': 72.05, '20-29': 65.92, '30-39': 74.64, '40-49': 67.53, '50-59': 79.83, '60-69': 76.72, '70-79': 81.73, '80-89': 79.7, '90-99': 74.87, '100-109': 77.6, '110-119': 75.37, '120-129': 73.04, '130-139': 73.33, '140-149': 76.8, '150-159': 82.82, '160-169': 70.91, '170-179': 79.89, '180-189': 69.59, '190-199': 77.82, '200-209': 81.67, '210-219': 71.13, '220-229': 75.0, '230-239': 86.54, '240-249': 69.7, '250-259': 80.23, '260-269': 73.82, '270-279': 74.12, '280-289': 71.93, '290-299': 82.42, 'old': 75.56, 'new': 75.94, 'harmonic': 75.75}
2026-06-15 20:07:58,191 [trainer.py] => CNN top1 curve: [90.76, 87.73, 87.38, 83.79, 81.98, 80.75, 79.14, 77.85, 76.56, 75.6]
2026-06-15 20:07:58,192 [trainer.py] => CNN top5 curve: [99.62, 99.33, 99.22, 98.82, 98.32, 97.76, 97.18, 96.73, 96.22, 95.98]
2026-06-15 20:07:58,192 [trainer.py] => Average Accuracy (CNN top1): 82.15400000000001
