2026-06-15 19:28:13,697 [trainer.py] => config: ./configs/simplecil/simplecil_ucf_B50_Inc10.json
2026-06-15 19:28:13,698 [trainer.py] => prefix: -
2026-06-15 19:28:13,698 [trainer.py] => dataset: ucf101
2026-06-15 19:28:13,698 [trainer.py] => memory_size: 0
2026-06-15 19:28:13,698 [trainer.py] => memory_per_class: 0
2026-06-15 19:28:13,698 [trainer.py] => fixed_memory: False
2026-06-15 19:28:13,698 [trainer.py] => shuffle: True
2026-06-15 19:28:13,698 [trainer.py] => init_cls: 50
2026-06-15 19:28:13,698 [trainer.py] => increment: 10
2026-06-15 19:28:13,698 [trainer.py] => model_name: simplecil
2026-06-15 19:28:13,698 [trainer.py] => backbone_type: clip
2026-06-15 19:28:13,698 [trainer.py] => device: [device(type='cuda', index=5)]
2026-06-15 19:28:13,698 [trainer.py] => seed: 1993
2026-06-15 19:28:13,698 [trainer.py] => total_class_num: 100
2026-06-15 19:28:13,751 [data_manager.py] => [68, 56, 78, 8, 23, 84, 90, 65, 74, 76, 40, 89, 3, 92, 55, 9, 26, 80, 43, 38, 58, 70, 77, 1, 85, 19, 17, 50, 28, 53, 13, 81, 45, 82, 6, 59, 83, 16, 15, 44, 91, 41, 72, 60, 79, 52, 20, 10, 31, 54, 37, 95, 14, 71, 96, 98, 97, 2, 64, 66, 42, 22, 35, 86, 24, 34, 87, 21, 99, 0, 88, 27, 18, 94, 11, 12, 47, 25, 30, 46, 62, 69, 36, 61, 7, 63, 75, 5, 32, 4, 51, 48, 73, 93, 39, 67, 29, 49, 57, 33]
2026-06-15 19:28:13,773 [factory.py] => Loaded ViT-B-16 model config.
2026-06-15 19:28:15,525 [factory.py] => Loading pretrained ViT-B-16 weights (/home/team/zhaohongwei/pretrained_models/open_clip_pytorch_model_laion400m_e32.bin).
2026-06-15 19:28:16,596 [factory.py] => Loaded ViT-B-16 model config.
2026-06-15 19:28:18,641 [factory.py] => Loading pretrained ViT-B-16 weights (/home/team/zhaohongwei/pretrained_models/open_clip_pytorch_model_laion400m_e32.bin).
2026-06-15 19:28:19,578 [simplecil.py] => Learning on 0-50
2026-06-15 19:28:40,626 [trainer.py] => CNN: {'total': 91.84, '00-09': 88.93, '10-19': 93.46, '20-29': 90.91, '30-39': 91.57, '40-49': 94.16, 'old': 0, 'new': 91.84, 'harmonic': 0.0}
2026-06-15 19:28:40,627 [trainer.py] => CNN top1 curve: [91.84]
2026-06-15 19:28:40,627 [trainer.py] => CNN top5 curve: [98.86]
2026-06-15 19:28:40,627 [trainer.py] => Average Accuracy (CNN top1): 91.84
2026-06-15 19:28:40,630 [simplecil.py] => Learning on 50-60
2026-06-15 19:28:48,917 [trainer.py] => CNN: {'total': 88.79, '00-09': 85.77, '10-19': 91.92, '20-29': 90.18, '30-39': 88.76, '40-49': 91.61, '50-59': 83.82, 'old': 89.7, 'new': 83.82, 'harmonic': 86.66}
2026-06-15 19:28:48,917 [trainer.py] => CNN top1 curve: [91.84, 88.79]
2026-06-15 19:28:48,917 [trainer.py] => CNN top5 curve: [98.86, 98.45]
2026-06-15 19:28:48,918 [trainer.py] => Average Accuracy (CNN top1): 90.315
2026-06-15 19:28:48,921 [simplecil.py] => Learning on 60-70
2026-06-15 19:28:58,482 [trainer.py] => CNN: {'total': 87.46, '00-09': 82.21, '10-19': 91.15, '20-29': 89.09, '30-39': 88.76, '40-49': 91.24, '50-59': 83.4, '60-69': 85.77, 'old': 87.76, 'new': 85.77, 'harmonic': 86.75}
2026-06-15 19:28:58,483 [trainer.py] => CNN top1 curve: [91.84, 88.79, 87.46]
2026-06-15 19:28:58,483 [trainer.py] => CNN top5 curve: [98.86, 98.45, 98.25]
2026-06-15 19:28:58,483 [trainer.py] => Average Accuracy (CNN top1): 89.36333333333333
2026-06-15 19:28:58,486 [simplecil.py] => Learning on 70-80
2026-06-15 19:29:08,417 [trainer.py] => CNN: {'total': 87.3, '00-09': 82.21, '10-19': 90.77, '20-29': 88.36, '30-39': 88.76, '40-49': 90.88, '50-59': 82.57, '60-69': 85.04, '70-79': 89.23, 'old': 87.02, 'new': 89.23, 'harmonic': 88.11}
2026-06-15 19:29:08,418 [trainer.py] => CNN top1 curve: [91.84, 88.79, 87.46, 87.3]
2026-06-15 19:29:08,418 [trainer.py] => CNN top5 curve: [98.86, 98.45, 98.25, 98.27]
2026-06-15 19:29:08,418 [trainer.py] => Average Accuracy (CNN top1): 88.8475
2026-06-15 19:29:08,419 [simplecil.py] => Learning on 80-90
2026-06-15 19:29:19,497 [trainer.py] => CNN: {'total': 87.32, '00-09': 81.42, '10-19': 90.38, '20-29': 88.36, '30-39': 87.95, '40-49': 90.88, '50-59': 81.33, '60-69': 85.04, '70-79': 89.23, '80-89': 90.2, 'old': 86.91, 'new': 90.2, 'harmonic': 88.52}
2026-06-15 19:29:19,498 [trainer.py] => CNN top1 curve: [91.84, 88.79, 87.46, 87.3, 87.32]
2026-06-15 19:29:19,498 [trainer.py] => CNN top5 curve: [98.86, 98.45, 98.25, 98.27, 98.28]
2026-06-15 19:29:19,498 [trainer.py] => Average Accuracy (CNN top1): 88.542
2026-06-15 19:29:19,501 [simplecil.py] => Learning on 90-100
2026-06-15 19:29:30,754 [trainer.py] => CNN: {'total': 85.79, '00-09': 81.03, '10-19': 89.23, '20-29': 86.55, '30-39': 87.55, '40-49': 89.78, '50-59': 80.08, '60-69': 84.31, '70-79': 88.08, '80-89': 89.86, '90-99': 80.16, 'old': 86.4, 'new': 80.16, 'harmonic': 83.16}
2026-06-15 19:29:30,755 [trainer.py] => CNN top1 curve: [91.84, 88.79, 87.46, 87.3, 87.32, 85.79]
2026-06-15 19:29:30,755 [trainer.py] => CNN top5 curve: [98.86, 98.45, 98.25, 98.27, 98.28, 97.84]
2026-06-15 19:29:30,755 [trainer.py] => Average Accuracy (CNN top1): 88.08333333333333
