2026-06-15 19:19:30,181 [trainer.py] => config: ./configs/simplecil/simplecil_ucf_B0_Inc10.json
2026-06-15 19:19:30,182 [trainer.py] => prefix: -
2026-06-15 19:19:30,182 [trainer.py] => dataset: ucf101
2026-06-15 19:19:30,182 [trainer.py] => memory_size: 0
2026-06-15 19:19:30,182 [trainer.py] => memory_per_class: 0
2026-06-15 19:19:30,182 [trainer.py] => fixed_memory: False
2026-06-15 19:19:30,182 [trainer.py] => shuffle: True
2026-06-15 19:19:30,182 [trainer.py] => init_cls: 10
2026-06-15 19:19:30,182 [trainer.py] => increment: 10
2026-06-15 19:19:30,182 [trainer.py] => model_name: simplecil
2026-06-15 19:19:30,182 [trainer.py] => backbone_type: clip
2026-06-15 19:19:30,182 [trainer.py] => device: [device(type='cuda', index=5)]
2026-06-15 19:19:30,182 [trainer.py] => seed: 0
2026-06-15 19:19:30,182 [trainer.py] => total_class_num: 100
2026-06-15 19:19:30,297 [data_manager.py] => [26, 86, 2, 55, 75, 93, 16, 73, 54, 95, 53, 92, 78, 13, 7, 30, 22, 24, 33, 8, 43, 62, 3, 71, 45, 48, 6, 99, 82, 76, 60, 80, 90, 68, 51, 27, 18, 56, 63, 74, 1, 61, 42, 41, 4, 15, 17, 40, 38, 5, 91, 59, 0, 34, 28, 50, 11, 35, 23, 52, 10, 31, 66, 57, 79, 85, 32, 84, 14, 89, 19, 29, 49, 97, 98, 69, 20, 94, 72, 77, 25, 37, 81, 46, 39, 65, 58, 12, 88, 70, 87, 36, 21, 83, 9, 96, 67, 64, 47, 44]
2026-06-15 19:19:31,495 [instantiator.py] => Created a temporary directory at /tmp/tmpbxj9wqe0
2026-06-15 19:19:31,495 [instantiator.py] => Writing /tmp/tmpbxj9wqe0/_remote_module_non_scriptable.py
2026-06-15 19:19:31,632 [factory.py] => Loaded ViT-B-16 model config.
2026-06-15 19:19:33,087 [factory.py] => Loading pretrained ViT-B-16 weights (/home/team/zhaohongwei/pretrained_models/open_clip_pytorch_model_laion400m_e32.bin).
2026-06-15 19:19:34,264 [factory.py] => Loaded ViT-B-16 model config.
2026-06-15 19:19:35,731 [factory.py] => Loading pretrained ViT-B-16 weights (/home/team/zhaohongwei/pretrained_models/open_clip_pytorch_model_laion400m_e32.bin).
2026-06-15 19:19:36,774 [simplecil.py] => Learning on 0-10
2026-06-15 19:19:41,334 [trainer.py] => CNN: {'total': 97.68, '00-09': 97.68, 'old': 0, 'new': 97.68, 'harmonic': 0.0}
2026-06-15 19:19:41,334 [trainer.py] => CNN top1 curve: [97.68]
2026-06-15 19:19:41,335 [trainer.py] => CNN top5 curve: [100.0]
2026-06-15 19:19:41,335 [trainer.py] => Average Accuracy (CNN top1): 97.68
2026-06-15 19:19:41,337 [simplecil.py] => Learning on 10-20
2026-06-15 19:19:46,591 [trainer.py] => CNN: {'total': 96.33, '00-09': 96.91, '10-19': 95.75, 'old': 96.91, 'new': 95.75, 'harmonic': 96.33}
2026-06-15 19:19:46,592 [trainer.py] => CNN top1 curve: [97.68, 96.33]
2026-06-15 19:19:46,592 [trainer.py] => CNN top5 curve: [100.0, 99.81]
2026-06-15 19:19:46,592 [trainer.py] => Average Accuracy (CNN top1): 97.005
2026-06-15 19:19:46,594 [simplecil.py] => Learning on 20-30
2026-06-15 19:19:52,605 [trainer.py] => CNN: {'total': 94.82, '00-09': 94.21, '10-19': 95.37, '20-29': 94.87, 'old': 94.79, 'new': 94.87, 'harmonic': 94.83}
2026-06-15 19:19:52,605 [trainer.py] => CNN top1 curve: [97.68, 96.33, 94.82]
2026-06-15 19:19:52,605 [trainer.py] => CNN top5 curve: [100.0, 99.81, 99.62]
2026-06-15 19:19:52,606 [trainer.py] => Average Accuracy (CNN top1): 96.27666666666666
2026-06-15 19:19:52,608 [simplecil.py] => Learning on 30-40
2026-06-15 19:19:59,454 [trainer.py] => CNN: {'total': 93.2, '00-09': 92.66, '10-19': 94.59, '20-29': 94.14, '30-39': 91.07, 'old': 93.81, 'new': 91.07, 'harmonic': 92.42}
2026-06-15 19:19:59,455 [trainer.py] => CNN top1 curve: [97.68, 96.33, 94.82, 93.2]
2026-06-15 19:19:59,455 [trainer.py] => CNN top5 curve: [100.0, 99.81, 99.62, 99.11]
2026-06-15 19:19:59,455 [trainer.py] => Average Accuracy (CNN top1): 95.5075
2026-06-15 19:19:59,457 [simplecil.py] => Learning on 40-50
2026-06-15 19:20:07,111 [trainer.py] => CNN: {'total': 92.38, '00-09': 91.12, '10-19': 93.44, '20-29': 94.14, '30-39': 90.18, '40-49': 92.59, 'old': 92.32, 'new': 92.59, 'harmonic': 92.45}
2026-06-15 19:20:07,112 [trainer.py] => CNN top1 curve: [97.68, 96.33, 94.82, 93.2, 92.38]
2026-06-15 19:20:07,112 [trainer.py] => CNN top5 curve: [100.0, 99.81, 99.62, 99.11, 99.09]
2026-06-15 19:20:07,112 [trainer.py] => Average Accuracy (CNN top1): 94.88199999999999
2026-06-15 19:20:07,114 [simplecil.py] => Learning on 50-60
2026-06-15 19:20:15,925 [trainer.py] => CNN: {'total': 89.63, '00-09': 91.12, '10-19': 88.03, '20-29': 93.41, '30-39': 90.18, '40-49': 91.25, '50-59': 83.87, 'old': 90.85, 'new': 83.87, 'harmonic': 87.22}
2026-06-15 19:20:15,926 [trainer.py] => CNN top1 curve: [97.68, 96.33, 94.82, 93.2, 92.38, 89.63]
2026-06-15 19:20:15,926 [trainer.py] => CNN top5 curve: [100.0, 99.81, 99.62, 99.11, 99.09, 98.62]
2026-06-15 19:20:15,926 [trainer.py] => Average Accuracy (CNN top1): 94.00666666666666
2026-06-15 19:20:15,927 [simplecil.py] => Learning on 60-70
2026-06-15 19:20:25,773 [trainer.py] => CNN: {'total': 88.41, '00-09': 89.58, '10-19': 87.64, '20-29': 93.41, '30-39': 88.84, '40-49': 90.57, '50-59': 83.87, '60-69': 84.62, 'old': 89.0, 'new': 84.62, 'harmonic': 86.75}
2026-06-15 19:20:25,774 [trainer.py] => CNN top1 curve: [97.68, 96.33, 94.82, 93.2, 92.38, 89.63, 88.41]
2026-06-15 19:20:25,774 [trainer.py] => CNN top5 curve: [100.0, 99.81, 99.62, 99.11, 99.09, 98.62, 98.2]
2026-06-15 19:20:25,774 [trainer.py] => Average Accuracy (CNN top1): 93.20714285714284
2026-06-15 19:20:25,777 [simplecil.py] => Learning on 70-80
2026-06-15 19:20:35,988 [trainer.py] => CNN: {'total': 87.54, '00-09': 88.8, '10-19': 87.64, '20-29': 93.04, '30-39': 87.5, '40-49': 90.24, '50-59': 83.51, '60-69': 83.81, '70-79': 85.08, 'old': 87.87, 'new': 85.08, 'harmonic': 86.45}
2026-06-15 19:20:35,989 [trainer.py] => CNN top1 curve: [97.68, 96.33, 94.82, 93.2, 92.38, 89.63, 88.41, 87.54]
2026-06-15 19:20:35,989 [trainer.py] => CNN top5 curve: [100.0, 99.81, 99.62, 99.11, 99.09, 98.62, 98.2, 98.08]
2026-06-15 19:20:35,989 [trainer.py] => Average Accuracy (CNN top1): 92.49874999999999
2026-06-15 19:20:35,990 [simplecil.py] => Learning on 80-90
2026-06-15 19:20:46,799 [trainer.py] => CNN: {'total': 86.77, '00-09': 88.03, '10-19': 87.26, '20-29': 91.94, '30-39': 86.61, '40-49': 89.56, '50-59': 83.15, '60-69': 82.19, '70-79': 84.68, '80-89': 86.81, 'old': 86.77, 'new': 86.81, 'harmonic': 86.79}
2026-06-15 19:20:46,799 [trainer.py] => CNN top1 curve: [97.68, 96.33, 94.82, 93.2, 92.38, 89.63, 88.41, 87.54, 86.77]
2026-06-15 19:20:46,799 [trainer.py] => CNN top5 curve: [100.0, 99.81, 99.62, 99.11, 99.09, 98.62, 98.2, 98.08, 98.09]
2026-06-15 19:20:46,800 [trainer.py] => Average Accuracy (CNN top1): 91.86222222222221
2026-06-15 19:20:46,802 [simplecil.py] => Learning on 90-100
2026-06-15 19:20:58,347 [trainer.py] => CNN: {'total': 85.79, '00-09': 87.64, '10-19': 84.94, '20-29': 91.94, '30-39': 86.61, '40-49': 89.23, '50-59': 82.44, '60-69': 81.78, '70-79': 84.27, '80-89': 81.68, '90-99': 86.79, 'old': 85.67, 'new': 86.79, 'harmonic': 86.23}
2026-06-15 19:20:58,348 [trainer.py] => CNN top1 curve: [97.68, 96.33, 94.82, 93.2, 92.38, 89.63, 88.41, 87.54, 86.77, 85.79]
2026-06-15 19:20:58,348 [trainer.py] => CNN top5 curve: [100.0, 99.81, 99.62, 99.11, 99.09, 98.62, 98.2, 98.08, 98.09, 97.84]
2026-06-15 19:20:58,348 [trainer.py] => Average Accuracy (CNN top1): 91.25499999999998
