2026-06-15 19:36:19,270 [trainer.py] => config: ./configs/engine/engine_aircraft_B0_Inc10.json
2026-06-15 19:36:19,270 [trainer.py] => prefix: -
2026-06-15 19:36:19,270 [trainer.py] => dataset: aircraft
2026-06-15 19:36:19,271 [trainer.py] => shuffle: True
2026-06-15 19:36:19,271 [trainer.py] => init_cls: 10
2026-06-15 19:36:19,271 [trainer.py] => increment: 10
2026-06-15 19:36:19,271 [trainer.py] => model_name: engine
2026-06-15 19:36:19,271 [trainer.py] => backbone_type: clip
2026-06-15 19:36:19,271 [trainer.py] => device: [device(type='cuda', index=4)]
2026-06-15 19:36:19,271 [trainer.py] => seed: 1993
2026-06-15 19:36:19,271 [trainer.py] => projection_type: pure_mlp
2026-06-15 19:36:19,271 [trainer.py] => frozen_layers: visual
2026-06-15 19:36:19,271 [trainer.py] => tuned_epoch: 10
2026-06-15 19:36:19,271 [trainer.py] => init_lr: 0.05
2026-06-15 19:36:19,271 [trainer.py] => batch_size: 64
2026-06-15 19:36:19,271 [trainer.py] => weight_decay: 0.05
2026-06-15 19:36:19,271 [trainer.py] => min_lr: 0
2026-06-15 19:36:19,271 [trainer.py] => optimizer: sgd
2026-06-15 19:36:19,271 [trainer.py] => text_des: 2
2026-06-15 19:36:19,271 [trainer.py] => image_aug: 0
2026-06-15 19:36:19,271 [trainer.py] => rerank: 0.2
2026-06-15 19:36:19,271 [trainer.py] => stat: 0.99
2026-06-15 19:36:19,271 [trainer.py] => sample_num: 0
2026-06-15 19:36:19,271 [trainer.py] => sample_noise: 0.25
2026-06-15 19:36:19,271 [trainer.py] => rerank_top: 5
2026-06-15 19:36:19,306 [data_manager.py] => [68, 56, 78, 8, 23, 84, 90, 65, 74, 76, 40, 89, 3, 92, 55, 9, 26, 80, 43, 38, 58, 70, 77, 1, 85, 19, 17, 50, 28, 53, 13, 81, 45, 82, 6, 59, 83, 16, 15, 44, 91, 41, 72, 60, 79, 52, 20, 10, 31, 54, 37, 95, 14, 71, 96, 98, 97, 2, 64, 66, 42, 22, 35, 86, 24, 34, 87, 21, 99, 0, 88, 27, 18, 94, 11, 12, 47, 25, 30, 46, 62, 69, 36, 61, 7, 63, 75, 5, 32, 4, 51, 48, 73, 93, 39, 67, 29, 49, 57, 33]
2026-06-15 19:36:19,324 [factory.py] => Loaded ViT-B-16 model config.
2026-06-15 19:36:21,148 [factory.py] => Loading pretrained ViT-B-16 weights (/home/team/zhaohongwei/pretrained_models/open_clip_pytorch_model_laion400m_e32.bin).
2026-06-15 19:36:21,908 [factory.py] => Loaded ViT-B-16 model config.
2026-06-15 19:36:23,281 [factory.py] => Loading pretrained ViT-B-16 weights (/home/team/zhaohongwei/pretrained_models/open_clip_pytorch_model_laion400m_e32.bin).
2026-06-15 19:36:23,834 [engine.py] => Learning on 0-10
2026-06-15 19:38:24,396 [trainer.py] => CNN: {'total': 89.58, '00-09': 89.58, 'old': 0, 'new': 89.58, 'harmonic': 0.0}
2026-06-15 19:38:24,396 [trainer.py] => CNN top1 curve: [89.58]
2026-06-15 19:38:24,396 [trainer.py] => CNN top5 curve: [99.7]
2026-06-15 19:38:24,396 [trainer.py] => Average Accuracy (CNN top1): 89.58
2026-06-15 19:38:24,397 [engine.py] => Learning on 10-20
2026-06-15 19:41:23,931 [trainer.py] => CNN: {'total': 81.34, '00-09': 79.17, '10-19': 83.53, 'old': 79.17, 'new': 83.53, 'harmonic': 81.29}
2026-06-15 19:41:23,931 [trainer.py] => CNN top1 curve: [89.58, 81.34]
2026-06-15 19:41:23,931 [trainer.py] => CNN top5 curve: [99.7, 99.4]
2026-06-15 19:41:23,931 [trainer.py] => Average Accuracy (CNN top1): 85.46000000000001
2026-06-15 19:41:23,931 [engine.py] => Learning on 20-30
2026-06-15 19:45:13,936 [trainer.py] => CNN: {'total': 76.0, '00-09': 75.0, '10-19': 78.44, '20-29': 74.55, 'old': 76.72, 'new': 74.55, 'harmonic': 75.62}
2026-06-15 19:45:13,937 [trainer.py] => CNN top1 curve: [89.58, 81.34, 76.0]
2026-06-15 19:45:13,937 [trainer.py] => CNN top5 curve: [99.7, 99.4, 97.51]
2026-06-15 19:45:13,937 [trainer.py] => Average Accuracy (CNN top1): 82.30666666666667
2026-06-15 19:45:13,937 [engine.py] => Learning on 30-40
2026-06-15 19:49:53,587 [trainer.py] => CNN: {'total': 71.65, '00-09': 75.3, '10-19': 69.76, '20-29': 70.36, '30-39': 71.17, 'old': 71.81, 'new': 71.17, 'harmonic': 71.49}
2026-06-15 19:49:53,588 [trainer.py] => CNN top1 curve: [89.58, 81.34, 76.0, 71.65]
2026-06-15 19:49:53,588 [trainer.py] => CNN top5 curve: [99.7, 99.4, 97.51, 95.96]
2026-06-15 19:49:53,588 [trainer.py] => Average Accuracy (CNN top1): 79.64250000000001
2026-06-15 19:49:53,589 [engine.py] => Learning on 40-50
2026-06-15 19:55:30,551 [trainer.py] => CNN: {'total': 69.08, '00-09': 71.13, '10-19': 69.76, '20-29': 65.87, '30-39': 67.57, '40-49': 71.08, 'old': 68.59, 'new': 71.08, 'harmonic': 69.81}
2026-06-15 19:55:30,552 [trainer.py] => CNN top1 curve: [89.58, 81.34, 76.0, 71.65, 69.08]
2026-06-15 19:55:30,552 [trainer.py] => CNN top5 curve: [99.7, 99.4, 97.51, 95.96, 94.07]
2026-06-15 19:55:30,552 [trainer.py] => Average Accuracy (CNN top1): 77.53
2026-06-15 19:55:30,552 [engine.py] => Learning on 50-60
2026-06-15 20:01:51,740 [trainer.py] => CNN: {'total': 67.81, '00-09': 68.15, '10-19': 67.37, '20-29': 64.97, '30-39': 67.27, '40-49': 70.18, '50-59': 68.96, 'old': 67.59, 'new': 68.96, 'harmonic': 68.27}
2026-06-15 20:01:51,741 [trainer.py] => CNN top1 curve: [89.58, 81.34, 76.0, 71.65, 69.08, 67.81]
2026-06-15 20:01:51,741 [trainer.py] => CNN top5 curve: [99.7, 99.4, 97.51, 95.96, 94.07, 92.17]
2026-06-15 20:01:51,741 [trainer.py] => Average Accuracy (CNN top1): 75.91000000000001
2026-06-15 20:01:51,741 [engine.py] => Learning on 60-70
2026-06-15 20:09:11,030 [trainer.py] => CNN: {'total': 63.78, '00-09': 66.96, '10-19': 62.28, '20-29': 63.17, '30-39': 66.37, '40-49': 66.57, '50-59': 65.67, '60-69': 55.42, 'old': 65.17, 'new': 55.42, 'harmonic': 59.9}
2026-06-15 20:09:11,030 [trainer.py] => CNN top1 curve: [89.58, 81.34, 76.0, 71.65, 69.08, 67.81, 63.78]
2026-06-15 20:09:11,030 [trainer.py] => CNN top5 curve: [99.7, 99.4, 97.51, 95.96, 94.07, 92.17, 89.64]
2026-06-15 20:09:11,030 [trainer.py] => Average Accuracy (CNN top1): 74.17714285714285
2026-06-15 20:09:11,030 [engine.py] => Learning on 70-80
2026-06-15 20:17:31,137 [trainer.py] => CNN: {'total': 60.42, '00-09': 66.96, '10-19': 59.58, '20-29': 59.88, '30-39': 61.86, '40-49': 65.36, '50-59': 64.78, '60-69': 52.41, '70-79': 52.41, 'old': 61.56, 'new': 52.41, 'harmonic': 56.62}
2026-06-15 20:17:31,138 [trainer.py] => CNN top1 curve: [89.58, 81.34, 76.0, 71.65, 69.08, 67.81, 63.78, 60.42]
2026-06-15 20:17:31,138 [trainer.py] => CNN top5 curve: [99.7, 99.4, 97.51, 95.96, 94.07, 92.17, 89.64, 86.84]
2026-06-15 20:17:31,138 [trainer.py] => Average Accuracy (CNN top1): 72.4575
2026-06-15 20:17:31,138 [engine.py] => Learning on 80-90
2026-06-15 20:26:44,484 [trainer.py] => CNN: {'total': 58.28, '00-09': 61.31, '10-19': 56.89, '20-29': 56.59, '30-39': 61.86, '40-49': 63.55, '50-59': 63.58, '60-69': 49.7, '70-79': 51.81, '80-89': 59.16, 'old': 58.17, 'new': 59.16, 'harmonic': 58.66}
2026-06-15 20:26:44,485 [trainer.py] => CNN top1 curve: [89.58, 81.34, 76.0, 71.65, 69.08, 67.81, 63.78, 60.42, 58.28]
2026-06-15 20:26:44,485 [trainer.py] => CNN top5 curve: [99.7, 99.4, 97.51, 95.96, 94.07, 92.17, 89.64, 86.84, 85.64]
2026-06-15 20:26:44,485 [trainer.py] => Average Accuracy (CNN top1): 70.88222222222221
2026-06-15 20:26:44,485 [engine.py] => Learning on 90-100
2026-06-15 20:36:42,241 [trainer.py] => CNN: {'total': 58.51, '00-09': 59.52, '10-19': 52.99, '20-29': 55.39, '30-39': 59.16, '40-49': 62.35, '50-59': 61.49, '60-69': 50.3, '70-79': 50.3, '80-89': 58.86, '90-99': 74.7, 'old': 56.71, 'new': 74.7, 'harmonic': 64.47}
2026-06-15 20:36:42,242 [trainer.py] => CNN top1 curve: [89.58, 81.34, 76.0, 71.65, 69.08, 67.81, 63.78, 60.42, 58.28, 58.51]
2026-06-15 20:36:42,242 [trainer.py] => CNN top5 curve: [99.7, 99.4, 97.51, 95.96, 94.07, 92.17, 89.64, 86.84, 85.64, 85.15]
2026-06-15 20:36:42,242 [trainer.py] => Average Accuracy (CNN top1): 69.645
2026-07-31 20:28:46,490 [trainer.py] => config: configs/engine/engine_aircraft_B0_Inc10.json
2026-07-31 20:28:46,511 [trainer.py] => prefix: -
2026-07-31 20:28:46,511 [trainer.py] => dataset: aircraft
2026-07-31 20:28:46,511 [trainer.py] => shuffle: True
2026-07-31 20:28:46,511 [trainer.py] => init_cls: 10
2026-07-31 20:28:46,511 [trainer.py] => increment: 10
2026-07-31 20:28:46,511 [trainer.py] => model_name: engine
2026-07-31 20:28:46,511 [trainer.py] => backbone_type: clip
2026-07-31 20:28:46,511 [trainer.py] => device: [device(type='cuda', index=1)]
2026-07-31 20:28:46,511 [trainer.py] => seed: 1993
2026-07-31 20:28:46,511 [trainer.py] => projection_type: pure_mlp
2026-07-31 20:28:46,511 [trainer.py] => frozen_layers: visual
2026-07-31 20:28:46,512 [trainer.py] => tuned_epoch: 10
2026-07-31 20:28:46,512 [trainer.py] => init_lr: 0.05
2026-07-31 20:28:46,512 [trainer.py] => batch_size: 64
2026-07-31 20:28:46,512 [trainer.py] => weight_decay: 0.05
2026-07-31 20:28:46,512 [trainer.py] => min_lr: 0
2026-07-31 20:28:46,512 [trainer.py] => optimizer: sgd
2026-07-31 20:28:46,512 [trainer.py] => text_des: 2
2026-07-31 20:28:46,512 [trainer.py] => image_aug: 0
2026-07-31 20:28:46,512 [trainer.py] => rerank: 0.2
2026-07-31 20:28:46,512 [trainer.py] => stat: 0.99
2026-07-31 20:28:46,512 [trainer.py] => sample_num: 0
2026-07-31 20:28:46,512 [trainer.py] => sample_noise: 0.25
2026-07-31 20:28:46,512 [trainer.py] => rerank_top: 5
2026-07-31 20:28:46,790 [data_manager.py] => [68, 56, 78, 8, 23, 84, 90, 65, 74, 76, 40, 89, 3, 92, 55, 9, 26, 80, 43, 38, 58, 70, 77, 1, 85, 19, 17, 50, 28, 53, 13, 81, 45, 82, 6, 59, 83, 16, 15, 44, 91, 41, 72, 60, 79, 52, 20, 10, 31, 54, 37, 95, 14, 71, 96, 98, 97, 2, 64, 66, 42, 22, 35, 86, 24, 34, 87, 21, 99, 0, 88, 27, 18, 94, 11, 12, 47, 25, 30, 46, 62, 69, 36, 61, 7, 63, 75, 5, 32, 4, 51, 48, 73, 93, 39, 67, 29, 49, 57, 33]
2026-07-31 20:29:01,320 [instantiator.py] => Created a temporary directory at /tmp/tmp8oa7ydi6
2026-07-31 20:29:01,322 [instantiator.py] => Writing /tmp/tmp8oa7ydi6/_remote_module_non_scriptable.py
2026-07-31 20:29:03,053 [factory.py] => Loaded ViT-B-16 model config.
2026-07-31 20:29:04,396 [factory.py] => Loading pretrained ViT-B-16 weights (/public/home/hanlida/Dr.1/pretrained_models/open_clip_pytorch_model_laion400m_e32.bin).
2026-07-31 20:29:06,431 [factory.py] => Loaded ViT-B-16 model config.
2026-07-31 20:29:07,716 [factory.py] => Loading pretrained ViT-B-16 weights (/public/home/hanlida/Dr.1/pretrained_models/open_clip_pytorch_model_laion400m_e32.bin).
2026-07-31 20:29:10,212 [engine.py] => Learning on 0-10
2026-07-31 20:30:11,166 [trainer.py] => CNN: {'total': 88.99, '00-09': 88.99, 'old': 0, 'new': 88.99, 'harmonic': 0.0}
2026-07-31 20:30:11,166 [trainer.py] => CNN top1 curve: [88.99]
2026-07-31 20:30:11,166 [trainer.py] => CNN top5 curve: [99.7]
2026-07-31 20:30:11,167 [trainer.py] => Average Accuracy (CNN top1): 88.99
2026-07-31 20:30:11,167 [engine.py] => Learning on 10-20
2026-07-31 20:31:22,132 [trainer.py] => CNN: {'total': 81.34, '00-09': 79.17, '10-19': 83.53, 'old': 79.17, 'new': 83.53, 'harmonic': 81.29}
2026-07-31 20:31:22,134 [trainer.py] => CNN top1 curve: [88.99, 81.34]
2026-07-31 20:31:22,134 [trainer.py] => CNN top5 curve: [99.7, 99.55]
2026-07-31 20:31:22,134 [trainer.py] => Average Accuracy (CNN top1): 85.16499999999999
2026-07-31 20:31:22,134 [engine.py] => Learning on 20-30
2026-07-31 20:32:47,237 [trainer.py] => CNN: {'total': 75.8, '00-09': 74.7, '10-19': 78.44, '20-29': 74.25, 'old': 76.57, 'new': 74.25, 'harmonic': 75.39}
2026-07-31 20:32:47,237 [trainer.py] => CNN top1 curve: [88.99, 81.34, 75.8]
2026-07-31 20:32:47,237 [trainer.py] => CNN top5 curve: [99.7, 99.55, 97.61]
2026-07-31 20:32:47,237 [trainer.py] => Average Accuracy (CNN top1): 82.04333333333334
2026-07-31 20:32:47,237 [engine.py] => Learning on 30-40
2026-07-31 20:34:25,852 [trainer.py] => CNN: {'total': 71.73, '00-09': 75.0, '10-19': 70.06, '20-29': 70.36, '30-39': 71.47, 'old': 71.81, 'new': 71.47, 'harmonic': 71.64}
2026-07-31 20:34:25,864 [trainer.py] => CNN top1 curve: [88.99, 81.34, 75.8, 71.73]
2026-07-31 20:34:25,865 [trainer.py] => CNN top5 curve: [99.7, 99.55, 97.61, 96.11]
2026-07-31 20:34:25,865 [trainer.py] => Average Accuracy (CNN top1): 79.465
2026-07-31 20:34:25,866 [engine.py] => Learning on 40-50
2026-07-31 20:36:18,515 [trainer.py] => CNN: {'total': 69.02, '00-09': 70.54, '10-19': 70.06, '20-29': 65.57, '30-39': 67.87, '40-49': 71.08, 'old': 68.51, 'new': 71.08, 'harmonic': 69.77}
2026-07-31 20:36:18,522 [trainer.py] => CNN top1 curve: [88.99, 81.34, 75.8, 71.73, 69.02]
2026-07-31 20:36:18,523 [trainer.py] => CNN top5 curve: [99.7, 99.55, 97.61, 96.11, 94.01]
2026-07-31 20:36:18,523 [trainer.py] => Average Accuracy (CNN top1): 77.376
2026-07-31 20:36:18,523 [engine.py] => Learning on 50-60
2026-07-31 20:38:24,405 [trainer.py] => CNN: {'total': 67.81, '00-09': 68.75, '10-19': 67.66, '20-29': 63.77, '30-39': 67.27, '40-49': 70.48, '50-59': 68.96, 'old': 67.59, 'new': 68.96, 'harmonic': 68.27}
2026-07-31 20:38:24,416 [trainer.py] => CNN top1 curve: [88.99, 81.34, 75.8, 71.73, 69.02, 67.81]
2026-07-31 20:38:24,416 [trainer.py] => CNN top5 curve: [99.7, 99.55, 97.61, 96.11, 94.01, 92.37]
2026-07-31 20:38:24,417 [trainer.py] => Average Accuracy (CNN top1): 75.78166666666667
2026-07-31 20:38:24,417 [engine.py] => Learning on 60-70
2026-07-31 20:40:43,770 [trainer.py] => CNN: {'total': 63.87, '00-09': 66.37, '10-19': 62.57, '20-29': 63.17, '30-39': 65.77, '40-49': 66.57, '50-59': 65.97, '60-69': 56.63, 'old': 65.07, 'new': 56.63, 'harmonic': 60.56}
2026-07-31 20:40:43,784 [trainer.py] => CNN top1 curve: [88.99, 81.34, 75.8, 71.73, 69.02, 67.81, 63.87]
2026-07-31 20:40:43,784 [trainer.py] => CNN top5 curve: [99.7, 99.55, 97.61, 96.11, 94.01, 92.37, 89.51]
2026-07-31 20:40:43,785 [trainer.py] => Average Accuracy (CNN top1): 74.08
2026-07-31 20:40:43,785 [engine.py] => Learning on 70-80
2026-07-31 20:43:15,722 [trainer.py] => CNN: {'total': 60.46, '00-09': 66.07, '10-19': 59.58, '20-29': 60.18, '30-39': 62.16, '40-49': 64.76, '50-59': 64.78, '60-69': 53.31, '70-79': 52.71, 'old': 61.56, 'new': 52.71, 'harmonic': 56.79}
2026-07-31 20:43:15,742 [trainer.py] => CNN top1 curve: [88.99, 81.34, 75.8, 71.73, 69.02, 67.81, 63.87, 60.46]
2026-07-31 20:43:15,742 [trainer.py] => CNN top5 curve: [99.7, 99.55, 97.61, 96.11, 94.01, 92.37, 89.51, 86.66]
2026-07-31 20:43:15,743 [trainer.py] => Average Accuracy (CNN top1): 72.3775
2026-07-31 20:43:15,743 [engine.py] => Learning on 80-90
2026-07-31 20:46:05,392 [trainer.py] => CNN: {'total': 58.31, '00-09': 60.71, '10-19': 58.08, '20-29': 57.19, '30-39': 62.16, '40-49': 63.25, '50-59': 63.58, '60-69': 49.7, '70-79': 51.81, '80-89': 58.26, 'old': 58.32, 'new': 58.26, 'harmonic': 58.29}
2026-07-31 20:46:05,407 [trainer.py] => CNN top1 curve: [88.99, 81.34, 75.8, 71.73, 69.02, 67.81, 63.87, 60.46, 58.31]
2026-07-31 20:46:05,408 [trainer.py] => CNN top5 curve: [99.7, 99.55, 97.61, 96.11, 94.01, 92.37, 89.51, 86.66, 85.27]
2026-07-31 20:46:05,408 [trainer.py] => Average Accuracy (CNN top1): 70.81444444444443
2026-07-31 20:46:05,408 [engine.py] => Learning on 90-100
2026-07-31 20:55:05,897 [trainer.py] => CNN: {'total': 58.51, '00-09': 59.82, '10-19': 53.29, '20-29': 55.39, '30-39': 58.86, '40-49': 62.35, '50-59': 61.19, '60-69': 50.3, '70-79': 50.9, '80-89': 57.96, '90-99': 75.0, 'old': 56.68, 'new': 75.0, 'harmonic': 64.57}
2026-07-31 20:55:05,909 [trainer.py] => CNN top1 curve: [88.99, 81.34, 75.8, 71.73, 69.02, 67.81, 63.87, 60.46, 58.31, 58.51]
2026-07-31 20:55:05,910 [trainer.py] => CNN top5 curve: [99.7, 99.55, 97.61, 96.11, 94.01, 92.37, 89.51, 86.66, 85.27, 85.0]
2026-07-31 20:55:05,910 [trainer.py] => Average Accuracy (CNN top1): 69.58399999999999
2026-08-01 01:26:53,288 [trainer.py] => config: configs/engine/engine_aircraft_B0_Inc10.json
2026-08-01 01:26:53,290 [trainer.py] => prefix: -
2026-08-01 01:26:53,290 [trainer.py] => dataset: aircraft
2026-08-01 01:26:53,290 [trainer.py] => shuffle: True
2026-08-01 01:26:53,290 [trainer.py] => init_cls: 10
2026-08-01 01:26:53,291 [trainer.py] => increment: 10
2026-08-01 01:26:53,291 [trainer.py] => model_name: engine
2026-08-01 01:26:53,291 [trainer.py] => backbone_type: clip
2026-08-01 01:26:53,291 [trainer.py] => device: [device(type='cuda', index=1)]
2026-08-01 01:26:53,291 [trainer.py] => seed: 1993
2026-08-01 01:26:53,291 [trainer.py] => projection_type: pure_mlp
2026-08-01 01:26:53,291 [trainer.py] => frozen_layers: visual
2026-08-01 01:26:53,291 [trainer.py] => tuned_epoch: 10
2026-08-01 01:26:53,291 [trainer.py] => init_lr: 0.05
2026-08-01 01:26:53,291 [trainer.py] => batch_size: 64
2026-08-01 01:26:53,291 [trainer.py] => weight_decay: 0.05
2026-08-01 01:26:53,291 [trainer.py] => min_lr: 0
2026-08-01 01:26:53,291 [trainer.py] => optimizer: sgd
2026-08-01 01:26:53,291 [trainer.py] => text_des: 2
2026-08-01 01:26:53,291 [trainer.py] => image_aug: 0
2026-08-01 01:26:53,291 [trainer.py] => rerank: 0.2
2026-08-01 01:26:53,292 [trainer.py] => stat: 0.99
2026-08-01 01:26:53,292 [trainer.py] => sample_num: 0
2026-08-01 01:26:53,292 [trainer.py] => sample_noise: 0.25
2026-08-01 01:26:53,292 [trainer.py] => rerank_top: 5
2026-08-01 01:26:53,537 [data_manager.py] => [68, 56, 78, 8, 23, 84, 90, 65, 74, 76, 40, 89, 3, 92, 55, 9, 26, 80, 43, 38, 58, 70, 77, 1, 85, 19, 17, 50, 28, 53, 13, 81, 45, 82, 6, 59, 83, 16, 15, 44, 91, 41, 72, 60, 79, 52, 20, 10, 31, 54, 37, 95, 14, 71, 96, 98, 97, 2, 64, 66, 42, 22, 35, 86, 24, 34, 87, 21, 99, 0, 88, 27, 18, 94, 11, 12, 47, 25, 30, 46, 62, 69, 36, 61, 7, 63, 75, 5, 32, 4, 51, 48, 73, 93, 39, 67, 29, 49, 57, 33]
2026-08-01 01:27:02,970 [instantiator.py] => Created a temporary directory at /tmp/tmp06qg4v1r
2026-08-01 01:27:02,971 [instantiator.py] => Writing /tmp/tmp06qg4v1r/_remote_module_non_scriptable.py
2026-08-01 01:27:04,679 [factory.py] => Loaded ViT-B-16 model config.
2026-08-01 01:27:05,990 [factory.py] => Loading pretrained ViT-B-16 weights (/public/home/hanlida/Dr.1/pretrained_models/open_clip_pytorch_model_laion400m_e32.bin).
2026-08-01 01:27:07,985 [factory.py] => Loaded ViT-B-16 model config.
2026-08-01 01:27:09,182 [factory.py] => Loading pretrained ViT-B-16 weights (/public/home/hanlida/Dr.1/pretrained_models/open_clip_pytorch_model_laion400m_e32.bin).
2026-08-01 01:27:11,218 [engine.py] => Learning on 0-10
2026-08-01 01:28:11,332 [trainer.py] => CNN: {'total': 88.99, '00-09': 88.99, 'old': 0, 'new': 88.99, 'harmonic': 0.0}
2026-08-01 01:28:11,333 [trainer.py] => CNN top1 curve: [88.99]
2026-08-01 01:28:11,333 [trainer.py] => CNN top5 curve: [99.7]
2026-08-01 01:28:11,333 [trainer.py] => Average Accuracy (CNN top1): 88.99
2026-08-01 01:28:11,333 [engine.py] => Learning on 10-20
2026-08-01 01:29:21,592 [trainer.py] => CNN: {'total': 81.34, '00-09': 79.17, '10-19': 83.53, 'old': 79.17, 'new': 83.53, 'harmonic': 81.29}
2026-08-01 01:29:21,592 [trainer.py] => CNN top1 curve: [88.99, 81.34]
2026-08-01 01:29:21,593 [trainer.py] => CNN top5 curve: [99.7, 99.55]
2026-08-01 01:29:21,593 [trainer.py] => Average Accuracy (CNN top1): 85.16499999999999
2026-08-01 01:29:21,593 [engine.py] => Learning on 20-30
2026-08-01 01:30:46,612 [trainer.py] => CNN: {'total': 75.8, '00-09': 74.7, '10-19': 78.44, '20-29': 74.25, 'old': 76.57, 'new': 74.25, 'harmonic': 75.39}
2026-08-01 01:30:46,630 [trainer.py] => CNN top1 curve: [88.99, 81.34, 75.8]
2026-08-01 01:30:46,630 [trainer.py] => CNN top5 curve: [99.7, 99.55, 97.61]
2026-08-01 01:30:46,630 [trainer.py] => Average Accuracy (CNN top1): 82.04333333333334
2026-08-01 01:30:46,630 [engine.py] => Learning on 30-40
2026-08-01 01:32:24,309 [trainer.py] => CNN: {'total': 71.73, '00-09': 75.0, '10-19': 70.06, '20-29': 70.36, '30-39': 71.47, 'old': 71.81, 'new': 71.47, 'harmonic': 71.64}
2026-08-01 01:32:24,310 [trainer.py] => CNN top1 curve: [88.99, 81.34, 75.8, 71.73]
2026-08-01 01:32:24,310 [trainer.py] => CNN top5 curve: [99.7, 99.55, 97.61, 96.11]
2026-08-01 01:32:24,310 [trainer.py] => Average Accuracy (CNN top1): 79.465
2026-08-01 01:32:24,310 [engine.py] => Learning on 40-50
2026-08-01 01:34:15,508 [trainer.py] => CNN: {'total': 69.02, '00-09': 70.54, '10-19': 70.06, '20-29': 65.57, '30-39': 67.87, '40-49': 71.08, 'old': 68.51, 'new': 71.08, 'harmonic': 69.77}
2026-08-01 01:34:15,508 [trainer.py] => CNN top1 curve: [88.99, 81.34, 75.8, 71.73, 69.02]
2026-08-01 01:34:15,509 [trainer.py] => CNN top5 curve: [99.7, 99.55, 97.61, 96.11, 94.01]
2026-08-01 01:34:15,509 [trainer.py] => Average Accuracy (CNN top1): 77.376
2026-08-01 01:34:15,509 [engine.py] => Learning on 50-60
2026-08-01 01:36:20,391 [trainer.py] => CNN: {'total': 67.81, '00-09': 68.75, '10-19': 67.66, '20-29': 63.77, '30-39': 67.27, '40-49': 70.48, '50-59': 68.96, 'old': 67.59, 'new': 68.96, 'harmonic': 68.27}
2026-08-01 01:36:20,392 [trainer.py] => CNN top1 curve: [88.99, 81.34, 75.8, 71.73, 69.02, 67.81]
2026-08-01 01:36:20,392 [trainer.py] => CNN top5 curve: [99.7, 99.55, 97.61, 96.11, 94.01, 92.37]
2026-08-01 01:36:20,392 [trainer.py] => Average Accuracy (CNN top1): 75.78166666666667
2026-08-01 01:36:20,392 [engine.py] => Learning on 60-70
2026-08-01 01:38:36,623 [trainer.py] => CNN: {'total': 63.87, '00-09': 66.37, '10-19': 62.57, '20-29': 63.17, '30-39': 65.77, '40-49': 66.57, '50-59': 65.97, '60-69': 56.63, 'old': 65.07, 'new': 56.63, 'harmonic': 60.56}
2026-08-01 01:38:36,623 [trainer.py] => CNN top1 curve: [88.99, 81.34, 75.8, 71.73, 69.02, 67.81, 63.87]
2026-08-01 01:38:36,624 [trainer.py] => CNN top5 curve: [99.7, 99.55, 97.61, 96.11, 94.01, 92.37, 89.51]
2026-08-01 01:38:36,624 [trainer.py] => Average Accuracy (CNN top1): 74.08
2026-08-01 01:38:36,624 [engine.py] => Learning on 70-80
2026-08-01 01:41:09,751 [trainer.py] => CNN: {'total': 60.46, '00-09': 66.07, '10-19': 59.58, '20-29': 60.18, '30-39': 62.16, '40-49': 64.76, '50-59': 64.78, '60-69': 53.31, '70-79': 52.71, 'old': 61.56, 'new': 52.71, 'harmonic': 56.79}
2026-08-01 01:41:09,752 [trainer.py] => CNN top1 curve: [88.99, 81.34, 75.8, 71.73, 69.02, 67.81, 63.87, 60.46]
2026-08-01 01:41:09,752 [trainer.py] => CNN top5 curve: [99.7, 99.55, 97.61, 96.11, 94.01, 92.37, 89.51, 86.66]
2026-08-01 01:41:09,752 [trainer.py] => Average Accuracy (CNN top1): 72.3775
2026-08-01 01:41:09,752 [engine.py] => Learning on 80-90
2026-08-01 01:43:57,705 [trainer.py] => CNN: {'total': 58.31, '00-09': 60.71, '10-19': 58.08, '20-29': 57.19, '30-39': 62.16, '40-49': 63.25, '50-59': 63.58, '60-69': 49.7, '70-79': 51.81, '80-89': 58.26, 'old': 58.32, 'new': 58.26, 'harmonic': 58.29}
2026-08-01 01:43:57,705 [trainer.py] => CNN top1 curve: [88.99, 81.34, 75.8, 71.73, 69.02, 67.81, 63.87, 60.46, 58.31]
2026-08-01 01:43:57,705 [trainer.py] => CNN top5 curve: [99.7, 99.55, 97.61, 96.11, 94.01, 92.37, 89.51, 86.66, 85.27]
2026-08-01 01:43:57,705 [trainer.py] => Average Accuracy (CNN top1): 70.81444444444443
2026-08-01 01:43:57,705 [engine.py] => Learning on 90-100
2026-08-01 01:52:46,055 [trainer.py] => CNN: {'total': 58.51, '00-09': 59.82, '10-19': 53.29, '20-29': 55.39, '30-39': 58.86, '40-49': 62.35, '50-59': 61.19, '60-69': 50.3, '70-79': 50.9, '80-89': 57.96, '90-99': 75.0, 'old': 56.68, 'new': 75.0, 'harmonic': 64.57}
2026-08-01 01:52:46,056 [trainer.py] => CNN top1 curve: [88.99, 81.34, 75.8, 71.73, 69.02, 67.81, 63.87, 60.46, 58.31, 58.51]
2026-08-01 01:52:46,056 [trainer.py] => CNN top5 curve: [99.7, 99.55, 97.61, 96.11, 94.01, 92.37, 89.51, 86.66, 85.27, 85.0]
2026-08-01 01:52:46,057 [trainer.py] => Average Accuracy (CNN top1): 69.58399999999999
2026-08-01 03:02:24,967 [trainer.py] => config: configs/engine/engine_aircraft_B0_Inc10.json
2026-08-01 03:02:24,979 [trainer.py] => prefix: -
2026-08-01 03:02:24,980 [trainer.py] => dataset: aircraft
2026-08-01 03:02:24,980 [trainer.py] => shuffle: True
2026-08-01 03:02:24,980 [trainer.py] => init_cls: 10
2026-08-01 03:02:24,980 [trainer.py] => increment: 10
2026-08-01 03:02:24,980 [trainer.py] => model_name: engine
2026-08-01 03:02:24,980 [trainer.py] => backbone_type: clip
2026-08-01 03:02:24,980 [trainer.py] => device: [device(type='cuda', index=1)]
2026-08-01 03:02:24,980 [trainer.py] => seed: 1993
2026-08-01 03:02:24,980 [trainer.py] => projection_type: pure_mlp
2026-08-01 03:02:24,980 [trainer.py] => frozen_layers: visual
2026-08-01 03:02:24,980 [trainer.py] => tuned_epoch: 10
2026-08-01 03:02:24,980 [trainer.py] => init_lr: 0.05
2026-08-01 03:02:24,980 [trainer.py] => batch_size: 64
2026-08-01 03:02:24,980 [trainer.py] => weight_decay: 0.05
2026-08-01 03:02:24,981 [trainer.py] => min_lr: 0
2026-08-01 03:02:24,981 [trainer.py] => optimizer: sgd
2026-08-01 03:02:24,981 [trainer.py] => text_des: 2
2026-08-01 03:02:24,981 [trainer.py] => image_aug: 0
2026-08-01 03:02:24,981 [trainer.py] => rerank: 0.2
2026-08-01 03:02:24,981 [trainer.py] => stat: 0.99
2026-08-01 03:02:24,981 [trainer.py] => sample_num: 0
2026-08-01 03:02:24,981 [trainer.py] => sample_noise: 0.25
2026-08-01 03:02:24,981 [trainer.py] => rerank_top: 5
2026-08-01 03:02:25,291 [data_manager.py] => [68, 56, 78, 8, 23, 84, 90, 65, 74, 76, 40, 89, 3, 92, 55, 9, 26, 80, 43, 38, 58, 70, 77, 1, 85, 19, 17, 50, 28, 53, 13, 81, 45, 82, 6, 59, 83, 16, 15, 44, 91, 41, 72, 60, 79, 52, 20, 10, 31, 54, 37, 95, 14, 71, 96, 98, 97, 2, 64, 66, 42, 22, 35, 86, 24, 34, 87, 21, 99, 0, 88, 27, 18, 94, 11, 12, 47, 25, 30, 46, 62, 69, 36, 61, 7, 63, 75, 5, 32, 4, 51, 48, 73, 93, 39, 67, 29, 49, 57, 33]
2026-08-01 03:02:35,517 [instantiator.py] => Created a temporary directory at /tmp/tmpy088ylem
2026-08-01 03:02:35,518 [instantiator.py] => Writing /tmp/tmpy088ylem/_remote_module_non_scriptable.py
2026-08-01 03:02:37,218 [factory.py] => Loaded ViT-B-16 model config.
2026-08-01 03:02:38,695 [factory.py] => Loading pretrained ViT-B-16 weights (/public/home/hanlida/Dr.1/pretrained_models/open_clip_pytorch_model_laion400m_e32.bin).
2026-08-01 03:02:40,506 [factory.py] => Loaded ViT-B-16 model config.
2026-08-01 03:02:41,720 [factory.py] => Loading pretrained ViT-B-16 weights (/public/home/hanlida/Dr.1/pretrained_models/open_clip_pytorch_model_laion400m_e32.bin).
2026-08-01 03:02:42,804 [engine.py] => Learning on 0-10
2026-08-01 03:03:45,108 [trainer.py] => CNN: {'total': 88.99, '00-09': 88.99, 'old': 0, 'new': 88.99, 'harmonic': 0.0}
2026-08-01 03:03:45,108 [trainer.py] => CNN top1 curve: [88.99]
2026-08-01 03:03:45,108 [trainer.py] => CNN top5 curve: [99.7]
2026-08-01 03:03:45,108 [trainer.py] => Average Accuracy (CNN top1): 88.99
2026-08-01 03:03:45,108 [engine.py] => Learning on 10-20
2026-08-01 03:04:56,038 [trainer.py] => CNN: {'total': 81.34, '00-09': 79.17, '10-19': 83.53, 'old': 79.17, 'new': 83.53, 'harmonic': 81.29}
2026-08-01 03:04:56,039 [trainer.py] => CNN top1 curve: [88.99, 81.34]
2026-08-01 03:04:56,039 [trainer.py] => CNN top5 curve: [99.7, 99.55]
2026-08-01 03:04:56,039 [trainer.py] => Average Accuracy (CNN top1): 85.16499999999999
2026-08-01 03:04:56,039 [engine.py] => Learning on 20-30
2026-08-01 03:06:21,438 [trainer.py] => CNN: {'total': 75.8, '00-09': 74.7, '10-19': 78.44, '20-29': 74.25, 'old': 76.57, 'new': 74.25, 'harmonic': 75.39}
2026-08-01 03:06:21,439 [trainer.py] => CNN top1 curve: [88.99, 81.34, 75.8]
2026-08-01 03:06:21,439 [trainer.py] => CNN top5 curve: [99.7, 99.55, 97.61]
2026-08-01 03:06:21,439 [trainer.py] => Average Accuracy (CNN top1): 82.04333333333334
2026-08-01 03:06:21,439 [engine.py] => Learning on 30-40
2026-08-01 03:08:00,164 [trainer.py] => CNN: {'total': 71.73, '00-09': 75.0, '10-19': 70.06, '20-29': 70.36, '30-39': 71.47, 'old': 71.81, 'new': 71.47, 'harmonic': 71.64}
2026-08-01 03:08:00,164 [trainer.py] => CNN top1 curve: [88.99, 81.34, 75.8, 71.73]
2026-08-01 03:08:00,164 [trainer.py] => CNN top5 curve: [99.7, 99.55, 97.61, 96.11]
2026-08-01 03:08:00,164 [trainer.py] => Average Accuracy (CNN top1): 79.465
2026-08-01 03:08:00,164 [engine.py] => Learning on 40-50
2026-08-01 03:09:53,145 [trainer.py] => CNN: {'total': 69.02, '00-09': 70.54, '10-19': 70.06, '20-29': 65.57, '30-39': 67.87, '40-49': 71.08, 'old': 68.51, 'new': 71.08, 'harmonic': 69.77}
2026-08-01 03:09:53,145 [trainer.py] => CNN top1 curve: [88.99, 81.34, 75.8, 71.73, 69.02]
2026-08-01 03:09:53,145 [trainer.py] => CNN top5 curve: [99.7, 99.55, 97.61, 96.11, 94.01]
2026-08-01 03:09:53,145 [trainer.py] => Average Accuracy (CNN top1): 77.376
2026-08-01 03:09:53,146 [engine.py] => Learning on 50-60
2026-08-01 03:11:59,774 [trainer.py] => CNN: {'total': 67.81, '00-09': 68.75, '10-19': 67.66, '20-29': 63.77, '30-39': 67.27, '40-49': 70.48, '50-59': 68.96, 'old': 67.59, 'new': 68.96, 'harmonic': 68.27}
2026-08-01 03:11:59,775 [trainer.py] => CNN top1 curve: [88.99, 81.34, 75.8, 71.73, 69.02, 67.81]
2026-08-01 03:11:59,775 [trainer.py] => CNN top5 curve: [99.7, 99.55, 97.61, 96.11, 94.01, 92.37]
2026-08-01 03:11:59,775 [trainer.py] => Average Accuracy (CNN top1): 75.78166666666667
2026-08-01 03:11:59,775 [engine.py] => Learning on 60-70
2026-08-01 03:14:15,871 [trainer.py] => CNN: {'total': 63.87, '00-09': 66.37, '10-19': 62.57, '20-29': 63.17, '30-39': 65.77, '40-49': 66.57, '50-59': 65.97, '60-69': 56.63, 'old': 65.07, 'new': 56.63, 'harmonic': 60.56}
2026-08-01 03:14:15,872 [trainer.py] => CNN top1 curve: [88.99, 81.34, 75.8, 71.73, 69.02, 67.81, 63.87]
2026-08-01 03:14:15,872 [trainer.py] => CNN top5 curve: [99.7, 99.55, 97.61, 96.11, 94.01, 92.37, 89.51]
2026-08-01 03:14:15,872 [trainer.py] => Average Accuracy (CNN top1): 74.08
2026-08-01 03:14:15,872 [engine.py] => Learning on 70-80
2026-08-01 03:16:43,959 [trainer.py] => CNN: {'total': 60.46, '00-09': 66.07, '10-19': 59.58, '20-29': 60.18, '30-39': 62.16, '40-49': 64.76, '50-59': 64.78, '60-69': 53.31, '70-79': 52.71, 'old': 61.56, 'new': 52.71, 'harmonic': 56.79}
2026-08-01 03:16:43,959 [trainer.py] => CNN top1 curve: [88.99, 81.34, 75.8, 71.73, 69.02, 67.81, 63.87, 60.46]
2026-08-01 03:16:43,960 [trainer.py] => CNN top5 curve: [99.7, 99.55, 97.61, 96.11, 94.01, 92.37, 89.51, 86.66]
2026-08-01 03:16:43,960 [trainer.py] => Average Accuracy (CNN top1): 72.3775
2026-08-01 03:16:43,960 [engine.py] => Learning on 80-90
2026-08-01 03:19:27,927 [trainer.py] => CNN: {'total': 58.31, '00-09': 60.71, '10-19': 58.08, '20-29': 57.19, '30-39': 62.16, '40-49': 63.25, '50-59': 63.58, '60-69': 49.7, '70-79': 51.81, '80-89': 58.26, 'old': 58.32, 'new': 58.26, 'harmonic': 58.29}
2026-08-01 03:19:27,927 [trainer.py] => CNN top1 curve: [88.99, 81.34, 75.8, 71.73, 69.02, 67.81, 63.87, 60.46, 58.31]
2026-08-01 03:19:27,927 [trainer.py] => CNN top5 curve: [99.7, 99.55, 97.61, 96.11, 94.01, 92.37, 89.51, 86.66, 85.27]
2026-08-01 03:19:27,928 [trainer.py] => Average Accuracy (CNN top1): 70.81444444444443
2026-08-01 03:19:27,928 [engine.py] => Learning on 90-100
2026-08-01 03:28:09,568 [trainer.py] => CNN: {'total': 58.51, '00-09': 59.82, '10-19': 53.29, '20-29': 55.39, '30-39': 58.86, '40-49': 62.35, '50-59': 61.19, '60-69': 50.3, '70-79': 50.9, '80-89': 57.96, '90-99': 75.0, 'old': 56.68, 'new': 75.0, 'harmonic': 64.57}
2026-08-01 03:28:09,568 [trainer.py] => CNN top1 curve: [88.99, 81.34, 75.8, 71.73, 69.02, 67.81, 63.87, 60.46, 58.31, 58.51]
2026-08-01 03:28:09,568 [trainer.py] => CNN top5 curve: [99.7, 99.55, 97.61, 96.11, 94.01, 92.37, 89.51, 86.66, 85.27, 85.0]
2026-08-01 03:28:09,568 [trainer.py] => Average Accuracy (CNN top1): 69.58399999999999
