2026-06-15 23:10:41,221 [trainer.py] => config: ./configs/engine/engine_aircraft_B50_Inc10.json
2026-06-15 23:10:41,222 [trainer.py] => prefix: -
2026-06-15 23:10:41,222 [trainer.py] => dataset: aircraft
2026-06-15 23:10:41,222 [trainer.py] => shuffle: True
2026-06-15 23:10:41,222 [trainer.py] => init_cls: 50
2026-06-15 23:10:41,222 [trainer.py] => increment: 10
2026-06-15 23:10:41,222 [trainer.py] => model_name: engine
2026-06-15 23:10:41,222 [trainer.py] => backbone_type: clip
2026-06-15 23:10:41,222 [trainer.py] => device: [device(type='cuda', index=4)]
2026-06-15 23:10:41,222 [trainer.py] => seed: 1993
2026-06-15 23:10:41,222 [trainer.py] => projection_type: pure_mlp
2026-06-15 23:10:41,222 [trainer.py] => frozen_layers: visual
2026-06-15 23:10:41,222 [trainer.py] => tuned_epoch: 10
2026-06-15 23:10:41,222 [trainer.py] => init_lr: 0.05
2026-06-15 23:10:41,222 [trainer.py] => batch_size: 64
2026-06-15 23:10:41,222 [trainer.py] => weight_decay: 0.05
2026-06-15 23:10:41,222 [trainer.py] => min_lr: 0
2026-06-15 23:10:41,222 [trainer.py] => optimizer: sgd
2026-06-15 23:10:41,222 [trainer.py] => text_des: 2
2026-06-15 23:10:41,222 [trainer.py] => image_aug: 0
2026-06-15 23:10:41,222 [trainer.py] => rerank: 0.2
2026-06-15 23:10:41,222 [trainer.py] => stat: 0.99
2026-06-15 23:10:41,222 [trainer.py] => sample_num: 0
2026-06-15 23:10:41,222 [trainer.py] => sample_noise: 0.25
2026-06-15 23:10:41,222 [trainer.py] => rerank_top: 5
2026-06-15 23:10:41,254 [data_manager.py] => [68, 56, 78, 8, 23, 84, 90, 65, 74, 76, 40, 89, 3, 92, 55, 9, 26, 80, 43, 38, 58, 70, 77, 1, 85, 19, 17, 50, 28, 53, 13, 81, 45, 82, 6, 59, 83, 16, 15, 44, 91, 41, 72, 60, 79, 52, 20, 10, 31, 54, 37, 95, 14, 71, 96, 98, 97, 2, 64, 66, 42, 22, 35, 86, 24, 34, 87, 21, 99, 0, 88, 27, 18, 94, 11, 12, 47, 25, 30, 46, 62, 69, 36, 61, 7, 63, 75, 5, 32, 4, 51, 48, 73, 93, 39, 67, 29, 49, 57, 33]
2026-06-15 23:10:41,272 [factory.py] => Loaded ViT-B-16 model config.
2026-06-15 23:10:42,746 [factory.py] => Loading pretrained ViT-B-16 weights (/home/team/zhaohongwei/pretrained_models/open_clip_pytorch_model_laion400m_e32.bin).
2026-06-15 23:10:43,253 [factory.py] => Loaded ViT-B-16 model config.
2026-06-15 23:10:44,725 [factory.py] => Loading pretrained ViT-B-16 weights (/home/team/zhaohongwei/pretrained_models/open_clip_pytorch_model_laion400m_e32.bin).
2026-06-15 23:10:45,262 [engine.py] => Learning on 0-50
2026-06-15 23:19:16,798 [trainer.py] => CNN: {'total': 72.86, '00-09': 74.11, '10-19': 70.06, '20-29': 68.86, '30-39': 75.38, '40-49': 75.9, 'old': 0, 'new': 72.86, 'harmonic': 0.0}
2026-06-15 23:19:16,799 [trainer.py] => CNN top1 curve: [72.86]
2026-06-15 23:19:16,799 [trainer.py] => CNN top5 curve: [95.63]
2026-06-15 23:19:16,799 [trainer.py] => Average Accuracy (CNN top1): 72.86
2026-06-15 23:19:16,799 [engine.py] => Learning on 50-60
2026-06-15 23:25:42,228 [trainer.py] => CNN: {'total': 69.46, '00-09': 69.64, '10-19': 66.77, '20-29': 63.77, '30-39': 69.67, '40-49': 71.69, '50-59': 75.22, 'old': 68.3, 'new': 75.22, 'harmonic': 71.59}
2026-06-15 23:25:42,228 [trainer.py] => CNN top1 curve: [72.86, 69.46]
2026-06-15 23:25:42,228 [trainer.py] => CNN top5 curve: [95.63, 92.51]
2026-06-15 23:25:42,228 [trainer.py] => Average Accuracy (CNN top1): 71.16
2026-06-15 23:25:42,228 [engine.py] => Learning on 60-70
2026-06-15 23:32:34,214 [trainer.py] => CNN: {'total': 64.85, '00-09': 67.26, '10-19': 62.57, '20-29': 62.57, '30-39': 66.67, '40-49': 67.77, '50-59': 69.25, '60-69': 57.83, 'old': 66.02, 'new': 57.83, 'harmonic': 61.65}
2026-06-15 23:32:34,215 [trainer.py] => CNN top1 curve: [72.86, 69.46, 64.85]
2026-06-15 23:32:34,215 [trainer.py] => CNN top5 curve: [95.63, 92.51, 90.03]
2026-06-15 23:32:34,215 [trainer.py] => Average Accuracy (CNN top1): 69.05666666666666
2026-06-15 23:32:34,215 [engine.py] => Learning on 70-80
2026-06-15 23:40:22,254 [trainer.py] => CNN: {'total': 60.72, '00-09': 65.48, '10-19': 58.98, '20-29': 59.88, '30-39': 61.26, '40-49': 67.17, '50-59': 66.27, '60-69': 53.31, '70-79': 53.31, 'old': 61.77, 'new': 53.31, 'harmonic': 57.23}
2026-06-15 23:40:22,255 [trainer.py] => CNN top1 curve: [72.86, 69.46, 64.85, 60.72]
2026-06-15 23:40:22,255 [trainer.py] => CNN top5 curve: [95.63, 92.51, 90.03, 86.92]
2026-06-15 23:40:22,255 [trainer.py] => Average Accuracy (CNN top1): 66.9725
2026-06-15 23:40:22,255 [engine.py] => Learning on 80-90
2026-06-15 23:49:14,920 [trainer.py] => CNN: {'total': 58.65, '00-09': 61.61, '10-19': 57.49, '20-29': 56.59, '30-39': 61.86, '40-49': 64.16, '50-59': 64.18, '60-69': 50.3, '70-79': 52.11, '80-89': 59.46, 'old': 58.55, 'new': 59.46, 'harmonic': 59.0}
2026-06-15 23:49:14,920 [trainer.py] => CNN top1 curve: [72.86, 69.46, 64.85, 60.72, 58.65]
2026-06-15 23:49:14,920 [trainer.py] => CNN top5 curve: [95.63, 92.51, 90.03, 86.92, 85.64]
2026-06-15 23:49:14,921 [trainer.py] => Average Accuracy (CNN top1): 65.30799999999999
2026-06-15 23:49:14,921 [engine.py] => Learning on 90-100
2026-06-15 23:59:12,931 [trainer.py] => CNN: {'total': 59.2, '00-09': 60.42, '10-19': 53.29, '20-29': 54.79, '30-39': 59.46, '40-49': 63.25, '50-59': 64.48, '60-69': 48.8, '70-79': 50.3, '80-89': 59.76, '90-99': 77.41, 'old': 57.18, 'new': 77.41, 'harmonic': 65.77}
2026-06-15 23:59:12,931 [trainer.py] => CNN top1 curve: [72.86, 69.46, 64.85, 60.72, 58.65, 59.2]
2026-06-15 23:59:12,931 [trainer.py] => CNN top5 curve: [95.63, 92.51, 90.03, 86.92, 85.64, 85.48]
2026-06-15 23:59:12,931 [trainer.py] => Average Accuracy (CNN top1): 64.28999999999999
