2026-06-15 21:35:58,414 [trainer.py] => config: ./configs/engine/engine_aircraft_B50_Inc10.json
2026-06-15 21:35:58,414 [trainer.py] => prefix: -
2026-06-15 21:35:58,414 [trainer.py] => dataset: aircraft
2026-06-15 21:35:58,414 [trainer.py] => shuffle: True
2026-06-15 21:35:58,414 [trainer.py] => init_cls: 50
2026-06-15 21:35:58,414 [trainer.py] => increment: 10
2026-06-15 21:35:58,414 [trainer.py] => model_name: engine
2026-06-15 21:35:58,414 [trainer.py] => backbone_type: clip
2026-06-15 21:35:58,414 [trainer.py] => device: [device(type='cuda', index=4)]
2026-06-15 21:35:58,414 [trainer.py] => seed: 0
2026-06-15 21:35:58,414 [trainer.py] => projection_type: pure_mlp
2026-06-15 21:35:58,414 [trainer.py] => frozen_layers: visual
2026-06-15 21:35:58,414 [trainer.py] => tuned_epoch: 10
2026-06-15 21:35:58,414 [trainer.py] => init_lr: 0.05
2026-06-15 21:35:58,414 [trainer.py] => batch_size: 64
2026-06-15 21:35:58,414 [trainer.py] => weight_decay: 0.05
2026-06-15 21:35:58,414 [trainer.py] => min_lr: 0
2026-06-15 21:35:58,414 [trainer.py] => optimizer: sgd
2026-06-15 21:35:58,414 [trainer.py] => text_des: 2
2026-06-15 21:35:58,414 [trainer.py] => image_aug: 0
2026-06-15 21:35:58,415 [trainer.py] => rerank: 0.2
2026-06-15 21:35:58,415 [trainer.py] => stat: 0.99
2026-06-15 21:35:58,415 [trainer.py] => sample_num: 0
2026-06-15 21:35:58,415 [trainer.py] => sample_noise: 0.25
2026-06-15 21:35:58,415 [trainer.py] => rerank_top: 5
2026-06-15 21:35:58,516 [data_manager.py] => [26, 86, 2, 55, 75, 93, 16, 73, 54, 95, 53, 92, 78, 13, 7, 30, 22, 24, 33, 8, 43, 62, 3, 71, 45, 48, 6, 99, 82, 76, 60, 80, 90, 68, 51, 27, 18, 56, 63, 74, 1, 61, 42, 41, 4, 15, 17, 40, 38, 5, 91, 59, 0, 34, 28, 50, 11, 35, 23, 52, 10, 31, 66, 57, 79, 85, 32, 84, 14, 89, 19, 29, 49, 97, 98, 69, 20, 94, 72, 77, 25, 37, 81, 46, 39, 65, 58, 12, 88, 70, 87, 36, 21, 83, 9, 96, 67, 64, 47, 44]
2026-06-15 21:35:59,899 [instantiator.py] => Created a temporary directory at /tmp/tmpb9634sv1
2026-06-15 21:35:59,899 [instantiator.py] => Writing /tmp/tmpb9634sv1/_remote_module_non_scriptable.py
2026-06-15 21:36:00,079 [factory.py] => Loaded ViT-B-16 model config.
2026-06-15 21:36:01,762 [factory.py] => Loading pretrained ViT-B-16 weights (/home/team/zhaohongwei/pretrained_models/open_clip_pytorch_model_laion400m_e32.bin).
2026-06-15 21:36:02,342 [factory.py] => Loaded ViT-B-16 model config.
2026-06-15 21:36:03,821 [factory.py] => Loading pretrained ViT-B-16 weights (/home/team/zhaohongwei/pretrained_models/open_clip_pytorch_model_laion400m_e32.bin).
2026-06-15 21:36:04,375 [engine.py] => Learning on 0-50
2026-06-15 21:44:14,153 [trainer.py] => CNN: {'total': 70.11, '00-09': 70.06, '10-19': 58.26, '20-29': 78.31, '30-39': 80.84, '40-49': 63.06, 'old': 0, 'new': 70.11, 'harmonic': 0.0}
2026-06-15 21:44:14,154 [trainer.py] => CNN top1 curve: [70.11]
2026-06-15 21:44:14,154 [trainer.py] => CNN top5 curve: [91.96]
2026-06-15 21:44:14,154 [trainer.py] => Average Accuracy (CNN top1): 70.11
2026-06-15 21:44:14,154 [engine.py] => Learning on 50-60
2026-06-15 21:50:22,902 [trainer.py] => CNN: {'total': 65.02, '00-09': 62.57, '10-19': 47.45, '20-29': 76.51, '30-39': 76.65, '40-49': 60.36, '50-59': 66.57, 'old': 64.71, 'new': 66.57, 'harmonic': 65.63}
2026-06-15 21:50:22,902 [trainer.py] => CNN top1 curve: [70.11, 65.02]
2026-06-15 21:50:22,903 [trainer.py] => CNN top5 curve: [91.96, 90.35]
2026-06-15 21:50:22,903 [trainer.py] => Average Accuracy (CNN top1): 67.565
2026-06-15 21:50:22,903 [engine.py] => Learning on 60-70
2026-06-15 21:57:24,382 [trainer.py] => CNN: {'total': 63.28, '00-09': 62.87, '10-19': 45.95, '20-29': 76.51, '30-39': 73.95, '40-49': 57.66, '50-59': 60.0, '60-69': 66.07, 'old': 62.82, 'new': 66.07, 'harmonic': 64.4}
2026-06-15 21:57:24,383 [trainer.py] => CNN top1 curve: [70.11, 65.02, 63.28]
2026-06-15 21:57:24,383 [trainer.py] => CNN top5 curve: [91.96, 90.35, 87.75]
2026-06-15 21:57:24,383 [trainer.py] => Average Accuracy (CNN top1): 66.13666666666667
2026-06-15 21:57:24,383 [engine.py] => Learning on 70-80
2026-06-15 22:05:09,946 [trainer.py] => CNN: {'total': 62.59, '00-09': 62.87, '10-19': 43.54, '20-29': 77.11, '30-39': 71.56, '40-49': 58.56, '50-59': 57.01, '60-69': 64.56, '70-79': 65.57, 'old': 62.17, 'new': 65.57, 'harmonic': 63.82}
2026-06-15 22:05:09,947 [trainer.py] => CNN top1 curve: [70.11, 65.02, 63.28, 62.59]
2026-06-15 22:05:09,947 [trainer.py] => CNN top5 curve: [91.96, 90.35, 87.75, 87.44]
2026-06-15 22:05:09,947 [trainer.py] => Average Accuracy (CNN top1): 65.25
2026-06-15 22:05:09,947 [engine.py] => Learning on 80-90
2026-06-15 22:13:35,070 [trainer.py] => CNN: {'total': 60.43, '00-09': 60.18, '10-19': 44.74, '20-29': 73.49, '30-39': 70.36, '40-49': 48.65, '50-59': 56.42, '60-69': 60.66, '70-79': 62.57, '80-89': 66.87, 'old': 59.63, 'new': 66.87, 'harmonic': 63.04}
2026-06-15 22:13:35,070 [trainer.py] => CNN top1 curve: [70.11, 65.02, 63.28, 62.59, 60.43]
2026-06-15 22:13:35,070 [trainer.py] => CNN top5 curve: [91.96, 90.35, 87.75, 87.44, 86.4]
2026-06-15 22:13:35,070 [trainer.py] => Average Accuracy (CNN top1): 64.286
2026-06-15 22:13:35,070 [engine.py] => Learning on 90-100
2026-06-15 22:23:06,558 [trainer.py] => CNN: {'total': 58.6, '00-09': 57.78, '10-19': 40.84, '20-29': 68.07, '30-39': 69.16, '40-49': 44.14, '50-59': 54.33, '60-69': 62.46, '70-79': 60.48, '80-89': 62.35, '90-99': 66.37, 'old': 57.73, 'new': 66.37, 'harmonic': 61.75}
2026-06-15 22:23:06,558 [trainer.py] => CNN top1 curve: [70.11, 65.02, 63.28, 62.59, 60.43, 58.6]
2026-06-15 22:23:06,558 [trainer.py] => CNN top5 curve: [91.96, 90.35, 87.75, 87.44, 86.4, 85.51]
2026-06-15 22:23:06,558 [trainer.py] => Average Accuracy (CNN top1): 63.33833333333334
