2026-06-17 13:07:15,720 [trainer.py] => config: ./configs/engine/engine_cars_B50_Inc10.json
2026-06-17 13:07:15,720 [trainer.py] => prefix: -
2026-06-17 13:07:15,720 [trainer.py] => dataset: cars
2026-06-17 13:07:15,721 [trainer.py] => shuffle: True
2026-06-17 13:07:15,721 [trainer.py] => init_cls: 50
2026-06-17 13:07:15,721 [trainer.py] => increment: 10
2026-06-17 13:07:15,721 [trainer.py] => model_name: engine
2026-06-17 13:07:15,721 [trainer.py] => backbone_type: clip
2026-06-17 13:07:15,721 [trainer.py] => device: [device(type='cuda', index=4)]
2026-06-17 13:07:15,721 [trainer.py] => seed: 1993
2026-06-17 13:07:15,721 [trainer.py] => projection_type: pure_mlp
2026-06-17 13:07:15,721 [trainer.py] => frozen_layers: visual
2026-06-17 13:07:15,721 [trainer.py] => tuned_epoch: 10
2026-06-17 13:07:15,721 [trainer.py] => init_lr: 0.05
2026-06-17 13:07:15,721 [trainer.py] => batch_size: 64
2026-06-17 13:07:15,721 [trainer.py] => weight_decay: 0.05
2026-06-17 13:07:15,721 [trainer.py] => min_lr: 0
2026-06-17 13:07:15,721 [trainer.py] => optimizer: sgd
2026-06-17 13:07:15,721 [trainer.py] => text_des: 2
2026-06-17 13:07:15,721 [trainer.py] => image_aug: 2
2026-06-17 13:07:15,721 [trainer.py] => rerank: 0.8
2026-06-17 13:07:15,721 [trainer.py] => stat: 0.8
2026-06-17 13:07:15,721 [trainer.py] => sample_num: 0
2026-06-17 13:07:15,721 [trainer.py] => sample_noise: 0.25
2026-06-17 13:07:15,721 [trainer.py] => rerank_top: 5
2026-06-17 13:07:15,756 [data_manager.py] => [68, 56, 78, 8, 23, 84, 90, 65, 74, 76, 40, 89, 3, 92, 55, 9, 26, 80, 43, 38, 58, 70, 77, 1, 85, 19, 17, 50, 28, 53, 13, 81, 45, 82, 6, 59, 83, 16, 15, 44, 91, 41, 72, 60, 79, 52, 20, 10, 31, 54, 37, 95, 14, 71, 96, 98, 97, 2, 64, 66, 42, 22, 35, 86, 24, 34, 87, 21, 99, 0, 88, 27, 18, 94, 11, 12, 47, 25, 30, 46, 62, 69, 36, 61, 7, 63, 75, 5, 32, 4, 51, 48, 73, 93, 39, 67, 29, 49, 57, 33]
2026-06-17 13:07:15,774 [factory.py] => Loaded ViT-B-16 model config.
2026-06-17 13:07:17,436 [factory.py] => Loading pretrained ViT-B-16 weights (/home/team/zhaohongwei/pretrained_models/open_clip_pytorch_model_laion400m_e32.bin).
2026-06-17 13:07:18,440 [factory.py] => Loaded ViT-B-16 model config.
2026-06-17 13:07:20,001 [factory.py] => Loading pretrained ViT-B-16 weights (/home/team/zhaohongwei/pretrained_models/open_clip_pytorch_model_laion400m_e32.bin).
2026-06-17 13:07:21,415 [engine.py] => Learning on 0-50
2026-06-17 13:16:16,047 [trainer.py] => CNN: {'total': 93.03, '00-09': 96.7, '10-19': 96.75, '20-29': 93.33, '30-39': 86.48, '40-49': 91.54, 'old': 0, 'new': 93.03, 'harmonic': 0.0}
2026-06-17 13:16:16,048 [trainer.py] => CNN top1 curve: [93.03]
2026-06-17 13:16:16,048 [trainer.py] => CNN top5 curve: [99.85]
2026-06-17 13:16:16,048 [trainer.py] => Average Accuracy (CNN top1): 93.03
2026-06-17 13:16:16,048 [engine.py] => Learning on 50-60
2026-06-17 13:23:18,153 [trainer.py] => CNN: {'total': 93.27, '00-09': 95.28, '10-19': 96.25, '20-29': 93.1, '30-39': 85.97, '40-49': 91.04, '50-59': 97.58, 'old': 92.39, 'new': 97.58, 'harmonic': 94.91}
2026-06-17 13:23:18,153 [trainer.py] => CNN top1 curve: [93.03, 93.27]
2026-06-17 13:23:18,154 [trainer.py] => CNN top5 curve: [99.85, 99.92]
2026-06-17 13:23:18,154 [trainer.py] => Average Accuracy (CNN top1): 93.15
2026-06-17 13:23:18,154 [engine.py] => Learning on 60-70
2026-06-17 13:31:26,337 [trainer.py] => CNN: {'total': 91.71, '00-09': 94.58, '10-19': 96.0, '20-29': 92.38, '30-39': 85.97, '40-49': 90.3, '50-59': 96.37, '60-69': 86.06, 'old': 92.66, 'new': 86.06, 'harmonic': 89.24}
2026-06-17 13:31:26,337 [trainer.py] => CNN top1 curve: [93.03, 93.27, 91.71]
2026-06-17 13:31:26,337 [trainer.py] => CNN top5 curve: [99.85, 99.92, 99.79]
2026-06-17 13:31:26,337 [trainer.py] => Average Accuracy (CNN top1): 92.67
2026-06-17 13:31:26,338 [engine.py] => Learning on 70-80
2026-06-17 13:40:14,797 [trainer.py] => CNN: {'total': 90.92, '00-09': 93.87, '10-19': 95.25, '20-29': 91.9, '30-39': 86.22, '40-49': 90.3, '50-59': 95.4, '60-69': 81.66, '70-79': 92.48, 'old': 90.7, 'new': 92.48, 'harmonic': 91.58}
2026-06-17 13:40:14,797 [trainer.py] => CNN top1 curve: [93.03, 93.27, 91.71, 90.92]
2026-06-17 13:40:14,797 [trainer.py] => CNN top5 curve: [99.85, 99.92, 99.79, 99.69]
2026-06-17 13:40:14,797 [trainer.py] => Average Accuracy (CNN top1): 92.2325
2026-06-17 13:40:14,797 [engine.py] => Learning on 80-90
2026-06-17 13:50:20,445 [trainer.py] => CNN: {'total': 91.0, '00-09': 91.98, '10-19': 95.0, '20-29': 90.71, '30-39': 86.22, '40-49': 90.55, '50-59': 95.88, '60-69': 82.89, '70-79': 92.23, '80-89': 93.32, 'old': 90.7, 'new': 93.32, 'harmonic': 91.99}
2026-06-17 13:50:20,446 [trainer.py] => CNN top1 curve: [93.03, 93.27, 91.71, 90.92, 91.0]
2026-06-17 13:50:20,446 [trainer.py] => CNN top5 curve: [99.85, 99.92, 99.79, 99.69, 99.62]
2026-06-17 13:50:20,446 [trainer.py] => Average Accuracy (CNN top1): 91.986
2026-06-17 13:50:20,446 [engine.py] => Learning on 90-100
2026-06-17 14:01:22,137 [trainer.py] => CNN: {'total': 89.93, '00-09': 89.15, '10-19': 93.0, '20-29': 90.48, '30-39': 85.46, '40-49': 90.05, '50-59': 95.4, '60-69': 81.91, '70-79': 91.98, '80-89': 91.65, '90-99': 90.12, 'old': 89.91, 'new': 90.12, 'harmonic': 90.01}
2026-06-17 14:01:22,137 [trainer.py] => CNN top1 curve: [93.03, 93.27, 91.71, 90.92, 91.0, 89.93]
2026-06-17 14:01:22,137 [trainer.py] => CNN top5 curve: [99.85, 99.92, 99.79, 99.69, 99.62, 99.53]
2026-06-17 14:01:22,137 [trainer.py] => Average Accuracy (CNN top1): 91.64333333333333
