2026-06-17 14:01:22,185 [trainer.py] => config: ./configs/engine/engine_cars_B50_Inc10.json
2026-06-17 14:01:22,186 [trainer.py] => prefix: -
2026-06-17 14:01:22,186 [trainer.py] => dataset: cars
2026-06-17 14:01:22,186 [trainer.py] => shuffle: True
2026-06-17 14:01:22,186 [trainer.py] => init_cls: 50
2026-06-17 14:01:22,186 [trainer.py] => increment: 10
2026-06-17 14:01:22,186 [trainer.py] => model_name: engine
2026-06-17 14:01:22,186 [trainer.py] => backbone_type: clip
2026-06-17 14:01:22,186 [trainer.py] => device: [device(type='cuda', index=4)]
2026-06-17 14:01:22,186 [trainer.py] => seed: 2026
2026-06-17 14:01:22,186 [trainer.py] => projection_type: pure_mlp
2026-06-17 14:01:22,186 [trainer.py] => frozen_layers: visual
2026-06-17 14:01:22,186 [trainer.py] => tuned_epoch: 10
2026-06-17 14:01:22,186 [trainer.py] => init_lr: 0.05
2026-06-17 14:01:22,186 [trainer.py] => batch_size: 64
2026-06-17 14:01:22,186 [trainer.py] => weight_decay: 0.05
2026-06-17 14:01:22,186 [trainer.py] => min_lr: 0
2026-06-17 14:01:22,186 [trainer.py] => optimizer: sgd
2026-06-17 14:01:22,187 [trainer.py] => text_des: 2
2026-06-17 14:01:22,187 [trainer.py] => image_aug: 2
2026-06-17 14:01:22,187 [trainer.py] => rerank: 0.8
2026-06-17 14:01:22,187 [trainer.py] => stat: 0.8
2026-06-17 14:01:22,187 [trainer.py] => sample_num: 0
2026-06-17 14:01:22,187 [trainer.py] => sample_noise: 0.25
2026-06-17 14:01:22,187 [trainer.py] => rerank_top: 5
2026-06-17 14:01:22,234 [data_manager.py] => [98, 10, 4, 18, 88, 13, 8, 84, 79, 21, 85, 96, 53, 42, 52, 97, 74, 5, 58, 23, 90, 59, 16, 72, 75, 30, 43, 99, 44, 41, 0, 46, 61, 80, 65, 39, 70, 87, 89, 91, 82, 14, 12, 71, 50, 11, 15, 57, 22, 67, 45, 32, 78, 63, 66, 55, 31, 62, 35, 34, 19, 49, 24, 9, 37, 36, 3, 64, 40, 86, 81, 93, 47, 73, 17, 60, 68, 25, 38, 48, 33, 20, 83, 7, 27, 94, 54, 2, 92, 76, 69, 51, 28, 29, 95, 77, 56, 26, 6, 1]
2026-06-17 14:01:22,254 [factory.py] => Loaded ViT-B-16 model config.
2026-06-17 14:01:24,141 [factory.py] => Loading pretrained ViT-B-16 weights (/home/team/zhaohongwei/pretrained_models/open_clip_pytorch_model_laion400m_e32.bin).
2026-06-17 14:01:25,263 [factory.py] => Loaded ViT-B-16 model config.
2026-06-17 14:01:26,890 [factory.py] => Loading pretrained ViT-B-16 weights (/home/team/zhaohongwei/pretrained_models/open_clip_pytorch_model_laion400m_e32.bin).
2026-06-17 14:01:27,727 [engine.py] => Learning on 0-50
2026-06-17 14:10:26,598 [trainer.py] => CNN: {'total': 95.45, '00-09': 90.39, '10-19': 98.55, '20-29': 93.96, '30-39': 99.27, '40-49': 94.88, 'old': 0, 'new': 95.45, 'harmonic': 0.0}
2026-06-17 14:10:26,598 [trainer.py] => CNN top1 curve: [95.45]
2026-06-17 14:10:26,598 [trainer.py] => CNN top5 curve: [99.95]
2026-06-17 14:10:26,598 [trainer.py] => Average Accuracy (CNN top1): 95.45
2026-06-17 14:10:26,598 [engine.py] => Learning on 50-60
2026-06-17 14:17:23,211 [trainer.py] => CNN: {'total': 94.79, '00-09': 89.66, '10-19': 98.31, '20-29': 91.6, '30-39': 96.84, '40-49': 93.9, '50-59': 98.08, 'old': 94.12, 'new': 98.08, 'harmonic': 96.06}
2026-06-17 14:17:23,211 [trainer.py] => CNN top1 curve: [95.45, 94.79]
2026-06-17 14:17:23,211 [trainer.py] => CNN top5 curve: [99.95, 99.88]
2026-06-17 14:17:23,212 [trainer.py] => Average Accuracy (CNN top1): 95.12
2026-06-17 14:17:23,212 [engine.py] => Learning on 60-70
2026-06-17 14:25:33,550 [trainer.py] => CNN: {'total': 92.39, '00-09': 88.42, '10-19': 96.87, '20-29': 88.98, '30-39': 96.35, '40-49': 90.49, '50-59': 96.39, '60-69': 88.83, 'old': 92.99, 'new': 88.83, 'harmonic': 90.86}
2026-06-17 14:25:33,551 [trainer.py] => CNN top1 curve: [95.45, 94.79, 92.39]
2026-06-17 14:25:33,551 [trainer.py] => CNN top5 curve: [99.95, 99.88, 99.82]
2026-06-17 14:25:33,551 [trainer.py] => Average Accuracy (CNN top1): 94.21
2026-06-17 14:25:33,551 [engine.py] => Learning on 70-80
2026-06-17 14:34:32,323 [trainer.py] => CNN: {'total': 91.39, '00-09': 87.44, '10-19': 96.87, '20-29': 86.88, '30-39': 95.86, '40-49': 90.0, '50-59': 96.88, '60-69': 87.62, '70-79': 88.97, 'old': 91.72, 'new': 88.97, 'harmonic': 90.32}
2026-06-17 14:34:32,324 [trainer.py] => CNN top1 curve: [95.45, 94.79, 92.39, 91.39]
2026-06-17 14:34:32,324 [trainer.py] => CNN top5 curve: [99.95, 99.88, 99.82, 99.78]
2026-06-17 14:34:32,324 [trainer.py] => Average Accuracy (CNN top1): 93.505
2026-06-17 14:34:32,324 [engine.py] => Learning on 80-90
2026-06-17 14:44:35,035 [trainer.py] => CNN: {'total': 90.9, '00-09': 85.96, '10-19': 97.11, '20-29': 85.56, '30-39': 96.11, '40-49': 88.29, '50-59': 96.39, '60-69': 87.14, '70-79': 89.23, '80-89': 91.65, 'old': 90.81, 'new': 91.65, 'harmonic': 91.23}
2026-06-17 14:44:35,036 [trainer.py] => CNN top1 curve: [95.45, 94.79, 92.39, 91.39, 90.9]
2026-06-17 14:44:35,036 [trainer.py] => CNN top5 curve: [99.95, 99.88, 99.82, 99.78, 99.7]
2026-06-17 14:44:35,036 [trainer.py] => Average Accuracy (CNN top1): 92.984
2026-06-17 14:44:35,036 [engine.py] => Learning on 90-100
2026-06-17 14:55:37,844 [trainer.py] => CNN: {'total': 90.06, '00-09': 86.21, '10-19': 97.59, '20-29': 83.99, '30-39': 93.67, '40-49': 85.37, '50-59': 95.67, '60-69': 85.92, '70-79': 89.23, '80-89': 89.74, '90-99': 92.43, 'old': 89.78, 'new': 92.43, 'harmonic': 91.09}
2026-06-17 14:55:37,845 [trainer.py] => CNN top1 curve: [95.45, 94.79, 92.39, 91.39, 90.9, 90.06]
2026-06-17 14:55:37,845 [trainer.py] => CNN top5 curve: [99.95, 99.88, 99.82, 99.78, 99.7, 99.41]
2026-06-17 14:55:37,845 [trainer.py] => Average Accuracy (CNN top1): 92.49666666666667
