2026-06-16 16:55:13,970 [trainer.py] => config: ./configs/engine/engine_cifar_B50_Inc10.json
2026-06-16 16:55:13,970 [trainer.py] => prefix: -
2026-06-16 16:55:13,970 [trainer.py] => dataset: cifar224
2026-06-16 16:55:13,970 [trainer.py] => shuffle: True
2026-06-16 16:55:13,970 [trainer.py] => init_cls: 50
2026-06-16 16:55:13,970 [trainer.py] => increment: 10
2026-06-16 16:55:13,970 [trainer.py] => model_name: engine
2026-06-16 16:55:13,971 [trainer.py] => backbone_type: clip
2026-06-16 16:55:13,971 [trainer.py] => device: [device(type='cuda', index=4)]
2026-06-16 16:55:13,971 [trainer.py] => seed: 0
2026-06-16 16:55:13,971 [trainer.py] => projection_type: pure_mlp
2026-06-16 16:55:13,971 [trainer.py] => frozen_layers: visual
2026-06-16 16:55:13,971 [trainer.py] => tuned_epoch: 10
2026-06-16 16:55:13,971 [trainer.py] => init_lr: 0.05
2026-06-16 16:55:13,971 [trainer.py] => batch_size: 64
2026-06-16 16:55:13,971 [trainer.py] => weight_decay: 0.05
2026-06-16 16:55:13,971 [trainer.py] => min_lr: 0
2026-06-16 16:55:13,971 [trainer.py] => optimizer: sgd
2026-06-16 16:55:13,971 [trainer.py] => text_des: 2
2026-06-16 16:55:13,971 [trainer.py] => image_aug: 2
2026-06-16 16:55:13,971 [trainer.py] => rerank: 0.8
2026-06-16 16:55:13,971 [trainer.py] => stat: 0.9
2026-06-16 16:55:13,971 [trainer.py] => sample_num: 0
2026-06-16 16:55:13,971 [trainer.py] => sample_noise: 0.25
2026-06-16 16:55:13,971 [trainer.py] => rerank_top: 5
2026-06-16 16:55:15,106 [data_manager.py] => [26, 86, 2, 55, 75, 93, 16, 73, 54, 95, 53, 92, 78, 13, 7, 30, 22, 24, 33, 8, 43, 62, 3, 71, 45, 48, 6, 99, 82, 76, 60, 80, 90, 68, 51, 27, 18, 56, 63, 74, 1, 61, 42, 41, 4, 15, 17, 40, 38, 5, 91, 59, 0, 34, 28, 50, 11, 35, 23, 52, 10, 31, 66, 57, 79, 85, 32, 84, 14, 89, 19, 29, 49, 97, 98, 69, 20, 94, 72, 77, 25, 37, 81, 46, 39, 65, 58, 12, 88, 70, 87, 36, 21, 83, 9, 96, 67, 64, 47, 44]
2026-06-16 16:55:16,541 [instantiator.py] => Created a temporary directory at /tmp/tmpvjsmzej1
2026-06-16 16:55:16,541 [instantiator.py] => Writing /tmp/tmpvjsmzej1/_remote_module_non_scriptable.py
2026-06-16 16:55:16,702 [factory.py] => Loaded ViT-B-16 model config.
2026-06-16 16:55:18,144 [factory.py] => Loading pretrained ViT-B-16 weights (/home/team/zhaohongwei/pretrained_models/open_clip_pytorch_model_laion400m_e32.bin).
2026-06-16 16:55:18,622 [factory.py] => Loaded ViT-B-16 model config.
2026-06-16 16:55:19,848 [factory.py] => Loading pretrained ViT-B-16 weights (/home/team/zhaohongwei/pretrained_models/open_clip_pytorch_model_laion400m_e32.bin).
2026-06-16 16:55:20,370 [engine.py] => Learning on 0-50
2026-06-16 17:53:53,428 [trainer.py] => CNN: {'total': 86.7, '00-09': 83.6, '10-19': 87.7, '20-29': 89.9, '30-39': 84.4, '40-49': 87.9, 'old': 0, 'new': 86.7, 'harmonic': 0.0}
2026-06-16 17:53:53,429 [trainer.py] => CNN top1 curve: [86.7]
2026-06-16 17:53:53,429 [trainer.py] => CNN top5 curve: [97.98]
2026-06-16 17:53:53,430 [trainer.py] => Average Accuracy (CNN top1): 86.7
2026-06-16 17:53:53,430 [engine.py] => Learning on 50-60
2026-06-16 18:18:33,544 [trainer.py] => CNN: {'total': 83.95, '00-09': 80.0, '10-19': 84.0, '20-29': 88.4, '30-39': 79.2, '40-49': 85.0, '50-59': 87.1, 'old': 83.32, 'new': 87.1, 'harmonic': 85.17}
2026-06-16 18:18:33,544 [trainer.py] => CNN top1 curve: [86.7, 83.95]
2026-06-16 18:18:33,544 [trainer.py] => CNN top5 curve: [97.98, 97.45]
2026-06-16 18:18:33,544 [trainer.py] => Average Accuracy (CNN top1): 85.325
2026-06-16 18:18:33,544 [engine.py] => Learning on 60-70
2026-06-16 18:45:54,440 [trainer.py] => CNN: {'total': 83.2, '00-09': 78.9, '10-19': 83.6, '20-29': 87.7, '30-39': 78.6, '40-49': 82.6, '50-59': 82.9, '60-69': 88.1, 'old': 82.38, 'new': 88.1, 'harmonic': 85.14}
2026-06-16 18:45:54,441 [trainer.py] => CNN top1 curve: [86.7, 83.95, 83.2]
2026-06-16 18:45:54,441 [trainer.py] => CNN top5 curve: [97.98, 97.45, 96.8]
2026-06-16 18:45:54,441 [trainer.py] => Average Accuracy (CNN top1): 84.61666666666667
2026-06-16 18:45:54,441 [engine.py] => Learning on 70-80
2026-06-16 19:16:12,420 [trainer.py] => CNN: {'total': 81.96, '00-09': 76.9, '10-19': 82.7, '20-29': 87.0, '30-39': 77.6, '40-49': 80.4, '50-59': 80.0, '60-69': 85.1, '70-79': 86.0, 'old': 81.39, 'new': 86.0, 'harmonic': 83.63}
2026-06-16 19:16:12,420 [trainer.py] => CNN top1 curve: [86.7, 83.95, 83.2, 81.96]
2026-06-16 19:16:12,421 [trainer.py] => CNN top5 curve: [97.98, 97.45, 96.8, 96.24]
2026-06-16 19:16:12,421 [trainer.py] => Average Accuracy (CNN top1): 83.9525
2026-06-16 19:16:12,421 [engine.py] => Learning on 80-90
2026-06-16 19:49:10,272 [trainer.py] => CNN: {'total': 81.36, '00-09': 76.0, '10-19': 80.6, '20-29': 85.5, '30-39': 76.5, '40-49': 79.3, '50-59': 79.4, '60-69': 82.9, '70-79': 85.2, '80-89': 86.8, 'old': 80.68, 'new': 86.8, 'harmonic': 83.63}
2026-06-16 19:49:10,272 [trainer.py] => CNN top1 curve: [86.7, 83.95, 83.2, 81.96, 81.36]
2026-06-16 19:49:10,272 [trainer.py] => CNN top5 curve: [97.98, 97.45, 96.8, 96.24, 96.28]
2026-06-16 19:49:10,273 [trainer.py] => Average Accuracy (CNN top1): 83.434
2026-06-16 19:49:10,273 [engine.py] => Learning on 90-100
2026-06-16 20:24:12,932 [trainer.py] => CNN: {'total': 79.73, '00-09': 74.6, '10-19': 80.0, '20-29': 84.9, '30-39': 74.8, '40-49': 79.4, '50-59': 75.7, '60-69': 81.6, '70-79': 84.1, '80-89': 85.3, '90-99': 76.9, 'old': 80.04, 'new': 76.9, 'harmonic': 78.44}
2026-06-16 20:24:12,932 [trainer.py] => CNN top1 curve: [86.7, 83.95, 83.2, 81.96, 81.36, 79.73]
2026-06-16 20:24:12,932 [trainer.py] => CNN top5 curve: [97.98, 97.45, 96.8, 96.24, 96.28, 95.48]
2026-06-16 20:24:12,932 [trainer.py] => Average Accuracy (CNN top1): 82.81666666666668
