2026-06-18 16:15:17,562 [trainer.py] => config: ./configs/engine/engine_cub_B100_Inc20.json
2026-06-18 16:15:17,563 [trainer.py] => prefix: -
2026-06-18 16:15:17,563 [trainer.py] => dataset: cub
2026-06-18 16:15:17,563 [trainer.py] => memory_size: 0
2026-06-18 16:15:17,563 [trainer.py] => memory_per_class: 0
2026-06-18 16:15:17,563 [trainer.py] => fixed_memory: True
2026-06-18 16:15:17,563 [trainer.py] => shuffle: True
2026-06-18 16:15:17,563 [trainer.py] => init_cls: 100
2026-06-18 16:15:17,563 [trainer.py] => increment: 20
2026-06-18 16:15:17,563 [trainer.py] => model_name: engine
2026-06-18 16:15:17,563 [trainer.py] => backbone_type: clip
2026-06-18 16:15:17,563 [trainer.py] => device: [device(type='cuda', index=4)]
2026-06-18 16:15:17,563 [trainer.py] => seed: 2026
2026-06-18 16:15:17,563 [trainer.py] => projection_type: pure_mlp
2026-06-18 16:15:17,563 [trainer.py] => frozen_layers: visual
2026-06-18 16:15:17,563 [trainer.py] => tuned_epoch: 10
2026-06-18 16:15:17,563 [trainer.py] => init_lr: 0.05
2026-06-18 16:15:17,563 [trainer.py] => batch_size: 64
2026-06-18 16:15:17,563 [trainer.py] => weight_decay: 0.05
2026-06-18 16:15:17,563 [trainer.py] => min_lr: 0
2026-06-18 16:15:17,563 [trainer.py] => optimizer: sgd
2026-06-18 16:15:17,564 [trainer.py] => text_des: 2
2026-06-18 16:15:17,564 [trainer.py] => image_aug: 2
2026-06-18 16:15:17,564 [trainer.py] => rerank: 0.8
2026-06-18 16:15:17,564 [trainer.py] => stat: 0.95
2026-06-18 16:15:17,564 [trainer.py] => sample_num: 0
2026-06-18 16:15:17,564 [trainer.py] => sample_noise: 0.25
2026-06-18 16:15:17,564 [trainer.py] => rerank_top: 5
2026-06-18 16:15:17,621 [data_manager.py] => [115, 91, 15, 57, 123, 5, 193, 196, 88, 185, 191, 168, 90, 80, 106, 146, 188, 118, 44, 151, 24, 56, 42, 127, 113, 119, 197, 194, 99, 12, 65, 71, 131, 6, 46, 186, 126, 31, 117, 30, 110, 82, 102, 165, 11, 76, 53, 138, 199, 18, 163, 149, 84, 133, 170, 189, 52, 104, 45, 114, 41, 23, 160, 171, 172, 169, 177, 142, 94, 50, 128, 39, 59, 120, 107, 162, 124, 9, 74, 198, 62, 174, 166, 122, 141, 81, 10, 63, 176, 100, 136, 187, 129, 16, 72, 147, 54, 0, 98, 150, 92, 155, 4, 167, 125, 97, 153, 8, 83, 159, 85, 86, 13, 34, 173, 93, 180, 33, 21, 132, 190, 87, 121, 108, 103, 145, 37, 158, 69, 89, 2, 19, 67, 175, 51, 78, 43, 64, 66, 143, 61, 20, 144, 154, 183, 14, 140, 139, 75, 79, 22, 58, 101, 109, 32, 178, 73, 164, 55, 35, 49, 152, 137, 36, 3, 40, 70, 95, 105, 181, 157, 47, 192, 17, 60, 112, 68, 25, 38, 48, 161, 148, 111, 135, 96, 7, 27, 182, 130, 28, 179, 156, 116, 29, 195, 77, 184, 26, 134, 1]
2026-06-18 16:15:17,679 [factory.py] => Loaded ViT-B-16 model config.
2026-06-18 16:15:20,135 [factory.py] => Loading pretrained ViT-B-16 weights (/home/team/zhaohongwei/pretrained_models/open_clip_pytorch_model_laion400m_e32.bin).
2026-06-18 16:15:22,071 [factory.py] => Loaded ViT-B-16 model config.
2026-06-18 16:15:23,718 [factory.py] => Loading pretrained ViT-B-16 weights (/home/team/zhaohongwei/pretrained_models/open_clip_pytorch_model_laion400m_e32.bin).
2026-06-18 16:15:25,112 [engine.py] => Learning on 0-100
2026-06-18 16:27:22,219 [trainer.py] => CNN: {'total': 87.87, '00-09': 87.04, '10-19': 84.68, '20-29': 88.19, '30-39': 82.57, '40-49': 95.87, '50-59': 87.84, '60-69': 87.3, '70-79': 86.73, '80-89': 88.89, '90-99': 88.71, 'old': 0, 'new': 87.87, 'harmonic': 0.0}
2026-06-18 16:27:22,219 [trainer.py] => CNN top1 curve: [87.87]
2026-06-18 16:27:22,219 [trainer.py] => CNN top5 curve: [97.43]
2026-06-18 16:27:22,219 [trainer.py] => Average Accuracy (CNN top1): 87.87
2026-06-18 16:27:22,219 [engine.py] => Learning on 100-120
2026-06-18 16:33:07,264 [trainer.py] => CNN: {'total': 86.27, '00-09': 83.33, '10-19': 82.88, '20-29': 85.83, '30-39': 81.65, '40-49': 95.04, '50-59': 88.51, '60-69': 82.54, '70-79': 84.07, '80-89': 84.62, '90-99': 87.9, '100-109': 84.48, '110-119': 92.62, 'old': 85.8, 'new': 88.66, 'harmonic': 87.21}
2026-06-18 16:33:07,264 [trainer.py] => CNN top1 curve: [87.87, 86.27]
2026-06-18 16:33:07,265 [trainer.py] => CNN top5 curve: [97.43, 97.02]
2026-06-18 16:33:07,265 [trainer.py] => Average Accuracy (CNN top1): 87.07
2026-06-18 16:33:07,265 [engine.py] => Learning on 120-140
2026-06-18 16:39:43,268 [trainer.py] => CNN: {'total': 85.2, '00-09': 83.33, '10-19': 83.78, '20-29': 85.04, '30-39': 80.73, '40-49': 95.04, '50-59': 87.16, '60-69': 80.16, '70-79': 84.07, '80-89': 81.2, '90-99': 85.48, '100-109': 83.62, '110-119': 91.8, '120-129': 91.07, '130-139': 78.7, 'old': 85.23, 'new': 85.0, 'harmonic': 85.11}
2026-06-18 16:39:43,268 [trainer.py] => CNN top1 curve: [87.87, 86.27, 85.2]
2026-06-18 16:39:43,268 [trainer.py] => CNN top5 curve: [97.43, 97.02, 96.21]
2026-06-18 16:39:43,268 [trainer.py] => Average Accuracy (CNN top1): 86.44666666666666
2026-06-18 16:39:43,269 [engine.py] => Learning on 140-160
2026-06-18 16:46:51,568 [trainer.py] => CNN: {'total': 83.54, '00-09': 83.33, '10-19': 83.78, '20-29': 81.89, '30-39': 78.9, '40-49': 94.21, '50-59': 87.16, '60-69': 79.37, '70-79': 80.53, '80-89': 80.34, '90-99': 84.68, '100-109': 81.03, '110-119': 91.8, '120-129': 88.39, '130-139': 80.56, '140-149': 81.82, '150-159': 76.42, 'old': 84.12, 'new': 79.3, 'harmonic': 81.64}
2026-06-18 16:46:51,568 [trainer.py] => CNN top1 curve: [87.87, 86.27, 85.2, 83.54]
2026-06-18 16:46:51,568 [trainer.py] => CNN top5 curve: [97.43, 97.02, 96.21, 95.92]
2026-06-18 16:46:51,568 [trainer.py] => Average Accuracy (CNN top1): 85.72
2026-06-18 16:46:51,568 [engine.py] => Learning on 160-180
2026-06-18 16:54:43,478 [trainer.py] => CNN: {'total': 81.87, '00-09': 81.48, '10-19': 81.98, '20-29': 79.53, '30-39': 78.9, '40-49': 93.39, '50-59': 85.81, '60-69': 78.57, '70-79': 80.53, '80-89': 78.63, '90-99': 84.68, '100-109': 78.45, '110-119': 91.8, '120-129': 87.5, '130-139': 75.0, '140-149': 78.51, '150-159': 73.58, '160-169': 80.91, '170-179': 81.45, 'old': 81.95, 'new': 81.2, 'harmonic': 81.57}
2026-06-18 16:54:43,479 [trainer.py] => CNN top1 curve: [87.87, 86.27, 85.2, 83.54, 81.87]
2026-06-18 16:54:43,479 [trainer.py] => CNN top5 curve: [97.43, 97.02, 96.21, 95.92, 95.1]
2026-06-18 16:54:43,479 [trainer.py] => Average Accuracy (CNN top1): 84.95
2026-06-18 16:54:43,479 [engine.py] => Learning on 180-200
2026-06-18 17:03:22,311 [trainer.py] => CNN: {'total': 79.94, '00-09': 79.63, '10-19': 77.48, '20-29': 78.74, '30-39': 76.15, '40-49': 92.56, '50-59': 84.46, '60-69': 75.4, '70-79': 77.88, '80-89': 75.21, '90-99': 83.06, '100-109': 79.31, '110-119': 91.8, '120-129': 89.29, '130-139': 75.0, '140-149': 76.86, '150-159': 72.64, '160-169': 79.09, '170-179': 81.45, '180-189': 80.36, '190-199': 69.92, 'old': 80.5, 'new': 74.89, 'harmonic': 77.59}
2026-06-18 17:03:22,311 [trainer.py] => CNN top1 curve: [87.87, 86.27, 85.2, 83.54, 81.87, 79.94]
2026-06-18 17:03:22,311 [trainer.py] => CNN top5 curve: [97.43, 97.02, 96.21, 95.92, 95.1, 94.15]
2026-06-18 17:03:22,311 [trainer.py] => Average Accuracy (CNN top1): 84.115
