2026-06-18 13:52:03,775 [trainer.py] => config: ./configs/engine/engine_cub_B100_Inc20.json
2026-06-18 13:52:03,776 [trainer.py] => prefix: -
2026-06-18 13:52:03,776 [trainer.py] => dataset: cub
2026-06-18 13:52:03,776 [trainer.py] => memory_size: 0
2026-06-18 13:52:03,776 [trainer.py] => memory_per_class: 0
2026-06-18 13:52:03,776 [trainer.py] => fixed_memory: True
2026-06-18 13:52:03,776 [trainer.py] => shuffle: True
2026-06-18 13:52:03,776 [trainer.py] => init_cls: 100
2026-06-18 13:52:03,776 [trainer.py] => increment: 20
2026-06-18 13:52:03,776 [trainer.py] => model_name: engine
2026-06-18 13:52:03,776 [trainer.py] => backbone_type: clip
2026-06-18 13:52:03,776 [trainer.py] => device: [device(type='cuda', index=4)]
2026-06-18 13:52:03,776 [trainer.py] => seed: 0
2026-06-18 13:52:03,776 [trainer.py] => projection_type: pure_mlp
2026-06-18 13:52:03,776 [trainer.py] => frozen_layers: visual
2026-06-18 13:52:03,776 [trainer.py] => tuned_epoch: 10
2026-06-18 13:52:03,776 [trainer.py] => init_lr: 0.05
2026-06-18 13:52:03,776 [trainer.py] => batch_size: 64
2026-06-18 13:52:03,776 [trainer.py] => weight_decay: 0.05
2026-06-18 13:52:03,776 [trainer.py] => min_lr: 0
2026-06-18 13:52:03,777 [trainer.py] => optimizer: sgd
2026-06-18 13:52:03,777 [trainer.py] => text_des: 2
2026-06-18 13:52:03,777 [trainer.py] => image_aug: 2
2026-06-18 13:52:03,777 [trainer.py] => rerank: 0.8
2026-06-18 13:52:03,777 [trainer.py] => stat: 0.95
2026-06-18 13:52:03,777 [trainer.py] => sample_num: 0
2026-06-18 13:52:03,777 [trainer.py] => sample_noise: 0.25
2026-06-18 13:52:03,777 [trainer.py] => rerank_top: 5
2026-06-18 13:52:03,953 [data_manager.py] => [18, 170, 107, 98, 177, 182, 5, 146, 12, 152, 61, 125, 180, 154, 80, 7, 33, 130, 37, 74, 183, 145, 45, 159, 60, 123, 179, 185, 122, 44, 16, 55, 150, 111, 22, 189, 129, 4, 83, 106, 134, 66, 26, 113, 168, 63, 8, 75, 118, 143, 71, 124, 184, 97, 149, 24, 30, 160, 40, 56, 131, 96, 181, 19, 153, 92, 54, 163, 51, 86, 139, 90, 137, 101, 144, 89, 109, 14, 27, 141, 187, 46, 138, 195, 108, 62, 2, 59, 136, 197, 43, 10, 194, 73, 196, 178, 175, 126, 93, 112, 158, 191, 50, 0, 94, 110, 95, 64, 167, 41, 69, 49, 48, 85, 13, 161, 23, 186, 135, 20, 15, 78, 104, 52, 100, 76, 3, 116, 164, 198, 6, 68, 84, 121, 155, 171, 156, 91, 199, 11, 119, 102, 35, 57, 65, 1, 120, 162, 42, 105, 132, 173, 17, 38, 133, 53, 157, 128, 34, 28, 114, 151, 31, 166, 127, 176, 32, 142, 169, 147, 29, 99, 82, 79, 115, 148, 193, 72, 77, 25, 165, 81, 188, 174, 190, 39, 58, 140, 88, 70, 87, 36, 21, 9, 103, 67, 192, 117, 47, 172]
2026-06-18 13:52:05,545 [instantiator.py] => Created a temporary directory at /tmp/tmp6klw7hlw
2026-06-18 13:52:05,545 [instantiator.py] => Writing /tmp/tmp6klw7hlw/_remote_module_non_scriptable.py
2026-06-18 13:52:05,742 [factory.py] => Loaded ViT-B-16 model config.
2026-06-18 13:52:07,833 [factory.py] => Loading pretrained ViT-B-16 weights (/home/team/zhaohongwei/pretrained_models/open_clip_pytorch_model_laion400m_e32.bin).
2026-06-18 13:52:08,979 [factory.py] => Loaded ViT-B-16 model config.
2026-06-18 13:52:11,352 [factory.py] => Loading pretrained ViT-B-16 weights (/home/team/zhaohongwei/pretrained_models/open_clip_pytorch_model_laion400m_e32.bin).
2026-06-18 13:52:12,592 [engine.py] => Learning on 0-100
2026-06-18 14:04:19,797 [trainer.py] => CNN: {'total': 87.5, '00-09': 84.96, '10-19': 86.32, '20-29': 84.17, '30-39': 88.66, '40-49': 82.68, '50-59': 86.9, '60-69': 93.16, '70-79': 91.45, '80-89': 89.74, '90-99': 87.74, 'old': 0, 'new': 87.5, 'harmonic': 0.0}
2026-06-18 14:04:19,797 [trainer.py] => CNN top1 curve: [87.5]
2026-06-18 14:04:19,797 [trainer.py] => CNN top5 curve: [97.79]
2026-06-18 14:04:19,797 [trainer.py] => Average Accuracy (CNN top1): 87.5
2026-06-18 14:04:19,797 [engine.py] => Learning on 100-120
2026-06-18 14:10:02,194 [trainer.py] => CNN: {'total': 85.89, '00-09': 85.84, '10-19': 84.62, '20-29': 84.17, '30-39': 84.54, '40-49': 81.1, '50-59': 82.76, '60-69': 88.89, '70-79': 88.03, '80-89': 88.03, '90-99': 86.79, '100-109': 87.61, '110-119': 89.47, 'old': 85.37, 'new': 88.55, 'harmonic': 86.93}
2026-06-18 14:10:02,195 [trainer.py] => CNN top1 curve: [87.5, 85.89]
2026-06-18 14:10:02,195 [trainer.py] => CNN top5 curve: [97.79, 97.65]
2026-06-18 14:10:02,195 [trainer.py] => Average Accuracy (CNN top1): 86.695
2026-06-18 14:10:02,195 [engine.py] => Learning on 120-140
2026-06-18 14:16:34,552 [trainer.py] => CNN: {'total': 85.58, '00-09': 82.3, '10-19': 84.62, '20-29': 83.33, '30-39': 85.57, '40-49': 77.95, '50-59': 81.38, '60-69': 87.18, '70-79': 89.74, '80-89': 87.18, '90-99': 86.79, '100-109': 86.73, '110-119': 87.72, '120-129': 89.84, '130-139': 89.17, 'old': 84.89, 'new': 89.52, 'harmonic': 87.14}
2026-06-18 14:16:34,552 [trainer.py] => CNN top1 curve: [87.5, 85.89, 85.58]
2026-06-18 14:16:34,552 [trainer.py] => CNN top5 curve: [97.79, 97.65, 97.33]
2026-06-18 14:16:34,552 [trainer.py] => Average Accuracy (CNN top1): 86.32333333333332
2026-06-18 14:16:34,552 [engine.py] => Learning on 140-160
2026-06-18 14:23:40,073 [trainer.py] => CNN: {'total': 84.06, '00-09': 80.53, '10-19': 78.63, '20-29': 80.83, '30-39': 81.44, '40-49': 77.17, '50-59': 82.76, '60-69': 88.89, '70-79': 89.74, '80-89': 86.32, '90-99': 84.91, '100-109': 84.96, '110-119': 87.72, '120-129': 89.84, '130-139': 88.33, '140-149': 76.92, '150-159': 85.04, 'old': 84.43, 'new': 81.39, 'harmonic': 82.88}
2026-06-18 14:23:40,073 [trainer.py] => CNN top1 curve: [87.5, 85.89, 85.58, 84.06]
2026-06-18 14:23:40,073 [trainer.py] => CNN top5 curve: [97.79, 97.65, 97.33, 96.33]
2026-06-18 14:23:40,074 [trainer.py] => Average Accuracy (CNN top1): 85.7575
2026-06-18 14:23:40,074 [engine.py] => Learning on 160-180
2026-06-18 14:31:24,327 [trainer.py] => CNN: {'total': 82.08, '00-09': 79.65, '10-19': 79.49, '20-29': 80.83, '30-39': 76.29, '40-49': 75.59, '50-59': 79.31, '60-69': 87.18, '70-79': 85.47, '80-89': 86.32, '90-99': 84.91, '100-109': 84.07, '110-119': 88.6, '120-129': 89.06, '130-139': 88.33, '140-149': 74.04, '150-159': 85.04, '160-169': 69.35, '170-179': 83.48, 'old': 82.84, 'new': 76.15, 'harmonic': 79.35}
2026-06-18 14:31:24,327 [trainer.py] => CNN top1 curve: [87.5, 85.89, 85.58, 84.06, 82.08]
2026-06-18 14:31:24,327 [trainer.py] => CNN top5 curve: [97.79, 97.65, 97.33, 96.33, 95.1]
2026-06-18 14:31:24,328 [trainer.py] => Average Accuracy (CNN top1): 85.02199999999999
2026-06-18 14:31:24,328 [engine.py] => Learning on 180-200
2026-06-18 14:40:01,626 [trainer.py] => CNN: {'total': 79.64, '00-09': 79.65, '10-19': 78.63, '20-29': 80.83, '30-39': 72.16, '40-49': 70.08, '50-59': 78.62, '60-69': 88.03, '70-79': 86.32, '80-89': 85.47, '90-99': 77.36, '100-109': 84.07, '110-119': 88.6, '120-129': 84.38, '130-139': 83.33, '140-149': 69.23, '150-159': 80.31, '160-169': 69.35, '170-179': 83.48, '180-189': 75.0, '190-199': 76.8, 'old': 80.06, 'new': 75.95, 'harmonic': 77.95}
2026-06-18 14:40:01,626 [trainer.py] => CNN top1 curve: [87.5, 85.89, 85.58, 84.06, 82.08, 79.64]
2026-06-18 14:40:01,626 [trainer.py] => CNN top5 curve: [97.79, 97.65, 97.33, 96.33, 95.1, 94.49]
2026-06-18 14:40:01,626 [trainer.py] => Average Accuracy (CNN top1): 84.12499999999999
