2026-07-12 11:28:02,459 [trainer.py] => config: ./configs/engine/engine_food_B50_Inc10.json
2026-07-12 11:28:02,460 [trainer.py] => prefix: -
2026-07-12 11:28:02,460 [trainer.py] => dataset: food101
2026-07-12 11:28:02,460 [trainer.py] => shuffle: True
2026-07-12 11:28:02,460 [trainer.py] => init_cls: 50
2026-07-12 11:28:02,460 [trainer.py] => increment: 10
2026-07-12 11:28:02,460 [trainer.py] => model_name: engine
2026-07-12 11:28:02,460 [trainer.py] => backbone_type: clip
2026-07-12 11:28:02,460 [trainer.py] => device: [device(type='cuda', index=5)]
2026-07-12 11:28:02,460 [trainer.py] => seed: 0
2026-07-12 11:28:02,460 [trainer.py] => projection_type: pure_mlp
2026-07-12 11:28:02,460 [trainer.py] => frozen_layers: visual
2026-07-12 11:28:02,460 [trainer.py] => tuned_epoch: 10
2026-07-12 11:28:02,460 [trainer.py] => init_lr: 0.05
2026-07-12 11:28:02,460 [trainer.py] => batch_size: 64
2026-07-12 11:28:02,460 [trainer.py] => weight_decay: 0.05
2026-07-12 11:28:02,460 [trainer.py] => min_lr: 0
2026-07-12 11:28:02,460 [trainer.py] => optimizer: sgd
2026-07-12 11:28:02,460 [trainer.py] => text_des: 2
2026-07-12 11:28:02,460 [trainer.py] => image_aug: 2
2026-07-12 11:28:02,460 [trainer.py] => rerank: 0.8
2026-07-12 11:28:02,460 [trainer.py] => stat: 0.8
2026-07-12 11:28:02,460 [trainer.py] => sample_num: 0
2026-07-12 11:28:02,460 [trainer.py] => sample_noise: 0.25
2026-07-12 11:28:02,460 [trainer.py] => rerank_top: 5
2026-07-12 11:28:02,794 [data_manager.py] => [26, 86, 2, 55, 75, 93, 16, 73, 54, 95, 53, 92, 78, 13, 7, 30, 22, 24, 33, 8, 43, 62, 3, 71, 45, 48, 6, 99, 82, 76, 60, 80, 90, 68, 51, 27, 18, 56, 63, 74, 1, 61, 42, 41, 4, 15, 17, 40, 38, 5, 91, 59, 0, 34, 28, 50, 11, 35, 23, 52, 10, 31, 66, 57, 79, 85, 32, 84, 14, 89, 19, 29, 49, 97, 98, 69, 20, 94, 72, 77, 25, 37, 81, 46, 39, 65, 58, 12, 88, 70, 87, 36, 21, 83, 9, 96, 67, 64, 47, 44]
2026-07-12 11:28:05,223 [instantiator.py] => Created a temporary directory at /tmp/tmpy2cehp0c
2026-07-12 11:28:05,224 [instantiator.py] => Writing /tmp/tmpy2cehp0c/_remote_module_non_scriptable.py
2026-07-12 11:28:05,471 [factory.py] => Loaded ViT-B-16 model config.
2026-07-12 11:28:07,014 [factory.py] => Loading pretrained ViT-B-16 weights (/home/team/zhaohongwei/pretrained_models/open_clip_pytorch_model_laion400m_e32.bin).
2026-07-12 11:28:07,598 [factory.py] => Loaded ViT-B-16 model config.
2026-07-12 11:28:09,005 [factory.py] => Loading pretrained ViT-B-16 weights (/home/team/zhaohongwei/pretrained_models/open_clip_pytorch_model_laion400m_e32.bin).
2026-07-12 11:28:09,713 [engine.py] => Learning on 0-50
2026-07-12 13:13:01,841 [trainer.py] => CNN: {'total': 90.41, '00-09': 91.67, '10-19': 91.24, '20-29': 88.64, '30-39': 92.36, '40-49': 88.19, 'old': 0, 'new': 90.41, 'harmonic': 0.0}
2026-07-12 13:13:01,841 [trainer.py] => CNN top1 curve: [90.41]
2026-07-12 13:13:01,841 [trainer.py] => CNN top5 curve: [98.42]
2026-07-12 13:13:01,841 [trainer.py] => Average Accuracy (CNN top1): 90.41
2026-07-12 13:13:01,841 [engine.py] => Learning on 50-60
2026-07-12 13:45:54,760 [trainer.py] => CNN: {'total': 89.05, '00-09': 90.72, '10-19': 90.02, '20-29': 86.32, '30-39': 89.97, '40-49': 86.8, '50-59': 90.59, 'old': 88.75, 'new': 90.59, 'harmonic': 89.66}
2026-07-12 13:45:54,761 [trainer.py] => CNN top1 curve: [90.41, 89.05]
2026-07-12 13:45:54,761 [trainer.py] => CNN top5 curve: [98.42, 97.96]
2026-07-12 13:45:54,761 [trainer.py] => Average Accuracy (CNN top1): 89.72999999999999
2026-07-12 13:45:54,761 [engine.py] => Learning on 60-70
2026-07-12 14:22:13,864 [trainer.py] => CNN: {'total': 87.47, '00-09': 89.86, '10-19': 89.06, '20-29': 85.11, '30-39': 88.11, '40-49': 85.65, '50-59': 86.41, '60-69': 88.16, 'old': 87.35, 'new': 88.16, 'harmonic': 87.75}
2026-07-12 14:22:13,865 [trainer.py] => CNN top1 curve: [90.41, 89.05, 87.47]
2026-07-12 14:22:13,865 [trainer.py] => CNN top5 curve: [98.42, 97.96, 97.43]
2026-07-12 14:22:13,865 [trainer.py] => Average Accuracy (CNN top1): 88.97666666666665
2026-07-12 14:22:13,865 [engine.py] => Learning on 70-80
2026-07-12 15:02:29,225 [trainer.py] => CNN: {'total': 86.5, '00-09': 88.36, '10-19': 88.55, '20-29': 84.82, '30-39': 87.71, '40-49': 83.86, '50-59': 84.9, '60-69': 85.01, '70-79': 88.95, 'old': 86.17, 'new': 88.95, 'harmonic': 87.54}
2026-07-12 15:02:29,226 [trainer.py] => CNN top1 curve: [90.41, 89.05, 87.47, 86.5]
2026-07-12 15:02:29,226 [trainer.py] => CNN top5 curve: [98.42, 97.96, 97.43, 97.05]
2026-07-12 15:02:29,226 [trainer.py] => Average Accuracy (CNN top1): 88.35749999999999
2026-07-12 15:02:29,226 [engine.py] => Learning on 80-90
2026-07-12 15:46:12,299 [trainer.py] => CNN: {'total': 85.26, '00-09': 84.75, '10-19': 87.08, '20-29': 82.74, '30-39': 87.22, '40-49': 83.16, '50-59': 84.75, '60-69': 83.15, '70-79': 85.85, '80-89': 88.71, 'old': 84.83, 'new': 88.71, 'harmonic': 86.73}
2026-07-12 15:46:12,299 [trainer.py] => CNN top1 curve: [90.41, 89.05, 87.47, 86.5, 85.26]
2026-07-12 15:46:12,299 [trainer.py] => CNN top5 curve: [98.42, 97.96, 97.43, 97.05, 96.56]
2026-07-12 15:46:12,299 [trainer.py] => Average Accuracy (CNN top1): 87.73799999999999
2026-07-12 15:46:12,299 [engine.py] => Learning on 90-100
2026-07-12 16:33:35,658 [trainer.py] => CNN: {'total': 84.09, '00-09': 84.75, '10-19': 86.63, '20-29': 81.82, '30-39': 85.85, '40-49': 82.66, '50-59': 83.9, '60-69': 82.45, '70-79': 83.74, '80-89': 86.44, '90-99': 82.83, 'old': 84.24, 'new': 82.83, 'harmonic': 83.53}
2026-07-12 16:33:35,658 [trainer.py] => CNN top1 curve: [90.41, 89.05, 87.47, 86.5, 85.26, 84.09]
2026-07-12 16:33:35,658 [trainer.py] => CNN top5 curve: [98.42, 97.96, 97.43, 97.05, 96.56, 96.23]
2026-07-12 16:33:35,658 [trainer.py] => Average Accuracy (CNN top1): 87.13
