2026-06-22 04:00:19,361 [trainer.py] => config: ./configs/engine/engine_food_B0_Inc10.json
2026-06-22 04:00:19,361 [trainer.py] => prefix: -
2026-06-22 04:00:19,362 [trainer.py] => dataset: food101
2026-06-22 04:00:19,362 [trainer.py] => shuffle: True
2026-06-22 04:00:19,362 [trainer.py] => init_cls: 10
2026-06-22 04:00:19,362 [trainer.py] => increment: 10
2026-06-22 04:00:19,362 [trainer.py] => model_name: engine
2026-06-22 04:00:19,362 [trainer.py] => backbone_type: clip
2026-06-22 04:00:19,362 [trainer.py] => device: [device(type='cuda', index=4)]
2026-06-22 04:00:19,362 [trainer.py] => seed: 2026
2026-06-22 04:00:19,362 [trainer.py] => projection_type: pure_mlp
2026-06-22 04:00:19,362 [trainer.py] => frozen_layers: visual
2026-06-22 04:00:19,362 [trainer.py] => tuned_epoch: 10
2026-06-22 04:00:19,362 [trainer.py] => init_lr: 0.05
2026-06-22 04:00:19,362 [trainer.py] => batch_size: 64
2026-06-22 04:00:19,362 [trainer.py] => weight_decay: 0.05
2026-06-22 04:00:19,362 [trainer.py] => min_lr: 0
2026-06-22 04:00:19,362 [trainer.py] => optimizer: sgd
2026-06-22 04:00:19,363 [trainer.py] => text_des: 2
2026-06-22 04:00:19,363 [trainer.py] => image_aug: 2
2026-06-22 04:00:19,363 [trainer.py] => rerank: 0.8
2026-06-22 04:00:19,363 [trainer.py] => stat: 0.8
2026-06-22 04:00:19,363 [trainer.py] => sample_num: 0
2026-06-22 04:00:19,363 [trainer.py] => sample_noise: 0.25
2026-06-22 04:00:19,363 [trainer.py] => rerank_top: 5
2026-06-22 04:00:19,676 [data_manager.py] => [98, 10, 4, 18, 88, 13, 8, 84, 79, 21, 85, 96, 53, 42, 52, 97, 74, 5, 58, 23, 90, 59, 16, 72, 75, 30, 43, 99, 44, 41, 0, 46, 61, 80, 65, 39, 70, 87, 89, 91, 82, 14, 12, 71, 50, 11, 15, 57, 22, 67, 45, 32, 78, 63, 66, 55, 31, 62, 35, 34, 19, 49, 24, 9, 37, 36, 3, 64, 40, 86, 81, 93, 47, 73, 17, 60, 68, 25, 38, 48, 33, 20, 83, 7, 27, 94, 54, 2, 92, 76, 69, 51, 28, 29, 95, 77, 56, 26, 6, 1]
2026-06-22 04:00:19,881 [factory.py] => Loaded ViT-B-16 model config.
2026-06-22 04:00:21,803 [factory.py] => Loading pretrained ViT-B-16 weights (/home/team/zhaohongwei/pretrained_models/open_clip_pytorch_model_laion400m_e32.bin).
2026-06-22 04:00:23,421 [factory.py] => Loaded ViT-B-16 model config.
2026-06-22 04:00:25,182 [factory.py] => Loading pretrained ViT-B-16 weights (/home/team/zhaohongwei/pretrained_models/open_clip_pytorch_model_laion400m_e32.bin).
2026-06-22 04:00:26,677 [engine.py] => Learning on 0-10
2026-06-22 04:19:01,693 [trainer.py] => CNN: {'total': 95.47, '00-09': 95.47, 'old': 0, 'new': 95.47, 'harmonic': 0.0}
2026-06-22 04:19:01,694 [trainer.py] => CNN top1 curve: [95.47]
2026-06-22 04:19:01,694 [trainer.py] => CNN top5 curve: [99.85]
2026-06-22 04:19:01,694 [trainer.py] => Average Accuracy (CNN top1): 95.47
2026-06-22 04:19:01,694 [engine.py] => Learning on 10-20
2026-06-22 04:42:35,481 [trainer.py] => CNN: {'total': 94.09, '00-09': 92.75, '10-19': 95.36, 'old': 92.75, 'new': 95.36, 'harmonic': 94.04}
2026-06-22 04:42:35,481 [trainer.py] => CNN top1 curve: [95.47, 94.09]
2026-06-22 04:42:35,481 [trainer.py] => CNN top5 curve: [99.85, 99.39]
2026-06-22 04:42:35,482 [trainer.py] => Average Accuracy (CNN top1): 94.78
2026-06-22 04:42:35,482 [engine.py] => Learning on 20-30
2026-06-22 05:11:28,803 [trainer.py] => CNN: {'total': 92.08, '00-09': 89.58, '10-19': 93.44, '20-29': 93.17, 'old': 91.56, 'new': 93.17, 'harmonic': 92.36}
2026-06-22 05:11:28,804 [trainer.py] => CNN top1 curve: [95.47, 94.09, 92.08]
2026-06-22 05:11:28,804 [trainer.py] => CNN top5 curve: [99.85, 99.39, 98.91]
2026-06-22 05:11:28,804 [trainer.py] => Average Accuracy (CNN top1): 93.88
2026-06-22 05:11:28,804 [engine.py] => Learning on 30-40
2026-06-22 05:45:14,411 [trainer.py] => CNN: {'total': 90.4, '00-09': 87.56, '10-19': 91.86, '20-29': 90.47, '30-39': 91.62, 'old': 90.0, 'new': 91.62, 'harmonic': 90.8}
2026-06-22 05:45:14,411 [trainer.py] => CNN top1 curve: [95.47, 94.09, 92.08, 90.4]
2026-06-22 05:45:14,411 [trainer.py] => CNN top5 curve: [99.85, 99.39, 98.91, 98.53]
2026-06-22 05:45:14,411 [trainer.py] => Average Accuracy (CNN top1): 93.00999999999999
2026-06-22 05:45:14,411 [engine.py] => Learning on 40-50
2026-06-22 06:23:59,547 [trainer.py] => CNN: {'total': 87.9, '00-09': 84.99, '10-19': 90.09, '20-29': 88.48, '30-39': 88.6, '40-49': 87.21, 'old': 88.07, 'new': 87.21, 'harmonic': 87.64}
2026-06-22 06:23:59,547 [trainer.py] => CNN top1 curve: [95.47, 94.09, 92.08, 90.4, 87.9]
2026-06-22 06:23:59,547 [trainer.py] => CNN top5 curve: [99.85, 99.39, 98.91, 98.53, 97.81]
2026-06-22 06:23:59,547 [trainer.py] => Average Accuracy (CNN top1): 91.98799999999999
2026-06-22 06:23:59,547 [engine.py] => Learning on 50-60
2026-06-22 07:07:37,600 [trainer.py] => CNN: {'total': 87.13, '00-09': 84.64, '10-19': 88.37, '20-29': 88.18, '30-39': 88.2, '40-49': 83.3, '50-59': 89.99, 'old': 86.55, 'new': 89.99, 'harmonic': 88.24}
2026-06-22 07:07:37,600 [trainer.py] => CNN top1 curve: [95.47, 94.09, 92.08, 90.4, 87.9, 87.13]
2026-06-22 07:07:37,600 [trainer.py] => CNN top5 curve: [99.85, 99.39, 98.91, 98.53, 97.81, 97.32]
2026-06-22 07:07:37,600 [trainer.py] => Average Accuracy (CNN top1): 91.17833333333333
2026-06-22 07:07:37,600 [engine.py] => Learning on 60-70
2026-06-22 07:56:26,752 [trainer.py] => CNN: {'total': 86.28, '00-09': 82.98, '10-19': 87.31, '20-29': 87.77, '30-39': 86.66, '40-49': 81.64, '50-59': 88.07, '60-69': 89.5, 'old': 85.76, 'new': 89.5, 'harmonic': 87.59}
2026-06-22 07:56:26,753 [trainer.py] => CNN top1 curve: [95.47, 94.09, 92.08, 90.4, 87.9, 87.13, 86.28]
2026-06-22 07:56:26,753 [trainer.py] => CNN top5 curve: [99.85, 99.39, 98.91, 98.53, 97.81, 97.32, 96.9]
2026-06-22 07:56:26,753 [trainer.py] => Average Accuracy (CNN top1): 90.47857142857141
2026-06-22 07:56:26,753 [engine.py] => Learning on 70-80
2026-06-22 08:50:19,046 [trainer.py] => CNN: {'total': 84.56, '00-09': 81.27, '10-19': 86.12, '20-29': 86.14, '30-39': 85.57, '40-49': 79.99, '50-59': 87.48, '60-69': 85.29, '70-79': 84.52, 'old': 84.57, 'new': 84.52, 'harmonic': 84.54}
2026-06-22 08:50:19,047 [trainer.py] => CNN top1 curve: [95.47, 94.09, 92.08, 90.4, 87.9, 87.13, 86.28, 84.56]
2026-06-22 08:50:19,047 [trainer.py] => CNN top5 curve: [99.85, 99.39, 98.91, 98.53, 97.81, 97.32, 96.9, 96.41]
2026-06-22 08:50:19,047 [trainer.py] => Average Accuracy (CNN top1): 89.73874999999998
2026-06-22 08:50:19,047 [engine.py] => Learning on 80-90
2026-06-22 09:49:28,879 [trainer.py] => CNN: {'total': 84.87, '00-09': 80.87, '10-19': 85.88, '20-29': 85.52, '30-39': 85.92, '40-49': 79.44, '50-59': 87.58, '60-69': 85.04, '70-79': 82.89, '80-89': 90.73, 'old': 84.16, 'new': 90.73, 'harmonic': 87.32}
2026-06-22 09:49:28,879 [trainer.py] => CNN top1 curve: [95.47, 94.09, 92.08, 90.4, 87.9, 87.13, 86.28, 84.56, 84.87]
2026-06-22 09:49:28,880 [trainer.py] => CNN top5 curve: [99.85, 99.39, 98.91, 98.53, 97.81, 97.32, 96.9, 96.41, 96.08]
2026-06-22 09:49:28,880 [trainer.py] => Average Accuracy (CNN top1): 89.19777777777776
2026-06-22 09:49:28,880 [engine.py] => Learning on 90-100
2026-06-22 10:54:15,389 [trainer.py] => CNN: {'total': 83.97, '00-09': 79.81, '10-19': 84.39, '20-29': 85.27, '30-39': 84.63, '40-49': 78.18, '50-59': 86.35, '60-69': 83.11, '70-79': 81.45, '80-89': 89.09, '90-99': 87.51, 'old': 83.58, 'new': 87.51, 'harmonic': 85.5}
2026-06-22 10:54:15,389 [trainer.py] => CNN top1 curve: [95.47, 94.09, 92.08, 90.4, 87.9, 87.13, 86.28, 84.56, 84.87, 83.97]
2026-06-22 10:54:15,389 [trainer.py] => CNN top5 curve: [99.85, 99.39, 98.91, 98.53, 97.81, 97.32, 96.9, 96.41, 96.08, 95.98]
2026-06-22 10:54:15,389 [trainer.py] => Average Accuracy (CNN top1): 88.67499999999998
