2026-06-18 06:03:13,596 [trainer.py] => config: ./configs/engine/engine_inr_B100_Inc20.json
2026-06-18 06:03:13,597 [trainer.py] => prefix: -
2026-06-18 06:03:13,597 [trainer.py] => dataset: imagenetr
2026-06-18 06:03:13,597 [trainer.py] => shuffle: True
2026-06-18 06:03:13,597 [trainer.py] => init_cls: 100
2026-06-18 06:03:13,597 [trainer.py] => increment: 20
2026-06-18 06:03:13,597 [trainer.py] => model_name: engine
2026-06-18 06:03:13,597 [trainer.py] => backbone_type: clip
2026-06-18 06:03:13,597 [trainer.py] => device: [device(type='cuda', index=4)]
2026-06-18 06:03:13,597 [trainer.py] => seed: 2026
2026-06-18 06:03:13,597 [trainer.py] => projection_type: pure_mlp
2026-06-18 06:03:13,597 [trainer.py] => frozen_layers: visual
2026-06-18 06:03:13,597 [trainer.py] => tuned_epoch: 10
2026-06-18 06:03:13,597 [trainer.py] => init_lr: 0.05
2026-06-18 06:03:13,597 [trainer.py] => batch_size: 64
2026-06-18 06:03:13,597 [trainer.py] => weight_decay: 0.05
2026-06-18 06:03:13,597 [trainer.py] => min_lr: 0
2026-06-18 06:03:13,597 [trainer.py] => optimizer: sgd
2026-06-18 06:03:13,597 [trainer.py] => text_des: 2
2026-06-18 06:03:13,597 [trainer.py] => image_aug: 2
2026-06-18 06:03:13,597 [trainer.py] => rerank: 0.8
2026-06-18 06:03:13,597 [trainer.py] => stat: 0.8
2026-06-18 06:03:13,597 [trainer.py] => sample_num: 0
2026-06-18 06:03:13,597 [trainer.py] => sample_noise: 0.25
2026-06-18 06:03:13,597 [trainer.py] => rerank_top: 5
2026-06-18 06:03:13,684 [data_manager.py] => [115, 91, 15, 57, 123, 5, 193, 196, 88, 185, 191, 168, 90, 80, 106, 146, 188, 118, 44, 151, 24, 56, 42, 127, 113, 119, 197, 194, 99, 12, 65, 71, 131, 6, 46, 186, 126, 31, 117, 30, 110, 82, 102, 165, 11, 76, 53, 138, 199, 18, 163, 149, 84, 133, 170, 189, 52, 104, 45, 114, 41, 23, 160, 171, 172, 169, 177, 142, 94, 50, 128, 39, 59, 120, 107, 162, 124, 9, 74, 198, 62, 174, 166, 122, 141, 81, 10, 63, 176, 100, 136, 187, 129, 16, 72, 147, 54, 0, 98, 150, 92, 155, 4, 167, 125, 97, 153, 8, 83, 159, 85, 86, 13, 34, 173, 93, 180, 33, 21, 132, 190, 87, 121, 108, 103, 145, 37, 158, 69, 89, 2, 19, 67, 175, 51, 78, 43, 64, 66, 143, 61, 20, 144, 154, 183, 14, 140, 139, 75, 79, 22, 58, 101, 109, 32, 178, 73, 164, 55, 35, 49, 152, 137, 36, 3, 40, 70, 95, 105, 181, 157, 47, 192, 17, 60, 112, 68, 25, 38, 48, 161, 148, 111, 135, 96, 7, 27, 182, 130, 28, 179, 156, 116, 29, 195, 77, 184, 26, 134, 1]
2026-06-18 06:03:13,791 [factory.py] => Loaded ViT-B-16 model config.
2026-06-18 06:03:15,450 [factory.py] => Loading pretrained ViT-B-16 weights (/home/team/zhaohongwei/pretrained_models/open_clip_pytorch_model_laion400m_e32.bin).
2026-06-18 06:03:16,205 [factory.py] => Loaded ViT-B-16 model config.
2026-06-18 06:03:17,763 [factory.py] => Loading pretrained ViT-B-16 weights (/home/team/zhaohongwei/pretrained_models/open_clip_pytorch_model_laion400m_e32.bin).
2026-06-18 06:03:19,256 [engine.py] => Learning on 0-100
2026-06-18 06:34:05,014 [trainer.py] => CNN: {'total': 86.96, '00-09': 85.86, '10-19': 88.22, '20-29': 80.17, '30-39': 88.59, '40-49': 87.4, '50-59': 87.35, '60-69': 87.67, '70-79': 85.47, '80-89': 85.55, '90-99': 91.96, 'old': 0, 'new': 86.96, 'harmonic': 0.0}
2026-06-18 06:34:05,015 [trainer.py] => CNN top1 curve: [86.96]
2026-06-18 06:34:05,015 [trainer.py] => CNN top5 curve: [96.27]
2026-06-18 06:34:05,015 [trainer.py] => Average Accuracy (CNN top1): 86.96
2026-06-18 06:34:05,016 [engine.py] => Learning on 100-120
2026-06-18 06:49:32,669 [trainer.py] => CNN: {'total': 84.56, '00-09': 84.21, '10-19': 85.67, '20-29': 79.34, '30-39': 86.14, '40-49': 85.3, '50-59': 84.19, '60-69': 84.33, '70-79': 80.74, '80-89': 82.3, '90-99': 91.26, '100-109': 82.46, '110-119': 87.29, 'old': 84.46, 'new': 84.98, 'harmonic': 84.72}
2026-06-18 06:49:32,669 [trainer.py] => CNN top1 curve: [86.96, 84.56]
2026-06-18 06:49:32,669 [trainer.py] => CNN top5 curve: [96.27, 95.24]
2026-06-18 06:49:32,669 [trainer.py] => Average Accuracy (CNN top1): 85.75999999999999
2026-06-18 06:49:32,669 [engine.py] => Learning on 120-140
2026-06-18 07:05:20,349 [trainer.py] => CNN: {'total': 83.73, '00-09': 84.54, '10-19': 83.44, '20-29': 78.1, '30-39': 84.51, '40-49': 84.25, '50-59': 82.21, '60-69': 83.33, '70-79': 81.42, '80-89': 82.01, '90-99': 89.16, '100-109': 79.69, '110-119': 85.31, '120-129': 87.27, '130-139': 87.44, 'old': 83.28, 'new': 87.34, 'harmonic': 85.26}
2026-06-18 07:05:20,350 [trainer.py] => CNN top1 curve: [86.96, 84.56, 83.73]
2026-06-18 07:05:20,350 [trainer.py] => CNN top5 curve: [96.27, 95.24, 95.25]
2026-06-18 07:05:20,350 [trainer.py] => Average Accuracy (CNN top1): 85.08333333333333
2026-06-18 07:05:20,350 [engine.py] => Learning on 140-160
2026-06-18 07:23:07,862 [trainer.py] => CNN: {'total': 82.63, '00-09': 80.59, '10-19': 81.53, '20-29': 75.62, '30-39': 85.33, '40-49': 85.04, '50-59': 81.42, '60-69': 83.0, '70-79': 80.41, '80-89': 81.12, '90-99': 85.31, '100-109': 79.38, '110-119': 83.33, '120-129': 84.64, '130-139': 84.54, '140-149': 86.82, '150-159': 82.64, 'old': 82.34, 'new': 84.85, 'harmonic': 83.58}
2026-06-18 07:23:07,862 [trainer.py] => CNN top1 curve: [86.96, 84.56, 83.73, 82.63]
2026-06-18 07:23:07,862 [trainer.py] => CNN top5 curve: [96.27, 95.24, 95.25, 94.5]
2026-06-18 07:23:07,863 [trainer.py] => Average Accuracy (CNN top1): 84.47
2026-06-18 07:23:07,863 [engine.py] => Learning on 160-180
2026-06-18 07:41:27,812 [trainer.py] => CNN: {'total': 81.41, '00-09': 80.59, '10-19': 81.53, '20-29': 76.86, '30-39': 86.14, '40-49': 84.25, '50-59': 81.03, '60-69': 81.67, '70-79': 78.72, '80-89': 77.88, '90-99': 84.62, '100-109': 78.77, '110-119': 81.92, '120-129': 84.27, '130-139': 80.19, '140-149': 85.47, '150-159': 80.75, '160-169': 77.78, '170-179': 80.52, 'old': 81.68, 'new': 79.0, 'harmonic': 80.32}
2026-06-18 07:41:27,812 [trainer.py] => CNN top1 curve: [86.96, 84.56, 83.73, 82.63, 81.41]
2026-06-18 07:41:27,812 [trainer.py] => CNN top5 curve: [96.27, 95.24, 95.25, 94.5, 94.04]
2026-06-18 07:41:27,812 [trainer.py] => Average Accuracy (CNN top1): 83.85799999999999
2026-06-18 07:41:27,813 [engine.py] => Learning on 180-200
2026-06-18 08:03:07,640 [trainer.py] => CNN: {'total': 81.27, '00-09': 80.26, '10-19': 80.89, '20-29': 77.27, '30-39': 84.78, '40-49': 83.2, '50-59': 80.63, '60-69': 81.33, '70-79': 76.69, '80-89': 78.17, '90-99': 84.27, '100-109': 78.15, '110-119': 83.05, '120-129': 83.9, '130-139': 76.81, '140-149': 84.8, '150-159': 80.0, '160-169': 77.08, '170-179': 80.09, '180-189': 87.57, '190-199': 81.82, 'old': 80.81, 'new': 84.8, 'harmonic': 82.76}
2026-06-18 08:03:07,641 [trainer.py] => CNN top1 curve: [86.96, 84.56, 83.73, 82.63, 81.41, 81.27]
2026-06-18 08:03:07,641 [trainer.py] => CNN top5 curve: [96.27, 95.24, 95.25, 94.5, 94.04, 93.88]
2026-06-18 08:03:07,641 [trainer.py] => Average Accuracy (CNN top1): 83.42666666666666
