2026-07-13 10:48:43,741 [trainer.py] => config: ./configs/engine/engine_objectnet_B0_Inc20.json
2026-07-13 10:48:43,741 [trainer.py] => prefix: -
2026-07-13 10:48:43,741 [trainer.py] => dataset: objectnet
2026-07-13 10:48:43,741 [trainer.py] => shuffle: True
2026-07-13 10:48:43,742 [trainer.py] => init_cls: 20
2026-07-13 10:48:43,742 [trainer.py] => increment: 20
2026-07-13 10:48:43,742 [trainer.py] => model_name: engine
2026-07-13 10:48:43,742 [trainer.py] => backbone_type: clip
2026-07-13 10:48:43,742 [trainer.py] => device: [device(type='cuda', index=5)]
2026-07-13 10:48:43,742 [trainer.py] => seed: 42
2026-07-13 10:48:43,742 [trainer.py] => projection_type: pure_mlp
2026-07-13 10:48:43,742 [trainer.py] => frozen_layers: visual
2026-07-13 10:48:43,742 [trainer.py] => tuned_epoch: 10
2026-07-13 10:48:43,742 [trainer.py] => init_lr: 0.05
2026-07-13 10:48:43,742 [trainer.py] => batch_size: 64
2026-07-13 10:48:43,742 [trainer.py] => weight_decay: 0.05
2026-07-13 10:48:43,742 [trainer.py] => min_lr: 0
2026-07-13 10:48:43,742 [trainer.py] => optimizer: sgd
2026-07-13 10:48:43,742 [trainer.py] => text_des: 2
2026-07-13 10:48:43,742 [trainer.py] => image_aug: 2
2026-07-13 10:48:43,742 [trainer.py] => rerank: 0.5
2026-07-13 10:48:43,742 [trainer.py] => stat: 0.95
2026-07-13 10:48:43,742 [trainer.py] => sample_num: 0
2026-07-13 10:48:43,742 [trainer.py] => sample_noise: 0.25
2026-07-13 10:48:43,742 [trainer.py] => rerank_top: 5
2026-07-13 10:48:43,874 [data_manager.py] => [95, 15, 30, 158, 128, 115, 69, 170, 174, 45, 66, 182, 165, 78, 186, 177, 56, 152, 82, 68, 124, 16, 148, 93, 65, 60, 84, 67, 125, 132, 9, 18, 55, 75, 150, 104, 135, 137, 164, 76, 79, 197, 38, 24, 122, 195, 29, 19, 143, 86, 114, 173, 5, 126, 117, 73, 140, 98, 172, 96, 169, 97, 31, 12, 35, 119, 42, 189, 90, 136, 51, 127, 162, 41, 118, 113, 26, 139, 100, 111, 2, 77, 46, 187, 191, 85, 161, 36, 190, 61, 22, 141, 101, 33, 11, 194, 159, 6, 27, 120, 4, 32, 142, 145, 109, 144, 10, 62, 112, 146, 166, 0, 198, 153, 70, 123, 64, 44, 163, 28, 40, 108, 155, 156, 25, 23, 184, 147, 81, 39, 168, 47, 94, 154, 43, 138, 3, 105, 53, 133, 180, 178, 185, 49, 80, 34, 7, 110, 91, 83, 176, 181, 89, 8, 13, 59, 171, 131, 17, 72, 175, 134, 167, 183, 63, 54, 107, 50, 196, 58, 48, 88, 21, 57, 160, 192, 129, 37, 157, 193, 1, 52, 149, 130, 151, 103, 99, 116, 87, 74, 121, 199, 20, 188, 71, 106, 14, 92, 179, 102]
2026-07-13 10:48:43,981 [factory.py] => Loaded ViT-B-16 model config.
2026-07-13 10:48:45,388 [factory.py] => Loading pretrained ViT-B-16 weights (/home/team/zhaohongwei/pretrained_models/open_clip_pytorch_model_laion400m_e32.bin).
2026-07-13 10:48:47,449 [factory.py] => Loaded ViT-B-16 model config.
2026-07-13 10:48:48,848 [factory.py] => Loading pretrained ViT-B-16 weights (/home/team/zhaohongwei/pretrained_models/open_clip_pytorch_model_laion400m_e32.bin).
2026-07-13 10:48:49,627 [engine.py] => Learning on 0-20
2026-07-13 11:04:00,040 [trainer.py] => CNN: {'total': 76.01, '00-09': 74.92, '10-19': 77.1, 'old': 0, 'new': 76.01, 'harmonic': 0.0}
2026-07-13 11:04:00,040 [trainer.py] => CNN top1 curve: [76.01]
2026-07-13 11:04:00,040 [trainer.py] => CNN top5 curve: [96.62]
2026-07-13 11:04:00,041 [trainer.py] => Average Accuracy (CNN top1): 76.01
2026-07-13 11:04:00,041 [engine.py] => Learning on 20-40
2026-07-13 11:23:10,706 [trainer.py] => CNN: {'total': 69.11, '00-09': 65.27, '10-19': 65.16, '20-29': 74.49, '30-39': 70.96, 'old': 65.22, 'new': 72.84, 'harmonic': 68.82}
2026-07-13 11:23:10,706 [trainer.py] => CNN top1 curve: [76.01, 69.11]
2026-07-13 11:23:10,707 [trainer.py] => CNN top5 curve: [96.62, 92.75]
2026-07-13 11:23:10,707 [trainer.py] => Average Accuracy (CNN top1): 72.56
2026-07-13 11:23:10,707 [engine.py] => Learning on 40-60
2026-07-13 11:45:13,699 [trainer.py] => CNN: {'total': 61.73, '00-09': 57.88, '10-19': 59.35, '20-29': 69.57, '30-39': 61.06, '40-49': 59.44, '50-59': 62.54, 'old': 62.17, 'new': 60.91, 'harmonic': 61.53}
2026-07-13 11:45:13,699 [trainer.py] => CNN top1 curve: [76.01, 69.11, 61.73]
2026-07-13 11:45:13,700 [trainer.py] => CNN top5 curve: [96.62, 92.75, 86.48]
2026-07-13 11:45:13,700 [trainer.py] => Average Accuracy (CNN top1): 68.95
2026-07-13 11:45:13,700 [engine.py] => Learning on 60-80
2026-07-13 12:08:15,418 [trainer.py] => CNN: {'total': 57.93, '00-09': 55.63, '10-19': 56.13, '20-29': 66.09, '30-39': 57.76, '40-49': 55.0, '50-59': 59.75, '60-69': 54.93, '70-79': 57.61, 'old': 58.45, 'new': 56.28, 'harmonic': 57.34}
2026-07-13 12:08:15,418 [trainer.py] => CNN top1 curve: [76.01, 69.11, 61.73, 57.93]
2026-07-13 12:08:15,418 [trainer.py] => CNN top5 curve: [96.62, 92.75, 86.48, 82.77]
2026-07-13 12:08:15,419 [trainer.py] => Average Accuracy (CNN top1): 66.195
2026-07-13 12:08:15,419 [engine.py] => Learning on 80-100
2026-07-13 12:36:31,757 [trainer.py] => CNN: {'total': 54.66, '00-09': 54.34, '10-19': 54.19, '20-29': 63.77, '30-39': 52.48, '40-49': 53.06, '50-59': 55.73, '60-69': 52.63, '70-79': 56.31, '80-89': 50.3, '90-99': 53.44, 'old': 55.4, 'new': 51.94, 'harmonic': 53.61}
2026-07-13 12:36:31,758 [trainer.py] => CNN top1 curve: [76.01, 69.11, 61.73, 57.93, 54.66]
2026-07-13 12:36:31,758 [trainer.py] => CNN top5 curve: [96.62, 92.75, 86.48, 82.77, 79.28]
2026-07-13 12:36:31,758 [trainer.py] => Average Accuracy (CNN top1): 63.88799999999999
2026-07-13 12:36:31,758 [engine.py] => Learning on 100-120
2026-07-13 13:07:12,484 [trainer.py] => CNN: {'total': 53.0, '00-09': 52.41, '10-19': 52.26, '20-29': 60.87, '30-39': 53.47, '40-49': 49.72, '50-59': 54.49, '60-69': 51.32, '70-79': 53.07, '80-89': 48.2, '90-99': 51.79, '100-109': 54.17, '110-119': 54.08, 'old': 52.76, 'new': 54.12, 'harmonic': 53.43}
2026-07-13 13:07:12,484 [trainer.py] => CNN top1 curve: [76.01, 69.11, 61.73, 57.93, 54.66, 53.0]
2026-07-13 13:07:12,484 [trainer.py] => CNN top5 curve: [96.62, 92.75, 86.48, 82.77, 79.28, 75.66]
2026-07-13 13:07:12,484 [trainer.py] => Average Accuracy (CNN top1): 62.07333333333332
2026-07-13 13:07:12,484 [engine.py] => Learning on 120-140
2026-07-13 13:39:42,108 [trainer.py] => CNN: {'total': 50.14, '00-09': 52.73, '10-19': 47.42, '20-29': 61.16, '30-39': 49.5, '40-49': 46.94, '50-59': 52.94, '60-69': 49.67, '70-79': 50.81, '80-89': 45.51, '90-99': 48.48, '100-109': 51.49, '110-119': 52.68, '120-129': 39.18, '130-139': 53.73, 'old': 50.8, 'new': 46.23, 'harmonic': 48.41}
2026-07-13 13:39:42,108 [trainer.py] => CNN top1 curve: [76.01, 69.11, 61.73, 57.93, 54.66, 53.0, 50.14]
2026-07-13 13:39:42,108 [trainer.py] => CNN top5 curve: [96.62, 92.75, 86.48, 82.77, 79.28, 75.66, 73.06]
2026-07-13 13:39:42,108 [trainer.py] => Average Accuracy (CNN top1): 60.36857142857142
2026-07-13 13:39:42,109 [engine.py] => Learning on 140-160
2026-07-13 14:14:37,044 [trainer.py] => CNN: {'total': 47.8, '00-09': 50.16, '10-19': 47.42, '20-29': 57.68, '30-39': 48.84, '40-49': 44.72, '50-59': 48.3, '60-69': 50.0, '70-79': 50.16, '80-89': 42.22, '90-99': 44.9, '100-109': 49.7, '110-119': 50.7, '120-129': 37.72, '130-139': 52.17, '140-149': 50.29, '150-159': 40.5, 'old': 48.13, 'new': 45.56, 'harmonic': 46.81}
2026-07-13 14:14:37,045 [trainer.py] => CNN top1 curve: [76.01, 69.11, 61.73, 57.93, 54.66, 53.0, 50.14, 47.8]
2026-07-13 14:14:37,045 [trainer.py] => CNN top5 curve: [96.62, 92.75, 86.48, 82.77, 79.28, 75.66, 73.06, 70.84]
2026-07-13 14:14:37,045 [trainer.py] => Average Accuracy (CNN top1): 58.79749999999999
2026-07-13 14:14:37,045 [engine.py] => Learning on 160-180
2026-07-13 14:52:39,957 [trainer.py] => CNN: {'total': 46.47, '00-09': 48.23, '10-19': 44.19, '20-29': 55.36, '30-39': 47.85, '40-49': 44.72, '50-59': 46.44, '60-69': 50.66, '70-79': 48.22, '80-89': 41.02, '90-99': 44.35, '100-109': 47.62, '110-119': 51.27, '120-129': 35.96, '130-139': 50.31, '140-149': 48.26, '150-159': 40.81, '160-169': 44.75, '170-179': 46.72, 'old': 46.55, 'new': 45.78, 'harmonic': 46.16}
2026-07-13 14:52:39,957 [trainer.py] => CNN top1 curve: [76.01, 69.11, 61.73, 57.93, 54.66, 53.0, 50.14, 47.8, 46.47]
2026-07-13 14:52:39,957 [trainer.py] => CNN top5 curve: [96.62, 92.75, 86.48, 82.77, 79.28, 75.66, 73.06, 70.84, 69.6]
2026-07-13 14:52:39,958 [trainer.py] => Average Accuracy (CNN top1): 57.42777777777777
2026-07-13 14:52:39,958 [engine.py] => Learning on 180-200
2026-07-13 15:34:01,806 [trainer.py] => CNN: {'total': 45.05, '00-09': 49.84, '10-19': 44.84, '20-29': 53.62, '30-39': 46.53, '40-49': 43.61, '50-59': 44.58, '60-69': 48.68, '70-79': 47.57, '80-89': 39.82, '90-99': 42.15, '100-109': 46.73, '110-119': 49.3, '120-129': 33.92, '130-139': 48.14, '140-149': 47.38, '150-159': 41.12, '160-169': 45.68, '170-179': 46.44, '180-189': 43.21, '190-199': 38.9, 'old': 45.51, 'new': 40.98, 'harmonic': 43.13}
2026-07-13 15:34:01,806 [trainer.py] => CNN top1 curve: [76.01, 69.11, 61.73, 57.93, 54.66, 53.0, 50.14, 47.8, 46.47, 45.05]
2026-07-13 15:34:01,806 [trainer.py] => CNN top5 curve: [96.62, 92.75, 86.48, 82.77, 79.28, 75.66, 73.06, 70.84, 69.6, 67.4]
2026-07-13 15:34:01,806 [trainer.py] => Average Accuracy (CNN top1): 56.18999999999998
