2026-07-14 21:35:33,023 [trainer.py] => config: ./configs/engine/engine_objectnet_B100_Inc20.json
2026-07-14 21:35:33,023 [trainer.py] => prefix: -
2026-07-14 21:35:33,023 [trainer.py] => dataset: objectnet
2026-07-14 21:35:33,023 [trainer.py] => shuffle: True
2026-07-14 21:35:33,023 [trainer.py] => init_cls: 100
2026-07-14 21:35:33,023 [trainer.py] => increment: 20
2026-07-14 21:35:33,023 [trainer.py] => model_name: engine
2026-07-14 21:35:33,023 [trainer.py] => backbone_type: clip
2026-07-14 21:35:33,023 [trainer.py] => device: [device(type='cuda', index=1)]
2026-07-14 21:35:33,023 [trainer.py] => seed: 42
2026-07-14 21:35:33,024 [trainer.py] => projection_type: pure_mlp
2026-07-14 21:35:33,024 [trainer.py] => frozen_layers: visual
2026-07-14 21:35:33,024 [trainer.py] => tuned_epoch: 10
2026-07-14 21:35:33,024 [trainer.py] => init_lr: 0.05
2026-07-14 21:35:33,024 [trainer.py] => batch_size: 64
2026-07-14 21:35:33,024 [trainer.py] => weight_decay: 0.05
2026-07-14 21:35:33,024 [trainer.py] => min_lr: 0
2026-07-14 21:35:33,024 [trainer.py] => optimizer: sgd
2026-07-14 21:35:33,024 [trainer.py] => text_des: 2
2026-07-14 21:35:33,024 [trainer.py] => image_aug: 2
2026-07-14 21:35:33,024 [trainer.py] => rerank: 0.5
2026-07-14 21:35:33,024 [trainer.py] => stat: 0.95
2026-07-14 21:35:33,024 [trainer.py] => sample_num: 0
2026-07-14 21:35:33,024 [trainer.py] => sample_noise: 0.25
2026-07-14 21:35:33,024 [trainer.py] => rerank_top: 5
2026-07-14 21:35:33,117 [data_manager.py] => [95, 15, 30, 158, 128, 115, 69, 170, 174, 45, 66, 182, 165, 78, 186, 177, 56, 152, 82, 68, 124, 16, 148, 93, 65, 60, 84, 67, 125, 132, 9, 18, 55, 75, 150, 104, 135, 137, 164, 76, 79, 197, 38, 24, 122, 195, 29, 19, 143, 86, 114, 173, 5, 126, 117, 73, 140, 98, 172, 96, 169, 97, 31, 12, 35, 119, 42, 189, 90, 136, 51, 127, 162, 41, 118, 113, 26, 139, 100, 111, 2, 77, 46, 187, 191, 85, 161, 36, 190, 61, 22, 141, 101, 33, 11, 194, 159, 6, 27, 120, 4, 32, 142, 145, 109, 144, 10, 62, 112, 146, 166, 0, 198, 153, 70, 123, 64, 44, 163, 28, 40, 108, 155, 156, 25, 23, 184, 147, 81, 39, 168, 47, 94, 154, 43, 138, 3, 105, 53, 133, 180, 178, 185, 49, 80, 34, 7, 110, 91, 83, 176, 181, 89, 8, 13, 59, 171, 131, 17, 72, 175, 134, 167, 183, 63, 54, 107, 50, 196, 58, 48, 88, 21, 57, 160, 192, 129, 37, 157, 193, 1, 52, 149, 130, 151, 103, 99, 116, 87, 74, 121, 199, 20, 188, 71, 106, 14, 92, 179, 102]
2026-07-14 21:35:33,224 [factory.py] => Loaded ViT-B-16 model config.
2026-07-14 21:35:34,712 [factory.py] => Loading pretrained ViT-B-16 weights (/home/team/zhaohongwei/pretrained_models/open_clip_pytorch_model_laion400m_e32.bin).
2026-07-14 21:35:35,231 [factory.py] => Loaded ViT-B-16 model config.
2026-07-14 21:35:36,496 [factory.py] => Loading pretrained ViT-B-16 weights (/home/team/zhaohongwei/pretrained_models/open_clip_pytorch_model_laion400m_e32.bin).
2026-07-14 21:35:37,020 [engine.py] => Learning on 0-100
2026-07-14 22:47:43,781 [trainer.py] => CNN: {'total': 55.12, '00-09': 54.34, '10-19': 56.13, '20-29': 62.32, '30-39': 55.78, '40-49': 51.94, '50-59': 54.8, '60-69': 52.63, '70-79': 57.61, '80-89': 52.4, '90-99': 53.44, 'old': 0, 'new': 55.12, 'harmonic': 0.0}
2026-07-14 22:47:43,781 [trainer.py] => CNN top1 curve: [55.12]
2026-07-14 22:47:43,781 [trainer.py] => CNN top5 curve: [80.13]
2026-07-14 22:47:43,781 [trainer.py] => Average Accuracy (CNN top1): 55.12
2026-07-14 22:47:43,781 [engine.py] => Learning on 100-120
2026-07-14 23:23:36,799 [trainer.py] => CNN: {'total': 52.31, '00-09': 51.45, '10-19': 48.39, '20-29': 60.87, '30-39': 51.82, '40-49': 48.33, '50-59': 52.63, '60-69': 52.96, '70-79': 51.78, '80-89': 47.01, '90-99': 50.96, '100-109': 55.06, '110-119': 56.06, 'old': 51.62, 'new': 55.57, 'harmonic': 53.52}
2026-07-14 23:23:36,799 [trainer.py] => CNN top1 curve: [55.12, 52.31]
2026-07-14 23:23:36,799 [trainer.py] => CNN top5 curve: [80.13, 75.66]
2026-07-14 23:23:36,799 [trainer.py] => Average Accuracy (CNN top1): 53.715
2026-07-14 23:23:36,799 [engine.py] => Learning on 120-140
2026-07-15 00:02:38,247 [trainer.py] => CNN: {'total': 49.49, '00-09': 53.05, '10-19': 46.13, '20-29': 60.0, '30-39': 49.83, '40-49': 45.28, '50-59': 50.15, '60-69': 49.67, '70-79': 51.46, '80-89': 44.61, '90-99': 48.48, '100-109': 50.6, '110-119': 53.24, '120-129': 37.43, '130-139': 53.42, 'old': 50.22, 'new': 45.18, 'harmonic': 47.57}
2026-07-15 00:02:38,248 [trainer.py] => CNN top1 curve: [55.12, 52.31, 49.49]
2026-07-15 00:02:38,248 [trainer.py] => CNN top5 curve: [80.13, 75.66, 72.19]
2026-07-15 00:02:38,248 [trainer.py] => Average Accuracy (CNN top1): 52.30666666666667
2026-07-15 00:02:38,248 [engine.py] => Learning on 140-160
2026-07-15 00:45:11,151 [trainer.py] => CNN: {'total': 47.48, '00-09': 49.84, '10-19': 45.48, '20-29': 56.23, '30-39': 48.84, '40-49': 44.72, '50-59': 48.3, '60-69': 49.67, '70-79': 48.87, '80-89': 42.22, '90-99': 46.28, '100-109': 49.4, '110-119': 50.99, '120-129': 36.26, '130-139': 52.8, '140-149': 50.0, '150-159': 40.19, 'old': 47.8, 'new': 45.26, 'harmonic': 46.5}
2026-07-15 00:45:11,151 [trainer.py] => CNN top1 curve: [55.12, 52.31, 49.49, 47.48]
2026-07-15 00:45:11,151 [trainer.py] => CNN top5 curve: [80.13, 75.66, 72.19, 70.52]
2026-07-15 00:45:11,151 [trainer.py] => Average Accuracy (CNN top1): 51.1
2026-07-15 00:45:11,152 [engine.py] => Learning on 160-180
2026-07-15 01:31:49,664 [trainer.py] => CNN: {'total': 46.3, '00-09': 48.87, '10-19': 44.52, '20-29': 54.2, '30-39': 48.51, '40-49': 43.06, '50-59': 46.44, '60-69': 49.34, '70-79': 46.93, '80-89': 40.72, '90-99': 43.53, '100-109': 47.32, '110-119': 52.39, '120-129': 34.5, '130-139': 50.93, '140-149': 47.67, '150-159': 41.43, '160-169': 46.3, '170-179': 47.29, 'old': 46.23, 'new': 46.81, 'harmonic': 46.52}
2026-07-15 01:31:49,665 [trainer.py] => CNN top1 curve: [55.12, 52.31, 49.49, 47.48, 46.3]
2026-07-15 01:31:49,665 [trainer.py] => CNN top5 curve: [80.13, 75.66, 72.19, 70.52, 69.03]
2026-07-15 01:31:49,665 [trainer.py] => Average Accuracy (CNN top1): 50.14
2026-07-15 01:31:49,666 [engine.py] => Learning on 180-200
2026-07-15 02:23:15,169 [trainer.py] => CNN: {'total': 44.86, '00-09': 48.55, '10-19': 44.52, '20-29': 53.91, '30-39': 45.87, '40-49': 42.22, '50-59': 44.89, '60-69': 48.68, '70-79': 44.98, '80-89': 40.72, '90-99': 42.7, '100-109': 46.13, '110-119': 47.61, '120-129': 33.33, '130-139': 48.76, '140-149': 47.97, '150-159': 41.12, '160-169': 47.22, '170-179': 46.44, '180-189': 42.9, '190-199': 39.48, 'old': 45.27, 'new': 41.13, 'harmonic': 43.1}
2026-07-15 02:23:15,170 [trainer.py] => CNN top1 curve: [55.12, 52.31, 49.49, 47.48, 46.3, 44.86]
2026-07-15 02:23:15,170 [trainer.py] => CNN top5 curve: [80.13, 75.66, 72.19, 70.52, 69.03, 66.91]
2026-07-15 02:23:15,170 [trainer.py] => Average Accuracy (CNN top1): 49.26
