2026-07-15 02:23:15,219 [trainer.py] => config: ./configs/engine/engine_objectnet_B100_Inc20.json
2026-07-15 02:23:15,220 [trainer.py] => prefix: -
2026-07-15 02:23:15,220 [trainer.py] => dataset: objectnet
2026-07-15 02:23:15,220 [trainer.py] => shuffle: True
2026-07-15 02:23:15,220 [trainer.py] => init_cls: 100
2026-07-15 02:23:15,220 [trainer.py] => increment: 20
2026-07-15 02:23:15,220 [trainer.py] => model_name: engine
2026-07-15 02:23:15,220 [trainer.py] => backbone_type: clip
2026-07-15 02:23:15,220 [trainer.py] => device: [device(type='cuda', index=1)]
2026-07-15 02:23:15,220 [trainer.py] => seed: 1993
2026-07-15 02:23:15,220 [trainer.py] => projection_type: pure_mlp
2026-07-15 02:23:15,220 [trainer.py] => frozen_layers: visual
2026-07-15 02:23:15,220 [trainer.py] => tuned_epoch: 10
2026-07-15 02:23:15,220 [trainer.py] => init_lr: 0.05
2026-07-15 02:23:15,220 [trainer.py] => batch_size: 64
2026-07-15 02:23:15,220 [trainer.py] => weight_decay: 0.05
2026-07-15 02:23:15,220 [trainer.py] => min_lr: 0
2026-07-15 02:23:15,220 [trainer.py] => optimizer: sgd
2026-07-15 02:23:15,220 [trainer.py] => text_des: 2
2026-07-15 02:23:15,220 [trainer.py] => image_aug: 2
2026-07-15 02:23:15,220 [trainer.py] => rerank: 0.5
2026-07-15 02:23:15,220 [trainer.py] => stat: 0.95
2026-07-15 02:23:15,220 [trainer.py] => sample_num: 0
2026-07-15 02:23:15,220 [trainer.py] => sample_noise: 0.25
2026-07-15 02:23:15,221 [trainer.py] => rerank_top: 5
2026-07-15 02:23:15,316 [data_manager.py] => [168, 136, 51, 9, 183, 101, 171, 99, 42, 159, 191, 70, 16, 188, 27, 10, 175, 26, 68, 187, 98, 6, 85, 35, 112, 43, 100, 0, 103, 181, 88, 59, 4, 2, 116, 174, 94, 80, 106, 1, 147, 17, 141, 131, 72, 23, 173, 54, 197, 118, 87, 32, 79, 104, 91, 19, 135, 107, 178, 36, 11, 199, 142, 8, 122, 3, 28, 57, 153, 172, 190, 56, 49, 44, 97, 62, 151, 169, 194, 55, 192, 12, 189, 78, 66, 180, 15, 137, 109, 134, 92, 119, 126, 52, 170, 40, 148, 65, 144, 64, 138, 45, 77, 89, 154, 90, 71, 193, 74, 30, 113, 143, 96, 84, 67, 50, 186, 156, 69, 21, 18, 111, 108, 58, 125, 157, 150, 110, 182, 129, 166, 83, 81, 60, 13, 165, 14, 176, 63, 117, 5, 22, 145, 121, 38, 41, 82, 127, 114, 20, 31, 53, 37, 163, 196, 130, 152, 162, 86, 76, 24, 34, 184, 149, 33, 128, 198, 155, 146, 167, 139, 120, 140, 102, 47, 25, 158, 123, 46, 164, 61, 7, 115, 75, 133, 160, 105, 132, 179, 124, 48, 73, 93, 39, 95, 195, 29, 177, 185, 161]
2026-07-15 02:23:15,421 [factory.py] => Loaded ViT-B-16 model config.
2026-07-15 02:23:16,931 [factory.py] => Loading pretrained ViT-B-16 weights (/home/team/zhaohongwei/pretrained_models/open_clip_pytorch_model_laion400m_e32.bin).
2026-07-15 02:23:17,402 [factory.py] => Loaded ViT-B-16 model config.
2026-07-15 02:23:18,669 [factory.py] => Loading pretrained ViT-B-16 weights (/home/team/zhaohongwei/pretrained_models/open_clip_pytorch_model_laion400m_e32.bin).
2026-07-15 02:23:19,209 [engine.py] => Learning on 0-100
2026-07-15 03:35:50,364 [trainer.py] => CNN: {'total': 59.33, '00-09': 60.38, '10-19': 62.24, '20-29': 57.76, '30-39': 66.56, '40-49': 58.1, '50-59': 61.44, '60-69': 56.32, '70-79': 51.36, '80-89': 52.55, '90-99': 65.68, 'old': 0, 'new': 59.33, 'harmonic': 0.0}
2026-07-15 03:35:50,364 [trainer.py] => CNN top1 curve: [59.33]
2026-07-15 03:35:50,364 [trainer.py] => CNN top5 curve: [80.76]
2026-07-15 03:35:50,365 [trainer.py] => Average Accuracy (CNN top1): 59.33
2026-07-15 03:35:50,365 [engine.py] => Learning on 100-120
2026-07-15 04:11:15,526 [trainer.py] => CNN: {'total': 54.96, '00-09': 57.55, '10-19': 56.64, '20-29': 52.8, '30-39': 58.36, '40-49': 56.27, '50-59': 55.88, '60-69': 53.85, '70-79': 45.02, '80-89': 50.98, '90-99': 56.8, '100-109': 59.34, '110-119': 55.23, 'old': 54.53, 'new': 57.08, 'harmonic': 55.78}
2026-07-15 04:11:15,527 [trainer.py] => CNN top1 curve: [59.33, 54.96]
2026-07-15 04:11:15,527 [trainer.py] => CNN top5 curve: [80.76, 77.3]
2026-07-15 04:11:15,527 [trainer.py] => Average Accuracy (CNN top1): 57.144999999999996
2026-07-15 04:11:15,527 [engine.py] => Learning on 120-140
2026-07-15 04:49:54,564 [trainer.py] => CNN: {'total': 52.57, '00-09': 54.95, '10-19': 54.2, '20-29': 52.17, '30-39': 58.68, '40-49': 54.74, '50-59': 55.88, '60-69': 54.95, '70-79': 43.2, '80-89': 49.41, '90-99': 55.62, '100-109': 54.75, '110-119': 49.87, '120-129': 47.37, '130-139': 49.85, 'old': 53.24, 'new': 48.57, 'harmonic': 50.8}
2026-07-15 04:49:54,565 [trainer.py] => CNN top1 curve: [59.33, 54.96, 52.57]
2026-07-15 04:49:54,565 [trainer.py] => CNN top5 curve: [80.76, 77.3, 74.81]
2026-07-15 04:49:54,565 [trainer.py] => Average Accuracy (CNN top1): 55.62
2026-07-15 04:49:54,565 [engine.py] => Learning on 140-160
2026-07-15 05:34:02,986 [trainer.py] => CNN: {'total': 49.29, '00-09': 53.77, '10-19': 53.5, '20-29': 48.14, '30-39': 54.89, '40-49': 52.29, '50-59': 53.59, '60-69': 51.37, '70-79': 40.79, '80-89': 46.27, '90-99': 52.66, '100-109': 53.77, '110-119': 47.99, '120-129': 46.78, '130-139': 48.92, '140-149': 42.63, '150-159': 42.27, 'old': 50.38, 'new': 42.45, 'harmonic': 46.08}
2026-07-15 05:34:02,986 [trainer.py] => CNN top1 curve: [59.33, 54.96, 52.57, 49.29]
2026-07-15 05:34:02,986 [trainer.py] => CNN top5 curve: [80.76, 77.3, 74.81, 71.32]
2026-07-15 05:34:02,986 [trainer.py] => Average Accuracy (CNN top1): 54.037499999999994
2026-07-15 05:34:02,986 [engine.py] => Learning on 160-180
2026-07-15 06:20:03,339 [trainer.py] => CNN: {'total': 47.23, '00-09': 50.24, '10-19': 52.8, '20-29': 46.58, '30-39': 54.57, '40-49': 51.07, '50-59': 51.63, '60-69': 48.9, '70-79': 38.97, '80-89': 45.88, '90-99': 51.48, '100-109': 50.16, '110-119': 46.11, '120-129': 43.86, '130-139': 48.92, '140-149': 41.29, '150-159': 42.54, '160-169': 41.34, '170-179': 45.33, 'old': 47.7, 'new': 43.24, 'harmonic': 45.36}
2026-07-15 06:20:03,340 [trainer.py] => CNN top1 curve: [59.33, 54.96, 52.57, 49.29, 47.23]
2026-07-15 06:20:03,340 [trainer.py] => CNN top5 curve: [80.76, 77.3, 74.81, 71.32, 69.7]
2026-07-15 06:20:03,340 [trainer.py] => Average Accuracy (CNN top1): 52.676
2026-07-15 06:20:03,340 [engine.py] => Learning on 180-200
2026-07-15 07:10:23,868 [trainer.py] => CNN: {'total': 45.16, '00-09': 49.76, '10-19': 52.1, '20-29': 43.48, '30-39': 54.57, '40-49': 49.85, '50-59': 48.69, '60-69': 48.35, '70-79': 36.86, '80-89': 45.1, '90-99': 50.0, '100-109': 49.51, '110-119': 43.16, '120-129': 43.27, '130-139': 47.68, '140-149': 40.21, '150-159': 39.78, '160-169': 39.51, '170-179': 42.0, '180-189': 44.25, '190-199': 37.09, 'old': 45.69, 'new': 40.25, 'harmonic': 42.8}
2026-07-15 07:10:23,868 [trainer.py] => CNN top1 curve: [59.33, 54.96, 52.57, 49.29, 47.23, 45.16]
2026-07-15 07:10:23,868 [trainer.py] => CNN top5 curve: [80.76, 77.3, 74.81, 71.32, 69.7, 67.31]
2026-07-15 07:10:23,868 [trainer.py] => Average Accuracy (CNN top1): 51.423333333333325
