2026-06-19 14:52:39,814 [trainer.py] => config: ./configs/engine/engine_sun_B0_Inc30.json
2026-06-19 14:52:39,815 [trainer.py] => prefix: -
2026-06-19 14:52:39,815 [trainer.py] => dataset: sun
2026-06-19 14:52:39,815 [trainer.py] => shuffle: True
2026-06-19 14:52:39,815 [trainer.py] => init_cls: 30
2026-06-19 14:52:39,815 [trainer.py] => increment: 30
2026-06-19 14:52:39,815 [trainer.py] => model_name: engine
2026-06-19 14:52:39,815 [trainer.py] => backbone_type: clip
2026-06-19 14:52:39,815 [trainer.py] => device: [device(type='cuda', index=4)]
2026-06-19 14:52:39,815 [trainer.py] => seed: 1993
2026-06-19 14:52:39,815 [trainer.py] => projection_type: pure_mlp
2026-06-19 14:52:39,815 [trainer.py] => frozen_layers: visual
2026-06-19 14:52:39,815 [trainer.py] => tuned_epoch: 10
2026-06-19 14:52:39,815 [trainer.py] => init_lr: 0.05
2026-06-19 14:52:39,815 [trainer.py] => batch_size: 64
2026-06-19 14:52:39,815 [trainer.py] => weight_decay: 0.05
2026-06-19 14:52:39,815 [trainer.py] => min_lr: 0
2026-06-19 14:52:39,815 [trainer.py] => optimizer: sgd
2026-06-19 14:52:39,815 [trainer.py] => text_des: 2
2026-06-19 14:52:39,815 [trainer.py] => image_aug: 2
2026-06-19 14:52:39,815 [trainer.py] => rerank: 0.8
2026-06-19 14:52:39,815 [trainer.py] => stat: 0.8
2026-06-19 14:52:39,815 [trainer.py] => sample_num: 0
2026-06-19 14:52:39,816 [trainer.py] => sample_noise: 0.25
2026-06-19 14:52:39,816 [trainer.py] => rerank_top: 5
2026-06-19 14:52:40,099 [data_manager.py] => [169, 221, 146, 296, 92, 229, 49, 70, 126, 77, 243, 57, 120, 223, 27, 217, 154, 8, 101, 182, 54, 50, 97, 162, 28, 193, 79, 6, 151, 0, 173, 187, 44, 277, 157, 16, 257, 122, 35, 9, 171, 176, 134, 4, 87, 255, 112, 153, 246, 286, 147, 186, 107, 98, 10, 7, 266, 214, 36, 165, 139, 254, 103, 269, 59, 23, 298, 39, 73, 208, 135, 299, 102, 20, 12, 268, 11, 209, 161, 210, 74, 42, 56, 99, 235, 133, 159, 189, 145, 238, 215, 241, 138, 195, 233, 279, 88, 199, 64, 280, 26, 203, 17, 245, 174, 236, 137, 252, 80, 68, 181, 150, 118, 94, 75, 2, 109, 119, 232, 15, 69, 184, 201, 261, 55, 287, 273, 66, 175, 32, 142, 136, 116, 76, 179, 1, 91, 248, 275, 240, 290, 170, 132, 106, 265, 270, 85, 19, 284, 43, 259, 293, 228, 200, 104, 227, 51, 224, 163, 297, 216, 260, 93, 46, 100, 272, 105, 72, 131, 3, 156, 256, 249, 48, 113, 82, 172, 213, 62, 53, 271, 168, 253, 226, 183, 180, 276, 283, 78, 61, 143, 278, 30, 141, 196, 264, 231, 52, 222, 40, 125, 219, 65, 166, 192, 289, 45, 205, 89, 267, 90, 71, 167, 262, 281, 212, 96, 84, 127, 67, 294, 178, 288, 197, 21, 18, 111, 108, 58, 230, 188, 31, 110, 291, 129, 24, 204, 83, 81, 251, 60, 13, 128, 14, 86, 63, 117, 198, 274, 5, 22, 144, 258, 121, 38, 207, 148, 292, 41, 234, 237, 114, 202, 37, 149, 206, 155, 29, 130, 177, 194, 152, 34, 33, 239, 160, 140, 47, 244, 25, 282, 158, 211, 123, 190, 218, 164, 247, 263, 191, 220, 115, 242, 250, 124, 295, 95, 285, 225, 185]
2026-06-19 14:52:40,571 [factory.py] => Loaded ViT-B-16 model config.
2026-06-19 14:52:42,211 [factory.py] => Loading pretrained ViT-B-16 weights (/home/team/zhaohongwei/pretrained_models/open_clip_pytorch_model_laion400m_e32.bin).
2026-06-19 14:52:42,977 [factory.py] => Loaded ViT-B-16 model config.
2026-06-19 14:52:44,379 [factory.py] => Loading pretrained ViT-B-16 weights (/home/team/zhaohongwei/pretrained_models/open_clip_pytorch_model_laion400m_e32.bin).
2026-06-19 14:52:45,649 [engine.py] => Learning on 0-30
2026-06-19 15:12:54,470 [trainer.py] => CNN: {'total': 94.59, '00-09': 95.77, '10-19': 96.94, '20-29': 91.48, 'old': 0, 'new': 94.59, 'harmonic': 0.0}
2026-06-19 15:12:54,470 [trainer.py] => CNN top1 curve: [94.59]
2026-06-19 15:12:54,470 [trainer.py] => CNN top5 curve: [99.9]
2026-06-19 15:12:54,470 [trainer.py] => Average Accuracy (CNN top1): 94.59
2026-06-19 15:12:54,470 [engine.py] => Learning on 30-60
2026-06-19 15:39:44,016 [trainer.py] => CNN: {'total': 90.67, '00-09': 90.75, '10-19': 90.25, '20-29': 83.22, '30-39': 94.2, '40-49': 91.75, '50-59': 95.28, 'old': 87.84, 'new': 93.53, 'harmonic': 90.6}
2026-06-19 15:39:44,016 [trainer.py] => CNN top1 curve: [94.59, 90.67]
2026-06-19 15:39:44,016 [trainer.py] => CNN top5 curve: [99.9, 99.52]
2026-06-19 15:39:44,017 [trainer.py] => Average Accuracy (CNN top1): 92.63
2026-06-19 15:39:44,017 [engine.py] => Learning on 60-90
2026-06-19 16:09:28,117 [trainer.py] => CNN: {'total': 89.73, '00-09': 90.13, '10-19': 87.63, '20-29': 81.78, '30-39': 92.51, '40-49': 89.43, '50-59': 93.78, '60-69': 88.71, '70-79': 92.28, '80-89': 93.53, 'old': 88.94, 'new': 91.61, 'harmonic': 90.26}
2026-06-19 16:09:28,117 [trainer.py] => CNN top1 curve: [94.59, 90.67, 89.73]
2026-06-19 16:09:28,118 [trainer.py] => CNN top5 curve: [99.9, 99.52, 99.27]
2026-06-19 16:09:28,118 [trainer.py] => Average Accuracy (CNN top1): 91.66333333333334
2026-06-19 16:09:28,118 [engine.py] => Learning on 90-120
2026-06-19 16:43:28,654 [trainer.py] => CNN: {'total': 86.5, '00-09': 87.15, '10-19': 85.59, '20-29': 78.64, '30-39': 88.29, '40-49': 87.76, '50-59': 92.27, '60-69': 86.42, '70-79': 91.34, '80-89': 87.82, '90-99': 86.8, '100-109': 84.4, '110-119': 84.78, 'old': 86.89, 'new': 85.14, 'harmonic': 86.01}
2026-06-19 16:43:28,654 [trainer.py] => CNN top1 curve: [94.59, 90.67, 89.73, 86.5]
2026-06-19 16:43:28,654 [trainer.py] => CNN top5 curve: [99.9, 99.52, 99.27, 98.9]
2026-06-19 16:43:28,655 [trainer.py] => Average Accuracy (CNN top1): 90.3725
2026-06-19 16:43:28,655 [engine.py] => Learning on 120-150
2026-06-19 17:20:08,660 [trainer.py] => CNN: {'total': 84.54, '00-09': 85.58, '10-19': 82.82, '20-29': 76.8, '30-39': 86.71, '40-49': 86.6, '50-59': 89.27, '60-69': 85.19, '70-79': 90.4, '80-89': 85.56, '90-99': 84.26, '100-109': 83.2, '110-119': 82.43, '120-129': 82.61, '130-139': 81.67, '140-149': 90.28, 'old': 84.65, 'new': 83.96, 'harmonic': 84.3}
2026-06-19 17:20:08,661 [trainer.py] => CNN top1 curve: [94.59, 90.67, 89.73, 86.5, 84.54]
2026-06-19 17:20:08,661 [trainer.py] => CNN top5 curve: [99.9, 99.52, 99.27, 98.9, 98.61]
2026-06-19 17:20:08,661 [trainer.py] => Average Accuracy (CNN top1): 89.206
2026-06-19 17:20:08,661 [engine.py] => Learning on 150-180
2026-06-19 18:11:15,955 [trainer.py] => CNN: {'total': 83.21, '00-09': 84.48, '10-19': 82.24, '20-29': 75.62, '30-39': 85.27, '40-49': 85.7, '50-59': 87.98, '60-69': 82.89, '70-79': 87.76, '80-89': 85.11, '90-99': 82.99, '100-109': 81.0, '110-119': 81.56, '120-129': 77.22, '130-139': 79.81, '140-149': 88.4, '150-159': 89.58, '160-169': 78.65, '170-179': 87.48, 'old': 82.94, 'new': 84.31, 'harmonic': 83.62}
2026-06-19 18:11:15,955 [trainer.py] => CNN top1 curve: [94.59, 90.67, 89.73, 86.5, 84.54, 83.21]
2026-06-19 18:11:15,955 [trainer.py] => CNN top5 curve: [99.9, 99.52, 99.27, 98.9, 98.61, 98.25]
2026-06-19 18:11:15,956 [trainer.py] => Average Accuracy (CNN top1): 88.20666666666666
2026-06-19 18:11:15,956 [engine.py] => Learning on 180-210
2026-06-19 18:58:45,743 [trainer.py] => CNN: {'total': 81.83, '00-09': 80.56, '10-19': 78.02, '20-29': 73.26, '30-39': 85.14, '40-49': 84.92, '50-59': 86.7, '60-69': 79.19, '70-79': 86.82, '80-89': 84.51, '90-99': 81.98, '100-109': 79.8, '110-119': 78.47, '120-129': 77.22, '130-139': 77.78, '140-149': 85.58, '150-159': 88.61, '160-169': 76.88, '170-179': 86.42, '180-189': 75.89, '190-199': 87.78, '200-209': 87.5, 'old': 81.43, 'new': 84.77, 'harmonic': 83.07}
2026-06-19 18:58:45,743 [trainer.py] => CNN top1 curve: [94.59, 90.67, 89.73, 86.5, 84.54, 83.21, 81.83]
2026-06-19 18:58:45,743 [trainer.py] => CNN top5 curve: [99.9, 99.52, 99.27, 98.9, 98.61, 98.25, 97.83]
2026-06-19 18:58:45,743 [trainer.py] => Average Accuracy (CNN top1): 87.2957142857143
2026-06-19 18:58:45,744 [engine.py] => Learning on 210-240
2026-06-19 19:53:44,733 [trainer.py] => CNN: {'total': 80.84, '00-09': 81.35, '10-19': 77.44, '20-29': 71.69, '30-39': 83.82, '40-49': 80.67, '50-59': 83.91, '60-69': 78.84, '70-79': 87.19, '80-89': 84.21, '90-99': 79.7, '100-109': 78.6, '110-119': 77.6, '120-129': 75.13, '130-139': 74.63, '140-149': 83.39, '150-159': 87.84, '160-169': 76.33, '170-179': 85.09, '180-189': 73.7, '190-199': 84.59, '200-209': 86.0, '210-219': 78.96, '220-229': 83.55, '230-239': 89.66, 'old': 80.4, 'new': 84.08, 'harmonic': 82.2}
2026-06-19 19:53:44,733 [trainer.py] => CNN top1 curve: [94.59, 90.67, 89.73, 86.5, 84.54, 83.21, 81.83, 80.84]
2026-06-19 19:53:44,733 [trainer.py] => CNN top5 curve: [99.9, 99.52, 99.27, 98.9, 98.61, 98.25, 97.83, 97.33]
2026-06-19 19:53:44,733 [trainer.py] => Average Accuracy (CNN top1): 86.48875000000001
2026-06-19 19:53:44,733 [engine.py] => Learning on 240-270
2026-06-19 20:55:19,800 [trainer.py] => CNN: {'total': 79.58, '00-09': 80.72, '10-19': 75.69, '20-29': 68.55, '30-39': 83.33, '40-49': 77.71, '50-59': 81.76, '60-69': 79.89, '70-79': 86.44, '80-89': 83.91, '90-99': 79.95, '100-109': 78.6, '110-119': 77.72, '120-129': 73.91, '130-139': 72.96, '140-149': 79.0, '150-159': 86.1, '160-169': 75.44, '170-179': 83.36, '180-189': 71.51, '190-199': 84.02, '200-209': 84.67, '210-219': 77.49, '220-229': 81.2, '230-239': 88.67, '240-249': 79.44, '250-259': 83.14, '260-269': 72.17, 'old': 79.59, 'new': 79.5, 'harmonic': 79.54}
2026-06-19 20:55:19,800 [trainer.py] => CNN top1 curve: [94.59, 90.67, 89.73, 86.5, 84.54, 83.21, 81.83, 80.84, 79.58]
2026-06-19 20:55:19,800 [trainer.py] => CNN top5 curve: [99.9, 99.52, 99.27, 98.9, 98.61, 98.25, 97.83, 97.33, 96.89]
2026-06-19 20:55:19,800 [trainer.py] => Average Accuracy (CNN top1): 85.72111111111113
2026-06-19 20:55:19,800 [engine.py] => Learning on 270-300
2026-06-19 22:05:19,051 [trainer.py] => CNN: {'total': 78.52, '00-09': 78.68, '10-19': 74.38, '20-29': 68.15, '30-39': 79.83, '40-49': 76.16, '50-59': 81.55, '60-69': 76.37, '70-79': 86.06, '80-89': 83.16, '90-99': 78.68, '100-109': 78.4, '110-119': 75.99, '120-129': 74.09, '130-139': 73.52, '140-149': 78.68, '150-159': 83.98, '160-169': 74.34, '170-179': 83.36, '180-189': 70.68, '190-199': 82.14, '200-209': 84.83, '210-219': 76.35, '220-229': 80.56, '230-239': 86.54, '240-249': 79.87, '250-259': 82.33, '260-269': 71.93, '270-279': 78.13, '280-289': 75.22, '290-299': 82.42, 'old': 78.51, 'new': 78.67, 'harmonic': 78.59}
2026-06-19 22:05:19,051 [trainer.py] => CNN top1 curve: [94.59, 90.67, 89.73, 86.5, 84.54, 83.21, 81.83, 80.84, 79.58, 78.52]
2026-06-19 22:05:19,051 [trainer.py] => CNN top5 curve: [99.9, 99.52, 99.27, 98.9, 98.61, 98.25, 97.83, 97.33, 96.89, 96.63]
2026-06-19 22:05:19,051 [trainer.py] => Average Accuracy (CNN top1): 85.001
