2026-06-20 05:31:31,149 [trainer.py] => config: ./configs/engine/engine_sun_B150_Inc30.json
2026-06-20 05:31:31,149 [trainer.py] => prefix: -
2026-06-20 05:31:31,149 [trainer.py] => dataset: sun
2026-06-20 05:31:31,149 [trainer.py] => shuffle: True
2026-06-20 05:31:31,149 [trainer.py] => init_cls: 150
2026-06-20 05:31:31,149 [trainer.py] => increment: 30
2026-06-20 05:31:31,150 [trainer.py] => model_name: engine
2026-06-20 05:31:31,150 [trainer.py] => backbone_type: clip
2026-06-20 05:31:31,150 [trainer.py] => device: [device(type='cuda', index=4)]
2026-06-20 05:31:31,150 [trainer.py] => seed: 0
2026-06-20 05:31:31,150 [trainer.py] => projection_type: pure_mlp
2026-06-20 05:31:31,150 [trainer.py] => frozen_layers: visual
2026-06-20 05:31:31,150 [trainer.py] => tuned_epoch: 10
2026-06-20 05:31:31,150 [trainer.py] => init_lr: 0.05
2026-06-20 05:31:31,150 [trainer.py] => batch_size: 64
2026-06-20 05:31:31,150 [trainer.py] => weight_decay: 0.05
2026-06-20 05:31:31,150 [trainer.py] => min_lr: 0
2026-06-20 05:31:31,150 [trainer.py] => optimizer: sgd
2026-06-20 05:31:31,150 [trainer.py] => text_des: 2
2026-06-20 05:31:31,150 [trainer.py] => image_aug: 2
2026-06-20 05:31:31,150 [trainer.py] => rerank: 0.8
2026-06-20 05:31:31,150 [trainer.py] => stat: 0.8
2026-06-20 05:31:31,150 [trainer.py] => sample_num: 0
2026-06-20 05:31:31,150 [trainer.py] => sample_noise: 0.25
2026-06-20 05:31:31,150 [trainer.py] => rerank_top: 5
2026-06-20 05:31:31,602 [data_manager.py] => [208, 188, 12, 221, 239, 136, 230, 206, 52, 108, 290, 15, 184, 248, 22, 74, 270, 90, 229, 164, 190, 103, 124, 129, 222, 116, 194, 286, 234, 295, 92, 66, 8, 122, 219, 150, 176, 182, 299, 5, 223, 89, 81, 34, 55, 139, 236, 64, 7, 45, 73, 213, 173, 106, 59, 253, 168, 26, 284, 153, 134, 145, 63, 293, 285, 224, 252, 111, 20, 46, 156, 228, 273, 27, 144, 259, 37, 97, 191, 135, 118, 160, 264, 214, 238, 76, 212, 225, 255, 237, 282, 44, 272, 189, 152, 158, 101, 54, 181, 18, 281, 250, 126, 171, 71, 227, 245, 205, 288, 215, 154, 159, 33, 83, 249, 60, 167, 280, 110, 21, 29, 146, 16, 56, 75, 109, 175, 201, 161, 4, 96, 166, 61, 67, 137, 198, 262, 279, 40, 268, 13, 107, 220, 3, 157, 125, 24, 30, 77, 291, 210, 19, 254, 241, 266, 80, 51, 2, 235, 104, 179, 86, 10, 199, 58, 41, 14, 155, 50, 292, 233, 123, 200, 62, 187, 226, 130, 209, 260, 43, 114, 138, 294, 218, 149, 112, 247, 98, 217, 93, 216, 162, 36, 178, 113, 0, 94, 275, 95, 296, 261, 240, 69, 49, 48, 85, 297, 141, 207, 23, 246, 148, 143, 78, 180, 100, 204, 131, 267, 298, 196, 6, 68, 203, 84, 170, 121, 140, 256, 274, 142, 257, 91, 82, 283, 11, 119, 102, 35, 57, 169, 231, 65, 1, 120, 269, 186, 42, 105, 132, 79, 17, 263, 232, 38, 133, 53, 258, 128, 28, 183, 163, 151, 244, 202, 31, 32, 127, 185, 278, 271, 147, 276, 177, 99, 197, 243, 115, 265, 72, 25, 165, 287, 174, 289, 39, 193, 88, 70, 87, 242, 277, 211, 9, 195, 251, 192, 117, 47, 172]
2026-06-20 05:31:38,512 [instantiator.py] => Created a temporary directory at /tmp/tmpf14snbyc
2026-06-20 05:31:38,513 [instantiator.py] => Writing /tmp/tmpf14snbyc/_remote_module_non_scriptable.py
2026-06-20 05:31:38,888 [factory.py] => Loaded ViT-B-16 model config.
2026-06-20 05:31:41,031 [factory.py] => Loading pretrained ViT-B-16 weights (/home/team/zhaohongwei/pretrained_models/open_clip_pytorch_model_laion400m_e32.bin).
2026-06-20 05:31:43,384 [factory.py] => Loaded ViT-B-16 model config.
2026-06-20 05:31:45,414 [factory.py] => Loading pretrained ViT-B-16 weights (/home/team/zhaohongwei/pretrained_models/open_clip_pytorch_model_laion400m_e32.bin).
2026-06-20 05:31:48,112 [engine.py] => Learning on 0-150
2026-06-20 07:23:23,848 [trainer.py] => CNN: {'total': 85.72, '00-09': 82.53, '10-19': 86.04, '20-29': 86.8, '30-39': 88.65, '40-49': 83.06, '50-59': 85.6, '60-69': 82.08, '70-79': 88.47, '80-89': 89.79, '90-99': 84.42, '100-109': 87.9, '110-119': 83.45, '120-129': 87.69, '130-139': 78.65, '140-149': 89.97, 'old': 0, 'new': 85.72, 'harmonic': 0.0}
2026-06-20 07:23:23,848 [trainer.py] => CNN top1 curve: [85.72]
2026-06-20 07:23:23,848 [trainer.py] => CNN top5 curve: [98.58]
2026-06-20 07:23:23,848 [trainer.py] => Average Accuracy (CNN top1): 85.72
2026-06-20 07:23:23,848 [engine.py] => Learning on 150-180
2026-06-20 08:05:06,001 [trainer.py] => CNN: {'total': 84.28, '00-09': 79.77, '10-19': 83.5, '20-29': 86.67, '30-39': 86.15, '40-49': 81.85, '50-59': 78.6, '60-69': 80.0, '70-79': 87.03, '80-89': 88.96, '90-99': 82.45, '100-109': 86.61, '110-119': 82.25, '120-129': 86.31, '130-139': 78.65, '140-149': 86.55, '150-159': 83.87, '160-169': 91.99, '170-179': 90.61, 'old': 83.82, 'new': 87.78, 'harmonic': 85.75}
2026-06-20 08:05:06,002 [trainer.py] => CNN top1 curve: [85.72, 84.28]
2026-06-20 08:05:06,002 [trainer.py] => CNN top5 curve: [98.58, 98.33]
2026-06-20 08:05:06,002 [trainer.py] => Average Accuracy (CNN top1): 85.0
2026-06-20 08:05:06,002 [engine.py] => Learning on 180-210
2026-06-20 09:02:16,941 [trainer.py] => CNN: {'total': 83.15, '00-09': 78.85, '10-19': 82.99, '20-29': 86.43, '30-39': 84.79, '40-49': 80.24, '50-59': 76.26, '60-69': 78.03, '70-79': 83.6, '80-89': 88.3, '90-99': 77.31, '100-109': 86.29, '110-119': 81.34, '120-129': 85.27, '130-139': 77.43, '140-149': 85.29, '150-159': 79.23, '160-169': 89.5, '170-179': 90.3, '180-189': 82.89, '190-199': 82.13, '200-209': 90.48, 'old': 82.6, 'new': 86.16, 'harmonic': 84.34}
2026-06-20 09:02:16,942 [trainer.py] => CNN top1 curve: [85.72, 84.28, 83.15]
2026-06-20 09:02:16,942 [trainer.py] => CNN top5 curve: [98.58, 98.33, 97.89]
2026-06-20 09:02:16,942 [trainer.py] => Average Accuracy (CNN top1): 84.38333333333334
2026-06-20 09:02:16,942 [engine.py] => Learning on 210-240
2026-06-20 09:57:42,091 [trainer.py] => CNN: {'total': 81.98, '00-09': 76.32, '10-19': 82.49, '20-29': 86.18, '30-39': 82.75, '40-49': 79.3, '50-59': 76.26, '60-69': 76.42, '70-79': 83.42, '80-89': 88.96, '90-99': 77.16, '100-109': 84.84, '110-119': 80.74, '120-129': 84.4, '130-139': 76.91, '140-149': 83.92, '150-159': 78.59, '160-169': 87.02, '170-179': 89.09, '180-189': 80.48, '190-199': 78.73, '200-209': 85.88, '210-219': 81.14, '220-229': 84.26, '230-239': 84.7, 'old': 81.8, 'new': 83.53, 'harmonic': 82.66}
2026-06-20 09:57:42,091 [trainer.py] => CNN top1 curve: [85.72, 84.28, 83.15, 81.98]
2026-06-20 09:57:42,091 [trainer.py] => CNN top5 curve: [98.58, 98.33, 97.89, 97.52]
2026-06-20 09:57:42,091 [trainer.py] => Average Accuracy (CNN top1): 83.7825
2026-06-20 09:57:42,091 [engine.py] => Learning on 240-270
2026-06-20 10:56:32,129 [trainer.py] => CNN: {'total': 80.35, '00-09': 73.79, '10-19': 81.47, '20-29': 84.56, '30-39': 80.48, '40-49': 79.03, '50-59': 76.46, '60-69': 76.42, '70-79': 82.16, '80-89': 87.48, '90-99': 75.04, '100-109': 83.06, '110-119': 79.34, '120-129': 83.02, '130-139': 76.22, '140-149': 82.9, '150-159': 77.96, '160-169': 87.85, '170-179': 86.67, '180-189': 79.17, '190-199': 74.3, '200-209': 85.36, '210-219': 81.14, '220-229': 83.08, '230-239': 85.09, '240-249': 79.27, '250-259': 73.63, '260-269': 75.16, 'old': 80.79, 'new': 75.83, 'harmonic': 78.23}
2026-06-20 10:56:32,129 [trainer.py] => CNN top1 curve: [85.72, 84.28, 83.15, 81.98, 80.35]
2026-06-20 10:56:32,129 [trainer.py] => CNN top5 curve: [98.58, 98.33, 97.89, 97.52, 96.99]
2026-06-20 10:56:32,129 [trainer.py] => Average Accuracy (CNN top1): 83.096
2026-06-20 10:56:32,129 [engine.py] => Learning on 270-300
2026-06-20 12:03:22,033 [trainer.py] => CNN: {'total': 78.43, '00-09': 73.1, '10-19': 81.98, '20-29': 74.6, '30-39': 78.77, '40-49': 76.48, '50-59': 75.68, '60-69': 75.95, '70-79': 80.72, '80-89': 86.49, '90-99': 74.43, '100-109': 83.06, '110-119': 78.44, '120-129': 79.38, '130-139': 75.17, '140-149': 81.19, '150-159': 75.88, '160-169': 87.29, '170-179': 84.85, '180-189': 78.29, '190-199': 71.34, '200-209': 84.54, '210-219': 79.77, '220-229': 82.4, '230-239': 81.84, '240-249': 76.31, '250-259': 66.48, '260-269': 74.07, '270-279': 76.41, '280-289': 72.5, '290-299': 87.46, 'old': 78.36, 'new': 79.04, 'harmonic': 78.7}
2026-06-20 12:03:22,033 [trainer.py] => CNN top1 curve: [85.72, 84.28, 83.15, 81.98, 80.35, 78.43]
2026-06-20 12:03:22,034 [trainer.py] => CNN top5 curve: [98.58, 98.33, 97.89, 97.52, 96.99, 96.46]
2026-06-20 12:03:22,034 [trainer.py] => Average Accuracy (CNN top1): 82.31833333333334
