2026-06-18 17:03:26,267 [trainer.py] => config: ./configs/engine/engine_ucf_B0_Inc10.json
2026-06-18 17:03:26,267 [trainer.py] => prefix: -
2026-06-18 17:03:26,267 [trainer.py] => dataset: ucf101
2026-06-18 17:03:26,267 [trainer.py] => shuffle: True
2026-06-18 17:03:26,268 [trainer.py] => init_cls: 10
2026-06-18 17:03:26,268 [trainer.py] => increment: 10
2026-06-18 17:03:26,268 [trainer.py] => model_name: engine
2026-06-18 17:03:26,268 [trainer.py] => backbone_type: clip
2026-06-18 17:03:26,268 [trainer.py] => device: [device(type='cuda', index=4)]
2026-06-18 17:03:26,268 [trainer.py] => seed: 0
2026-06-18 17:03:26,268 [trainer.py] => projection_type: pure_mlp
2026-06-18 17:03:26,268 [trainer.py] => frozen_layers: visual
2026-06-18 17:03:26,268 [trainer.py] => tuned_epoch: 10
2026-06-18 17:03:26,268 [trainer.py] => init_lr: 0.05
2026-06-18 17:03:26,268 [trainer.py] => batch_size: 64
2026-06-18 17:03:26,268 [trainer.py] => weight_decay: 0.05
2026-06-18 17:03:26,268 [trainer.py] => min_lr: 0
2026-06-18 17:03:26,268 [trainer.py] => optimizer: sgd
2026-06-18 17:03:26,268 [trainer.py] => text_des: 2
2026-06-18 17:03:26,268 [trainer.py] => image_aug: 0
2026-06-18 17:03:26,268 [trainer.py] => rerank: 0.2
2026-06-18 17:03:26,268 [trainer.py] => stat: 0.85
2026-06-18 17:03:26,268 [trainer.py] => sample_num: 0
2026-06-18 17:03:26,268 [trainer.py] => sample_noise: 0
2026-06-18 17:03:26,268 [trainer.py] => rerank_top: 5
2026-06-18 17:03:26,527 [data_manager.py] => [26, 86, 2, 55, 75, 93, 16, 73, 54, 95, 53, 92, 78, 13, 7, 30, 22, 24, 33, 8, 43, 62, 3, 71, 45, 48, 6, 99, 82, 76, 60, 80, 90, 68, 51, 27, 18, 56, 63, 74, 1, 61, 42, 41, 4, 15, 17, 40, 38, 5, 91, 59, 0, 34, 28, 50, 11, 35, 23, 52, 10, 31, 66, 57, 79, 85, 32, 84, 14, 89, 19, 29, 49, 97, 98, 69, 20, 94, 72, 77, 25, 37, 81, 46, 39, 65, 58, 12, 88, 70, 87, 36, 21, 83, 9, 96, 67, 64, 47, 44]
2026-06-18 17:03:28,002 [instantiator.py] => Created a temporary directory at /tmp/tmpyjtremjm
2026-06-18 17:03:28,002 [instantiator.py] => Writing /tmp/tmpyjtremjm/_remote_module_non_scriptable.py
2026-06-18 17:03:28,209 [factory.py] => Loaded ViT-B-16 model config.
2026-06-18 17:03:30,089 [factory.py] => Loading pretrained ViT-B-16 weights (/home/team/zhaohongwei/pretrained_models/open_clip_pytorch_model_laion400m_e32.bin).
2026-06-18 17:03:31,329 [factory.py] => Loaded ViT-B-16 model config.
2026-06-18 17:03:33,148 [factory.py] => Loading pretrained ViT-B-16 weights (/home/team/zhaohongwei/pretrained_models/open_clip_pytorch_model_laion400m_e32.bin).
2026-06-18 17:03:34,298 [engine.py] => Learning on 0-10
2026-06-18 17:05:31,334 [trainer.py] => CNN: {'total': 100.0, '00-09': 100.0, 'old': 0, 'new': 100.0, 'harmonic': 0.0}
2026-06-18 17:05:31,334 [trainer.py] => CNN top1 curve: [100.0]
2026-06-18 17:05:31,335 [trainer.py] => CNN top5 curve: [100.0]
2026-06-18 17:05:31,335 [trainer.py] => Average Accuracy (CNN top1): 100.0
2026-06-18 17:05:31,335 [engine.py] => Learning on 10-20
2026-06-18 17:08:11,554 [trainer.py] => CNN: {'total': 98.07, '00-09': 98.84, '10-19': 97.3, 'old': 98.84, 'new': 97.3, 'harmonic': 98.06}
2026-06-18 17:08:11,555 [trainer.py] => CNN top1 curve: [100.0, 98.07]
2026-06-18 17:08:11,555 [trainer.py] => CNN top5 curve: [100.0, 100.0]
2026-06-18 17:08:11,555 [trainer.py] => Average Accuracy (CNN top1): 99.035
2026-06-18 17:08:11,556 [engine.py] => Learning on 20-30
2026-06-18 17:11:48,070 [trainer.py] => CNN: {'total': 97.22, '00-09': 96.53, '10-19': 95.37, '20-29': 99.63, 'old': 95.95, 'new': 99.63, 'harmonic': 97.76}
2026-06-18 17:11:48,070 [trainer.py] => CNN top1 curve: [100.0, 98.07, 97.22]
2026-06-18 17:11:48,071 [trainer.py] => CNN top5 curve: [100.0, 100.0, 99.87]
2026-06-18 17:11:48,071 [trainer.py] => Average Accuracy (CNN top1): 98.42999999999999
2026-06-18 17:11:48,071 [engine.py] => Learning on 30-40
2026-06-18 17:15:53,496 [trainer.py] => CNN: {'total': 96.75, '00-09': 96.14, '10-19': 94.98, '20-29': 98.53, '30-39': 97.32, 'old': 96.59, 'new': 97.32, 'harmonic': 96.95}
2026-06-18 17:15:53,496 [trainer.py] => CNN top1 curve: [100.0, 98.07, 97.22, 96.75]
2026-06-18 17:15:53,496 [trainer.py] => CNN top5 curve: [100.0, 100.0, 99.87, 99.7]
2026-06-18 17:15:53,497 [trainer.py] => Average Accuracy (CNN top1): 98.00999999999999
2026-06-18 17:15:53,497 [engine.py] => Learning on 40-50
2026-06-18 17:20:45,710 [trainer.py] => CNN: {'total': 95.96, '00-09': 95.37, '10-19': 94.98, '20-29': 97.44, '30-39': 94.64, '40-49': 96.97, 'old': 95.67, 'new': 96.97, 'harmonic': 96.32}
2026-06-18 17:20:45,710 [trainer.py] => CNN top1 curve: [100.0, 98.07, 97.22, 96.75, 95.96]
2026-06-18 17:20:45,710 [trainer.py] => CNN top5 curve: [100.0, 100.0, 99.87, 99.7, 99.7]
2026-06-18 17:20:45,710 [trainer.py] => Average Accuracy (CNN top1): 97.6
2026-06-18 17:20:45,710 [engine.py] => Learning on 50-60
2026-06-18 17:26:43,016 [trainer.py] => CNN: {'total': 93.84, '00-09': 94.21, '10-19': 91.51, '20-29': 96.7, '30-39': 93.3, '40-49': 94.61, '50-59': 92.47, 'old': 94.13, 'new': 92.47, 'harmonic': 93.29}
2026-06-18 17:26:43,017 [trainer.py] => CNN top1 curve: [100.0, 98.07, 97.22, 96.75, 95.96, 93.84]
2026-06-18 17:26:43,017 [trainer.py] => CNN top5 curve: [100.0, 100.0, 99.87, 99.7, 99.7, 99.56]
2026-06-18 17:26:43,017 [trainer.py] => Average Accuracy (CNN top1): 96.97333333333331
2026-06-18 17:26:43,017 [engine.py] => Learning on 60-70
2026-06-18 17:32:52,485 [trainer.py] => CNN: {'total': 92.6, '00-09': 92.28, '10-19': 90.35, '20-29': 95.97, '30-39': 91.96, '40-49': 94.28, '50-59': 88.89, '60-69': 94.33, 'old': 92.33, 'new': 94.33, 'harmonic': 93.32}
2026-06-18 17:32:52,486 [trainer.py] => CNN top1 curve: [100.0, 98.07, 97.22, 96.75, 95.96, 93.84, 92.6]
2026-06-18 17:32:52,486 [trainer.py] => CNN top5 curve: [100.0, 100.0, 99.87, 99.7, 99.7, 99.56, 99.4]
2026-06-18 17:32:52,486 [trainer.py] => Average Accuracy (CNN top1): 96.34857142857142
2026-06-18 17:32:52,486 [engine.py] => Learning on 70-80
2026-06-18 17:39:55,239 [trainer.py] => CNN: {'total': 91.56, '00-09': 90.35, '10-19': 88.03, '20-29': 95.97, '30-39': 90.62, '40-49': 93.6, '50-59': 87.1, '60-69': 91.5, '70-79': 95.16, 'old': 91.08, 'new': 95.16, 'harmonic': 93.08}
2026-06-18 17:39:55,240 [trainer.py] => CNN top1 curve: [100.0, 98.07, 97.22, 96.75, 95.96, 93.84, 92.6, 91.56]
2026-06-18 17:39:55,240 [trainer.py] => CNN top5 curve: [100.0, 100.0, 99.87, 99.7, 99.7, 99.56, 99.4, 99.28]
2026-06-18 17:39:55,240 [trainer.py] => Average Accuracy (CNN top1): 95.75
2026-06-18 17:39:55,240 [engine.py] => Learning on 80-90
2026-06-18 17:47:43,234 [trainer.py] => CNN: {'total': 90.55, '00-09': 88.8, '10-19': 86.1, '20-29': 95.24, '30-39': 88.84, '40-49': 93.27, '50-59': 86.02, '60-69': 90.28, '70-79': 92.34, '80-89': 93.41, 'old': 90.17, 'new': 93.41, 'harmonic': 91.76}
2026-06-18 17:47:43,234 [trainer.py] => CNN top1 curve: [100.0, 98.07, 97.22, 96.75, 95.96, 93.84, 92.6, 91.56, 90.55]
2026-06-18 17:47:43,234 [trainer.py] => CNN top5 curve: [100.0, 100.0, 99.87, 99.7, 99.7, 99.56, 99.4, 99.28, 99.11]
2026-06-18 17:47:43,234 [trainer.py] => Average Accuracy (CNN top1): 95.17222222222222
2026-06-18 17:47:43,234 [engine.py] => Learning on 90-100
2026-06-18 17:56:11,617 [trainer.py] => CNN: {'total': 89.73, '00-09': 89.58, '10-19': 85.33, '20-29': 95.6, '30-39': 88.39, '40-49': 92.59, '50-59': 85.3, '60-69': 87.04, '70-79': 93.55, '80-89': 86.45, '90-99': 92.86, 'old': 89.36, 'new': 92.86, 'harmonic': 91.08}
2026-06-18 17:56:11,618 [trainer.py] => CNN top1 curve: [100.0, 98.07, 97.22, 96.75, 95.96, 93.84, 92.6, 91.56, 90.55, 89.73]
2026-06-18 17:56:11,618 [trainer.py] => CNN top5 curve: [100.0, 100.0, 99.87, 99.7, 99.7, 99.56, 99.4, 99.28, 99.11, 98.86]
2026-06-18 17:56:11,618 [trainer.py] => Average Accuracy (CNN top1): 94.628
