2026-06-18 23:17:15,386 [trainer.py] => config: ./configs/engine/engine_ucf_B50_Inc10.json
2026-06-18 23:17:15,387 [trainer.py] => prefix: -
2026-06-18 23:17:15,387 [trainer.py] => dataset: ucf101
2026-06-18 23:17:15,387 [trainer.py] => shuffle: True
2026-06-18 23:17:15,387 [trainer.py] => init_cls: 50
2026-06-18 23:17:15,387 [trainer.py] => increment: 10
2026-06-18 23:17:15,387 [trainer.py] => model_name: engine
2026-06-18 23:17:15,387 [trainer.py] => backbone_type: clip
2026-06-18 23:17:15,387 [trainer.py] => device: [device(type='cuda', index=4)]
2026-06-18 23:17:15,387 [trainer.py] => seed: 2026
2026-06-18 23:17:15,387 [trainer.py] => projection_type: pure_mlp
2026-06-18 23:17:15,387 [trainer.py] => frozen_layers: visual
2026-06-18 23:17:15,387 [trainer.py] => tuned_epoch: 10
2026-06-18 23:17:15,387 [trainer.py] => init_lr: 0.05
2026-06-18 23:17:15,387 [trainer.py] => batch_size: 64
2026-06-18 23:17:15,387 [trainer.py] => weight_decay: 0.05
2026-06-18 23:17:15,387 [trainer.py] => min_lr: 0
2026-06-18 23:17:15,387 [trainer.py] => optimizer: sgd
2026-06-18 23:17:15,387 [trainer.py] => text_des: 2
2026-06-18 23:17:15,387 [trainer.py] => image_aug: 2
2026-06-18 23:17:15,387 [trainer.py] => rerank: 0.8
2026-06-18 23:17:15,387 [trainer.py] => stat: 0.8
2026-06-18 23:17:15,387 [trainer.py] => sample_num: 0
2026-06-18 23:17:15,388 [trainer.py] => sample_noise: 0.25
2026-06-18 23:17:15,388 [trainer.py] => rerank_top: 5
2026-06-18 23:17:15,429 [data_manager.py] => [98, 10, 4, 18, 88, 13, 8, 84, 79, 21, 85, 96, 53, 42, 52, 97, 74, 5, 58, 23, 90, 59, 16, 72, 75, 30, 43, 99, 44, 41, 0, 46, 61, 80, 65, 39, 70, 87, 89, 91, 82, 14, 12, 71, 50, 11, 15, 57, 22, 67, 45, 32, 78, 63, 66, 55, 31, 62, 35, 34, 19, 49, 24, 9, 37, 36, 3, 64, 40, 86, 81, 93, 47, 73, 17, 60, 68, 25, 38, 48, 33, 20, 83, 7, 27, 94, 54, 2, 92, 76, 69, 51, 28, 29, 95, 77, 56, 26, 6, 1]
2026-06-18 23:17:15,452 [factory.py] => Loaded ViT-B-16 model config.
2026-06-18 23:17:17,198 [factory.py] => Loading pretrained ViT-B-16 weights (/home/team/zhaohongwei/pretrained_models/open_clip_pytorch_model_laion400m_e32.bin).
2026-06-18 23:17:17,977 [factory.py] => Loaded ViT-B-16 model config.
2026-06-18 23:17:19,644 [factory.py] => Loading pretrained ViT-B-16 weights (/home/team/zhaohongwei/pretrained_models/open_clip_pytorch_model_laion400m_e32.bin).
2026-06-18 23:17:20,549 [engine.py] => Learning on 0-50
2026-06-18 23:31:01,751 [trainer.py] => CNN: {'total': 96.2, '00-09': 98.0, '10-19': 94.03, '20-29': 97.62, '30-39': 95.89, '40-49': 95.67, 'old': 0, 'new': 96.2, 'harmonic': 0.0}
2026-06-18 23:31:01,752 [trainer.py] => CNN top1 curve: [96.2]
2026-06-18 23:31:01,752 [trainer.py] => CNN top5 curve: [99.77]
2026-06-18 23:31:01,752 [trainer.py] => Average Accuracy (CNN top1): 96.2
2026-06-18 23:31:01,752 [engine.py] => Learning on 50-60
2026-06-18 23:37:14,914 [trainer.py] => CNN: {'total': 92.96, '00-09': 93.2, '10-19': 90.3, '20-29': 96.43, '30-39': 92.12, '40-49': 89.76, '50-59': 96.0, 'old': 92.33, 'new': 96.0, 'harmonic': 94.13}
2026-06-18 23:37:14,914 [trainer.py] => CNN top1 curve: [96.2, 92.96]
2026-06-18 23:37:14,914 [trainer.py] => CNN top5 curve: [99.77, 99.5]
2026-06-18 23:37:14,915 [trainer.py] => Average Accuracy (CNN top1): 94.58
2026-06-18 23:37:14,915 [engine.py] => Learning on 60-70
2026-06-18 23:44:34,240 [trainer.py] => CNN: {'total': 92.62, '00-09': 93.6, '10-19': 88.81, '20-29': 96.43, '30-39': 89.38, '40-49': 90.55, '50-59': 92.36, '60-69': 97.74, 'old': 91.77, 'new': 97.74, 'harmonic': 94.66}
2026-06-18 23:44:34,240 [trainer.py] => CNN top1 curve: [96.2, 92.96, 92.62]
2026-06-18 23:44:34,240 [trainer.py] => CNN top5 curve: [99.77, 99.5, 99.14]
2026-06-18 23:44:34,240 [trainer.py] => Average Accuracy (CNN top1): 93.92666666666666
2026-06-18 23:44:34,240 [engine.py] => Learning on 70-80
2026-06-18 23:52:43,527 [trainer.py] => CNN: {'total': 92.3, '00-09': 93.6, '10-19': 88.43, '20-29': 94.44, '30-39': 88.7, '40-49': 88.58, '50-59': 91.64, '60-69': 97.36, '70-79': 95.8, 'old': 91.76, 'new': 95.8, 'harmonic': 93.74}
2026-06-18 23:52:43,527 [trainer.py] => CNN top1 curve: [96.2, 92.96, 92.62, 92.3]
2026-06-18 23:52:43,527 [trainer.py] => CNN top5 curve: [99.77, 99.5, 99.14, 99.21]
2026-06-18 23:52:43,528 [trainer.py] => Average Accuracy (CNN top1): 93.52
2026-06-18 23:52:43,528 [engine.py] => Learning on 80-90
2026-06-19 00:01:18,782 [trainer.py] => CNN: {'total': 91.23, '00-09': 92.0, '10-19': 86.57, '20-29': 94.05, '30-39': 88.01, '40-49': 86.61, '50-59': 88.73, '60-69': 96.98, '70-79': 94.76, '80-89': 93.45, 'old': 90.94, 'new': 93.45, 'harmonic': 92.18}
2026-06-19 00:01:18,782 [trainer.py] => CNN top1 curve: [96.2, 92.96, 92.62, 92.3, 91.23]
2026-06-19 00:01:18,782 [trainer.py] => CNN top5 curve: [99.77, 99.5, 99.14, 99.21, 99.17]
2026-06-19 00:01:18,782 [trainer.py] => Average Accuracy (CNN top1): 93.062
2026-06-19 00:01:18,782 [engine.py] => Learning on 90-100
2026-06-19 00:11:00,624 [trainer.py] => CNN: {'total': 90.22, '00-09': 90.4, '10-19': 85.82, '20-29': 94.05, '30-39': 87.33, '40-49': 85.83, '50-59': 88.36, '60-69': 95.09, '70-79': 94.06, '80-89': 92.73, '90-99': 88.29, 'old': 90.4, 'new': 88.29, 'harmonic': 89.33}
2026-06-19 00:11:00,625 [trainer.py] => CNN top1 curve: [96.2, 92.96, 92.62, 92.3, 91.23, 90.22]
2026-06-19 00:11:00,625 [trainer.py] => CNN top5 curve: [99.77, 99.5, 99.14, 99.21, 99.17, 98.79]
2026-06-19 00:11:00,625 [trainer.py] => Average Accuracy (CNN top1): 92.58833333333332
