2026-06-18 18:49:44,686 [trainer.py] => config: ./configs/engine/engine_ucf_B0_Inc10.json
2026-06-18 18:49:44,687 [trainer.py] => prefix: -
2026-06-18 18:49:44,687 [trainer.py] => dataset: ucf101
2026-06-18 18:49:44,687 [trainer.py] => shuffle: True
2026-06-18 18:49:44,687 [trainer.py] => init_cls: 10
2026-06-18 18:49:44,687 [trainer.py] => increment: 10
2026-06-18 18:49:44,687 [trainer.py] => model_name: engine
2026-06-18 18:49:44,687 [trainer.py] => backbone_type: clip
2026-06-18 18:49:44,687 [trainer.py] => device: [device(type='cuda', index=4)]
2026-06-18 18:49:44,687 [trainer.py] => seed: 1993
2026-06-18 18:49:44,687 [trainer.py] => projection_type: pure_mlp
2026-06-18 18:49:44,687 [trainer.py] => frozen_layers: visual
2026-06-18 18:49:44,687 [trainer.py] => tuned_epoch: 10
2026-06-18 18:49:44,687 [trainer.py] => init_lr: 0.05
2026-06-18 18:49:44,687 [trainer.py] => batch_size: 64
2026-06-18 18:49:44,687 [trainer.py] => weight_decay: 0.05
2026-06-18 18:49:44,687 [trainer.py] => min_lr: 0
2026-06-18 18:49:44,687 [trainer.py] => optimizer: sgd
2026-06-18 18:49:44,687 [trainer.py] => text_des: 2
2026-06-18 18:49:44,687 [trainer.py] => image_aug: 0
2026-06-18 18:49:44,688 [trainer.py] => rerank: 0.2
2026-06-18 18:49:44,688 [trainer.py] => stat: 0.85
2026-06-18 18:49:44,688 [trainer.py] => sample_num: 0
2026-06-18 18:49:44,688 [trainer.py] => sample_noise: 0
2026-06-18 18:49:44,688 [trainer.py] => rerank_top: 5
2026-06-18 18:49:44,746 [data_manager.py] => [68, 56, 78, 8, 23, 84, 90, 65, 74, 76, 40, 89, 3, 92, 55, 9, 26, 80, 43, 38, 58, 70, 77, 1, 85, 19, 17, 50, 28, 53, 13, 81, 45, 82, 6, 59, 83, 16, 15, 44, 91, 41, 72, 60, 79, 52, 20, 10, 31, 54, 37, 95, 14, 71, 96, 98, 97, 2, 64, 66, 42, 22, 35, 86, 24, 34, 87, 21, 99, 0, 88, 27, 18, 94, 11, 12, 47, 25, 30, 46, 62, 69, 36, 61, 7, 63, 75, 5, 32, 4, 51, 48, 73, 93, 39, 67, 29, 49, 57, 33]
2026-06-18 18:49:44,780 [factory.py] => Loaded ViT-B-16 model config.
2026-06-18 18:49:46,418 [factory.py] => Loading pretrained ViT-B-16 weights (/home/team/zhaohongwei/pretrained_models/open_clip_pytorch_model_laion400m_e32.bin).
2026-06-18 18:49:48,427 [factory.py] => Loaded ViT-B-16 model config.
2026-06-18 18:49:49,906 [factory.py] => Loading pretrained ViT-B-16 weights (/home/team/zhaohongwei/pretrained_models/open_clip_pytorch_model_laion400m_e32.bin).
2026-06-18 18:49:51,426 [engine.py] => Learning on 0-10
2026-06-18 18:51:46,509 [trainer.py] => CNN: {'total': 99.6, '00-09': 99.6, 'old': 0, 'new': 99.6, 'harmonic': 0.0}
2026-06-18 18:51:46,510 [trainer.py] => CNN top1 curve: [99.6]
2026-06-18 18:51:46,510 [trainer.py] => CNN top5 curve: [100.0]
2026-06-18 18:51:46,510 [trainer.py] => Average Accuracy (CNN top1): 99.6
2026-06-18 18:51:46,510 [engine.py] => Learning on 10-20
2026-06-18 18:54:34,821 [trainer.py] => CNN: {'total': 98.83, '00-09': 97.63, '10-19': 100.0, 'old': 97.63, 'new': 100.0, 'harmonic': 98.8}
2026-06-18 18:54:34,822 [trainer.py] => CNN top1 curve: [99.6, 98.83]
2026-06-18 18:54:34,822 [trainer.py] => CNN top5 curve: [100.0, 100.0]
2026-06-18 18:54:34,822 [trainer.py] => Average Accuracy (CNN top1): 99.215
2026-06-18 18:54:34,823 [engine.py] => Learning on 20-30
2026-06-18 18:57:59,589 [trainer.py] => CNN: {'total': 97.46, '00-09': 94.86, '10-19': 98.85, '20-29': 98.55, 'old': 96.88, 'new': 98.55, 'harmonic': 97.71}
2026-06-18 18:57:59,589 [trainer.py] => CNN top1 curve: [99.6, 98.83, 97.46]
2026-06-18 18:57:59,589 [trainer.py] => CNN top5 curve: [100.0, 100.0, 99.87]
2026-06-18 18:57:59,589 [trainer.py] => Average Accuracy (CNN top1): 98.63
2026-06-18 18:57:59,589 [engine.py] => Learning on 30-40
2026-06-18 19:02:02,614 [trainer.py] => CNN: {'total': 95.27, '00-09': 92.89, '10-19': 95.0, '20-29': 95.27, '30-39': 97.99, 'old': 94.42, 'new': 97.99, 'harmonic': 96.17}
2026-06-18 19:02:02,614 [trainer.py] => CNN top1 curve: [99.6, 98.83, 97.46, 95.27]
2026-06-18 19:02:02,614 [trainer.py] => CNN top5 curve: [100.0, 100.0, 99.87, 99.81]
2026-06-18 19:02:02,614 [trainer.py] => Average Accuracy (CNN top1): 97.78999999999999
2026-06-18 19:02:02,615 [engine.py] => Learning on 40-50
2026-06-18 19:07:03,439 [trainer.py] => CNN: {'total': 94.74, '00-09': 92.89, '10-19': 95.38, '20-29': 93.45, '30-39': 95.18, '40-49': 96.72, 'old': 94.21, 'new': 96.72, 'harmonic': 95.45}
2026-06-18 19:07:03,439 [trainer.py] => CNN top1 curve: [99.6, 98.83, 97.46, 95.27, 94.74]
2026-06-18 19:07:03,439 [trainer.py] => CNN top5 curve: [100.0, 100.0, 99.87, 99.81, 99.77]
2026-06-18 19:07:03,439 [trainer.py] => Average Accuracy (CNN top1): 97.17999999999999
2026-06-18 19:07:03,439 [engine.py] => Learning on 50-60
2026-06-18 19:12:36,411 [trainer.py] => CNN: {'total': 93.23, '00-09': 88.54, '10-19': 95.77, '20-29': 90.18, '30-39': 92.37, '40-49': 94.89, '50-59': 97.93, 'old': 92.37, 'new': 97.93, 'harmonic': 95.07}
2026-06-18 19:12:36,411 [trainer.py] => CNN top1 curve: [99.6, 98.83, 97.46, 95.27, 94.74, 93.23]
2026-06-18 19:12:36,411 [trainer.py] => CNN top5 curve: [100.0, 100.0, 99.87, 99.81, 99.77, 99.68]
2026-06-18 19:12:36,411 [trainer.py] => Average Accuracy (CNN top1): 96.52166666666666
2026-06-18 19:12:36,411 [engine.py] => Learning on 60-70
2026-06-18 19:18:48,715 [trainer.py] => CNN: {'total': 91.95, '00-09': 84.98, '10-19': 93.46, '20-29': 89.82, '30-39': 91.97, '40-49': 94.53, '50-59': 95.44, '60-69': 93.43, 'old': 91.69, 'new': 93.43, 'harmonic': 92.55}
2026-06-18 19:18:48,715 [trainer.py] => CNN top1 curve: [99.6, 98.83, 97.46, 95.27, 94.74, 93.23, 91.95]
2026-06-18 19:18:48,715 [trainer.py] => CNN top5 curve: [100.0, 100.0, 99.87, 99.81, 99.77, 99.68, 99.56]
2026-06-18 19:18:48,715 [trainer.py] => Average Accuracy (CNN top1): 95.86857142857143
2026-06-18 19:18:48,715 [engine.py] => Learning on 70-80
2026-06-18 19:26:03,676 [trainer.py] => CNN: {'total': 91.51, '00-09': 85.77, '10-19': 91.92, '20-29': 88.0, '30-39': 91.16, '40-49': 94.16, '50-59': 94.61, '60-69': 90.51, '70-79': 96.15, 'old': 90.85, 'new': 96.15, 'harmonic': 93.42}
2026-06-18 19:26:03,677 [trainer.py] => CNN top1 curve: [99.6, 98.83, 97.46, 95.27, 94.74, 93.23, 91.95, 91.51]
2026-06-18 19:26:03,677 [trainer.py] => CNN top5 curve: [100.0, 100.0, 99.87, 99.81, 99.77, 99.68, 99.56, 99.57]
2026-06-18 19:26:03,677 [trainer.py] => Average Accuracy (CNN top1): 95.32375
2026-06-18 19:26:03,677 [engine.py] => Learning on 80-90
2026-06-18 19:33:46,810 [trainer.py] => CNN: {'total': 91.44, '00-09': 84.98, '10-19': 91.92, '20-29': 86.91, '30-39': 90.76, '40-49': 94.16, '50-59': 90.46, '60-69': 90.88, '70-79': 95.77, '80-89': 96.28, 'old': 90.75, 'new': 96.28, 'harmonic': 93.43}
2026-06-18 19:33:46,810 [trainer.py] => CNN top1 curve: [99.6, 98.83, 97.46, 95.27, 94.74, 93.23, 91.95, 91.51, 91.44]
2026-06-18 19:33:46,810 [trainer.py] => CNN top5 curve: [100.0, 100.0, 99.87, 99.81, 99.77, 99.68, 99.56, 99.57, 99.24]
2026-06-18 19:33:46,810 [trainer.py] => Average Accuracy (CNN top1): 94.89222222222222
2026-06-18 19:33:46,810 [engine.py] => Learning on 90-100
2026-06-18 19:42:23,995 [trainer.py] => CNN: {'total': 90.11, '00-09': 84.19, '10-19': 91.92, '20-29': 87.27, '30-39': 91.97, '40-49': 93.43, '50-59': 88.8, '60-69': 89.78, '70-79': 91.92, '80-89': 94.26, '90-99': 86.77, 'old': 90.47, 'new': 86.77, 'harmonic': 88.58}
2026-06-18 19:42:23,996 [trainer.py] => CNN top1 curve: [99.6, 98.83, 97.46, 95.27, 94.74, 93.23, 91.95, 91.51, 91.44, 90.11]
2026-06-18 19:42:23,996 [trainer.py] => CNN top5 curve: [100.0, 100.0, 99.87, 99.81, 99.77, 99.68, 99.56, 99.57, 99.24, 98.94]
2026-06-18 19:42:23,996 [trainer.py] => Average Accuracy (CNN top1): 94.414
