2026-06-23 22:34:44,911 [trainer.py] => config: ./configs/rapf/rapf_cars_B50_Inc10.json
2026-06-23 22:34:44,911 [trainer.py] => prefix: -
2026-06-23 22:34:44,911 [trainer.py] => dataset: cars
2026-06-23 22:34:44,911 [trainer.py] => memory_size: 0
2026-06-23 22:34:44,911 [trainer.py] => memory_per_class: 0
2026-06-23 22:34:44,912 [trainer.py] => fixed_memory: False
2026-06-23 22:34:44,912 [trainer.py] => shuffle: True
2026-06-23 22:34:44,912 [trainer.py] => init_cls: 50
2026-06-23 22:34:44,912 [trainer.py] => increment: 10
2026-06-23 22:34:44,912 [trainer.py] => model_name: rapf
2026-06-23 22:34:44,912 [trainer.py] => backbone_type: clip
2026-06-23 22:34:44,912 [trainer.py] => device: [device(type='cuda', index=4)]
2026-06-23 22:34:44,912 [trainer.py] => seed: 0
2026-06-23 22:34:44,912 [trainer.py] => batch_size: 128
2026-06-23 22:34:44,912 [trainer.py] => init_lr: 0.001
2026-06-23 22:34:44,912 [trainer.py] => epochs: 10
2026-06-23 22:34:44,912 [trainer.py] => beta: 2
2026-06-23 22:34:44,912 [trainer.py] => mix_bias: 0.6
2026-06-23 22:34:44,912 [trainer.py] => threshold: 0.55
2026-06-23 22:34:44,912 [trainer.py] => total_class_num: 100
2026-06-23 22:34:45,039 [data_manager.py] => [26, 86, 2, 55, 75, 93, 16, 73, 54, 95, 53, 92, 78, 13, 7, 30, 22, 24, 33, 8, 43, 62, 3, 71, 45, 48, 6, 99, 82, 76, 60, 80, 90, 68, 51, 27, 18, 56, 63, 74, 1, 61, 42, 41, 4, 15, 17, 40, 38, 5, 91, 59, 0, 34, 28, 50, 11, 35, 23, 52, 10, 31, 66, 57, 79, 85, 32, 84, 14, 89, 19, 29, 49, 97, 98, 69, 20, 94, 72, 77, 25, 37, 81, 46, 39, 65, 58, 12, 88, 70, 87, 36, 21, 83, 9, 96, 67, 64, 47, 44]
2026-06-23 22:34:46,612 [instantiator.py] => Created a temporary directory at /tmp/tmpmvd8zzhg
2026-06-23 22:34:46,613 [instantiator.py] => Writing /tmp/tmpmvd8zzhg/_remote_module_non_scriptable.py
2026-06-23 22:34:46,804 [factory.py] => Loaded ViT-B-16 model config.
2026-06-23 22:34:49,216 [factory.py] => Loading pretrained ViT-B-16 weights (/home/team/zhaohongwei/pretrained_models/open_clip_pytorch_model_laion400m_e32.bin).
2026-06-23 22:34:51,910 [factory.py] => Loaded ViT-B-16 model config.
2026-06-23 22:34:53,899 [factory.py] => Loading pretrained ViT-B-16 weights (/home/team/zhaohongwei/pretrained_models/open_clip_pytorch_model_laion400m_e32.bin).
2026-06-23 22:34:55,781 [rapf.py] => Learning on 0-50
2026-06-23 22:37:50,720 [trainer.py] => CNN: {'total': 94.96, '00-09': 96.16, '10-19': 97.14, '20-29': 95.6, '30-39': 94.83, '40-49': 90.82, 'old': 0, 'new': 94.96, 'harmonic': 0.0}
2026-06-23 22:37:50,720 [trainer.py] => CNN top1 curve: [94.96]
2026-06-23 22:37:50,720 [trainer.py] => CNN top5 curve: [99.85]
2026-06-23 22:37:50,720 [trainer.py] => Average Accuracy (CNN top1): 94.96
2026-06-23 22:37:50,720 [rapf.py] => Learning on 50-60
2026-06-23 22:40:07,086 [trainer.py] => CNN: {'total': 87.39, '00-09': 92.81, '10-19': 83.77, '20-29': 88.26, '30-39': 78.08, '40-49': 86.22, '50-59': 95.24, 'old': 85.85, 'new': 95.24, 'harmonic': 90.3}
2026-06-23 22:40:07,087 [trainer.py] => CNN top1 curve: [94.96, 87.39]
2026-06-23 22:40:07,087 [trainer.py] => CNN top5 curve: [99.85, 99.63]
2026-06-23 22:40:07,087 [trainer.py] => Average Accuracy (CNN top1): 91.175
2026-06-23 22:40:07,087 [rapf.py] => Learning on 60-70
2026-06-23 22:42:34,663 [trainer.py] => CNN: {'total': 82.07, '00-09': 71.7, '10-19': 70.41, '20-29': 87.78, '30-39': 81.03, '40-49': 84.18, '50-59': 84.96, '60-69': 95.1, 'old': 79.89, 'new': 95.1, 'harmonic': 86.83}
2026-06-23 22:42:34,664 [trainer.py] => CNN top1 curve: [94.96, 87.39, 82.07]
2026-06-23 22:42:34,664 [trainer.py] => CNN top5 curve: [99.85, 99.63, 99.3]
2026-06-23 22:42:34,664 [trainer.py] => Average Accuracy (CNN top1): 88.13999999999999
2026-06-23 22:42:34,665 [rapf.py] => Learning on 70-80
2026-06-23 22:45:17,431 [trainer.py] => CNN: {'total': 73.0, '00-09': 54.68, '10-19': 47.26, '20-29': 83.13, '30-39': 55.67, '40-49': 77.3, '50-59': 95.49, '60-69': 75.25, '70-79': 96.19, 'old': 69.58, 'new': 96.19, 'harmonic': 80.75}
2026-06-23 22:45:17,432 [trainer.py] => CNN top1 curve: [94.96, 87.39, 82.07, 73.0]
2026-06-23 22:45:17,432 [trainer.py] => CNN top5 curve: [99.85, 99.63, 99.3, 99.17]
2026-06-23 22:45:17,432 [trainer.py] => Average Accuracy (CNN top1): 84.35499999999999
2026-06-23 22:45:17,432 [rapf.py] => Learning on 80-90
2026-06-23 22:48:14,775 [trainer.py] => CNN: {'total': 69.09, '00-09': 61.87, '10-19': 49.64, '20-29': 67.24, '30-39': 49.01, '40-49': 68.37, '50-59': 87.22, '60-69': 67.4, '70-79': 75.48, '80-89': 95.9, 'old': 65.69, 'new': 95.9, 'harmonic': 77.97}
2026-06-23 22:48:14,776 [trainer.py] => CNN top1 curve: [94.96, 87.39, 82.07, 73.0, 69.09]
2026-06-23 22:48:14,776 [trainer.py] => CNN top5 curve: [99.85, 99.63, 99.3, 99.17, 98.78]
2026-06-23 22:48:14,776 [trainer.py] => Average Accuracy (CNN top1): 81.30199999999999
2026-06-23 22:48:14,776 [rapf.py] => Learning on 90-100
2026-06-23 22:51:25,847 [trainer.py] => CNN: {'total': 66.42, '00-09': 67.39, '10-19': 47.26, '20-29': 45.72, '30-39': 47.04, '40-49': 74.49, '50-59': 77.94, '60-69': 69.12, '70-79': 66.67, '80-89': 73.01, '90-99': 97.24, 'old': 63.09, 'new': 97.24, 'harmonic': 76.53}
2026-06-23 22:51:25,847 [trainer.py] => CNN top1 curve: [94.96, 87.39, 82.07, 73.0, 69.09, 66.42]
2026-06-23 22:51:25,847 [trainer.py] => CNN top5 curve: [99.85, 99.63, 99.3, 99.17, 98.78, 98.14]
2026-06-23 22:51:25,848 [trainer.py] => Average Accuracy (CNN top1): 78.82166666666667
