2026-07-31 20:21:35,678 [trainer.py] => config: configs/rapf/rapf_cars_B0_Inc10.json
2026-07-31 20:21:35,678 [trainer.py] => prefix: -
2026-07-31 20:21:35,678 [trainer.py] => dataset: cars
2026-07-31 20:21:35,678 [trainer.py] => memory_size: 0
2026-07-31 20:21:35,678 [trainer.py] => memory_per_class: 0
2026-07-31 20:21:35,678 [trainer.py] => fixed_memory: False
2026-07-31 20:21:35,678 [trainer.py] => shuffle: True
2026-07-31 20:21:35,678 [trainer.py] => init_cls: 10
2026-07-31 20:21:35,678 [trainer.py] => increment: 10
2026-07-31 20:21:35,678 [trainer.py] => model_name: rapf
2026-07-31 20:21:35,678 [trainer.py] => backbone_type: clip
2026-07-31 20:21:35,678 [trainer.py] => device: [device(type='cuda', index=1)]
2026-07-31 20:21:35,679 [trainer.py] => seed: 1993
2026-07-31 20:21:35,679 [trainer.py] => batch_size: 128
2026-07-31 20:21:35,679 [trainer.py] => init_lr: 0.001
2026-07-31 20:21:35,679 [trainer.py] => epochs: 10
2026-07-31 20:21:35,679 [trainer.py] => beta: 2
2026-07-31 20:21:35,679 [trainer.py] => mix_bias: 0.6
2026-07-31 20:21:35,679 [trainer.py] => threshold: 0.55
2026-07-31 20:21:35,679 [trainer.py] => total_class_num: 100
2026-07-31 20:21:35,921 [data_manager.py] => [68, 56, 78, 8, 23, 84, 90, 65, 74, 76, 40, 89, 3, 92, 55, 9, 26, 80, 43, 38, 58, 70, 77, 1, 85, 19, 17, 50, 28, 53, 13, 81, 45, 82, 6, 59, 83, 16, 15, 44, 91, 41, 72, 60, 79, 52, 20, 10, 31, 54, 37, 95, 14, 71, 96, 98, 97, 2, 64, 66, 42, 22, 35, 86, 24, 34, 87, 21, 99, 0, 88, 27, 18, 94, 11, 12, 47, 25, 30, 46, 62, 69, 36, 61, 7, 63, 75, 5, 32, 4, 51, 48, 73, 93, 39, 67, 29, 49, 57, 33]
2026-07-31 20:21:39,997 [instantiator.py] => Created a temporary directory at /tmp/tmp9asuns7s
2026-07-31 20:21:39,997 [instantiator.py] => Writing /tmp/tmp9asuns7s/_remote_module_non_scriptable.py
2026-07-31 20:21:40,254 [factory.py] => Loaded ViT-B-16 model config.
2026-07-31 20:21:41,606 [factory.py] => Loading pretrained ViT-B-16 weights (/public/home/hanlida/Dr.1/pretrained_models/open_clip_pytorch_model_laion400m_e32.bin).
2026-07-31 20:21:43,133 [factory.py] => Loaded ViT-B-16 model config.
2026-07-31 20:21:44,477 [factory.py] => Loading pretrained ViT-B-16 weights (/public/home/hanlida/Dr.1/pretrained_models/open_clip_pytorch_model_laion400m_e32.bin).
2026-07-31 20:21:46,520 [rapf.py] => Learning on 0-10
2026-07-31 20:22:17,432 [trainer.py] => CNN: {'total': 99.29, '00-09': 99.29, 'old': 0, 'new': 99.29, 'harmonic': 0.0}
2026-07-31 20:22:17,433 [trainer.py] => CNN top1 curve: [99.29]
2026-07-31 20:22:17,433 [trainer.py] => CNN top5 curve: [100.0]
2026-07-31 20:22:17,433 [trainer.py] => Average Accuracy (CNN top1): 99.29
2026-07-31 20:22:17,433 [rapf.py] => Learning on 10-20
2026-07-31 20:22:51,245 [trainer.py] => CNN: {'total': 95.27, '00-09': 93.87, '10-19': 96.75, 'old': 93.87, 'new': 96.75, 'harmonic': 95.29}
2026-07-31 20:22:51,246 [trainer.py] => CNN top1 curve: [99.29, 95.27]
2026-07-31 20:22:51,246 [trainer.py] => CNN top5 curve: [100.0, 100.0]
2026-07-31 20:22:51,246 [trainer.py] => Average Accuracy (CNN top1): 97.28
2026-07-31 20:22:51,247 [rapf.py] => Learning on 20-30
2026-07-31 20:23:23,838 [trainer.py] => CNN: {'total': 94.29, '00-09': 91.27, '10-19': 97.0, '20-29': 94.76, 'old': 94.05, 'new': 94.76, 'harmonic': 94.4}
2026-07-31 20:23:23,838 [trainer.py] => CNN top1 curve: [99.29, 95.27, 94.29]
2026-07-31 20:23:23,838 [trainer.py] => CNN top5 curve: [100.0, 100.0, 100.0]
2026-07-31 20:23:23,838 [trainer.py] => Average Accuracy (CNN top1): 96.28333333333335
2026-07-31 20:23:23,839 [rapf.py] => Learning on 30-40
2026-07-31 20:23:56,855 [trainer.py] => CNN: {'total': 85.33, '00-09': 90.57, '10-19': 88.5, '20-29': 78.33, '30-39': 83.93, 'old': 85.77, 'new': 83.93, 'harmonic': 84.84}
2026-07-31 20:23:56,855 [trainer.py] => CNN top1 curve: [99.29, 95.27, 94.29, 85.33]
2026-07-31 20:23:56,855 [trainer.py] => CNN top5 curve: [100.0, 100.0, 100.0, 99.82]
2026-07-31 20:23:56,855 [trainer.py] => Average Accuracy (CNN top1): 93.545
2026-07-31 20:23:56,856 [rapf.py] => Learning on 40-50
2026-07-31 20:24:30,381 [trainer.py] => CNN: {'total': 82.92, '00-09': 92.22, '10-19': 85.0, '20-29': 64.76, '30-39': 77.55, '40-49': 95.27, 'old': 79.89, 'new': 95.27, 'harmonic': 86.9}
2026-07-31 20:24:30,381 [trainer.py] => CNN top1 curve: [99.29, 95.27, 94.29, 85.33, 82.92]
2026-07-31 20:24:30,381 [trainer.py] => CNN top5 curve: [100.0, 100.0, 100.0, 99.82, 99.56]
2026-07-31 20:24:30,381 [trainer.py] => Average Accuracy (CNN top1): 91.42
2026-07-31 20:24:30,382 [rapf.py] => Learning on 50-60
2026-07-31 20:25:05,621 [trainer.py] => CNN: {'total': 78.42, '00-09': 84.2, '10-19': 73.0, '20-29': 68.33, '30-39': 70.41, '40-49': 77.61, '50-59': 96.37, 'old': 74.78, 'new': 96.37, 'harmonic': 84.21}
2026-07-31 20:25:05,621 [trainer.py] => CNN top1 curve: [99.29, 95.27, 94.29, 85.33, 82.92, 78.42]
2026-07-31 20:25:05,622 [trainer.py] => CNN top5 curve: [100.0, 100.0, 100.0, 99.82, 99.56, 99.39]
2026-07-31 20:25:05,622 [trainer.py] => Average Accuracy (CNN top1): 89.25333333333333
2026-07-31 20:25:05,622 [rapf.py] => Learning on 60-70
2026-07-31 20:25:40,870 [trainer.py] => CNN: {'total': 74.13, '00-09': 68.16, '10-19': 85.0, '20-29': 64.29, '30-39': 67.35, '40-49': 68.41, '50-59': 76.27, '60-69': 89.73, 'old': 71.52, 'new': 89.73, 'harmonic': 79.6}
2026-07-31 20:25:40,871 [trainer.py] => CNN top1 curve: [99.29, 95.27, 94.29, 85.33, 82.92, 78.42, 74.13]
2026-07-31 20:25:40,871 [trainer.py] => CNN top5 curve: [100.0, 100.0, 100.0, 99.82, 99.56, 99.39, 98.25]
2026-07-31 20:25:40,871 [trainer.py] => Average Accuracy (CNN top1): 87.09285714285714
2026-07-31 20:25:40,871 [rapf.py] => Learning on 70-80
2026-07-31 20:26:16,951 [trainer.py] => CNN: {'total': 71.86, '00-09': 59.2, '10-19': 87.0, '20-29': 70.71, '30-39': 73.47, '40-49': 62.44, '50-59': 61.26, '60-69': 68.22, '70-79': 93.98, 'old': 68.78, 'new': 93.98, 'harmonic': 79.43}
2026-07-31 20:26:16,951 [trainer.py] => CNN top1 curve: [99.29, 95.27, 94.29, 85.33, 82.92, 78.42, 74.13, 71.86]
2026-07-31 20:26:16,951 [trainer.py] => CNN top5 curve: [100.0, 100.0, 100.0, 99.82, 99.56, 99.39, 98.25, 98.47]
2026-07-31 20:26:16,952 [trainer.py] => Average Accuracy (CNN top1): 85.18875
2026-07-31 20:26:16,952 [rapf.py] => Learning on 80-90
2026-07-31 20:26:56,669 [trainer.py] => CNN: {'total': 69.96, '00-09': 74.53, '10-19': 59.0, '20-29': 68.57, '30-39': 70.92, '40-49': 71.39, '50-59': 62.71, '60-69': 61.12, '70-79': 65.91, '80-89': 94.51, 'old': 66.8, 'new': 94.51, 'harmonic': 78.27}
2026-07-31 20:26:56,670 [trainer.py] => CNN top1 curve: [99.29, 95.27, 94.29, 85.33, 82.92, 78.42, 74.13, 71.86, 69.96]
2026-07-31 20:26:56,670 [trainer.py] => CNN top5 curve: [100.0, 100.0, 100.0, 99.82, 99.56, 99.39, 98.25, 98.47, 98.29]
2026-07-31 20:26:56,671 [trainer.py] => Average Accuracy (CNN top1): 83.49666666666667
2026-07-31 20:26:56,671 [rapf.py] => Learning on 90-100
2026-07-31 20:28:21,768 [trainer.py] => CNN: {'total': 67.5, '00-09': 65.33, '10-19': 71.0, '20-29': 60.24, '30-39': 80.61, '40-49': 53.48, '50-59': 50.85, '60-69': 68.22, '70-79': 70.68, '80-89': 63.48, '90-99': 92.35, 'old': 64.76, 'new': 92.35, 'harmonic': 76.13}
2026-07-31 20:28:21,768 [trainer.py] => CNN top1 curve: [99.29, 95.27, 94.29, 85.33, 82.92, 78.42, 74.13, 71.86, 69.96, 67.5]
2026-07-31 20:28:21,768 [trainer.py] => CNN top5 curve: [100.0, 100.0, 100.0, 99.82, 99.56, 99.39, 98.25, 98.47, 98.29, 98.31]
2026-07-31 20:28:21,768 [trainer.py] => Average Accuracy (CNN top1): 81.897
2026-08-01 01:19:46,480 [trainer.py] => config: configs/rapf/rapf_cars_B0_Inc10.json
2026-08-01 01:19:46,500 [trainer.py] => prefix: -
2026-08-01 01:19:46,500 [trainer.py] => dataset: cars
2026-08-01 01:19:46,500 [trainer.py] => memory_size: 0
2026-08-01 01:19:46,500 [trainer.py] => memory_per_class: 0
2026-08-01 01:19:46,500 [trainer.py] => fixed_memory: False
2026-08-01 01:19:46,500 [trainer.py] => shuffle: True
2026-08-01 01:19:46,500 [trainer.py] => init_cls: 10
2026-08-01 01:19:46,500 [trainer.py] => increment: 10
2026-08-01 01:19:46,500 [trainer.py] => model_name: rapf
2026-08-01 01:19:46,500 [trainer.py] => backbone_type: clip
2026-08-01 01:19:46,500 [trainer.py] => device: [device(type='cuda', index=1)]
2026-08-01 01:19:46,500 [trainer.py] => seed: 1993
2026-08-01 01:19:46,500 [trainer.py] => batch_size: 128
2026-08-01 01:19:46,500 [trainer.py] => init_lr: 0.001
2026-08-01 01:19:46,500 [trainer.py] => epochs: 10
2026-08-01 01:19:46,500 [trainer.py] => beta: 2
2026-08-01 01:19:46,500 [trainer.py] => mix_bias: 0.6
2026-08-01 01:19:46,501 [trainer.py] => threshold: 0.55
2026-08-01 01:19:46,501 [trainer.py] => total_class_num: 100
2026-08-01 01:19:46,661 [data_manager.py] => [68, 56, 78, 8, 23, 84, 90, 65, 74, 76, 40, 89, 3, 92, 55, 9, 26, 80, 43, 38, 58, 70, 77, 1, 85, 19, 17, 50, 28, 53, 13, 81, 45, 82, 6, 59, 83, 16, 15, 44, 91, 41, 72, 60, 79, 52, 20, 10, 31, 54, 37, 95, 14, 71, 96, 98, 97, 2, 64, 66, 42, 22, 35, 86, 24, 34, 87, 21, 99, 0, 88, 27, 18, 94, 11, 12, 47, 25, 30, 46, 62, 69, 36, 61, 7, 63, 75, 5, 32, 4, 51, 48, 73, 93, 39, 67, 29, 49, 57, 33]
2026-08-01 01:19:55,142 [instantiator.py] => Created a temporary directory at /tmp/tmpwxlg7xx8
2026-08-01 01:19:55,143 [instantiator.py] => Writing /tmp/tmpwxlg7xx8/_remote_module_non_scriptable.py
2026-08-01 01:19:56,842 [factory.py] => Loaded ViT-B-16 model config.
2026-08-01 01:19:58,380 [factory.py] => Loading pretrained ViT-B-16 weights (/public/home/hanlida/Dr.1/pretrained_models/open_clip_pytorch_model_laion400m_e32.bin).
2026-08-01 01:20:00,839 [factory.py] => Loaded ViT-B-16 model config.
2026-08-01 01:20:02,070 [factory.py] => Loading pretrained ViT-B-16 weights (/public/home/hanlida/Dr.1/pretrained_models/open_clip_pytorch_model_laion400m_e32.bin).
2026-08-01 01:20:04,304 [rapf.py] => Learning on 0-10
2026-08-01 01:20:36,490 [trainer.py] => CNN: {'total': 99.29, '00-09': 99.29, 'old': 0, 'new': 99.29, 'harmonic': 0.0}
2026-08-01 01:20:36,491 [trainer.py] => CNN top1 curve: [99.29]
2026-08-01 01:20:36,491 [trainer.py] => CNN top5 curve: [100.0]
2026-08-01 01:20:36,491 [trainer.py] => Average Accuracy (CNN top1): 99.29
2026-08-01 01:20:36,491 [rapf.py] => Learning on 10-20
2026-08-01 01:21:08,168 [trainer.py] => CNN: {'total': 95.27, '00-09': 93.87, '10-19': 96.75, 'old': 93.87, 'new': 96.75, 'harmonic': 95.29}
2026-08-01 01:21:08,168 [trainer.py] => CNN top1 curve: [99.29, 95.27]
2026-08-01 01:21:08,168 [trainer.py] => CNN top5 curve: [100.0, 100.0]
2026-08-01 01:21:08,168 [trainer.py] => Average Accuracy (CNN top1): 97.28
2026-08-01 01:21:08,168 [rapf.py] => Learning on 20-30
2026-08-01 01:21:40,209 [trainer.py] => CNN: {'total': 94.29, '00-09': 91.27, '10-19': 97.0, '20-29': 94.76, 'old': 94.05, 'new': 94.76, 'harmonic': 94.4}
2026-08-01 01:21:40,209 [trainer.py] => CNN top1 curve: [99.29, 95.27, 94.29]
2026-08-01 01:21:40,210 [trainer.py] => CNN top5 curve: [100.0, 100.0, 100.0]
2026-08-01 01:21:40,210 [trainer.py] => Average Accuracy (CNN top1): 96.28333333333335
2026-08-01 01:21:40,210 [rapf.py] => Learning on 30-40
2026-08-01 01:22:11,354 [trainer.py] => CNN: {'total': 85.33, '00-09': 90.57, '10-19': 88.5, '20-29': 78.33, '30-39': 83.93, 'old': 85.77, 'new': 83.93, 'harmonic': 84.84}
2026-08-01 01:22:11,354 [trainer.py] => CNN top1 curve: [99.29, 95.27, 94.29, 85.33]
2026-08-01 01:22:11,354 [trainer.py] => CNN top5 curve: [100.0, 100.0, 100.0, 99.82]
2026-08-01 01:22:11,354 [trainer.py] => Average Accuracy (CNN top1): 93.545
2026-08-01 01:22:11,355 [rapf.py] => Learning on 40-50
2026-08-01 01:22:45,190 [trainer.py] => CNN: {'total': 82.92, '00-09': 92.22, '10-19': 85.0, '20-29': 64.76, '30-39': 77.55, '40-49': 95.27, 'old': 79.89, 'new': 95.27, 'harmonic': 86.9}
2026-08-01 01:22:45,191 [trainer.py] => CNN top1 curve: [99.29, 95.27, 94.29, 85.33, 82.92]
2026-08-01 01:22:45,191 [trainer.py] => CNN top5 curve: [100.0, 100.0, 100.0, 99.82, 99.56]
2026-08-01 01:22:45,191 [trainer.py] => Average Accuracy (CNN top1): 91.42
2026-08-01 01:22:45,191 [rapf.py] => Learning on 50-60
2026-08-01 01:23:19,409 [trainer.py] => CNN: {'total': 78.42, '00-09': 84.2, '10-19': 73.0, '20-29': 68.33, '30-39': 70.41, '40-49': 77.61, '50-59': 96.37, 'old': 74.78, 'new': 96.37, 'harmonic': 84.21}
2026-08-01 01:23:19,409 [trainer.py] => CNN top1 curve: [99.29, 95.27, 94.29, 85.33, 82.92, 78.42]
2026-08-01 01:23:19,409 [trainer.py] => CNN top5 curve: [100.0, 100.0, 100.0, 99.82, 99.56, 99.39]
2026-08-01 01:23:19,409 [trainer.py] => Average Accuracy (CNN top1): 89.25333333333333
2026-08-01 01:23:19,409 [rapf.py] => Learning on 60-70
2026-08-01 01:23:54,332 [trainer.py] => CNN: {'total': 74.09, '00-09': 68.16, '10-19': 84.75, '20-29': 64.29, '30-39': 67.35, '40-49': 68.41, '50-59': 76.27, '60-69': 89.73, 'old': 71.48, 'new': 89.73, 'harmonic': 79.57}
2026-08-01 01:23:54,332 [trainer.py] => CNN top1 curve: [99.29, 95.27, 94.29, 85.33, 82.92, 78.42, 74.09]
2026-08-01 01:23:54,332 [trainer.py] => CNN top5 curve: [100.0, 100.0, 100.0, 99.82, 99.56, 99.39, 98.22]
2026-08-01 01:23:54,332 [trainer.py] => Average Accuracy (CNN top1): 87.08714285714287
2026-08-01 01:23:54,332 [rapf.py] => Learning on 70-80
2026-08-01 01:24:30,902 [trainer.py] => CNN: {'total': 71.89, '00-09': 59.2, '10-19': 87.0, '20-29': 70.71, '30-39': 73.47, '40-49': 62.44, '50-59': 61.26, '60-69': 68.46, '70-79': 93.98, 'old': 68.81, 'new': 93.98, 'harmonic': 79.45}
2026-08-01 01:24:30,902 [trainer.py] => CNN top1 curve: [99.29, 95.27, 94.29, 85.33, 82.92, 78.42, 74.09, 71.89]
2026-08-01 01:24:30,902 [trainer.py] => CNN top5 curve: [100.0, 100.0, 100.0, 99.82, 99.56, 99.39, 98.22, 98.47]
2026-08-01 01:24:30,902 [trainer.py] => Average Accuracy (CNN top1): 85.1875
2026-08-01 01:24:30,903 [rapf.py] => Learning on 80-90
2026-08-01 01:25:11,481 [trainer.py] => CNN: {'total': 70.01, '00-09': 74.53, '10-19': 59.0, '20-29': 68.57, '30-39': 70.92, '40-49': 71.64, '50-59': 62.95, '60-69': 61.12, '70-79': 65.91, '80-89': 94.51, 'old': 66.86, 'new': 94.51, 'harmonic': 78.32}
2026-08-01 01:25:11,482 [trainer.py] => CNN top1 curve: [99.29, 95.27, 94.29, 85.33, 82.92, 78.42, 74.09, 71.89, 70.01]
2026-08-01 01:25:11,482 [trainer.py] => CNN top5 curve: [100.0, 100.0, 100.0, 99.82, 99.56, 99.39, 98.22, 98.47, 98.29]
2026-08-01 01:25:11,483 [trainer.py] => Average Accuracy (CNN top1): 83.50111111111111
2026-08-01 01:25:11,483 [rapf.py] => Learning on 90-100
2026-08-01 01:26:32,596 [trainer.py] => CNN: {'total': 67.47, '00-09': 65.33, '10-19': 71.0, '20-29': 60.24, '30-39': 80.61, '40-49': 53.48, '50-59': 50.85, '60-69': 67.97, '70-79': 70.68, '80-89': 63.48, '90-99': 92.35, 'old': 64.74, 'new': 92.35, 'harmonic': 76.12}
2026-08-01 01:26:32,596 [trainer.py] => CNN top1 curve: [99.29, 95.27, 94.29, 85.33, 82.92, 78.42, 74.09, 71.89, 70.01, 67.47]
2026-08-01 01:26:32,596 [trainer.py] => CNN top5 curve: [100.0, 100.0, 100.0, 99.82, 99.56, 99.39, 98.22, 98.47, 98.29, 98.31]
2026-08-01 01:26:32,597 [trainer.py] => Average Accuracy (CNN top1): 81.898
2026-08-01 02:55:07,784 [trainer.py] => config: configs/rapf/rapf_cars_B0_Inc10.json
2026-08-01 02:55:07,799 [trainer.py] => prefix: -
2026-08-01 02:55:07,799 [trainer.py] => dataset: cars
2026-08-01 02:55:07,799 [trainer.py] => memory_size: 0
2026-08-01 02:55:07,799 [trainer.py] => memory_per_class: 0
2026-08-01 02:55:07,799 [trainer.py] => fixed_memory: False
2026-08-01 02:55:07,799 [trainer.py] => shuffle: True
2026-08-01 02:55:07,799 [trainer.py] => init_cls: 10
2026-08-01 02:55:07,799 [trainer.py] => increment: 10
2026-08-01 02:55:07,799 [trainer.py] => model_name: rapf
2026-08-01 02:55:07,799 [trainer.py] => backbone_type: clip
2026-08-01 02:55:07,799 [trainer.py] => device: [device(type='cuda', index=1)]
2026-08-01 02:55:07,799 [trainer.py] => seed: 1993
2026-08-01 02:55:07,799 [trainer.py] => batch_size: 128
2026-08-01 02:55:07,799 [trainer.py] => init_lr: 0.001
2026-08-01 02:55:07,799 [trainer.py] => epochs: 10
2026-08-01 02:55:07,799 [trainer.py] => beta: 2
2026-08-01 02:55:07,799 [trainer.py] => mix_bias: 0.6
2026-08-01 02:55:07,800 [trainer.py] => threshold: 0.55
2026-08-01 02:55:07,800 [trainer.py] => total_class_num: 100
2026-08-01 02:55:08,038 [data_manager.py] => [68, 56, 78, 8, 23, 84, 90, 65, 74, 76, 40, 89, 3, 92, 55, 9, 26, 80, 43, 38, 58, 70, 77, 1, 85, 19, 17, 50, 28, 53, 13, 81, 45, 82, 6, 59, 83, 16, 15, 44, 91, 41, 72, 60, 79, 52, 20, 10, 31, 54, 37, 95, 14, 71, 96, 98, 97, 2, 64, 66, 42, 22, 35, 86, 24, 34, 87, 21, 99, 0, 88, 27, 18, 94, 11, 12, 47, 25, 30, 46, 62, 69, 36, 61, 7, 63, 75, 5, 32, 4, 51, 48, 73, 93, 39, 67, 29, 49, 57, 33]
2026-08-01 02:55:17,688 [instantiator.py] => Created a temporary directory at /tmp/tmpsnlgdso5
2026-08-01 02:55:17,689 [instantiator.py] => Writing /tmp/tmpsnlgdso5/_remote_module_non_scriptable.py
2026-08-01 02:55:19,359 [factory.py] => Loaded ViT-B-16 model config.
2026-08-01 02:55:20,989 [factory.py] => Loading pretrained ViT-B-16 weights (/public/home/hanlida/Dr.1/pretrained_models/open_clip_pytorch_model_laion400m_e32.bin).
2026-08-01 02:55:22,670 [factory.py] => Loaded ViT-B-16 model config.
2026-08-01 02:55:23,907 [factory.py] => Loading pretrained ViT-B-16 weights (/public/home/hanlida/Dr.1/pretrained_models/open_clip_pytorch_model_laion400m_e32.bin).
2026-08-01 02:55:25,719 [rapf.py] => Learning on 0-10
2026-08-01 02:56:00,093 [trainer.py] => CNN: {'total': 99.29, '00-09': 99.29, 'old': 0, 'new': 99.29, 'harmonic': 0.0}
2026-08-01 02:56:00,093 [trainer.py] => CNN top1 curve: [99.29]
2026-08-01 02:56:00,094 [trainer.py] => CNN top5 curve: [100.0]
2026-08-01 02:56:00,094 [trainer.py] => Average Accuracy (CNN top1): 99.29
2026-08-01 02:56:00,094 [rapf.py] => Learning on 10-20
2026-08-01 02:56:32,540 [trainer.py] => CNN: {'total': 95.27, '00-09': 93.87, '10-19': 96.75, 'old': 93.87, 'new': 96.75, 'harmonic': 95.29}
2026-08-01 02:56:32,541 [trainer.py] => CNN top1 curve: [99.29, 95.27]
2026-08-01 02:56:32,541 [trainer.py] => CNN top5 curve: [100.0, 100.0]
2026-08-01 02:56:32,541 [trainer.py] => Average Accuracy (CNN top1): 97.28
2026-08-01 02:56:32,541 [rapf.py] => Learning on 20-30
2026-08-01 02:57:05,469 [trainer.py] => CNN: {'total': 94.29, '00-09': 91.27, '10-19': 97.0, '20-29': 94.76, 'old': 94.05, 'new': 94.76, 'harmonic': 94.4}
2026-08-01 02:57:05,469 [trainer.py] => CNN top1 curve: [99.29, 95.27, 94.29]
2026-08-01 02:57:05,469 [trainer.py] => CNN top5 curve: [100.0, 100.0, 100.0]
2026-08-01 02:57:05,469 [trainer.py] => Average Accuracy (CNN top1): 96.28333333333335
2026-08-01 02:57:05,470 [rapf.py] => Learning on 30-40
2026-08-01 02:57:37,459 [trainer.py] => CNN: {'total': 85.33, '00-09': 90.57, '10-19': 88.5, '20-29': 78.33, '30-39': 83.93, 'old': 85.77, 'new': 83.93, 'harmonic': 84.84}
2026-08-01 02:57:37,459 [trainer.py] => CNN top1 curve: [99.29, 95.27, 94.29, 85.33]
2026-08-01 02:57:37,459 [trainer.py] => CNN top5 curve: [100.0, 100.0, 100.0, 99.82]
2026-08-01 02:57:37,459 [trainer.py] => Average Accuracy (CNN top1): 93.545
2026-08-01 02:57:37,460 [rapf.py] => Learning on 40-50
2026-08-01 02:58:09,831 [trainer.py] => CNN: {'total': 82.92, '00-09': 92.22, '10-19': 85.0, '20-29': 64.76, '30-39': 77.55, '40-49': 95.27, 'old': 79.89, 'new': 95.27, 'harmonic': 86.9}
2026-08-01 02:58:09,831 [trainer.py] => CNN top1 curve: [99.29, 95.27, 94.29, 85.33, 82.92]
2026-08-01 02:58:09,831 [trainer.py] => CNN top5 curve: [100.0, 100.0, 100.0, 99.82, 99.56]
2026-08-01 02:58:09,831 [trainer.py] => Average Accuracy (CNN top1): 91.42
2026-08-01 02:58:09,832 [rapf.py] => Learning on 50-60
2026-08-01 02:58:44,361 [trainer.py] => CNN: {'total': 78.42, '00-09': 84.2, '10-19': 73.0, '20-29': 68.33, '30-39': 70.41, '40-49': 77.61, '50-59': 96.37, 'old': 74.78, 'new': 96.37, 'harmonic': 84.21}
2026-08-01 02:58:44,362 [trainer.py] => CNN top1 curve: [99.29, 95.27, 94.29, 85.33, 82.92, 78.42]
2026-08-01 02:58:44,362 [trainer.py] => CNN top5 curve: [100.0, 100.0, 100.0, 99.82, 99.56, 99.39]
2026-08-01 02:58:44,362 [trainer.py] => Average Accuracy (CNN top1): 89.25333333333333
2026-08-01 02:58:44,362 [rapf.py] => Learning on 60-70
2026-08-01 02:59:21,779 [trainer.py] => CNN: {'total': 74.2, '00-09': 68.16, '10-19': 85.0, '20-29': 64.29, '30-39': 67.35, '40-49': 68.41, '50-59': 76.76, '60-69': 89.73, 'old': 71.6, 'new': 89.73, 'harmonic': 79.65}
2026-08-01 02:59:21,780 [trainer.py] => CNN top1 curve: [99.29, 95.27, 94.29, 85.33, 82.92, 78.42, 74.2]
2026-08-01 02:59:21,780 [trainer.py] => CNN top5 curve: [100.0, 100.0, 100.0, 99.82, 99.56, 99.39, 98.25]
2026-08-01 02:59:21,780 [trainer.py] => Average Accuracy (CNN top1): 87.10285714285715
2026-08-01 02:59:21,780 [rapf.py] => Learning on 70-80
2026-08-01 02:59:59,843 [trainer.py] => CNN: {'total': 71.83, '00-09': 59.2, '10-19': 87.0, '20-29': 70.71, '30-39': 73.47, '40-49': 62.44, '50-59': 61.02, '60-69': 68.22, '70-79': 93.98, 'old': 68.74, 'new': 93.98, 'harmonic': 79.4}
2026-08-01 02:59:59,843 [trainer.py] => CNN top1 curve: [99.29, 95.27, 94.29, 85.33, 82.92, 78.42, 74.2, 71.83]
2026-08-01 02:59:59,843 [trainer.py] => CNN top5 curve: [100.0, 100.0, 100.0, 99.82, 99.56, 99.39, 98.25, 98.47]
2026-08-01 02:59:59,844 [trainer.py] => Average Accuracy (CNN top1): 85.19375000000001
2026-08-01 02:59:59,844 [rapf.py] => Learning on 80-90
2026-08-01 03:00:40,175 [trainer.py] => CNN: {'total': 70.01, '00-09': 74.53, '10-19': 59.25, '20-29': 68.57, '30-39': 70.92, '40-49': 71.39, '50-59': 62.95, '60-69': 61.12, '70-79': 65.91, '80-89': 94.51, 'old': 66.86, 'new': 94.51, 'harmonic': 78.32}
2026-08-01 03:00:40,175 [trainer.py] => CNN top1 curve: [99.29, 95.27, 94.29, 85.33, 82.92, 78.42, 74.2, 71.83, 70.01]
2026-08-01 03:00:40,175 [trainer.py] => CNN top5 curve: [100.0, 100.0, 100.0, 99.82, 99.56, 99.39, 98.25, 98.47, 98.29]
2026-08-01 03:00:40,175 [trainer.py] => Average Accuracy (CNN top1): 83.50666666666667
2026-08-01 03:00:40,175 [rapf.py] => Learning on 90-100
2026-08-01 03:02:01,895 [trainer.py] => CNN: {'total': 67.45, '00-09': 65.09, '10-19': 71.0, '20-29': 60.24, '30-39': 80.61, '40-49': 53.48, '50-59': 50.85, '60-69': 67.97, '70-79': 70.68, '80-89': 63.48, '90-99': 92.35, 'old': 64.71, 'new': 92.35, 'harmonic': 76.1}
2026-08-01 03:02:01,895 [trainer.py] => CNN top1 curve: [99.29, 95.27, 94.29, 85.33, 82.92, 78.42, 74.2, 71.83, 70.01, 67.45]
2026-08-01 03:02:01,896 [trainer.py] => CNN top5 curve: [100.0, 100.0, 100.0, 99.82, 99.56, 99.39, 98.25, 98.47, 98.29, 98.31]
2026-08-01 03:02:01,896 [trainer.py] => Average Accuracy (CNN top1): 81.90100000000001
