2026-06-23 14:30:47,365 [trainer.py] => config: ./configs/rapf/rapf_cifar_B0_Inc10.json
2026-06-23 14:30:47,365 [trainer.py] => prefix: -
2026-06-23 14:30:47,365 [trainer.py] => dataset: cifar224
2026-06-23 14:30:47,365 [trainer.py] => memory_size: 0
2026-06-23 14:30:47,365 [trainer.py] => memory_per_class: 0
2026-06-23 14:30:47,365 [trainer.py] => fixed_memory: False
2026-06-23 14:30:47,365 [trainer.py] => shuffle: True
2026-06-23 14:30:47,365 [trainer.py] => init_cls: 10
2026-06-23 14:30:47,365 [trainer.py] => increment: 10
2026-06-23 14:30:47,366 [trainer.py] => model_name: rapf
2026-06-23 14:30:47,366 [trainer.py] => backbone_type: clip
2026-06-23 14:30:47,366 [trainer.py] => device: [device(type='cuda', index=4)]
2026-06-23 14:30:47,366 [trainer.py] => seed: 42
2026-06-23 14:30:47,366 [trainer.py] => batch_size: 128
2026-06-23 14:30:47,366 [trainer.py] => init_lr: 0.001
2026-06-23 14:30:47,366 [trainer.py] => epochs: 10
2026-06-23 14:30:47,366 [trainer.py] => beta: 2
2026-06-23 14:30:47,366 [trainer.py] => mix_bias: 0.6
2026-06-23 14:30:47,366 [trainer.py] => threshold: 0.55
2026-06-23 14:30:47,366 [trainer.py] => total_class_num: 100
2026-06-23 14:30:48,321 [data_manager.py] => [83, 53, 70, 45, 44, 39, 22, 80, 10, 0, 18, 30, 73, 33, 90, 4, 76, 77, 12, 31, 55, 88, 26, 42, 69, 15, 40, 96, 9, 72, 11, 47, 85, 28, 93, 5, 66, 65, 35, 16, 49, 34, 7, 95, 27, 19, 81, 25, 62, 13, 24, 3, 17, 38, 8, 78, 6, 64, 36, 89, 56, 99, 54, 43, 50, 67, 46, 68, 61, 97, 79, 41, 58, 48, 98, 57, 75, 32, 94, 59, 63, 84, 37, 29, 1, 52, 21, 2, 23, 87, 91, 74, 86, 82, 20, 60, 71, 14, 92, 51]
2026-06-23 14:30:48,427 [factory.py] => Loaded ViT-B-16 model config.
2026-06-23 14:30:49,819 [factory.py] => Loading pretrained ViT-B-16 weights (/home/team/zhaohongwei/pretrained_models/open_clip_pytorch_model_laion400m_e32.bin).
2026-06-23 14:30:50,319 [factory.py] => Loaded ViT-B-16 model config.
2026-06-23 14:30:51,588 [factory.py] => Loading pretrained ViT-B-16 weights (/home/team/zhaohongwei/pretrained_models/open_clip_pytorch_model_laion400m_e32.bin).
2026-06-23 14:30:52,075 [rapf.py] => Learning on 0-10
2026-06-23 14:34:08,540 [trainer.py] => CNN: {'total': 95.6, '00-09': 95.6, 'old': 0, 'new': 95.6, 'harmonic': 0.0}
2026-06-23 14:34:08,541 [trainer.py] => CNN top1 curve: [95.6]
2026-06-23 14:34:08,541 [trainer.py] => CNN top5 curve: [100.0]
2026-06-23 14:34:08,541 [trainer.py] => Average Accuracy (CNN top1): 95.6
2026-06-23 14:34:08,541 [rapf.py] => Learning on 10-20
2026-06-23 14:38:03,161 [trainer.py] => CNN: {'total': 91.3, '00-09': 94.6, '10-19': 88.0, 'old': 94.6, 'new': 88.0, 'harmonic': 91.18}
2026-06-23 14:38:03,161 [trainer.py] => CNN top1 curve: [95.6, 91.3]
2026-06-23 14:38:03,162 [trainer.py] => CNN top5 curve: [100.0, 99.6]
2026-06-23 14:38:03,162 [trainer.py] => Average Accuracy (CNN top1): 93.44999999999999
2026-06-23 14:38:03,162 [rapf.py] => Learning on 20-30
2026-06-23 14:42:33,157 [trainer.py] => CNN: {'total': 87.77, '00-09': 91.8, '10-19': 87.1, '20-29': 84.4, 'old': 89.45, 'new': 84.4, 'harmonic': 86.85}
2026-06-23 14:42:33,157 [trainer.py] => CNN top1 curve: [95.6, 91.3, 87.77]
2026-06-23 14:42:33,157 [trainer.py] => CNN top5 curve: [100.0, 99.6, 99.0]
2026-06-23 14:42:33,157 [trainer.py] => Average Accuracy (CNN top1): 91.55666666666666
2026-06-23 14:42:33,158 [rapf.py] => Learning on 30-40
2026-06-23 14:47:40,810 [trainer.py] => CNN: {'total': 87.08, '00-09': 89.8, '10-19': 86.1, '20-29': 83.7, '30-39': 88.7, 'old': 86.53, 'new': 88.7, 'harmonic': 87.6}
2026-06-23 14:47:40,810 [trainer.py] => CNN top1 curve: [95.6, 91.3, 87.77, 87.08]
2026-06-23 14:47:40,810 [trainer.py] => CNN top5 curve: [100.0, 99.6, 99.0, 98.28]
2026-06-23 14:47:40,811 [trainer.py] => Average Accuracy (CNN top1): 90.43749999999999
2026-06-23 14:47:40,811 [rapf.py] => Learning on 40-50
2026-06-23 14:53:22,722 [trainer.py] => CNN: {'total': 85.78, '00-09': 87.4, '10-19': 83.6, '20-29': 81.5, '30-39': 88.3, '40-49': 88.1, 'old': 85.2, 'new': 88.1, 'harmonic': 86.63}
2026-06-23 14:53:22,722 [trainer.py] => CNN top1 curve: [95.6, 91.3, 87.77, 87.08, 85.78]
2026-06-23 14:53:22,722 [trainer.py] => CNN top5 curve: [100.0, 99.6, 99.0, 98.28, 97.86]
2026-06-23 14:53:22,722 [trainer.py] => Average Accuracy (CNN top1): 89.506
2026-06-23 14:53:22,722 [rapf.py] => Learning on 50-60
2026-06-23 14:59:41,152 [trainer.py] => CNN: {'total': 84.15, '00-09': 85.2, '10-19': 81.2, '20-29': 78.2, '30-39': 87.1, '40-49': 83.0, '50-59': 90.2, 'old': 82.94, 'new': 90.2, 'harmonic': 86.42}
2026-06-23 14:59:41,152 [trainer.py] => CNN top1 curve: [95.6, 91.3, 87.77, 87.08, 85.78, 84.15]
2026-06-23 14:59:41,152 [trainer.py] => CNN top5 curve: [100.0, 99.6, 99.0, 98.28, 97.86, 97.37]
2026-06-23 14:59:41,152 [trainer.py] => Average Accuracy (CNN top1): 88.61333333333333
2026-06-23 14:59:41,152 [rapf.py] => Learning on 60-70
2026-06-23 15:06:40,031 [trainer.py] => CNN: {'total': 82.71, '00-09': 83.5, '10-19': 77.7, '20-29': 79.3, '30-39': 83.9, '40-49': 82.8, '50-59': 81.8, '60-69': 90.0, 'old': 81.5, 'new': 90.0, 'harmonic': 85.54}
2026-06-23 15:06:40,031 [trainer.py] => CNN top1 curve: [95.6, 91.3, 87.77, 87.08, 85.78, 84.15, 82.71]
2026-06-23 15:06:40,031 [trainer.py] => CNN top5 curve: [100.0, 99.6, 99.0, 98.28, 97.86, 97.37, 97.09]
2026-06-23 15:06:40,031 [trainer.py] => Average Accuracy (CNN top1): 87.77
2026-06-23 15:06:40,031 [rapf.py] => Learning on 70-80
2026-06-23 15:14:18,088 [trainer.py] => CNN: {'total': 82.65, '00-09': 81.9, '10-19': 78.4, '20-29': 76.9, '30-39': 82.0, '40-49': 81.2, '50-59': 82.8, '60-69': 84.6, '70-79': 93.4, 'old': 81.11, 'new': 93.4, 'harmonic': 86.82}
2026-06-23 15:14:18,088 [trainer.py] => CNN top1 curve: [95.6, 91.3, 87.77, 87.08, 85.78, 84.15, 82.71, 82.65]
2026-06-23 15:14:18,088 [trainer.py] => CNN top5 curve: [100.0, 99.6, 99.0, 98.28, 97.86, 97.37, 97.09, 96.91]
2026-06-23 15:14:18,089 [trainer.py] => Average Accuracy (CNN top1): 87.13
2026-06-23 15:14:18,089 [rapf.py] => Learning on 80-90
2026-06-23 15:22:31,701 [trainer.py] => CNN: {'total': 81.44, '00-09': 82.0, '10-19': 76.4, '20-29': 75.4, '30-39': 77.5, '40-49': 80.6, '50-59': 80.8, '60-69': 83.3, '70-79': 85.6, '80-89': 91.4, 'old': 80.2, 'new': 91.4, 'harmonic': 85.43}
2026-06-23 15:22:31,702 [trainer.py] => CNN top1 curve: [95.6, 91.3, 87.77, 87.08, 85.78, 84.15, 82.71, 82.65, 81.44]
2026-06-23 15:22:31,702 [trainer.py] => CNN top5 curve: [100.0, 99.6, 99.0, 98.28, 97.86, 97.37, 97.09, 96.91, 96.68]
2026-06-23 15:22:31,702 [trainer.py] => Average Accuracy (CNN top1): 86.49777777777778
2026-06-23 15:22:31,702 [rapf.py] => Learning on 90-100
2026-06-23 15:31:23,922 [trainer.py] => CNN: {'total': 80.83, '00-09': 79.6, '10-19': 72.5, '20-29': 75.9, '30-39': 79.4, '40-49': 78.5, '50-59': 81.8, '60-69': 80.3, '70-79': 85.9, '80-89': 83.1, '90-99': 91.3, 'old': 79.67, 'new': 91.3, 'harmonic': 85.09}
2026-06-23 15:31:23,923 [trainer.py] => CNN top1 curve: [95.6, 91.3, 87.77, 87.08, 85.78, 84.15, 82.71, 82.65, 81.44, 80.83]
2026-06-23 15:31:23,923 [trainer.py] => CNN top5 curve: [100.0, 99.6, 99.0, 98.28, 97.86, 97.37, 97.09, 96.91, 96.68, 96.54]
2026-06-23 15:31:23,924 [trainer.py] => Average Accuracy (CNN top1): 85.93100000000001
