2026-06-23 19:19:55,352 [trainer.py] => config: ./configs/rapf/rapf_cifar_B50_Inc10.json
2026-06-23 19:19:55,353 [trainer.py] => prefix: -
2026-06-23 19:19:55,353 [trainer.py] => dataset: cifar224
2026-06-23 19:19:55,353 [trainer.py] => memory_size: 0
2026-06-23 19:19:55,353 [trainer.py] => memory_per_class: 0
2026-06-23 19:19:55,353 [trainer.py] => fixed_memory: False
2026-06-23 19:19:55,353 [trainer.py] => shuffle: True
2026-06-23 19:19:55,353 [trainer.py] => init_cls: 50
2026-06-23 19:19:55,353 [trainer.py] => increment: 10
2026-06-23 19:19:55,353 [trainer.py] => model_name: rapf
2026-06-23 19:19:55,353 [trainer.py] => backbone_type: clip
2026-06-23 19:19:55,353 [trainer.py] => device: [device(type='cuda', index=4)]
2026-06-23 19:19:55,353 [trainer.py] => seed: 1993
2026-06-23 19:19:55,353 [trainer.py] => batch_size: 128
2026-06-23 19:19:55,353 [trainer.py] => init_lr: 0.001
2026-06-23 19:19:55,353 [trainer.py] => epochs: 10
2026-06-23 19:19:55,353 [trainer.py] => beta: 2
2026-06-23 19:19:55,353 [trainer.py] => mix_bias: 0.6
2026-06-23 19:19:55,353 [trainer.py] => threshold: 0.55
2026-06-23 19:19:55,353 [trainer.py] => total_class_num: 100
2026-06-23 19:19:56,301 [data_manager.py] => [68, 56, 78, 8, 23, 84, 90, 65, 74, 76, 40, 89, 3, 92, 55, 9, 26, 80, 43, 38, 58, 70, 77, 1, 85, 19, 17, 50, 28, 53, 13, 81, 45, 82, 6, 59, 83, 16, 15, 44, 91, 41, 72, 60, 79, 52, 20, 10, 31, 54, 37, 95, 14, 71, 96, 98, 97, 2, 64, 66, 42, 22, 35, 86, 24, 34, 87, 21, 99, 0, 88, 27, 18, 94, 11, 12, 47, 25, 30, 46, 62, 69, 36, 61, 7, 63, 75, 5, 32, 4, 51, 48, 73, 93, 39, 67, 29, 49, 57, 33]
2026-06-23 19:19:56,411 [factory.py] => Loaded ViT-B-16 model config.
2026-06-23 19:19:58,088 [factory.py] => Loading pretrained ViT-B-16 weights (/home/team/zhaohongwei/pretrained_models/open_clip_pytorch_model_laion400m_e32.bin).
2026-06-23 19:19:59,764 [factory.py] => Loaded ViT-B-16 model config.
2026-06-23 19:20:01,388 [factory.py] => Loading pretrained ViT-B-16 weights (/home/team/zhaohongwei/pretrained_models/open_clip_pytorch_model_laion400m_e32.bin).
2026-06-23 19:20:02,581 [rapf.py] => Learning on 0-50
2026-06-23 19:36:08,948 [trainer.py] => CNN: {'total': 89.26, '00-09': 89.9, '10-19': 87.7, '20-29': 92.1, '30-39': 88.2, '40-49': 88.4, 'old': 0, 'new': 89.26, 'harmonic': 0.0}
2026-06-23 19:36:08,949 [trainer.py] => CNN top1 curve: [89.26]
2026-06-23 19:36:08,949 [trainer.py] => CNN top5 curve: [98.64]
2026-06-23 19:36:08,949 [trainer.py] => Average Accuracy (CNN top1): 89.26
2026-06-23 19:36:08,949 [rapf.py] => Learning on 50-60
2026-06-23 19:42:25,142 [trainer.py] => CNN: {'total': 86.87, '00-09': 88.4, '10-19': 82.8, '20-29': 89.8, '30-39': 86.3, '40-49': 86.0, '50-59': 87.9, 'old': 86.66, 'new': 87.9, 'harmonic': 87.28}
2026-06-23 19:42:25,143 [trainer.py] => CNN top1 curve: [89.26, 86.87]
2026-06-23 19:42:25,143 [trainer.py] => CNN top5 curve: [98.64, 98.18]
2026-06-23 19:42:25,143 [trainer.py] => Average Accuracy (CNN top1): 88.065
2026-06-23 19:42:25,143 [rapf.py] => Learning on 60-70
2026-06-23 19:49:17,682 [trainer.py] => CNN: {'total': 86.31, '00-09': 88.1, '10-19': 80.2, '20-29': 88.4, '30-39': 84.2, '40-49': 87.1, '50-59': 83.3, '60-69': 92.9, 'old': 85.22, 'new': 92.9, 'harmonic': 88.89}
2026-06-23 19:49:17,682 [trainer.py] => CNN top1 curve: [89.26, 86.87, 86.31]
2026-06-23 19:49:17,682 [trainer.py] => CNN top5 curve: [98.64, 98.18, 98.01]
2026-06-23 19:49:17,682 [trainer.py] => Average Accuracy (CNN top1): 87.48
2026-06-23 19:49:17,682 [rapf.py] => Learning on 70-80
2026-06-23 19:56:49,615 [trainer.py] => CNN: {'total': 83.56, '00-09': 86.1, '10-19': 80.2, '20-29': 88.4, '30-39': 81.4, '40-49': 81.4, '50-59': 75.7, '60-69': 88.0, '70-79': 87.3, 'old': 83.03, 'new': 87.3, 'harmonic': 85.11}
2026-06-23 19:56:49,616 [trainer.py] => CNN top1 curve: [89.26, 86.87, 86.31, 83.56]
2026-06-23 19:56:49,616 [trainer.py] => CNN top5 curve: [98.64, 98.18, 98.01, 97.7]
2026-06-23 19:56:49,616 [trainer.py] => Average Accuracy (CNN top1): 86.5
2026-06-23 19:56:49,616 [rapf.py] => Learning on 80-90
2026-06-23 20:05:01,248 [trainer.py] => CNN: {'total': 81.34, '00-09': 83.5, '10-19': 78.4, '20-29': 83.9, '30-39': 83.2, '40-49': 79.5, '50-59': 76.4, '60-69': 84.3, '70-79': 76.8, '80-89': 86.1, 'old': 80.75, 'new': 86.1, 'harmonic': 83.34}
2026-06-23 20:05:01,248 [trainer.py] => CNN top1 curve: [89.26, 86.87, 86.31, 83.56, 81.34]
2026-06-23 20:05:01,248 [trainer.py] => CNN top5 curve: [98.64, 98.18, 98.01, 97.7, 97.0]
2026-06-23 20:05:01,248 [trainer.py] => Average Accuracy (CNN top1): 85.468
2026-06-23 20:05:01,248 [rapf.py] => Learning on 90-100
2026-06-23 20:13:51,522 [trainer.py] => CNN: {'total': 81.11, '00-09': 84.5, '10-19': 78.5, '20-29': 84.2, '30-39': 81.4, '40-49': 79.6, '50-59': 76.2, '60-69': 85.3, '70-79': 73.5, '80-89': 79.1, '90-99': 88.8, 'old': 80.26, 'new': 88.8, 'harmonic': 84.31}
2026-06-23 20:13:51,523 [trainer.py] => CNN top1 curve: [89.26, 86.87, 86.31, 83.56, 81.34, 81.11]
2026-06-23 20:13:51,523 [trainer.py] => CNN top5 curve: [98.64, 98.18, 98.01, 97.7, 97.0, 96.52]
2026-06-23 20:13:51,523 [trainer.py] => Average Accuracy (CNN top1): 84.74166666666667
