2026-06-24 06:01:50,768 [trainer.py] => config: ./configs/rapf/rapf_cub_B100_Inc20.json
2026-06-24 06:01:50,768 [trainer.py] => prefix: -
2026-06-24 06:01:50,768 [trainer.py] => dataset: cub
2026-06-24 06:01:50,768 [trainer.py] => memory_size: 0
2026-06-24 06:01:50,768 [trainer.py] => memory_per_class: 0
2026-06-24 06:01:50,768 [trainer.py] => fixed_memory: False
2026-06-24 06:01:50,768 [trainer.py] => shuffle: True
2026-06-24 06:01:50,768 [trainer.py] => init_cls: 100
2026-06-24 06:01:50,768 [trainer.py] => increment: 20
2026-06-24 06:01:50,768 [trainer.py] => model_name: rapf
2026-06-24 06:01:50,768 [trainer.py] => backbone_type: clip
2026-06-24 06:01:50,768 [trainer.py] => device: [device(type='cuda', index=4)]
2026-06-24 06:01:50,768 [trainer.py] => seed: 42
2026-06-24 06:01:50,769 [trainer.py] => batch_size: 128
2026-06-24 06:01:50,769 [trainer.py] => init_lr: 0.001
2026-06-24 06:01:50,769 [trainer.py] => epochs: 10
2026-06-24 06:01:50,769 [trainer.py] => beta: 2
2026-06-24 06:01:50,769 [trainer.py] => mix_bias: 0.6
2026-06-24 06:01:50,769 [trainer.py] => threshold: 0.55
2026-06-24 06:01:50,769 [trainer.py] => total_class_num: 200
2026-06-24 06:01:50,821 [data_manager.py] => [95, 15, 30, 158, 128, 115, 69, 170, 174, 45, 66, 182, 165, 78, 186, 177, 56, 152, 82, 68, 124, 16, 148, 93, 65, 60, 84, 67, 125, 132, 9, 18, 55, 75, 150, 104, 135, 137, 164, 76, 79, 197, 38, 24, 122, 195, 29, 19, 143, 86, 114, 173, 5, 126, 117, 73, 140, 98, 172, 96, 169, 97, 31, 12, 35, 119, 42, 189, 90, 136, 51, 127, 162, 41, 118, 113, 26, 139, 100, 111, 2, 77, 46, 187, 191, 85, 161, 36, 190, 61, 22, 141, 101, 33, 11, 194, 159, 6, 27, 120, 4, 32, 142, 145, 109, 144, 10, 62, 112, 146, 166, 0, 198, 153, 70, 123, 64, 44, 163, 28, 40, 108, 155, 156, 25, 23, 184, 147, 81, 39, 168, 47, 94, 154, 43, 138, 3, 105, 53, 133, 180, 178, 185, 49, 80, 34, 7, 110, 91, 83, 176, 181, 89, 8, 13, 59, 171, 131, 17, 72, 175, 134, 167, 183, 63, 54, 107, 50, 196, 58, 48, 88, 21, 57, 160, 192, 129, 37, 157, 193, 1, 52, 149, 130, 151, 103, 99, 116, 87, 74, 121, 199, 20, 188, 71, 106, 14, 92, 179, 102]
2026-06-24 06:01:50,866 [factory.py] => Loaded ViT-B-16 model config.
2026-06-24 06:01:52,836 [factory.py] => Loading pretrained ViT-B-16 weights (/home/team/zhaohongwei/pretrained_models/open_clip_pytorch_model_laion400m_e32.bin).
2026-06-24 06:01:53,612 [factory.py] => Loaded ViT-B-16 model config.
2026-06-24 06:01:55,365 [factory.py] => Loading pretrained ViT-B-16 weights (/home/team/zhaohongwei/pretrained_models/open_clip_pytorch_model_laion400m_e32.bin).
2026-06-24 06:01:57,214 [rapf.py] => Learning on 0-100
2026-06-24 06:05:42,105 [trainer.py] => CNN: {'total': 84.9, '00-09': 84.8, '10-19': 88.07, '20-29': 87.02, '30-39': 91.82, '40-49': 80.37, '50-59': 77.68, '60-69': 77.69, '70-79': 84.3, '80-89': 90.32, '90-99': 86.61, 'old': 0, 'new': 84.9, 'harmonic': 0.0}
2026-06-24 06:05:42,105 [trainer.py] => CNN top1 curve: [84.9]
2026-06-24 06:05:42,105 [trainer.py] => CNN top5 curve: [97.18]
2026-06-24 06:05:42,106 [trainer.py] => Average Accuracy (CNN top1): 84.9
2026-06-24 06:05:42,106 [rapf.py] => Learning on 100-120
2026-06-24 06:07:34,967 [trainer.py] => CNN: {'total': 68.3, '00-09': 68.0, '10-19': 79.82, '20-29': 68.7, '30-39': 82.73, '40-49': 55.14, '50-59': 58.93, '60-69': 51.24, '70-79': 70.25, '80-89': 63.71, '90-99': 50.0, '100-109': 80.37, '110-119': 90.4, 'old': 64.85, 'new': 85.78, 'harmonic': 73.86}
2026-06-24 06:07:34,967 [trainer.py] => CNN top1 curve: [84.9, 68.3]
2026-06-24 06:07:34,967 [trainer.py] => CNN top5 curve: [97.18, 93.45]
2026-06-24 06:07:34,967 [trainer.py] => Average Accuracy (CNN top1): 76.6
2026-06-24 06:07:34,968 [rapf.py] => Learning on 120-140
2026-06-24 06:09:36,931 [trainer.py] => CNN: {'total': 68.41, '00-09': 63.2, '10-19': 63.3, '20-29': 74.05, '30-39': 71.82, '40-49': 58.88, '50-59': 66.96, '60-69': 57.85, '70-79': 66.94, '80-89': 66.13, '90-99': 66.07, '100-109': 58.88, '110-119': 56.8, '120-129': 92.17, '130-139': 93.39, 'old': 64.32, 'new': 92.8, 'harmonic': 75.98}
2026-06-24 06:09:36,931 [trainer.py] => CNN top1 curve: [84.9, 68.3, 68.41]
2026-06-24 06:09:36,932 [trainer.py] => CNN top5 curve: [97.18, 93.45, 93.84]
2026-06-24 06:09:36,932 [trainer.py] => Average Accuracy (CNN top1): 73.86999999999999
2026-06-24 06:09:36,932 [rapf.py] => Learning on 140-160
2026-06-24 06:11:48,119 [trainer.py] => CNN: {'total': 62.86, '00-09': 68.8, '10-19': 66.06, '20-29': 74.81, '30-39': 58.18, '40-49': 64.49, '50-59': 46.43, '60-69': 55.37, '70-79': 55.37, '80-89': 57.26, '90-99': 60.71, '100-109': 44.86, '110-119': 64.8, '120-129': 41.74, '130-139': 64.46, '140-149': 87.25, '150-159': 97.22, 'old': 59.09, 'new': 92.38, 'harmonic': 72.08}
2026-06-24 06:11:48,119 [trainer.py] => CNN top1 curve: [84.9, 68.3, 68.41, 62.86]
2026-06-24 06:11:48,119 [trainer.py] => CNN top5 curve: [97.18, 93.45, 93.84, 92.65]
2026-06-24 06:11:48,119 [trainer.py] => Average Accuracy (CNN top1): 71.11749999999999
2026-06-24 06:11:48,119 [rapf.py] => Learning on 160-180
2026-06-24 06:14:13,934 [trainer.py] => CNN: {'total': 59.29, '00-09': 58.4, '10-19': 61.47, '20-29': 65.65, '30-39': 48.18, '40-49': 48.6, '50-59': 56.25, '60-69': 57.02, '70-79': 64.46, '80-89': 55.65, '90-99': 46.43, '100-109': 42.99, '110-119': 40.0, '120-129': 52.17, '130-139': 80.17, '140-149': 47.06, '150-159': 60.19, '160-169': 86.78, '170-179': 89.74, 'old': 55.57, 'new': 88.24, 'harmonic': 68.19}
2026-06-24 06:14:13,935 [trainer.py] => CNN top1 curve: [84.9, 68.3, 68.41, 62.86, 59.29]
2026-06-24 06:14:13,935 [trainer.py] => CNN top5 curve: [97.18, 93.45, 93.84, 92.65, 91.95]
2026-06-24 06:14:13,935 [trainer.py] => Average Accuracy (CNN top1): 68.752
2026-06-24 06:14:13,935 [rapf.py] => Learning on 180-200
2026-06-24 06:16:50,452 [trainer.py] => CNN: {'total': 58.52, '00-09': 48.8, '10-19': 64.22, '20-29': 63.36, '30-39': 57.27, '40-49': 43.93, '50-59': 44.64, '60-69': 54.55, '70-79': 76.03, '80-89': 60.48, '90-99': 50.89, '100-109': 41.12, '110-119': 24.8, '120-129': 45.22, '130-139': 68.6, '140-149': 54.9, '150-159': 59.26, '160-169': 56.2, '170-179': 65.81, '180-189': 90.85, '190-199': 87.5, 'old': 54.55, 'new': 89.26, 'harmonic': 67.72}
2026-06-24 06:16:50,452 [trainer.py] => CNN top1 curve: [84.9, 68.3, 68.41, 62.86, 59.29, 58.52]
2026-06-24 06:16:50,452 [trainer.py] => CNN top5 curve: [97.18, 93.45, 93.84, 92.65, 91.95, 90.88]
2026-06-24 06:16:50,452 [trainer.py] => Average Accuracy (CNN top1): 67.04666666666667
