2026-06-24 04:34:27,375 [trainer.py] => config: ./configs/rapf/rapf_cub_B0_Inc20.json
2026-06-24 04:34:27,376 [trainer.py] => prefix: -
2026-06-24 04:34:27,376 [trainer.py] => dataset: cub
2026-06-24 04:34:27,376 [trainer.py] => memory_size: 0
2026-06-24 04:34:27,376 [trainer.py] => memory_per_class: 0
2026-06-24 04:34:27,376 [trainer.py] => fixed_memory: False
2026-06-24 04:34:27,376 [trainer.py] => shuffle: True
2026-06-24 04:34:27,376 [trainer.py] => init_cls: 20
2026-06-24 04:34:27,376 [trainer.py] => increment: 20
2026-06-24 04:34:27,376 [trainer.py] => model_name: rapf
2026-06-24 04:34:27,376 [trainer.py] => backbone_type: clip
2026-06-24 04:34:27,376 [trainer.py] => device: [device(type='cuda', index=4)]
2026-06-24 04:34:27,376 [trainer.py] => seed: 0
2026-06-24 04:34:27,376 [trainer.py] => batch_size: 128
2026-06-24 04:34:27,376 [trainer.py] => init_lr: 0.001
2026-06-24 04:34:27,376 [trainer.py] => epochs: 10
2026-06-24 04:34:27,376 [trainer.py] => beta: 2
2026-06-24 04:34:27,376 [trainer.py] => mix_bias: 0.6
2026-06-24 04:34:27,376 [trainer.py] => threshold: 0.55
2026-06-24 04:34:27,376 [trainer.py] => total_class_num: 200
2026-06-24 04:34:27,478 [data_manager.py] => [18, 170, 107, 98, 177, 182, 5, 146, 12, 152, 61, 125, 180, 154, 80, 7, 33, 130, 37, 74, 183, 145, 45, 159, 60, 123, 179, 185, 122, 44, 16, 55, 150, 111, 22, 189, 129, 4, 83, 106, 134, 66, 26, 113, 168, 63, 8, 75, 118, 143, 71, 124, 184, 97, 149, 24, 30, 160, 40, 56, 131, 96, 181, 19, 153, 92, 54, 163, 51, 86, 139, 90, 137, 101, 144, 89, 109, 14, 27, 141, 187, 46, 138, 195, 108, 62, 2, 59, 136, 197, 43, 10, 194, 73, 196, 178, 175, 126, 93, 112, 158, 191, 50, 0, 94, 110, 95, 64, 167, 41, 69, 49, 48, 85, 13, 161, 23, 186, 135, 20, 15, 78, 104, 52, 100, 76, 3, 116, 164, 198, 6, 68, 84, 121, 155, 171, 156, 91, 199, 11, 119, 102, 35, 57, 65, 1, 120, 162, 42, 105, 132, 173, 17, 38, 133, 53, 157, 128, 34, 28, 114, 151, 31, 166, 127, 176, 32, 142, 169, 147, 29, 99, 82, 79, 115, 148, 193, 72, 77, 25, 165, 81, 188, 174, 190, 39, 58, 140, 88, 70, 87, 36, 21, 9, 103, 67, 192, 117, 47, 172]
2026-06-24 04:34:29,065 [instantiator.py] => Created a temporary directory at /tmp/tmprer75kw6
2026-06-24 04:34:29,066 [instantiator.py] => Writing /tmp/tmprer75kw6/_remote_module_non_scriptable.py
2026-06-24 04:34:29,241 [factory.py] => Loaded ViT-B-16 model config.
2026-06-24 04:34:30,900 [factory.py] => Loading pretrained ViT-B-16 weights (/home/team/zhaohongwei/pretrained_models/open_clip_pytorch_model_laion400m_e32.bin).
2026-06-24 04:34:32,360 [factory.py] => Loaded ViT-B-16 model config.
2026-06-24 04:34:34,312 [factory.py] => Loading pretrained ViT-B-16 weights (/home/team/zhaohongwei/pretrained_models/open_clip_pytorch_model_laion400m_e32.bin).
2026-06-24 04:34:35,757 [rapf.py] => Learning on 0-20
2026-06-24 04:35:35,969 [trainer.py] => CNN: {'total': 93.48, '00-09': 93.81, '10-19': 93.16, 'old': 0, 'new': 93.48, 'harmonic': 0.0}
2026-06-24 04:35:35,969 [trainer.py] => CNN top1 curve: [93.48]
2026-06-24 04:35:35,969 [trainer.py] => CNN top5 curve: [99.57]
2026-06-24 04:35:35,969 [trainer.py] => Average Accuracy (CNN top1): 93.48
2026-06-24 04:35:35,969 [rapf.py] => Learning on 20-40
2026-06-24 04:36:44,107 [trainer.py] => CNN: {'total': 86.13, '00-09': 84.96, '10-19': 87.18, '20-29': 81.67, '30-39': 91.75, 'old': 86.09, 'new': 86.18, 'harmonic': 86.13}
2026-06-24 04:36:44,107 [trainer.py] => CNN top1 curve: [93.48, 86.13]
2026-06-24 04:36:44,107 [trainer.py] => CNN top5 curve: [99.57, 99.78]
2026-06-24 04:36:44,107 [trainer.py] => Average Accuracy (CNN top1): 89.805
2026-06-24 04:36:44,107 [rapf.py] => Learning on 40-60
2026-06-24 04:38:03,026 [trainer.py] => CNN: {'total': 78.16, '00-09': 76.11, '10-19': 72.65, '20-29': 72.5, '30-39': 74.23, '40-49': 81.1, '50-59': 88.97, 'old': 73.83, 'new': 85.29, 'harmonic': 79.15}
2026-06-24 04:38:03,026 [trainer.py] => CNN top1 curve: [93.48, 86.13, 78.16]
2026-06-24 04:38:03,026 [trainer.py] => CNN top5 curve: [99.57, 99.78, 97.91]
2026-06-24 04:38:03,026 [trainer.py] => Average Accuracy (CNN top1): 85.92333333333333
2026-06-24 04:38:03,026 [rapf.py] => Learning on 60-80
2026-06-24 04:39:31,694 [trainer.py] => CNN: {'total': 73.24, '00-09': 62.83, '10-19': 75.21, '20-29': 68.33, '30-39': 77.32, '40-49': 70.08, '50-59': 55.86, '60-69': 88.03, '70-79': 93.16, 'old': 67.59, 'new': 90.6, 'harmonic': 77.42}
2026-06-24 04:39:31,694 [trainer.py] => CNN top1 curve: [93.48, 86.13, 78.16, 73.24]
2026-06-24 04:39:31,694 [trainer.py] => CNN top5 curve: [99.57, 99.78, 97.91, 96.01]
2026-06-24 04:39:31,694 [trainer.py] => Average Accuracy (CNN top1): 82.7525
2026-06-24 04:39:31,695 [rapf.py] => Learning on 80-100
2026-06-24 04:41:09,115 [trainer.py] => CNN: {'total': 69.3, '00-09': 53.1, '10-19': 67.52, '20-29': 61.67, '30-39': 64.95, '40-49': 62.2, '50-59': 63.45, '60-69': 76.92, '70-79': 69.23, '80-89': 92.31, '90-99': 83.96, 'old': 64.85, 'new': 88.34, 'harmonic': 74.79}
2026-06-24 04:41:09,116 [trainer.py] => CNN top1 curve: [93.48, 86.13, 78.16, 73.24, 69.3]
2026-06-24 04:41:09,116 [trainer.py] => CNN top5 curve: [99.57, 99.78, 97.91, 96.01, 94.13]
2026-06-24 04:41:09,116 [trainer.py] => Average Accuracy (CNN top1): 80.062
2026-06-24 04:41:09,116 [rapf.py] => Learning on 100-120
2026-06-24 04:42:56,976 [trainer.py] => CNN: {'total': 68.28, '00-09': 66.37, '10-19': 67.52, '20-29': 60.0, '30-39': 48.45, '40-49': 60.63, '50-59': 56.55, '60-69': 66.67, '70-79': 57.26, '80-89': 82.05, '90-99': 74.53, '100-109': 90.27, '110-119': 91.23, 'old': 63.95, 'new': 90.75, 'harmonic': 75.03}
2026-06-24 04:42:56,977 [trainer.py] => CNN top1 curve: [93.48, 86.13, 78.16, 73.24, 69.3, 68.28]
2026-06-24 04:42:56,977 [trainer.py] => CNN top5 curve: [99.57, 99.78, 97.91, 96.01, 94.13, 94.94]
2026-06-24 04:42:56,977 [trainer.py] => Average Accuracy (CNN top1): 78.09833333333334
2026-06-24 04:42:56,977 [rapf.py] => Learning on 120-140
2026-06-24 04:44:55,862 [trainer.py] => CNN: {'total': 66.87, '00-09': 64.6, '10-19': 63.25, '20-29': 58.33, '30-39': 57.73, '40-49': 52.76, '50-59': 46.9, '60-69': 54.7, '70-79': 64.96, '80-89': 64.1, '90-99': 74.53, '100-109': 76.99, '110-119': 80.7, '120-129': 87.5, '130-139': 92.5, 'old': 62.79, 'new': 89.92, 'harmonic': 73.95}
2026-06-24 04:44:55,863 [trainer.py] => CNN top1 curve: [93.48, 86.13, 78.16, 73.24, 69.3, 68.28, 66.87]
2026-06-24 04:44:55,863 [trainer.py] => CNN top5 curve: [99.57, 99.78, 97.91, 96.01, 94.13, 94.94, 94.49]
2026-06-24 04:44:55,863 [trainer.py] => Average Accuracy (CNN top1): 76.49428571428572
2026-06-24 04:44:55,863 [rapf.py] => Learning on 140-160
2026-06-24 04:47:05,775 [trainer.py] => CNN: {'total': 64.45, '00-09': 63.72, '10-19': 40.17, '20-29': 58.33, '30-39': 52.58, '40-49': 58.27, '50-59': 42.76, '60-69': 76.92, '70-79': 70.94, '80-89': 75.21, '90-99': 54.72, '100-109': 82.3, '110-119': 57.02, '120-129': 72.66, '130-139': 60.83, '140-149': 77.88, '150-159': 88.98, 'old': 61.72, 'new': 83.98, 'harmonic': 71.15}
2026-06-24 04:47:05,776 [trainer.py] => CNN top1 curve: [93.48, 86.13, 78.16, 73.24, 69.3, 68.28, 66.87, 64.45]
2026-06-24 04:47:05,776 [trainer.py] => CNN top5 curve: [99.57, 99.78, 97.91, 96.01, 94.13, 94.94, 94.49, 91.5]
2026-06-24 04:47:05,776 [trainer.py] => Average Accuracy (CNN top1): 74.98875000000001
2026-06-24 04:47:05,776 [rapf.py] => Learning on 160-180
2026-06-24 04:49:29,209 [trainer.py] => CNN: {'total': 59.97, '00-09': 53.98, '10-19': 59.83, '20-29': 38.33, '30-39': 50.52, '40-49': 48.03, '50-59': 44.83, '60-69': 76.07, '70-79': 63.25, '80-89': 61.54, '90-99': 50.0, '100-109': 55.75, '110-119': 51.75, '120-129': 64.84, '130-139': 60.0, '140-149': 50.96, '150-159': 69.29, '160-169': 85.48, '170-179': 93.91, 'old': 56.22, 'new': 89.54, 'harmonic': 69.07}
2026-06-24 04:49:29,210 [trainer.py] => CNN top1 curve: [93.48, 86.13, 78.16, 73.24, 69.3, 68.28, 66.87, 64.45, 59.97]
2026-06-24 04:49:29,210 [trainer.py] => CNN top5 curve: [99.57, 99.78, 97.91, 96.01, 94.13, 94.94, 94.49, 91.5, 90.76]
2026-06-24 04:49:29,210 [trainer.py] => Average Accuracy (CNN top1): 73.32000000000001
2026-06-24 04:49:29,210 [rapf.py] => Learning on 180-200
2026-06-24 04:52:02,061 [trainer.py] => CNN: {'total': 63.15, '00-09': 57.52, '10-19': 56.41, '20-29': 49.17, '30-39': 52.58, '40-49': 50.39, '50-59': 55.17, '60-69': 76.07, '70-79': 60.68, '80-89': 75.21, '90-99': 50.0, '100-109': 66.37, '110-119': 57.89, '120-129': 64.84, '130-139': 55.83, '140-149': 51.92, '150-159': 65.35, '160-169': 63.71, '170-179': 76.52, '180-189': 91.07, '190-199': 84.8, 'old': 60.4, 'new': 87.76, 'harmonic': 71.55}
2026-06-24 04:52:02,061 [trainer.py] => CNN top1 curve: [93.48, 86.13, 78.16, 73.24, 69.3, 68.28, 66.87, 64.45, 59.97, 63.15]
2026-06-24 04:52:02,062 [trainer.py] => CNN top5 curve: [99.57, 99.78, 97.91, 96.01, 94.13, 94.94, 94.49, 91.5, 90.76, 91.05]
2026-06-24 04:52:02,062 [trainer.py] => Average Accuracy (CNN top1): 72.30300000000001
