2026-06-25 10:29:20,505 [trainer.py] => config: ./configs/rapf/rapf_food_B50_Inc10.json
2026-06-25 10:29:20,505 [trainer.py] => prefix: -
2026-06-25 10:29:20,505 [trainer.py] => dataset: food101
2026-06-25 10:29:20,505 [trainer.py] => memory_size: 0
2026-06-25 10:29:20,505 [trainer.py] => memory_per_class: 0
2026-06-25 10:29:20,505 [trainer.py] => fixed_memory: False
2026-06-25 10:29:20,505 [trainer.py] => shuffle: True
2026-06-25 10:29:20,505 [trainer.py] => init_cls: 50
2026-06-25 10:29:20,505 [trainer.py] => increment: 10
2026-06-25 10:29:20,505 [trainer.py] => model_name: rapf
2026-06-25 10:29:20,505 [trainer.py] => backbone_type: clip
2026-06-25 10:29:20,505 [trainer.py] => device: [device(type='cuda', index=4)]
2026-06-25 10:29:20,505 [trainer.py] => seed: 42
2026-06-25 10:29:20,505 [trainer.py] => batch_size: 128
2026-06-25 10:29:20,506 [trainer.py] => init_lr: 0.001
2026-06-25 10:29:20,506 [trainer.py] => epochs: 10
2026-06-25 10:29:20,506 [trainer.py] => beta: 2
2026-06-25 10:29:20,506 [trainer.py] => mix_bias: 0.6
2026-06-25 10:29:20,506 [trainer.py] => threshold: 0.55
2026-06-25 10:29:20,506 [trainer.py] => total_class_num: 100
2026-06-25 10:29:20,805 [data_manager.py] => [83, 53, 70, 45, 44, 39, 22, 80, 10, 0, 18, 30, 73, 33, 90, 4, 76, 77, 12, 31, 55, 88, 26, 42, 69, 15, 40, 96, 9, 72, 11, 47, 85, 28, 93, 5, 66, 65, 35, 16, 49, 34, 7, 95, 27, 19, 81, 25, 62, 13, 24, 3, 17, 38, 8, 78, 6, 64, 36, 89, 56, 99, 54, 43, 50, 67, 46, 68, 61, 97, 79, 41, 58, 48, 98, 57, 75, 32, 94, 59, 63, 84, 37, 29, 1, 52, 21, 2, 23, 87, 91, 74, 86, 82, 20, 60, 71, 14, 92, 51]
2026-06-25 10:29:20,974 [factory.py] => Loaded ViT-B-16 model config.
2026-06-25 10:29:22,804 [factory.py] => Loading pretrained ViT-B-16 weights (/home/team/zhaohongwei/pretrained_models/open_clip_pytorch_model_laion400m_e32.bin).
2026-06-25 10:29:24,948 [factory.py] => Loaded ViT-B-16 model config.
2026-06-25 10:29:26,691 [factory.py] => Loading pretrained ViT-B-16 weights (/home/team/zhaohongwei/pretrained_models/open_clip_pytorch_model_laion400m_e32.bin).
2026-06-25 10:29:27,468 [rapf.py] => Learning on 0-50
2026-06-25 10:56:54,034 [trainer.py] => CNN: {'total': 91.01, '00-09': 89.76, '10-19': 93.02, '20-29': 91.23, '30-39': 89.95, '40-49': 91.23, 'old': 0, 'new': 91.01, 'harmonic': 0.0}
2026-06-25 10:56:54,034 [trainer.py] => CNN top1 curve: [91.01]
2026-06-25 10:56:54,034 [trainer.py] => CNN top5 curve: [98.38]
2026-06-25 10:56:54,034 [trainer.py] => Average Accuracy (CNN top1): 91.01
2026-06-25 10:56:54,035 [rapf.py] => Learning on 50-60
2026-06-25 11:08:21,188 [trainer.py] => CNN: {'total': 89.11, '00-09': 87.34, '10-19': 89.89, '20-29': 87.81, '30-39': 89.08, '40-49': 89.1, '50-59': 91.5, 'old': 88.64, 'new': 91.5, 'harmonic': 90.05}
2026-06-25 11:08:21,189 [trainer.py] => CNN top1 curve: [91.01, 89.11]
2026-06-25 11:08:21,189 [trainer.py] => CNN top5 curve: [98.38, 98.1]
2026-06-25 11:08:21,189 [trainer.py] => Average Accuracy (CNN top1): 90.06
2026-06-25 11:08:21,189 [rapf.py] => Learning on 60-70
2026-06-25 11:21:10,005 [trainer.py] => CNN: {'total': 88.05, '00-09': 87.39, '10-19': 88.61, '20-29': 86.79, '30-39': 88.94, '40-49': 88.26, '50-59': 88.03, '60-69': 88.3, 'old': 88.01, 'new': 88.3, 'harmonic': 88.15}
2026-06-25 11:21:10,006 [trainer.py] => CNN top1 curve: [91.01, 89.11, 88.05]
2026-06-25 11:21:10,006 [trainer.py] => CNN top5 curve: [98.38, 98.1, 97.69]
2026-06-25 11:21:10,006 [trainer.py] => Average Accuracy (CNN top1): 89.39
2026-06-25 11:21:10,006 [rapf.py] => Learning on 70-80
2026-06-25 11:35:18,846 [trainer.py] => CNN: {'total': 86.66, '00-09': 85.17, '10-19': 86.71, '20-29': 86.89, '30-39': 86.04, '40-49': 86.42, '50-59': 85.51, '60-69': 86.16, '70-79': 90.62, 'old': 86.12, 'new': 90.62, 'harmonic': 88.31}
2026-06-25 11:35:18,846 [trainer.py] => CNN top1 curve: [91.01, 89.11, 88.05, 86.66]
2026-06-25 11:35:18,846 [trainer.py] => CNN top5 curve: [98.38, 98.1, 97.69, 97.42]
2026-06-25 11:35:18,846 [trainer.py] => Average Accuracy (CNN top1): 88.70750000000001
2026-06-25 11:35:18,846 [rapf.py] => Learning on 80-90
2026-06-25 11:50:32,246 [trainer.py] => CNN: {'total': 85.36, '00-09': 80.19, '10-19': 85.79, '20-29': 85.82, '30-39': 85.12, '40-49': 86.97, '50-59': 85.06, '60-69': 84.41, '70-79': 84.34, '80-89': 90.78, 'old': 84.69, 'new': 90.78, 'harmonic': 87.63}
2026-06-25 11:50:32,246 [trainer.py] => CNN top1 curve: [91.01, 89.11, 88.05, 86.66, 85.36]
2026-06-25 11:50:32,246 [trainer.py] => CNN top5 curve: [98.38, 98.1, 97.69, 97.42, 97.18]
2026-06-25 11:50:32,246 [trainer.py] => Average Accuracy (CNN top1): 88.03800000000001
2026-06-25 11:50:32,246 [rapf.py] => Learning on 90-100
2026-06-25 12:07:09,755 [trainer.py] => CNN: {'total': 85.05, '00-09': 81.74, '10-19': 86.04, '20-29': 85.77, '30-39': 83.38, '40-49': 84.84, '50-59': 85.66, '60-69': 83.57, '70-79': 82.63, '80-89': 84.78, '90-99': 92.02, 'old': 84.25, 'new': 92.02, 'harmonic': 87.96}
2026-06-25 12:07:09,756 [trainer.py] => CNN top1 curve: [91.01, 89.11, 88.05, 86.66, 85.36, 85.05]
2026-06-25 12:07:09,756 [trainer.py] => CNN top5 curve: [98.38, 98.1, 97.69, 97.42, 97.18, 96.88]
2026-06-25 12:07:09,756 [trainer.py] => Average Accuracy (CNN top1): 87.54
