2026-06-24 00:21:08,079 [trainer.py] => config: ./configs/rapf/rapf_inr_B0_Inc20.json
2026-06-24 00:21:08,080 [trainer.py] => prefix: -
2026-06-24 00:21:08,080 [trainer.py] => dataset: imagenetr
2026-06-24 00:21:08,080 [trainer.py] => memory_size: 0
2026-06-24 00:21:08,080 [trainer.py] => memory_per_class: 0
2026-06-24 00:21:08,080 [trainer.py] => fixed_memory: False
2026-06-24 00:21:08,080 [trainer.py] => shuffle: True
2026-06-24 00:21:08,080 [trainer.py] => init_cls: 20
2026-06-24 00:21:08,080 [trainer.py] => increment: 20
2026-06-24 00:21:08,080 [trainer.py] => model_name: rapf
2026-06-24 00:21:08,080 [trainer.py] => backbone_type: clip
2026-06-24 00:21:08,080 [trainer.py] => device: [device(type='cuda', index=4)]
2026-06-24 00:21:08,080 [trainer.py] => seed: 42
2026-06-24 00:21:08,080 [trainer.py] => batch_size: 128
2026-06-24 00:21:08,080 [trainer.py] => init_lr: 0.001
2026-06-24 00:21:08,080 [trainer.py] => epochs: 10
2026-06-24 00:21:08,080 [trainer.py] => beta: 2
2026-06-24 00:21:08,080 [trainer.py] => mix_bias: 0.6
2026-06-24 00:21:08,080 [trainer.py] => threshold: 0.55
2026-06-24 00:21:08,080 [trainer.py] => total_class_num: 200
2026-06-24 00:21:08,170 [data_manager.py] => [95, 15, 30, 158, 128, 115, 69, 170, 174, 45, 66, 182, 165, 78, 186, 177, 56, 152, 82, 68, 124, 16, 148, 93, 65, 60, 84, 67, 125, 132, 9, 18, 55, 75, 150, 104, 135, 137, 164, 76, 79, 197, 38, 24, 122, 195, 29, 19, 143, 86, 114, 173, 5, 126, 117, 73, 140, 98, 172, 96, 169, 97, 31, 12, 35, 119, 42, 189, 90, 136, 51, 127, 162, 41, 118, 113, 26, 139, 100, 111, 2, 77, 46, 187, 191, 85, 161, 36, 190, 61, 22, 141, 101, 33, 11, 194, 159, 6, 27, 120, 4, 32, 142, 145, 109, 144, 10, 62, 112, 146, 166, 0, 198, 153, 70, 123, 64, 44, 163, 28, 40, 108, 155, 156, 25, 23, 184, 147, 81, 39, 168, 47, 94, 154, 43, 138, 3, 105, 53, 133, 180, 178, 185, 49, 80, 34, 7, 110, 91, 83, 176, 181, 89, 8, 13, 59, 171, 131, 17, 72, 175, 134, 167, 183, 63, 54, 107, 50, 196, 58, 48, 88, 21, 57, 160, 192, 129, 37, 157, 193, 1, 52, 149, 130, 151, 103, 99, 116, 87, 74, 121, 199, 20, 188, 71, 106, 14, 92, 179, 102]
2026-06-24 00:21:08,264 [factory.py] => Loaded ViT-B-16 model config.
2026-06-24 00:21:09,803 [factory.py] => Loading pretrained ViT-B-16 weights (/home/team/zhaohongwei/pretrained_models/open_clip_pytorch_model_laion400m_e32.bin).
2026-06-24 00:21:10,804 [factory.py] => Loaded ViT-B-16 model config.
2026-06-24 00:21:12,584 [factory.py] => Loading pretrained ViT-B-16 weights (/home/team/zhaohongwei/pretrained_models/open_clip_pytorch_model_laion400m_e32.bin).
2026-06-24 00:21:14,426 [rapf.py] => Learning on 0-20
2026-06-24 00:23:28,014 [trainer.py] => CNN: {'total': 93.79, '00-09': 93.06, '10-19': 94.38, 'old': 0, 'new': 93.79, 'harmonic': 0.0}
2026-06-24 00:23:28,015 [trainer.py] => CNN top1 curve: [93.79]
2026-06-24 00:23:28,015 [trainer.py] => CNN top5 curve: [99.38]
2026-06-24 00:23:28,015 [trainer.py] => Average Accuracy (CNN top1): 93.79
2026-06-24 00:23:28,015 [rapf.py] => Learning on 20-40
2026-06-24 00:25:55,072 [trainer.py] => CNN: {'total': 89.23, '00-09': 92.36, '10-19': 93.26, '20-29': 83.59, '30-39': 86.72, 'old': 92.86, 'new': 85.41, 'harmonic': 88.98}
2026-06-24 00:25:55,073 [trainer.py] => CNN top1 curve: [93.79, 89.23]
2026-06-24 00:25:55,073 [trainer.py] => CNN top5 curve: [99.38, 98.09]
2026-06-24 00:25:55,073 [trainer.py] => Average Accuracy (CNN top1): 91.51
2026-06-24 00:25:55,073 [rapf.py] => Learning on 40-60
2026-06-24 00:28:45,296 [trainer.py] => CNN: {'total': 85.86, '00-09': 86.46, '10-19': 88.76, '20-29': 79.3, '30-39': 86.72, '40-49': 85.62, '50-59': 86.62, 'old': 85.73, 'new': 86.12, 'harmonic': 85.92}
2026-06-24 00:28:45,296 [trainer.py] => CNN top1 curve: [93.79, 89.23, 85.86]
2026-06-24 00:28:45,297 [trainer.py] => CNN top5 curve: [99.38, 98.09, 96.77]
2026-06-24 00:28:45,297 [trainer.py] => Average Accuracy (CNN top1): 89.62666666666667
2026-06-24 00:28:45,297 [rapf.py] => Learning on 60-80
2026-06-24 00:32:07,666 [trainer.py] => CNN: {'total': 84.81, '00-09': 81.94, '10-19': 87.36, '20-29': 76.56, '30-39': 87.29, '40-49': 85.31, '50-59': 83.76, '60-69': 88.57, '70-79': 85.29, 'old': 84.11, 'new': 86.96, 'harmonic': 85.51}
2026-06-24 00:32:07,666 [trainer.py] => CNN top1 curve: [93.79, 89.23, 85.86, 84.81]
2026-06-24 00:32:07,666 [trainer.py] => CNN top5 curve: [99.38, 98.09, 96.77, 96.21]
2026-06-24 00:32:07,666 [trainer.py] => Average Accuracy (CNN top1): 88.4225
2026-06-24 00:32:07,666 [rapf.py] => Learning on 80-100
2026-06-24 00:36:04,863 [trainer.py] => CNN: {'total': 83.18, '00-09': 79.86, '10-19': 86.24, '20-29': 73.83, '30-39': 85.03, '40-49': 81.88, '50-59': 79.94, '60-69': 83.17, '70-79': 83.33, '80-89': 87.41, '90-99': 87.24, 'old': 81.98, 'new': 87.31, 'harmonic': 84.56}
2026-06-24 00:36:04,863 [trainer.py] => CNN top1 curve: [93.79, 89.23, 85.86, 84.81, 83.18]
2026-06-24 00:36:04,863 [trainer.py] => CNN top5 curve: [99.38, 98.09, 96.77, 96.21, 95.67]
2026-06-24 00:36:04,863 [trainer.py] => Average Accuracy (CNN top1): 87.374
2026-06-24 00:36:04,863 [rapf.py] => Learning on 100-120
2026-06-24 00:40:06,669 [trainer.py] => CNN: {'total': 81.56, '00-09': 81.25, '10-19': 87.08, '20-29': 77.34, '30-39': 81.64, '40-49': 72.5, '50-59': 80.57, '60-69': 82.86, '70-79': 78.76, '80-89': 82.31, '90-99': 83.99, '100-109': 82.22, '110-119': 86.08, 'old': 81.08, 'new': 84.46, 'harmonic': 82.74}
2026-06-24 00:40:06,669 [trainer.py] => CNN top1 curve: [93.79, 89.23, 85.86, 84.81, 83.18, 81.56]
2026-06-24 00:40:06,669 [trainer.py] => CNN top5 curve: [99.38, 98.09, 96.77, 96.21, 95.67, 95.01]
2026-06-24 00:40:06,669 [trainer.py] => Average Accuracy (CNN top1): 86.40500000000002
2026-06-24 00:40:06,669 [rapf.py] => Learning on 120-140
2026-06-24 00:44:23,365 [trainer.py] => CNN: {'total': 79.05, '00-09': 82.29, '10-19': 82.58, '20-29': 73.83, '30-39': 81.92, '40-49': 73.75, '50-59': 79.94, '60-69': 75.87, '70-79': 78.1, '80-89': 74.15, '90-99': 77.49, '100-109': 76.0, '110-119': 81.55, '120-129': 85.65, '130-139': 83.75, 'old': 78.29, 'new': 84.63, 'harmonic': 81.34}
2026-06-24 00:44:23,365 [trainer.py] => CNN top1 curve: [93.79, 89.23, 85.86, 84.81, 83.18, 81.56, 79.05]
2026-06-24 00:44:23,365 [trainer.py] => CNN top5 curve: [99.38, 98.09, 96.77, 96.21, 95.67, 95.01, 94.11]
2026-06-24 00:44:23,365 [trainer.py] => Average Accuracy (CNN top1): 85.35428571428572
2026-06-24 00:44:23,365 [rapf.py] => Learning on 140-160
2026-06-24 00:49:24,896 [trainer.py] => CNN: {'total': 79.37, '00-09': 79.17, '10-19': 81.74, '20-29': 76.17, '30-39': 75.99, '40-49': 74.06, '50-59': 79.3, '60-69': 80.63, '70-79': 77.78, '80-89': 76.87, '90-99': 76.8, '100-109': 78.67, '110-119': 78.64, '120-129': 82.28, '130-139': 77.62, '140-149': 86.28, '150-159': 89.74, 'old': 78.19, 'new': 88.08, 'harmonic': 82.84}
2026-06-24 00:49:24,896 [trainer.py] => CNN top1 curve: [93.79, 89.23, 85.86, 84.81, 83.18, 81.56, 79.05, 79.37]
2026-06-24 00:49:24,897 [trainer.py] => CNN top5 curve: [99.38, 98.09, 96.77, 96.21, 95.67, 95.01, 94.11, 94.22]
2026-06-24 00:49:24,897 [trainer.py] => Average Accuracy (CNN top1): 84.60625
2026-06-24 00:49:24,897 [rapf.py] => Learning on 160-180
2026-06-24 00:54:56,783 [trainer.py] => CNN: {'total': 78.85, '00-09': 78.47, '10-19': 78.93, '20-29': 71.09, '30-39': 77.12, '40-49': 72.5, '50-59': 77.71, '60-69': 79.37, '70-79': 78.43, '80-89': 78.91, '90-99': 72.62, '100-109': 82.67, '110-119': 73.79, '120-129': 78.9, '130-139': 80.14, '140-149': 80.14, '150-159': 86.42, '160-169': 84.56, '170-179': 90.54, 'old': 77.74, 'new': 87.64, 'harmonic': 82.39}
2026-06-24 00:54:56,783 [trainer.py] => CNN top1 curve: [93.79, 89.23, 85.86, 84.81, 83.18, 81.56, 79.05, 79.37, 78.85]
2026-06-24 00:54:56,783 [trainer.py] => CNN top5 curve: [99.38, 98.09, 96.77, 96.21, 95.67, 95.01, 94.11, 94.22, 93.64]
2026-06-24 00:54:56,784 [trainer.py] => Average Accuracy (CNN top1): 83.96666666666667
2026-06-24 00:54:56,784 [rapf.py] => Learning on 180-200
2026-06-24 01:00:44,382 [trainer.py] => CNN: {'total': 75.17, '00-09': 75.0, '10-19': 74.16, '20-29': 71.48, '30-39': 72.88, '40-49': 70.62, '50-59': 72.29, '60-69': 79.05, '70-79': 76.8, '80-89': 67.01, '90-99': 74.94, '100-109': 76.44, '110-119': 74.43, '120-129': 72.15, '130-139': 63.9, '140-149': 84.12, '150-159': 73.84, '160-169': 76.51, '170-179': 80.44, '180-189': 85.17, '190-199': 84.03, 'old': 74.27, 'new': 84.54, 'harmonic': 79.07}
2026-06-24 01:00:44,382 [trainer.py] => CNN top1 curve: [93.79, 89.23, 85.86, 84.81, 83.18, 81.56, 79.05, 79.37, 78.85, 75.17]
2026-06-24 01:00:44,382 [trainer.py] => CNN top5 curve: [99.38, 98.09, 96.77, 96.21, 95.67, 95.01, 94.11, 94.22, 93.64, 92.75]
2026-06-24 01:00:44,382 [trainer.py] => Average Accuracy (CNN top1): 83.087
