2026-06-26 02:34:10,143 [trainer.py] => config: ./configs/rapf/rapf_objectnet_B0_Inc20.json
2026-06-26 02:34:10,144 [trainer.py] => prefix: -
2026-06-26 02:34:10,144 [trainer.py] => dataset: objectnet
2026-06-26 02:34:10,144 [trainer.py] => memory_size: 0
2026-06-26 02:34:10,144 [trainer.py] => memory_per_class: 0
2026-06-26 02:34:10,144 [trainer.py] => fixed_memory: False
2026-06-26 02:34:10,144 [trainer.py] => shuffle: True
2026-06-26 02:34:10,144 [trainer.py] => init_cls: 20
2026-06-26 02:34:10,144 [trainer.py] => increment: 20
2026-06-26 02:34:10,144 [trainer.py] => model_name: rapf
2026-06-26 02:34:10,144 [trainer.py] => backbone_type: clip
2026-06-26 02:34:10,144 [trainer.py] => device: [device(type='cuda', index=4)]
2026-06-26 02:34:10,144 [trainer.py] => seed: 1993
2026-06-26 02:34:10,144 [trainer.py] => batch_size: 128
2026-06-26 02:34:10,144 [trainer.py] => init_lr: 0.001
2026-06-26 02:34:10,144 [trainer.py] => epochs: 10
2026-06-26 02:34:10,144 [trainer.py] => beta: 2
2026-06-26 02:34:10,144 [trainer.py] => mix_bias: 0.6
2026-06-26 02:34:10,144 [trainer.py] => threshold: 0.55
2026-06-26 02:34:10,144 [trainer.py] => total_class_num: 200
2026-06-26 02:34:10,630 [data_manager.py] => [168, 136, 51, 9, 183, 101, 171, 99, 42, 159, 191, 70, 16, 188, 27, 10, 175, 26, 68, 187, 98, 6, 85, 35, 112, 43, 100, 0, 103, 181, 88, 59, 4, 2, 116, 174, 94, 80, 106, 1, 147, 17, 141, 131, 72, 23, 173, 54, 197, 118, 87, 32, 79, 104, 91, 19, 135, 107, 178, 36, 11, 199, 142, 8, 122, 3, 28, 57, 153, 172, 190, 56, 49, 44, 97, 62, 151, 169, 194, 55, 192, 12, 189, 78, 66, 180, 15, 137, 109, 134, 92, 119, 126, 52, 170, 40, 148, 65, 144, 64, 138, 45, 77, 89, 154, 90, 71, 193, 74, 30, 113, 143, 96, 84, 67, 50, 186, 156, 69, 21, 18, 111, 108, 58, 125, 157, 150, 110, 182, 129, 166, 83, 81, 60, 13, 165, 14, 176, 63, 117, 5, 22, 145, 121, 38, 41, 82, 127, 114, 20, 31, 53, 37, 163, 196, 130, 152, 162, 86, 76, 24, 34, 184, 149, 33, 128, 198, 155, 146, 167, 139, 120, 140, 102, 47, 25, 158, 123, 46, 164, 61, 7, 115, 75, 133, 160, 105, 132, 179, 124, 48, 73, 93, 39, 95, 195, 29, 177, 185, 161]
2026-06-26 02:34:10,759 [factory.py] => Loaded ViT-B-16 model config.
2026-06-26 02:34:12,674 [factory.py] => Loading pretrained ViT-B-16 weights (/home/team/zhaohongwei/pretrained_models/open_clip_pytorch_model_laion400m_e32.bin).
2026-06-26 02:34:16,937 [factory.py] => Loaded ViT-B-16 model config.
2026-06-26 02:34:19,023 [factory.py] => Loading pretrained ViT-B-16 weights (/home/team/zhaohongwei/pretrained_models/open_clip_pytorch_model_laion400m_e32.bin).
2026-06-26 02:34:21,554 [rapf.py] => Learning on 0-20
2026-06-26 02:53:36,420 [trainer.py] => CNN: {'total': 80.0, '00-09': 80.66, '10-19': 79.02, 'old': 0, 'new': 80.0, 'harmonic': 0.0}
2026-06-26 02:53:36,421 [trainer.py] => CNN top1 curve: [80.0]
2026-06-26 02:53:36,421 [trainer.py] => CNN top5 curve: [95.92]
2026-06-26 02:53:36,421 [trainer.py] => Average Accuracy (CNN top1): 80.0
2026-06-26 02:53:36,421 [rapf.py] => Learning on 20-40
2026-06-26 03:16:55,671 [trainer.py] => CNN: {'total': 70.72, '00-09': 73.58, '10-19': 76.57, '20-29': 60.56, '30-39': 71.92, 'old': 74.79, 'new': 66.2, 'harmonic': 70.23}
2026-06-26 03:16:55,671 [trainer.py] => CNN top1 curve: [80.0, 70.72]
2026-06-26 03:16:55,671 [trainer.py] => CNN top5 curve: [95.92, 90.29]
2026-06-26 03:16:55,671 [trainer.py] => Average Accuracy (CNN top1): 75.36
2026-06-26 03:16:55,671 [rapf.py] => Learning on 40-60
2026-06-26 03:40:53,862 [trainer.py] => CNN: {'total': 65.74, '00-09': 65.09, '10-19': 70.63, '20-29': 52.48, '30-39': 65.93, '40-49': 70.34, '50-59': 70.92, 'old': 63.45, 'new': 70.62, 'harmonic': 66.84}
2026-06-26 03:40:53,863 [trainer.py] => CNN top1 curve: [80.0, 70.72, 65.74]
2026-06-26 03:40:53,866 [trainer.py] => CNN top5 curve: [95.92, 90.29, 87.29]
2026-06-26 03:40:53,866 [trainer.py] => Average Accuracy (CNN top1): 72.15333333333332
2026-06-26 03:40:53,866 [rapf.py] => Learning on 60-80
2026-06-26 04:09:19,439 [trainer.py] => CNN: {'total': 58.09, '00-09': 58.02, '10-19': 61.19, '20-29': 48.76, '30-39': 65.62, '40-49': 55.66, '50-59': 51.96, '60-69': 63.46, '70-79': 59.52, 'old': 56.86, 'new': 61.58, 'harmonic': 59.13}
2026-06-26 04:09:19,440 [trainer.py] => CNN top1 curve: [80.0, 70.72, 65.74, 58.09]
2026-06-26 04:09:19,440 [trainer.py] => CNN top5 curve: [95.92, 90.29, 87.29, 82.7]
2026-06-26 04:09:19,440 [trainer.py] => Average Accuracy (CNN top1): 68.63749999999999
2026-06-26 04:09:19,440 [rapf.py] => Learning on 80-100
2026-06-26 04:41:27,537 [trainer.py] => CNN: {'total': 53.36, '00-09': 54.25, '10-19': 54.55, '20-29': 42.24, '30-39': 59.31, '40-49': 56.27, '50-59': 50.65, '60-69': 51.92, '70-79': 40.18, '80-89': 58.04, '90-99': 66.86, 'old': 51.21, 'new': 63.07, 'harmonic': 56.52}
2026-06-26 04:41:27,537 [trainer.py] => CNN top1 curve: [80.0, 70.72, 65.74, 58.09, 53.36]
2026-06-26 04:41:27,537 [trainer.py] => CNN top5 curve: [95.92, 90.29, 87.29, 82.7, 78.72]
2026-06-26 04:41:27,537 [trainer.py] => Average Accuracy (CNN top1): 65.582
2026-06-26 04:41:27,538 [rapf.py] => Learning on 100-120
2026-06-26 05:14:28,009 [trainer.py] => CNN: {'total': 48.2, '00-09': 48.11, '10-19': 51.05, '20-29': 43.79, '30-39': 56.15, '40-49': 48.62, '50-59': 42.16, '60-69': 33.52, '70-79': 29.91, '80-89': 38.43, '90-99': 49.7, '100-109': 64.59, '110-119': 70.24, 'old': 44.16, 'new': 67.7, 'harmonic': 53.45}
2026-06-26 05:14:28,009 [trainer.py] => CNN top1 curve: [80.0, 70.72, 65.74, 58.09, 53.36, 48.2]
2026-06-26 05:14:28,009 [trainer.py] => CNN top5 curve: [95.92, 90.29, 87.29, 82.7, 78.72, 75.15]
2026-06-26 05:14:28,009 [trainer.py] => Average Accuracy (CNN top1): 62.684999999999995
2026-06-26 05:14:28,010 [rapf.py] => Learning on 120-140
2026-06-26 05:51:54,619 [trainer.py] => CNN: {'total': 45.35, '00-09': 41.04, '10-19': 45.1, '20-29': 38.2, '30-39': 51.42, '40-49': 47.4, '50-59': 47.71, '60-69': 38.74, '70-79': 30.21, '80-89': 34.51, '90-99': 49.7, '100-109': 40.98, '110-119': 39.95, '120-129': 60.82, '130-139': 69.04, 'old': 42.07, 'new': 64.81, 'harmonic': 51.02}
2026-06-26 05:51:54,620 [trainer.py] => CNN top1 curve: [80.0, 70.72, 65.74, 58.09, 53.36, 48.2, 45.35]
2026-06-26 05:51:54,620 [trainer.py] => CNN top5 curve: [95.92, 90.29, 87.29, 82.7, 78.72, 75.15, 73.73]
2026-06-26 05:51:54,620 [trainer.py] => Average Accuracy (CNN top1): 60.208571428571425
2026-06-26 05:51:54,620 [rapf.py] => Learning on 140-160
2026-06-26 06:32:48,341 [trainer.py] => CNN: {'total': 42.76, '00-09': 46.23, '10-19': 40.91, '20-29': 41.3, '30-39': 47.63, '40-49': 44.04, '50-59': 38.89, '60-69': 35.44, '70-79': 23.26, '80-89': 28.63, '90-99': 47.34, '100-109': 33.44, '110-119': 39.14, '120-129': 37.13, '130-139': 46.44, '140-149': 57.91, '150-159': 68.23, 'old': 39.54, 'new': 62.99, 'harmonic': 48.58}
2026-06-26 06:32:48,341 [trainer.py] => CNN top1 curve: [80.0, 70.72, 65.74, 58.09, 53.36, 48.2, 45.35, 42.76]
2026-06-26 06:32:48,341 [trainer.py] => CNN top5 curve: [95.92, 90.29, 87.29, 82.7, 78.72, 75.15, 73.73, 70.74]
2026-06-26 06:32:48,342 [trainer.py] => Average Accuracy (CNN top1): 58.027499999999996
2026-06-26 06:32:48,342 [rapf.py] => Learning on 160-180
2026-06-26 07:14:54,812 [trainer.py] => CNN: {'total': 39.64, '00-09': 37.03, '10-19': 49.65, '20-29': 37.58, '30-39': 48.58, '40-49': 46.79, '50-59': 36.27, '60-69': 35.16, '70-79': 24.17, '80-89': 29.41, '90-99': 42.6, '100-109': 34.75, '110-119': 32.71, '120-129': 34.21, '130-139': 40.25, '140-149': 32.98, '150-159': 36.19, '160-169': 64.44, '170-179': 54.33, 'old': 37.28, 'new': 59.62, 'harmonic': 45.87}
2026-06-26 07:14:54,813 [trainer.py] => CNN top1 curve: [80.0, 70.72, 65.74, 58.09, 53.36, 48.2, 45.35, 42.76, 39.64]
2026-06-26 07:14:54,813 [trainer.py] => CNN top5 curve: [95.92, 90.29, 87.29, 82.7, 78.72, 75.15, 73.73, 70.74, 67.49]
2026-06-26 07:14:54,813 [trainer.py] => Average Accuracy (CNN top1): 55.98444444444444
2026-06-26 07:14:54,813 [rapf.py] => Learning on 180-200
2026-06-26 07:59:35,710 [trainer.py] => CNN: {'total': 35.56, '00-09': 30.66, '10-19': 46.5, '20-29': 33.23, '30-39': 46.69, '40-49': 44.65, '50-59': 26.8, '60-69': 33.24, '70-79': 23.87, '80-89': 34.9, '90-99': 33.73, '100-109': 28.2, '110-119': 27.61, '120-129': 30.7, '130-139': 33.13, '140-149': 24.93, '150-159': 28.18, '160-169': 30.7, '170-179': 34.33, '180-189': 63.41, '190-199': 62.09, 'old': 32.61, 'new': 62.67, 'harmonic': 42.9}
2026-06-26 07:59:35,711 [trainer.py] => CNN top1 curve: [80.0, 70.72, 65.74, 58.09, 53.36, 48.2, 45.35, 42.76, 39.64, 35.56]
2026-06-26 07:59:35,711 [trainer.py] => CNN top5 curve: [95.92, 90.29, 87.29, 82.7, 78.72, 75.15, 73.73, 70.74, 67.49, 63.82]
2026-06-26 07:59:35,711 [trainer.py] => Average Accuracy (CNN top1): 53.94199999999999
