2026-06-26 17:47:00,113 [trainer.py] => config: ./configs/rapf/rapf_objectnet_B100_Inc20.json
2026-06-26 17:47:00,114 [trainer.py] => prefix: -
2026-06-26 17:47:00,114 [trainer.py] => dataset: objectnet
2026-06-26 17:47:00,114 [trainer.py] => memory_size: 0
2026-06-26 17:47:00,114 [trainer.py] => memory_per_class: 0
2026-06-26 17:47:00,114 [trainer.py] => fixed_memory: False
2026-06-26 17:47:00,114 [trainer.py] => shuffle: True
2026-06-26 17:47:00,114 [trainer.py] => init_cls: 100
2026-06-26 17:47:00,114 [trainer.py] => increment: 20
2026-06-26 17:47:00,114 [trainer.py] => model_name: rapf
2026-06-26 17:47:00,114 [trainer.py] => backbone_type: clip
2026-06-26 17:47:00,114 [trainer.py] => device: [device(type='cuda', index=4)]
2026-06-26 17:47:00,114 [trainer.py] => seed: 42
2026-06-26 17:47:00,114 [trainer.py] => batch_size: 128
2026-06-26 17:47:00,114 [trainer.py] => init_lr: 0.001
2026-06-26 17:47:00,114 [trainer.py] => epochs: 10
2026-06-26 17:47:00,114 [trainer.py] => beta: 2
2026-06-26 17:47:00,114 [trainer.py] => mix_bias: 0.6
2026-06-26 17:47:00,114 [trainer.py] => threshold: 0.55
2026-06-26 17:47:00,114 [trainer.py] => total_class_num: 200
2026-06-26 17:47:00,270 [data_manager.py] => [95, 15, 30, 158, 128, 115, 69, 170, 174, 45, 66, 182, 165, 78, 186, 177, 56, 152, 82, 68, 124, 16, 148, 93, 65, 60, 84, 67, 125, 132, 9, 18, 55, 75, 150, 104, 135, 137, 164, 76, 79, 197, 38, 24, 122, 195, 29, 19, 143, 86, 114, 173, 5, 126, 117, 73, 140, 98, 172, 96, 169, 97, 31, 12, 35, 119, 42, 189, 90, 136, 51, 127, 162, 41, 118, 113, 26, 139, 100, 111, 2, 77, 46, 187, 191, 85, 161, 36, 190, 61, 22, 141, 101, 33, 11, 194, 159, 6, 27, 120, 4, 32, 142, 145, 109, 144, 10, 62, 112, 146, 166, 0, 198, 153, 70, 123, 64, 44, 163, 28, 40, 108, 155, 156, 25, 23, 184, 147, 81, 39, 168, 47, 94, 154, 43, 138, 3, 105, 53, 133, 180, 178, 185, 49, 80, 34, 7, 110, 91, 83, 176, 181, 89, 8, 13, 59, 171, 131, 17, 72, 175, 134, 167, 183, 63, 54, 107, 50, 196, 58, 48, 88, 21, 57, 160, 192, 129, 37, 157, 193, 1, 52, 149, 130, 151, 103, 99, 116, 87, 74, 121, 199, 20, 188, 71, 106, 14, 92, 179, 102]
2026-06-26 17:47:00,376 [factory.py] => Loaded ViT-B-16 model config.
2026-06-26 17:47:02,243 [factory.py] => Loading pretrained ViT-B-16 weights (/home/team/zhaohongwei/pretrained_models/open_clip_pytorch_model_laion400m_e32.bin).
2026-06-26 17:47:02,943 [factory.py] => Loaded ViT-B-16 model config.
2026-06-26 17:47:04,758 [factory.py] => Loading pretrained ViT-B-16 weights (/home/team/zhaohongwei/pretrained_models/open_clip_pytorch_model_laion400m_e32.bin).
2026-06-26 17:47:06,522 [rapf.py] => Learning on 0-100
2026-06-26 19:02:12,942 [trainer.py] => CNN: {'total': 54.23, '00-09': 54.02, '10-19': 52.9, '20-29': 64.35, '30-39': 54.46, '40-49': 48.33, '50-59': 54.49, '60-69': 49.01, '70-79': 56.96, '80-89': 51.5, '90-99': 55.92, 'old': 0, 'new': 54.23, 'harmonic': 0.0}
2026-06-26 19:02:12,943 [trainer.py] => CNN top1 curve: [54.23]
2026-06-26 19:02:12,943 [trainer.py] => CNN top5 curve: [79.28]
2026-06-26 19:02:12,943 [trainer.py] => Average Accuracy (CNN top1): 54.23
2026-06-26 19:02:12,943 [rapf.py] => Learning on 100-120
2026-06-26 19:34:07,027 [trainer.py] => CNN: {'total': 48.09, '00-09': 42.77, '10-19': 46.77, '20-29': 54.78, '30-39': 37.29, '40-49': 43.61, '50-59': 48.92, '60-69': 43.42, '70-79': 43.69, '80-89': 39.52, '90-99': 44.08, '100-109': 67.86, '110-119': 61.69, 'old': 44.57, 'new': 64.69, 'harmonic': 52.78}
2026-06-26 19:34:07,027 [trainer.py] => CNN top1 curve: [54.23, 48.09]
2026-06-26 19:34:07,027 [trainer.py] => CNN top5 curve: [79.28, 73.94]
2026-06-26 19:34:07,027 [trainer.py] => Average Accuracy (CNN top1): 51.16
2026-06-26 19:34:07,027 [rapf.py] => Learning on 120-140
2026-06-26 20:10:34,122 [trainer.py] => CNN: {'total': 44.68, '00-09': 35.05, '10-19': 37.74, '20-29': 57.97, '30-39': 33.0, '40-49': 29.44, '50-59': 43.34, '60-69': 41.12, '70-79': 50.49, '80-89': 36.83, '90-99': 40.22, '100-109': 42.56, '110-119': 47.61, '120-129': 60.23, '130-139': 69.25, 'old': 41.34, 'new': 64.61, 'harmonic': 50.42}
2026-06-26 20:10:34,122 [trainer.py] => CNN top1 curve: [54.23, 48.09, 44.68]
2026-06-26 20:10:34,122 [trainer.py] => CNN top5 curve: [79.28, 73.94, 71.76]
2026-06-26 20:10:34,122 [trainer.py] => Average Accuracy (CNN top1): 49.0
2026-06-26 20:10:34,122 [rapf.py] => Learning on 140-160
2026-06-26 20:51:14,620 [trainer.py] => CNN: {'total': 41.71, '00-09': 35.37, '10-19': 35.81, '20-29': 46.38, '30-39': 36.3, '40-49': 24.44, '50-59': 33.13, '60-69': 43.09, '70-79': 47.57, '80-89': 33.83, '90-99': 36.91, '100-109': 41.07, '110-119': 41.13, '120-129': 32.16, '130-139': 45.96, '140-149': 69.19, '150-159': 66.04, 'old': 37.97, 'new': 67.67, 'harmonic': 48.65}
2026-06-26 20:51:14,620 [trainer.py] => CNN top1 curve: [54.23, 48.09, 44.68, 41.71]
2026-06-26 20:51:14,620 [trainer.py] => CNN top5 curve: [79.28, 73.94, 71.76, 68.67]
2026-06-26 20:51:14,620 [trainer.py] => Average Accuracy (CNN top1): 47.1775
2026-06-26 20:51:14,620 [rapf.py] => Learning on 160-180
2026-06-26 21:33:27,781 [trainer.py] => CNN: {'total': 38.9, '00-09': 37.94, '10-19': 40.32, '20-29': 46.09, '30-39': 36.3, '40-49': 27.78, '50-59': 40.87, '60-69': 35.2, '70-79': 39.81, '80-89': 24.85, '90-99': 25.9, '100-109': 36.9, '110-119': 38.87, '120-129': 24.27, '130-139': 41.93, '140-149': 40.12, '150-159': 31.78, '160-169': 63.27, '170-179': 68.66, 'old': 35.42, 'new': 66.07, 'harmonic': 46.12}
2026-06-26 21:33:27,782 [trainer.py] => CNN top1 curve: [54.23, 48.09, 44.68, 41.71, 38.9]
2026-06-26 21:33:27,782 [trainer.py] => CNN top5 curve: [79.28, 73.94, 71.76, 68.67, 67.37]
2026-06-26 21:33:27,782 [trainer.py] => Average Accuracy (CNN top1): 45.522000000000006
2026-06-26 21:33:27,782 [rapf.py] => Learning on 180-200
2026-06-26 22:16:11,469 [trainer.py] => CNN: {'total': 36.81, '00-09': 31.51, '10-19': 28.71, '20-29': 43.19, '30-39': 31.68, '40-49': 23.33, '50-59': 26.32, '60-69': 41.45, '70-79': 44.98, '80-89': 32.63, '90-99': 33.33, '100-109': 31.55, '110-119': 33.24, '120-129': 19.59, '130-139': 37.58, '140-149': 36.63, '150-159': 34.27, '160-169': 34.26, '170-179': 33.62, '180-189': 68.21, '190-199': 70.89, 'old': 33.12, 'new': 69.6, 'harmonic': 44.88}
2026-06-26 22:16:11,469 [trainer.py] => CNN top1 curve: [54.23, 48.09, 44.68, 41.71, 38.9, 36.81]
2026-06-26 22:16:11,469 [trainer.py] => CNN top5 curve: [79.28, 73.94, 71.76, 68.67, 67.37, 64.26]
2026-06-26 22:16:11,469 [trainer.py] => Average Accuracy (CNN top1): 44.07
