2026-06-26 07:59:35,772 [trainer.py] => config: ./configs/rapf/rapf_objectnet_B0_Inc20.json
2026-06-26 07:59:35,772 [trainer.py] => prefix: -
2026-06-26 07:59:35,772 [trainer.py] => dataset: objectnet
2026-06-26 07:59:35,772 [trainer.py] => memory_size: 0
2026-06-26 07:59:35,772 [trainer.py] => memory_per_class: 0
2026-06-26 07:59:35,772 [trainer.py] => fixed_memory: False
2026-06-26 07:59:35,772 [trainer.py] => shuffle: True
2026-06-26 07:59:35,772 [trainer.py] => init_cls: 20
2026-06-26 07:59:35,772 [trainer.py] => increment: 20
2026-06-26 07:59:35,772 [trainer.py] => model_name: rapf
2026-06-26 07:59:35,772 [trainer.py] => backbone_type: clip
2026-06-26 07:59:35,772 [trainer.py] => device: [device(type='cuda', index=4)]
2026-06-26 07:59:35,772 [trainer.py] => seed: 2026
2026-06-26 07:59:35,772 [trainer.py] => batch_size: 128
2026-06-26 07:59:35,772 [trainer.py] => init_lr: 0.001
2026-06-26 07:59:35,772 [trainer.py] => epochs: 10
2026-06-26 07:59:35,772 [trainer.py] => beta: 2
2026-06-26 07:59:35,772 [trainer.py] => mix_bias: 0.6
2026-06-26 07:59:35,772 [trainer.py] => threshold: 0.55
2026-06-26 07:59:35,772 [trainer.py] => total_class_num: 200
2026-06-26 07:59:35,917 [data_manager.py] => [115, 91, 15, 57, 123, 5, 193, 196, 88, 185, 191, 168, 90, 80, 106, 146, 188, 118, 44, 151, 24, 56, 42, 127, 113, 119, 197, 194, 99, 12, 65, 71, 131, 6, 46, 186, 126, 31, 117, 30, 110, 82, 102, 165, 11, 76, 53, 138, 199, 18, 163, 149, 84, 133, 170, 189, 52, 104, 45, 114, 41, 23, 160, 171, 172, 169, 177, 142, 94, 50, 128, 39, 59, 120, 107, 162, 124, 9, 74, 198, 62, 174, 166, 122, 141, 81, 10, 63, 176, 100, 136, 187, 129, 16, 72, 147, 54, 0, 98, 150, 92, 155, 4, 167, 125, 97, 153, 8, 83, 159, 85, 86, 13, 34, 173, 93, 180, 33, 21, 132, 190, 87, 121, 108, 103, 145, 37, 158, 69, 89, 2, 19, 67, 175, 51, 78, 43, 64, 66, 143, 61, 20, 144, 154, 183, 14, 140, 139, 75, 79, 22, 58, 101, 109, 32, 178, 73, 164, 55, 35, 49, 152, 137, 36, 3, 40, 70, 95, 105, 181, 157, 47, 192, 17, 60, 112, 68, 25, 38, 48, 161, 148, 111, 135, 96, 7, 27, 182, 130, 28, 179, 156, 116, 29, 195, 77, 184, 26, 134, 1]
2026-06-26 07:59:36,050 [factory.py] => Loaded ViT-B-16 model config.
2026-06-26 07:59:37,865 [factory.py] => Loading pretrained ViT-B-16 weights (/home/team/zhaohongwei/pretrained_models/open_clip_pytorch_model_laion400m_e32.bin).
2026-06-26 07:59:39,233 [factory.py] => Loaded ViT-B-16 model config.
2026-06-26 07:59:41,470 [factory.py] => Loading pretrained ViT-B-16 weights (/home/team/zhaohongwei/pretrained_models/open_clip_pytorch_model_laion400m_e32.bin).
2026-06-26 07:59:43,775 [rapf.py] => Learning on 0-20
2026-06-26 08:19:02,432 [trainer.py] => CNN: {'total': 72.32, '00-09': 75.85, '10-19': 68.88, 'old': 0, 'new': 72.32, 'harmonic': 0.0}
2026-06-26 08:19:02,432 [trainer.py] => CNN top1 curve: [72.32]
2026-06-26 08:19:02,432 [trainer.py] => CNN top5 curve: [92.66]
2026-06-26 08:19:02,432 [trainer.py] => Average Accuracy (CNN top1): 72.32
2026-06-26 08:19:02,432 [rapf.py] => Learning on 20-40
2026-06-26 08:42:20,038 [trainer.py] => CNN: {'total': 60.34, '00-09': 70.28, '10-19': 61.03, '20-29': 57.54, '30-39': 52.48, 'old': 65.6, 'new': 55.02, 'harmonic': 59.85}
2026-06-26 08:42:20,039 [trainer.py] => CNN top1 curve: [72.32, 60.34]
2026-06-26 08:42:20,039 [trainer.py] => CNN top5 curve: [92.66, 83.78]
2026-06-26 08:42:20,039 [trainer.py] => Average Accuracy (CNN top1): 66.33
2026-06-26 08:42:20,039 [rapf.py] => Learning on 40-60
2026-06-26 09:06:16,345 [trainer.py] => CNN: {'total': 57.57, '00-09': 64.4, '10-19': 51.66, '20-29': 57.85, '30-39': 50.31, '40-49': 60.7, '50-59': 60.51, 'old': 56.03, 'new': 60.61, 'harmonic': 58.23}
2026-06-26 09:06:16,345 [trainer.py] => CNN top1 curve: [72.32, 60.34, 57.57]
2026-06-26 09:06:16,345 [trainer.py] => CNN top5 curve: [92.66, 83.78, 80.73]
2026-06-26 09:06:16,345 [trainer.py] => Average Accuracy (CNN top1): 63.41
2026-06-26 09:06:16,345 [rapf.py] => Learning on 60-80
2026-06-26 09:34:23,915 [trainer.py] => CNN: {'total': 53.92, '00-09': 57.59, '10-19': 47.13, '20-29': 53.23, '30-39': 37.89, '40-49': 51.91, '50-59': 55.73, '60-69': 66.34, '70-79': 62.17, 'old': 50.56, 'new': 64.13, 'harmonic': 56.54}
2026-06-26 09:34:23,915 [trainer.py] => CNN top1 curve: [72.32, 60.34, 57.57, 53.92]
2026-06-26 09:34:23,915 [trainer.py] => CNN top5 curve: [92.66, 83.78, 80.73, 79.42]
2026-06-26 09:34:23,915 [trainer.py] => Average Accuracy (CNN top1): 61.037499999999994
2026-06-26 09:34:23,915 [rapf.py] => Learning on 80-100
2026-06-26 10:06:26,057 [trainer.py] => CNN: {'total': 50.78, '00-09': 50.15, '10-19': 42.9, '20-29': 49.54, '30-39': 36.96, '40-49': 51.91, '50-59': 40.76, '60-69': 56.44, '70-79': 41.64, '80-89': 71.66, '90-99': 69.28, 'old': 46.23, 'new': 70.5, 'harmonic': 55.84}
2026-06-26 10:06:26,057 [trainer.py] => CNN top1 curve: [72.32, 60.34, 57.57, 53.92, 50.78]
2026-06-26 10:06:26,057 [trainer.py] => CNN top5 curve: [92.66, 83.78, 80.73, 79.42, 76.31]
2026-06-26 10:06:26,057 [trainer.py] => Average Accuracy (CNN top1): 58.98599999999999
2026-06-26 10:06:26,058 [rapf.py] => Learning on 100-120
2026-06-26 10:38:46,360 [trainer.py] => CNN: {'total': 48.31, '00-09': 47.37, '10-19': 38.67, '20-29': 45.85, '30-39': 39.13, '40-49': 48.09, '50-59': 33.44, '60-69': 53.8, '70-79': 39.0, '80-89': 59.28, '90-99': 42.66, '100-109': 64.52, '110-119': 66.86, 'old': 44.62, 'new': 65.68, 'harmonic': 53.14}
2026-06-26 10:38:46,361 [trainer.py] => CNN top1 curve: [72.32, 60.34, 57.57, 53.92, 50.78, 48.31]
2026-06-26 10:38:46,361 [trainer.py] => CNN top5 curve: [92.66, 83.78, 80.73, 79.42, 76.31, 75.2]
2026-06-26 10:38:46,361 [trainer.py] => Average Accuracy (CNN top1): 57.206666666666656
2026-06-26 10:38:46,361 [rapf.py] => Learning on 120-140
2026-06-26 11:17:11,134 [trainer.py] => CNN: {'total': 45.24, '00-09': 43.03, '10-19': 39.27, '20-29': 39.08, '30-39': 34.78, '40-49': 40.76, '50-59': 39.17, '60-69': 52.15, '70-79': 39.0, '80-89': 57.98, '90-99': 35.15, '100-109': 42.82, '110-119': 46.75, '120-129': 56.87, '130-139': 63.78, 'old': 42.43, 'new': 60.71, 'harmonic': 49.95}
2026-06-26 11:17:11,134 [trainer.py] => CNN top1 curve: [72.32, 60.34, 57.57, 53.92, 50.78, 48.31, 45.24]
2026-06-26 11:17:11,134 [trainer.py] => CNN top5 curve: [92.66, 83.78, 80.73, 79.42, 76.31, 75.2, 72.73]
2026-06-26 11:17:11,134 [trainer.py] => Average Accuracy (CNN top1): 55.497142857142855
2026-06-26 11:17:11,134 [rapf.py] => Learning on 140-160
2026-06-26 11:56:58,208 [trainer.py] => CNN: {'total': 42.33, '00-09': 38.39, '10-19': 33.84, '20-29': 37.23, '30-39': 31.68, '40-49': 42.52, '50-59': 35.35, '60-69': 53.8, '70-79': 41.64, '80-89': 49.19, '90-99': 30.38, '100-109': 43.99, '110-119': 31.95, '120-129': 36.42, '130-139': 42.86, '140-149': 67.24, '150-159': 61.89, 'old': 39.27, 'new': 64.32, 'harmonic': 48.77}
2026-06-26 11:56:58,208 [trainer.py] => CNN top1 curve: [72.32, 60.34, 57.57, 53.92, 50.78, 48.31, 45.24, 42.33]
2026-06-26 11:56:58,209 [trainer.py] => CNN top5 curve: [92.66, 83.78, 80.73, 79.42, 76.31, 75.2, 72.73, 70.21]
2026-06-26 11:56:58,209 [trainer.py] => Average Accuracy (CNN top1): 53.85124999999999
2026-06-26 11:56:58,209 [rapf.py] => Learning on 160-180
2026-06-26 12:37:43,769 [trainer.py] => CNN: {'total': 38.54, '00-09': 27.86, '10-19': 33.53, '20-29': 38.46, '30-39': 30.75, '40-49': 40.47, '50-59': 32.48, '60-69': 47.19, '70-79': 39.3, '80-89': 34.2, '90-99': 32.08, '100-109': 30.5, '110-119': 31.95, '120-129': 23.0, '130-139': 39.8, '140-149': 42.76, '150-159': 35.53, '160-169': 68.79, '170-179': 60.69, 'old': 35.02, 'new': 64.46, 'harmonic': 45.38}
2026-06-26 12:37:43,770 [trainer.py] => CNN top1 curve: [72.32, 60.34, 57.57, 53.92, 50.78, 48.31, 45.24, 42.33, 38.54]
2026-06-26 12:37:43,770 [trainer.py] => CNN top5 curve: [92.66, 83.78, 80.73, 79.42, 76.31, 75.2, 72.73, 70.21, 66.44]
2026-06-26 12:37:43,770 [trainer.py] => Average Accuracy (CNN top1): 52.15
2026-06-26 12:37:43,770 [rapf.py] => Learning on 180-200
2026-06-26 13:23:49,889 [trainer.py] => CNN: {'total': 36.48, '00-09': 37.46, '10-19': 30.51, '20-29': 36.62, '30-39': 29.81, '40-49': 39.0, '50-59': 25.48, '60-69': 43.56, '70-79': 37.83, '80-89': 38.11, '90-99': 30.72, '100-109': 23.17, '110-119': 31.36, '120-129': 28.43, '130-139': 34.18, '140-149': 38.62, '150-159': 29.8, '160-169': 35.45, '170-179': 32.19, '180-189': 69.05, '190-199': 55.35, 'old': 33.4, 'new': 62.79, 'harmonic': 43.61}
2026-06-26 13:23:49,889 [trainer.py] => CNN top1 curve: [72.32, 60.34, 57.57, 53.92, 50.78, 48.31, 45.24, 42.33, 38.54, 36.48]
2026-06-26 13:23:49,889 [trainer.py] => CNN top5 curve: [92.66, 83.78, 80.73, 79.42, 76.31, 75.2, 72.73, 70.21, 66.44, 64.36]
2026-06-26 13:23:49,889 [trainer.py] => Average Accuracy (CNN top1): 50.583
