2026-06-24 08:53:24,555 [trainer.py] => config: ./configs/rapf/rapf_sun_B0_Inc30.json
2026-06-24 08:53:24,555 [trainer.py] => prefix: -
2026-06-24 08:53:24,555 [trainer.py] => dataset: sun
2026-06-24 08:53:24,555 [trainer.py] => memory_size: 0
2026-06-24 08:53:24,555 [trainer.py] => memory_per_class: 0
2026-06-24 08:53:24,555 [trainer.py] => fixed_memory: False
2026-06-24 08:53:24,555 [trainer.py] => shuffle: True
2026-06-24 08:53:24,555 [trainer.py] => init_cls: 30
2026-06-24 08:53:24,555 [trainer.py] => increment: 30
2026-06-24 08:53:24,555 [trainer.py] => model_name: rapf
2026-06-24 08:53:24,555 [trainer.py] => backbone_type: clip
2026-06-24 08:53:24,555 [trainer.py] => device: [device(type='cuda', index=4)]
2026-06-24 08:53:24,555 [trainer.py] => seed: 0
2026-06-24 08:53:24,555 [trainer.py] => batch_size: 128
2026-06-24 08:53:24,555 [trainer.py] => init_lr: 0.001
2026-06-24 08:53:24,556 [trainer.py] => epochs: 10
2026-06-24 08:53:24,556 [trainer.py] => beta: 2
2026-06-24 08:53:24,556 [trainer.py] => mix_bias: 0.6
2026-06-24 08:53:24,556 [trainer.py] => threshold: 0.55
2026-06-24 08:53:24,556 [trainer.py] => total_class_num: 300
2026-06-24 08:53:25,001 [data_manager.py] => [208, 188, 12, 221, 239, 136, 230, 206, 52, 108, 290, 15, 184, 248, 22, 74, 270, 90, 229, 164, 190, 103, 124, 129, 222, 116, 194, 286, 234, 295, 92, 66, 8, 122, 219, 150, 176, 182, 299, 5, 223, 89, 81, 34, 55, 139, 236, 64, 7, 45, 73, 213, 173, 106, 59, 253, 168, 26, 284, 153, 134, 145, 63, 293, 285, 224, 252, 111, 20, 46, 156, 228, 273, 27, 144, 259, 37, 97, 191, 135, 118, 160, 264, 214, 238, 76, 212, 225, 255, 237, 282, 44, 272, 189, 152, 158, 101, 54, 181, 18, 281, 250, 126, 171, 71, 227, 245, 205, 288, 215, 154, 159, 33, 83, 249, 60, 167, 280, 110, 21, 29, 146, 16, 56, 75, 109, 175, 201, 161, 4, 96, 166, 61, 67, 137, 198, 262, 279, 40, 268, 13, 107, 220, 3, 157, 125, 24, 30, 77, 291, 210, 19, 254, 241, 266, 80, 51, 2, 235, 104, 179, 86, 10, 199, 58, 41, 14, 155, 50, 292, 233, 123, 200, 62, 187, 226, 130, 209, 260, 43, 114, 138, 294, 218, 149, 112, 247, 98, 217, 93, 216, 162, 36, 178, 113, 0, 94, 275, 95, 296, 261, 240, 69, 49, 48, 85, 297, 141, 207, 23, 246, 148, 143, 78, 180, 100, 204, 131, 267, 298, 196, 6, 68, 203, 84, 170, 121, 140, 256, 274, 142, 257, 91, 82, 283, 11, 119, 102, 35, 57, 169, 231, 65, 1, 120, 269, 186, 42, 105, 132, 79, 17, 263, 232, 38, 133, 53, 258, 128, 28, 183, 163, 151, 244, 202, 31, 32, 127, 185, 278, 271, 147, 276, 177, 99, 197, 243, 115, 265, 72, 25, 165, 287, 174, 289, 39, 193, 88, 70, 87, 242, 277, 211, 9, 195, 251, 192, 117, 47, 172]
2026-06-24 08:53:27,143 [instantiator.py] => Created a temporary directory at /tmp/tmpc_5ht9v0
2026-06-24 08:53:27,143 [instantiator.py] => Writing /tmp/tmpc_5ht9v0/_remote_module_non_scriptable.py
2026-06-24 08:53:27,291 [factory.py] => Loaded ViT-B-16 model config.
2026-06-24 08:53:29,261 [factory.py] => Loading pretrained ViT-B-16 weights (/home/team/zhaohongwei/pretrained_models/open_clip_pytorch_model_laion400m_e32.bin).
2026-06-24 08:53:31,448 [factory.py] => Loaded ViT-B-16 model config.
2026-06-24 08:53:33,055 [factory.py] => Loading pretrained ViT-B-16 weights (/home/team/zhaohongwei/pretrained_models/open_clip_pytorch_model_laion400m_e32.bin).
2026-06-24 08:53:35,806 [rapf.py] => Learning on 0-30
2026-06-24 09:00:14,492 [trainer.py] => CNN: {'total': 97.67, '00-09': 95.4, '10-19': 98.98, '20-29': 98.26, 'old': 0, 'new': 97.67, 'harmonic': 0.0}
2026-06-24 09:00:14,492 [trainer.py] => CNN top1 curve: [97.67]
2026-06-24 09:00:14,492 [trainer.py] => CNN top5 curve: [99.88]
2026-06-24 09:00:14,492 [trainer.py] => Average Accuracy (CNN top1): 97.67
2026-06-24 09:00:14,492 [rapf.py] => Learning on 30-60
2026-06-24 09:09:31,927 [trainer.py] => CNN: {'total': 91.59, '00-09': 94.02, '10-19': 97.72, '20-29': 91.78, '30-39': 90.69, '40-49': 89.78, '50-59': 88.72, 'old': 93.81, 'new': 89.9, 'harmonic': 91.81}
2026-06-24 09:09:31,928 [trainer.py] => CNN top1 curve: [97.67, 91.59]
2026-06-24 09:09:31,928 [trainer.py] => CNN top5 curve: [99.88, 99.73]
2026-06-24 09:09:31,928 [trainer.py] => Average Accuracy (CNN top1): 94.63
2026-06-24 09:09:31,928 [rapf.py] => Learning on 60-90
2026-06-24 09:20:12,751 [trainer.py] => CNN: {'total': 90.34, '00-09': 89.2, '10-19': 93.91, '20-29': 88.79, '30-39': 91.03, '40-49': 87.1, '50-59': 88.72, '60-69': 93.87, '70-79': 89.19, '80-89': 91.27, 'old': 89.55, 'new': 91.81, 'harmonic': 90.67}
2026-06-24 09:20:12,751 [trainer.py] => CNN top1 curve: [97.67, 91.59, 90.34]
2026-06-24 09:20:12,751 [trainer.py] => CNN top5 curve: [99.88, 99.73, 99.38]
2026-06-24 09:20:12,751 [trainer.py] => Average Accuracy (CNN top1): 93.2
2026-06-24 09:20:12,751 [rapf.py] => Learning on 90-120
2026-06-24 09:32:18,703 [trainer.py] => CNN: {'total': 88.71, '00-09': 82.53, '10-19': 91.88, '20-29': 86.8, '30-39': 89.1, '40-49': 85.75, '50-59': 88.33, '60-69': 90.64, '70-79': 89.37, '80-89': 88.14, '90-99': 87.59, '100-109': 88.87, '110-119': 92.68, 'old': 88.13, 'new': 90.17, 'harmonic': 89.14}
2026-06-24 09:32:18,704 [trainer.py] => CNN top1 curve: [97.67, 91.59, 90.34, 88.71]
2026-06-24 09:32:18,704 [trainer.py] => CNN top5 curve: [99.88, 99.73, 99.38, 99.11]
2026-06-24 09:32:18,704 [trainer.py] => Average Accuracy (CNN top1): 92.0775
2026-06-24 09:32:18,704 [rapf.py] => Learning on 120-150
2026-06-24 09:46:18,344 [trainer.py] => CNN: {'total': 85.3, '00-09': 78.62, '10-19': 89.59, '20-29': 87.42, '30-39': 86.61, '40-49': 83.33, '50-59': 85.21, '60-69': 71.79, '70-79': 87.39, '80-89': 89.62, '90-99': 85.78, '100-109': 86.94, '110-119': 80.34, '120-129': 92.2, '130-139': 85.59, '140-149': 93.5, 'old': 83.89, 'new': 90.89, 'harmonic': 87.25}
2026-06-24 09:46:18,344 [trainer.py] => CNN top1 curve: [97.67, 91.59, 90.34, 88.71, 85.3]
2026-06-24 09:46:18,344 [trainer.py] => CNN top5 curve: [99.88, 99.73, 99.38, 99.11, 98.68]
2026-06-24 09:46:18,344 [trainer.py] => Average Accuracy (CNN top1): 90.72200000000001
2026-06-24 09:46:18,344 [rapf.py] => Learning on 150-180
2026-06-24 09:58:40,272 [trainer.py] => CNN: {'total': 83.91, '00-09': 79.08, '10-19': 85.53, '20-29': 88.04, '30-39': 84.11, '40-49': 77.55, '50-59': 79.18, '60-69': 78.5, '70-79': 83.96, '80-89': 88.3, '90-99': 78.21, '100-109': 82.58, '110-119': 79.84, '120-129': 89.08, '130-139': 80.56, '140-149': 87.0, '150-159': 92.17, '160-169': 93.65, '170-179': 93.94, 'old': 82.72, 'new': 93.02, 'harmonic': 87.57}
2026-06-24 09:58:40,273 [trainer.py] => CNN top1 curve: [97.67, 91.59, 90.34, 88.71, 85.3, 83.91]
2026-06-24 09:58:40,273 [trainer.py] => CNN top5 curve: [99.88, 99.73, 99.38, 99.11, 98.68, 98.53]
2026-06-24 09:58:40,273 [trainer.py] => Average Accuracy (CNN top1): 89.58666666666666
2026-06-24 09:58:40,273 [rapf.py] => Learning on 180-210
2026-06-24 10:15:03,358 [trainer.py] => CNN: {'total': 82.94, '00-09': 77.47, '10-19': 83.76, '20-29': 84.18, '30-39': 79.34, '40-49': 78.36, '50-59': 77.43, '60-69': 77.11, '70-79': 81.8, '80-89': 88.8, '90-99': 77.0, '100-109': 82.26, '110-119': 79.64, '120-129': 87.0, '130-139': 78.3, '140-149': 81.41, '150-159': 81.31, '160-169': 90.33, '170-179': 86.67, '180-189': 87.72, '190-199': 91.58, '200-209': 94.17, 'old': 81.28, 'new': 91.94, 'harmonic': 86.28}
2026-06-24 10:15:03,358 [trainer.py] => CNN top1 curve: [97.67, 91.59, 90.34, 88.71, 85.3, 83.91, 82.94]
2026-06-24 10:15:03,358 [trainer.py] => CNN top5 curve: [99.88, 99.73, 99.38, 99.11, 98.68, 98.53, 97.98]
2026-06-24 10:15:03,358 [trainer.py] => Average Accuracy (CNN top1): 88.63714285714286
2026-06-24 10:15:03,358 [rapf.py] => Learning on 210-240
2026-06-24 10:31:22,744 [trainer.py] => CNN: {'total': 80.95, '00-09': 74.71, '10-19': 83.76, '20-29': 84.06, '30-39': 75.82, '40-49': 77.28, '50-59': 78.4, '60-69': 80.0, '70-79': 80.18, '80-89': 86.99, '90-99': 81.39, '100-109': 83.06, '110-119': 79.04, '120-129': 79.03, '130-139': 75.69, '140-149': 81.41, '150-159': 77.8, '160-169': 85.91, '170-179': 83.33, '180-189': 73.03, '190-199': 81.98, '200-209': 76.77, '210-219': 89.55, '220-229': 90.36, '230-239': 93.12, 'old': 79.79, 'new': 91.06, 'harmonic': 85.05}
2026-06-24 10:31:22,745 [trainer.py] => CNN top1 curve: [97.67, 91.59, 90.34, 88.71, 85.3, 83.91, 82.94, 80.95]
2026-06-24 10:31:22,745 [trainer.py] => CNN top5 curve: [99.88, 99.73, 99.38, 99.11, 98.68, 98.53, 97.98, 97.74]
2026-06-24 10:31:22,745 [trainer.py] => Average Accuracy (CNN top1): 87.67625000000001
2026-06-24 10:31:22,745 [rapf.py] => Learning on 240-270
2026-06-24 10:48:22,505 [trainer.py] => CNN: {'total': 79.36, '00-09': 70.57, '10-19': 82.23, '20-29': 79.45, '30-39': 73.78, '40-49': 78.36, '50-59': 78.99, '60-69': 79.54, '70-79': 79.1, '80-89': 84.68, '90-99': 75.19, '100-109': 79.84, '110-119': 79.74, '120-129': 81.28, '130-139': 74.65, '140-149': 77.19, '150-159': 71.25, '160-169': 84.81, '170-179': 84.85, '180-189': 79.61, '190-199': 68.39, '200-209': 81.37, '210-219': 83.41, '220-229': 82.57, '230-239': 84.7, '240-249': 89.29, '250-259': 82.97, '260-269': 89.45, 'old': 78.63, 'new': 86.94, 'harmonic': 82.58}
2026-06-24 10:48:22,505 [trainer.py] => CNN top1 curve: [97.67, 91.59, 90.34, 88.71, 85.3, 83.91, 82.94, 80.95, 79.36]
2026-06-24 10:48:22,506 [trainer.py] => CNN top5 curve: [99.88, 99.73, 99.38, 99.11, 98.68, 98.53, 97.98, 97.74, 97.35]
2026-06-24 10:48:22,506 [trainer.py] => Average Accuracy (CNN top1): 86.75222222222223
2026-06-24 10:48:22,506 [rapf.py] => Learning on 270-300
2026-06-24 11:07:54,321 [trainer.py] => CNN: {'total': 76.99, '00-09': 69.2, '10-19': 81.22, '20-29': 68.49, '30-39': 75.48, '40-49': 71.91, '50-59': 66.73, '60-69': 79.54, '70-79': 79.82, '80-89': 86.33, '90-99': 72.47, '100-109': 79.35, '110-119': 76.53, '120-129': 78.34, '130-139': 71.53, '140-149': 71.15, '150-159': 76.68, '160-169': 87.29, '170-179': 82.42, '180-189': 76.97, '190-199': 66.17, '200-209': 83.83, '210-219': 76.82, '220-229': 79.86, '230-239': 77.06, '240-249': 82.23, '250-259': 55.49, '260-269': 77.8, '270-279': 88.38, '280-289': 88.61, '290-299': 93.21, 'old': 75.68, 'new': 90.13, 'harmonic': 82.28}
2026-06-24 11:07:54,321 [trainer.py] => CNN top1 curve: [97.67, 91.59, 90.34, 88.71, 85.3, 83.91, 82.94, 80.95, 79.36, 76.99]
2026-06-24 11:07:54,322 [trainer.py] => CNN top5 curve: [99.88, 99.73, 99.38, 99.11, 98.68, 98.53, 97.98, 97.74, 97.35, 96.88]
2026-06-24 11:07:54,322 [trainer.py] => Average Accuracy (CNN top1): 85.77600000000001
