2026-06-24 17:47:39,951 [trainer.py] => config: ./configs/rapf/rapf_sun_B150_Inc30.json
2026-06-24 17:47:39,951 [trainer.py] => prefix: -
2026-06-24 17:47:39,951 [trainer.py] => dataset: sun
2026-06-24 17:47:39,952 [trainer.py] => memory_size: 0
2026-06-24 17:47:39,952 [trainer.py] => memory_per_class: 0
2026-06-24 17:47:39,952 [trainer.py] => fixed_memory: False
2026-06-24 17:47:39,952 [trainer.py] => shuffle: True
2026-06-24 17:47:39,952 [trainer.py] => init_cls: 150
2026-06-24 17:47:39,952 [trainer.py] => increment: 30
2026-06-24 17:47:39,952 [trainer.py] => model_name: rapf
2026-06-24 17:47:39,952 [trainer.py] => backbone_type: clip
2026-06-24 17:47:39,952 [trainer.py] => device: [device(type='cuda', index=4)]
2026-06-24 17:47:39,952 [trainer.py] => seed: 0
2026-06-24 17:47:39,952 [trainer.py] => batch_size: 128
2026-06-24 17:47:39,952 [trainer.py] => init_lr: 0.001
2026-06-24 17:47:39,952 [trainer.py] => epochs: 10
2026-06-24 17:47:39,952 [trainer.py] => beta: 2
2026-06-24 17:47:39,952 [trainer.py] => mix_bias: 0.6
2026-06-24 17:47:39,952 [trainer.py] => threshold: 0.55
2026-06-24 17:47:39,952 [trainer.py] => total_class_num: 300
2026-06-24 17:47:40,417 [data_manager.py] => [208, 188, 12, 221, 239, 136, 230, 206, 52, 108, 290, 15, 184, 248, 22, 74, 270, 90, 229, 164, 190, 103, 124, 129, 222, 116, 194, 286, 234, 295, 92, 66, 8, 122, 219, 150, 176, 182, 299, 5, 223, 89, 81, 34, 55, 139, 236, 64, 7, 45, 73, 213, 173, 106, 59, 253, 168, 26, 284, 153, 134, 145, 63, 293, 285, 224, 252, 111, 20, 46, 156, 228, 273, 27, 144, 259, 37, 97, 191, 135, 118, 160, 264, 214, 238, 76, 212, 225, 255, 237, 282, 44, 272, 189, 152, 158, 101, 54, 181, 18, 281, 250, 126, 171, 71, 227, 245, 205, 288, 215, 154, 159, 33, 83, 249, 60, 167, 280, 110, 21, 29, 146, 16, 56, 75, 109, 175, 201, 161, 4, 96, 166, 61, 67, 137, 198, 262, 279, 40, 268, 13, 107, 220, 3, 157, 125, 24, 30, 77, 291, 210, 19, 254, 241, 266, 80, 51, 2, 235, 104, 179, 86, 10, 199, 58, 41, 14, 155, 50, 292, 233, 123, 200, 62, 187, 226, 130, 209, 260, 43, 114, 138, 294, 218, 149, 112, 247, 98, 217, 93, 216, 162, 36, 178, 113, 0, 94, 275, 95, 296, 261, 240, 69, 49, 48, 85, 297, 141, 207, 23, 246, 148, 143, 78, 180, 100, 204, 131, 267, 298, 196, 6, 68, 203, 84, 170, 121, 140, 256, 274, 142, 257, 91, 82, 283, 11, 119, 102, 35, 57, 169, 231, 65, 1, 120, 269, 186, 42, 105, 132, 79, 17, 263, 232, 38, 133, 53, 258, 128, 28, 183, 163, 151, 244, 202, 31, 32, 127, 185, 278, 271, 147, 276, 177, 99, 197, 243, 115, 265, 72, 25, 165, 287, 174, 289, 39, 193, 88, 70, 87, 242, 277, 211, 9, 195, 251, 192, 117, 47, 172]
2026-06-24 17:47:42,706 [instantiator.py] => Created a temporary directory at /tmp/tmphkhh4icn
2026-06-24 17:47:42,706 [instantiator.py] => Writing /tmp/tmphkhh4icn/_remote_module_non_scriptable.py
2026-06-24 17:47:42,898 [factory.py] => Loaded ViT-B-16 model config.
2026-06-24 17:47:45,253 [factory.py] => Loading pretrained ViT-B-16 weights (/home/team/zhaohongwei/pretrained_models/open_clip_pytorch_model_laion400m_e32.bin).
2026-06-24 17:47:46,381 [factory.py] => Loaded ViT-B-16 model config.
2026-06-24 17:47:48,694 [factory.py] => Loading pretrained ViT-B-16 weights (/home/team/zhaohongwei/pretrained_models/open_clip_pytorch_model_laion400m_e32.bin).
2026-06-24 17:47:50,175 [rapf.py] => Learning on 0-150
2026-06-24 18:21:14,775 [trainer.py] => CNN: {'total': 87.75, '00-09': 81.15, '10-19': 89.09, '20-29': 86.67, '30-39': 88.54, '40-49': 88.04, '50-59': 85.8, '60-69': 89.83, '70-79': 89.55, '80-89': 89.29, '90-99': 88.05, '100-109': 88.87, '110-119': 88.77, '120-129': 86.31, '130-139': 80.21, '140-149': 90.99, 'old': 0, 'new': 87.75, 'harmonic': 0.0}
2026-06-24 18:21:14,775 [trainer.py] => CNN top1 curve: [87.75]
2026-06-24 18:21:14,775 [trainer.py] => CNN top5 curve: [99.0]
2026-06-24 18:21:14,775 [trainer.py] => Average Accuracy (CNN top1): 87.75
2026-06-24 18:21:14,775 [rapf.py] => Learning on 150-180
2026-06-24 18:34:02,110 [trainer.py] => CNN: {'total': 84.53, '00-09': 71.49, '10-19': 87.56, '20-29': 82.44, '30-39': 87.74, '40-49': 85.48, '50-59': 79.18, '60-69': 81.85, '70-79': 84.5, '80-89': 88.96, '90-99': 84.87, '100-109': 85.32, '110-119': 80.74, '120-129': 86.14, '130-139': 78.65, '140-149': 83.47, '150-159': 92.65, '160-169': 92.27, '170-179': 95.45, 'old': 83.4, 'new': 93.25, 'harmonic': 88.05}
2026-06-24 18:34:02,110 [trainer.py] => CNN top1 curve: [87.75, 84.53]
2026-06-24 18:34:02,110 [trainer.py] => CNN top5 curve: [99.0, 98.63]
2026-06-24 18:34:02,110 [trainer.py] => Average Accuracy (CNN top1): 86.14
2026-06-24 18:34:02,110 [rapf.py] => Learning on 180-210
2026-06-24 18:50:40,668 [trainer.py] => CNN: {'total': 83.29, '00-09': 73.33, '10-19': 86.55, '20-29': 81.94, '30-39': 81.73, '40-49': 78.9, '50-59': 78.6, '60-69': 80.92, '70-79': 82.34, '80-89': 89.29, '90-99': 77.91, '100-109': 83.55, '110-119': 81.14, '120-129': 85.79, '130-139': 75.52, '140-149': 83.01, '150-159': 77.16, '160-169': 89.78, '170-179': 90.0, '180-189': 88.6, '190-199': 91.58, '200-209': 93.76, 'old': 81.7, 'new': 91.94, 'harmonic': 86.52}
2026-06-24 18:50:40,668 [trainer.py] => CNN top1 curve: [87.75, 84.53, 83.29]
2026-06-24 18:50:40,668 [trainer.py] => CNN top5 curve: [99.0, 98.63, 98.12]
2026-06-24 18:50:40,668 [trainer.py] => Average Accuracy (CNN top1): 85.19
2026-06-24 18:50:40,668 [rapf.py] => Learning on 210-240
2026-06-24 19:06:57,247 [trainer.py] => CNN: {'total': 80.34, '00-09': 76.09, '10-19': 84.26, '20-29': 86.3, '30-39': 76.05, '40-49': 78.49, '50-59': 76.65, '60-69': 75.14, '70-79': 70.27, '80-89': 87.64, '90-99': 76.25, '100-109': 82.1, '110-119': 75.53, '120-129': 80.76, '130-139': 79.34, '140-149': 80.84, '150-159': 75.72, '160-169': 87.29, '170-179': 89.09, '180-189': 78.73, '190-199': 79.91, '200-209': 76.56, '210-219': 90.45, '220-229': 91.37, '230-239': 91.2, 'old': 79.1, 'new': 91.06, 'harmonic': 84.66}
2026-06-24 19:06:57,247 [trainer.py] => CNN top1 curve: [87.75, 84.53, 83.29, 80.34]
2026-06-24 19:06:57,247 [trainer.py] => CNN top5 curve: [99.0, 98.63, 98.12, 97.71]
2026-06-24 19:06:57,247 [trainer.py] => Average Accuracy (CNN top1): 83.97749999999999
2026-06-24 19:06:57,247 [rapf.py] => Learning on 240-270
2026-06-24 19:24:09,759 [trainer.py] => CNN: {'total': 78.66, '00-09': 71.03, '10-19': 84.01, '20-29': 80.32, '30-39': 70.72, '40-49': 76.21, '50-59': 79.18, '60-69': 76.42, '70-79': 79.64, '80-89': 83.86, '90-99': 74.43, '100-109': 82.42, '110-119': 71.31, '120-129': 83.19, '130-139': 76.91, '140-149': 77.08, '150-159': 67.73, '160-169': 87.57, '170-179': 83.64, '180-189': 82.89, '190-199': 73.26, '200-209': 80.25, '210-219': 76.36, '220-229': 81.22, '230-239': 83.17, '240-249': 91.12, '250-259': 84.43, '260-269': 89.45, 'old': 77.76, 'new': 88.06, 'harmonic': 82.59}
2026-06-24 19:24:09,759 [trainer.py] => CNN top1 curve: [87.75, 84.53, 83.29, 80.34, 78.66]
2026-06-24 19:24:09,759 [trainer.py] => CNN top5 curve: [99.0, 98.63, 98.12, 97.71, 97.08]
2026-06-24 19:24:09,759 [trainer.py] => Average Accuracy (CNN top1): 82.91399999999999
2026-06-24 19:24:09,759 [rapf.py] => Learning on 270-300
2026-06-24 19:43:42,077 [trainer.py] => CNN: {'total': 75.96, '00-09': 70.57, '10-19': 81.22, '20-29': 70.98, '30-39': 70.26, '40-49': 74.33, '50-59': 75.68, '60-69': 75.03, '70-79': 76.4, '80-89': 84.02, '90-99': 70.95, '100-109': 77.74, '110-119': 73.02, '120-129': 77.82, '130-139': 74.31, '140-149': 70.58, '150-159': 74.12, '160-169': 88.4, '170-179': 80.91, '180-189': 78.95, '190-199': 60.12, '200-209': 78.92, '210-219': 76.36, '220-229': 83.25, '230-239': 73.61, '240-249': 81.09, '250-259': 56.04, '260-269': 70.33, '270-279': 88.56, '280-289': 91.36, '290-299': 94.08, 'old': 74.42, 'new': 91.34, 'harmonic': 82.02}
2026-06-24 19:43:42,077 [trainer.py] => CNN top1 curve: [87.75, 84.53, 83.29, 80.34, 78.66, 75.96]
2026-06-24 19:43:42,077 [trainer.py] => CNN top5 curve: [99.0, 98.63, 98.12, 97.71, 97.08, 96.61]
2026-06-24 19:43:42,077 [trainer.py] => Average Accuracy (CNN top1): 81.75499999999998
