2026-06-24 07:37:58,957 [trainer.py] => config: ./configs/rapf/rapf_ucf_B0_Inc10.json
2026-06-24 07:37:58,957 [trainer.py] => prefix: -
2026-06-24 07:37:58,957 [trainer.py] => dataset: ucf101
2026-06-24 07:37:58,957 [trainer.py] => memory_size: 0
2026-06-24 07:37:58,957 [trainer.py] => memory_per_class: 0
2026-06-24 07:37:58,957 [trainer.py] => fixed_memory: False
2026-06-24 07:37:58,957 [trainer.py] => shuffle: True
2026-06-24 07:37:58,957 [trainer.py] => init_cls: 10
2026-06-24 07:37:58,957 [trainer.py] => increment: 10
2026-06-24 07:37:58,957 [trainer.py] => model_name: rapf
2026-06-24 07:37:58,957 [trainer.py] => backbone_type: clip
2026-06-24 07:37:58,957 [trainer.py] => device: [device(type='cuda', index=4)]
2026-06-24 07:37:58,957 [trainer.py] => seed: 2026
2026-06-24 07:37:58,958 [trainer.py] => batch_size: 128
2026-06-24 07:37:58,958 [trainer.py] => init_lr: 0.001
2026-06-24 07:37:58,958 [trainer.py] => epochs: 10
2026-06-24 07:37:58,958 [trainer.py] => beta: 2
2026-06-24 07:37:58,958 [trainer.py] => mix_bias: 0.6
2026-06-24 07:37:58,958 [trainer.py] => threshold: 0.55
2026-06-24 07:37:58,958 [trainer.py] => total_class_num: 100
2026-06-24 07:37:59,029 [data_manager.py] => [98, 10, 4, 18, 88, 13, 8, 84, 79, 21, 85, 96, 53, 42, 52, 97, 74, 5, 58, 23, 90, 59, 16, 72, 75, 30, 43, 99, 44, 41, 0, 46, 61, 80, 65, 39, 70, 87, 89, 91, 82, 14, 12, 71, 50, 11, 15, 57, 22, 67, 45, 32, 78, 63, 66, 55, 31, 62, 35, 34, 19, 49, 24, 9, 37, 36, 3, 64, 40, 86, 81, 93, 47, 73, 17, 60, 68, 25, 38, 48, 33, 20, 83, 7, 27, 94, 54, 2, 92, 76, 69, 51, 28, 29, 95, 77, 56, 26, 6, 1]
2026-06-24 07:37:59,076 [factory.py] => Loaded ViT-B-16 model config.
2026-06-24 07:38:00,732 [factory.py] => Loading pretrained ViT-B-16 weights (/home/team/zhaohongwei/pretrained_models/open_clip_pytorch_model_laion400m_e32.bin).
2026-06-24 07:38:01,390 [factory.py] => Loaded ViT-B-16 model config.
2026-06-24 07:38:02,937 [factory.py] => Loading pretrained ViT-B-16 weights (/home/team/zhaohongwei/pretrained_models/open_clip_pytorch_model_laion400m_e32.bin).
2026-06-24 07:38:03,583 [rapf.py] => Learning on 0-10
2026-06-24 07:38:58,781 [trainer.py] => CNN: {'total': 99.6, '00-09': 99.6, 'old': 0, 'new': 99.6, 'harmonic': 0.0}
2026-06-24 07:38:58,781 [trainer.py] => CNN top1 curve: [99.6]
2026-06-24 07:38:58,781 [trainer.py] => CNN top5 curve: [100.0]
2026-06-24 07:38:58,782 [trainer.py] => Average Accuracy (CNN top1): 99.6
2026-06-24 07:38:58,782 [rapf.py] => Learning on 10-20
2026-06-24 07:40:06,697 [trainer.py] => CNN: {'total': 95.75, '00-09': 99.2, '10-19': 92.54, 'old': 99.2, 'new': 92.54, 'harmonic': 95.75}
2026-06-24 07:40:06,698 [trainer.py] => CNN top1 curve: [99.6, 95.75]
2026-06-24 07:40:06,698 [trainer.py] => CNN top5 curve: [100.0, 99.81]
2026-06-24 07:40:06,698 [trainer.py] => Average Accuracy (CNN top1): 97.675
2026-06-24 07:40:06,698 [rapf.py] => Learning on 20-30
2026-06-24 07:41:25,174 [trainer.py] => CNN: {'total': 96.23, '00-09': 94.8, '10-19': 95.15, '20-29': 98.81, 'old': 94.98, 'new': 98.81, 'harmonic': 96.86}
2026-06-24 07:41:25,174 [trainer.py] => CNN top1 curve: [99.6, 95.75, 96.23]
2026-06-24 07:41:25,174 [trainer.py] => CNN top5 curve: [100.0, 99.81, 99.61]
2026-06-24 07:41:25,174 [trainer.py] => Average Accuracy (CNN top1): 97.19333333333333
2026-06-24 07:41:25,174 [rapf.py] => Learning on 30-40
2026-06-24 07:42:53,410 [trainer.py] => CNN: {'total': 95.1, '00-09': 94.8, '10-19': 96.27, '20-29': 97.22, '30-39': 92.47, 'old': 96.1, 'new': 92.47, 'harmonic': 94.25}
2026-06-24 07:42:53,410 [trainer.py] => CNN top1 curve: [99.6, 95.75, 96.23, 95.1]
2026-06-24 07:42:53,410 [trainer.py] => CNN top5 curve: [100.0, 99.81, 99.61, 99.44]
2026-06-24 07:42:53,410 [trainer.py] => Average Accuracy (CNN top1): 96.66999999999999
2026-06-24 07:42:53,410 [rapf.py] => Learning on 40-50
2026-06-24 07:44:30,841 [trainer.py] => CNN: {'total': 91.72, '00-09': 93.6, '10-19': 90.67, '20-29': 94.44, '30-39': 93.15, '40-49': 86.61, 'old': 92.94, 'new': 86.61, 'harmonic': 89.66}
2026-06-24 07:44:30,842 [trainer.py] => CNN top1 curve: [99.6, 95.75, 96.23, 95.1, 91.72]
2026-06-24 07:44:30,842 [trainer.py] => CNN top5 curve: [100.0, 99.81, 99.61, 99.44, 99.24]
2026-06-24 07:44:30,842 [trainer.py] => Average Accuracy (CNN top1): 95.67999999999999
2026-06-24 07:44:30,842 [rapf.py] => Learning on 50-60
2026-06-24 07:46:20,436 [trainer.py] => CNN: {'total': 87.12, '00-09': 84.8, '10-19': 86.94, '20-29': 90.87, '30-39': 79.11, '40-49': 88.98, '50-59': 92.73, 'old': 85.94, 'new': 92.73, 'harmonic': 89.21}
2026-06-24 07:46:20,437 [trainer.py] => CNN top1 curve: [99.6, 95.75, 96.23, 95.1, 91.72, 87.12]
2026-06-24 07:46:20,437 [trainer.py] => CNN top5 curve: [100.0, 99.81, 99.61, 99.44, 99.24, 97.49]
2026-06-24 07:46:20,437 [trainer.py] => Average Accuracy (CNN top1): 94.25333333333333
2026-06-24 07:46:20,437 [rapf.py] => Learning on 60-70
2026-06-24 07:48:23,326 [trainer.py] => CNN: {'total': 87.5, '00-09': 78.8, '10-19': 77.99, '20-29': 95.24, '30-39': 91.44, '40-49': 80.31, '50-59': 90.91, '60-69': 96.98, 'old': 85.92, 'new': 96.98, 'harmonic': 91.12}
2026-06-24 07:48:23,327 [trainer.py] => CNN top1 curve: [99.6, 95.75, 96.23, 95.1, 91.72, 87.12, 87.5]
2026-06-24 07:48:23,327 [trainer.py] => CNN top5 curve: [100.0, 99.81, 99.61, 99.44, 99.24, 97.49, 97.79]
2026-06-24 07:48:23,327 [trainer.py] => Average Accuracy (CNN top1): 93.28857142857143
2026-06-24 07:48:23,327 [rapf.py] => Learning on 70-80
2026-06-24 07:50:37,824 [trainer.py] => CNN: {'total': 85.39, '00-09': 71.6, '10-19': 85.45, '20-29': 82.54, '30-39': 89.73, '40-49': 85.83, '50-59': 81.82, '60-69': 88.68, '70-79': 95.45, 'old': 83.84, 'new': 95.45, 'harmonic': 89.27}
2026-06-24 07:50:37,824 [trainer.py] => CNN top1 curve: [99.6, 95.75, 96.23, 95.1, 91.72, 87.12, 87.5, 85.39]
2026-06-24 07:50:37,824 [trainer.py] => CNN top5 curve: [100.0, 99.81, 99.61, 99.44, 99.24, 97.49, 97.79, 97.48]
2026-06-24 07:50:37,825 [trainer.py] => Average Accuracy (CNN top1): 92.30125
2026-06-24 07:50:37,825 [rapf.py] => Learning on 80-90
2026-06-24 07:52:52,491 [trainer.py] => CNN: {'total': 82.46, '00-09': 80.8, '10-19': 76.12, '20-29': 88.49, '30-39': 83.56, '40-49': 75.59, '50-59': 65.09, '60-69': 89.81, '70-79': 85.31, '80-89': 97.09, 'old': 80.58, 'new': 97.09, 'harmonic': 88.07}
2026-06-24 07:52:52,492 [trainer.py] => CNN top1 curve: [99.6, 95.75, 96.23, 95.1, 91.72, 87.12, 87.5, 85.39, 82.46]
2026-06-24 07:52:52,492 [trainer.py] => CNN top5 curve: [100.0, 99.81, 99.61, 99.44, 99.24, 97.49, 97.79, 97.48, 97.64]
2026-06-24 07:52:52,492 [trainer.py] => Average Accuracy (CNN top1): 91.20777777777778
2026-06-24 07:52:52,492 [rapf.py] => Learning on 90-100
2026-06-24 07:55:20,432 [trainer.py] => CNN: {'total': 80.6, '00-09': 79.2, '10-19': 80.97, '20-29': 85.32, '30-39': 84.59, '40-49': 68.5, '50-59': 66.91, '60-69': 79.25, '70-79': 88.11, '80-89': 81.09, '90-99': 93.24, 'old': 79.44, 'new': 93.24, 'harmonic': 85.79}
2026-06-24 07:55:20,432 [trainer.py] => CNN top1 curve: [99.6, 95.75, 96.23, 95.1, 91.72, 87.12, 87.5, 85.39, 82.46, 80.6]
2026-06-24 07:55:20,433 [trainer.py] => CNN top5 curve: [100.0, 99.81, 99.61, 99.44, 99.24, 97.49, 97.79, 97.48, 97.64, 96.7]
2026-06-24 07:55:20,433 [trainer.py] => Average Accuracy (CNN top1): 90.147
