2026-08-12 15:38:12,936 [trainer.py] => config: /home/team/zhaohongwei/Code/Research/Awesome-MMCL/configs/ranpac/ranpac_aircraft_B50_Inc10.json
2026-08-12 15:38:12,936 [trainer.py] => prefix: -
2026-08-12 15:38:12,936 [trainer.py] => dataset: aircraft
2026-08-12 15:38:12,937 [trainer.py] => memory_size: 0
2026-08-12 15:38:12,937 [trainer.py] => memory_per_class: 0
2026-08-12 15:38:12,937 [trainer.py] => fixed_memory: False
2026-08-12 15:38:12,937 [trainer.py] => shuffle: True
2026-08-12 15:38:12,937 [trainer.py] => init_cls: 50
2026-08-12 15:38:12,937 [trainer.py] => increment: 10
2026-08-12 15:38:12,937 [trainer.py] => model_name: ranpac
2026-08-12 15:38:12,937 [trainer.py] => backbone_type: clip
2026-08-12 15:38:12,937 [trainer.py] => clip_pretrained: /home/team/zhaohongwei/pretrained_models/open_clip_pytorch_model_laion400m_e32.bin
2026-08-12 15:38:12,937 [trainer.py] => device: [device(type='cuda', index=0)]
2026-08-12 15:38:12,937 [trainer.py] => seed: 2026
2026-08-12 15:38:12,937 [trainer.py] => tuned_epoch: 20
2026-08-12 15:38:12,937 [trainer.py] => init_lr: 0.01
2026-08-12 15:38:12,937 [trainer.py] => batch_size: 48
2026-08-12 15:38:12,937 [trainer.py] => weight_decay: 0.0005
2026-08-12 15:38:12,937 [trainer.py] => min_lr: 0.0
2026-08-12 15:38:12,937 [trainer.py] => ffn_num: 64
2026-08-12 15:38:12,937 [trainer.py] => optimizer: sgd
2026-08-12 15:38:12,937 [trainer.py] => num_workers: 8
2026-08-12 15:38:12,937 [trainer.py] => use_RP: True
2026-08-12 15:38:12,937 [trainer.py] => M: 10000
2026-08-12 15:38:12,937 [trainer.py] => ridge_sample_size: 1024
2026-08-12 15:38:12,937 [trainer.py] => total_class_num: 100
2026-08-12 15:38:13,025 [data_manager.py] => [98, 10, 4, 18, 88, 13, 8, 84, 79, 21, 85, 96, 53, 42, 52, 97, 74, 5, 58, 23, 90, 59, 16, 72, 75, 30, 43, 99, 44, 41, 0, 46, 61, 80, 65, 39, 70, 87, 89, 91, 82, 14, 12, 71, 50, 11, 15, 57, 22, 67, 45, 32, 78, 63, 66, 55, 31, 62, 35, 34, 19, 49, 24, 9, 37, 36, 3, 64, 40, 86, 81, 93, 47, 73, 17, 60, 68, 25, 38, 48, 33, 20, 83, 7, 27, 94, 54, 2, 92, 76, 69, 51, 28, 29, 95, 77, 56, 26, 6, 1]
2026-08-12 15:38:14,272 [instantiator.py] => Created a temporary directory at /tmp/tmpsancc6lz
2026-08-12 15:38:14,273 [instantiator.py] => Writing /tmp/tmpsancc6lz/_remote_module_non_scriptable.py
2026-08-12 15:38:14,450 [factory.py] => Loaded ViT-B-16 model config.
2026-08-12 15:38:15,904 [factory.py] => Loading pretrained ViT-B-16 weights (/home/team/zhaohongwei/pretrained_models/open_clip_pytorch_model_laion400m_e32.bin).
2026-08-12 15:38:17,506 [ranpac.py] => Learning on 0-50
2026-08-12 15:38:17,512 [ranpac.py] => RanPAC first-session trainable parameters: 1215232
2026-08-12 15:46:45,984 [ranpac.py] => Initialized RanPAC random projection: 512 -> 10000
2026-08-12 15:46:57,493 [ranpac.py] => RanPAC ridge parameter: 100000
2026-08-12 15:47:03,827 [trainer.py] => CNN: {'total': 70.49, '00-09': 52.41, '10-19': 76.05, '20-29': 70.87, '30-39': 87.13, '40-49': 65.87, 'old': 0, 'new': 70.49, 'harmonic': 0.0}
2026-08-12 15:47:03,828 [trainer.py] => CNN top1 curve: [70.49]
2026-08-12 15:47:03,828 [trainer.py] => CNN top5 curve: [91.48]
2026-08-12 15:47:03,828 [trainer.py] => Average Accuracy (CNN top1): 70.49
2026-08-12 15:47:03,841 [ranpac.py] => Learning on 50-60
2026-08-12 15:47:07,043 [ranpac.py] => RanPAC ridge parameter: 10000
2026-08-12 15:47:14,125 [trainer.py] => CNN: {'total': 69.35, '00-09': 52.41, '10-19': 74.55, '20-29': 71.77, '30-39': 80.24, '40-49': 63.77, '50-59': 73.27, 'old': 68.57, 'new': 73.27, 'harmonic': 70.84}
2026-08-12 15:47:14,125 [trainer.py] => CNN top1 curve: [70.49, 69.35]
2026-08-12 15:47:14,125 [trainer.py] => CNN top5 curve: [91.48, 89.35]
2026-08-12 15:47:14,125 [trainer.py] => Average Accuracy (CNN top1): 69.91999999999999
2026-08-12 15:47:14,139 [ranpac.py] => Learning on 60-70
2026-08-12 15:47:17,374 [ranpac.py] => RanPAC ridge parameter: 10000
2026-08-12 15:47:25,623 [trainer.py] => CNN: {'total': 67.65, '00-09': 50.6, '10-19': 72.75, '20-29': 72.07, '30-39': 79.64, '40-49': 62.87, '50-59': 73.27, '60-69': 62.24, 'old': 68.55, 'new': 62.24, 'harmonic': 65.24}
2026-08-12 15:47:25,623 [trainer.py] => CNN top1 curve: [70.49, 69.35, 67.65]
2026-08-12 15:47:25,624 [trainer.py] => CNN top5 curve: [91.48, 89.35, 87.39]
2026-08-12 15:47:25,624 [trainer.py] => Average Accuracy (CNN top1): 69.16333333333333
2026-08-12 15:47:25,639 [ranpac.py] => Learning on 70-80
2026-08-12 15:47:28,819 [ranpac.py] => RanPAC ridge parameter: 10000
2026-08-12 15:47:38,040 [trainer.py] => CNN: {'total': 65.65, '00-09': 51.2, '10-19': 72.75, '20-29': 69.37, '30-39': 70.36, '40-49': 62.57, '50-59': 71.47, '60-69': 61.63, '70-79': 65.77, 'old': 65.64, 'new': 65.77, 'harmonic': 65.7}
2026-08-12 15:47:38,041 [trainer.py] => CNN top1 curve: [70.49, 69.35, 67.65, 65.65]
2026-08-12 15:47:38,041 [trainer.py] => CNN top5 curve: [91.48, 89.35, 87.39, 86.37]
2026-08-12 15:47:38,041 [trainer.py] => Average Accuracy (CNN top1): 68.285
2026-08-12 15:47:38,056 [ranpac.py] => Learning on 80-90
2026-08-12 15:47:41,218 [ranpac.py] => RanPAC ridge parameter: 10000
2026-08-12 15:47:51,503 [trainer.py] => CNN: {'total': 63.98, '00-09': 48.8, '10-19': 70.36, '20-29': 66.97, '30-39': 68.86, '40-49': 61.68, '50-59': 71.17, '60-69': 61.03, '70-79': 65.77, '80-89': 61.08, 'old': 64.34, 'new': 61.08, 'harmonic': 62.67}
2026-08-12 15:47:51,503 [trainer.py] => CNN top1 curve: [70.49, 69.35, 67.65, 65.65, 63.98]
2026-08-12 15:47:51,503 [trainer.py] => CNN top5 curve: [91.48, 89.35, 87.39, 86.37, 83.92]
2026-08-12 15:47:51,504 [trainer.py] => Average Accuracy (CNN top1): 67.424
2026-08-12 15:47:51,527 [ranpac.py] => Learning on 90-100
2026-08-12 15:47:54,699 [ranpac.py] => RanPAC ridge parameter: 100000
2026-08-12 15:48:05,827 [trainer.py] => CNN: {'total': 61.78, '00-09': 46.39, '10-19': 68.56, '20-29': 64.26, '30-39': 67.37, '40-49': 61.08, '50-59': 68.17, '60-69': 60.12, '70-79': 63.36, '80-89': 58.08, '90-99': 60.3, 'old': 61.94, 'new': 60.3, 'harmonic': 61.11}
2026-08-12 15:48:05,827 [trainer.py] => CNN top1 curve: [70.49, 69.35, 67.65, 65.65, 63.98, 61.78]
2026-08-12 15:48:05,828 [trainer.py] => CNN top5 curve: [91.48, 89.35, 87.39, 86.37, 83.92, 84.82]
2026-08-12 15:48:05,828 [trainer.py] => Average Accuracy (CNN top1): 66.48333333333333
