2026-08-12 15:34:27,651 [trainer.py] => config: /home/team/zhaohongwei/Code/Research/Awesome-MMCL/configs/ranpac/ranpac_aircraft_B0_Inc10.json
2026-08-12 15:34:27,652 [trainer.py] => prefix: -
2026-08-12 15:34:27,652 [trainer.py] => dataset: aircraft
2026-08-12 15:34:27,652 [trainer.py] => memory_size: 0
2026-08-12 15:34:27,652 [trainer.py] => memory_per_class: 0
2026-08-12 15:34:27,652 [trainer.py] => fixed_memory: False
2026-08-12 15:34:27,652 [trainer.py] => shuffle: True
2026-08-12 15:34:27,652 [trainer.py] => init_cls: 10
2026-08-12 15:34:27,652 [trainer.py] => increment: 10
2026-08-12 15:34:27,652 [trainer.py] => model_name: ranpac
2026-08-12 15:34:27,652 [trainer.py] => backbone_type: clip
2026-08-12 15:34:27,652 [trainer.py] => clip_pretrained: /home/team/zhaohongwei/pretrained_models/open_clip_pytorch_model_laion400m_e32.bin
2026-08-12 15:34:27,652 [trainer.py] => device: [device(type='cuda', index=0)]
2026-08-12 15:34:27,652 [trainer.py] => seed: 2026
2026-08-12 15:34:27,652 [trainer.py] => tuned_epoch: 20
2026-08-12 15:34:27,652 [trainer.py] => init_lr: 0.01
2026-08-12 15:34:27,652 [trainer.py] => batch_size: 48
2026-08-12 15:34:27,652 [trainer.py] => weight_decay: 0.0005
2026-08-12 15:34:27,652 [trainer.py] => min_lr: 0.0
2026-08-12 15:34:27,652 [trainer.py] => ffn_num: 64
2026-08-12 15:34:27,652 [trainer.py] => optimizer: sgd
2026-08-12 15:34:27,652 [trainer.py] => num_workers: 8
2026-08-12 15:34:27,652 [trainer.py] => use_RP: True
2026-08-12 15:34:27,652 [trainer.py] => M: 10000
2026-08-12 15:34:27,652 [trainer.py] => ridge_sample_size: 1024
2026-08-12 15:34:27,652 [trainer.py] => total_class_num: 100
2026-08-12 15:34:27,743 [data_manager.py] => [98, 10, 4, 18, 88, 13, 8, 84, 79, 21, 85, 96, 53, 42, 52, 97, 74, 5, 58, 23, 90, 59, 16, 72, 75, 30, 43, 99, 44, 41, 0, 46, 61, 80, 65, 39, 70, 87, 89, 91, 82, 14, 12, 71, 50, 11, 15, 57, 22, 67, 45, 32, 78, 63, 66, 55, 31, 62, 35, 34, 19, 49, 24, 9, 37, 36, 3, 64, 40, 86, 81, 93, 47, 73, 17, 60, 68, 25, 38, 48, 33, 20, 83, 7, 27, 94, 54, 2, 92, 76, 69, 51, 28, 29, 95, 77, 56, 26, 6, 1]
2026-08-12 15:34:28,866 [instantiator.py] => Created a temporary directory at /tmp/tmphwuoszg_
2026-08-12 15:34:28,867 [instantiator.py] => Writing /tmp/tmphwuoszg_/_remote_module_non_scriptable.py
2026-08-12 15:34:29,044 [factory.py] => Loaded ViT-B-16 model config.
2026-08-12 15:34:30,477 [factory.py] => Loading pretrained ViT-B-16 weights (/home/team/zhaohongwei/pretrained_models/open_clip_pytorch_model_laion400m_e32.bin).
2026-08-12 15:34:32,624 [ranpac.py] => Learning on 0-10
2026-08-12 15:34:32,628 [ranpac.py] => RanPAC first-session trainable parameters: 1194752
2026-08-12 15:36:31,816 [ranpac.py] => Initialized RanPAC random projection: 512 -> 10000
2026-08-12 15:36:34,985 [ranpac.py] => RanPAC ridge parameter: 100000
2026-08-12 15:36:36,939 [trainer.py] => CNN: {'total': 70.78, '00-09': 70.78, 'old': 0, 'new': 70.78, 'harmonic': 0.0}
2026-08-12 15:36:36,939 [trainer.py] => CNN top1 curve: [70.78]
2026-08-12 15:36:36,939 [trainer.py] => CNN top5 curve: [96.69]
2026-08-12 15:36:36,940 [trainer.py] => Average Accuracy (CNN top1): 70.78
2026-08-12 15:36:36,946 [ranpac.py] => Learning on 10-20
2026-08-12 15:36:40,093 [ranpac.py] => RanPAC ridge parameter: 10000
2026-08-12 15:36:43,079 [trainer.py] => CNN: {'total': 76.43, '00-09': 68.98, '10-19': 83.83, 'old': 68.98, 'new': 83.83, 'harmonic': 75.68}
2026-08-12 15:36:43,079 [trainer.py] => CNN top1 curve: [70.78, 76.43]
2026-08-12 15:36:43,079 [trainer.py] => CNN top5 curve: [96.69, 92.64]
2026-08-12 15:36:43,080 [trainer.py] => Average Accuracy (CNN top1): 73.605
2026-08-12 15:36:43,090 [ranpac.py] => Learning on 20-30
2026-08-12 15:36:46,303 [ranpac.py] => RanPAC ridge parameter: 10000
2026-08-12 15:36:50,441 [trainer.py] => CNN: {'total': 72.67, '00-09': 63.25, '10-19': 78.44, '20-29': 76.28, 'old': 70.87, 'new': 76.28, 'harmonic': 73.48}
2026-08-12 15:36:50,441 [trainer.py] => CNN top1 curve: [70.78, 76.43, 72.67]
2026-08-12 15:36:50,442 [trainer.py] => CNN top5 curve: [96.69, 92.64, 92.19]
2026-08-12 15:36:50,442 [trainer.py] => Average Accuracy (CNN top1): 73.29333333333334
2026-08-12 15:36:50,458 [ranpac.py] => Learning on 30-40
2026-08-12 15:36:53,659 [ranpac.py] => RanPAC ridge parameter: 10000
2026-08-12 15:36:58,822 [trainer.py] => CNN: {'total': 74.79, '00-09': 59.94, '10-19': 74.85, '20-29': 75.38, '30-39': 88.92, 'old': 70.07, 'new': 88.92, 'harmonic': 78.38}
2026-08-12 15:36:58,822 [trainer.py] => CNN top1 curve: [70.78, 76.43, 72.67, 74.79]
2026-08-12 15:36:58,822 [trainer.py] => CNN top5 curve: [96.69, 92.64, 92.19, 93.17]
2026-08-12 15:36:58,823 [trainer.py] => Average Accuracy (CNN top1): 73.6675
2026-08-12 15:36:58,834 [ranpac.py] => Learning on 40-50
2026-08-12 15:37:02,001 [ranpac.py] => RanPAC ridge parameter: 100000
2026-08-12 15:37:08,092 [trainer.py] => CNN: {'total': 69.41, '00-09': 50.6, '10-19': 74.85, '20-29': 69.67, '30-39': 87.43, '40-49': 64.37, 'old': 70.67, 'new': 64.37, 'harmonic': 67.37}
2026-08-12 15:37:08,092 [trainer.py] => CNN top1 curve: [70.78, 76.43, 72.67, 74.79, 69.41]
2026-08-12 15:37:08,092 [trainer.py] => CNN top5 curve: [96.69, 92.64, 92.19, 93.17, 90.64]
2026-08-12 15:37:08,092 [trainer.py] => Average Accuracy (CNN top1): 72.816
2026-08-12 15:37:08,103 [ranpac.py] => Learning on 50-60
2026-08-12 15:37:11,308 [ranpac.py] => RanPAC ridge parameter: 10000
2026-08-12 15:37:18,569 [trainer.py] => CNN: {'total': 68.85, '00-09': 53.01, '10-19': 73.95, '20-29': 70.27, '30-39': 79.04, '40-49': 64.07, '50-59': 72.67, 'old': 68.09, 'new': 72.67, 'harmonic': 70.31}
2026-08-12 15:37:18,569 [trainer.py] => CNN top1 curve: [70.78, 76.43, 72.67, 74.79, 69.41, 68.85]
2026-08-12 15:37:18,569 [trainer.py] => CNN top5 curve: [96.69, 92.64, 92.19, 93.17, 90.64, 88.9]
2026-08-12 15:37:18,569 [trainer.py] => Average Accuracy (CNN top1): 72.15500000000002
2026-08-12 15:37:18,600 [ranpac.py] => Learning on 60-70
2026-08-12 15:37:21,770 [ranpac.py] => RanPAC ridge parameter: 10000
2026-08-12 15:37:29,930 [trainer.py] => CNN: {'total': 66.75, '00-09': 50.9, '10-19': 73.05, '20-29': 69.37, '30-39': 76.65, '40-49': 62.87, '50-59': 70.57, '60-69': 63.75, 'old': 67.25, 'new': 63.75, 'harmonic': 65.45}
2026-08-12 15:37:29,931 [trainer.py] => CNN top1 curve: [70.78, 76.43, 72.67, 74.79, 69.41, 68.85, 66.75]
2026-08-12 15:37:29,931 [trainer.py] => CNN top5 curve: [96.69, 92.64, 92.19, 93.17, 90.64, 88.9, 87.04]
2026-08-12 15:37:29,931 [trainer.py] => Average Accuracy (CNN top1): 71.38285714285715
2026-08-12 15:37:29,946 [ranpac.py] => Learning on 70-80
2026-08-12 15:37:33,057 [ranpac.py] => RanPAC ridge parameter: 10000
2026-08-12 15:37:42,218 [trainer.py] => CNN: {'total': 64.79, '00-09': 51.2, '10-19': 72.16, '20-29': 66.97, '30-39': 68.26, '40-49': 61.68, '50-59': 69.67, '60-69': 62.84, '70-79': 65.47, 'old': 64.69, 'new': 65.47, 'harmonic': 65.08}
2026-08-12 15:37:42,219 [trainer.py] => CNN top1 curve: [70.78, 76.43, 72.67, 74.79, 69.41, 68.85, 66.75, 64.79]
2026-08-12 15:37:42,219 [trainer.py] => CNN top5 curve: [96.69, 92.64, 92.19, 93.17, 90.64, 88.9, 87.04, 86.07]
2026-08-12 15:37:42,219 [trainer.py] => Average Accuracy (CNN top1): 70.55875
2026-08-12 15:37:42,236 [ranpac.py] => Learning on 80-90
2026-08-12 15:37:45,400 [ranpac.py] => RanPAC ridge parameter: 100000
2026-08-12 15:37:55,567 [trainer.py] => CNN: {'total': 61.84, '00-09': 47.89, '10-19': 69.16, '20-29': 62.46, '30-39': 66.77, '40-49': 61.68, '50-59': 68.77, '60-69': 58.01, '70-79': 63.66, '80-89': 58.08, 'old': 62.31, 'new': 58.08, 'harmonic': 60.12}
2026-08-12 15:37:55,568 [trainer.py] => CNN top1 curve: [70.78, 76.43, 72.67, 74.79, 69.41, 68.85, 66.75, 64.79, 61.84]
2026-08-12 15:37:55,568 [trainer.py] => CNN top5 curve: [96.69, 92.64, 92.19, 93.17, 90.64, 88.9, 87.04, 86.07, 86.12]
2026-08-12 15:37:55,568 [trainer.py] => Average Accuracy (CNN top1): 69.59
2026-08-12 15:37:55,587 [ranpac.py] => Learning on 90-100
2026-08-12 15:37:58,727 [ranpac.py] => RanPAC ridge parameter: 10000
2026-08-12 15:38:10,112 [trainer.py] => CNN: {'total': 61.96, '00-09': 47.59, '10-19': 69.46, '20-29': 64.56, '30-39': 67.37, '40-49': 61.38, '50-59': 68.47, '60-69': 57.7, '70-79': 63.96, '80-89': 58.68, '90-99': 60.3, 'old': 62.14, 'new': 60.3, 'harmonic': 61.21}
2026-08-12 15:38:10,113 [trainer.py] => CNN top1 curve: [70.78, 76.43, 72.67, 74.79, 69.41, 68.85, 66.75, 64.79, 61.84, 61.96]
2026-08-12 15:38:10,113 [trainer.py] => CNN top5 curve: [96.69, 92.64, 92.19, 93.17, 90.64, 88.9, 87.04, 86.07, 86.12, 82.09]
2026-08-12 15:38:10,113 [trainer.py] => Average Accuracy (CNN top1): 68.82700000000001
