2026-08-10 16:08:05,791 [trainer.py] => config: /home/team/zhaohongwei/Code/Research/Awesome-MMCL/configs/ranpac/ranpac_cars_B50_Inc10.json
2026-08-10 16:08:05,791 [trainer.py] => prefix: -
2026-08-10 16:08:05,791 [trainer.py] => dataset: cars
2026-08-10 16:08:05,791 [trainer.py] => memory_size: 0
2026-08-10 16:08:05,791 [trainer.py] => memory_per_class: 0
2026-08-10 16:08:05,791 [trainer.py] => fixed_memory: False
2026-08-10 16:08:05,791 [trainer.py] => shuffle: True
2026-08-10 16:08:05,791 [trainer.py] => init_cls: 50
2026-08-10 16:08:05,791 [trainer.py] => increment: 10
2026-08-10 16:08:05,791 [trainer.py] => model_name: ranpac
2026-08-10 16:08:05,791 [trainer.py] => backbone_type: clip
2026-08-10 16:08:05,791 [trainer.py] => clip_pretrained: /home/team/zhaohongwei/pretrained_models/open_clip_pytorch_model_laion400m_e32.bin
2026-08-10 16:08:05,791 [trainer.py] => device: [device(type='cuda', index=0)]
2026-08-10 16:08:05,791 [trainer.py] => seed: 1993
2026-08-10 16:08:05,791 [trainer.py] => tuned_epoch: 20
2026-08-10 16:08:05,791 [trainer.py] => init_lr: 0.01
2026-08-10 16:08:05,791 [trainer.py] => batch_size: 48
2026-08-10 16:08:05,791 [trainer.py] => weight_decay: 0.0005
2026-08-10 16:08:05,791 [trainer.py] => min_lr: 0.0
2026-08-10 16:08:05,791 [trainer.py] => ffn_num: 64
2026-08-10 16:08:05,792 [trainer.py] => optimizer: sgd
2026-08-10 16:08:05,792 [trainer.py] => num_workers: 8
2026-08-10 16:08:05,792 [trainer.py] => use_RP: True
2026-08-10 16:08:05,792 [trainer.py] => M: 10000
2026-08-10 16:08:05,792 [trainer.py] => ridge_sample_size: 1024
2026-08-10 16:08:05,792 [trainer.py] => total_class_num: 100
2026-08-10 16:08:05,901 [data_manager.py] => [68, 56, 78, 8, 23, 84, 90, 65, 74, 76, 40, 89, 3, 92, 55, 9, 26, 80, 43, 38, 58, 70, 77, 1, 85, 19, 17, 50, 28, 53, 13, 81, 45, 82, 6, 59, 83, 16, 15, 44, 91, 41, 72, 60, 79, 52, 20, 10, 31, 54, 37, 95, 14, 71, 96, 98, 97, 2, 64, 66, 42, 22, 35, 86, 24, 34, 87, 21, 99, 0, 88, 27, 18, 94, 11, 12, 47, 25, 30, 46, 62, 69, 36, 61, 7, 63, 75, 5, 32, 4, 51, 48, 73, 93, 39, 67, 29, 49, 57, 33]
2026-08-10 16:08:07,236 [instantiator.py] => Created a temporary directory at /tmp/tmp4d08p7vt
2026-08-10 16:08:07,237 [instantiator.py] => Writing /tmp/tmp4d08p7vt/_remote_module_non_scriptable.py
2026-08-10 16:08:07,383 [factory.py] => Loaded ViT-B-16 model config.
2026-08-10 16:08:08,872 [factory.py] => Loading pretrained ViT-B-16 weights (/home/team/zhaohongwei/pretrained_models/open_clip_pytorch_model_laion400m_e32.bin).
2026-08-10 16:08:10,571 [ranpac.py] => Learning on 0-50
2026-08-10 16:08:10,578 [ranpac.py] => RanPAC first-session trainable parameters: 1215232
2026-08-10 16:13:26,245 [ranpac.py] => Initialized RanPAC random projection: 512 -> 10000
2026-08-10 16:13:33,460 [ranpac.py] => RanPAC ridge parameter: 10000
2026-08-10 16:13:40,481 [trainer.py] => CNN: {'total': 92.69, '00-09': 96.7, '10-19': 96.75, '20-29': 92.62, '30-39': 85.2, '40-49': 91.79, 'old': 0, 'new': 92.69, 'harmonic': 0.0}
2026-08-10 16:13:40,482 [trainer.py] => CNN top1 curve: [92.69]
2026-08-10 16:13:40,482 [trainer.py] => CNN top5 curve: [99.36]
2026-08-10 16:13:40,482 [trainer.py] => Average Accuracy (CNN top1): 92.69
2026-08-10 16:13:40,495 [ranpac.py] => Learning on 50-60
2026-08-10 16:13:42,640 [ranpac.py] => RanPAC ridge parameter: 0.1
2026-08-10 16:13:50,841 [trainer.py] => CNN: {'total': 1.59, '00-09': 9.2, '10-19': 0.0, '20-29': 0.0, '30-39': 0.0, '40-49': 0.0, '50-59': 0.0, 'old': 1.91, 'new': 0.0, 'harmonic': 0.0}
2026-08-10 16:13:50,841 [trainer.py] => CNN top1 curve: [92.69, 1.59]
2026-08-10 16:13:50,842 [trainer.py] => CNN top5 curve: [99.36, 8.32]
2026-08-10 16:13:50,842 [trainer.py] => Average Accuracy (CNN top1): 47.14
2026-08-10 16:13:50,851 [ranpac.py] => Learning on 60-70
2026-08-10 16:13:52,907 [ranpac.py] => RanPAC ridge parameter: 100000
2026-08-10 16:14:02,452 [trainer.py] => CNN: {'total': 92.31, '00-09': 95.75, '10-19': 95.5, '20-29': 90.95, '30-39': 85.97, '40-49': 92.29, '50-59': 95.88, '60-69': 89.49, 'old': 92.78, 'new': 89.49, 'harmonic': 91.11}
2026-08-10 16:14:02,452 [trainer.py] => CNN top1 curve: [92.69, 1.59, 92.31]
2026-08-10 16:14:02,453 [trainer.py] => CNN top5 curve: [99.36, 8.32, 99.62]
2026-08-10 16:14:02,453 [trainer.py] => Average Accuracy (CNN top1): 62.196666666666665
2026-08-10 16:14:02,474 [ranpac.py] => Learning on 70-80
2026-08-10 16:14:04,515 [ranpac.py] => RanPAC ridge parameter: 10000
2026-08-10 16:14:15,116 [trainer.py] => CNN: {'total': 91.72, '00-09': 95.28, '10-19': 95.75, '20-29': 91.43, '30-39': 85.46, '40-49': 92.04, '50-59': 94.19, '60-69': 87.78, '70-79': 91.48, 'old': 91.75, 'new': 91.48, 'harmonic': 91.61}
2026-08-10 16:14:15,116 [trainer.py] => CNN top1 curve: [92.69, 1.59, 92.31, 91.72]
2026-08-10 16:14:15,116 [trainer.py] => CNN top5 curve: [99.36, 8.32, 99.62, 99.29]
2026-08-10 16:14:15,116 [trainer.py] => Average Accuracy (CNN top1): 69.5775
2026-08-10 16:14:15,132 [ranpac.py] => Learning on 80-90
2026-08-10 16:14:17,347 [ranpac.py] => RanPAC ridge parameter: 10000
2026-08-10 16:14:29,212 [trainer.py] => CNN: {'total': 91.16, '00-09': 93.63, '10-19': 95.25, '20-29': 90.24, '30-39': 84.44, '40-49': 91.54, '50-59': 94.19, '60-69': 87.53, '70-79': 91.73, '80-89': 91.65, 'old': 91.1, 'new': 91.65, 'harmonic': 91.37}
2026-08-10 16:14:29,213 [trainer.py] => CNN top1 curve: [92.69, 1.59, 92.31, 91.72, 91.16]
2026-08-10 16:14:29,213 [trainer.py] => CNN top5 curve: [99.36, 8.32, 99.62, 99.29, 99.13]
2026-08-10 16:14:29,213 [trainer.py] => Average Accuracy (CNN top1): 73.894
2026-08-10 16:14:29,229 [ranpac.py] => Learning on 90-100
2026-08-10 16:14:31,258 [ranpac.py] => RanPAC ridge parameter: 10000
2026-08-10 16:14:44,789 [trainer.py] => CNN: {'total': 90.47, '00-09': 90.57, '10-19': 94.0, '20-29': 88.33, '30-39': 84.44, '40-49': 91.54, '50-59': 93.95, '60-69': 87.04, '70-79': 91.73, '80-89': 91.17, '90-99': 91.85, 'old': 90.32, 'new': 91.85, 'harmonic': 91.08}
2026-08-10 16:14:44,789 [trainer.py] => CNN top1 curve: [92.69, 1.59, 92.31, 91.72, 91.16, 90.47]
2026-08-10 16:14:44,789 [trainer.py] => CNN top5 curve: [99.36, 8.32, 99.62, 99.29, 99.13, 99.14]
2026-08-10 16:14:44,790 [trainer.py] => Average Accuracy (CNN top1): 76.65666666666668
