2026-08-10 16:04:37,815 [trainer.py] => config: /home/team/zhaohongwei/Code/Research/Awesome-MMCL/configs/ranpac/ranpac_cars_B0_Inc10.json
2026-08-10 16:04:37,815 [trainer.py] => prefix: -
2026-08-10 16:04:37,815 [trainer.py] => dataset: cars
2026-08-10 16:04:37,815 [trainer.py] => memory_size: 0
2026-08-10 16:04:37,815 [trainer.py] => memory_per_class: 0
2026-08-10 16:04:37,815 [trainer.py] => fixed_memory: False
2026-08-10 16:04:37,815 [trainer.py] => shuffle: True
2026-08-10 16:04:37,815 [trainer.py] => init_cls: 10
2026-08-10 16:04:37,815 [trainer.py] => increment: 10
2026-08-10 16:04:37,815 [trainer.py] => model_name: ranpac
2026-08-10 16:04:37,815 [trainer.py] => backbone_type: clip
2026-08-10 16:04:37,815 [trainer.py] => clip_pretrained: /home/team/zhaohongwei/pretrained_models/open_clip_pytorch_model_laion400m_e32.bin
2026-08-10 16:04:37,815 [trainer.py] => device: [device(type='cuda', index=0)]
2026-08-10 16:04:37,815 [trainer.py] => seed: 0
2026-08-10 16:04:37,816 [trainer.py] => tuned_epoch: 20
2026-08-10 16:04:37,816 [trainer.py] => init_lr: 0.01
2026-08-10 16:04:37,816 [trainer.py] => batch_size: 48
2026-08-10 16:04:37,816 [trainer.py] => weight_decay: 0.0005
2026-08-10 16:04:37,816 [trainer.py] => min_lr: 0.0
2026-08-10 16:04:37,816 [trainer.py] => ffn_num: 64
2026-08-10 16:04:37,816 [trainer.py] => optimizer: sgd
2026-08-10 16:04:37,816 [trainer.py] => num_workers: 8
2026-08-10 16:04:37,816 [trainer.py] => use_RP: True
2026-08-10 16:04:37,816 [trainer.py] => M: 10000
2026-08-10 16:04:37,816 [trainer.py] => ridge_sample_size: 1024
2026-08-10 16:04:37,816 [trainer.py] => total_class_num: 100
2026-08-10 16:04:37,917 [data_manager.py] => [26, 86, 2, 55, 75, 93, 16, 73, 54, 95, 53, 92, 78, 13, 7, 30, 22, 24, 33, 8, 43, 62, 3, 71, 45, 48, 6, 99, 82, 76, 60, 80, 90, 68, 51, 27, 18, 56, 63, 74, 1, 61, 42, 41, 4, 15, 17, 40, 38, 5, 91, 59, 0, 34, 28, 50, 11, 35, 23, 52, 10, 31, 66, 57, 79, 85, 32, 84, 14, 89, 19, 29, 49, 97, 98, 69, 20, 94, 72, 77, 25, 37, 81, 46, 39, 65, 58, 12, 88, 70, 87, 36, 21, 83, 9, 96, 67, 64, 47, 44]
2026-08-10 16:04:39,283 [instantiator.py] => Created a temporary directory at /tmp/tmpbk2ks2he
2026-08-10 16:04:39,283 [instantiator.py] => Writing /tmp/tmpbk2ks2he/_remote_module_non_scriptable.py
2026-08-10 16:04:39,424 [factory.py] => Loaded ViT-B-16 model config.
2026-08-10 16:04:40,842 [factory.py] => Loading pretrained ViT-B-16 weights (/home/team/zhaohongwei/pretrained_models/open_clip_pytorch_model_laion400m_e32.bin).
2026-08-10 16:04:42,356 [ranpac.py] => Learning on 0-10
2026-08-10 16:04:42,359 [ranpac.py] => RanPAC first-session trainable parameters: 1194752
2026-08-10 16:05:55,016 [ranpac.py] => Initialized RanPAC random projection: 512 -> 10000
2026-08-10 16:05:57,115 [ranpac.py] => RanPAC ridge parameter: 10000
2026-08-10 16:05:59,305 [trainer.py] => CNN: {'total': 99.76, '00-09': 99.76, 'old': 0, 'new': 99.76, 'harmonic': 0.0}
2026-08-10 16:05:59,306 [trainer.py] => CNN top1 curve: [99.76]
2026-08-10 16:05:59,306 [trainer.py] => CNN top5 curve: [100.0]
2026-08-10 16:05:59,306 [trainer.py] => Average Accuracy (CNN top1): 99.76
2026-08-10 16:05:59,314 [ranpac.py] => Learning on 10-20
2026-08-10 16:06:01,386 [ranpac.py] => RanPAC ridge parameter: 10000
2026-08-10 16:06:04,723 [trainer.py] => CNN: {'total': 98.33, '00-09': 98.8, '10-19': 97.85, 'old': 98.8, 'new': 97.85, 'harmonic': 98.32}
2026-08-10 16:06:04,724 [trainer.py] => CNN top1 curve: [99.76, 98.33]
2026-08-10 16:06:04,724 [trainer.py] => CNN top5 curve: [100.0, 100.0]
2026-08-10 16:06:04,724 [trainer.py] => Average Accuracy (CNN top1): 99.045
2026-08-10 16:06:04,734 [ranpac.py] => Learning on 20-30
2026-08-10 16:06:07,246 [ranpac.py] => RanPAC ridge parameter: 10000
2026-08-10 16:06:12,037 [trainer.py] => CNN: {'total': 97.27, '00-09': 96.64, '10-19': 97.14, '20-29': 98.04, 'old': 96.89, 'new': 98.04, 'harmonic': 97.46}
2026-08-10 16:06:12,037 [trainer.py] => CNN top1 curve: [99.76, 98.33, 97.27]
2026-08-10 16:06:12,037 [trainer.py] => CNN top5 curve: [100.0, 100.0, 99.84]
2026-08-10 16:06:12,037 [trainer.py] => Average Accuracy (CNN top1): 98.45333333333333
2026-08-10 16:06:12,045 [ranpac.py] => Learning on 30-40
2026-08-10 16:06:14,262 [ranpac.py] => RanPAC ridge parameter: 10
2026-08-10 16:06:20,109 [trainer.py] => CNN: {'total': 2.54, '00-09': 10.07, '10-19': 0.0, '20-29': 0.0, '30-39': 0.0, 'old': 3.37, 'new': 0.0, 'harmonic': 0.0}
2026-08-10 16:06:20,109 [trainer.py] => CNN top1 curve: [99.76, 98.33, 97.27, 2.54]
2026-08-10 16:06:20,109 [trainer.py] => CNN top5 curve: [100.0, 100.0, 99.84, 12.36]
2026-08-10 16:06:20,109 [trainer.py] => Average Accuracy (CNN top1): 74.47500000000001
2026-08-10 16:06:20,138 [ranpac.py] => Learning on 40-50
2026-08-10 16:06:22,354 [ranpac.py] => RanPAC ridge parameter: 100000
2026-08-10 16:06:29,354 [trainer.py] => CNN: {'total': 96.18, '00-09': 96.88, '10-19': 97.14, '20-29': 97.56, '30-39': 98.03, '40-49': 91.07, 'old': 97.4, 'new': 91.07, 'harmonic': 94.13}
2026-08-10 16:06:29,355 [trainer.py] => CNN top1 curve: [99.76, 98.33, 97.27, 2.54, 96.18]
2026-08-10 16:06:29,355 [trainer.py] => CNN top5 curve: [100.0, 100.0, 99.84, 12.36, 99.76]
2026-08-10 16:06:29,355 [trainer.py] => Average Accuracy (CNN top1): 78.816
2026-08-10 16:06:29,368 [ranpac.py] => Learning on 50-60
2026-08-10 16:06:31,452 [ranpac.py] => RanPAC ridge parameter: 10000
2026-08-10 16:06:40,066 [trainer.py] => CNN: {'total': 94.55, '00-09': 97.12, '10-19': 93.08, '20-29': 97.56, '30-39': 94.33, '40-49': 91.33, '50-59': 93.73, 'old': 94.71, 'new': 93.73, 'harmonic': 94.22}
2026-08-10 16:06:40,066 [trainer.py] => CNN top1 curve: [99.76, 98.33, 97.27, 2.54, 96.18, 94.55]
2026-08-10 16:06:40,066 [trainer.py] => CNN top5 curve: [100.0, 100.0, 99.84, 12.36, 99.76, 99.55]
2026-08-10 16:06:40,067 [trainer.py] => Average Accuracy (CNN top1): 81.43833333333335
2026-08-10 16:06:40,079 [ranpac.py] => Learning on 60-70
2026-08-10 16:06:42,629 [ranpac.py] => RanPAC ridge parameter: 10000
2026-08-10 16:06:52,151 [trainer.py] => CNN: {'total': 94.25, '00-09': 96.64, '10-19': 90.93, '20-29': 97.31, '30-39': 92.86, '40-49': 90.82, '50-59': 93.23, '60-69': 97.79, 'old': 93.65, 'new': 97.79, 'harmonic': 95.68}
2026-08-10 16:06:52,152 [trainer.py] => CNN top1 curve: [99.76, 98.33, 97.27, 2.54, 96.18, 94.55, 94.25]
2026-08-10 16:06:52,152 [trainer.py] => CNN top5 curve: [100.0, 100.0, 99.84, 12.36, 99.76, 99.55, 99.44]
2026-08-10 16:06:52,152 [trainer.py] => Average Accuracy (CNN top1): 83.26857142857145
2026-08-10 16:06:52,170 [ranpac.py] => Learning on 70-80
2026-08-10 16:06:54,322 [ranpac.py] => RanPAC ridge parameter: 10000
2026-08-10 16:07:05,308 [trainer.py] => CNN: {'total': 92.23, '00-09': 94.96, '10-19': 89.26, '20-29': 95.84, '30-39': 91.38, '40-49': 90.56, '50-59': 92.48, '60-69': 97.55, '70-79': 85.95, 'old': 93.16, 'new': 85.95, 'harmonic': 89.41}
2026-08-10 16:07:05,309 [trainer.py] => CNN top1 curve: [99.76, 98.33, 97.27, 2.54, 96.18, 94.55, 94.25, 92.23]
2026-08-10 16:07:05,309 [trainer.py] => CNN top5 curve: [100.0, 100.0, 99.84, 12.36, 99.76, 99.55, 99.44, 99.11]
2026-08-10 16:07:05,309 [trainer.py] => Average Accuracy (CNN top1): 84.38875000000002
2026-08-10 16:07:05,342 [ranpac.py] => Learning on 80-90
2026-08-10 16:07:07,363 [ranpac.py] => RanPAC ridge parameter: 1000
2026-08-10 16:07:19,363 [trainer.py] => CNN: {'total': 91.45, '00-09': 94.24, '10-19': 88.54, '20-29': 94.38, '30-39': 91.38, '40-49': 89.54, '50-59': 91.48, '60-69': 97.3, '70-79': 85.24, '80-89': 91.08, 'old': 91.5, 'new': 91.08, 'harmonic': 91.29}
2026-08-10 16:07:19,363 [trainer.py] => CNN top1 curve: [99.76, 98.33, 97.27, 2.54, 96.18, 94.55, 94.25, 92.23, 91.45]
2026-08-10 16:07:19,364 [trainer.py] => CNN top5 curve: [100.0, 100.0, 99.84, 12.36, 99.76, 99.55, 99.44, 99.11, 98.43]
2026-08-10 16:07:19,364 [trainer.py] => Average Accuracy (CNN top1): 85.17333333333335
2026-08-10 16:07:19,373 [ranpac.py] => Learning on 90-100
2026-08-10 16:07:21,286 [ranpac.py] => RanPAC ridge parameter: 10000
2026-08-10 16:07:34,774 [trainer.py] => CNN: {'total': 90.11, '00-09': 93.29, '10-19': 86.4, '20-29': 91.93, '30-39': 90.15, '40-49': 90.05, '50-59': 91.23, '60-69': 96.81, '70-79': 86.43, '80-89': 91.08, '90-99': 83.67, 'old': 90.8, 'new': 83.67, 'harmonic': 87.09}
2026-08-10 16:07:34,775 [trainer.py] => CNN top1 curve: [99.76, 98.33, 97.27, 2.54, 96.18, 94.55, 94.25, 92.23, 91.45, 90.11]
2026-08-10 16:07:34,775 [trainer.py] => CNN top5 curve: [100.0, 100.0, 99.84, 12.36, 99.76, 99.55, 99.44, 99.11, 98.43, 98.92]
2026-08-10 16:07:34,775 [trainer.py] => Average Accuracy (CNN top1): 85.66700000000002
