2026-08-10 16:07:03,909 [trainer.py] => config: /home/team/zhaohongwei/Code/Research/Awesome-MMCL/configs/ranpac/ranpac_cars_B50_Inc10.json
2026-08-10 16:07:03,909 [trainer.py] => prefix: -
2026-08-10 16:07:03,909 [trainer.py] => dataset: cars
2026-08-10 16:07:03,909 [trainer.py] => memory_size: 0
2026-08-10 16:07:03,909 [trainer.py] => memory_per_class: 0
2026-08-10 16:07:03,909 [trainer.py] => fixed_memory: False
2026-08-10 16:07:03,909 [trainer.py] => shuffle: True
2026-08-10 16:07:03,909 [trainer.py] => init_cls: 50
2026-08-10 16:07:03,909 [trainer.py] => increment: 10
2026-08-10 16:07:03,909 [trainer.py] => model_name: ranpac
2026-08-10 16:07:03,910 [trainer.py] => backbone_type: clip
2026-08-10 16:07:03,910 [trainer.py] => clip_pretrained: /home/team/zhaohongwei/pretrained_models/open_clip_pytorch_model_laion400m_e32.bin
2026-08-10 16:07:03,910 [trainer.py] => device: [device(type='cuda', index=0)]
2026-08-10 16:07:03,910 [trainer.py] => seed: 42
2026-08-10 16:07:03,910 [trainer.py] => tuned_epoch: 20
2026-08-10 16:07:03,910 [trainer.py] => init_lr: 0.01
2026-08-10 16:07:03,910 [trainer.py] => batch_size: 48
2026-08-10 16:07:03,910 [trainer.py] => weight_decay: 0.0005
2026-08-10 16:07:03,910 [trainer.py] => min_lr: 0.0
2026-08-10 16:07:03,910 [trainer.py] => ffn_num: 64
2026-08-10 16:07:03,910 [trainer.py] => optimizer: sgd
2026-08-10 16:07:03,910 [trainer.py] => num_workers: 8
2026-08-10 16:07:03,910 [trainer.py] => use_RP: True
2026-08-10 16:07:03,910 [trainer.py] => M: 10000
2026-08-10 16:07:03,910 [trainer.py] => ridge_sample_size: 1024
2026-08-10 16:07:03,910 [trainer.py] => total_class_num: 100
2026-08-10 16:07:04,002 [data_manager.py] => [83, 53, 70, 45, 44, 39, 22, 80, 10, 0, 18, 30, 73, 33, 90, 4, 76, 77, 12, 31, 55, 88, 26, 42, 69, 15, 40, 96, 9, 72, 11, 47, 85, 28, 93, 5, 66, 65, 35, 16, 49, 34, 7, 95, 27, 19, 81, 25, 62, 13, 24, 3, 17, 38, 8, 78, 6, 64, 36, 89, 56, 99, 54, 43, 50, 67, 46, 68, 61, 97, 79, 41, 58, 48, 98, 57, 75, 32, 94, 59, 63, 84, 37, 29, 1, 52, 21, 2, 23, 87, 91, 74, 86, 82, 20, 60, 71, 14, 92, 51]
2026-08-10 16:07:05,313 [instantiator.py] => Created a temporary directory at /tmp/tmpe2aycfj4
2026-08-10 16:07:05,313 [instantiator.py] => Writing /tmp/tmpe2aycfj4/_remote_module_non_scriptable.py
2026-08-10 16:07:05,469 [factory.py] => Loaded ViT-B-16 model config.
2026-08-10 16:07:07,247 [factory.py] => Loading pretrained ViT-B-16 weights (/home/team/zhaohongwei/pretrained_models/open_clip_pytorch_model_laion400m_e32.bin).
2026-08-10 16:07:09,086 [ranpac.py] => Learning on 0-50
2026-08-10 16:07:09,094 [ranpac.py] => RanPAC first-session trainable parameters: 1215232
2026-08-10 16:11:57,579 [ranpac.py] => Initialized RanPAC random projection: 512 -> 10000
2026-08-10 16:12:04,570 [ranpac.py] => RanPAC ridge parameter: 10000
2026-08-10 16:12:11,148 [trainer.py] => CNN: {'total': 94.2, '00-09': 94.76, '10-19': 94.95, '20-29': 92.07, '30-39': 96.87, '40-49': 92.23, 'old': 0, 'new': 94.2, 'harmonic': 0.0}
2026-08-10 16:12:11,148 [trainer.py] => CNN top1 curve: [94.2]
2026-08-10 16:12:11,148 [trainer.py] => CNN top5 curve: [99.66]
2026-08-10 16:12:11,148 [trainer.py] => Average Accuracy (CNN top1): 94.2
2026-08-10 16:12:11,161 [ranpac.py] => Learning on 50-60
2026-08-10 16:12:12,988 [ranpac.py] => RanPAC ridge parameter: 1000
2026-08-10 16:12:21,019 [trainer.py] => CNN: {'total': 92.13, '00-09': 92.77, '10-19': 94.71, '20-29': 91.56, '30-39': 93.98, '40-49': 89.56, '50-59': 90.14, 'old': 92.53, 'new': 90.14, 'harmonic': 91.32}
2026-08-10 16:12:21,020 [trainer.py] => CNN top1 curve: [94.2, 92.13]
2026-08-10 16:12:21,020 [trainer.py] => CNN top5 curve: [99.66, 98.9]
2026-08-10 16:12:21,020 [trainer.py] => Average Accuracy (CNN top1): 93.16499999999999
2026-08-10 16:12:21,037 [ranpac.py] => Learning on 60-70
2026-08-10 16:12:22,961 [ranpac.py] => RanPAC ridge parameter: 10000
2026-08-10 16:12:32,040 [trainer.py] => CNN: {'total': 92.76, '00-09': 93.52, '10-19': 95.19, '20-29': 92.07, '30-39': 93.01, '40-49': 90.05, '50-59': 91.35, '60-69': 94.15, 'old': 92.53, 'new': 94.15, 'harmonic': 93.33}
2026-08-10 16:12:32,040 [trainer.py] => CNN top1 curve: [94.2, 92.13, 92.76]
2026-08-10 16:12:32,040 [trainer.py] => CNN top5 curve: [99.66, 98.9, 99.3]
2026-08-10 16:12:32,040 [trainer.py] => Average Accuracy (CNN top1): 93.02999999999999
2026-08-10 16:12:32,057 [ranpac.py] => Learning on 70-80
2026-08-10 16:12:34,079 [ranpac.py] => RanPAC ridge parameter: 10000
2026-08-10 16:12:44,358 [trainer.py] => CNN: {'total': 92.13, '00-09': 94.26, '10-19': 94.95, '20-29': 88.75, '30-39': 93.01, '40-49': 89.08, '50-59': 91.83, '60-69': 91.71, '70-79': 93.35, 'old': 91.96, 'new': 93.35, 'harmonic': 92.65}
2026-08-10 16:12:44,358 [trainer.py] => CNN top1 curve: [94.2, 92.13, 92.76, 92.13]
2026-08-10 16:12:44,358 [trainer.py] => CNN top5 curve: [99.66, 98.9, 99.3, 99.23]
2026-08-10 16:12:44,358 [trainer.py] => Average Accuracy (CNN top1): 92.80499999999999
2026-08-10 16:12:44,378 [ranpac.py] => Learning on 80-90
2026-08-10 16:12:46,312 [ranpac.py] => RanPAC ridge parameter: 10000
2026-08-10 16:12:57,829 [trainer.py] => CNN: {'total': 91.41, '00-09': 91.52, '10-19': 94.47, '20-29': 89.26, '30-39': 93.25, '40-49': 89.32, '50-59': 91.11, '60-69': 91.46, '70-79': 93.35, '80-89': 88.86, 'old': 91.73, 'new': 88.86, 'harmonic': 90.27}
2026-08-10 16:12:57,829 [trainer.py] => CNN top1 curve: [94.2, 92.13, 92.76, 92.13, 91.41]
2026-08-10 16:12:57,829 [trainer.py] => CNN top5 curve: [99.66, 98.9, 99.3, 99.23, 99.15]
2026-08-10 16:12:57,829 [trainer.py] => Average Accuracy (CNN top1): 92.526
2026-08-10 16:12:57,852 [ranpac.py] => Learning on 90-100
2026-08-10 16:12:59,898 [ranpac.py] => RanPAC ridge parameter: 10000
2026-08-10 16:13:12,717 [trainer.py] => CNN: {'total': 90.62, '00-09': 88.28, '10-19': 93.99, '20-29': 89.77, '30-39': 92.53, '40-49': 89.08, '50-59': 90.14, '60-69': 91.46, '70-79': 89.77, '80-89': 88.37, '90-99': 92.51, 'old': 90.4, 'new': 92.51, 'harmonic': 91.44}
2026-08-10 16:13:12,718 [trainer.py] => CNN top1 curve: [94.2, 92.13, 92.76, 92.13, 91.41, 90.62]
2026-08-10 16:13:12,718 [trainer.py] => CNN top5 curve: [99.66, 98.9, 99.3, 99.23, 99.15, 99.12]
2026-08-10 16:13:12,718 [trainer.py] => Average Accuracy (CNN top1): 92.20833333333333
