2026-08-10 16:04:15,072 [trainer.py] => config: /home/team/zhaohongwei/Code/Research/Awesome-MMCL/configs/ranpac/ranpac_cars_B0_Inc10.json
2026-08-10 16:04:15,072 [trainer.py] => prefix: -
2026-08-10 16:04:15,072 [trainer.py] => dataset: cars
2026-08-10 16:04:15,072 [trainer.py] => memory_size: 0
2026-08-10 16:04:15,072 [trainer.py] => memory_per_class: 0
2026-08-10 16:04:15,072 [trainer.py] => fixed_memory: False
2026-08-10 16:04:15,072 [trainer.py] => shuffle: True
2026-08-10 16:04:15,072 [trainer.py] => init_cls: 10
2026-08-10 16:04:15,072 [trainer.py] => increment: 10
2026-08-10 16:04:15,072 [trainer.py] => model_name: ranpac
2026-08-10 16:04:15,072 [trainer.py] => backbone_type: clip
2026-08-10 16:04:15,072 [trainer.py] => clip_pretrained: /home/team/zhaohongwei/pretrained_models/open_clip_pytorch_model_laion400m_e32.bin
2026-08-10 16:04:15,072 [trainer.py] => device: [device(type='cuda', index=0)]
2026-08-10 16:04:15,073 [trainer.py] => seed: 42
2026-08-10 16:04:15,073 [trainer.py] => tuned_epoch: 20
2026-08-10 16:04:15,073 [trainer.py] => init_lr: 0.01
2026-08-10 16:04:15,073 [trainer.py] => batch_size: 48
2026-08-10 16:04:15,073 [trainer.py] => weight_decay: 0.0005
2026-08-10 16:04:15,073 [trainer.py] => min_lr: 0.0
2026-08-10 16:04:15,073 [trainer.py] => ffn_num: 64
2026-08-10 16:04:15,073 [trainer.py] => optimizer: sgd
2026-08-10 16:04:15,073 [trainer.py] => num_workers: 8
2026-08-10 16:04:15,073 [trainer.py] => use_RP: True
2026-08-10 16:04:15,073 [trainer.py] => M: 10000
2026-08-10 16:04:15,073 [trainer.py] => ridge_sample_size: 1024
2026-08-10 16:04:15,073 [trainer.py] => total_class_num: 100
2026-08-10 16:04:15,179 [data_manager.py] => [83, 53, 70, 45, 44, 39, 22, 80, 10, 0, 18, 30, 73, 33, 90, 4, 76, 77, 12, 31, 55, 88, 26, 42, 69, 15, 40, 96, 9, 72, 11, 47, 85, 28, 93, 5, 66, 65, 35, 16, 49, 34, 7, 95, 27, 19, 81, 25, 62, 13, 24, 3, 17, 38, 8, 78, 6, 64, 36, 89, 56, 99, 54, 43, 50, 67, 46, 68, 61, 97, 79, 41, 58, 48, 98, 57, 75, 32, 94, 59, 63, 84, 37, 29, 1, 52, 21, 2, 23, 87, 91, 74, 86, 82, 20, 60, 71, 14, 92, 51]
2026-08-10 16:04:16,597 [instantiator.py] => Created a temporary directory at /tmp/tmpx4xup1fh
2026-08-10 16:04:16,598 [instantiator.py] => Writing /tmp/tmpx4xup1fh/_remote_module_non_scriptable.py
2026-08-10 16:04:16,746 [factory.py] => Loaded ViT-B-16 model config.
2026-08-10 16:04:18,203 [factory.py] => Loading pretrained ViT-B-16 weights (/home/team/zhaohongwei/pretrained_models/open_clip_pytorch_model_laion400m_e32.bin).
2026-08-10 16:04:20,261 [ranpac.py] => Learning on 0-10
2026-08-10 16:04:20,264 [ranpac.py] => RanPAC first-session trainable parameters: 1194752
2026-08-10 16:05:27,408 [ranpac.py] => Initialized RanPAC random projection: 512 -> 10000
2026-08-10 16:05:29,344 [ranpac.py] => RanPAC ridge parameter: 10000
2026-08-10 16:05:31,413 [trainer.py] => CNN: {'total': 97.51, '00-09': 97.51, 'old': 0, 'new': 97.51, 'harmonic': 0.0}
2026-08-10 16:05:31,413 [trainer.py] => CNN top1 curve: [97.51]
2026-08-10 16:05:31,413 [trainer.py] => CNN top5 curve: [100.0]
2026-08-10 16:05:31,413 [trainer.py] => Average Accuracy (CNN top1): 97.51
2026-08-10 16:05:31,417 [ranpac.py] => Learning on 10-20
2026-08-10 16:05:33,792 [ranpac.py] => RanPAC ridge parameter: 1000
2026-08-10 16:05:36,669 [trainer.py] => CNN: {'total': 97.8, '00-09': 97.51, '10-19': 98.08, 'old': 97.51, 'new': 98.08, 'harmonic': 97.79}
2026-08-10 16:05:36,669 [trainer.py] => CNN top1 curve: [97.51, 97.8]
2026-08-10 16:05:36,669 [trainer.py] => CNN top5 curve: [100.0, 99.88]
2026-08-10 16:05:36,669 [trainer.py] => Average Accuracy (CNN top1): 97.655
2026-08-10 16:05:36,675 [ranpac.py] => Learning on 20-30
2026-08-10 16:05:38,927 [ranpac.py] => RanPAC ridge parameter: 10000
2026-08-10 16:05:42,833 [trainer.py] => CNN: {'total': 95.2, '00-09': 95.51, '10-19': 97.36, '20-29': 92.58, 'old': 96.45, 'new': 92.58, 'harmonic': 94.48}
2026-08-10 16:05:42,833 [trainer.py] => CNN top1 curve: [97.51, 97.8, 95.2]
2026-08-10 16:05:42,833 [trainer.py] => CNN top5 curve: [100.0, 99.88, 99.92]
2026-08-10 16:05:42,834 [trainer.py] => Average Accuracy (CNN top1): 96.83666666666666
2026-08-10 16:05:42,846 [ranpac.py] => Learning on 30-40
2026-08-10 16:05:44,893 [ranpac.py] => RanPAC ridge parameter: 10000
2026-08-10 16:05:50,096 [trainer.py] => CNN: {'total': 95.56, '00-09': 95.26, '10-19': 95.19, '20-29': 93.35, '30-39': 98.31, 'old': 94.62, 'new': 98.31, 'harmonic': 96.43}
2026-08-10 16:05:50,096 [trainer.py] => CNN top1 curve: [97.51, 97.8, 95.2, 95.56]
2026-08-10 16:05:50,096 [trainer.py] => CNN top5 curve: [100.0, 99.88, 99.92, 99.75]
2026-08-10 16:05:50,096 [trainer.py] => Average Accuracy (CNN top1): 96.5175
2026-08-10 16:05:50,107 [ranpac.py] => Learning on 40-50
2026-08-10 16:05:52,593 [ranpac.py] => RanPAC ridge parameter: 100000
2026-08-10 16:05:58,876 [trainer.py] => CNN: {'total': 94.25, '00-09': 95.01, '10-19': 95.91, '20-29': 92.07, '30-39': 96.87, '40-49': 91.26, 'old': 95.01, 'new': 91.26, 'harmonic': 93.1}
2026-08-10 16:05:58,877 [trainer.py] => CNN top1 curve: [97.51, 97.8, 95.2, 95.56, 94.25]
2026-08-10 16:05:58,877 [trainer.py] => CNN top5 curve: [100.0, 99.88, 99.92, 99.75, 99.8]
2026-08-10 16:05:58,877 [trainer.py] => Average Accuracy (CNN top1): 96.064
2026-08-10 16:05:58,894 [ranpac.py] => Learning on 50-60
2026-08-10 16:06:01,001 [ranpac.py] => RanPAC ridge parameter: 1000
2026-08-10 16:06:08,486 [trainer.py] => CNN: {'total': 92.08, '00-09': 93.27, '10-19': 93.99, '20-29': 92.07, '30-39': 92.53, '40-49': 90.05, '50-59': 90.62, 'old': 92.38, 'new': 90.62, 'harmonic': 91.49}
2026-08-10 16:06:08,487 [trainer.py] => CNN top1 curve: [97.51, 97.8, 95.2, 95.56, 94.25, 92.08]
2026-08-10 16:06:08,487 [trainer.py] => CNN top5 curve: [100.0, 99.88, 99.92, 99.75, 99.8, 98.82]
2026-08-10 16:06:08,487 [trainer.py] => Average Accuracy (CNN top1): 95.39999999999999
2026-08-10 16:06:08,497 [ranpac.py] => Learning on 60-70
2026-08-10 16:06:10,693 [ranpac.py] => RanPAC ridge parameter: 100000
2026-08-10 16:06:19,667 [trainer.py] => CNN: {'total': 92.45, '00-09': 93.77, '10-19': 95.43, '20-29': 93.09, '30-39': 92.05, '40-49': 90.05, '50-59': 90.14, '60-69': 92.68, 'old': 92.41, 'new': 92.68, 'harmonic': 92.54}
2026-08-10 16:06:19,667 [trainer.py] => CNN top1 curve: [97.51, 97.8, 95.2, 95.56, 94.25, 92.08, 92.45]
2026-08-10 16:06:19,667 [trainer.py] => CNN top5 curve: [100.0, 99.88, 99.92, 99.75, 99.8, 98.82, 99.69]
2026-08-10 16:06:19,667 [trainer.py] => Average Accuracy (CNN top1): 94.97857142857143
2026-08-10 16:06:19,694 [ranpac.py] => Learning on 70-80
2026-08-10 16:06:22,103 [ranpac.py] => RanPAC ridge parameter: 10000
2026-08-10 16:06:32,312 [trainer.py] => CNN: {'total': 91.82, '00-09': 93.77, '10-19': 94.95, '20-29': 89.77, '30-39': 92.53, '40-49': 88.83, '50-59': 90.87, '60-69': 90.49, '70-79': 93.35, 'old': 91.61, 'new': 93.35, 'harmonic': 92.47}
2026-08-10 16:06:32,312 [trainer.py] => CNN top1 curve: [97.51, 97.8, 95.2, 95.56, 94.25, 92.08, 92.45, 91.82]
2026-08-10 16:06:32,313 [trainer.py] => CNN top5 curve: [100.0, 99.88, 99.92, 99.75, 99.8, 98.82, 99.69, 99.17]
2026-08-10 16:06:32,313 [trainer.py] => Average Accuracy (CNN top1): 94.58375000000001
2026-08-10 16:06:32,337 [ranpac.py] => Learning on 80-90
2026-08-10 16:06:34,756 [ranpac.py] => RanPAC ridge parameter: 10000
2026-08-10 16:06:46,019 [trainer.py] => CNN: {'total': 91.14, '00-09': 90.77, '10-19': 94.71, '20-29': 90.03, '30-39': 92.53, '40-49': 88.35, '50-59': 90.38, '60-69': 90.24, '70-79': 92.84, '80-89': 90.35, 'old': 91.24, 'new': 90.35, 'harmonic': 90.79}
2026-08-10 16:06:46,019 [trainer.py] => CNN top1 curve: [97.51, 97.8, 95.2, 95.56, 94.25, 92.08, 92.45, 91.82, 91.14]
2026-08-10 16:06:46,019 [trainer.py] => CNN top5 curve: [100.0, 99.88, 99.92, 99.75, 99.8, 98.82, 99.69, 99.17, 98.96]
2026-08-10 16:06:46,019 [trainer.py] => Average Accuracy (CNN top1): 94.20111111111112
2026-08-10 16:06:46,034 [ranpac.py] => Learning on 90-100
2026-08-10 16:06:48,634 [ranpac.py] => RanPAC ridge parameter: 10000
2026-08-10 16:07:01,199 [trainer.py] => CNN: {'total': 90.23, '00-09': 87.53, '10-19': 94.23, '20-29': 90.03, '30-39': 91.08, '40-49': 88.11, '50-59': 89.66, '60-69': 90.24, '70-79': 88.75, '80-89': 89.11, '90-99': 93.21, 'old': 89.88, 'new': 93.21, 'harmonic': 91.51}
2026-08-10 16:07:01,200 [trainer.py] => CNN top1 curve: [97.51, 97.8, 95.2, 95.56, 94.25, 92.08, 92.45, 91.82, 91.14, 90.23]
2026-08-10 16:07:01,200 [trainer.py] => CNN top5 curve: [100.0, 99.88, 99.92, 99.75, 99.8, 98.82, 99.69, 99.17, 98.96, 99.09]
2026-08-10 16:07:01,200 [trainer.py] => Average Accuracy (CNN top1): 93.804
