2026-08-10 16:13:15,554 [trainer.py] => config: /home/team/zhaohongwei/Code/Research/Awesome-MMCL/configs/ranpac/ranpac_cifar_B0_Inc10.json
2026-08-10 16:13:15,554 [trainer.py] => prefix: -
2026-08-10 16:13:15,554 [trainer.py] => dataset: cifar224
2026-08-10 16:13:15,554 [trainer.py] => memory_size: 0
2026-08-10 16:13:15,554 [trainer.py] => memory_per_class: 0
2026-08-10 16:13:15,554 [trainer.py] => fixed_memory: False
2026-08-10 16:13:15,554 [trainer.py] => shuffle: True
2026-08-10 16:13:15,554 [trainer.py] => init_cls: 10
2026-08-10 16:13:15,554 [trainer.py] => increment: 10
2026-08-10 16:13:15,555 [trainer.py] => model_name: ranpac
2026-08-10 16:13:15,555 [trainer.py] => backbone_type: clip
2026-08-10 16:13:15,555 [trainer.py] => clip_pretrained: /home/team/zhaohongwei/pretrained_models/open_clip_pytorch_model_laion400m_e32.bin
2026-08-10 16:13:15,555 [trainer.py] => device: [device(type='cuda', index=0)]
2026-08-10 16:13:15,555 [trainer.py] => seed: 42
2026-08-10 16:13:15,555 [trainer.py] => tuned_epoch: 20
2026-08-10 16:13:15,555 [trainer.py] => init_lr: 0.01
2026-08-10 16:13:15,555 [trainer.py] => batch_size: 48
2026-08-10 16:13:15,555 [trainer.py] => weight_decay: 0.0005
2026-08-10 16:13:15,555 [trainer.py] => min_lr: 0.0
2026-08-10 16:13:15,555 [trainer.py] => ffn_num: 64
2026-08-10 16:13:15,555 [trainer.py] => optimizer: sgd
2026-08-10 16:13:15,555 [trainer.py] => num_workers: 8
2026-08-10 16:13:15,555 [trainer.py] => use_RP: True
2026-08-10 16:13:15,555 [trainer.py] => M: 10000
2026-08-10 16:13:15,555 [trainer.py] => ridge_sample_size: 1024
2026-08-10 16:13:15,555 [trainer.py] => total_class_num: 100
2026-08-10 16:13:16,653 [data_manager.py] => [83, 53, 70, 45, 44, 39, 22, 80, 10, 0, 18, 30, 73, 33, 90, 4, 76, 77, 12, 31, 55, 88, 26, 42, 69, 15, 40, 96, 9, 72, 11, 47, 85, 28, 93, 5, 66, 65, 35, 16, 49, 34, 7, 95, 27, 19, 81, 25, 62, 13, 24, 3, 17, 38, 8, 78, 6, 64, 36, 89, 56, 99, 54, 43, 50, 67, 46, 68, 61, 97, 79, 41, 58, 48, 98, 57, 75, 32, 94, 59, 63, 84, 37, 29, 1, 52, 21, 2, 23, 87, 91, 74, 86, 82, 20, 60, 71, 14, 92, 51]
2026-08-10 16:13:18,097 [instantiator.py] => Created a temporary directory at /tmp/tmp39z1l4e4
2026-08-10 16:13:18,097 [instantiator.py] => Writing /tmp/tmp39z1l4e4/_remote_module_non_scriptable.py
2026-08-10 16:13:18,229 [factory.py] => Loaded ViT-B-16 model config.
2026-08-10 16:13:19,692 [factory.py] => Loading pretrained ViT-B-16 weights (/home/team/zhaohongwei/pretrained_models/open_clip_pytorch_model_laion400m_e32.bin).
2026-08-10 16:13:21,599 [ranpac.py] => Learning on 0-10
2026-08-10 16:13:21,623 [ranpac.py] => RanPAC first-session trainable parameters: 1194752
2026-08-10 16:24:44,243 [ranpac.py] => Initialized RanPAC random projection: 512 -> 10000
2026-08-10 16:24:59,591 [ranpac.py] => RanPAC ridge parameter: 100000
2026-08-10 16:25:02,970 [trainer.py] => CNN: {'total': 95.7, '00-09': 95.7, 'old': 0, 'new': 95.7, 'harmonic': 0.0}
2026-08-10 16:25:02,970 [trainer.py] => CNN top1 curve: [95.7]
2026-08-10 16:25:02,970 [trainer.py] => CNN top5 curve: [99.9]
2026-08-10 16:25:02,970 [trainer.py] => Average Accuracy (CNN top1): 95.7
2026-08-10 16:25:02,976 [ranpac.py] => Learning on 10-20
2026-08-10 16:25:18,448 [ranpac.py] => RanPAC ridge parameter: 10000
2026-08-10 16:25:24,866 [trainer.py] => CNN: {'total': 94.15, '00-09': 94.9, '10-19': 93.4, 'old': 94.9, 'new': 93.4, 'harmonic': 94.14}
2026-08-10 16:25:24,866 [trainer.py] => CNN top1 curve: [95.7, 94.15]
2026-08-10 16:25:24,866 [trainer.py] => CNN top5 curve: [99.9, 99.4]
2026-08-10 16:25:24,866 [trainer.py] => Average Accuracy (CNN top1): 94.92500000000001
2026-08-10 16:25:24,874 [ranpac.py] => Learning on 20-30
2026-08-10 16:25:40,378 [ranpac.py] => RanPAC ridge parameter: 100000
2026-08-10 16:25:49,678 [trainer.py] => CNN: {'total': 89.57, '00-09': 92.7, '10-19': 89.9, '20-29': 86.1, 'old': 91.3, 'new': 86.1, 'harmonic': 88.62}
2026-08-10 16:25:49,679 [trainer.py] => CNN top1 curve: [95.7, 94.15, 89.57]
2026-08-10 16:25:49,679 [trainer.py] => CNN top5 curve: [99.9, 99.4, 99.1]
2026-08-10 16:25:49,679 [trainer.py] => Average Accuracy (CNN top1): 93.14
2026-08-10 16:25:49,694 [ranpac.py] => Learning on 30-40
2026-08-10 16:26:05,191 [ranpac.py] => RanPAC ridge parameter: 100000
2026-08-10 16:26:17,626 [trainer.py] => CNN: {'total': 88.72, '00-09': 91.1, '10-19': 88.9, '20-29': 82.7, '30-39': 92.2, 'old': 87.57, 'new': 92.2, 'harmonic': 89.83}
2026-08-10 16:26:17,626 [trainer.py] => CNN top1 curve: [95.7, 94.15, 89.57, 88.72]
2026-08-10 16:26:17,627 [trainer.py] => CNN top5 curve: [99.9, 99.4, 99.1, 98.75]
2026-08-10 16:26:17,627 [trainer.py] => Average Accuracy (CNN top1): 92.035
2026-08-10 16:26:17,642 [ranpac.py] => Learning on 40-50
2026-08-10 16:26:33,103 [ranpac.py] => RanPAC ridge parameter: 100000
2026-08-10 16:26:48,440 [trainer.py] => CNN: {'total': 87.3, '00-09': 90.0, '10-19': 85.6, '20-29': 81.8, '30-39': 91.8, '40-49': 87.3, 'old': 87.3, 'new': 87.3, 'harmonic': 87.3}
2026-08-10 16:26:48,441 [trainer.py] => CNN top1 curve: [95.7, 94.15, 89.57, 88.72, 87.3]
2026-08-10 16:26:48,441 [trainer.py] => CNN top5 curve: [99.9, 99.4, 99.1, 98.75, 98.4]
2026-08-10 16:26:48,441 [trainer.py] => Average Accuracy (CNN top1): 91.088
2026-08-10 16:26:48,456 [ranpac.py] => Learning on 50-60
2026-08-10 16:27:03,938 [ranpac.py] => RanPAC ridge parameter: 10000
2026-08-10 16:27:22,763 [trainer.py] => CNN: {'total': 87.65, '00-09': 89.1, '10-19': 86.4, '20-29': 82.1, '30-39': 90.3, '40-49': 86.6, '50-59': 91.4, 'old': 86.9, 'new': 91.4, 'harmonic': 89.09}
2026-08-10 16:27:22,763 [trainer.py] => CNN top1 curve: [95.7, 94.15, 89.57, 88.72, 87.3, 87.65]
2026-08-10 16:27:22,763 [trainer.py] => CNN top5 curve: [99.9, 99.4, 99.1, 98.75, 98.4, 97.95]
2026-08-10 16:27:22,763 [trainer.py] => Average Accuracy (CNN top1): 90.515
2026-08-10 16:27:22,780 [ranpac.py] => Learning on 60-70
2026-08-10 16:27:38,591 [ranpac.py] => RanPAC ridge parameter: 10000
2026-08-10 16:28:00,068 [trainer.py] => CNN: {'total': 86.54, '00-09': 87.8, '10-19': 84.1, '20-29': 80.8, '30-39': 88.8, '40-49': 85.3, '50-59': 89.6, '60-69': 89.4, 'old': 86.07, 'new': 89.4, 'harmonic': 87.7}
2026-08-10 16:28:00,068 [trainer.py] => CNN top1 curve: [95.7, 94.15, 89.57, 88.72, 87.3, 87.65, 86.54]
2026-08-10 16:28:00,068 [trainer.py] => CNN top5 curve: [99.9, 99.4, 99.1, 98.75, 98.4, 97.95, 97.71]
2026-08-10 16:28:00,068 [trainer.py] => Average Accuracy (CNN top1): 89.94714285714285
2026-08-10 16:28:00,081 [ranpac.py] => Learning on 70-80
2026-08-10 16:28:15,744 [ranpac.py] => RanPAC ridge parameter: 10000
2026-08-10 16:28:40,249 [trainer.py] => CNN: {'total': 86.35, '00-09': 87.4, '10-19': 84.0, '20-29': 80.6, '30-39': 88.2, '40-49': 83.6, '50-59': 88.5, '60-69': 88.4, '70-79': 90.1, 'old': 85.81, 'new': 90.1, 'harmonic': 87.9}
2026-08-10 16:28:40,250 [trainer.py] => CNN top1 curve: [95.7, 94.15, 89.57, 88.72, 87.3, 87.65, 86.54, 86.35]
2026-08-10 16:28:40,250 [trainer.py] => CNN top5 curve: [99.9, 99.4, 99.1, 98.75, 98.4, 97.95, 97.71, 97.7]
2026-08-10 16:28:40,250 [trainer.py] => Average Accuracy (CNN top1): 89.4975
2026-08-10 16:28:40,266 [ranpac.py] => Learning on 80-90
2026-08-10 16:28:56,059 [ranpac.py] => RanPAC ridge parameter: 10000
2026-08-10 16:29:23,673 [trainer.py] => CNN: {'total': 85.26, '00-09': 86.5, '10-19': 83.3, '20-29': 78.8, '30-39': 83.7, '40-49': 83.1, '50-59': 87.5, '60-69': 88.1, '70-79': 88.5, '80-89': 87.8, 'old': 84.94, 'new': 87.8, 'harmonic': 86.35}
2026-08-10 16:29:23,673 [trainer.py] => CNN top1 curve: [95.7, 94.15, 89.57, 88.72, 87.3, 87.65, 86.54, 86.35, 85.26]
2026-08-10 16:29:23,673 [trainer.py] => CNN top5 curve: [99.9, 99.4, 99.1, 98.75, 98.4, 97.95, 97.71, 97.7, 97.42]
2026-08-10 16:29:23,673 [trainer.py] => Average Accuracy (CNN top1): 89.02666666666667
2026-08-10 16:29:23,692 [ranpac.py] => Learning on 90-100
2026-08-10 16:29:39,449 [ranpac.py] => RanPAC ridge parameter: 100000
2026-08-10 16:30:10,945 [trainer.py] => CNN: {'total': 84.05, '00-09': 86.2, '10-19': 80.5, '20-29': 77.1, '30-39': 82.9, '40-49': 80.7, '50-59': 86.9, '60-69': 85.4, '70-79': 87.9, '80-89': 86.1, '90-99': 86.8, 'old': 83.74, 'new': 86.8, 'harmonic': 85.24}
2026-08-10 16:30:10,945 [trainer.py] => CNN top1 curve: [95.7, 94.15, 89.57, 88.72, 87.3, 87.65, 86.54, 86.35, 85.26, 84.05]
2026-08-10 16:30:10,945 [trainer.py] => CNN top5 curve: [99.9, 99.4, 99.1, 98.75, 98.4, 97.95, 97.71, 97.7, 97.42, 97.37]
2026-08-10 16:30:10,946 [trainer.py] => Average Accuracy (CNN top1): 88.529
