2026-08-10 16:14:08,992 [trainer.py] => config: /home/team/zhaohongwei/Code/Research/Awesome-MMCL/configs/ranpac/ranpac_cifar_B0_Inc10.json
2026-08-10 16:14:08,993 [trainer.py] => prefix: -
2026-08-10 16:14:08,993 [trainer.py] => dataset: cifar224
2026-08-10 16:14:08,993 [trainer.py] => memory_size: 0
2026-08-10 16:14:08,993 [trainer.py] => memory_per_class: 0
2026-08-10 16:14:08,993 [trainer.py] => fixed_memory: False
2026-08-10 16:14:08,993 [trainer.py] => shuffle: True
2026-08-10 16:14:08,993 [trainer.py] => init_cls: 10
2026-08-10 16:14:08,993 [trainer.py] => increment: 10
2026-08-10 16:14:08,993 [trainer.py] => model_name: ranpac
2026-08-10 16:14:08,993 [trainer.py] => backbone_type: clip
2026-08-10 16:14:08,993 [trainer.py] => clip_pretrained: /home/team/zhaohongwei/pretrained_models/open_clip_pytorch_model_laion400m_e32.bin
2026-08-10 16:14:08,993 [trainer.py] => device: [device(type='cuda', index=0)]
2026-08-10 16:14:08,993 [trainer.py] => seed: 0
2026-08-10 16:14:08,993 [trainer.py] => tuned_epoch: 20
2026-08-10 16:14:08,993 [trainer.py] => init_lr: 0.01
2026-08-10 16:14:08,993 [trainer.py] => batch_size: 48
2026-08-10 16:14:08,993 [trainer.py] => weight_decay: 0.0005
2026-08-10 16:14:08,993 [trainer.py] => min_lr: 0.0
2026-08-10 16:14:08,993 [trainer.py] => ffn_num: 64
2026-08-10 16:14:08,993 [trainer.py] => optimizer: sgd
2026-08-10 16:14:08,993 [trainer.py] => num_workers: 8
2026-08-10 16:14:08,993 [trainer.py] => use_RP: True
2026-08-10 16:14:08,993 [trainer.py] => M: 10000
2026-08-10 16:14:08,993 [trainer.py] => ridge_sample_size: 1024
2026-08-10 16:14:08,993 [trainer.py] => total_class_num: 100
2026-08-10 16:14:10,073 [data_manager.py] => [26, 86, 2, 55, 75, 93, 16, 73, 54, 95, 53, 92, 78, 13, 7, 30, 22, 24, 33, 8, 43, 62, 3, 71, 45, 48, 6, 99, 82, 76, 60, 80, 90, 68, 51, 27, 18, 56, 63, 74, 1, 61, 42, 41, 4, 15, 17, 40, 38, 5, 91, 59, 0, 34, 28, 50, 11, 35, 23, 52, 10, 31, 66, 57, 79, 85, 32, 84, 14, 89, 19, 29, 49, 97, 98, 69, 20, 94, 72, 77, 25, 37, 81, 46, 39, 65, 58, 12, 88, 70, 87, 36, 21, 83, 9, 96, 67, 64, 47, 44]
2026-08-10 16:14:11,454 [instantiator.py] => Created a temporary directory at /tmp/tmp11ulbyy9
2026-08-10 16:14:11,455 [instantiator.py] => Writing /tmp/tmp11ulbyy9/_remote_module_non_scriptable.py
2026-08-10 16:14:11,588 [factory.py] => Loaded ViT-B-16 model config.
2026-08-10 16:14:13,009 [factory.py] => Loading pretrained ViT-B-16 weights (/home/team/zhaohongwei/pretrained_models/open_clip_pytorch_model_laion400m_e32.bin).
2026-08-10 16:14:14,450 [ranpac.py] => Learning on 0-10
2026-08-10 16:14:14,473 [ranpac.py] => RanPAC first-session trainable parameters: 1194752
2026-08-10 16:26:00,319 [ranpac.py] => Initialized RanPAC random projection: 512 -> 10000
2026-08-10 16:26:16,923 [ranpac.py] => RanPAC ridge parameter: 100000
2026-08-10 16:26:20,799 [trainer.py] => CNN: {'total': 95.6, '00-09': 95.6, 'old': 0, 'new': 95.6, 'harmonic': 0.0}
2026-08-10 16:26:20,799 [trainer.py] => CNN top1 curve: [95.6]
2026-08-10 16:26:20,800 [trainer.py] => CNN top5 curve: [100.0]
2026-08-10 16:26:20,800 [trainer.py] => Average Accuracy (CNN top1): 95.6
2026-08-10 16:26:20,810 [ranpac.py] => Learning on 10-20
2026-08-10 16:26:37,185 [ranpac.py] => RanPAC ridge parameter: 10000
2026-08-10 16:26:44,555 [trainer.py] => CNN: {'total': 93.9, '00-09': 93.7, '10-19': 94.1, 'old': 93.7, 'new': 94.1, 'harmonic': 93.9}
2026-08-10 16:26:44,555 [trainer.py] => CNN top1 curve: [95.6, 93.9]
2026-08-10 16:26:44,555 [trainer.py] => CNN top5 curve: [100.0, 99.35]
2026-08-10 16:26:44,556 [trainer.py] => Average Accuracy (CNN top1): 94.75
2026-08-10 16:26:44,566 [ranpac.py] => Learning on 20-30
2026-08-10 16:27:00,812 [ranpac.py] => RanPAC ridge parameter: 10000
2026-08-10 16:27:11,195 [trainer.py] => CNN: {'total': 92.13, '00-09': 92.2, '10-19': 91.5, '20-29': 92.7, 'old': 91.85, 'new': 92.7, 'harmonic': 92.27}
2026-08-10 16:27:11,196 [trainer.py] => CNN top1 curve: [95.6, 93.9, 92.13]
2026-08-10 16:27:11,196 [trainer.py] => CNN top5 curve: [100.0, 99.35, 98.87]
2026-08-10 16:27:11,196 [trainer.py] => Average Accuracy (CNN top1): 93.87666666666667
2026-08-10 16:27:11,210 [ranpac.py] => Learning on 30-40
2026-08-10 16:27:27,451 [ranpac.py] => RanPAC ridge parameter: 100000
2026-08-10 16:27:40,281 [trainer.py] => CNN: {'total': 90.05, '00-09': 91.3, '10-19': 89.4, '20-29': 92.0, '30-39': 87.5, 'old': 90.9, 'new': 87.5, 'harmonic': 89.17}
2026-08-10 16:27:40,282 [trainer.py] => CNN top1 curve: [95.6, 93.9, 92.13, 90.05]
2026-08-10 16:27:40,282 [trainer.py] => CNN top5 curve: [100.0, 99.35, 98.87, 99.0]
2026-08-10 16:27:40,282 [trainer.py] => Average Accuracy (CNN top1): 92.92
2026-08-10 16:27:40,310 [ranpac.py] => Learning on 40-50
2026-08-10 16:27:56,888 [ranpac.py] => RanPAC ridge parameter: 100000
2026-08-10 16:28:12,887 [trainer.py] => CNN: {'total': 89.48, '00-09': 89.9, '10-19': 88.6, '20-29': 91.3, '30-39': 86.1, '40-49': 91.5, 'old': 88.98, 'new': 91.5, 'harmonic': 90.22}
2026-08-10 16:28:12,887 [trainer.py] => CNN top1 curve: [95.6, 93.9, 92.13, 90.05, 89.48]
2026-08-10 16:28:12,887 [trainer.py] => CNN top5 curve: [100.0, 99.35, 98.87, 99.0, 98.72]
2026-08-10 16:28:12,887 [trainer.py] => Average Accuracy (CNN top1): 92.232
2026-08-10 16:28:12,898 [ranpac.py] => Learning on 50-60
2026-08-10 16:28:29,359 [ranpac.py] => RanPAC ridge parameter: 100000
2026-08-10 16:28:48,532 [trainer.py] => CNN: {'total': 87.95, '00-09': 88.1, '10-19': 88.0, '20-29': 91.5, '30-39': 83.7, '40-49': 89.9, '50-59': 86.5, 'old': 88.24, 'new': 86.5, 'harmonic': 87.36}
2026-08-10 16:28:48,532 [trainer.py] => CNN top1 curve: [95.6, 93.9, 92.13, 90.05, 89.48, 87.95]
2026-08-10 16:28:48,532 [trainer.py] => CNN top5 curve: [100.0, 99.35, 98.87, 99.0, 98.72, 98.43]
2026-08-10 16:28:48,532 [trainer.py] => Average Accuracy (CNN top1): 91.51833333333333
2026-08-10 16:28:48,538 [ranpac.py] => Learning on 60-70
2026-08-10 16:29:05,028 [ranpac.py] => RanPAC ridge parameter: 10000
2026-08-10 16:29:28,008 [trainer.py] => CNN: {'total': 88.29, '00-09': 88.4, '10-19': 88.0, '20-29': 91.3, '30-39': 84.6, '40-49': 90.2, '50-59': 86.1, '60-69': 89.4, 'old': 88.1, 'new': 89.4, 'harmonic': 88.75}
2026-08-10 16:29:28,009 [trainer.py] => CNN top1 curve: [95.6, 93.9, 92.13, 90.05, 89.48, 87.95, 88.29]
2026-08-10 16:29:28,009 [trainer.py] => CNN top5 curve: [100.0, 99.35, 98.87, 99.0, 98.72, 98.43, 97.84]
2026-08-10 16:29:28,009 [trainer.py] => Average Accuracy (CNN top1): 91.05714285714285
2026-08-10 16:29:28,023 [ranpac.py] => Learning on 70-80
2026-08-10 16:29:44,455 [ranpac.py] => RanPAC ridge parameter: 10000
2026-08-10 16:30:10,279 [trainer.py] => CNN: {'total': 87.2, '00-09': 86.6, '10-19': 87.4, '20-29': 90.7, '30-39': 83.4, '40-49': 89.0, '50-59': 84.2, '60-69': 87.8, '70-79': 88.5, 'old': 87.01, 'new': 88.5, 'harmonic': 87.75}
2026-08-10 16:30:10,279 [trainer.py] => CNN top1 curve: [95.6, 93.9, 92.13, 90.05, 89.48, 87.95, 88.29, 87.2]
2026-08-10 16:30:10,279 [trainer.py] => CNN top5 curve: [100.0, 99.35, 98.87, 99.0, 98.72, 98.43, 97.84, 97.59]
2026-08-10 16:30:10,280 [trainer.py] => Average Accuracy (CNN top1): 90.575
2026-08-10 16:30:10,298 [ranpac.py] => Learning on 80-90
2026-08-10 16:30:26,727 [ranpac.py] => RanPAC ridge parameter: 10000
2026-08-10 16:30:55,292 [trainer.py] => CNN: {'total': 86.32, '00-09': 86.4, '10-19': 85.0, '20-29': 90.1, '30-39': 83.1, '40-49': 87.2, '50-59': 83.3, '60-69': 86.9, '70-79': 87.7, '80-89': 87.2, 'old': 86.21, 'new': 87.2, 'harmonic': 86.7}
2026-08-10 16:30:55,293 [trainer.py] => CNN top1 curve: [95.6, 93.9, 92.13, 90.05, 89.48, 87.95, 88.29, 87.2, 86.32]
2026-08-10 16:30:55,293 [trainer.py] => CNN top5 curve: [100.0, 99.35, 98.87, 99.0, 98.72, 98.43, 97.84, 97.59, 97.56]
2026-08-10 16:30:55,293 [trainer.py] => Average Accuracy (CNN top1): 90.10222222222222
2026-08-10 16:30:55,310 [ranpac.py] => Learning on 90-100
2026-08-10 16:31:11,698 [ranpac.py] => RanPAC ridge parameter: 100000
2026-08-10 16:31:43,460 [trainer.py] => CNN: {'total': 84.23, '00-09': 84.4, '10-19': 83.9, '20-29': 88.9, '30-39': 81.5, '40-49': 86.2, '50-59': 79.0, '60-69': 86.1, '70-79': 86.8, '80-89': 85.8, '90-99': 79.7, 'old': 84.73, 'new': 79.7, 'harmonic': 82.14}
2026-08-10 16:31:43,460 [trainer.py] => CNN top1 curve: [95.6, 93.9, 92.13, 90.05, 89.48, 87.95, 88.29, 87.2, 86.32, 84.23]
2026-08-10 16:31:43,460 [trainer.py] => CNN top5 curve: [100.0, 99.35, 98.87, 99.0, 98.72, 98.43, 97.84, 97.59, 97.56, 97.45]
2026-08-10 16:31:43,461 [trainer.py] => Average Accuracy (CNN top1): 89.51500000000001
