2026-08-10 16:31:46,333 [trainer.py] => config: /home/team/zhaohongwei/Code/Research/Awesome-MMCL/configs/ranpac/ranpac_cifar_B50_Inc10.json
2026-08-10 16:31:46,333 [trainer.py] => prefix: -
2026-08-10 16:31:46,333 [trainer.py] => dataset: cifar224
2026-08-10 16:31:46,333 [trainer.py] => memory_size: 0
2026-08-10 16:31:46,333 [trainer.py] => memory_per_class: 0
2026-08-10 16:31:46,333 [trainer.py] => fixed_memory: False
2026-08-10 16:31:46,333 [trainer.py] => shuffle: True
2026-08-10 16:31:46,333 [trainer.py] => init_cls: 50
2026-08-10 16:31:46,333 [trainer.py] => increment: 10
2026-08-10 16:31:46,333 [trainer.py] => model_name: ranpac
2026-08-10 16:31:46,333 [trainer.py] => backbone_type: clip
2026-08-10 16:31:46,333 [trainer.py] => clip_pretrained: /home/team/zhaohongwei/pretrained_models/open_clip_pytorch_model_laion400m_e32.bin
2026-08-10 16:31:46,333 [trainer.py] => device: [device(type='cuda', index=0)]
2026-08-10 16:31:46,333 [trainer.py] => seed: 0
2026-08-10 16:31:46,334 [trainer.py] => tuned_epoch: 20
2026-08-10 16:31:46,334 [trainer.py] => init_lr: 0.01
2026-08-10 16:31:46,334 [trainer.py] => batch_size: 48
2026-08-10 16:31:46,334 [trainer.py] => weight_decay: 0.0005
2026-08-10 16:31:46,334 [trainer.py] => min_lr: 0.0
2026-08-10 16:31:46,334 [trainer.py] => ffn_num: 64
2026-08-10 16:31:46,334 [trainer.py] => optimizer: sgd
2026-08-10 16:31:46,334 [trainer.py] => num_workers: 8
2026-08-10 16:31:46,334 [trainer.py] => use_RP: True
2026-08-10 16:31:46,334 [trainer.py] => M: 10000
2026-08-10 16:31:46,334 [trainer.py] => ridge_sample_size: 1024
2026-08-10 16:31:46,334 [trainer.py] => total_class_num: 100
2026-08-10 16:31:47,401 [data_manager.py] => [26, 86, 2, 55, 75, 93, 16, 73, 54, 95, 53, 92, 78, 13, 7, 30, 22, 24, 33, 8, 43, 62, 3, 71, 45, 48, 6, 99, 82, 76, 60, 80, 90, 68, 51, 27, 18, 56, 63, 74, 1, 61, 42, 41, 4, 15, 17, 40, 38, 5, 91, 59, 0, 34, 28, 50, 11, 35, 23, 52, 10, 31, 66, 57, 79, 85, 32, 84, 14, 89, 19, 29, 49, 97, 98, 69, 20, 94, 72, 77, 25, 37, 81, 46, 39, 65, 58, 12, 88, 70, 87, 36, 21, 83, 9, 96, 67, 64, 47, 44]
2026-08-10 16:31:48,746 [instantiator.py] => Created a temporary directory at /tmp/tmpc33rmy88
2026-08-10 16:31:48,746 [instantiator.py] => Writing /tmp/tmpc33rmy88/_remote_module_non_scriptable.py
2026-08-10 16:31:48,878 [factory.py] => Loaded ViT-B-16 model config.
2026-08-10 16:31:50,310 [factory.py] => Loading pretrained ViT-B-16 weights (/home/team/zhaohongwei/pretrained_models/open_clip_pytorch_model_laion400m_e32.bin).
2026-08-10 16:31:51,723 [ranpac.py] => Learning on 0-50
2026-08-10 16:31:51,829 [ranpac.py] => RanPAC first-session trainable parameters: 1215232
2026-08-10 17:30:11,944 [ranpac.py] => Initialized RanPAC random projection: 512 -> 10000
2026-08-10 17:31:32,021 [ranpac.py] => RanPAC ridge parameter: 10000
2026-08-10 17:31:48,381 [trainer.py] => CNN: {'total': 90.16, '00-09': 90.5, '10-19': 89.6, '20-29': 92.4, '30-39': 86.0, '40-49': 92.3, 'old': 0, 'new': 90.16, 'harmonic': 0.0}
2026-08-10 17:31:48,382 [trainer.py] => CNN top1 curve: [90.16]
2026-08-10 17:31:48,382 [trainer.py] => CNN top5 curve: [98.6]
2026-08-10 17:31:48,382 [trainer.py] => Average Accuracy (CNN top1): 90.16
2026-08-10 17:31:48,398 [ranpac.py] => Learning on 50-60
2026-08-10 17:32:04,789 [ranpac.py] => RanPAC ridge parameter: 10000
2026-08-10 17:32:24,442 [trainer.py] => CNN: {'total': 88.23, '00-09': 88.5, '10-19': 88.9, '20-29': 92.2, '30-39': 83.6, '40-49': 91.2, '50-59': 85.0, 'old': 88.88, 'new': 85.0, 'harmonic': 86.9}
2026-08-10 17:32:24,443 [trainer.py] => CNN top1 curve: [90.16, 88.23]
2026-08-10 17:32:24,443 [trainer.py] => CNN top5 curve: [98.6, 98.3]
2026-08-10 17:32:24,443 [trainer.py] => Average Accuracy (CNN top1): 89.195
2026-08-10 17:32:24,456 [ranpac.py] => Learning on 60-70
2026-08-10 17:32:40,642 [ranpac.py] => RanPAC ridge parameter: 10000
2026-08-10 17:33:03,171 [trainer.py] => CNN: {'total': 87.76, '00-09': 88.7, '10-19': 88.5, '20-29': 92.3, '30-39': 83.7, '40-49': 89.5, '50-59': 84.6, '60-69': 87.0, 'old': 87.88, 'new': 87.0, 'harmonic': 87.44}
2026-08-10 17:33:03,171 [trainer.py] => CNN top1 curve: [90.16, 88.23, 87.76]
2026-08-10 17:33:03,172 [trainer.py] => CNN top5 curve: [98.6, 98.3, 98.04]
2026-08-10 17:33:03,172 [trainer.py] => Average Accuracy (CNN top1): 88.71666666666665
2026-08-10 17:33:03,185 [ranpac.py] => Learning on 70-80
2026-08-10 17:33:19,572 [ranpac.py] => RanPAC ridge parameter: 10000
2026-08-10 17:33:45,678 [trainer.py] => CNN: {'total': 86.38, '00-09': 86.3, '10-19': 88.3, '20-29': 91.6, '30-39': 82.6, '40-49': 88.4, '50-59': 82.1, '60-69': 85.7, '70-79': 86.0, 'old': 86.43, 'new': 86.0, 'harmonic': 86.21}
2026-08-10 17:33:45,678 [trainer.py] => CNN top1 curve: [90.16, 88.23, 87.76, 86.38]
2026-08-10 17:33:45,678 [trainer.py] => CNN top5 curve: [98.6, 98.3, 98.04, 97.84]
2026-08-10 17:33:45,678 [trainer.py] => Average Accuracy (CNN top1): 88.1325
2026-08-10 17:33:45,698 [ranpac.py] => Learning on 80-90
2026-08-10 17:34:02,884 [ranpac.py] => RanPAC ridge parameter: 10000
2026-08-10 17:34:31,861 [trainer.py] => CNN: {'total': 85.48, '00-09': 86.1, '10-19': 86.1, '20-29': 91.0, '30-39': 82.4, '40-49': 86.7, '50-59': 81.4, '60-69': 84.9, '70-79': 86.0, '80-89': 84.7, 'old': 85.58, 'new': 84.7, 'harmonic': 85.14}
2026-08-10 17:34:31,862 [trainer.py] => CNN top1 curve: [90.16, 88.23, 87.76, 86.38, 85.48]
2026-08-10 17:34:31,862 [trainer.py] => CNN top5 curve: [98.6, 98.3, 98.04, 97.84, 97.74]
2026-08-10 17:34:31,862 [trainer.py] => Average Accuracy (CNN top1): 87.602
2026-08-10 17:34:31,879 [ranpac.py] => Learning on 90-100
2026-08-10 17:34:48,127 [ranpac.py] => RanPAC ridge parameter: 10000
2026-08-10 17:35:20,372 [trainer.py] => CNN: {'total': 83.87, '00-09': 85.5, '10-19': 84.7, '20-29': 90.1, '30-39': 82.0, '40-49': 86.4, '50-59': 78.2, '60-69': 84.5, '70-79': 85.3, '80-89': 84.5, '90-99': 77.5, 'old': 84.58, 'new': 77.5, 'harmonic': 80.89}
2026-08-10 17:35:20,372 [trainer.py] => CNN top1 curve: [90.16, 88.23, 87.76, 86.38, 85.48, 83.87]
2026-08-10 17:35:20,372 [trainer.py] => CNN top5 curve: [98.6, 98.3, 98.04, 97.84, 97.74, 97.5]
2026-08-10 17:35:20,372 [trainer.py] => Average Accuracy (CNN top1): 86.98
