2026-08-10 16:32:41,287 [trainer.py] => config: /home/team/zhaohongwei/Code/Research/Awesome-MMCL/configs/ranpac/ranpac_cifar_B50_Inc10.json
2026-08-10 16:32:41,287 [trainer.py] => prefix: -
2026-08-10 16:32:41,287 [trainer.py] => dataset: cifar224
2026-08-10 16:32:41,287 [trainer.py] => memory_size: 0
2026-08-10 16:32:41,287 [trainer.py] => memory_per_class: 0
2026-08-10 16:32:41,288 [trainer.py] => fixed_memory: False
2026-08-10 16:32:41,288 [trainer.py] => shuffle: True
2026-08-10 16:32:41,288 [trainer.py] => init_cls: 50
2026-08-10 16:32:41,288 [trainer.py] => increment: 10
2026-08-10 16:32:41,288 [trainer.py] => model_name: ranpac
2026-08-10 16:32:41,288 [trainer.py] => backbone_type: clip
2026-08-10 16:32:41,288 [trainer.py] => clip_pretrained: /home/team/zhaohongwei/pretrained_models/open_clip_pytorch_model_laion400m_e32.bin
2026-08-10 16:32:41,288 [trainer.py] => device: [device(type='cuda', index=0)]
2026-08-10 16:32:41,288 [trainer.py] => seed: 1993
2026-08-10 16:32:41,288 [trainer.py] => tuned_epoch: 20
2026-08-10 16:32:41,288 [trainer.py] => init_lr: 0.01
2026-08-10 16:32:41,288 [trainer.py] => batch_size: 48
2026-08-10 16:32:41,288 [trainer.py] => weight_decay: 0.0005
2026-08-10 16:32:41,288 [trainer.py] => min_lr: 0.0
2026-08-10 16:32:41,288 [trainer.py] => ffn_num: 64
2026-08-10 16:32:41,288 [trainer.py] => optimizer: sgd
2026-08-10 16:32:41,288 [trainer.py] => num_workers: 8
2026-08-10 16:32:41,288 [trainer.py] => use_RP: True
2026-08-10 16:32:41,288 [trainer.py] => M: 10000
2026-08-10 16:32:41,288 [trainer.py] => ridge_sample_size: 1024
2026-08-10 16:32:41,288 [trainer.py] => total_class_num: 100
2026-08-10 16:32:42,360 [data_manager.py] => [68, 56, 78, 8, 23, 84, 90, 65, 74, 76, 40, 89, 3, 92, 55, 9, 26, 80, 43, 38, 58, 70, 77, 1, 85, 19, 17, 50, 28, 53, 13, 81, 45, 82, 6, 59, 83, 16, 15, 44, 91, 41, 72, 60, 79, 52, 20, 10, 31, 54, 37, 95, 14, 71, 96, 98, 97, 2, 64, 66, 42, 22, 35, 86, 24, 34, 87, 21, 99, 0, 88, 27, 18, 94, 11, 12, 47, 25, 30, 46, 62, 69, 36, 61, 7, 63, 75, 5, 32, 4, 51, 48, 73, 93, 39, 67, 29, 49, 57, 33]
2026-08-10 16:32:43,667 [instantiator.py] => Created a temporary directory at /tmp/tmptv7nu96s
2026-08-10 16:32:43,668 [instantiator.py] => Writing /tmp/tmptv7nu96s/_remote_module_non_scriptable.py
2026-08-10 16:32:43,798 [factory.py] => Loaded ViT-B-16 model config.
2026-08-10 16:32:45,260 [factory.py] => Loading pretrained ViT-B-16 weights (/home/team/zhaohongwei/pretrained_models/open_clip_pytorch_model_laion400m_e32.bin).
2026-08-10 16:32:46,883 [ranpac.py] => Learning on 0-50
2026-08-10 16:32:46,989 [ranpac.py] => RanPAC first-session trainable parameters: 1215232
2026-08-10 17:33:26,491 [ranpac.py] => Initialized RanPAC random projection: 512 -> 10000
2026-08-10 17:34:43,961 [ranpac.py] => RanPAC ridge parameter: 10000
2026-08-10 17:34:59,835 [trainer.py] => CNN: {'total': 89.36, '00-09': 91.0, '10-19': 86.9, '20-29': 92.8, '30-39': 87.0, '40-49': 89.1, 'old': 0, 'new': 89.36, 'harmonic': 0.0}
2026-08-10 17:34:59,835 [trainer.py] => CNN top1 curve: [89.36]
2026-08-10 17:34:59,835 [trainer.py] => CNN top5 curve: [98.9]
2026-08-10 17:34:59,835 [trainer.py] => Average Accuracy (CNN top1): 89.36
2026-08-10 17:34:59,848 [ranpac.py] => Learning on 50-60
2026-08-10 17:35:15,745 [ranpac.py] => RanPAC ridge parameter: 10000
2026-08-10 17:35:34,460 [trainer.py] => CNN: {'total': 87.93, '00-09': 90.3, '10-19': 85.0, '20-29': 91.6, '30-39': 87.0, '40-49': 87.1, '50-59': 86.6, 'old': 88.2, 'new': 86.6, 'harmonic': 87.39}
2026-08-10 17:35:34,461 [trainer.py] => CNN top1 curve: [89.36, 87.93]
2026-08-10 17:35:34,461 [trainer.py] => CNN top5 curve: [98.9, 98.58]
2026-08-10 17:35:34,461 [trainer.py] => Average Accuracy (CNN top1): 88.64500000000001
2026-08-10 17:35:34,470 [ranpac.py] => Learning on 60-70
2026-08-10 17:35:50,269 [ranpac.py] => RanPAC ridge parameter: 10000
2026-08-10 17:36:12,132 [trainer.py] => CNN: {'total': 87.23, '00-09': 89.7, '10-19': 83.6, '20-29': 91.5, '30-39': 86.4, '40-49': 86.4, '50-59': 84.3, '60-69': 88.7, 'old': 86.98, 'new': 88.7, 'harmonic': 87.83}
2026-08-10 17:36:12,132 [trainer.py] => CNN top1 curve: [89.36, 87.93, 87.23]
2026-08-10 17:36:12,132 [trainer.py] => CNN top5 curve: [98.9, 98.58, 98.33]
2026-08-10 17:36:12,132 [trainer.py] => Average Accuracy (CNN top1): 88.17333333333335
2026-08-10 17:36:12,146 [ranpac.py] => Learning on 70-80
2026-08-10 17:36:28,076 [ranpac.py] => RanPAC ridge parameter: 10000
2026-08-10 17:36:52,917 [trainer.py] => CNN: {'total': 85.06, '00-09': 89.4, '10-19': 83.4, '20-29': 91.5, '30-39': 85.4, '40-49': 85.3, '50-59': 79.9, '60-69': 86.8, '70-79': 78.8, 'old': 85.96, 'new': 78.8, 'harmonic': 82.22}
2026-08-10 17:36:52,917 [trainer.py] => CNN top1 curve: [89.36, 87.93, 87.23, 85.06]
2026-08-10 17:36:52,918 [trainer.py] => CNN top5 curve: [98.9, 98.58, 98.33, 98.0]
2026-08-10 17:36:52,918 [trainer.py] => Average Accuracy (CNN top1): 87.39500000000001
2026-08-10 17:36:52,933 [ranpac.py] => Learning on 80-90
2026-08-10 17:37:08,891 [ranpac.py] => RanPAC ridge parameter: 10000
2026-08-10 17:37:36,847 [trainer.py] => CNN: {'total': 83.73, '00-09': 88.0, '10-19': 81.9, '20-29': 90.1, '30-39': 85.6, '40-49': 84.3, '50-59': 79.7, '60-69': 86.0, '70-79': 77.9, '80-89': 80.1, 'old': 84.19, 'new': 80.1, 'harmonic': 82.09}
2026-08-10 17:37:36,848 [trainer.py] => CNN top1 curve: [89.36, 87.93, 87.23, 85.06, 83.73]
2026-08-10 17:37:36,848 [trainer.py] => CNN top5 curve: [98.9, 98.58, 98.33, 98.0, 97.48]
2026-08-10 17:37:36,848 [trainer.py] => Average Accuracy (CNN top1): 86.662
2026-08-10 17:37:36,866 [ranpac.py] => Learning on 90-100
2026-08-10 17:37:52,692 [ranpac.py] => RanPAC ridge parameter: 10000
2026-08-10 17:38:23,613 [trainer.py] => CNN: {'total': 83.06, '00-09': 86.9, '10-19': 81.3, '20-29': 89.7, '30-39': 85.1, '40-49': 84.1, '50-59': 78.6, '60-69': 85.4, '70-79': 76.4, '80-89': 79.5, '90-99': 83.6, 'old': 83.0, 'new': 83.6, 'harmonic': 83.3}
2026-08-10 17:38:23,614 [trainer.py] => CNN top1 curve: [89.36, 87.93, 87.23, 85.06, 83.73, 83.06]
2026-08-10 17:38:23,614 [trainer.py] => CNN top5 curve: [98.9, 98.58, 98.33, 98.0, 97.48, 97.11]
2026-08-10 17:38:23,614 [trainer.py] => Average Accuracy (CNN top1): 86.06166666666668
