2026-08-10 17:38:26,585 [trainer.py] => config: /home/team/zhaohongwei/Code/Research/Awesome-MMCL/configs/ranpac/ranpac_cub_B0_Inc20.json
2026-08-10 17:38:26,585 [trainer.py] => prefix: -
2026-08-10 17:38:26,585 [trainer.py] => dataset: cub
2026-08-10 17:38:26,585 [trainer.py] => memory_size: 0
2026-08-10 17:38:26,585 [trainer.py] => memory_per_class: 0
2026-08-10 17:38:26,585 [trainer.py] => fixed_memory: False
2026-08-10 17:38:26,585 [trainer.py] => shuffle: True
2026-08-10 17:38:26,585 [trainer.py] => init_cls: 20
2026-08-10 17:38:26,585 [trainer.py] => increment: 20
2026-08-10 17:38:26,585 [trainer.py] => model_name: ranpac
2026-08-10 17:38:26,585 [trainer.py] => backbone_type: clip
2026-08-10 17:38:26,585 [trainer.py] => clip_pretrained: /home/team/zhaohongwei/pretrained_models/open_clip_pytorch_model_laion400m_e32.bin
2026-08-10 17:38:26,586 [trainer.py] => device: [device(type='cuda', index=0)]
2026-08-10 17:38:26,586 [trainer.py] => seed: 1993
2026-08-10 17:38:26,586 [trainer.py] => tuned_epoch: 20
2026-08-10 17:38:26,586 [trainer.py] => init_lr: 0.01
2026-08-10 17:38:26,586 [trainer.py] => batch_size: 48
2026-08-10 17:38:26,586 [trainer.py] => weight_decay: 0.0005
2026-08-10 17:38:26,586 [trainer.py] => min_lr: 0.0
2026-08-10 17:38:26,586 [trainer.py] => ffn_num: 64
2026-08-10 17:38:26,586 [trainer.py] => optimizer: sgd
2026-08-10 17:38:26,586 [trainer.py] => num_workers: 8
2026-08-10 17:38:26,586 [trainer.py] => use_RP: True
2026-08-10 17:38:26,586 [trainer.py] => M: 10000
2026-08-10 17:38:26,586 [trainer.py] => ridge_sample_size: 1024
2026-08-10 17:38:26,586 [trainer.py] => total_class_num: 200
2026-08-10 17:38:26,727 [data_manager.py] => [168, 136, 51, 9, 183, 101, 171, 99, 42, 159, 191, 70, 16, 188, 27, 10, 175, 26, 68, 187, 98, 6, 85, 35, 112, 43, 100, 0, 103, 181, 88, 59, 4, 2, 116, 174, 94, 80, 106, 1, 147, 17, 141, 131, 72, 23, 173, 54, 197, 118, 87, 32, 79, 104, 91, 19, 135, 107, 178, 36, 11, 199, 142, 8, 122, 3, 28, 57, 153, 172, 190, 56, 49, 44, 97, 62, 151, 169, 194, 55, 192, 12, 189, 78, 66, 180, 15, 137, 109, 134, 92, 119, 126, 52, 170, 40, 148, 65, 144, 64, 138, 45, 77, 89, 154, 90, 71, 193, 74, 30, 113, 143, 96, 84, 67, 50, 186, 156, 69, 21, 18, 111, 108, 58, 125, 157, 150, 110, 182, 129, 166, 83, 81, 60, 13, 165, 14, 176, 63, 117, 5, 22, 145, 121, 38, 41, 82, 127, 114, 20, 31, 53, 37, 163, 196, 130, 152, 162, 86, 76, 24, 34, 184, 149, 33, 128, 198, 155, 146, 167, 139, 120, 140, 102, 47, 25, 158, 123, 46, 164, 61, 7, 115, 75, 133, 160, 105, 132, 179, 124, 48, 73, 93, 39, 95, 195, 29, 177, 185, 161]
2026-08-10 17:38:27,990 [instantiator.py] => Created a temporary directory at /tmp/tmpi57ev9zs
2026-08-10 17:38:27,990 [instantiator.py] => Writing /tmp/tmpi57ev9zs/_remote_module_non_scriptable.py
2026-08-10 17:38:28,128 [factory.py] => Loaded ViT-B-16 model config.
2026-08-10 17:38:29,611 [factory.py] => Loading pretrained ViT-B-16 weights (/home/team/zhaohongwei/pretrained_models/open_clip_pytorch_model_laion400m_e32.bin).
2026-08-10 17:38:31,214 [ranpac.py] => Learning on 0-20
2026-08-10 17:38:31,218 [ranpac.py] => RanPAC first-session trainable parameters: 1199872
2026-08-10 17:41:00,390 [ranpac.py] => Initialized RanPAC random projection: 512 -> 10000
2026-08-10 17:41:03,922 [ranpac.py] => RanPAC ridge parameter: 10000
2026-08-10 17:41:05,207 [trainer.py] => CNN: {'total': 97.17, '00-09': 97.46, '10-19': 96.9, 'old': 0, 'new': 97.17, 'harmonic': 0.0}
2026-08-10 17:41:05,208 [trainer.py] => CNN top1 curve: [97.17]
2026-08-10 17:41:05,208 [trainer.py] => CNN top5 curve: [100.0]
2026-08-10 17:41:05,208 [trainer.py] => Average Accuracy (CNN top1): 97.17
2026-08-10 17:41:05,227 [ranpac.py] => Learning on 20-40
2026-08-10 17:41:08,721 [ranpac.py] => RanPAC ridge parameter: 10000
2026-08-10 17:41:10,680 [trainer.py] => CNN: {'total': 92.95, '00-09': 94.92, '10-19': 91.47, '20-29': 92.78, '30-39': 92.73, 'old': 93.12, 'new': 92.75, 'harmonic': 92.93}
2026-08-10 17:41:10,680 [trainer.py] => CNN top1 curve: [97.17, 92.95]
2026-08-10 17:41:10,681 [trainer.py] => CNN top5 curve: [100.0, 98.02]
2026-08-10 17:41:10,681 [trainer.py] => Average Accuracy (CNN top1): 95.06
2026-08-10 17:41:10,698 [ranpac.py] => Learning on 40-60
2026-08-10 17:41:14,153 [ranpac.py] => RanPAC ridge parameter: 10000
2026-08-10 17:41:16,720 [trainer.py] => CNN: {'total': 89.88, '00-09': 89.83, '10-19': 90.7, '20-29': 92.78, '30-39': 86.36, '40-49': 92.52, '50-59': 87.39, 'old': 89.87, 'new': 89.91, 'harmonic': 89.89}
2026-08-10 17:41:16,720 [trainer.py] => CNN top1 curve: [97.17, 92.95, 89.88]
2026-08-10 17:41:16,720 [trainer.py] => CNN top5 curve: [100.0, 98.02, 97.17]
2026-08-10 17:41:16,720 [trainer.py] => Average Accuracy (CNN top1): 93.33333333333333
2026-08-10 17:41:16,730 [ranpac.py] => Learning on 60-80
2026-08-10 17:41:20,280 [ranpac.py] => RanPAC ridge parameter: 10000
2026-08-10 17:41:23,621 [trainer.py] => CNN: {'total': 86.62, '00-09': 83.05, '10-19': 89.15, '20-29': 92.78, '30-39': 80.0, '40-49': 90.65, '50-59': 84.68, '60-69': 83.02, '70-79': 89.36, 'old': 86.61, 'new': 86.64, 'harmonic': 86.62}
2026-08-10 17:41:23,621 [trainer.py] => CNN top1 curve: [97.17, 92.95, 89.88, 86.62]
2026-08-10 17:41:23,621 [trainer.py] => CNN top5 curve: [100.0, 98.02, 97.17, 96.84]
2026-08-10 17:41:23,621 [trainer.py] => Average Accuracy (CNN top1): 91.655
2026-08-10 17:41:23,660 [ranpac.py] => Learning on 80-100
2026-08-10 17:41:27,137 [ranpac.py] => RanPAC ridge parameter: 10000
2026-08-10 17:41:31,295 [trainer.py] => CNN: {'total': 85.86, '00-09': 80.51, '10-19': 86.05, '20-29': 93.81, '30-39': 78.18, '40-49': 89.72, '50-59': 84.68, '60-69': 82.08, '70-79': 87.94, '80-89': 90.23, '90-99': 85.29, 'old': 85.31, 'new': 87.73, 'harmonic': 86.5}
2026-08-10 17:41:31,295 [trainer.py] => CNN top1 curve: [97.17, 92.95, 89.88, 86.62, 85.86]
2026-08-10 17:41:31,295 [trainer.py] => CNN top5 curve: [100.0, 98.02, 97.17, 96.84, 96.46]
2026-08-10 17:41:31,295 [trainer.py] => Average Accuracy (CNN top1): 90.49600000000001
2026-08-10 17:41:31,318 [ranpac.py] => Learning on 100-120
2026-08-10 17:41:34,873 [ranpac.py] => RanPAC ridge parameter: 10000
2026-08-10 17:41:39,894 [trainer.py] => CNN: {'total': 85.24, '00-09': 83.05, '10-19': 84.5, '20-29': 95.88, '30-39': 78.18, '40-49': 88.79, '50-59': 83.78, '60-69': 79.25, '70-79': 84.4, '80-89': 88.72, '90-99': 86.76, '100-109': 86.09, '110-119': 84.07, 'old': 85.27, 'new': 85.09, 'harmonic': 85.18}
2026-08-10 17:41:39,894 [trainer.py] => CNN top1 curve: [97.17, 92.95, 89.88, 86.62, 85.86, 85.24]
2026-08-10 17:41:39,894 [trainer.py] => CNN top5 curve: [100.0, 98.02, 97.17, 96.84, 96.46, 95.97]
2026-08-10 17:41:39,894 [trainer.py] => Average Accuracy (CNN top1): 89.62
2026-08-10 17:41:39,923 [ranpac.py] => Learning on 120-140
2026-08-10 17:41:43,527 [ranpac.py] => RanPAC ridge parameter: 10000
2026-08-10 17:41:49,091 [trainer.py] => CNN: {'total': 84.28, '00-09': 80.51, '10-19': 82.95, '20-29': 95.88, '30-39': 77.27, '40-49': 85.98, '50-59': 84.68, '60-69': 78.3, '70-79': 82.98, '80-89': 85.71, '90-99': 86.03, '100-109': 86.09, '110-119': 84.96, '120-129': 82.24, '130-139': 87.29, 'old': 84.18, 'new': 84.89, 'harmonic': 84.53}
2026-08-10 17:41:49,092 [trainer.py] => CNN top1 curve: [97.17, 92.95, 89.88, 86.62, 85.86, 85.24, 84.28]
2026-08-10 17:41:49,092 [trainer.py] => CNN top5 curve: [100.0, 98.02, 97.17, 96.84, 96.46, 95.97, 95.37]
2026-08-10 17:41:49,092 [trainer.py] => Average Accuracy (CNN top1): 88.85714285714286
2026-08-10 17:41:49,115 [ranpac.py] => Learning on 140-160
2026-08-10 17:41:52,601 [ranpac.py] => RanPAC ridge parameter: 10000
2026-08-10 17:41:58,898 [trainer.py] => CNN: {'total': 82.13, '00-09': 78.81, '10-19': 83.72, '20-29': 93.81, '30-39': 76.36, '40-49': 85.05, '50-59': 79.28, '60-69': 75.47, '70-79': 82.27, '80-89': 83.46, '90-99': 83.09, '100-109': 80.87, '110-119': 83.19, '120-129': 82.24, '130-139': 84.75, '140-149': 73.02, '150-159': 89.52, 'old': 82.27, 'new': 81.2, 'harmonic': 81.73}
2026-08-10 17:41:58,899 [trainer.py] => CNN top1 curve: [97.17, 92.95, 89.88, 86.62, 85.86, 85.24, 84.28, 82.13]
2026-08-10 17:41:58,899 [trainer.py] => CNN top5 curve: [100.0, 98.02, 97.17, 96.84, 96.46, 95.97, 95.37, 95.4]
2026-08-10 17:41:58,899 [trainer.py] => Average Accuracy (CNN top1): 88.01625
2026-08-10 17:41:58,930 [ranpac.py] => Learning on 160-180
2026-08-10 17:42:02,492 [ranpac.py] => RanPAC ridge parameter: 10000
2026-08-10 17:42:09,550 [trainer.py] => CNN: {'total': 81.44, '00-09': 77.12, '10-19': 84.5, '20-29': 91.75, '30-39': 76.36, '40-49': 84.11, '50-59': 81.08, '60-69': 75.47, '70-79': 80.85, '80-89': 82.71, '90-99': 82.35, '100-109': 82.61, '110-119': 80.53, '120-129': 80.37, '130-139': 82.2, '140-149': 70.63, '150-159': 85.48, '160-169': 84.33, '170-179': 84.47, 'old': 81.07, 'new': 84.39, 'harmonic': 82.7}
2026-08-10 17:42:09,550 [trainer.py] => CNN top1 curve: [97.17, 92.95, 89.88, 86.62, 85.86, 85.24, 84.28, 82.13, 81.44]
2026-08-10 17:42:09,551 [trainer.py] => CNN top5 curve: [100.0, 98.02, 97.17, 96.84, 96.46, 95.97, 95.37, 95.4, 95.07]
2026-08-10 17:42:09,551 [trainer.py] => Average Accuracy (CNN top1): 87.28555555555555
2026-08-10 17:42:09,585 [ranpac.py] => Learning on 180-200
2026-08-10 17:42:13,093 [ranpac.py] => RanPAC ridge parameter: 10000
2026-08-10 17:42:20,830 [trainer.py] => CNN: {'total': 80.36, '00-09': 77.97, '10-19': 83.72, '20-29': 90.72, '30-39': 76.36, '40-49': 83.18, '50-59': 77.48, '60-69': 75.47, '70-79': 81.56, '80-89': 81.95, '90-99': 82.35, '100-109': 82.61, '110-119': 79.65, '120-129': 77.57, '130-139': 83.05, '140-149': 69.05, '150-159': 86.29, '160-169': 81.34, '170-179': 83.5, '180-189': 77.27, '190-199': 76.53, 'old': 80.73, 'new': 76.96, 'harmonic': 78.8}
2026-08-10 17:42:20,831 [trainer.py] => CNN top1 curve: [97.17, 92.95, 89.88, 86.62, 85.86, 85.24, 84.28, 82.13, 81.44, 80.36]
2026-08-10 17:42:20,831 [trainer.py] => CNN top5 curve: [100.0, 98.02, 97.17, 96.84, 96.46, 95.97, 95.37, 95.4, 95.07, 94.61]
2026-08-10 17:42:20,831 [trainer.py] => Average Accuracy (CNN top1): 86.59299999999999
