2026-08-10 17:39:12,018 [trainer.py] => config: /home/team/zhaohongwei/Code/Research/Awesome-MMCL/configs/ranpac/ranpac_cub_B100_Inc20.json
2026-08-10 17:39:12,019 [trainer.py] => prefix: -
2026-08-10 17:39:12,019 [trainer.py] => dataset: cub
2026-08-10 17:39:12,019 [trainer.py] => memory_size: 0
2026-08-10 17:39:12,019 [trainer.py] => memory_per_class: 0
2026-08-10 17:39:12,019 [trainer.py] => fixed_memory: False
2026-08-10 17:39:12,019 [trainer.py] => shuffle: True
2026-08-10 17:39:12,019 [trainer.py] => init_cls: 100
2026-08-10 17:39:12,019 [trainer.py] => increment: 20
2026-08-10 17:39:12,019 [trainer.py] => model_name: ranpac
2026-08-10 17:39:12,019 [trainer.py] => backbone_type: clip
2026-08-10 17:39:12,019 [trainer.py] => clip_pretrained: /home/team/zhaohongwei/pretrained_models/open_clip_pytorch_model_laion400m_e32.bin
2026-08-10 17:39:12,019 [trainer.py] => device: [device(type='cuda', index=0)]
2026-08-10 17:39:12,019 [trainer.py] => seed: 0
2026-08-10 17:39:12,019 [trainer.py] => tuned_epoch: 20
2026-08-10 17:39:12,019 [trainer.py] => init_lr: 0.01
2026-08-10 17:39:12,019 [trainer.py] => batch_size: 48
2026-08-10 17:39:12,019 [trainer.py] => weight_decay: 0.0005
2026-08-10 17:39:12,019 [trainer.py] => min_lr: 0.0
2026-08-10 17:39:12,019 [trainer.py] => ffn_num: 64
2026-08-10 17:39:12,019 [trainer.py] => optimizer: sgd
2026-08-10 17:39:12,019 [trainer.py] => num_workers: 8
2026-08-10 17:39:12,019 [trainer.py] => use_RP: True
2026-08-10 17:39:12,019 [trainer.py] => M: 10000
2026-08-10 17:39:12,019 [trainer.py] => ridge_sample_size: 1024
2026-08-10 17:39:12,019 [trainer.py] => total_class_num: 200
2026-08-10 17:39:12,126 [data_manager.py] => [18, 170, 107, 98, 177, 182, 5, 146, 12, 152, 61, 125, 180, 154, 80, 7, 33, 130, 37, 74, 183, 145, 45, 159, 60, 123, 179, 185, 122, 44, 16, 55, 150, 111, 22, 189, 129, 4, 83, 106, 134, 66, 26, 113, 168, 63, 8, 75, 118, 143, 71, 124, 184, 97, 149, 24, 30, 160, 40, 56, 131, 96, 181, 19, 153, 92, 54, 163, 51, 86, 139, 90, 137, 101, 144, 89, 109, 14, 27, 141, 187, 46, 138, 195, 108, 62, 2, 59, 136, 197, 43, 10, 194, 73, 196, 178, 175, 126, 93, 112, 158, 191, 50, 0, 94, 110, 95, 64, 167, 41, 69, 49, 48, 85, 13, 161, 23, 186, 135, 20, 15, 78, 104, 52, 100, 76, 3, 116, 164, 198, 6, 68, 84, 121, 155, 171, 156, 91, 199, 11, 119, 102, 35, 57, 65, 1, 120, 162, 42, 105, 132, 173, 17, 38, 133, 53, 157, 128, 34, 28, 114, 151, 31, 166, 127, 176, 32, 142, 169, 147, 29, 99, 82, 79, 115, 148, 193, 72, 77, 25, 165, 81, 188, 174, 190, 39, 58, 140, 88, 70, 87, 36, 21, 9, 103, 67, 192, 117, 47, 172]
2026-08-10 17:39:13,309 [instantiator.py] => Created a temporary directory at /tmp/tmp1viu7b4o
2026-08-10 17:39:13,309 [instantiator.py] => Writing /tmp/tmp1viu7b4o/_remote_module_non_scriptable.py
2026-08-10 17:39:13,443 [factory.py] => Loaded ViT-B-16 model config.
2026-08-10 17:39:14,835 [factory.py] => Loading pretrained ViT-B-16 weights (/home/team/zhaohongwei/pretrained_models/open_clip_pytorch_model_laion400m_e32.bin).
2026-08-10 17:39:16,284 [ranpac.py] => Learning on 0-100
2026-08-10 17:39:16,295 [ranpac.py] => RanPAC first-session trainable parameters: 1240832
2026-08-10 17:50:24,693 [ranpac.py] => Initialized RanPAC random projection: 512 -> 10000
2026-08-10 17:50:40,180 [ranpac.py] => RanPAC ridge parameter: 10000
2026-08-10 17:50:44,707 [trainer.py] => CNN: {'total': 87.24, '00-09': 87.61, '10-19': 82.05, '20-29': 84.17, '30-39': 89.69, '40-49': 78.74, '50-59': 88.28, '60-69': 94.87, '70-79': 93.16, '80-89': 88.89, '90-99': 85.85, 'old': 0, 'new': 87.24, 'harmonic': 0.0}
2026-08-10 17:50:44,708 [trainer.py] => CNN top1 curve: [87.24]
2026-08-10 17:50:44,708 [trainer.py] => CNN top5 curve: [96.94]
2026-08-10 17:50:44,708 [trainer.py] => Average Accuracy (CNN top1): 87.24
2026-08-10 17:50:44,728 [ranpac.py] => Learning on 100-120
2026-08-10 17:50:48,278 [ranpac.py] => RanPAC ridge parameter: 10000
2026-08-10 17:50:53,286 [trainer.py] => CNN: {'total': 86.17, '00-09': 89.38, '10-19': 81.2, '20-29': 83.33, '30-39': 85.57, '40-49': 77.17, '50-59': 85.52, '60-69': 90.6, '70-79': 89.74, '80-89': 86.32, '90-99': 86.79, '100-109': 89.38, '110-119': 90.35, 'old': 85.46, 'new': 89.87, 'harmonic': 87.61}
2026-08-10 17:50:53,286 [trainer.py] => CNN top1 curve: [87.24, 86.17]
2026-08-10 17:50:53,286 [trainer.py] => CNN top5 curve: [96.94, 96.86]
2026-08-10 17:50:53,287 [trainer.py] => Average Accuracy (CNN top1): 86.705
2026-08-10 17:50:53,310 [ranpac.py] => Learning on 120-140
2026-08-10 17:50:56,718 [ranpac.py] => RanPAC ridge parameter: 10000
2026-08-10 17:51:02,422 [trainer.py] => CNN: {'total': 86.19, '00-09': 88.5, '10-19': 81.2, '20-29': 83.33, '30-39': 87.63, '40-49': 74.8, '50-59': 85.52, '60-69': 89.74, '70-79': 92.31, '80-89': 84.62, '90-99': 84.91, '100-109': 88.5, '110-119': 87.72, '120-129': 89.84, '130-139': 89.17, 'old': 85.6, 'new': 89.52, 'harmonic': 87.52}
2026-08-10 17:51:02,423 [trainer.py] => CNN top1 curve: [87.24, 86.17, 86.19]
2026-08-10 17:51:02,423 [trainer.py] => CNN top5 curve: [96.94, 96.86, 96.73]
2026-08-10 17:51:02,423 [trainer.py] => Average Accuracy (CNN top1): 86.53333333333335
2026-08-10 17:51:02,450 [ranpac.py] => Learning on 140-160
2026-08-10 17:51:06,234 [ranpac.py] => RanPAC ridge parameter: 10000
2026-08-10 17:51:12,647 [trainer.py] => CNN: {'total': 84.33, '00-09': 88.5, '10-19': 76.92, '20-29': 82.5, '30-39': 81.44, '40-49': 76.38, '50-59': 82.07, '60-69': 89.74, '70-79': 89.74, '80-89': 85.47, '90-99': 83.96, '100-109': 85.84, '110-119': 85.96, '120-129': 89.84, '130-139': 88.33, '140-149': 77.88, '150-159': 84.25, 'old': 84.74, 'new': 81.39, 'harmonic': 83.03}
2026-08-10 17:51:12,647 [trainer.py] => CNN top1 curve: [87.24, 86.17, 86.19, 84.33]
2026-08-10 17:51:12,647 [trainer.py] => CNN top5 curve: [96.94, 96.86, 96.73, 95.91]
2026-08-10 17:51:12,648 [trainer.py] => Average Accuracy (CNN top1): 85.9825
2026-08-10 17:51:12,690 [ranpac.py] => Learning on 160-180
2026-08-10 17:51:16,506 [ranpac.py] => RanPAC ridge parameter: 10000
2026-08-10 17:51:23,885 [trainer.py] => CNN: {'total': 82.56, '00-09': 89.38, '10-19': 74.36, '20-29': 80.0, '30-39': 79.38, '40-49': 73.23, '50-59': 79.31, '60-69': 90.6, '70-79': 88.03, '80-89': 85.47, '90-99': 84.91, '100-109': 85.84, '110-119': 85.96, '120-129': 86.72, '130-139': 86.67, '140-149': 79.81, '150-159': 81.89, '160-169': 75.0, '170-179': 80.87, 'old': 83.16, 'new': 77.82, 'harmonic': 80.4}
2026-08-10 17:51:23,885 [trainer.py] => CNN top1 curve: [87.24, 86.17, 86.19, 84.33, 82.56]
2026-08-10 17:51:23,885 [trainer.py] => CNN top5 curve: [96.94, 96.86, 96.73, 95.91, 95.24]
2026-08-10 17:51:23,885 [trainer.py] => Average Accuracy (CNN top1): 85.298
2026-08-10 17:51:23,915 [ranpac.py] => Learning on 180-200
2026-08-10 17:51:27,837 [ranpac.py] => RanPAC ridge parameter: 10000
2026-08-10 17:51:36,206 [trainer.py] => CNN: {'total': 81.21, '00-09': 88.5, '10-19': 73.5, '20-29': 81.67, '30-39': 76.29, '40-49': 69.29, '50-59': 77.93, '60-69': 89.74, '70-79': 86.32, '80-89': 86.32, '90-99': 81.13, '100-109': 86.73, '110-119': 85.09, '120-129': 86.72, '130-139': 85.0, '140-149': 75.0, '150-159': 81.89, '160-169': 72.58, '170-179': 81.74, '180-189': 76.79, '190-199': 82.4, 'old': 81.38, 'new': 79.75, 'harmonic': 80.56}
2026-08-10 17:51:36,207 [trainer.py] => CNN top1 curve: [87.24, 86.17, 86.19, 84.33, 82.56, 81.21]
2026-08-10 17:51:36,207 [trainer.py] => CNN top5 curve: [96.94, 96.86, 96.73, 95.91, 95.24, 95.0]
2026-08-10 17:51:36,207 [trainer.py] => Average Accuracy (CNN top1): 84.61666666666666
