2026-08-12 17:51:08,448 [trainer.py] => config: /home/team/zhaohongwei/Code/Research/Awesome-MMCL/configs/ranpac/ranpac_cub_B100_Inc20.json
2026-08-12 17:51:08,448 [trainer.py] => prefix: -
2026-08-12 17:51:08,448 [trainer.py] => dataset: cub
2026-08-12 17:51:08,448 [trainer.py] => memory_size: 0
2026-08-12 17:51:08,448 [trainer.py] => memory_per_class: 0
2026-08-12 17:51:08,448 [trainer.py] => fixed_memory: False
2026-08-12 17:51:08,448 [trainer.py] => shuffle: True
2026-08-12 17:51:08,448 [trainer.py] => init_cls: 100
2026-08-12 17:51:08,448 [trainer.py] => increment: 20
2026-08-12 17:51:08,448 [trainer.py] => model_name: ranpac
2026-08-12 17:51:08,448 [trainer.py] => backbone_type: clip
2026-08-12 17:51:08,448 [trainer.py] => clip_pretrained: /home/team/zhaohongwei/pretrained_models/open_clip_pytorch_model_laion400m_e32.bin
2026-08-12 17:51:08,448 [trainer.py] => device: [device(type='cuda', index=0)]
2026-08-12 17:51:08,448 [trainer.py] => seed: 2026
2026-08-12 17:51:08,448 [trainer.py] => tuned_epoch: 20
2026-08-12 17:51:08,448 [trainer.py] => init_lr: 0.01
2026-08-12 17:51:08,448 [trainer.py] => batch_size: 48
2026-08-12 17:51:08,448 [trainer.py] => weight_decay: 0.0005
2026-08-12 17:51:08,448 [trainer.py] => min_lr: 0.0
2026-08-12 17:51:08,448 [trainer.py] => ffn_num: 64
2026-08-12 17:51:08,448 [trainer.py] => optimizer: sgd
2026-08-12 17:51:08,448 [trainer.py] => num_workers: 8
2026-08-12 17:51:08,448 [trainer.py] => use_RP: True
2026-08-12 17:51:08,448 [trainer.py] => M: 10000
2026-08-12 17:51:08,448 [trainer.py] => ridge_sample_size: 1024
2026-08-12 17:51:08,448 [trainer.py] => total_class_num: 200
2026-08-12 17:51:08,550 [data_manager.py] => [115, 91, 15, 57, 123, 5, 193, 196, 88, 185, 191, 168, 90, 80, 106, 146, 188, 118, 44, 151, 24, 56, 42, 127, 113, 119, 197, 194, 99, 12, 65, 71, 131, 6, 46, 186, 126, 31, 117, 30, 110, 82, 102, 165, 11, 76, 53, 138, 199, 18, 163, 149, 84, 133, 170, 189, 52, 104, 45, 114, 41, 23, 160, 171, 172, 169, 177, 142, 94, 50, 128, 39, 59, 120, 107, 162, 124, 9, 74, 198, 62, 174, 166, 122, 141, 81, 10, 63, 176, 100, 136, 187, 129, 16, 72, 147, 54, 0, 98, 150, 92, 155, 4, 167, 125, 97, 153, 8, 83, 159, 85, 86, 13, 34, 173, 93, 180, 33, 21, 132, 190, 87, 121, 108, 103, 145, 37, 158, 69, 89, 2, 19, 67, 175, 51, 78, 43, 64, 66, 143, 61, 20, 144, 154, 183, 14, 140, 139, 75, 79, 22, 58, 101, 109, 32, 178, 73, 164, 55, 35, 49, 152, 137, 36, 3, 40, 70, 95, 105, 181, 157, 47, 192, 17, 60, 112, 68, 25, 38, 48, 161, 148, 111, 135, 96, 7, 27, 182, 130, 28, 179, 156, 116, 29, 195, 77, 184, 26, 134, 1]
2026-08-12 17:51:09,701 [instantiator.py] => Created a temporary directory at /tmp/tmpl45pu3fn
2026-08-12 17:51:09,702 [instantiator.py] => Writing /tmp/tmpl45pu3fn/_remote_module_non_scriptable.py
2026-08-12 17:51:09,856 [factory.py] => Loaded ViT-B-16 model config.
2026-08-12 17:51:11,263 [factory.py] => Loading pretrained ViT-B-16 weights (/home/team/zhaohongwei/pretrained_models/open_clip_pytorch_model_laion400m_e32.bin).
2026-08-12 17:51:12,807 [ranpac.py] => Learning on 0-100
2026-08-12 17:51:12,818 [ranpac.py] => RanPAC first-session trainable parameters: 1240832
2026-08-12 18:02:49,451 [ranpac.py] => Initialized RanPAC random projection: 512 -> 10000
2026-08-12 18:03:04,903 [ranpac.py] => RanPAC ridge parameter: 10000
2026-08-12 18:03:09,408 [trainer.py] => CNN: {'total': 89.53, '00-09': 88.89, '10-19': 85.59, '20-29': 85.83, '30-39': 86.24, '40-49': 100.0, '50-59': 90.54, '60-69': 88.1, '70-79': 84.96, '80-89': 92.31, '90-99': 91.94, 'old': 0, 'new': 89.53, 'harmonic': 0.0}
2026-08-12 18:03:09,409 [trainer.py] => CNN top1 curve: [89.53]
2026-08-12 18:03:09,409 [trainer.py] => CNN top5 curve: [96.68]
2026-08-12 18:03:09,409 [trainer.py] => Average Accuracy (CNN top1): 89.53
2026-08-12 18:03:09,432 [ranpac.py] => Learning on 100-120
2026-08-12 18:03:12,927 [ranpac.py] => RanPAC ridge parameter: 10000
2026-08-12 18:03:18,048 [trainer.py] => CNN: {'total': 88.77, '00-09': 86.11, '10-19': 81.98, '20-29': 84.25, '30-39': 86.24, '40-49': 99.17, '50-59': 89.86, '60-69': 87.3, '70-79': 86.73, '80-89': 91.45, '90-99': 92.74, '100-109': 83.62, '110-119': 94.26, 'old': 88.7, 'new': 89.08, 'harmonic': 88.89}
2026-08-12 18:03:18,048 [trainer.py] => CNN top1 curve: [89.53, 88.77]
2026-08-12 18:03:18,049 [trainer.py] => CNN top5 curve: [96.68, 95.84]
2026-08-12 18:03:18,049 [trainer.py] => Average Accuracy (CNN top1): 89.15
2026-08-12 18:03:18,072 [ranpac.py] => Learning on 120-140
2026-08-12 18:03:21,829 [ranpac.py] => RanPAC ridge parameter: 10000
2026-08-12 18:03:27,519 [trainer.py] => CNN: {'total': 86.88, '00-09': 84.26, '10-19': 81.98, '20-29': 85.04, '30-39': 85.32, '40-49': 99.17, '50-59': 89.19, '60-69': 83.33, '70-79': 82.3, '80-89': 88.03, '90-99': 89.52, '100-109': 83.62, '110-119': 92.62, '120-129': 88.39, '130-139': 81.48, 'old': 87.17, 'new': 85.0, 'harmonic': 86.07}
2026-08-12 18:03:27,519 [trainer.py] => CNN top1 curve: [89.53, 88.77, 86.88]
2026-08-12 18:03:27,519 [trainer.py] => CNN top5 curve: [96.68, 95.84, 95.73]
2026-08-12 18:03:27,519 [trainer.py] => Average Accuracy (CNN top1): 88.39333333333333
2026-08-12 18:03:27,549 [ranpac.py] => Learning on 140-160
2026-08-12 18:03:31,235 [ranpac.py] => RanPAC ridge parameter: 10000
2026-08-12 18:03:37,617 [trainer.py] => CNN: {'total': 85.12, '00-09': 84.26, '10-19': 81.98, '20-29': 81.1, '30-39': 83.49, '40-49': 97.52, '50-59': 89.86, '60-69': 80.95, '70-79': 79.65, '80-89': 88.03, '90-99': 90.32, '100-109': 81.9, '110-119': 92.62, '120-129': 89.29, '130-139': 77.78, '140-149': 82.64, '150-159': 77.36, 'old': 85.8, 'new': 80.18, 'harmonic': 82.89}
2026-08-12 18:03:37,617 [trainer.py] => CNN top1 curve: [89.53, 88.77, 86.88, 85.12]
2026-08-12 18:03:37,617 [trainer.py] => CNN top5 curve: [96.68, 95.84, 95.73, 95.02]
2026-08-12 18:03:37,617 [trainer.py] => Average Accuracy (CNN top1): 87.575
2026-08-12 18:03:37,651 [ranpac.py] => Learning on 160-180
2026-08-12 18:03:41,313 [ranpac.py] => RanPAC ridge parameter: 10000
2026-08-12 18:03:48,631 [trainer.py] => CNN: {'total': 83.94, '00-09': 83.33, '10-19': 81.08, '20-29': 77.95, '30-39': 82.57, '40-49': 96.69, '50-59': 89.19, '60-69': 80.16, '70-79': 82.3, '80-89': 86.32, '90-99': 90.32, '100-109': 79.31, '110-119': 94.26, '120-129': 88.39, '130-139': 75.0, '140-149': 80.99, '150-159': 76.42, '160-169': 83.64, '170-179': 79.84, 'old': 84.22, 'new': 81.62, 'harmonic': 82.9}
2026-08-12 18:03:48,631 [trainer.py] => CNN top1 curve: [89.53, 88.77, 86.88, 85.12, 83.94]
2026-08-12 18:03:48,631 [trainer.py] => CNN top5 curve: [96.68, 95.84, 95.73, 95.02, 94.82]
2026-08-12 18:03:48,631 [trainer.py] => Average Accuracy (CNN top1): 86.848
2026-08-12 18:03:48,674 [ranpac.py] => Learning on 180-200
2026-08-12 18:03:52,436 [ranpac.py] => RanPAC ridge parameter: 10000
2026-08-12 18:04:00,267 [trainer.py] => CNN: {'total': 81.59, '00-09': 83.33, '10-19': 76.58, '20-29': 79.53, '30-39': 79.82, '40-49': 96.69, '50-59': 88.51, '60-69': 80.95, '70-79': 80.53, '80-89': 84.62, '90-99': 86.29, '100-109': 76.72, '110-119': 93.44, '120-129': 88.39, '130-139': 72.22, '140-149': 77.69, '150-159': 72.64, '160-169': 81.82, '170-179': 78.23, '180-189': 79.46, '190-199': 70.73, 'old': 82.34, 'new': 74.89, 'harmonic': 78.44}
2026-08-12 18:04:00,268 [trainer.py] => CNN top1 curve: [89.53, 88.77, 86.88, 85.12, 83.94, 81.59]
2026-08-12 18:04:00,268 [trainer.py] => CNN top5 curve: [96.68, 95.84, 95.73, 95.02, 94.82, 93.94]
2026-08-12 18:04:00,268 [trainer.py] => Average Accuracy (CNN top1): 85.97166666666668
