2026-08-10 17:42:23,716 [trainer.py] => config: /home/team/zhaohongwei/Code/Research/Awesome-MMCL/configs/ranpac/ranpac_cub_B100_Inc20.json
2026-08-10 17:42:23,716 [trainer.py] => prefix: -
2026-08-10 17:42:23,716 [trainer.py] => dataset: cub
2026-08-10 17:42:23,716 [trainer.py] => memory_size: 0
2026-08-10 17:42:23,716 [trainer.py] => memory_per_class: 0
2026-08-10 17:42:23,716 [trainer.py] => fixed_memory: False
2026-08-10 17:42:23,716 [trainer.py] => shuffle: True
2026-08-10 17:42:23,716 [trainer.py] => init_cls: 100
2026-08-10 17:42:23,716 [trainer.py] => increment: 20
2026-08-10 17:42:23,716 [trainer.py] => model_name: ranpac
2026-08-10 17:42:23,716 [trainer.py] => backbone_type: clip
2026-08-10 17:42:23,716 [trainer.py] => clip_pretrained: /home/team/zhaohongwei/pretrained_models/open_clip_pytorch_model_laion400m_e32.bin
2026-08-10 17:42:23,716 [trainer.py] => device: [device(type='cuda', index=0)]
2026-08-10 17:42:23,716 [trainer.py] => seed: 1993
2026-08-10 17:42:23,716 [trainer.py] => tuned_epoch: 20
2026-08-10 17:42:23,716 [trainer.py] => init_lr: 0.01
2026-08-10 17:42:23,716 [trainer.py] => batch_size: 48
2026-08-10 17:42:23,716 [trainer.py] => weight_decay: 0.0005
2026-08-10 17:42:23,716 [trainer.py] => min_lr: 0.0
2026-08-10 17:42:23,716 [trainer.py] => ffn_num: 64
2026-08-10 17:42:23,717 [trainer.py] => optimizer: sgd
2026-08-10 17:42:23,717 [trainer.py] => num_workers: 8
2026-08-10 17:42:23,717 [trainer.py] => use_RP: True
2026-08-10 17:42:23,717 [trainer.py] => M: 10000
2026-08-10 17:42:23,717 [trainer.py] => ridge_sample_size: 1024
2026-08-10 17:42:23,717 [trainer.py] => total_class_num: 200
2026-08-10 17:42:23,849 [data_manager.py] => [168, 136, 51, 9, 183, 101, 171, 99, 42, 159, 191, 70, 16, 188, 27, 10, 175, 26, 68, 187, 98, 6, 85, 35, 112, 43, 100, 0, 103, 181, 88, 59, 4, 2, 116, 174, 94, 80, 106, 1, 147, 17, 141, 131, 72, 23, 173, 54, 197, 118, 87, 32, 79, 104, 91, 19, 135, 107, 178, 36, 11, 199, 142, 8, 122, 3, 28, 57, 153, 172, 190, 56, 49, 44, 97, 62, 151, 169, 194, 55, 192, 12, 189, 78, 66, 180, 15, 137, 109, 134, 92, 119, 126, 52, 170, 40, 148, 65, 144, 64, 138, 45, 77, 89, 154, 90, 71, 193, 74, 30, 113, 143, 96, 84, 67, 50, 186, 156, 69, 21, 18, 111, 108, 58, 125, 157, 150, 110, 182, 129, 166, 83, 81, 60, 13, 165, 14, 176, 63, 117, 5, 22, 145, 121, 38, 41, 82, 127, 114, 20, 31, 53, 37, 163, 196, 130, 152, 162, 86, 76, 24, 34, 184, 149, 33, 128, 198, 155, 146, 167, 139, 120, 140, 102, 47, 25, 158, 123, 46, 164, 61, 7, 115, 75, 133, 160, 105, 132, 179, 124, 48, 73, 93, 39, 95, 195, 29, 177, 185, 161]
2026-08-10 17:42:25,024 [instantiator.py] => Created a temporary directory at /tmp/tmp36olksp6
2026-08-10 17:42:25,024 [instantiator.py] => Writing /tmp/tmp36olksp6/_remote_module_non_scriptable.py
2026-08-10 17:42:25,164 [factory.py] => Loaded ViT-B-16 model config.
2026-08-10 17:42:26,652 [factory.py] => Loading pretrained ViT-B-16 weights (/home/team/zhaohongwei/pretrained_models/open_clip_pytorch_model_laion400m_e32.bin).
2026-08-10 17:42:28,402 [ranpac.py] => Learning on 0-100
2026-08-10 17:42:28,413 [ranpac.py] => RanPAC first-session trainable parameters: 1240832
2026-08-10 17:54:02,947 [ranpac.py] => Initialized RanPAC random projection: 512 -> 10000
2026-08-10 17:54:17,951 [ranpac.py] => RanPAC ridge parameter: 10000
2026-08-10 17:54:22,078 [trainer.py] => CNN: {'total': 86.45, '00-09': 79.66, '10-19': 82.95, '20-29': 92.78, '30-39': 81.82, '40-49': 91.59, '50-59': 83.78, '60-69': 84.91, '70-79': 88.65, '80-89': 90.98, '90-99': 87.5, 'old': 0, 'new': 86.45, 'harmonic': 0.0}
2026-08-10 17:54:22,079 [trainer.py] => CNN top1 curve: [86.45]
2026-08-10 17:54:22,079 [trainer.py] => CNN top5 curve: [96.8]
2026-08-10 17:54:22,079 [trainer.py] => Average Accuracy (CNN top1): 86.45
2026-08-10 17:54:22,101 [ranpac.py] => Learning on 100-120
2026-08-10 17:54:25,617 [ranpac.py] => RanPAC ridge parameter: 10000
2026-08-10 17:54:30,470 [trainer.py] => CNN: {'total': 84.6, '00-09': 78.81, '10-19': 81.4, '20-29': 92.78, '30-39': 79.09, '40-49': 90.65, '50-59': 84.68, '60-69': 79.25, '70-79': 83.69, '80-89': 88.72, '90-99': 86.76, '100-109': 86.09, '110-119': 84.07, 'old': 84.51, 'new': 85.09, 'harmonic': 84.8}
2026-08-10 17:54:30,470 [trainer.py] => CNN top1 curve: [86.45, 84.6]
2026-08-10 17:54:30,471 [trainer.py] => CNN top5 curve: [96.8, 96.12]
2026-08-10 17:54:30,471 [trainer.py] => Average Accuracy (CNN top1): 85.525
2026-08-10 17:54:30,490 [ranpac.py] => Learning on 120-140
2026-08-10 17:54:34,115 [ranpac.py] => RanPAC ridge parameter: 10000
2026-08-10 17:54:39,757 [trainer.py] => CNN: {'total': 84.34, '00-09': 79.66, '10-19': 80.62, '20-29': 93.81, '30-39': 80.91, '40-49': 87.85, '50-59': 83.78, '60-69': 79.25, '70-79': 83.69, '80-89': 86.47, '90-99': 84.56, '100-109': 86.96, '110-119': 84.07, '120-129': 82.24, '130-139': 88.14, 'old': 84.18, 'new': 85.33, 'harmonic': 84.75}
2026-08-10 17:54:39,757 [trainer.py] => CNN top1 curve: [86.45, 84.6, 84.34]
2026-08-10 17:54:39,757 [trainer.py] => CNN top5 curve: [96.8, 96.12, 95.67]
2026-08-10 17:54:39,757 [trainer.py] => Average Accuracy (CNN top1): 85.13000000000001
2026-08-10 17:54:39,788 [ranpac.py] => Learning on 140-160
2026-08-10 17:54:43,259 [ranpac.py] => RanPAC ridge parameter: 10000
2026-08-10 17:54:49,521 [trainer.py] => CNN: {'total': 82.97, '00-09': 78.81, '10-19': 81.4, '20-29': 93.81, '30-39': 77.27, '40-49': 87.85, '50-59': 79.28, '60-69': 76.42, '70-79': 81.56, '80-89': 84.96, '90-99': 83.09, '100-109': 83.48, '110-119': 83.19, '120-129': 84.11, '130-139': 85.59, '140-149': 74.6, '150-159': 93.55, 'old': 82.82, 'new': 84.0, 'harmonic': 83.41}
2026-08-10 17:54:49,522 [trainer.py] => CNN top1 curve: [86.45, 84.6, 84.34, 82.97]
2026-08-10 17:54:49,522 [trainer.py] => CNN top5 curve: [96.8, 96.12, 95.67, 95.4]
2026-08-10 17:54:49,522 [trainer.py] => Average Accuracy (CNN top1): 84.59
2026-08-10 17:54:49,550 [ranpac.py] => Learning on 160-180
2026-08-10 17:54:53,038 [ranpac.py] => RanPAC ridge parameter: 10000
2026-08-10 17:55:00,096 [trainer.py] => CNN: {'total': 82.33, '00-09': 79.66, '10-19': 81.4, '20-29': 90.72, '30-39': 78.18, '40-49': 88.79, '50-59': 80.18, '60-69': 76.42, '70-79': 81.56, '80-89': 84.96, '90-99': 80.88, '100-109': 82.61, '110-119': 81.42, '120-129': 81.31, '130-139': 85.59, '140-149': 71.43, '150-159': 91.13, '160-169': 82.84, '170-179': 84.47, 'old': 82.18, 'new': 83.54, 'harmonic': 82.85}
2026-08-10 17:55:00,097 [trainer.py] => CNN top1 curve: [86.45, 84.6, 84.34, 82.97, 82.33]
2026-08-10 17:55:00,097 [trainer.py] => CNN top5 curve: [96.8, 96.12, 95.67, 95.4, 95.49]
2026-08-10 17:55:00,097 [trainer.py] => Average Accuracy (CNN top1): 84.138
2026-08-10 17:55:00,128 [ranpac.py] => Learning on 180-200
2026-08-10 17:55:03,658 [ranpac.py] => RanPAC ridge parameter: 10000
2026-08-10 17:55:11,433 [trainer.py] => CNN: {'total': 81.26, '00-09': 79.66, '10-19': 81.4, '20-29': 89.69, '30-39': 77.27, '40-49': 87.85, '50-59': 78.38, '60-69': 76.42, '70-79': 81.56, '80-89': 85.71, '90-99': 80.88, '100-109': 82.61, '110-119': 81.42, '120-129': 77.57, '130-139': 84.75, '140-149': 71.43, '150-159': 91.13, '160-169': 80.6, '170-179': 83.5, '180-189': 77.27, '190-199': 76.53, 'old': 81.72, 'new': 76.96, 'harmonic': 79.27}
2026-08-10 17:55:11,433 [trainer.py] => CNN top1 curve: [86.45, 84.6, 84.34, 82.97, 82.33, 81.26]
2026-08-10 17:55:11,433 [trainer.py] => CNN top5 curve: [96.8, 96.12, 95.67, 95.4, 95.49, 94.32]
2026-08-10 17:55:11,433 [trainer.py] => Average Accuracy (CNN top1): 83.65833333333333
