2026-08-12 17:47:11,603 [trainer.py] => config: /home/team/zhaohongwei/Code/Research/Awesome-MMCL/configs/ranpac/ranpac_cub_B0_Inc20.json
2026-08-12 17:47:11,603 [trainer.py] => prefix: -
2026-08-12 17:47:11,603 [trainer.py] => dataset: cub
2026-08-12 17:47:11,603 [trainer.py] => memory_size: 0
2026-08-12 17:47:11,603 [trainer.py] => memory_per_class: 0
2026-08-12 17:47:11,603 [trainer.py] => fixed_memory: False
2026-08-12 17:47:11,603 [trainer.py] => shuffle: True
2026-08-12 17:47:11,603 [trainer.py] => init_cls: 20
2026-08-12 17:47:11,603 [trainer.py] => increment: 20
2026-08-12 17:47:11,603 [trainer.py] => model_name: ranpac
2026-08-12 17:47:11,603 [trainer.py] => backbone_type: clip
2026-08-12 17:47:11,603 [trainer.py] => clip_pretrained: /home/team/zhaohongwei/pretrained_models/open_clip_pytorch_model_laion400m_e32.bin
2026-08-12 17:47:11,603 [trainer.py] => device: [device(type='cuda', index=0)]
2026-08-12 17:47:11,603 [trainer.py] => seed: 2026
2026-08-12 17:47:11,604 [trainer.py] => tuned_epoch: 20
2026-08-12 17:47:11,604 [trainer.py] => init_lr: 0.01
2026-08-12 17:47:11,604 [trainer.py] => batch_size: 48
2026-08-12 17:47:11,604 [trainer.py] => weight_decay: 0.0005
2026-08-12 17:47:11,604 [trainer.py] => min_lr: 0.0
2026-08-12 17:47:11,604 [trainer.py] => ffn_num: 64
2026-08-12 17:47:11,604 [trainer.py] => optimizer: sgd
2026-08-12 17:47:11,604 [trainer.py] => num_workers: 8
2026-08-12 17:47:11,604 [trainer.py] => use_RP: True
2026-08-12 17:47:11,604 [trainer.py] => M: 10000
2026-08-12 17:47:11,604 [trainer.py] => ridge_sample_size: 1024
2026-08-12 17:47:11,604 [trainer.py] => total_class_num: 200
2026-08-12 17:47:11,710 [data_manager.py] => [115, 91, 15, 57, 123, 5, 193, 196, 88, 185, 191, 168, 90, 80, 106, 146, 188, 118, 44, 151, 24, 56, 42, 127, 113, 119, 197, 194, 99, 12, 65, 71, 131, 6, 46, 186, 126, 31, 117, 30, 110, 82, 102, 165, 11, 76, 53, 138, 199, 18, 163, 149, 84, 133, 170, 189, 52, 104, 45, 114, 41, 23, 160, 171, 172, 169, 177, 142, 94, 50, 128, 39, 59, 120, 107, 162, 124, 9, 74, 198, 62, 174, 166, 122, 141, 81, 10, 63, 176, 100, 136, 187, 129, 16, 72, 147, 54, 0, 98, 150, 92, 155, 4, 167, 125, 97, 153, 8, 83, 159, 85, 86, 13, 34, 173, 93, 180, 33, 21, 132, 190, 87, 121, 108, 103, 145, 37, 158, 69, 89, 2, 19, 67, 175, 51, 78, 43, 64, 66, 143, 61, 20, 144, 154, 183, 14, 140, 139, 75, 79, 22, 58, 101, 109, 32, 178, 73, 164, 55, 35, 49, 152, 137, 36, 3, 40, 70, 95, 105, 181, 157, 47, 192, 17, 60, 112, 68, 25, 38, 48, 161, 148, 111, 135, 96, 7, 27, 182, 130, 28, 179, 156, 116, 29, 195, 77, 184, 26, 134, 1]
2026-08-12 17:47:12,974 [instantiator.py] => Created a temporary directory at /tmp/tmp96ppsba5
2026-08-12 17:47:12,974 [instantiator.py] => Writing /tmp/tmp96ppsba5/_remote_module_non_scriptable.py
2026-08-12 17:47:13,108 [factory.py] => Loaded ViT-B-16 model config.
2026-08-12 17:47:14,523 [factory.py] => Loading pretrained ViT-B-16 weights (/home/team/zhaohongwei/pretrained_models/open_clip_pytorch_model_laion400m_e32.bin).
2026-08-12 17:47:16,132 [ranpac.py] => Learning on 0-20
2026-08-12 17:47:16,136 [ranpac.py] => RanPAC first-session trainable parameters: 1199872
2026-08-12 17:49:45,610 [ranpac.py] => Initialized RanPAC random projection: 512 -> 10000
2026-08-12 17:49:49,209 [ranpac.py] => RanPAC ridge parameter: 10000
2026-08-12 17:49:50,407 [trainer.py] => CNN: {'total': 93.15, '00-09': 90.74, '10-19': 95.5, 'old': 0, 'new': 93.15, 'harmonic': 0.0}
2026-08-12 17:49:50,408 [trainer.py] => CNN top1 curve: [93.15]
2026-08-12 17:49:50,408 [trainer.py] => CNN top5 curve: [98.63]
2026-08-12 17:49:50,408 [trainer.py] => Average Accuracy (CNN top1): 93.15
2026-08-12 17:49:50,418 [ranpac.py] => Learning on 20-40
2026-08-12 17:49:53,840 [ranpac.py] => RanPAC ridge parameter: 10000
2026-08-12 17:49:55,712 [trainer.py] => CNN: {'total': 90.33, '00-09': 88.89, '10-19': 89.19, '20-29': 92.13, '30-39': 90.83, 'old': 89.04, 'new': 91.53, 'harmonic': 90.27}
2026-08-12 17:49:55,713 [trainer.py] => CNN top1 curve: [93.15, 90.33]
2026-08-12 17:49:55,713 [trainer.py] => CNN top5 curve: [98.63, 98.24]
2026-08-12 17:49:55,713 [trainer.py] => Average Accuracy (CNN top1): 91.74000000000001
2026-08-12 17:49:55,731 [ranpac.py] => Learning on 40-60
2026-08-12 17:49:59,058 [ranpac.py] => RanPAC ridge parameter: 10000
2026-08-12 17:50:01,838 [trainer.py] => CNN: {'total': 91.3, '00-09': 89.81, '10-19': 89.19, '20-29': 88.98, '30-39': 89.91, '40-49': 100.0, '50-59': 89.86, 'old': 89.45, 'new': 94.42, 'harmonic': 91.87}
2026-08-12 17:50:01,838 [trainer.py] => CNN top1 curve: [93.15, 90.33, 91.3]
2026-08-12 17:50:01,838 [trainer.py] => CNN top5 curve: [98.63, 98.24, 97.79]
2026-08-12 17:50:01,839 [trainer.py] => Average Accuracy (CNN top1): 91.59333333333335
2026-08-12 17:50:01,858 [ranpac.py] => Learning on 60-80
2026-08-12 17:50:05,346 [ranpac.py] => RanPAC ridge parameter: 10000
2026-08-12 17:50:08,935 [trainer.py] => CNN: {'total': 88.99, '00-09': 87.96, '10-19': 87.39, '20-29': 85.83, '30-39': 88.99, '40-49': 100.0, '50-59': 90.54, '60-69': 86.51, '70-79': 84.07, 'old': 90.19, 'new': 85.36, 'harmonic': 87.71}
2026-08-12 17:50:08,935 [trainer.py] => CNN top1 curve: [93.15, 90.33, 91.3, 88.99]
2026-08-12 17:50:08,935 [trainer.py] => CNN top5 curve: [98.63, 98.24, 97.79, 97.09]
2026-08-12 17:50:08,935 [trainer.py] => Average Accuracy (CNN top1): 90.94250000000001
2026-08-12 17:50:08,962 [ranpac.py] => Learning on 80-100
2026-08-12 17:50:12,430 [ranpac.py] => RanPAC ridge parameter: 10000
2026-08-12 17:50:16,610 [trainer.py] => CNN: {'total': 88.21, '00-09': 87.96, '10-19': 84.68, '20-29': 85.04, '30-39': 87.16, '40-49': 100.0, '50-59': 90.54, '60-69': 84.13, '70-79': 83.19, '80-89': 90.6, '90-99': 87.9, 'old': 87.95, 'new': 89.21, 'harmonic': 88.58}
2026-08-12 17:50:16,611 [trainer.py] => CNN top1 curve: [93.15, 90.33, 91.3, 88.99, 88.21]
2026-08-12 17:50:16,611 [trainer.py] => CNN top5 curve: [98.63, 98.24, 97.79, 97.09, 97.01]
2026-08-12 17:50:16,611 [trainer.py] => Average Accuracy (CNN top1): 90.396
2026-08-12 17:50:16,634 [ranpac.py] => Learning on 100-120
2026-08-12 17:50:20,057 [ranpac.py] => RanPAC ridge parameter: 10000
2026-08-12 17:50:24,958 [trainer.py] => CNN: {'total': 87.66, '00-09': 86.11, '10-19': 81.98, '20-29': 83.46, '30-39': 87.16, '40-49': 99.17, '50-59': 89.86, '60-69': 82.54, '70-79': 85.84, '80-89': 90.6, '90-99': 87.9, '100-109': 83.62, '110-119': 92.62, 'old': 87.54, 'new': 88.24, 'harmonic': 87.89}
2026-08-12 17:50:24,958 [trainer.py] => CNN top1 curve: [93.15, 90.33, 91.3, 88.99, 88.21, 87.66]
2026-08-12 17:50:24,958 [trainer.py] => CNN top5 curve: [98.63, 98.24, 97.79, 97.09, 97.01, 96.39]
2026-08-12 17:50:24,959 [trainer.py] => Average Accuracy (CNN top1): 89.94
2026-08-12 17:50:24,986 [ranpac.py] => Learning on 120-140
2026-08-12 17:50:28,534 [ranpac.py] => RanPAC ridge parameter: 10000
2026-08-12 17:50:34,163 [trainer.py] => CNN: {'total': 85.86, '00-09': 85.19, '10-19': 81.08, '20-29': 83.46, '30-39': 87.16, '40-49': 97.52, '50-59': 89.19, '60-69': 78.57, '70-79': 82.3, '80-89': 89.74, '90-99': 86.29, '100-109': 82.76, '110-119': 91.8, '120-129': 87.5, '130-139': 77.78, 'old': 86.34, 'new': 82.73, 'harmonic': 84.5}
2026-08-12 17:50:34,164 [trainer.py] => CNN top1 curve: [93.15, 90.33, 91.3, 88.99, 88.21, 87.66, 85.86]
2026-08-12 17:50:34,164 [trainer.py] => CNN top5 curve: [98.63, 98.24, 97.79, 97.09, 97.01, 96.39, 96.27]
2026-08-12 17:50:34,164 [trainer.py] => Average Accuracy (CNN top1): 89.35714285714286
2026-08-12 17:50:34,187 [ranpac.py] => Learning on 140-160
2026-08-12 17:50:37,730 [ranpac.py] => RanPAC ridge parameter: 10000
2026-08-12 17:50:44,074 [trainer.py] => CNN: {'total': 84.22, '00-09': 84.26, '10-19': 80.18, '20-29': 80.31, '30-39': 84.4, '40-49': 95.87, '50-59': 89.86, '60-69': 81.75, '70-79': 78.76, '80-89': 86.32, '90-99': 87.1, '100-109': 81.03, '110-119': 90.98, '120-129': 87.5, '130-139': 76.85, '140-149': 81.82, '150-159': 77.36, 'old': 84.84, 'new': 79.74, 'harmonic': 82.21}
2026-08-12 17:50:44,075 [trainer.py] => CNN top1 curve: [93.15, 90.33, 91.3, 88.99, 88.21, 87.66, 85.86, 84.22]
2026-08-12 17:50:44,075 [trainer.py] => CNN top5 curve: [98.63, 98.24, 97.79, 97.09, 97.01, 96.39, 96.27, 95.66]
2026-08-12 17:50:44,075 [trainer.py] => Average Accuracy (CNN top1): 88.715
2026-08-12 17:50:44,104 [ranpac.py] => Learning on 160-180
2026-08-12 17:50:47,519 [ranpac.py] => RanPAC ridge parameter: 10000
2026-08-12 17:50:54,524 [trainer.py] => CNN: {'total': 82.67, '00-09': 85.19, '10-19': 80.18, '20-29': 77.17, '30-39': 81.65, '40-49': 94.21, '50-59': 89.19, '60-69': 79.37, '70-79': 77.88, '80-89': 84.62, '90-99': 85.48, '100-109': 79.31, '110-119': 90.98, '120-129': 86.61, '130-139': 73.15, '140-149': 80.99, '150-159': 74.53, '160-169': 82.73, '170-179': 81.45, 'old': 82.74, 'new': 82.05, 'harmonic': 82.39}
2026-08-12 17:50:54,524 [trainer.py] => CNN top1 curve: [93.15, 90.33, 91.3, 88.99, 88.21, 87.66, 85.86, 84.22, 82.67]
2026-08-12 17:50:54,524 [trainer.py] => CNN top5 curve: [98.63, 98.24, 97.79, 97.09, 97.01, 96.39, 96.27, 95.66, 95.34]
2026-08-12 17:50:54,524 [trainer.py] => Average Accuracy (CNN top1): 88.04333333333334
2026-08-12 17:50:54,548 [ranpac.py] => Learning on 180-200
2026-08-12 17:50:58,077 [ranpac.py] => RanPAC ridge parameter: 10000
2026-08-12 17:51:05,846 [trainer.py] => CNN: {'total': 80.75, '00-09': 85.19, '10-19': 76.58, '20-29': 80.31, '30-39': 77.06, '40-49': 93.39, '50-59': 87.16, '60-69': 79.37, '70-79': 79.65, '80-89': 82.05, '90-99': 83.87, '100-109': 79.31, '110-119': 91.8, '120-129': 85.71, '130-139': 72.22, '140-149': 78.51, '150-159': 74.53, '160-169': 79.09, '170-179': 79.84, '180-189': 75.89, '190-199': 69.92, 'old': 81.63, 'new': 72.77, 'harmonic': 76.95}
2026-08-12 17:51:05,847 [trainer.py] => CNN top1 curve: [93.15, 90.33, 91.3, 88.99, 88.21, 87.66, 85.86, 84.22, 82.67, 80.75]
2026-08-12 17:51:05,847 [trainer.py] => CNN top5 curve: [98.63, 98.24, 97.79, 97.09, 97.01, 96.39, 96.27, 95.66, 95.34, 94.74]
2026-08-12 17:51:05,847 [trainer.py] => Average Accuracy (CNN top1): 87.314
