2026-08-12 20:30:57,854 [trainer.py] => config: /home/team/zhaohongwei/Code/Research/Awesome-MMCL/configs/ranpac/ranpac_food_B0_Inc10.json
2026-08-12 20:30:57,854 [trainer.py] => prefix: -
2026-08-12 20:30:57,854 [trainer.py] => dataset: food101
2026-08-12 20:30:57,854 [trainer.py] => memory_size: 0
2026-08-12 20:30:57,854 [trainer.py] => memory_per_class: 0
2026-08-12 20:30:57,854 [trainer.py] => fixed_memory: False
2026-08-12 20:30:57,854 [trainer.py] => shuffle: True
2026-08-12 20:30:57,854 [trainer.py] => init_cls: 10
2026-08-12 20:30:57,854 [trainer.py] => increment: 10
2026-08-12 20:30:57,854 [trainer.py] => model_name: ranpac
2026-08-12 20:30:57,854 [trainer.py] => backbone_type: clip
2026-08-12 20:30:57,854 [trainer.py] => clip_pretrained: /home/team/zhaohongwei/pretrained_models/open_clip_pytorch_model_laion400m_e32.bin
2026-08-12 20:30:57,854 [trainer.py] => device: [device(type='cuda', index=0)]
2026-08-12 20:30:57,854 [trainer.py] => seed: 2026
2026-08-12 20:30:57,855 [trainer.py] => tuned_epoch: 20
2026-08-12 20:30:57,855 [trainer.py] => init_lr: 0.01
2026-08-12 20:30:57,855 [trainer.py] => batch_size: 48
2026-08-12 20:30:57,855 [trainer.py] => weight_decay: 0.0005
2026-08-12 20:30:57,855 [trainer.py] => min_lr: 0.0
2026-08-12 20:30:57,855 [trainer.py] => ffn_num: 64
2026-08-12 20:30:57,855 [trainer.py] => optimizer: sgd
2026-08-12 20:30:57,855 [trainer.py] => num_workers: 8
2026-08-12 20:30:57,855 [trainer.py] => use_RP: True
2026-08-12 20:30:57,855 [trainer.py] => M: 10000
2026-08-12 20:30:57,855 [trainer.py] => ridge_sample_size: 1024
2026-08-12 20:30:57,855 [trainer.py] => total_class_num: 100
2026-08-12 20:30:58,201 [data_manager.py] => [98, 10, 4, 18, 88, 13, 8, 84, 79, 21, 85, 96, 53, 42, 52, 97, 74, 5, 58, 23, 90, 59, 16, 72, 75, 30, 43, 99, 44, 41, 0, 46, 61, 80, 65, 39, 70, 87, 89, 91, 82, 14, 12, 71, 50, 11, 15, 57, 22, 67, 45, 32, 78, 63, 66, 55, 31, 62, 35, 34, 19, 49, 24, 9, 37, 36, 3, 64, 40, 86, 81, 93, 47, 73, 17, 60, 68, 25, 38, 48, 33, 20, 83, 7, 27, 94, 54, 2, 92, 76, 69, 51, 28, 29, 95, 77, 56, 26, 6, 1]
2026-08-12 20:30:59,801 [instantiator.py] => Created a temporary directory at /tmp/tmpv53n9zzh
2026-08-12 20:30:59,801 [instantiator.py] => Writing /tmp/tmpv53n9zzh/_remote_module_non_scriptable.py
2026-08-12 20:30:59,970 [factory.py] => Loaded ViT-B-16 model config.
2026-08-12 20:31:01,491 [factory.py] => Loading pretrained ViT-B-16 weights (/home/team/zhaohongwei/pretrained_models/open_clip_pytorch_model_laion400m_e32.bin).
2026-08-12 20:31:03,210 [ranpac.py] => Learning on 0-10
2026-08-12 20:31:03,220 [ranpac.py] => RanPAC first-session trainable parameters: 1194752
2026-08-12 20:50:43,497 [ranpac.py] => Initialized RanPAC random projection: 512 -> 10000
2026-08-12 20:51:09,193 [ranpac.py] => RanPAC ridge parameter: 100000
2026-08-12 20:51:15,996 [trainer.py] => CNN: {'total': 95.42, '00-09': 95.42, 'old': 0, 'new': 95.42, 'harmonic': 0.0}
2026-08-12 20:51:15,996 [trainer.py] => CNN top1 curve: [95.42]
2026-08-12 20:51:15,996 [trainer.py] => CNN top5 curve: [99.7]
2026-08-12 20:51:15,997 [trainer.py] => Average Accuracy (CNN top1): 95.42
2026-08-12 20:51:16,006 [ranpac.py] => Learning on 10-20
2026-08-12 20:51:41,396 [ranpac.py] => RanPAC ridge parameter: 100000
2026-08-12 20:51:54,555 [trainer.py] => CNN: {'total': 94.16, '00-09': 94.26, '10-19': 94.06, 'old': 94.26, 'new': 94.06, 'harmonic': 94.16}
2026-08-12 20:51:54,555 [trainer.py] => CNN top1 curve: [95.42, 94.16]
2026-08-12 20:51:54,556 [trainer.py] => CNN top5 curve: [99.7, 99.29]
2026-08-12 20:51:54,556 [trainer.py] => Average Accuracy (CNN top1): 94.78999999999999
2026-08-12 20:51:54,564 [ranpac.py] => Learning on 20-30
2026-08-12 20:52:20,041 [ranpac.py] => RanPAC ridge parameter: 10000
2026-08-12 20:52:39,140 [trainer.py] => CNN: {'total': 92.63, '00-09': 91.89, '10-19': 92.96, '20-29': 93.02, 'old': 92.44, 'new': 93.02, 'harmonic': 92.73}
2026-08-12 20:52:39,141 [trainer.py] => CNN top1 curve: [95.42, 94.16, 92.63]
2026-08-12 20:52:39,141 [trainer.py] => CNN top5 curve: [99.7, 99.29, 98.69]
2026-08-12 20:52:39,141 [trainer.py] => Average Accuracy (CNN top1): 94.07
2026-08-12 20:52:39,149 [ranpac.py] => Learning on 30-40
2026-08-12 20:53:04,211 [ranpac.py] => RanPAC ridge parameter: 10000
2026-08-12 20:53:29,562 [trainer.py] => CNN: {'total': 91.06, '00-09': 90.99, '10-19': 91.57, '20-29': 92.25, '30-39': 89.44, 'old': 91.6, 'new': 89.44, 'harmonic': 90.51}
2026-08-12 20:53:29,562 [trainer.py] => CNN top1 curve: [95.42, 94.16, 92.63, 91.06]
2026-08-12 20:53:29,563 [trainer.py] => CNN top5 curve: [99.7, 99.29, 98.69, 98.24]
2026-08-12 20:53:29,563 [trainer.py] => Average Accuracy (CNN top1): 93.3175
2026-08-12 20:53:29,572 [ranpac.py] => Learning on 40-50
2026-08-12 20:53:55,146 [ranpac.py] => RanPAC ridge parameter: 100000
2026-08-12 20:54:26,719 [trainer.py] => CNN: {'total': 88.18, '00-09': 88.92, '10-19': 90.0, '20-29': 90.01, '30-39': 87.21, '40-49': 84.7, 'old': 89.04, 'new': 84.7, 'harmonic': 86.82}
2026-08-12 20:54:26,719 [trainer.py] => CNN top1 curve: [95.42, 94.16, 92.63, 91.06, 88.18]
2026-08-12 20:54:26,719 [trainer.py] => CNN top5 curve: [99.7, 99.29, 98.69, 98.24, 97.85]
2026-08-12 20:54:26,719 [trainer.py] => Average Accuracy (CNN top1): 92.28999999999999
2026-08-12 20:54:26,739 [ranpac.py] => Learning on 50-60
2026-08-12 20:54:51,874 [ranpac.py] => RanPAC ridge parameter: 10000
2026-08-12 20:55:29,434 [trainer.py] => CNN: {'total': 88.13, '00-09': 88.67, '10-19': 88.65, '20-29': 90.16, '30-39': 86.71, '40-49': 83.9, '50-59': 90.62, 'old': 87.62, 'new': 90.62, 'harmonic': 89.09}
2026-08-12 20:55:29,434 [trainer.py] => CNN top1 curve: [95.42, 94.16, 92.63, 91.06, 88.18, 88.13]
2026-08-12 20:55:29,435 [trainer.py] => CNN top5 curve: [99.7, 99.29, 98.69, 98.24, 97.85, 97.26]
2026-08-12 20:55:29,435 [trainer.py] => Average Accuracy (CNN top1): 91.59666666666665
2026-08-12 20:55:29,446 [ranpac.py] => Learning on 60-70
2026-08-12 20:55:54,972 [ranpac.py] => RanPAC ridge parameter: 100000
2026-08-12 20:56:38,549 [trainer.py] => CNN: {'total': 86.97, '00-09': 87.26, '10-19': 87.12, '20-29': 88.84, '30-39': 85.92, '40-49': 82.35, '50-59': 89.49, '60-69': 87.78, 'old': 86.83, 'new': 87.78, 'harmonic': 87.3}
2026-08-12 20:56:38,549 [trainer.py] => CNN top1 curve: [95.42, 94.16, 92.63, 91.06, 88.18, 88.13, 86.97]
2026-08-12 20:56:38,549 [trainer.py] => CNN top5 curve: [99.7, 99.29, 98.69, 98.24, 97.85, 97.26, 97.34]
2026-08-12 20:56:38,549 [trainer.py] => Average Accuracy (CNN top1): 90.93571428571428
2026-08-12 20:56:38,563 [ranpac.py] => Learning on 70-80
2026-08-12 20:57:03,596 [ranpac.py] => RanPAC ridge parameter: 10000
2026-08-12 20:57:53,198 [trainer.py] => CNN: {'total': 86.11, '00-09': 86.05, '10-19': 86.74, '20-29': 87.92, '30-39': 86.02, '40-49': 81.39, '50-59': 89.89, '60-69': 86.31, '70-79': 84.47, 'old': 86.34, 'new': 84.47, 'harmonic': 85.39}
2026-08-12 20:57:53,199 [trainer.py] => CNN top1 curve: [95.42, 94.16, 92.63, 91.06, 88.18, 88.13, 86.97, 86.11]
2026-08-12 20:57:53,199 [trainer.py] => CNN top5 curve: [99.7, 99.29, 98.69, 98.24, 97.85, 97.26, 97.34, 96.64]
2026-08-12 20:57:53,199 [trainer.py] => Average Accuracy (CNN top1): 90.3325
2026-08-12 20:57:53,222 [ranpac.py] => Learning on 80-90
2026-08-12 20:58:18,880 [ranpac.py] => RanPAC ridge parameter: 10000
2026-08-12 20:59:14,475 [trainer.py] => CNN: {'total': 86.23, '00-09': 84.79, '10-19': 86.21, '20-29': 87.31, '30-39': 84.73, '40-49': 81.39, '50-59': 89.69, '60-69': 85.7, '70-79': 83.68, '80-89': 92.63, 'old': 85.45, 'new': 92.63, 'harmonic': 88.9}
2026-08-12 20:59:14,475 [trainer.py] => CNN top1 curve: [95.42, 94.16, 92.63, 91.06, 88.18, 88.13, 86.97, 86.11, 86.23]
2026-08-12 20:59:14,476 [trainer.py] => CNN top5 curve: [99.7, 99.29, 98.69, 98.24, 97.85, 97.26, 97.34, 96.64, 96.52]
2026-08-12 20:59:14,476 [trainer.py] => Average Accuracy (CNN top1): 89.87666666666667
2026-08-12 20:59:14,491 [ranpac.py] => Learning on 90-100
2026-08-12 20:59:39,872 [ranpac.py] => RanPAC ridge parameter: 100000
2026-08-12 21:00:42,189 [trainer.py] => CNN: {'total': 85.08, '00-09': 83.69, '10-19': 84.78, '20-29': 86.39, '30-39': 83.79, '40-49': 80.29, '50-59': 86.99, '60-69': 84.58, '70-79': 82.94, '80-89': 91.45, '90-99': 86.05, 'old': 84.97, 'new': 86.05, 'harmonic': 85.51}
2026-08-12 21:00:42,190 [trainer.py] => CNN top1 curve: [95.42, 94.16, 92.63, 91.06, 88.18, 88.13, 86.97, 86.11, 86.23, 85.08]
2026-08-12 21:00:42,190 [trainer.py] => CNN top5 curve: [99.7, 99.29, 98.69, 98.24, 97.85, 97.26, 97.34, 96.64, 96.52, 96.53]
2026-08-12 21:00:42,190 [trainer.py] => Average Accuracy (CNN top1): 89.397
