2026-08-12 21:00:45,202 [trainer.py] => config: /home/team/zhaohongwei/Code/Research/Awesome-MMCL/configs/ranpac/ranpac_food_B50_Inc10.json
2026-08-12 21:00:45,203 [trainer.py] => prefix: -
2026-08-12 21:00:45,203 [trainer.py] => dataset: food101
2026-08-12 21:00:45,203 [trainer.py] => memory_size: 0
2026-08-12 21:00:45,203 [trainer.py] => memory_per_class: 0
2026-08-12 21:00:45,203 [trainer.py] => fixed_memory: False
2026-08-12 21:00:45,203 [trainer.py] => shuffle: True
2026-08-12 21:00:45,203 [trainer.py] => init_cls: 50
2026-08-12 21:00:45,203 [trainer.py] => increment: 10
2026-08-12 21:00:45,203 [trainer.py] => model_name: ranpac
2026-08-12 21:00:45,203 [trainer.py] => backbone_type: clip
2026-08-12 21:00:45,203 [trainer.py] => clip_pretrained: /home/team/zhaohongwei/pretrained_models/open_clip_pytorch_model_laion400m_e32.bin
2026-08-12 21:00:45,203 [trainer.py] => device: [device(type='cuda', index=0)]
2026-08-12 21:00:45,203 [trainer.py] => seed: 2026
2026-08-12 21:00:45,203 [trainer.py] => tuned_epoch: 20
2026-08-12 21:00:45,203 [trainer.py] => init_lr: 0.01
2026-08-12 21:00:45,203 [trainer.py] => batch_size: 48
2026-08-12 21:00:45,203 [trainer.py] => weight_decay: 0.0005
2026-08-12 21:00:45,203 [trainer.py] => min_lr: 0.0
2026-08-12 21:00:45,203 [trainer.py] => ffn_num: 64
2026-08-12 21:00:45,203 [trainer.py] => optimizer: sgd
2026-08-12 21:00:45,203 [trainer.py] => num_workers: 8
2026-08-12 21:00:45,203 [trainer.py] => use_RP: True
2026-08-12 21:00:45,203 [trainer.py] => M: 10000
2026-08-12 21:00:45,204 [trainer.py] => ridge_sample_size: 1024
2026-08-12 21:00:45,204 [trainer.py] => total_class_num: 100
2026-08-12 21:00:45,568 [data_manager.py] => [98, 10, 4, 18, 88, 13, 8, 84, 79, 21, 85, 96, 53, 42, 52, 97, 74, 5, 58, 23, 90, 59, 16, 72, 75, 30, 43, 99, 44, 41, 0, 46, 61, 80, 65, 39, 70, 87, 89, 91, 82, 14, 12, 71, 50, 11, 15, 57, 22, 67, 45, 32, 78, 63, 66, 55, 31, 62, 35, 34, 19, 49, 24, 9, 37, 36, 3, 64, 40, 86, 81, 93, 47, 73, 17, 60, 68, 25, 38, 48, 33, 20, 83, 7, 27, 94, 54, 2, 92, 76, 69, 51, 28, 29, 95, 77, 56, 26, 6, 1]
2026-08-12 21:00:46,946 [instantiator.py] => Created a temporary directory at /tmp/tmpkd3mjfd8
2026-08-12 21:00:46,946 [instantiator.py] => Writing /tmp/tmpkd3mjfd8/_remote_module_non_scriptable.py
2026-08-12 21:00:47,092 [factory.py] => Loaded ViT-B-16 model config.
2026-08-12 21:00:48,893 [factory.py] => Loading pretrained ViT-B-16 weights (/home/team/zhaohongwei/pretrained_models/open_clip_pytorch_model_laion400m_e32.bin).
2026-08-12 21:00:50,779 [ranpac.py] => Learning on 0-50
2026-08-12 21:00:50,818 [ranpac.py] => RanPAC first-session trainable parameters: 1215232
2026-08-12 22:37:55,047 [ranpac.py] => Initialized RanPAC random projection: 512 -> 10000
2026-08-12 22:39:57,495 [ranpac.py] => RanPAC ridge parameter: 10000
2026-08-12 22:40:29,051 [trainer.py] => CNN: {'total': 88.17, '00-09': 87.81, '10-19': 91.0, '20-29': 90.47, '30-39': 87.31, '40-49': 84.15, 'old': 0, 'new': 88.17, 'harmonic': 0.0}
2026-08-12 22:40:29,051 [trainer.py] => CNN top1 curve: [88.17]
2026-08-12 22:40:29,051 [trainer.py] => CNN top5 curve: [97.82]
2026-08-12 22:40:29,051 [trainer.py] => Average Accuracy (CNN top1): 88.17
2026-08-12 22:40:29,248 [ranpac.py] => Learning on 50-60
2026-08-12 22:40:54,525 [ranpac.py] => RanPAC ridge parameter: 10000
2026-08-12 22:41:32,091 [trainer.py] => CNN: {'total': 87.66, '00-09': 87.46, '10-19': 88.46, '20-29': 89.76, '30-39': 86.86, '40-49': 83.85, '50-59': 89.54, 'old': 87.28, 'new': 89.54, 'harmonic': 88.4}
2026-08-12 22:41:32,092 [trainer.py] => CNN top1 curve: [88.17, 87.66]
2026-08-12 22:41:32,092 [trainer.py] => CNN top5 curve: [97.82, 97.62]
2026-08-12 22:41:32,092 [trainer.py] => Average Accuracy (CNN top1): 87.91499999999999
2026-08-12 22:41:32,104 [ranpac.py] => Learning on 60-70
2026-08-12 22:41:57,384 [ranpac.py] => RanPAC ridge parameter: 10000
2026-08-12 22:42:40,956 [trainer.py] => CNN: {'total': 87.15, '00-09': 86.81, '10-19': 87.89, '20-29': 89.09, '30-39': 86.12, '40-49': 83.2, '50-59': 88.95, '60-69': 87.93, 'old': 87.02, 'new': 87.93, 'harmonic': 87.47}
2026-08-12 22:42:40,957 [trainer.py] => CNN top1 curve: [88.17, 87.66, 87.15]
2026-08-12 22:42:40,957 [trainer.py] => CNN top5 curve: [97.82, 97.62, 97.36]
2026-08-12 22:42:40,957 [trainer.py] => Average Accuracy (CNN top1): 87.66000000000001
2026-08-12 22:42:40,984 [ranpac.py] => Learning on 70-80
2026-08-12 22:43:06,027 [ranpac.py] => RanPAC ridge parameter: 10000
2026-08-12 22:43:56,328 [trainer.py] => CNN: {'total': 85.95, '00-09': 84.74, '10-19': 87.41, '20-29': 88.33, '30-39': 85.77, '40-49': 82.0, '50-59': 88.95, '60-69': 86.21, '70-79': 84.13, 'old': 86.21, 'new': 84.13, 'harmonic': 85.16}
2026-08-12 22:43:56,328 [trainer.py] => CNN top1 curve: [88.17, 87.66, 87.15, 85.95]
2026-08-12 22:43:56,328 [trainer.py] => CNN top5 curve: [97.82, 97.62, 97.36, 97.03]
2026-08-12 22:43:56,329 [trainer.py] => Average Accuracy (CNN top1): 87.2325
2026-08-12 22:43:56,342 [ranpac.py] => Learning on 80-90
2026-08-12 22:44:21,817 [ranpac.py] => RanPAC ridge parameter: 10000
2026-08-12 22:45:17,245 [trainer.py] => CNN: {'total': 85.75, '00-09': 84.04, '10-19': 86.31, '20-29': 87.41, '30-39': 84.88, '40-49': 81.85, '50-59': 88.81, '60-69': 85.5, '70-79': 82.59, '80-89': 90.42, 'old': 85.18, 'new': 90.42, 'harmonic': 87.72}
2026-08-12 22:45:17,245 [trainer.py] => CNN top1 curve: [88.17, 87.66, 87.15, 85.95, 85.75]
2026-08-12 22:45:17,245 [trainer.py] => CNN top5 curve: [97.82, 97.62, 97.36, 97.03, 96.89]
2026-08-12 22:45:17,245 [trainer.py] => Average Accuracy (CNN top1): 86.936
2026-08-12 22:45:17,258 [ranpac.py] => Learning on 90-100
2026-08-12 22:45:42,755 [ranpac.py] => RanPAC ridge parameter: 10000
2026-08-12 22:46:44,478 [trainer.py] => CNN: {'total': 84.93, '00-09': 83.59, '10-19': 85.54, '20-29': 87.31, '30-39': 84.09, '40-49': 80.44, '50-59': 86.75, '60-69': 84.79, '70-79': 81.2, '80-89': 90.02, '90-99': 85.75, 'old': 84.84, 'new': 85.75, 'harmonic': 85.29}
2026-08-12 22:46:44,478 [trainer.py] => CNN top1 curve: [88.17, 87.66, 87.15, 85.95, 85.75, 84.93]
2026-08-12 22:46:44,478 [trainer.py] => CNN top5 curve: [97.82, 97.62, 97.36, 97.03, 96.89, 96.65]
2026-08-12 22:46:44,478 [trainer.py] => Average Accuracy (CNN top1): 86.60166666666667
