2026-08-10 18:20:54,082 [trainer.py] => config: /home/team/zhaohongwei/Code/Research/Awesome-MMCL/configs/ranpac/ranpac_food_B50_Inc10.json
2026-08-10 18:20:54,082 [trainer.py] => prefix: -
2026-08-10 18:20:54,082 [trainer.py] => dataset: food101
2026-08-10 18:20:54,082 [trainer.py] => memory_size: 0
2026-08-10 18:20:54,082 [trainer.py] => memory_per_class: 0
2026-08-10 18:20:54,082 [trainer.py] => fixed_memory: False
2026-08-10 18:20:54,082 [trainer.py] => shuffle: True
2026-08-10 18:20:54,082 [trainer.py] => init_cls: 50
2026-08-10 18:20:54,082 [trainer.py] => increment: 10
2026-08-10 18:20:54,082 [trainer.py] => model_name: ranpac
2026-08-10 18:20:54,082 [trainer.py] => backbone_type: clip
2026-08-10 18:20:54,082 [trainer.py] => clip_pretrained: /home/team/zhaohongwei/pretrained_models/open_clip_pytorch_model_laion400m_e32.bin
2026-08-10 18:20:54,082 [trainer.py] => device: [device(type='cuda', index=0)]
2026-08-10 18:20:54,082 [trainer.py] => seed: 0
2026-08-10 18:20:54,082 [trainer.py] => tuned_epoch: 20
2026-08-10 18:20:54,082 [trainer.py] => init_lr: 0.01
2026-08-10 18:20:54,082 [trainer.py] => batch_size: 48
2026-08-10 18:20:54,082 [trainer.py] => weight_decay: 0.0005
2026-08-10 18:20:54,082 [trainer.py] => min_lr: 0.0
2026-08-10 18:20:54,082 [trainer.py] => ffn_num: 64
2026-08-10 18:20:54,082 [trainer.py] => optimizer: sgd
2026-08-10 18:20:54,082 [trainer.py] => num_workers: 8
2026-08-10 18:20:54,082 [trainer.py] => use_RP: True
2026-08-10 18:20:54,082 [trainer.py] => M: 10000
2026-08-10 18:20:54,082 [trainer.py] => ridge_sample_size: 1024
2026-08-10 18:20:54,082 [trainer.py] => total_class_num: 100
2026-08-10 18:20:54,426 [data_manager.py] => [26, 86, 2, 55, 75, 93, 16, 73, 54, 95, 53, 92, 78, 13, 7, 30, 22, 24, 33, 8, 43, 62, 3, 71, 45, 48, 6, 99, 82, 76, 60, 80, 90, 68, 51, 27, 18, 56, 63, 74, 1, 61, 42, 41, 4, 15, 17, 40, 38, 5, 91, 59, 0, 34, 28, 50, 11, 35, 23, 52, 10, 31, 66, 57, 79, 85, 32, 84, 14, 89, 19, 29, 49, 97, 98, 69, 20, 94, 72, 77, 25, 37, 81, 46, 39, 65, 58, 12, 88, 70, 87, 36, 21, 83, 9, 96, 67, 64, 47, 44]
2026-08-10 18:20:55,809 [instantiator.py] => Created a temporary directory at /tmp/tmpu8nsjk30
2026-08-10 18:20:55,810 [instantiator.py] => Writing /tmp/tmpu8nsjk30/_remote_module_non_scriptable.py
2026-08-10 18:20:55,948 [factory.py] => Loaded ViT-B-16 model config.
2026-08-10 18:20:57,398 [factory.py] => Loading pretrained ViT-B-16 weights (/home/team/zhaohongwei/pretrained_models/open_clip_pytorch_model_laion400m_e32.bin).
2026-08-10 18:20:59,029 [ranpac.py] => Learning on 0-50
2026-08-10 18:20:59,071 [ranpac.py] => RanPAC first-session trainable parameters: 1215232
2026-08-10 19:54:12,493 [ranpac.py] => Initialized RanPAC random projection: 512 -> 10000
2026-08-10 19:56:20,067 [ranpac.py] => RanPAC ridge parameter: 10000
2026-08-10 19:56:53,806 [trainer.py] => CNN: {'total': 90.18, '00-09': 91.22, '10-19': 90.78, '20-29': 89.31, '30-39': 91.83, '40-49': 87.79, 'old': 0, 'new': 90.18, 'harmonic': 0.0}
2026-08-10 19:56:53,806 [trainer.py] => CNN top1 curve: [90.18]
2026-08-10 19:56:53,806 [trainer.py] => CNN top5 curve: [98.21]
2026-08-10 19:56:53,806 [trainer.py] => Average Accuracy (CNN top1): 90.18
2026-08-10 19:56:53,819 [ranpac.py] => Learning on 50-60
2026-08-10 19:57:19,890 [ranpac.py] => RanPAC ridge parameter: 10000
2026-08-10 19:58:00,467 [trainer.py] => CNN: {'total': 88.97, '00-09': 91.12, '10-19': 89.72, '20-29': 88.01, '30-39': 91.04, '40-49': 87.14, '50-59': 86.76, 'old': 89.4, 'new': 86.76, 'harmonic': 88.06}
2026-08-10 19:58:00,468 [trainer.py] => CNN top1 curve: [90.18, 88.97]
2026-08-10 19:58:00,468 [trainer.py] => CNN top5 curve: [98.21, 97.8]
2026-08-10 19:58:00,468 [trainer.py] => Average Accuracy (CNN top1): 89.575
2026-08-10 19:58:00,481 [ranpac.py] => Learning on 60-70
2026-08-10 19:58:27,169 [ranpac.py] => RanPAC ridge parameter: 10000
2026-08-10 19:59:13,636 [trainer.py] => CNN: {'total': 87.74, '00-09': 89.71, '10-19': 89.26, '20-29': 86.8, '30-39': 90.41, '40-49': 86.1, '50-59': 86.06, '60-69': 85.86, 'old': 88.06, 'new': 85.86, 'harmonic': 86.95}
2026-08-10 19:59:13,637 [trainer.py] => CNN top1 curve: [90.18, 88.97, 87.74]
2026-08-10 19:59:13,637 [trainer.py] => CNN top5 curve: [98.21, 97.8, 97.52]
2026-08-10 19:59:13,637 [trainer.py] => Average Accuracy (CNN top1): 88.96333333333332
2026-08-10 19:59:13,654 [ranpac.py] => Learning on 70-80
2026-08-10 19:59:40,721 [ranpac.py] => RanPAC ridge parameter: 10000
2026-08-10 20:00:32,050 [trainer.py] => CNN: {'total': 86.86, '00-09': 88.61, '10-19': 88.7, '20-29': 86.85, '30-39': 89.57, '40-49': 85.25, '50-59': 84.5, '60-69': 84.75, '70-79': 86.63, 'old': 86.9, 'new': 86.63, 'harmonic': 86.76}
2026-08-10 20:00:32,050 [trainer.py] => CNN top1 curve: [90.18, 88.97, 87.74, 86.86]
2026-08-10 20:00:32,050 [trainer.py] => CNN top5 curve: [98.21, 97.8, 97.52, 97.19]
2026-08-10 20:00:32,051 [trainer.py] => Average Accuracy (CNN top1): 88.4375
2026-08-10 20:00:32,070 [ranpac.py] => Learning on 80-90
2026-08-10 20:00:58,035 [ranpac.py] => RanPAC ridge parameter: 10000
2026-08-10 20:01:55,109 [trainer.py] => CNN: {'total': 85.86, '00-09': 86.1, '10-19': 88.3, '20-29': 85.98, '30-39': 89.38, '40-49': 85.2, '50-59': 83.9, '60-69': 84.4, '70-79': 85.34, '80-89': 84.01, 'old': 86.08, 'new': 84.01, 'harmonic': 85.03}
2026-08-10 20:01:55,109 [trainer.py] => CNN top1 curve: [90.18, 88.97, 87.74, 86.86, 85.86]
2026-08-10 20:01:55,109 [trainer.py] => CNN top5 curve: [98.21, 97.8, 97.52, 97.19, 96.82]
2026-08-10 20:01:55,109 [trainer.py] => Average Accuracy (CNN top1): 87.922
2026-08-10 20:01:55,130 [ranpac.py] => Learning on 90-100
2026-08-10 20:02:21,144 [ranpac.py] => RanPAC ridge parameter: 10000
2026-08-10 20:03:25,020 [trainer.py] => CNN: {'total': 84.47, '00-09': 85.25, '10-19': 86.73, '20-29': 85.15, '30-39': 88.99, '40-49': 84.5, '50-59': 83.69, '60-69': 82.95, '70-79': 84.05, '80-89': 82.79, '90-99': 80.52, 'old': 84.92, 'new': 80.52, 'harmonic': 82.66}
2026-08-10 20:03:25,021 [trainer.py] => CNN top1 curve: [90.18, 88.97, 87.74, 86.86, 85.86, 84.47]
2026-08-10 20:03:25,021 [trainer.py] => CNN top5 curve: [98.21, 97.8, 97.52, 97.19, 96.82, 96.39]
2026-08-10 20:03:25,021 [trainer.py] => Average Accuracy (CNN top1): 87.34666666666668
