2026-08-10 17:51:39,034 [trainer.py] => config: /home/team/zhaohongwei/Code/Research/Awesome-MMCL/configs/ranpac/ranpac_food_B0_Inc10.json
2026-08-10 17:51:39,034 [trainer.py] => prefix: -
2026-08-10 17:51:39,034 [trainer.py] => dataset: food101
2026-08-10 17:51:39,034 [trainer.py] => memory_size: 0
2026-08-10 17:51:39,034 [trainer.py] => memory_per_class: 0
2026-08-10 17:51:39,034 [trainer.py] => fixed_memory: False
2026-08-10 17:51:39,034 [trainer.py] => shuffle: True
2026-08-10 17:51:39,034 [trainer.py] => init_cls: 10
2026-08-10 17:51:39,034 [trainer.py] => increment: 10
2026-08-10 17:51:39,034 [trainer.py] => model_name: ranpac
2026-08-10 17:51:39,034 [trainer.py] => backbone_type: clip
2026-08-10 17:51:39,034 [trainer.py] => clip_pretrained: /home/team/zhaohongwei/pretrained_models/open_clip_pytorch_model_laion400m_e32.bin
2026-08-10 17:51:39,034 [trainer.py] => device: [device(type='cuda', index=0)]
2026-08-10 17:51:39,034 [trainer.py] => seed: 0
2026-08-10 17:51:39,034 [trainer.py] => tuned_epoch: 20
2026-08-10 17:51:39,034 [trainer.py] => init_lr: 0.01
2026-08-10 17:51:39,034 [trainer.py] => batch_size: 48
2026-08-10 17:51:39,034 [trainer.py] => weight_decay: 0.0005
2026-08-10 17:51:39,034 [trainer.py] => min_lr: 0.0
2026-08-10 17:51:39,034 [trainer.py] => ffn_num: 64
2026-08-10 17:51:39,034 [trainer.py] => optimizer: sgd
2026-08-10 17:51:39,034 [trainer.py] => num_workers: 8
2026-08-10 17:51:39,034 [trainer.py] => use_RP: True
2026-08-10 17:51:39,034 [trainer.py] => M: 10000
2026-08-10 17:51:39,034 [trainer.py] => ridge_sample_size: 1024
2026-08-10 17:51:39,034 [trainer.py] => total_class_num: 100
2026-08-10 17:51:39,395 [data_manager.py] => [26, 86, 2, 55, 75, 93, 16, 73, 54, 95, 53, 92, 78, 13, 7, 30, 22, 24, 33, 8, 43, 62, 3, 71, 45, 48, 6, 99, 82, 76, 60, 80, 90, 68, 51, 27, 18, 56, 63, 74, 1, 61, 42, 41, 4, 15, 17, 40, 38, 5, 91, 59, 0, 34, 28, 50, 11, 35, 23, 52, 10, 31, 66, 57, 79, 85, 32, 84, 14, 89, 19, 29, 49, 97, 98, 69, 20, 94, 72, 77, 25, 37, 81, 46, 39, 65, 58, 12, 88, 70, 87, 36, 21, 83, 9, 96, 67, 64, 47, 44]
2026-08-10 17:51:40,688 [instantiator.py] => Created a temporary directory at /tmp/tmphkmo5ig3
2026-08-10 17:51:40,690 [instantiator.py] => Writing /tmp/tmphkmo5ig3/_remote_module_non_scriptable.py
2026-08-10 17:51:40,824 [factory.py] => Loaded ViT-B-16 model config.
2026-08-10 17:51:42,249 [factory.py] => Loading pretrained ViT-B-16 weights (/home/team/zhaohongwei/pretrained_models/open_clip_pytorch_model_laion400m_e32.bin).
2026-08-10 17:51:43,702 [ranpac.py] => Learning on 0-10
2026-08-10 17:51:43,712 [ranpac.py] => RanPAC first-session trainable parameters: 1194752
2026-08-10 18:10:31,127 [ranpac.py] => Initialized RanPAC random projection: 512 -> 10000
2026-08-10 18:10:57,536 [ranpac.py] => RanPAC ridge parameter: 100000
2026-08-10 18:11:04,698 [trainer.py] => CNN: {'total': 96.44, '00-09': 96.44, 'old': 0, 'new': 96.44, 'harmonic': 0.0}
2026-08-10 18:11:04,698 [trainer.py] => CNN top1 curve: [96.44]
2026-08-10 18:11:04,698 [trainer.py] => CNN top5 curve: [99.7]
2026-08-10 18:11:04,698 [trainer.py] => Average Accuracy (CNN top1): 96.44
2026-08-10 18:11:04,704 [ranpac.py] => Learning on 10-20
2026-08-10 18:11:31,604 [ranpac.py] => RanPAC ridge parameter: 10000
2026-08-10 18:11:44,656 [trainer.py] => CNN: {'total': 95.13, '00-09': 94.53, '10-19': 95.74, 'old': 94.53, 'new': 95.74, 'harmonic': 95.13}
2026-08-10 18:11:44,656 [trainer.py] => CNN top1 curve: [96.44, 95.13]
2026-08-10 18:11:44,656 [trainer.py] => CNN top5 curve: [99.7, 99.12]
2026-08-10 18:11:44,656 [trainer.py] => Average Accuracy (CNN top1): 95.785
2026-08-10 18:11:44,749 [ranpac.py] => Learning on 20-30
2026-08-10 18:12:12,056 [ranpac.py] => RanPAC ridge parameter: 10000
2026-08-10 18:12:31,566 [trainer.py] => CNN: {'total': 93.32, '00-09': 93.83, '10-19': 93.41, '20-29': 92.75, 'old': 93.62, 'new': 92.75, 'harmonic': 93.18}
2026-08-10 18:12:31,566 [trainer.py] => CNN top1 curve: [96.44, 95.13, 93.32]
2026-08-10 18:12:31,566 [trainer.py] => CNN top5 curve: [99.7, 99.12, 98.57]
2026-08-10 18:12:31,566 [trainer.py] => Average Accuracy (CNN top1): 94.96333333333332
2026-08-10 18:12:31,578 [ranpac.py] => Learning on 30-40
2026-08-10 18:12:57,721 [ranpac.py] => RanPAC ridge parameter: 10000
2026-08-10 18:13:23,584 [trainer.py] => CNN: {'total': 92.3, '00-09': 93.28, '10-19': 91.44, '20-29': 90.81, '30-39': 93.69, 'old': 91.83, 'new': 93.69, 'harmonic': 92.75}
2026-08-10 18:13:23,585 [trainer.py] => CNN top1 curve: [96.44, 95.13, 93.32, 92.3]
2026-08-10 18:13:23,585 [trainer.py] => CNN top5 curve: [99.7, 99.12, 98.57, 98.45]
2026-08-10 18:13:23,585 [trainer.py] => Average Accuracy (CNN top1): 94.2975
2026-08-10 18:13:23,601 [ranpac.py] => Learning on 40-50
2026-08-10 18:13:50,145 [ranpac.py] => RanPAC ridge parameter: 10000
2026-08-10 18:14:24,108 [trainer.py] => CNN: {'total': 90.29, '00-09': 91.97, '10-19': 90.48, '20-29': 88.44, '30-39': 92.85, '40-49': 87.74, 'old': 90.93, 'new': 87.74, 'harmonic': 89.31}
2026-08-10 18:14:24,109 [trainer.py] => CNN top1 curve: [96.44, 95.13, 93.32, 92.3, 90.29]
2026-08-10 18:14:24,109 [trainer.py] => CNN top5 curve: [99.7, 99.12, 98.57, 98.45, 97.93]
2026-08-10 18:14:24,109 [trainer.py] => Average Accuracy (CNN top1): 93.49600000000001
2026-08-10 18:14:24,129 [ranpac.py] => Learning on 50-60
2026-08-10 18:14:50,987 [ranpac.py] => RanPAC ridge parameter: 10000
2026-08-10 18:15:31,293 [trainer.py] => CNN: {'total': 89.34, '00-09': 91.82, '10-19': 89.36, '20-29': 86.8, '30-39': 91.87, '40-49': 87.24, '50-59': 88.98, 'old': 89.41, 'new': 88.98, 'harmonic': 89.19}
2026-08-10 18:15:31,294 [trainer.py] => CNN top1 curve: [96.44, 95.13, 93.32, 92.3, 90.29, 89.34]
2026-08-10 18:15:31,294 [trainer.py] => CNN top5 curve: [99.7, 99.12, 98.57, 98.45, 97.93, 97.71]
2026-08-10 18:15:31,294 [trainer.py] => Average Accuracy (CNN top1): 92.80333333333334
2026-08-10 18:15:31,310 [ranpac.py] => Learning on 60-70
2026-08-10 18:15:58,028 [ranpac.py] => RanPAC ridge parameter: 100000
2026-08-10 18:16:42,563 [trainer.py] => CNN: {'total': 87.47, '00-09': 90.27, '10-19': 88.2, '20-29': 84.96, '30-39': 89.92, '40-49': 85.75, '50-59': 87.47, '60-69': 85.81, 'old': 87.75, 'new': 85.81, 'harmonic': 86.77}
2026-08-10 18:16:42,563 [trainer.py] => CNN top1 curve: [96.44, 95.13, 93.32, 92.3, 90.29, 89.34, 87.47]
2026-08-10 18:16:42,564 [trainer.py] => CNN top5 curve: [99.7, 99.12, 98.57, 98.45, 97.93, 97.71, 97.44]
2026-08-10 18:16:42,564 [trainer.py] => Average Accuracy (CNN top1): 92.04142857142858
2026-08-10 18:16:42,582 [ranpac.py] => Learning on 70-80
2026-08-10 18:17:09,131 [ranpac.py] => RanPAC ridge parameter: 10000
2026-08-10 18:17:59,540 [trainer.py] => CNN: {'total': 86.96, '00-09': 89.26, '10-19': 87.64, '20-29': 84.62, '30-39': 89.87, '40-49': 85.0, '50-59': 86.97, '60-69': 84.9, '70-79': 87.45, 'old': 86.89, 'new': 87.45, 'harmonic': 87.17}
2026-08-10 18:17:59,540 [trainer.py] => CNN top1 curve: [96.44, 95.13, 93.32, 92.3, 90.29, 89.34, 87.47, 86.96]
2026-08-10 18:17:59,540 [trainer.py] => CNN top5 curve: [99.7, 99.12, 98.57, 98.45, 97.93, 97.71, 97.44, 96.96]
2026-08-10 18:17:59,540 [trainer.py] => Average Accuracy (CNN top1): 91.40625000000001
2026-08-10 18:17:59,558 [ranpac.py] => Learning on 80-90
2026-08-10 18:18:25,545 [ranpac.py] => RanPAC ridge parameter: 100000
2026-08-10 18:19:22,510 [trainer.py] => CNN: {'total': 85.59, '00-09': 86.5, '10-19': 87.08, '20-29': 83.56, '30-39': 88.69, '40-49': 84.01, '50-59': 85.96, '60-69': 84.1, '70-79': 86.01, '80-89': 84.46, 'old': 85.73, 'new': 84.46, 'harmonic': 85.09}
2026-08-10 18:19:22,510 [trainer.py] => CNN top1 curve: [96.44, 95.13, 93.32, 92.3, 90.29, 89.34, 87.47, 86.96, 85.59]
2026-08-10 18:19:22,510 [trainer.py] => CNN top5 curve: [99.7, 99.12, 98.57, 98.45, 97.93, 97.71, 97.44, 96.96, 96.76]
2026-08-10 18:19:22,510 [trainer.py] => Average Accuracy (CNN top1): 90.76000000000002
2026-08-10 18:19:22,529 [ranpac.py] => Learning on 90-100
2026-08-10 18:19:48,150 [ranpac.py] => RanPAC ridge parameter: 100000
2026-08-10 18:20:50,814 [trainer.py] => CNN: {'total': 84.22, '00-09': 85.65, '10-19': 85.56, '20-29': 82.64, '30-39': 87.96, '40-49': 83.41, '50-59': 85.71, '60-69': 82.65, '70-79': 84.93, '80-89': 83.65, '90-99': 80.18, 'old': 84.68, 'new': 80.18, 'harmonic': 82.37}
2026-08-10 18:20:50,815 [trainer.py] => CNN top1 curve: [96.44, 95.13, 93.32, 92.3, 90.29, 89.34, 87.47, 86.96, 85.59, 84.22]
2026-08-10 18:20:50,815 [trainer.py] => CNN top5 curve: [99.7, 99.12, 98.57, 98.45, 97.93, 97.71, 97.44, 96.96, 96.76, 96.32]
2026-08-10 18:20:50,815 [trainer.py] => Average Accuracy (CNN top1): 90.10600000000002
