2026-08-12 17:27:58,919 [trainer.py] => config: /home/team/zhaohongwei/Code/Research/Awesome-MMCL/configs/ranpac/ranpac_inr_B100_Inc20.json
2026-08-12 17:27:58,920 [trainer.py] => prefix: -
2026-08-12 17:27:58,920 [trainer.py] => dataset: imagenetr
2026-08-12 17:27:58,920 [trainer.py] => memory_size: 0
2026-08-12 17:27:58,920 [trainer.py] => memory_per_class: 0
2026-08-12 17:27:58,920 [trainer.py] => fixed_memory: False
2026-08-12 17:27:58,920 [trainer.py] => shuffle: True
2026-08-12 17:27:58,920 [trainer.py] => init_cls: 100
2026-08-12 17:27:58,920 [trainer.py] => increment: 20
2026-08-12 17:27:58,920 [trainer.py] => model_name: ranpac
2026-08-12 17:27:58,920 [trainer.py] => backbone_type: clip
2026-08-12 17:27:58,920 [trainer.py] => clip_pretrained: /home/team/zhaohongwei/pretrained_models/open_clip_pytorch_model_laion400m_e32.bin
2026-08-12 17:27:58,920 [trainer.py] => device: [device(type='cuda', index=0)]
2026-08-12 17:27:58,920 [trainer.py] => seed: 2026
2026-08-12 17:27:58,920 [trainer.py] => tuned_epoch: 10
2026-08-12 17:27:58,920 [trainer.py] => init_lr: 0.05
2026-08-12 17:27:58,920 [trainer.py] => batch_size: 16
2026-08-12 17:27:58,920 [trainer.py] => weight_decay: 0.005
2026-08-12 17:27:58,920 [trainer.py] => min_lr: 0.0
2026-08-12 17:27:58,920 [trainer.py] => ffn_num: 64
2026-08-12 17:27:58,920 [trainer.py] => optimizer: sgd
2026-08-12 17:27:58,920 [trainer.py] => num_workers: 8
2026-08-12 17:27:58,920 [trainer.py] => use_RP: True
2026-08-12 17:27:58,920 [trainer.py] => M: 10000
2026-08-12 17:27:58,920 [trainer.py] => ridge_sample_size: 1024
2026-08-12 17:27:58,920 [trainer.py] => total_class_num: 200
2026-08-12 17:27:59,075 [data_manager.py] => [115, 91, 15, 57, 123, 5, 193, 196, 88, 185, 191, 168, 90, 80, 106, 146, 188, 118, 44, 151, 24, 56, 42, 127, 113, 119, 197, 194, 99, 12, 65, 71, 131, 6, 46, 186, 126, 31, 117, 30, 110, 82, 102, 165, 11, 76, 53, 138, 199, 18, 163, 149, 84, 133, 170, 189, 52, 104, 45, 114, 41, 23, 160, 171, 172, 169, 177, 142, 94, 50, 128, 39, 59, 120, 107, 162, 124, 9, 74, 198, 62, 174, 166, 122, 141, 81, 10, 63, 176, 100, 136, 187, 129, 16, 72, 147, 54, 0, 98, 150, 92, 155, 4, 167, 125, 97, 153, 8, 83, 159, 85, 86, 13, 34, 173, 93, 180, 33, 21, 132, 190, 87, 121, 108, 103, 145, 37, 158, 69, 89, 2, 19, 67, 175, 51, 78, 43, 64, 66, 143, 61, 20, 144, 154, 183, 14, 140, 139, 75, 79, 22, 58, 101, 109, 32, 178, 73, 164, 55, 35, 49, 152, 137, 36, 3, 40, 70, 95, 105, 181, 157, 47, 192, 17, 60, 112, 68, 25, 38, 48, 161, 148, 111, 135, 96, 7, 27, 182, 130, 28, 179, 156, 116, 29, 195, 77, 184, 26, 134, 1]
2026-08-12 17:28:00,340 [instantiator.py] => Created a temporary directory at /tmp/tmpexjti0iz
2026-08-12 17:28:00,340 [instantiator.py] => Writing /tmp/tmpexjti0iz/_remote_module_non_scriptable.py
2026-08-12 17:28:00,478 [factory.py] => Loaded ViT-B-16 model config.
2026-08-12 17:28:01,895 [factory.py] => Loading pretrained ViT-B-16 weights (/home/team/zhaohongwei/pretrained_models/open_clip_pytorch_model_laion400m_e32.bin).
2026-08-12 17:28:03,605 [ranpac.py] => Learning on 0-100
2026-08-12 17:28:03,625 [ranpac.py] => RanPAC first-session trainable parameters: 1240832
2026-08-12 17:44:12,463 [ranpac.py] => Initialized RanPAC random projection: 512 -> 10000
2026-08-12 17:44:54,879 [ranpac.py] => RanPAC ridge parameter: 10000
2026-08-12 17:45:05,464 [trainer.py] => CNN: {'total': 85.44, '00-09': 82.57, '10-19': 85.99, '20-29': 81.82, '30-39': 86.41, '40-49': 83.46, '50-59': 89.33, '60-69': 86.67, '70-79': 85.47, '80-89': 84.37, '90-99': 88.81, 'old': 0, 'new': 85.44, 'harmonic': 0.0}
2026-08-12 17:45:05,464 [trainer.py] => CNN top1 curve: [85.44]
2026-08-12 17:45:05,464 [trainer.py] => CNN top5 curve: [95.62]
2026-08-12 17:45:05,464 [trainer.py] => Average Accuracy (CNN top1): 85.44
2026-08-12 17:45:05,482 [ranpac.py] => Learning on 100-120
2026-08-12 17:45:14,855 [ranpac.py] => RanPAC ridge parameter: 10000
2026-08-12 17:45:27,600 [trainer.py] => CNN: {'total': 83.68, '00-09': 82.89, '10-19': 85.03, '20-29': 78.93, '30-39': 85.87, '40-49': 82.68, '50-59': 88.54, '60-69': 85.67, '70-79': 83.11, '80-89': 83.19, '90-99': 88.81, '100-109': 76.62, '110-119': 83.33, 'old': 84.46, 'new': 80.12, 'harmonic': 82.23}
2026-08-12 17:45:27,600 [trainer.py] => CNN top1 curve: [85.44, 83.68]
2026-08-12 17:45:27,601 [trainer.py] => CNN top5 curve: [95.62, 95.19]
2026-08-12 17:45:27,601 [trainer.py] => Average Accuracy (CNN top1): 84.56
2026-08-12 17:45:27,629 [ranpac.py] => Learning on 120-140
2026-08-12 17:45:35,397 [ranpac.py] => RanPAC ridge parameter: 10000
2026-08-12 17:45:49,890 [trainer.py] => CNN: {'total': 83.07, '00-09': 80.92, '10-19': 82.8, '20-29': 79.75, '30-39': 85.05, '40-49': 80.05, '50-59': 84.19, '60-69': 84.67, '70-79': 83.11, '80-89': 82.6, '90-99': 88.46, '100-109': 76.0, '110-119': 82.77, '120-129': 89.89, '130-139': 85.02, 'old': 82.48, 'new': 87.76, 'harmonic': 85.04}
2026-08-12 17:45:49,890 [trainer.py] => CNN top1 curve: [85.44, 83.68, 83.07]
2026-08-12 17:45:49,890 [trainer.py] => CNN top5 curve: [95.62, 95.19, 95.0]
2026-08-12 17:45:49,891 [trainer.py] => Average Accuracy (CNN top1): 84.06333333333333
2026-08-12 17:45:49,915 [ranpac.py] => Learning on 140-160
2026-08-12 17:45:58,018 [ranpac.py] => RanPAC ridge parameter: 10000
2026-08-12 17:46:14,262 [trainer.py] => CNN: {'total': 82.05, '00-09': 80.26, '10-19': 80.25, '20-29': 79.34, '30-39': 84.24, '40-49': 80.05, '50-59': 84.98, '60-69': 84.67, '70-79': 81.08, '80-89': 82.3, '90-99': 86.71, '100-109': 74.46, '110-119': 81.64, '120-129': 88.01, '130-139': 82.61, '140-149': 87.16, '150-159': 76.23, 'old': 82.06, 'new': 82.0, 'harmonic': 82.03}
2026-08-12 17:46:14,263 [trainer.py] => CNN top1 curve: [85.44, 83.68, 83.07, 82.05]
2026-08-12 17:46:14,263 [trainer.py] => CNN top5 curve: [95.62, 95.19, 95.0, 94.89]
2026-08-12 17:46:14,263 [trainer.py] => Average Accuracy (CNN top1): 83.56
2026-08-12 17:46:14,290 [ranpac.py] => Learning on 160-180
2026-08-12 17:46:21,819 [ranpac.py] => RanPAC ridge parameter: 10000
2026-08-12 17:46:39,809 [trainer.py] => CNN: {'total': 81.19, '00-09': 80.26, '10-19': 80.25, '20-29': 78.93, '30-39': 84.24, '40-49': 79.79, '50-59': 83.79, '60-69': 84.0, '70-79': 79.39, '80-89': 81.71, '90-99': 87.06, '100-109': 74.77, '110-119': 81.07, '120-129': 88.01, '130-139': 80.68, '140-149': 86.82, '150-159': 75.85, '160-169': 75.0, '170-179': 79.65, 'old': 81.63, 'new': 77.07, 'harmonic': 79.28}
2026-08-12 17:46:39,810 [trainer.py] => CNN top1 curve: [85.44, 83.68, 83.07, 82.05, 81.19]
2026-08-12 17:46:39,810 [trainer.py] => CNN top5 curve: [95.62, 95.19, 95.0, 94.89, 94.43]
2026-08-12 17:46:39,810 [trainer.py] => Average Accuracy (CNN top1): 83.086
2026-08-12 17:46:39,836 [ranpac.py] => Learning on 180-200
2026-08-12 17:46:48,648 [ranpac.py] => RanPAC ridge parameter: 10000
2026-08-12 17:47:08,927 [trainer.py] => CNN: {'total': 80.87, '00-09': 79.28, '10-19': 80.89, '20-29': 77.69, '30-39': 83.15, '40-49': 79.79, '50-59': 82.61, '60-69': 84.67, '70-79': 78.04, '80-89': 80.83, '90-99': 85.31, '100-109': 73.23, '110-119': 82.2, '120-129': 87.64, '130-139': 75.85, '140-149': 86.82, '150-159': 71.32, '160-169': 74.65, '170-179': 80.09, '180-189': 86.16, '190-199': 83.64, 'old': 80.34, 'new': 84.94, 'harmonic': 82.58}
2026-08-12 17:47:08,927 [trainer.py] => CNN top1 curve: [85.44, 83.68, 83.07, 82.05, 81.19, 80.87]
2026-08-12 17:47:08,927 [trainer.py] => CNN top5 curve: [95.62, 95.19, 95.0, 94.89, 94.43, 94.23]
2026-08-12 17:47:08,927 [trainer.py] => Average Accuracy (CNN top1): 82.71666666666667
