2026-08-12 17:21:25,842 [trainer.py] => config: /home/team/zhaohongwei/Code/Research/Awesome-MMCL/configs/ranpac/ranpac_inr_B0_Inc20.json
2026-08-12 17:21:25,842 [trainer.py] => prefix: -
2026-08-12 17:21:25,842 [trainer.py] => dataset: imagenetr
2026-08-12 17:21:25,842 [trainer.py] => memory_size: 0
2026-08-12 17:21:25,842 [trainer.py] => memory_per_class: 0
2026-08-12 17:21:25,842 [trainer.py] => fixed_memory: False
2026-08-12 17:21:25,843 [trainer.py] => shuffle: True
2026-08-12 17:21:25,843 [trainer.py] => init_cls: 20
2026-08-12 17:21:25,843 [trainer.py] => increment: 20
2026-08-12 17:21:25,843 [trainer.py] => model_name: ranpac
2026-08-12 17:21:25,843 [trainer.py] => backbone_type: clip
2026-08-12 17:21:25,843 [trainer.py] => clip_pretrained: /home/team/zhaohongwei/pretrained_models/open_clip_pytorch_model_laion400m_e32.bin
2026-08-12 17:21:25,843 [trainer.py] => device: [device(type='cuda', index=0)]
2026-08-12 17:21:25,843 [trainer.py] => seed: 2026
2026-08-12 17:21:25,843 [trainer.py] => tuned_epoch: 10
2026-08-12 17:21:25,843 [trainer.py] => init_lr: 0.05
2026-08-12 17:21:25,843 [trainer.py] => batch_size: 16
2026-08-12 17:21:25,843 [trainer.py] => weight_decay: 0.005
2026-08-12 17:21:25,843 [trainer.py] => min_lr: 0.0
2026-08-12 17:21:25,843 [trainer.py] => ffn_num: 64
2026-08-12 17:21:25,843 [trainer.py] => optimizer: sgd
2026-08-12 17:21:25,843 [trainer.py] => num_workers: 8
2026-08-12 17:21:25,843 [trainer.py] => use_RP: True
2026-08-12 17:21:25,843 [trainer.py] => M: 10000
2026-08-12 17:21:25,843 [trainer.py] => ridge_sample_size: 1024
2026-08-12 17:21:25,843 [trainer.py] => total_class_num: 200
2026-08-12 17:21:26,004 [data_manager.py] => [115, 91, 15, 57, 123, 5, 193, 196, 88, 185, 191, 168, 90, 80, 106, 146, 188, 118, 44, 151, 24, 56, 42, 127, 113, 119, 197, 194, 99, 12, 65, 71, 131, 6, 46, 186, 126, 31, 117, 30, 110, 82, 102, 165, 11, 76, 53, 138, 199, 18, 163, 149, 84, 133, 170, 189, 52, 104, 45, 114, 41, 23, 160, 171, 172, 169, 177, 142, 94, 50, 128, 39, 59, 120, 107, 162, 124, 9, 74, 198, 62, 174, 166, 122, 141, 81, 10, 63, 176, 100, 136, 187, 129, 16, 72, 147, 54, 0, 98, 150, 92, 155, 4, 167, 125, 97, 153, 8, 83, 159, 85, 86, 13, 34, 173, 93, 180, 33, 21, 132, 190, 87, 121, 108, 103, 145, 37, 158, 69, 89, 2, 19, 67, 175, 51, 78, 43, 64, 66, 143, 61, 20, 144, 154, 183, 14, 140, 139, 75, 79, 22, 58, 101, 109, 32, 178, 73, 164, 55, 35, 49, 152, 137, 36, 3, 40, 70, 95, 105, 181, 157, 47, 192, 17, 60, 112, 68, 25, 38, 48, 161, 148, 111, 135, 96, 7, 27, 182, 130, 28, 179, 156, 116, 29, 195, 77, 184, 26, 134, 1]
2026-08-12 17:21:27,331 [instantiator.py] => Created a temporary directory at /tmp/tmpv26xa4eu
2026-08-12 17:21:27,332 [instantiator.py] => Writing /tmp/tmpv26xa4eu/_remote_module_non_scriptable.py
2026-08-12 17:21:27,471 [factory.py] => Loaded ViT-B-16 model config.
2026-08-12 17:21:28,914 [factory.py] => Loading pretrained ViT-B-16 weights (/home/team/zhaohongwei/pretrained_models/open_clip_pytorch_model_laion400m_e32.bin).
2026-08-12 17:21:30,548 [ranpac.py] => Learning on 0-20
2026-08-12 17:21:30,555 [ranpac.py] => RanPAC first-session trainable parameters: 1199872
2026-08-12 17:24:36,712 [ranpac.py] => Initialized RanPAC random projection: 512 -> 10000
2026-08-12 17:24:45,063 [ranpac.py] => RanPAC ridge parameter: 10000
2026-08-12 17:24:47,505 [trainer.py] => CNN: {'total': 94.66, '00-09': 95.07, '10-19': 94.27, 'old': 0, 'new': 94.66, 'harmonic': 0.0}
2026-08-12 17:24:47,505 [trainer.py] => CNN top1 curve: [94.66]
2026-08-12 17:24:47,505 [trainer.py] => CNN top5 curve: [98.54]
2026-08-12 17:24:47,505 [trainer.py] => Average Accuracy (CNN top1): 94.66
2026-08-12 17:24:47,519 [ranpac.py] => Learning on 20-40
2026-08-12 17:24:56,125 [ranpac.py] => RanPAC ridge parameter: 10000
2026-08-12 17:25:00,568 [trainer.py] => CNN: {'total': 90.15, '00-09': 88.82, '10-19': 91.72, '20-29': 91.32, '30-39': 89.13, 'old': 90.29, 'new': 90.0, 'harmonic': 90.14}
2026-08-12 17:25:00,568 [trainer.py] => CNN top1 curve: [94.66, 90.15]
2026-08-12 17:25:00,568 [trainer.py] => CNN top5 curve: [98.54, 97.39]
2026-08-12 17:25:00,568 [trainer.py] => Average Accuracy (CNN top1): 92.405
2026-08-12 17:25:00,590 [ranpac.py] => Learning on 40-60
2026-08-12 17:25:09,259 [ranpac.py] => RanPAC ridge parameter: 10000
2026-08-12 17:25:15,834 [trainer.py] => CNN: {'total': 87.97, '00-09': 88.16, '10-19': 90.45, '20-29': 89.26, '30-39': 87.23, '40-49': 85.56, '50-59': 88.14, 'old': 88.68, 'new': 86.59, 'harmonic': 87.62}
2026-08-12 17:25:15,834 [trainer.py] => CNN top1 curve: [94.66, 90.15, 87.97]
2026-08-12 17:25:15,834 [trainer.py] => CNN top5 curve: [98.54, 97.39, 96.4]
2026-08-12 17:25:15,834 [trainer.py] => Average Accuracy (CNN top1): 90.92666666666666
2026-08-12 17:25:15,853 [ranpac.py] => Learning on 60-80
2026-08-12 17:25:24,730 [ranpac.py] => RanPAC ridge parameter: 10000
2026-08-12 17:25:33,270 [trainer.py] => CNN: {'total': 85.52, '00-09': 85.53, '10-19': 88.54, '20-29': 82.23, '30-39': 86.68, '40-49': 84.51, '50-59': 86.56, '60-69': 85.0, '70-79': 84.46, 'old': 85.77, 'new': 84.73, 'harmonic': 85.25}
2026-08-12 17:25:33,270 [trainer.py] => CNN top1 curve: [94.66, 90.15, 87.97, 85.52]
2026-08-12 17:25:33,270 [trainer.py] => CNN top5 curve: [98.54, 97.39, 96.4, 95.61]
2026-08-12 17:25:33,270 [trainer.py] => Average Accuracy (CNN top1): 89.57499999999999
2026-08-12 17:25:33,288 [ranpac.py] => Learning on 80-100
2026-08-12 17:25:41,762 [ranpac.py] => RanPAC ridge parameter: 10000
2026-08-12 17:25:52,336 [trainer.py] => CNN: {'total': 84.17, '00-09': 85.2, '10-19': 87.9, '20-29': 81.4, '30-39': 84.78, '40-49': 80.58, '50-59': 85.38, '60-69': 84.0, '70-79': 82.77, '80-89': 82.01, '90-99': 88.46, 'old': 83.97, 'new': 84.96, 'harmonic': 84.46}
2026-08-12 17:25:52,336 [trainer.py] => CNN top1 curve: [94.66, 90.15, 87.97, 85.52, 84.17]
2026-08-12 17:25:52,336 [trainer.py] => CNN top5 curve: [98.54, 97.39, 96.4, 95.61, 94.71]
2026-08-12 17:25:52,337 [trainer.py] => Average Accuracy (CNN top1): 88.494
2026-08-12 17:25:52,362 [ranpac.py] => Learning on 100-120
2026-08-12 17:26:01,747 [ranpac.py] => RanPAC ridge parameter: 10000
2026-08-12 17:26:14,571 [trainer.py] => CNN: {'total': 82.38, '00-09': 85.53, '10-19': 87.58, '20-29': 78.1, '30-39': 85.05, '40-49': 80.31, '50-59': 83.79, '60-69': 82.67, '70-79': 79.73, '80-89': 79.35, '90-99': 87.76, '100-109': 75.38, '110-119': 83.33, 'old': 83.0, 'new': 79.53, 'harmonic': 81.23}
2026-08-12 17:26:14,571 [trainer.py] => CNN top1 curve: [94.66, 90.15, 87.97, 85.52, 84.17, 82.38]
2026-08-12 17:26:14,571 [trainer.py] => CNN top5 curve: [98.54, 97.39, 96.4, 95.61, 94.71, 93.78]
2026-08-12 17:26:14,571 [trainer.py] => Average Accuracy (CNN top1): 87.47499999999998
2026-08-12 17:26:14,584 [ranpac.py] => Learning on 120-140
2026-08-12 17:26:22,471 [ranpac.py] => RanPAC ridge parameter: 10000
2026-08-12 17:26:36,861 [trainer.py] => CNN: {'total': 81.99, '00-09': 84.54, '10-19': 85.67, '20-29': 77.27, '30-39': 83.15, '40-49': 77.95, '50-59': 80.63, '60-69': 83.33, '70-79': 80.41, '80-89': 79.94, '90-99': 87.76, '100-109': 74.77, '110-119': 81.36, '120-129': 88.39, '130-139': 85.02, 'old': 81.37, 'new': 86.92, 'harmonic': 84.05}
2026-08-12 17:26:36,862 [trainer.py] => CNN top1 curve: [94.66, 90.15, 87.97, 85.52, 84.17, 82.38, 81.99]
2026-08-12 17:26:36,862 [trainer.py] => CNN top5 curve: [98.54, 97.39, 96.4, 95.61, 94.71, 93.78, 93.46]
2026-08-12 17:26:36,862 [trainer.py] => Average Accuracy (CNN top1): 86.69142857142856
2026-08-12 17:26:36,887 [ranpac.py] => Learning on 140-160
2026-08-12 17:26:45,032 [ranpac.py] => RanPAC ridge parameter: 10000
2026-08-12 17:27:01,260 [trainer.py] => CNN: {'total': 81.11, '00-09': 83.88, '10-19': 84.71, '20-29': 76.03, '30-39': 82.61, '40-49': 77.43, '50-59': 79.84, '60-69': 83.0, '70-79': 77.7, '80-89': 79.06, '90-99': 86.01, '100-109': 74.46, '110-119': 79.66, '120-129': 87.27, '130-139': 82.61, '140-149': 87.84, '150-159': 76.98, 'old': 80.9, 'new': 82.71, 'harmonic': 81.79}
2026-08-12 17:27:01,260 [trainer.py] => CNN top1 curve: [94.66, 90.15, 87.97, 85.52, 84.17, 82.38, 81.99, 81.11]
2026-08-12 17:27:01,260 [trainer.py] => CNN top5 curve: [98.54, 97.39, 96.4, 95.61, 94.71, 93.78, 93.46, 93.18]
2026-08-12 17:27:01,261 [trainer.py] => Average Accuracy (CNN top1): 85.99374999999999
2026-08-12 17:27:01,286 [ranpac.py] => Learning on 160-180
2026-08-12 17:27:08,746 [ranpac.py] => RanPAC ridge parameter: 10000
2026-08-12 17:27:26,649 [trainer.py] => CNN: {'total': 79.78, '00-09': 81.91, '10-19': 84.08, '20-29': 76.03, '30-39': 81.79, '40-49': 77.69, '50-59': 79.05, '60-69': 82.67, '70-79': 76.01, '80-89': 77.58, '90-99': 85.31, '100-109': 73.85, '110-119': 79.66, '120-129': 87.27, '130-139': 78.74, '140-149': 88.51, '150-159': 75.47, '160-169': 71.88, '170-179': 77.92, 'old': 80.34, 'new': 74.57, 'harmonic': 77.35}
2026-08-12 17:27:26,650 [trainer.py] => CNN top1 curve: [94.66, 90.15, 87.97, 85.52, 84.17, 82.38, 81.99, 81.11, 79.78]
2026-08-12 17:27:26,650 [trainer.py] => CNN top5 curve: [98.54, 97.39, 96.4, 95.61, 94.71, 93.78, 93.46, 93.18, 92.48]
2026-08-12 17:27:26,650 [trainer.py] => Average Accuracy (CNN top1): 85.30333333333333
2026-08-12 17:27:26,679 [ranpac.py] => Learning on 180-200
2026-08-12 17:27:35,560 [ranpac.py] => RanPAC ridge parameter: 10000
2026-08-12 17:27:55,958 [trainer.py] => CNN: {'total': 79.45, '00-09': 82.24, '10-19': 84.08, '20-29': 76.03, '30-39': 79.62, '40-49': 76.9, '50-59': 78.26, '60-69': 81.0, '70-79': 75.0, '80-89': 76.7, '90-99': 83.92, '100-109': 72.31, '110-119': 80.23, '120-129': 87.27, '130-139': 76.33, '140-149': 88.85, '150-159': 72.83, '160-169': 71.53, '170-179': 77.06, '180-189': 83.62, '190-199': 83.03, 'old': 78.95, 'new': 83.33, 'harmonic': 81.08}
2026-08-12 17:27:55,958 [trainer.py] => CNN top1 curve: [94.66, 90.15, 87.97, 85.52, 84.17, 82.38, 81.99, 81.11, 79.78, 79.45]
2026-08-12 17:27:55,959 [trainer.py] => CNN top5 curve: [98.54, 97.39, 96.4, 95.61, 94.71, 93.78, 93.46, 93.18, 92.48, 92.4]
2026-08-12 17:27:55,959 [trainer.py] => Average Accuracy (CNN top1): 84.71799999999999
