2026-08-10 19:53:56,630 [trainer.py] => config: /home/team/zhaohongwei/Code/Research/Awesome-MMCL/configs/ranpac/ranpac_inr_B0_Inc20.json
2026-08-10 19:53:56,630 [trainer.py] => prefix: -
2026-08-10 19:53:56,630 [trainer.py] => dataset: imagenetr
2026-08-10 19:53:56,630 [trainer.py] => memory_size: 0
2026-08-10 19:53:56,630 [trainer.py] => memory_per_class: 0
2026-08-10 19:53:56,630 [trainer.py] => fixed_memory: False
2026-08-10 19:53:56,630 [trainer.py] => shuffle: True
2026-08-10 19:53:56,630 [trainer.py] => init_cls: 20
2026-08-10 19:53:56,630 [trainer.py] => increment: 20
2026-08-10 19:53:56,630 [trainer.py] => model_name: ranpac
2026-08-10 19:53:56,630 [trainer.py] => backbone_type: clip
2026-08-10 19:53:56,630 [trainer.py] => clip_pretrained: /home/team/zhaohongwei/pretrained_models/open_clip_pytorch_model_laion400m_e32.bin
2026-08-10 19:53:56,630 [trainer.py] => device: [device(type='cuda', index=0)]
2026-08-10 19:53:56,630 [trainer.py] => seed: 42
2026-08-10 19:53:56,630 [trainer.py] => tuned_epoch: 10
2026-08-10 19:53:56,630 [trainer.py] => init_lr: 0.05
2026-08-10 19:53:56,630 [trainer.py] => batch_size: 16
2026-08-10 19:53:56,630 [trainer.py] => weight_decay: 0.005
2026-08-10 19:53:56,630 [trainer.py] => min_lr: 0.0
2026-08-10 19:53:56,630 [trainer.py] => ffn_num: 64
2026-08-10 19:53:56,630 [trainer.py] => optimizer: sgd
2026-08-10 19:53:56,630 [trainer.py] => num_workers: 8
2026-08-10 19:53:56,630 [trainer.py] => use_RP: True
2026-08-10 19:53:56,630 [trainer.py] => M: 10000
2026-08-10 19:53:56,630 [trainer.py] => ridge_sample_size: 1024
2026-08-10 19:53:56,631 [trainer.py] => total_class_num: 200
2026-08-10 19:53:56,782 [data_manager.py] => [95, 15, 30, 158, 128, 115, 69, 170, 174, 45, 66, 182, 165, 78, 186, 177, 56, 152, 82, 68, 124, 16, 148, 93, 65, 60, 84, 67, 125, 132, 9, 18, 55, 75, 150, 104, 135, 137, 164, 76, 79, 197, 38, 24, 122, 195, 29, 19, 143, 86, 114, 173, 5, 126, 117, 73, 140, 98, 172, 96, 169, 97, 31, 12, 35, 119, 42, 189, 90, 136, 51, 127, 162, 41, 118, 113, 26, 139, 100, 111, 2, 77, 46, 187, 191, 85, 161, 36, 190, 61, 22, 141, 101, 33, 11, 194, 159, 6, 27, 120, 4, 32, 142, 145, 109, 144, 10, 62, 112, 146, 166, 0, 198, 153, 70, 123, 64, 44, 163, 28, 40, 108, 155, 156, 25, 23, 184, 147, 81, 39, 168, 47, 94, 154, 43, 138, 3, 105, 53, 133, 180, 178, 185, 49, 80, 34, 7, 110, 91, 83, 176, 181, 89, 8, 13, 59, 171, 131, 17, 72, 175, 134, 167, 183, 63, 54, 107, 50, 196, 58, 48, 88, 21, 57, 160, 192, 129, 37, 157, 193, 1, 52, 149, 130, 151, 103, 99, 116, 87, 74, 121, 199, 20, 188, 71, 106, 14, 92, 179, 102]
2026-08-10 19:53:58,011 [instantiator.py] => Created a temporary directory at /tmp/tmphi31m7mu
2026-08-10 19:53:58,012 [instantiator.py] => Writing /tmp/tmphi31m7mu/_remote_module_non_scriptable.py
2026-08-10 19:53:58,146 [factory.py] => Loaded ViT-B-16 model config.
2026-08-10 19:53:59,590 [factory.py] => Loading pretrained ViT-B-16 weights (/home/team/zhaohongwei/pretrained_models/open_clip_pytorch_model_laion400m_e32.bin).
2026-08-10 19:54:01,152 [ranpac.py] => Learning on 0-20
2026-08-10 19:54:01,157 [ranpac.py] => RanPAC first-session trainable parameters: 1199872
2026-08-10 19:57:12,213 [ranpac.py] => Initialized RanPAC random projection: 512 -> 10000
2026-08-10 19:57:21,051 [ranpac.py] => RanPAC ridge parameter: 10000
2026-08-10 19:57:23,477 [trainer.py] => CNN: {'total': 94.1, '00-09': 92.36, '10-19': 95.51, 'old': 0, 'new': 94.1, 'harmonic': 0.0}
2026-08-10 19:57:23,477 [trainer.py] => CNN top1 curve: [94.1]
2026-08-10 19:57:23,477 [trainer.py] => CNN top5 curve: [99.53]
2026-08-10 19:57:23,477 [trainer.py] => Average Accuracy (CNN top1): 94.1
2026-08-10 19:57:23,490 [ranpac.py] => Learning on 20-40
2026-08-10 19:57:31,686 [ranpac.py] => RanPAC ridge parameter: 10000
2026-08-10 19:57:36,104 [trainer.py] => CNN: {'total': 89.95, '00-09': 90.97, '10-19': 93.54, '20-29': 85.55, '30-39': 88.7, 'old': 92.39, 'new': 87.38, 'harmonic': 89.82}
2026-08-10 19:57:36,104 [trainer.py] => CNN top1 curve: [94.1, 89.95]
2026-08-10 19:57:36,104 [trainer.py] => CNN top5 curve: [99.53, 98.25]
2026-08-10 19:57:36,104 [trainer.py] => Average Accuracy (CNN top1): 92.025
2026-08-10 19:57:36,110 [ranpac.py] => Learning on 40-60
2026-08-10 19:57:44,054 [ranpac.py] => RanPAC ridge parameter: 10000
2026-08-10 19:57:50,483 [trainer.py] => CNN: {'total': 85.59, '00-09': 87.5, '10-19': 92.13, '20-29': 80.08, '30-39': 87.85, '40-49': 81.56, '50-59': 82.48, 'old': 87.4, 'new': 82.02, 'harmonic': 84.62}
2026-08-10 19:57:50,483 [trainer.py] => CNN top1 curve: [94.1, 89.95, 85.59]
2026-08-10 19:57:50,483 [trainer.py] => CNN top5 curve: [99.53, 98.25, 96.13]
2026-08-10 19:57:50,484 [trainer.py] => Average Accuracy (CNN top1): 89.88
2026-08-10 19:57:50,502 [ranpac.py] => Learning on 60-80
2026-08-10 19:57:59,202 [ranpac.py] => RanPAC ridge parameter: 100000
2026-08-10 19:58:07,626 [trainer.py] => CNN: {'total': 84.1, '00-09': 87.5, '10-19': 91.85, '20-29': 74.61, '30-39': 86.72, '40-49': 81.88, '50-59': 78.98, '60-69': 83.49, '70-79': 84.97, 'old': 84.06, 'new': 84.22, 'harmonic': 84.14}
2026-08-10 19:58:07,626 [trainer.py] => CNN top1 curve: [94.1, 89.95, 85.59, 84.1]
2026-08-10 19:58:07,626 [trainer.py] => CNN top5 curve: [99.53, 98.25, 96.13, 95.7]
2026-08-10 19:58:07,626 [trainer.py] => Average Accuracy (CNN top1): 88.435
2026-08-10 19:58:07,645 [ranpac.py] => Learning on 80-100
2026-08-10 19:58:17,278 [ranpac.py] => RanPAC ridge parameter: 10000
2026-08-10 19:58:27,954 [trainer.py] => CNN: {'total': 82.44, '00-09': 86.46, '10-19': 90.45, '20-29': 77.34, '30-39': 82.49, '40-49': 80.62, '50-59': 75.48, '60-69': 80.95, '70-79': 84.64, '80-89': 84.01, '90-99': 80.97, 'old': 82.5, 'new': 82.21, 'harmonic': 82.35}
2026-08-10 19:58:27,954 [trainer.py] => CNN top1 curve: [94.1, 89.95, 85.59, 84.1, 82.44]
2026-08-10 19:58:27,954 [trainer.py] => CNN top5 curve: [99.53, 98.25, 96.13, 95.7, 93.88]
2026-08-10 19:58:27,954 [trainer.py] => Average Accuracy (CNN top1): 87.236
2026-08-10 19:58:27,969 [ranpac.py] => Learning on 100-120
2026-08-10 19:58:35,720 [ranpac.py] => RanPAC ridge parameter: 10000
2026-08-10 19:58:48,306 [trainer.py] => CNN: {'total': 81.48, '00-09': 85.42, '10-19': 90.17, '20-29': 76.17, '30-39': 82.77, '40-49': 78.44, '50-59': 75.16, '60-69': 80.32, '70-79': 83.66, '80-89': 82.65, '90-99': 79.12, '100-109': 77.33, '110-119': 84.47, 'old': 81.48, 'new': 81.46, 'harmonic': 81.47}
2026-08-10 19:58:48,307 [trainer.py] => CNN top1 curve: [94.1, 89.95, 85.59, 84.1, 82.44, 81.48]
2026-08-10 19:58:48,307 [trainer.py] => CNN top5 curve: [99.53, 98.25, 96.13, 95.7, 93.88, 93.34]
2026-08-10 19:58:48,307 [trainer.py] => Average Accuracy (CNN top1): 86.27666666666666
2026-08-10 19:58:48,325 [ranpac.py] => Learning on 120-140
2026-08-10 19:58:55,027 [ranpac.py] => RanPAC ridge parameter: 100000
2026-08-10 19:59:09,170 [trainer.py] => CNN: {'total': 79.26, '00-09': 84.38, '10-19': 90.45, '20-29': 73.05, '30-39': 81.36, '40-49': 78.12, '50-59': 73.25, '60-69': 79.37, '70-79': 82.03, '80-89': 83.67, '90-99': 77.49, '100-109': 75.11, '110-119': 82.2, '120-129': 75.53, '130-139': 68.95, 'old': 80.25, 'new': 71.98, 'harmonic': 75.89}
2026-08-10 19:59:09,170 [trainer.py] => CNN top1 curve: [94.1, 89.95, 85.59, 84.1, 82.44, 81.48, 79.26]
2026-08-10 19:59:09,171 [trainer.py] => CNN top5 curve: [99.53, 98.25, 96.13, 95.7, 93.88, 93.34, 93.81]
2026-08-10 19:59:09,171 [trainer.py] => Average Accuracy (CNN top1): 85.27428571428571
2026-08-10 19:59:09,199 [ranpac.py] => Learning on 140-160
2026-08-10 19:59:17,521 [ranpac.py] => RanPAC ridge parameter: 10000
2026-08-10 19:59:33,685 [trainer.py] => CNN: {'total': 79.41, '00-09': 84.72, '10-19': 88.2, '20-29': 73.83, '30-39': 80.23, '40-49': 75.62, '50-59': 73.89, '60-69': 80.0, '70-79': 81.37, '80-89': 82.31, '90-99': 76.33, '100-109': 73.33, '110-119': 83.17, '120-129': 77.64, '130-139': 70.4, '140-149': 82.31, '150-159': 84.11, 'old': 78.89, 'new': 83.25, 'harmonic': 81.01}
2026-08-10 19:59:33,686 [trainer.py] => CNN top1 curve: [94.1, 89.95, 85.59, 84.1, 82.44, 81.48, 79.26, 79.41]
2026-08-10 19:59:33,686 [trainer.py] => CNN top5 curve: [99.53, 98.25, 96.13, 95.7, 93.88, 93.34, 93.81, 92.18]
2026-08-10 19:59:33,686 [trainer.py] => Average Accuracy (CNN top1): 84.54124999999999
2026-08-10 19:59:33,726 [ranpac.py] => Learning on 160-180
2026-08-10 19:59:42,223 [ranpac.py] => RanPAC ridge parameter: 10000
2026-08-10 20:00:00,369 [trainer.py] => CNN: {'total': 78.71, '00-09': 84.38, '10-19': 86.24, '20-29': 72.66, '30-39': 78.25, '40-49': 76.25, '50-59': 72.61, '60-69': 80.0, '70-79': 81.7, '80-89': 81.63, '90-99': 76.33, '100-109': 72.44, '110-119': 83.17, '120-129': 76.79, '130-139': 69.31, '140-149': 81.23, '150-159': 81.13, '160-169': 76.85, '170-179': 82.33, 'old': 78.58, 'new': 79.67, 'harmonic': 79.12}
2026-08-10 20:00:00,370 [trainer.py] => CNN top1 curve: [94.1, 89.95, 85.59, 84.1, 82.44, 81.48, 79.26, 79.41, 78.71]
2026-08-10 20:00:00,370 [trainer.py] => CNN top5 curve: [99.53, 98.25, 96.13, 95.7, 93.88, 93.34, 93.81, 92.18, 92.06]
2026-08-10 20:00:00,370 [trainer.py] => Average Accuracy (CNN top1): 83.89333333333333
2026-08-10 20:00:00,397 [ranpac.py] => Learning on 180-200
2026-08-10 20:00:07,779 [ranpac.py] => RanPAC ridge parameter: 10000
2026-08-10 20:00:27,548 [trainer.py] => CNN: {'total': 77.68, '00-09': 83.68, '10-19': 85.67, '20-29': 71.88, '30-39': 77.68, '40-49': 75.31, '50-59': 72.93, '60-69': 80.0, '70-79': 80.07, '80-89': 75.85, '90-99': 75.87, '100-109': 72.89, '110-119': 81.55, '120-129': 75.53, '130-139': 70.04, '140-149': 80.87, '150-159': 80.79, '160-169': 76.17, '170-179': 81.7, '180-189': 74.15, '190-199': 76.74, 'old': 77.89, 'new': 75.57, 'harmonic': 76.71}
2026-08-10 20:00:27,549 [trainer.py] => CNN top1 curve: [94.1, 89.95, 85.59, 84.1, 82.44, 81.48, 79.26, 79.41, 78.71, 77.68]
2026-08-10 20:00:27,549 [trainer.py] => CNN top5 curve: [99.53, 98.25, 96.13, 95.7, 93.88, 93.34, 93.81, 92.18, 92.06, 91.42]
2026-08-10 20:00:27,549 [trainer.py] => Average Accuracy (CNN top1): 83.272
