2026-08-10 20:03:27,725 [trainer.py] => config: /home/team/zhaohongwei/Code/Research/Awesome-MMCL/configs/ranpac/ranpac_inr_B0_Inc20.json
2026-08-10 20:03:27,725 [trainer.py] => prefix: -
2026-08-10 20:03:27,726 [trainer.py] => dataset: imagenetr
2026-08-10 20:03:27,726 [trainer.py] => memory_size: 0
2026-08-10 20:03:27,726 [trainer.py] => memory_per_class: 0
2026-08-10 20:03:27,726 [trainer.py] => fixed_memory: False
2026-08-10 20:03:27,726 [trainer.py] => shuffle: True
2026-08-10 20:03:27,726 [trainer.py] => init_cls: 20
2026-08-10 20:03:27,726 [trainer.py] => increment: 20
2026-08-10 20:03:27,726 [trainer.py] => model_name: ranpac
2026-08-10 20:03:27,726 [trainer.py] => backbone_type: clip
2026-08-10 20:03:27,726 [trainer.py] => clip_pretrained: /home/team/zhaohongwei/pretrained_models/open_clip_pytorch_model_laion400m_e32.bin
2026-08-10 20:03:27,726 [trainer.py] => device: [device(type='cuda', index=0)]
2026-08-10 20:03:27,726 [trainer.py] => seed: 0
2026-08-10 20:03:27,726 [trainer.py] => tuned_epoch: 10
2026-08-10 20:03:27,726 [trainer.py] => init_lr: 0.05
2026-08-10 20:03:27,726 [trainer.py] => batch_size: 16
2026-08-10 20:03:27,726 [trainer.py] => weight_decay: 0.005
2026-08-10 20:03:27,726 [trainer.py] => min_lr: 0.0
2026-08-10 20:03:27,726 [trainer.py] => ffn_num: 64
2026-08-10 20:03:27,726 [trainer.py] => optimizer: sgd
2026-08-10 20:03:27,726 [trainer.py] => num_workers: 8
2026-08-10 20:03:27,726 [trainer.py] => use_RP: True
2026-08-10 20:03:27,726 [trainer.py] => M: 10000
2026-08-10 20:03:27,726 [trainer.py] => ridge_sample_size: 1024
2026-08-10 20:03:27,726 [trainer.py] => total_class_num: 200
2026-08-10 20:03:27,876 [data_manager.py] => [18, 170, 107, 98, 177, 182, 5, 146, 12, 152, 61, 125, 180, 154, 80, 7, 33, 130, 37, 74, 183, 145, 45, 159, 60, 123, 179, 185, 122, 44, 16, 55, 150, 111, 22, 189, 129, 4, 83, 106, 134, 66, 26, 113, 168, 63, 8, 75, 118, 143, 71, 124, 184, 97, 149, 24, 30, 160, 40, 56, 131, 96, 181, 19, 153, 92, 54, 163, 51, 86, 139, 90, 137, 101, 144, 89, 109, 14, 27, 141, 187, 46, 138, 195, 108, 62, 2, 59, 136, 197, 43, 10, 194, 73, 196, 178, 175, 126, 93, 112, 158, 191, 50, 0, 94, 110, 95, 64, 167, 41, 69, 49, 48, 85, 13, 161, 23, 186, 135, 20, 15, 78, 104, 52, 100, 76, 3, 116, 164, 198, 6, 68, 84, 121, 155, 171, 156, 91, 199, 11, 119, 102, 35, 57, 65, 1, 120, 162, 42, 105, 132, 173, 17, 38, 133, 53, 157, 128, 34, 28, 114, 151, 31, 166, 127, 176, 32, 142, 169, 147, 29, 99, 82, 79, 115, 148, 193, 72, 77, 25, 165, 81, 188, 174, 190, 39, 58, 140, 88, 70, 87, 36, 21, 9, 103, 67, 192, 117, 47, 172]
2026-08-10 20:03:29,105 [instantiator.py] => Created a temporary directory at /tmp/tmppz_ddtq0
2026-08-10 20:03:29,106 [instantiator.py] => Writing /tmp/tmppz_ddtq0/_remote_module_non_scriptable.py
2026-08-10 20:03:29,240 [factory.py] => Loaded ViT-B-16 model config.
2026-08-10 20:03:30,691 [factory.py] => Loading pretrained ViT-B-16 weights (/home/team/zhaohongwei/pretrained_models/open_clip_pytorch_model_laion400m_e32.bin).
2026-08-10 20:03:32,228 [ranpac.py] => Learning on 0-20
2026-08-10 20:03:32,233 [ranpac.py] => RanPAC first-session trainable parameters: 1199872
2026-08-10 20:06:41,621 [ranpac.py] => Initialized RanPAC random projection: 512 -> 10000
2026-08-10 20:06:50,409 [ranpac.py] => RanPAC ridge parameter: 10000
2026-08-10 20:06:52,720 [trainer.py] => CNN: {'total': 93.03, '00-09': 91.48, '10-19': 94.83, 'old': 0, 'new': 93.03, 'harmonic': 0.0}
2026-08-10 20:06:52,720 [trainer.py] => CNN top1 curve: [93.03]
2026-08-10 20:06:52,721 [trainer.py] => CNN top5 curve: [98.98]
2026-08-10 20:06:52,721 [trainer.py] => Average Accuracy (CNN top1): 93.03
2026-08-10 20:06:52,733 [ranpac.py] => Learning on 20-40
2026-08-10 20:07:01,130 [ranpac.py] => RanPAC ridge parameter: 10000
2026-08-10 20:07:05,457 [trainer.py] => CNN: {'total': 89.22, '00-09': 88.96, '10-19': 92.25, '20-29': 85.32, '30-39': 89.97, 'old': 90.48, 'new': 87.95, 'harmonic': 89.2}
2026-08-10 20:07:05,457 [trainer.py] => CNN top1 curve: [93.03, 89.22]
2026-08-10 20:07:05,457 [trainer.py] => CNN top5 curve: [98.98, 97.78]
2026-08-10 20:07:05,458 [trainer.py] => Average Accuracy (CNN top1): 91.125
2026-08-10 20:07:05,474 [ranpac.py] => Learning on 40-60
2026-08-10 20:07:14,946 [ranpac.py] => RanPAC ridge parameter: 10000
2026-08-10 20:07:21,363 [trainer.py] => CNN: {'total': 87.68, '00-09': 88.01, '10-19': 90.77, '20-29': 81.75, '30-39': 89.67, '40-49': 89.5, '50-59': 84.25, 'old': 87.77, 'new': 87.52, 'harmonic': 87.64}
2026-08-10 20:07:21,363 [trainer.py] => CNN top1 curve: [93.03, 89.22, 87.68]
2026-08-10 20:07:21,363 [trainer.py] => CNN top5 curve: [98.98, 97.78, 96.42]
2026-08-10 20:07:21,364 [trainer.py] => Average Accuracy (CNN top1): 89.97666666666667
2026-08-10 20:07:21,382 [ranpac.py] => Learning on 60-80
2026-08-10 20:07:30,272 [ranpac.py] => RanPAC ridge parameter: 100000
2026-08-10 20:07:38,982 [trainer.py] => CNN: {'total': 84.42, '00-09': 87.07, '10-19': 88.93, '20-29': 78.57, '30-39': 86.63, '40-49': 88.78, '50-59': 80.31, '60-69': 83.6, '70-79': 78.26, 'old': 85.56, 'new': 81.01, 'harmonic': 83.22}
2026-08-10 20:07:38,982 [trainer.py] => CNN top1 curve: [93.03, 89.22, 87.68, 84.42]
2026-08-10 20:07:38,982 [trainer.py] => CNN top5 curve: [98.98, 97.78, 96.42, 95.97]
2026-08-10 20:07:38,982 [trainer.py] => Average Accuracy (CNN top1): 88.5875
2026-08-10 20:07:39,006 [ranpac.py] => Learning on 80-100
2026-08-10 20:07:46,649 [ranpac.py] => RanPAC ridge parameter: 10000
2026-08-10 20:07:57,031 [trainer.py] => CNN: {'total': 83.07, '00-09': 86.44, '10-19': 86.35, '20-29': 77.38, '30-39': 84.8, '40-49': 88.78, '50-59': 81.1, '60-69': 83.6, '70-79': 77.93, '80-89': 88.14, '90-99': 69.13, 'old': 83.73, 'new': 80.07, 'harmonic': 81.86}
2026-08-10 20:07:57,032 [trainer.py] => CNN top1 curve: [93.03, 89.22, 87.68, 84.42, 83.07]
2026-08-10 20:07:57,032 [trainer.py] => CNN top5 curve: [98.98, 97.78, 96.42, 95.97, 94.7]
2026-08-10 20:07:57,032 [trainer.py] => Average Accuracy (CNN top1): 87.48400000000001
2026-08-10 20:07:57,054 [ranpac.py] => Learning on 100-120
2026-08-10 20:08:05,686 [ranpac.py] => RanPAC ridge parameter: 10000
2026-08-10 20:08:18,157 [trainer.py] => CNN: {'total': 81.96, '00-09': 85.49, '10-19': 86.35, '20-29': 75.79, '30-39': 83.28, '40-49': 88.07, '50-59': 77.17, '60-69': 84.54, '70-79': 76.92, '80-89': 85.26, '90-99': 66.96, '100-109': 82.61, '110-119': 83.18, 'old': 81.77, 'new': 82.92, 'harmonic': 82.34}
2026-08-10 20:08:18,157 [trainer.py] => CNN top1 curve: [93.03, 89.22, 87.68, 84.42, 83.07, 81.96]
2026-08-10 20:08:18,158 [trainer.py] => CNN top5 curve: [98.98, 97.78, 96.42, 95.97, 94.7, 94.31]
2026-08-10 20:08:18,158 [trainer.py] => Average Accuracy (CNN top1): 86.56333333333333
2026-08-10 20:08:18,186 [ranpac.py] => Learning on 120-140
2026-08-10 20:08:26,840 [ranpac.py] => RanPAC ridge parameter: 10000
2026-08-10 20:08:41,062 [trainer.py] => CNN: {'total': 80.99, '00-09': 84.86, '10-19': 85.61, '20-29': 73.41, '30-39': 81.46, '40-49': 87.35, '50-59': 76.38, '60-69': 81.39, '70-79': 75.92, '80-89': 83.97, '90-99': 66.09, '100-109': 82.25, '110-119': 83.49, '120-129': 79.8, '130-139': 83.96, 'old': 80.85, 'new': 81.86, 'harmonic': 81.35}
2026-08-10 20:08:41,063 [trainer.py] => CNN top1 curve: [93.03, 89.22, 87.68, 84.42, 83.07, 81.96, 80.99]
2026-08-10 20:08:41,063 [trainer.py] => CNN top5 curve: [98.98, 97.78, 96.42, 95.97, 94.7, 94.31, 93.61]
2026-08-10 20:08:41,063 [trainer.py] => Average Accuracy (CNN top1): 85.76714285714286
2026-08-10 20:08:41,089 [ranpac.py] => Learning on 140-160
2026-08-10 20:08:49,200 [ranpac.py] => RanPAC ridge parameter: 10000
2026-08-10 20:09:05,474 [trainer.py] => CNN: {'total': 80.04, '00-09': 84.86, '10-19': 84.13, '20-29': 73.02, '30-39': 80.24, '40-49': 86.87, '50-59': 74.02, '60-69': 82.33, '70-79': 74.58, '80-89': 80.45, '90-99': 63.48, '100-109': 80.43, '110-119': 83.79, '120-129': 79.8, '130-139': 83.62, '140-149': 76.59, '150-159': 83.5, 'old': 80.04, 'new': 80.07, 'harmonic': 80.05}
2026-08-10 20:09:05,474 [trainer.py] => CNN top1 curve: [93.03, 89.22, 87.68, 84.42, 83.07, 81.96, 80.99, 80.04]
2026-08-10 20:09:05,474 [trainer.py] => CNN top5 curve: [98.98, 97.78, 96.42, 95.97, 94.7, 94.31, 93.61, 92.99]
2026-08-10 20:09:05,474 [trainer.py] => Average Accuracy (CNN top1): 85.05125
2026-08-10 20:09:05,504 [ranpac.py] => Learning on 160-180
2026-08-10 20:09:14,143 [ranpac.py] => RanPAC ridge parameter: 100000
2026-08-10 20:09:32,479 [trainer.py] => CNN: {'total': 78.69, '00-09': 82.33, '10-19': 81.92, '20-29': 73.02, '30-39': 78.42, '40-49': 85.44, '50-59': 71.26, '60-69': 82.33, '70-79': 72.91, '80-89': 79.17, '90-99': 57.39, '100-109': 79.35, '110-119': 81.04, '120-129': 75.08, '130-139': 77.82, '140-149': 75.25, '150-159': 82.51, '160-169': 83.51, '170-179': 87.34, 'old': 77.83, 'new': 85.52, 'harmonic': 81.49}
2026-08-10 20:09:32,479 [trainer.py] => CNN top1 curve: [93.03, 89.22, 87.68, 84.42, 83.07, 81.96, 80.99, 80.04, 78.69]
2026-08-10 20:09:32,479 [trainer.py] => CNN top5 curve: [98.98, 97.78, 96.42, 95.97, 94.7, 94.31, 93.61, 92.99, 93.38]
2026-08-10 20:09:32,480 [trainer.py] => Average Accuracy (CNN top1): 84.34444444444443
2026-08-10 20:09:32,507 [ranpac.py] => Learning on 180-200
2026-08-10 20:09:40,584 [ranpac.py] => RanPAC ridge parameter: 10000
2026-08-10 20:10:00,621 [trainer.py] => CNN: {'total': 79.42, '00-09': 83.28, '10-19': 82.66, '20-29': 73.02, '30-39': 78.42, '40-49': 85.68, '50-59': 72.83, '60-69': 81.39, '70-79': 72.91, '80-89': 79.17, '90-99': 57.83, '100-109': 79.35, '110-119': 81.65, '120-129': 76.43, '130-139': 78.84, '140-149': 76.92, '150-159': 82.51, '160-169': 83.86, '170-179': 87.03, '180-189': 80.2, '190-199': 84.39, 'old': 79.1, 'new': 82.28, 'harmonic': 80.66}
2026-08-10 20:10:00,621 [trainer.py] => CNN top1 curve: [93.03, 89.22, 87.68, 84.42, 83.07, 81.96, 80.99, 80.04, 78.69, 79.42]
2026-08-10 20:10:00,621 [trainer.py] => CNN top5 curve: [98.98, 97.78, 96.42, 95.97, 94.7, 94.31, 93.61, 92.99, 93.38, 92.7]
2026-08-10 20:10:00,621 [trainer.py] => Average Accuracy (CNN top1): 83.85199999999999
