2026-08-10 20:28:35,498 [trainer.py] => config: /home/team/zhaohongwei/Code/Research/Awesome-MMCL/configs/ranpac/ranpac_objectnet_B0_Inc20.json
2026-08-10 20:28:35,498 [trainer.py] => prefix: -
2026-08-10 20:28:35,498 [trainer.py] => dataset: objectnet
2026-08-10 20:28:35,498 [trainer.py] => memory_size: 0
2026-08-10 20:28:35,498 [trainer.py] => memory_per_class: 0
2026-08-10 20:28:35,498 [trainer.py] => fixed_memory: False
2026-08-10 20:28:35,498 [trainer.py] => shuffle: True
2026-08-10 20:28:35,498 [trainer.py] => init_cls: 20
2026-08-10 20:28:35,498 [trainer.py] => increment: 20
2026-08-10 20:28:35,498 [trainer.py] => model_name: ranpac
2026-08-10 20:28:35,498 [trainer.py] => backbone_type: clip
2026-08-10 20:28:35,498 [trainer.py] => clip_pretrained: /home/team/zhaohongwei/pretrained_models/open_clip_pytorch_model_laion400m_e32.bin
2026-08-10 20:28:35,498 [trainer.py] => device: [device(type='cuda', index=0)]
2026-08-10 20:28:35,498 [trainer.py] => seed: 0
2026-08-10 20:28:35,498 [trainer.py] => tuned_epoch: 20
2026-08-10 20:28:35,498 [trainer.py] => init_lr: 0.01
2026-08-10 20:28:35,498 [trainer.py] => batch_size: 48
2026-08-10 20:28:35,498 [trainer.py] => weight_decay: 0.0005
2026-08-10 20:28:35,499 [trainer.py] => min_lr: 0.0
2026-08-10 20:28:35,499 [trainer.py] => ffn_num: 64
2026-08-10 20:28:35,499 [trainer.py] => optimizer: sgd
2026-08-10 20:28:35,499 [trainer.py] => num_workers: 8
2026-08-10 20:28:35,499 [trainer.py] => use_RP: True
2026-08-10 20:28:35,499 [trainer.py] => M: 10000
2026-08-10 20:28:35,499 [trainer.py] => ridge_sample_size: 1024
2026-08-10 20:28:35,499 [trainer.py] => total_class_num: 200
2026-08-10 20:28:35,656 [data_manager.py] => [18, 170, 107, 98, 177, 182, 5, 146, 12, 152, 61, 125, 180, 154, 80, 7, 33, 130, 37, 74, 183, 145, 45, 159, 60, 123, 179, 185, 122, 44, 16, 55, 150, 111, 22, 189, 129, 4, 83, 106, 134, 66, 26, 113, 168, 63, 8, 75, 118, 143, 71, 124, 184, 97, 149, 24, 30, 160, 40, 56, 131, 96, 181, 19, 153, 92, 54, 163, 51, 86, 139, 90, 137, 101, 144, 89, 109, 14, 27, 141, 187, 46, 138, 195, 108, 62, 2, 59, 136, 197, 43, 10, 194, 73, 196, 178, 175, 126, 93, 112, 158, 191, 50, 0, 94, 110, 95, 64, 167, 41, 69, 49, 48, 85, 13, 161, 23, 186, 135, 20, 15, 78, 104, 52, 100, 76, 3, 116, 164, 198, 6, 68, 84, 121, 155, 171, 156, 91, 199, 11, 119, 102, 35, 57, 65, 1, 120, 162, 42, 105, 132, 173, 17, 38, 133, 53, 157, 128, 34, 28, 114, 151, 31, 166, 127, 176, 32, 142, 169, 147, 29, 99, 82, 79, 115, 148, 193, 72, 77, 25, 165, 81, 188, 174, 190, 39, 58, 140, 88, 70, 87, 36, 21, 9, 103, 67, 192, 117, 47, 172]
2026-08-10 20:28:36,910 [instantiator.py] => Created a temporary directory at /tmp/tmphbtbwz_9
2026-08-10 20:28:36,911 [instantiator.py] => Writing /tmp/tmphbtbwz_9/_remote_module_non_scriptable.py
2026-08-10 20:28:37,049 [factory.py] => Loaded ViT-B-16 model config.
2026-08-10 20:28:38,494 [factory.py] => Loading pretrained ViT-B-16 weights (/home/team/zhaohongwei/pretrained_models/open_clip_pytorch_model_laion400m_e32.bin).
2026-08-10 20:28:40,019 [ranpac.py] => Learning on 0-20
2026-08-10 20:28:40,026 [ranpac.py] => RanPAC first-session trainable parameters: 1199872
2026-08-10 20:47:27,597 [ranpac.py] => Initialized RanPAC random projection: 512 -> 10000
2026-08-10 20:48:20,275 [ranpac.py] => RanPAC ridge parameter: 100000
2026-08-10 20:48:46,562 [trainer.py] => CNN: {'total': 79.61, '00-09': 79.82, '10-19': 79.37, 'old': 0, 'new': 79.61, 'harmonic': 0.0}
2026-08-10 20:48:46,562 [trainer.py] => CNN top1 curve: [79.61]
2026-08-10 20:48:46,562 [trainer.py] => CNN top5 curve: [95.51]
2026-08-10 20:48:46,562 [trainer.py] => Average Accuracy (CNN top1): 79.61
2026-08-10 20:48:46,574 [ranpac.py] => Learning on 20-40
2026-08-10 20:49:54,481 [ranpac.py] => RanPAC ridge parameter: 100000
2026-08-10 20:50:27,518 [trainer.py] => CNN: {'total': 69.36, '00-09': 66.47, '10-19': 74.48, '20-29': 67.37, '30-39': 70.19, 'old': 70.14, 'new': 68.67, 'harmonic': 69.4}
2026-08-10 20:50:27,518 [trainer.py] => CNN top1 curve: [79.61, 69.36]
2026-08-10 20:50:27,518 [trainer.py] => CNN top5 curve: [95.51, 87.9]
2026-08-10 20:50:27,519 [trainer.py] => Average Accuracy (CNN top1): 74.485
2026-08-10 20:50:27,533 [ranpac.py] => Learning on 40-60
2026-08-10 20:51:43,311 [ranpac.py] => RanPAC ridge parameter: 100000
2026-08-10 20:52:28,996 [trainer.py] => CNN: {'total': 62.35, '00-09': 60.24, '10-19': 68.88, '20-29': 62.33, '30-39': 69.25, '40-49': 56.46, '50-59': 56.86, 'old': 64.9, 'new': 56.66, 'harmonic': 60.5}
2026-08-10 20:52:28,996 [trainer.py] => CNN top1 curve: [79.61, 69.36, 62.35]
2026-08-10 20:52:28,997 [trainer.py] => CNN top5 curve: [95.51, 87.9, 83.6]
2026-08-10 20:52:28,997 [trainer.py] => Average Accuracy (CNN top1): 70.44
2026-08-10 20:52:29,006 [ranpac.py] => Learning on 60-80
2026-08-10 20:53:32,900 [ranpac.py] => RanPAC ridge parameter: 100000
2026-08-10 20:54:30,678 [trainer.py] => CNN: {'total': 59.15, '00-09': 57.27, '10-19': 64.69, '20-29': 58.62, '30-39': 65.84, '40-49': 53.06, '50-59': 52.84, '60-69': 53.24, '70-79': 69.15, 'old': 58.75, 'new': 60.3, 'harmonic': 59.51}
2026-08-10 20:54:30,678 [trainer.py] => CNN top1 curve: [79.61, 69.36, 62.35, 59.15]
2026-08-10 20:54:30,679 [trainer.py] => CNN top5 curve: [95.51, 87.9, 83.6, 80.47]
2026-08-10 20:54:30,679 [trainer.py] => Average Accuracy (CNN top1): 67.61749999999999
2026-08-10 20:54:30,698 [ranpac.py] => Learning on 80-100
2026-08-10 20:55:35,602 [ranpac.py] => RanPAC ridge parameter: 100000
2026-08-10 20:56:43,797 [trainer.py] => CNN: {'total': 56.31, '00-09': 54.9, '10-19': 62.59, '20-29': 55.44, '30-39': 62.73, '40-49': 50.68, '50-59': 50.84, '60-69': 48.11, '70-79': 67.8, '80-89': 59.28, '90-99': 53.08, 'old': 56.36, 'new': 56.15, 'harmonic': 56.25}
2026-08-10 20:56:43,801 [trainer.py] => CNN top1 curve: [79.61, 69.36, 62.35, 59.15, 56.31]
2026-08-10 20:56:43,801 [trainer.py] => CNN top5 curve: [95.51, 87.9, 83.6, 80.47, 77.97]
2026-08-10 20:56:43,801 [trainer.py] => Average Accuracy (CNN top1): 65.356
2026-08-10 20:56:43,822 [ranpac.py] => Learning on 100-120
2026-08-10 20:57:47,418 [ranpac.py] => RanPAC ridge parameter: 100000
2026-08-10 20:59:10,658 [trainer.py] => CNN: {'total': 55.15, '00-09': 54.3, '10-19': 57.34, '20-29': 55.17, '30-39': 60.25, '40-49': 48.98, '50-59': 47.83, '60-69': 43.24, '70-79': 66.1, '80-89': 58.08, '90-99': 51.61, '100-109': 62.11, '110-119': 57.87, 'old': 54.1, 'new': 59.97, 'harmonic': 56.88}
2026-08-10 20:59:10,658 [trainer.py] => CNN top1 curve: [79.61, 69.36, 62.35, 59.15, 56.31, 55.15]
2026-08-10 20:59:10,658 [trainer.py] => CNN top5 curve: [95.51, 87.9, 83.6, 80.47, 77.97, 77.03]
2026-08-10 20:59:10,658 [trainer.py] => Average Accuracy (CNN top1): 63.654999999999994
2026-08-10 20:59:10,683 [ranpac.py] => Learning on 120-140
2026-08-10 21:00:09,850 [ranpac.py] => RanPAC ridge parameter: 100000
2026-08-10 21:01:42,104 [trainer.py] => CNN: {'total': 52.45, '00-09': 52.52, '10-19': 53.85, '20-29': 55.17, '30-39': 59.01, '40-49': 46.6, '50-59': 44.82, '60-69': 39.46, '70-79': 63.73, '80-89': 55.69, '90-99': 49.85, '100-109': 60.97, '110-119': 56.46, '120-129': 50.77, '130-139': 45.92, 'old': 53.13, 'new': 48.32, 'harmonic': 50.61}
2026-08-10 21:01:42,105 [trainer.py] => CNN top1 curve: [79.61, 69.36, 62.35, 59.15, 56.31, 55.15, 52.45]
2026-08-10 21:01:42,105 [trainer.py] => CNN top5 curve: [95.51, 87.9, 83.6, 80.47, 77.97, 77.03, 75.03]
2026-08-10 21:01:42,105 [trainer.py] => Average Accuracy (CNN top1): 62.054285714285705
2026-08-10 21:01:42,146 [ranpac.py] => Learning on 140-160
2026-08-10 21:02:41,955 [ranpac.py] => RanPAC ridge parameter: 100000
2026-08-10 21:04:26,700 [trainer.py] => CNN: {'total': 51.56, '00-09': 51.34, '10-19': 52.45, '20-29': 53.58, '30-39': 58.7, '40-49': 43.2, '50-59': 41.81, '60-69': 38.11, '70-79': 63.05, '80-89': 54.49, '90-99': 48.39, '100-109': 58.4, '110-119': 56.46, '120-129': 48.62, '130-139': 42.9, '140-149': 53.31, '150-159': 59.16, 'old': 50.8, 'new': 56.44, 'harmonic': 53.47}
2026-08-10 21:04:26,701 [trainer.py] => CNN top1 curve: [79.61, 69.36, 62.35, 59.15, 56.31, 55.15, 52.45, 51.56]
2026-08-10 21:04:26,701 [trainer.py] => CNN top5 curve: [95.51, 87.9, 83.6, 80.47, 77.97, 77.03, 75.03, 74.06]
2026-08-10 21:04:26,701 [trainer.py] => Average Accuracy (CNN top1): 60.74249999999999
2026-08-10 21:04:26,732 [ranpac.py] => Learning on 160-180
2026-08-10 21:05:25,482 [ranpac.py] => RanPAC ridge parameter: 100000
2026-08-10 21:07:25,488 [trainer.py] => CNN: {'total': 49.67, '00-09': 49.55, '10-19': 51.75, '20-29': 52.79, '30-39': 59.32, '40-49': 40.48, '50-59': 41.81, '60-69': 35.41, '70-79': 62.37, '80-89': 52.99, '90-99': 47.8, '100-109': 56.41, '110-119': 53.37, '120-129': 47.69, '130-139': 42.3, '140-149': 51.81, '150-159': 59.16, '160-169': 39.87, '170-179': 48.04, 'old': 50.36, 'new': 44.38, 'harmonic': 47.18}
2026-08-10 21:07:25,488 [trainer.py] => CNN top1 curve: [79.61, 69.36, 62.35, 59.15, 56.31, 55.15, 52.45, 51.56, 49.67]
2026-08-10 21:07:25,488 [trainer.py] => CNN top5 curve: [95.51, 87.9, 83.6, 80.47, 77.97, 77.03, 75.03, 74.06, 72.39]
2026-08-10 21:07:25,489 [trainer.py] => Average Accuracy (CNN top1): 59.51222222222221
2026-08-10 21:07:25,517 [ranpac.py] => Learning on 180-200
2026-08-10 21:08:19,100 [ranpac.py] => RanPAC ridge parameter: 100000
2026-08-10 21:10:33,643 [trainer.py] => CNN: {'total': 47.48, '00-09': 49.55, '10-19': 47.55, '20-29': 51.46, '30-39': 56.21, '40-49': 41.16, '50-59': 41.14, '60-69': 34.32, '70-79': 59.66, '80-89': 50.0, '90-99': 44.28, '100-109': 56.13, '110-119': 48.6, '120-129': 46.15, '130-139': 39.27, '140-149': 49.4, '150-159': 58.12, '160-169': 39.23, '170-179': 45.95, '180-189': 50.97, '190-199': 40.29, 'old': 47.74, 'new': 44.85, 'harmonic': 46.25}
2026-08-10 21:10:33,643 [trainer.py] => CNN top1 curve: [79.61, 69.36, 62.35, 59.15, 56.31, 55.15, 52.45, 51.56, 49.67, 47.48]
2026-08-10 21:10:33,644 [trainer.py] => CNN top5 curve: [95.51, 87.9, 83.6, 80.47, 77.97, 77.03, 75.03, 74.06, 72.39, 71.02]
2026-08-10 21:10:33,644 [trainer.py] => Average Accuracy (CNN top1): 58.30899999999999
