2026-08-10 20:36:55,682 [trainer.py] => config: /home/team/zhaohongwei/Code/Research/Awesome-MMCL/configs/ranpac/ranpac_objectnet_B0_Inc20.json
2026-08-10 20:36:55,682 [trainer.py] => prefix: -
2026-08-10 20:36:55,682 [trainer.py] => dataset: objectnet
2026-08-10 20:36:55,682 [trainer.py] => memory_size: 0
2026-08-10 20:36:55,682 [trainer.py] => memory_per_class: 0
2026-08-10 20:36:55,682 [trainer.py] => fixed_memory: False
2026-08-10 20:36:55,682 [trainer.py] => shuffle: True
2026-08-10 20:36:55,682 [trainer.py] => init_cls: 20
2026-08-10 20:36:55,682 [trainer.py] => increment: 20
2026-08-10 20:36:55,683 [trainer.py] => model_name: ranpac
2026-08-10 20:36:55,683 [trainer.py] => backbone_type: clip
2026-08-10 20:36:55,683 [trainer.py] => clip_pretrained: /home/team/zhaohongwei/pretrained_models/open_clip_pytorch_model_laion400m_e32.bin
2026-08-10 20:36:55,683 [trainer.py] => device: [device(type='cuda', index=0)]
2026-08-10 20:36:55,683 [trainer.py] => seed: 1993
2026-08-10 20:36:55,683 [trainer.py] => tuned_epoch: 20
2026-08-10 20:36:55,683 [trainer.py] => init_lr: 0.01
2026-08-10 20:36:55,683 [trainer.py] => batch_size: 48
2026-08-10 20:36:55,683 [trainer.py] => weight_decay: 0.0005
2026-08-10 20:36:55,683 [trainer.py] => min_lr: 0.0
2026-08-10 20:36:55,683 [trainer.py] => ffn_num: 64
2026-08-10 20:36:55,683 [trainer.py] => optimizer: sgd
2026-08-10 20:36:55,683 [trainer.py] => num_workers: 8
2026-08-10 20:36:55,683 [trainer.py] => use_RP: True
2026-08-10 20:36:55,683 [trainer.py] => M: 10000
2026-08-10 20:36:55,683 [trainer.py] => ridge_sample_size: 1024
2026-08-10 20:36:55,683 [trainer.py] => total_class_num: 200
2026-08-10 20:36:55,828 [data_manager.py] => [168, 136, 51, 9, 183, 101, 171, 99, 42, 159, 191, 70, 16, 188, 27, 10, 175, 26, 68, 187, 98, 6, 85, 35, 112, 43, 100, 0, 103, 181, 88, 59, 4, 2, 116, 174, 94, 80, 106, 1, 147, 17, 141, 131, 72, 23, 173, 54, 197, 118, 87, 32, 79, 104, 91, 19, 135, 107, 178, 36, 11, 199, 142, 8, 122, 3, 28, 57, 153, 172, 190, 56, 49, 44, 97, 62, 151, 169, 194, 55, 192, 12, 189, 78, 66, 180, 15, 137, 109, 134, 92, 119, 126, 52, 170, 40, 148, 65, 144, 64, 138, 45, 77, 89, 154, 90, 71, 193, 74, 30, 113, 143, 96, 84, 67, 50, 186, 156, 69, 21, 18, 111, 108, 58, 125, 157, 150, 110, 182, 129, 166, 83, 81, 60, 13, 165, 14, 176, 63, 117, 5, 22, 145, 121, 38, 41, 82, 127, 114, 20, 31, 53, 37, 163, 196, 130, 152, 162, 86, 76, 24, 34, 184, 149, 33, 128, 198, 155, 146, 167, 139, 120, 140, 102, 47, 25, 158, 123, 46, 164, 61, 7, 115, 75, 133, 160, 105, 132, 179, 124, 48, 73, 93, 39, 95, 195, 29, 177, 185, 161]
2026-08-10 20:36:57,134 [instantiator.py] => Created a temporary directory at /tmp/tmpaktzpy2c
2026-08-10 20:36:57,135 [instantiator.py] => Writing /tmp/tmpaktzpy2c/_remote_module_non_scriptable.py
2026-08-10 20:36:57,269 [factory.py] => Loaded ViT-B-16 model config.
2026-08-10 20:36:58,681 [factory.py] => Loading pretrained ViT-B-16 weights (/home/team/zhaohongwei/pretrained_models/open_clip_pytorch_model_laion400m_e32.bin).
2026-08-10 20:37:00,200 [ranpac.py] => Learning on 0-20
2026-08-10 20:37:00,208 [ranpac.py] => RanPAC first-session trainable parameters: 1199872
2026-08-10 20:57:43,004 [ranpac.py] => Initialized RanPAC random projection: 512 -> 10000
2026-08-10 20:58:43,324 [ranpac.py] => RanPAC ridge parameter: 100000
2026-08-10 20:58:59,683 [trainer.py] => CNN: {'total': 80.56, '00-09': 80.9, '10-19': 80.07, 'old': 0, 'new': 80.56, 'harmonic': 0.0}
2026-08-10 20:58:59,683 [trainer.py] => CNN top1 curve: [80.56]
2026-08-10 20:58:59,683 [trainer.py] => CNN top5 curve: [94.79]
2026-08-10 20:58:59,684 [trainer.py] => Average Accuracy (CNN top1): 80.56
2026-08-10 20:58:59,698 [ranpac.py] => Learning on 20-40
2026-08-10 20:59:57,036 [ranpac.py] => RanPAC ridge parameter: 100000
2026-08-10 21:00:27,834 [trainer.py] => CNN: {'total': 72.13, '00-09': 75.94, '10-19': 75.17, '20-29': 63.98, '30-39': 72.56, 'old': 75.63, 'new': 68.23, 'harmonic': 71.74}
2026-08-10 21:00:27,835 [trainer.py] => CNN top1 curve: [80.56, 72.13]
2026-08-10 21:00:27,835 [trainer.py] => CNN top5 curve: [94.79, 90.51]
2026-08-10 21:00:27,835 [trainer.py] => Average Accuracy (CNN top1): 76.345
2026-08-10 21:00:27,855 [ranpac.py] => Learning on 40-60
2026-08-10 21:01:23,508 [ranpac.py] => RanPAC ridge parameter: 100000
2026-08-10 21:02:05,818 [trainer.py] => CNN: {'total': 67.26, '00-09': 70.28, '10-19': 71.68, '20-29': 60.25, '30-39': 69.09, '40-49': 63.61, '50-59': 68.3, 'old': 67.9, 'new': 65.88, 'harmonic': 66.87}
2026-08-10 21:02:05,819 [trainer.py] => CNN top1 curve: [80.56, 72.13, 67.26]
2026-08-10 21:02:05,819 [trainer.py] => CNN top5 curve: [94.79, 90.51, 87.29]
2026-08-10 21:02:05,819 [trainer.py] => Average Accuracy (CNN top1): 73.31666666666666
2026-08-10 21:02:05,838 [ranpac.py] => Learning on 60-80
2026-08-10 21:02:59,262 [ranpac.py] => RanPAC ridge parameter: 100000
2026-08-10 21:03:53,057 [trainer.py] => CNN: {'total': 61.26, '00-09': 67.69, '10-19': 67.48, '20-29': 55.28, '30-39': 67.51, '40-49': 60.86, '50-59': 62.42, '60-69': 54.67, '70-79': 54.08, 'old': 63.67, 'new': 54.39, 'harmonic': 58.67}
2026-08-10 21:03:53,057 [trainer.py] => CNN top1 curve: [80.56, 72.13, 67.26, 61.26]
2026-08-10 21:03:53,057 [trainer.py] => CNN top5 curve: [94.79, 90.51, 87.29, 82.41]
2026-08-10 21:03:53,057 [trainer.py] => Average Accuracy (CNN top1): 70.3025
2026-08-10 21:03:53,085 [ranpac.py] => Learning on 80-100
2026-08-10 21:04:47,215 [ranpac.py] => RanPAC ridge parameter: 100000
2026-08-10 21:05:55,621 [trainer.py] => CNN: {'total': 58.59, '00-09': 66.51, '10-19': 63.99, '20-29': 52.17, '30-39': 64.67, '40-49': 58.41, '50-59': 60.13, '60-69': 52.2, '70-79': 49.24, '80-89': 50.2, '90-99': 65.68, 'old': 58.5, 'new': 59.02, 'harmonic': 58.76}
2026-08-10 21:05:55,622 [trainer.py] => CNN top1 curve: [80.56, 72.13, 67.26, 61.26, 58.59]
2026-08-10 21:05:55,622 [trainer.py] => CNN top5 curve: [94.79, 90.51, 87.29, 82.41, 80.64]
2026-08-10 21:05:55,622 [trainer.py] => Average Accuracy (CNN top1): 67.96
2026-08-10 21:05:55,634 [ranpac.py] => Learning on 100-120
2026-08-10 21:06:50,954 [ranpac.py] => RanPAC ridge parameter: 100000
2026-08-10 21:08:10,666 [trainer.py] => CNN: {'total': 56.1, '00-09': 62.97, '10-19': 63.64, '20-29': 49.69, '30-39': 61.83, '40-49': 58.41, '50-59': 57.19, '60-69': 50.55, '70-79': 47.73, '80-89': 49.02, '90-99': 61.54, '100-109': 50.16, '110-119': 57.91, 'old': 56.45, 'new': 54.42, 'harmonic': 55.42}
2026-08-10 21:08:10,666 [trainer.py] => CNN top1 curve: [80.56, 72.13, 67.26, 61.26, 58.59, 56.1]
2026-08-10 21:08:10,666 [trainer.py] => CNN top5 curve: [94.79, 90.51, 87.29, 82.41, 80.64, 78.77]
2026-08-10 21:08:10,667 [trainer.py] => Average Accuracy (CNN top1): 65.98333333333333
2026-08-10 21:08:10,690 [ranpac.py] => Learning on 120-140
2026-08-10 21:09:07,209 [ranpac.py] => RanPAC ridge parameter: 100000
2026-08-10 21:10:40,058 [trainer.py] => CNN: {'total': 53.7, '00-09': 60.61, '10-19': 61.19, '20-29': 47.83, '30-39': 58.99, '40-49': 56.57, '50-59': 57.84, '60-69': 50.82, '70-79': 45.62, '80-89': 47.84, '90-99': 60.95, '100-109': 48.2, '110-119': 52.28, '120-129': 47.37, '130-139': 53.87, 'old': 54.23, 'new': 50.53, 'harmonic': 52.31}
2026-08-10 21:10:40,058 [trainer.py] => CNN top1 curve: [80.56, 72.13, 67.26, 61.26, 58.59, 56.1, 53.7]
2026-08-10 21:10:40,058 [trainer.py] => CNN top5 curve: [94.79, 90.51, 87.29, 82.41, 80.64, 78.77, 76.72]
2026-08-10 21:10:40,058 [trainer.py] => Average Accuracy (CNN top1): 64.22857142857143
2026-08-10 21:10:40,085 [ranpac.py] => Learning on 140-160
2026-08-10 21:11:40,946 [ranpac.py] => RanPAC ridge parameter: 100000
2026-08-10 21:13:27,303 [trainer.py] => CNN: {'total': 51.07, '00-09': 59.2, '10-19': 58.04, '20-29': 48.76, '30-39': 58.68, '40-49': 54.43, '50-59': 55.56, '60-69': 48.35, '70-79': 41.99, '80-89': 47.45, '90-99': 59.17, '100-109': 47.87, '110-119': 50.67, '120-129': 46.49, '130-139': 52.94, '140-149': 41.55, '150-159': 46.13, 'old': 52.22, 'new': 43.81, 'harmonic': 47.65}
2026-08-10 21:13:27,304 [trainer.py] => CNN top1 curve: [80.56, 72.13, 67.26, 61.26, 58.59, 56.1, 53.7, 51.07]
2026-08-10 21:13:27,304 [trainer.py] => CNN top5 curve: [94.79, 90.51, 87.29, 82.41, 80.64, 78.77, 76.72, 74.64]
2026-08-10 21:13:27,304 [trainer.py] => Average Accuracy (CNN top1): 62.583749999999995
2026-08-10 21:13:27,336 [ranpac.py] => Learning on 160-180
2026-08-10 21:14:19,923 [ranpac.py] => RanPAC ridge parameter: 100000
2026-08-10 21:16:19,673 [trainer.py] => CNN: {'total': 49.37, '00-09': 58.73, '10-19': 57.69, '20-29': 46.89, '30-39': 57.73, '40-49': 53.21, '50-59': 52.94, '60-69': 48.08, '70-79': 41.09, '80-89': 46.27, '90-99': 57.4, '100-109': 46.56, '110-119': 48.53, '120-129': 45.32, '130-139': 51.7, '140-149': 39.41, '150-159': 46.13, '160-169': 45.59, '170-179': 45.0, 'old': 49.85, 'new': 45.31, 'harmonic': 47.47}
2026-08-10 21:16:19,673 [trainer.py] => CNN top1 curve: [80.56, 72.13, 67.26, 61.26, 58.59, 56.1, 53.7, 51.07, 49.37]
2026-08-10 21:16:19,673 [trainer.py] => CNN top5 curve: [94.79, 90.51, 87.29, 82.41, 80.64, 78.77, 76.72, 74.64, 72.48]
2026-08-10 21:16:19,674 [trainer.py] => Average Accuracy (CNN top1): 61.11555555555555
2026-08-10 21:16:19,701 [ranpac.py] => Learning on 180-200
2026-08-10 21:17:15,788 [ranpac.py] => RanPAC ridge parameter: 100000
2026-08-10 21:19:29,955 [trainer.py] => CNN: {'total': 47.44, '00-09': 56.84, '10-19': 58.04, '20-29': 45.34, '30-39': 57.41, '40-49': 52.6, '50-59': 51.63, '60-69': 47.8, '70-79': 39.88, '80-89': 46.27, '90-99': 56.51, '100-109': 45.25, '110-119': 46.65, '120-129': 45.03, '130-139': 49.85, '140-149': 38.87, '150-159': 45.3, '160-169': 41.95, '170-179': 42.67, '180-189': 43.9, '190-199': 37.36, 'old': 48.22, 'new': 40.25, 'harmonic': 43.88}
2026-08-10 21:19:29,955 [trainer.py] => CNN top1 curve: [80.56, 72.13, 67.26, 61.26, 58.59, 56.1, 53.7, 51.07, 49.37, 47.44]
2026-08-10 21:19:29,955 [trainer.py] => CNN top5 curve: [94.79, 90.51, 87.29, 82.41, 80.64, 78.77, 76.72, 74.64, 72.48, 70.87]
2026-08-10 21:19:29,955 [trainer.py] => Average Accuracy (CNN top1): 59.748000000000005
