2026-08-10 23:35:50,640 [trainer.py] => config: /home/team/zhaohongwei/Code/Research/Awesome-MMCL/configs/ranpac/ranpac_sun_B150_Inc30.json
2026-08-10 23:35:50,640 [trainer.py] => prefix: -
2026-08-10 23:35:50,641 [trainer.py] => dataset: sun
2026-08-10 23:35:50,641 [trainer.py] => memory_size: 0
2026-08-10 23:35:50,641 [trainer.py] => memory_per_class: 0
2026-08-10 23:35:50,641 [trainer.py] => fixed_memory: False
2026-08-10 23:35:50,641 [trainer.py] => shuffle: True
2026-08-10 23:35:50,641 [trainer.py] => init_cls: 150
2026-08-10 23:35:50,641 [trainer.py] => increment: 30
2026-08-10 23:35:50,641 [trainer.py] => model_name: ranpac
2026-08-10 23:35:50,641 [trainer.py] => backbone_type: clip
2026-08-10 23:35:50,641 [trainer.py] => clip_pretrained: /home/team/zhaohongwei/pretrained_models/open_clip_pytorch_model_laion400m_e32.bin
2026-08-10 23:35:50,641 [trainer.py] => device: [device(type='cuda', index=0)]
2026-08-10 23:35:50,641 [trainer.py] => seed: 1993
2026-08-10 23:35:50,641 [trainer.py] => tuned_epoch: 20
2026-08-10 23:35:50,641 [trainer.py] => init_lr: 0.01
2026-08-10 23:35:50,641 [trainer.py] => batch_size: 48
2026-08-10 23:35:50,641 [trainer.py] => weight_decay: 0.0005
2026-08-10 23:35:50,641 [trainer.py] => min_lr: 0.0
2026-08-10 23:35:50,641 [trainer.py] => ffn_num: 64
2026-08-10 23:35:50,641 [trainer.py] => optimizer: sgd
2026-08-10 23:35:50,641 [trainer.py] => num_workers: 8
2026-08-10 23:35:50,641 [trainer.py] => use_RP: True
2026-08-10 23:35:50,641 [trainer.py] => M: 10000
2026-08-10 23:35:50,641 [trainer.py] => ridge_sample_size: 1024
2026-08-10 23:35:50,641 [trainer.py] => total_class_num: 300
2026-08-10 23:35:50,959 [data_manager.py] => [169, 221, 146, 296, 92, 229, 49, 70, 126, 77, 243, 57, 120, 223, 27, 217, 154, 8, 101, 182, 54, 50, 97, 162, 28, 193, 79, 6, 151, 0, 173, 187, 44, 277, 157, 16, 257, 122, 35, 9, 171, 176, 134, 4, 87, 255, 112, 153, 246, 286, 147, 186, 107, 98, 10, 7, 266, 214, 36, 165, 139, 254, 103, 269, 59, 23, 298, 39, 73, 208, 135, 299, 102, 20, 12, 268, 11, 209, 161, 210, 74, 42, 56, 99, 235, 133, 159, 189, 145, 238, 215, 241, 138, 195, 233, 279, 88, 199, 64, 280, 26, 203, 17, 245, 174, 236, 137, 252, 80, 68, 181, 150, 118, 94, 75, 2, 109, 119, 232, 15, 69, 184, 201, 261, 55, 287, 273, 66, 175, 32, 142, 136, 116, 76, 179, 1, 91, 248, 275, 240, 290, 170, 132, 106, 265, 270, 85, 19, 284, 43, 259, 293, 228, 200, 104, 227, 51, 224, 163, 297, 216, 260, 93, 46, 100, 272, 105, 72, 131, 3, 156, 256, 249, 48, 113, 82, 172, 213, 62, 53, 271, 168, 253, 226, 183, 180, 276, 283, 78, 61, 143, 278, 30, 141, 196, 264, 231, 52, 222, 40, 125, 219, 65, 166, 192, 289, 45, 205, 89, 267, 90, 71, 167, 262, 281, 212, 96, 84, 127, 67, 294, 178, 288, 197, 21, 18, 111, 108, 58, 230, 188, 31, 110, 291, 129, 24, 204, 83, 81, 251, 60, 13, 128, 14, 86, 63, 117, 198, 274, 5, 22, 144, 258, 121, 38, 207, 148, 292, 41, 234, 237, 114, 202, 37, 149, 206, 155, 29, 130, 177, 194, 152, 34, 33, 239, 160, 140, 47, 244, 25, 282, 158, 211, 123, 190, 218, 164, 247, 263, 191, 220, 115, 242, 250, 124, 295, 95, 285, 225, 185]
2026-08-10 23:35:52,556 [instantiator.py] => Created a temporary directory at /tmp/tmp0j3tzowi
2026-08-10 23:35:52,556 [instantiator.py] => Writing /tmp/tmp0j3tzowi/_remote_module_non_scriptable.py
2026-08-10 23:35:52,703 [factory.py] => Loaded ViT-B-16 model config.
2026-08-10 23:35:54,265 [factory.py] => Loading pretrained ViT-B-16 weights (/home/team/zhaohongwei/pretrained_models/open_clip_pytorch_model_laion400m_e32.bin).
2026-08-10 23:35:55,882 [ranpac.py] => Learning on 0-150
2026-08-10 23:35:55,948 [ranpac.py] => RanPAC first-session trainable parameters: 1266432
2026-08-11 01:04:16,002 [ranpac.py] => Initialized RanPAC random projection: 512 -> 10000
2026-08-11 01:06:11,156 [ranpac.py] => RanPAC ridge parameter: 10000
2026-08-11 01:06:41,149 [trainer.py] => CNN: {'total': 86.39, '00-09': 84.64, '10-19': 86.61, '20-29': 80.47, '30-39': 90.1, '40-49': 88.14, '50-59': 90.99, '60-69': 87.83, '70-79': 90.02, '80-89': 91.73, '90-99': 81.47, '100-109': 80.2, '110-119': 86.01, '120-129': 83.13, '130-139': 84.26, '140-149': 89.34, 'old': 0, 'new': 86.39, 'harmonic': 0.0}
2026-08-11 01:06:41,149 [trainer.py] => CNN top1 curve: [86.39]
2026-08-11 01:06:41,149 [trainer.py] => CNN top5 curve: [98.42]
2026-08-11 01:06:41,149 [trainer.py] => Average Accuracy (CNN top1): 86.39
2026-08-11 01:06:41,173 [ranpac.py] => Learning on 150-180
2026-08-11 01:07:11,339 [ranpac.py] => RanPAC ridge parameter: 10000
2026-08-11 01:07:48,005 [trainer.py] => CNN: {'total': 85.48, '00-09': 84.01, '10-19': 85.59, '20-29': 79.03, '30-39': 89.01, '40-49': 86.98, '50-59': 87.98, '60-69': 85.89, '70-79': 89.64, '80-89': 92.33, '90-99': 80.2, '100-109': 78.6, '110-119': 85.27, '120-129': 76.35, '130-139': 83.52, '140-149': 86.21, '150-159': 91.12, '160-169': 83.96, '170-179': 90.41, 'old': 84.9, 'new': 87.9, 'harmonic': 86.37}
2026-08-11 01:07:48,005 [trainer.py] => CNN top1 curve: [86.39, 85.48]
2026-08-11 01:07:48,005 [trainer.py] => CNN top5 curve: [98.42, 98.33]
2026-08-11 01:07:48,005 [trainer.py] => Average Accuracy (CNN top1): 85.935
2026-08-11 01:07:48,030 [ranpac.py] => Learning on 180-210
2026-08-11 01:08:08,728 [ranpac.py] => RanPAC ridge parameter: 10000
2026-08-11 01:08:50,538 [trainer.py] => CNN: {'total': 84.25, '00-09': 81.5, '10-19': 83.41, '20-29': 77.85, '30-39': 87.8, '40-49': 86.86, '50-59': 88.2, '60-69': 84.83, '70-79': 88.7, '80-89': 91.13, '90-99': 78.68, '100-109': 77.8, '110-119': 84.53, '120-129': 75.3, '130-139': 82.96, '140-149': 84.33, '150-159': 89.96, '160-169': 83.08, '170-179': 89.48, '180-189': 73.42, '190-199': 85.34, '200-209': 87.0, 'old': 84.4, 'new': 83.1, 'harmonic': 83.74}
2026-08-11 01:08:50,539 [trainer.py] => CNN top1 curve: [86.39, 85.48, 84.25]
2026-08-11 01:08:50,539 [trainer.py] => CNN top5 curve: [98.42, 98.33, 98.07]
2026-08-11 01:08:50,539 [trainer.py] => Average Accuracy (CNN top1): 85.37333333333333
2026-08-11 01:08:50,577 [ranpac.py] => Learning on 210-240
2026-08-11 01:09:14,052 [ranpac.py] => RanPAC ridge parameter: 10000
2026-08-11 01:10:02,035 [trainer.py] => CNN: {'total': 83.22, '00-09': 81.5, '10-19': 82.97, '20-29': 77.98, '30-39': 87.44, '40-49': 83.51, '50-59': 86.48, '60-69': 83.42, '70-79': 87.57, '80-89': 90.23, '90-99': 73.86, '100-109': 75.8, '110-119': 83.04, '120-129': 73.91, '130-139': 80.0, '140-149': 81.5, '150-159': 89.77, '160-169': 81.86, '170-179': 88.28, '180-189': 71.78, '190-199': 83.08, '200-209': 87.33, '210-219': 82.22, '220-229': 81.41, '230-239': 92.12, 'old': 82.91, 'new': 85.56, 'harmonic': 84.21}
2026-08-11 01:10:02,036 [trainer.py] => CNN top1 curve: [86.39, 85.48, 84.25, 83.22]
2026-08-11 01:10:02,036 [trainer.py] => CNN top5 curve: [98.42, 98.33, 98.07, 97.79]
2026-08-11 01:10:02,036 [trainer.py] => Average Accuracy (CNN top1): 84.83500000000001
2026-08-11 01:10:02,066 [ranpac.py] => Learning on 240-270
2026-08-11 01:10:25,162 [ranpac.py] => RanPAC ridge parameter: 10000
2026-08-11 01:11:19,020 [trainer.py] => CNN: {'total': 81.85, '00-09': 79.94, '10-19': 81.22, '20-29': 74.71, '30-39': 86.59, '40-49': 78.99, '50-59': 83.69, '60-69': 82.19, '70-79': 86.63, '80-89': 89.17, '90-99': 71.57, '100-109': 75.0, '110-119': 82.55, '120-129': 73.91, '130-139': 79.81, '140-149': 79.62, '150-159': 88.8, '160-169': 80.42, '170-179': 86.95, '180-189': 70.41, '190-199': 82.71, '200-209': 86.83, '210-219': 80.75, '220-229': 80.77, '230-239': 91.3, '240-249': 78.14, '250-259': 86.86, '260-269': 76.18, 'old': 81.83, 'new': 81.96, 'harmonic': 81.89}
2026-08-11 01:11:19,020 [trainer.py] => CNN top1 curve: [86.39, 85.48, 84.25, 83.22, 81.85]
2026-08-11 01:11:19,020 [trainer.py] => CNN top5 curve: [98.42, 98.33, 98.07, 97.79, 97.56]
2026-08-11 01:11:19,020 [trainer.py] => Average Accuracy (CNN top1): 84.23800000000001
2026-08-11 01:11:19,048 [ranpac.py] => Learning on 270-300
2026-08-11 01:11:45,458 [ranpac.py] => RanPAC ridge parameter: 10000
2026-08-11 01:12:45,734 [trainer.py] => CNN: {'total': 81.11, '00-09': 77.59, '10-19': 80.2, '20-29': 74.57, '30-39': 84.54, '40-49': 77.45, '50-59': 84.33, '60-69': 80.25, '70-79': 85.88, '80-89': 88.72, '90-99': 67.26, '100-109': 75.0, '110-119': 82.05, '120-129': 73.74, '130-139': 79.44, '140-149': 79.31, '150-159': 86.29, '160-169': 78.76, '170-179': 86.82, '180-189': 69.86, '190-199': 79.89, '200-209': 85.83, '210-219': 80.26, '220-229': 80.13, '230-239': 89.49, '240-249': 77.92, '250-259': 86.51, '260-269': 75.94, '270-279': 88.06, '280-289': 76.32, '290-299': 80.99, 'old': 80.82, 'new': 83.43, 'harmonic': 82.1}
2026-08-11 01:12:45,734 [trainer.py] => CNN top1 curve: [86.39, 85.48, 84.25, 83.22, 81.85, 81.11]
2026-08-11 01:12:45,734 [trainer.py] => CNN top5 curve: [98.42, 98.33, 98.07, 97.79, 97.56, 97.21]
2026-08-11 01:12:45,734 [trainer.py] => Average Accuracy (CNN top1): 83.71666666666668
