2026-08-12 18:52:31,197 [trainer.py] => config: /home/team/zhaohongwei/Code/Research/Awesome-MMCL/configs/ranpac/ranpac_sun_B150_Inc30.json
2026-08-12 18:52:31,197 [trainer.py] => prefix: -
2026-08-12 18:52:31,197 [trainer.py] => dataset: sun
2026-08-12 18:52:31,197 [trainer.py] => memory_size: 0
2026-08-12 18:52:31,197 [trainer.py] => memory_per_class: 0
2026-08-12 18:52:31,197 [trainer.py] => fixed_memory: False
2026-08-12 18:52:31,197 [trainer.py] => shuffle: True
2026-08-12 18:52:31,197 [trainer.py] => init_cls: 150
2026-08-12 18:52:31,197 [trainer.py] => increment: 30
2026-08-12 18:52:31,197 [trainer.py] => model_name: ranpac
2026-08-12 18:52:31,197 [trainer.py] => backbone_type: clip
2026-08-12 18:52:31,197 [trainer.py] => clip_pretrained: /home/team/zhaohongwei/pretrained_models/open_clip_pytorch_model_laion400m_e32.bin
2026-08-12 18:52:31,197 [trainer.py] => device: [device(type='cuda', index=0)]
2026-08-12 18:52:31,197 [trainer.py] => seed: 2026
2026-08-12 18:52:31,197 [trainer.py] => tuned_epoch: 20
2026-08-12 18:52:31,197 [trainer.py] => init_lr: 0.01
2026-08-12 18:52:31,197 [trainer.py] => batch_size: 48
2026-08-12 18:52:31,197 [trainer.py] => weight_decay: 0.0005
2026-08-12 18:52:31,197 [trainer.py] => min_lr: 0.0
2026-08-12 18:52:31,197 [trainer.py] => ffn_num: 64
2026-08-12 18:52:31,197 [trainer.py] => optimizer: sgd
2026-08-12 18:52:31,197 [trainer.py] => num_workers: 8
2026-08-12 18:52:31,197 [trainer.py] => use_RP: True
2026-08-12 18:52:31,198 [trainer.py] => M: 10000
2026-08-12 18:52:31,198 [trainer.py] => ridge_sample_size: 1024
2026-08-12 18:52:31,198 [trainer.py] => total_class_num: 300
2026-08-12 18:52:31,499 [data_manager.py] => [224, 200, 247, 134, 144, 294, 287, 225, 131, 191, 158, 138, 7, 23, 40, 155, 269, 178, 126, 44, 181, 266, 179, 275, 193, 114, 6, 235, 42, 109, 286, 230, 121, 210, 208, 102, 24, 256, 5, 254, 115, 168, 61, 184, 211, 18, 272, 227, 292, 296, 239, 107, 299, 283, 189, 202, 262, 105, 174, 206, 281, 150, 87, 265, 192, 271, 125, 74, 62, 56, 252, 197, 88, 180, 204, 46, 293, 298, 258, 146, 53, 80, 71, 37, 12, 219, 119, 4, 267, 90, 273, 65, 236, 1, 170, 100, 91, 213, 242, 209, 128, 261, 26, 50, 248, 140, 270, 185, 291, 156, 240, 199, 183, 186, 175, 81, 228, 177, 76, 52, 277, 54, 34, 94, 278, 110, 218, 99, 149, 220, 133, 234, 39, 154, 15, 233, 253, 289, 172, 187, 169, 143, 31, 198, 84, 157, 86, 173, 104, 9, 203, 147, 190, 223, 120, 30, 36, 196, 11, 288, 297, 285, 118, 129, 57, 82, 141, 241, 280, 45, 41, 151, 279, 166, 153, 217, 106, 93, 276, 123, 237, 167, 59, 48, 136, 246, 274, 244, 117, 60, 70, 229, 122, 20, 10, 63, 68, 231, 238, 171, 16, 72, 127, 232, 32, 124, 182, 0, 98, 264, 92, 38, 132, 95, 260, 97, 35, 8, 83, 163, 85, 113, 214, 13, 162, 145, 221, 33, 21, 195, 176, 215, 108, 103, 268, 165, 55, 69, 89, 2, 19, 67, 188, 284, 51, 243, 160, 222, 78, 255, 43, 142, 64, 207, 66, 161, 212, 164, 194, 14, 251, 139, 75, 79, 22, 58, 101, 73, 259, 159, 216, 226, 49, 152, 137, 3, 245, 290, 148, 47, 295, 201, 250, 17, 112, 25, 111, 135, 96, 263, 249, 27, 205, 130, 28, 116, 29, 77, 282, 257]
2026-08-12 18:52:33,126 [instantiator.py] => Created a temporary directory at /tmp/tmp3jf51ge0
2026-08-12 18:52:33,126 [instantiator.py] => Writing /tmp/tmp3jf51ge0/_remote_module_non_scriptable.py
2026-08-12 18:52:33,298 [factory.py] => Loaded ViT-B-16 model config.
2026-08-12 18:52:34,806 [factory.py] => Loading pretrained ViT-B-16 weights (/home/team/zhaohongwei/pretrained_models/open_clip_pytorch_model_laion400m_e32.bin).
2026-08-12 18:52:36,608 [ranpac.py] => Learning on 0-150
2026-08-12 18:52:36,669 [ranpac.py] => RanPAC first-session trainable parameters: 1266432
2026-08-12 20:22:12,072 [ranpac.py] => Initialized RanPAC random projection: 512 -> 10000
2026-08-12 20:24:08,860 [ranpac.py] => RanPAC ridge parameter: 10000
2026-08-12 20:24:42,363 [trainer.py] => CNN: {'total': 87.86, '00-09': 87.96, '10-19': 91.47, '20-29': 88.99, '30-39': 92.49, '40-49': 80.9, '50-59': 80.24, '60-69': 91.55, '70-79': 87.77, '80-89': 85.09, '90-99': 87.38, '100-109': 94.04, '110-119': 86.39, '120-129': 91.3, '130-139': 79.45, '140-149': 80.1, 'old': 0, 'new': 87.86, 'harmonic': 0.0}
2026-08-12 20:24:42,364 [trainer.py] => CNN top1 curve: [87.86]
2026-08-12 20:24:42,364 [trainer.py] => CNN top5 curve: [98.62]
2026-08-12 20:24:42,364 [trainer.py] => Average Accuracy (CNN top1): 87.86
2026-08-12 20:24:42,387 [ranpac.py] => Learning on 150-180
2026-08-12 20:25:03,660 [ranpac.py] => RanPAC ridge parameter: 10000
2026-08-12 20:25:40,739 [trainer.py] => CNN: {'total': 86.41, '00-09': 86.68, '10-19': 89.6, '20-29': 87.91, '30-39': 91.02, '40-49': 79.33, '50-59': 78.51, '60-69': 90.14, '70-79': 85.84, '80-89': 83.96, '90-99': 85.92, '100-109': 93.32, '110-119': 85.41, '120-129': 91.3, '130-139': 79.79, '140-149': 78.83, '150-159': 86.32, '160-169': 82.18, '170-179': 87.98, 'old': 86.63, 'new': 85.1, 'harmonic': 85.86}
2026-08-12 20:25:40,739 [trainer.py] => CNN top1 curve: [87.86, 86.41]
2026-08-12 20:25:40,740 [trainer.py] => CNN top5 curve: [98.62, 98.41]
2026-08-12 20:25:40,740 [trainer.py] => Average Accuracy (CNN top1): 87.13499999999999
2026-08-12 20:25:40,835 [ranpac.py] => Learning on 180-210
2026-08-12 20:26:04,070 [ranpac.py] => RanPAC ridge parameter: 10000
2026-08-12 20:26:47,148 [trainer.py] => CNN: {'total': 84.74, '00-09': 86.31, '10-19': 89.07, '20-29': 83.94, '30-39': 90.21, '40-49': 76.4, '50-59': 77.47, '60-69': 88.59, '70-79': 84.23, '80-89': 82.08, '90-99': 85.44, '100-109': 91.88, '110-119': 85.25, '120-129': 90.35, '130-139': 78.77, '140-149': 76.28, '150-159': 84.12, '160-169': 82.51, '170-179': 86.89, '180-189': 82.57, '190-199': 85.24, '200-209': 78.37, 'old': 85.12, 'new': 82.21, 'harmonic': 83.64}
2026-08-12 20:26:47,149 [trainer.py] => CNN top1 curve: [87.86, 86.41, 84.74]
2026-08-12 20:26:47,149 [trainer.py] => CNN top5 curve: [98.62, 98.41, 98.14]
2026-08-12 20:26:47,149 [trainer.py] => Average Accuracy (CNN top1): 86.33666666666666
2026-08-12 20:26:47,196 [ranpac.py] => Learning on 210-240
2026-08-12 20:27:14,513 [ranpac.py] => RanPAC ridge parameter: 10000
2026-08-12 20:28:03,204 [trainer.py] => CNN: {'total': 83.48, '00-09': 84.31, '10-19': 88.13, '20-29': 83.39, '30-39': 89.68, '40-49': 73.93, '50-59': 76.26, '60-69': 85.07, '70-79': 83.37, '80-89': 80.19, '90-99': 85.44, '100-109': 89.35, '110-119': 85.25, '120-129': 89.15, '130-139': 77.74, '140-149': 76.53, '150-159': 83.61, '160-169': 80.36, '170-179': 84.43, '180-189': 82.26, '190-199': 84.85, '200-209': 76.23, '210-219': 80.36, '220-229': 85.46, '230-239': 83.73, 'old': 83.51, 'new': 83.24, 'harmonic': 83.37}
2026-08-12 20:28:03,205 [trainer.py] => CNN top1 curve: [87.86, 86.41, 84.74, 83.48]
2026-08-12 20:28:03,205 [trainer.py] => CNN top5 curve: [98.62, 98.41, 98.14, 97.82]
2026-08-12 20:28:03,205 [trainer.py] => Average Accuracy (CNN top1): 85.6225
2026-08-12 20:28:03,237 [ranpac.py] => Learning on 240-270
2026-08-12 20:28:35,300 [ranpac.py] => RanPAC ridge parameter: 10000
2026-08-12 20:29:31,014 [trainer.py] => CNN: {'total': 82.63, '00-09': 80.66, '10-19': 88.67, '20-29': 81.41, '30-39': 89.01, '40-49': 72.13, '50-59': 76.43, '60-69': 83.66, '70-79': 82.3, '80-89': 79.43, '90-99': 84.63, '100-109': 88.27, '110-119': 84.76, '120-129': 89.27, '130-139': 77.4, '140-149': 75.51, '150-159': 80.91, '160-169': 79.87, '170-179': 84.15, '180-189': 78.65, '190-199': 82.52, '200-209': 74.95, '210-219': 79.46, '220-229': 81.87, '230-239': 81.36, '240-249': 75.78, '250-259': 91.16, '260-269': 82.55, 'old': 82.17, 'new': 85.27, 'harmonic': 83.69}
2026-08-12 20:29:31,015 [trainer.py] => CNN top1 curve: [87.86, 86.41, 84.74, 83.48, 82.63]
2026-08-12 20:29:31,015 [trainer.py] => CNN top5 curve: [98.62, 98.41, 98.14, 97.82, 97.61]
2026-08-12 20:29:31,015 [trainer.py] => Average Accuracy (CNN top1): 85.024
2026-08-12 20:29:31,047 [ranpac.py] => Learning on 270-300
2026-08-12 20:29:52,184 [ranpac.py] => RanPAC ridge parameter: 10000
2026-08-12 20:30:54,644 [trainer.py] => CNN: {'total': 81.18, '00-09': 80.29, '10-19': 87.73, '20-29': 79.78, '30-39': 88.34, '40-49': 70.34, '50-59': 74.7, '60-69': 82.68, '70-79': 82.19, '80-89': 79.25, '90-99': 80.74, '100-109': 87.18, '110-119': 84.28, '120-129': 88.68, '130-139': 76.03, '140-149': 75.0, '150-159': 79.22, '160-169': 77.56, '170-179': 83.33, '180-189': 77.71, '190-199': 82.33, '200-209': 71.52, '210-219': 79.46, '220-229': 80.79, '230-239': 81.63, '240-249': 75.37, '250-259': 91.42, '260-269': 81.33, '270-279': 66.67, '280-289': 79.1, '290-299': 79.19, 'old': 81.68, 'new': 75.77, 'harmonic': 78.61}
2026-08-12 20:30:54,645 [trainer.py] => CNN top1 curve: [87.86, 86.41, 84.74, 83.48, 82.63, 81.18]
2026-08-12 20:30:54,645 [trainer.py] => CNN top5 curve: [98.62, 98.41, 98.14, 97.82, 97.61, 97.17]
2026-08-12 20:30:54,645 [trainer.py] => Average Accuracy (CNN top1): 84.38333333333334
