2026-08-11 01:12:48,530 [trainer.py] => config: /home/team/zhaohongwei/Code/Research/Awesome-MMCL/configs/ranpac/ranpac_ucf_B0_Inc10.json
2026-08-11 01:12:48,530 [trainer.py] => prefix: -
2026-08-11 01:12:48,530 [trainer.py] => dataset: ucf101
2026-08-11 01:12:48,530 [trainer.py] => memory_size: 0
2026-08-11 01:12:48,530 [trainer.py] => memory_per_class: 0
2026-08-11 01:12:48,530 [trainer.py] => fixed_memory: False
2026-08-11 01:12:48,530 [trainer.py] => shuffle: True
2026-08-11 01:12:48,530 [trainer.py] => init_cls: 10
2026-08-11 01:12:48,530 [trainer.py] => increment: 10
2026-08-11 01:12:48,530 [trainer.py] => model_name: ranpac
2026-08-11 01:12:48,530 [trainer.py] => backbone_type: clip
2026-08-11 01:12:48,530 [trainer.py] => clip_pretrained: /home/team/zhaohongwei/pretrained_models/open_clip_pytorch_model_laion400m_e32.bin
2026-08-11 01:12:48,531 [trainer.py] => device: [device(type='cuda', index=0)]
2026-08-11 01:12:48,531 [trainer.py] => seed: 1993
2026-08-11 01:12:48,531 [trainer.py] => tuned_epoch: 20
2026-08-11 01:12:48,531 [trainer.py] => init_lr: 0.01
2026-08-11 01:12:48,531 [trainer.py] => batch_size: 48
2026-08-11 01:12:48,531 [trainer.py] => weight_decay: 0.0005
2026-08-11 01:12:48,531 [trainer.py] => min_lr: 0.0
2026-08-11 01:12:48,531 [trainer.py] => ffn_num: 64
2026-08-11 01:12:48,531 [trainer.py] => optimizer: sgd
2026-08-11 01:12:48,531 [trainer.py] => num_workers: 8
2026-08-11 01:12:48,531 [trainer.py] => use_RP: True
2026-08-11 01:12:48,531 [trainer.py] => M: 10000
2026-08-11 01:12:48,531 [trainer.py] => ridge_sample_size: 1024
2026-08-11 01:12:48,531 [trainer.py] => total_class_num: 100
2026-08-11 01:12:48,639 [data_manager.py] => [68, 56, 78, 8, 23, 84, 90, 65, 74, 76, 40, 89, 3, 92, 55, 9, 26, 80, 43, 38, 58, 70, 77, 1, 85, 19, 17, 50, 28, 53, 13, 81, 45, 82, 6, 59, 83, 16, 15, 44, 91, 41, 72, 60, 79, 52, 20, 10, 31, 54, 37, 95, 14, 71, 96, 98, 97, 2, 64, 66, 42, 22, 35, 86, 24, 34, 87, 21, 99, 0, 88, 27, 18, 94, 11, 12, 47, 25, 30, 46, 62, 69, 36, 61, 7, 63, 75, 5, 32, 4, 51, 48, 73, 93, 39, 67, 29, 49, 57, 33]
2026-08-11 01:12:49,800 [instantiator.py] => Created a temporary directory at /tmp/tmp612_fr6o
2026-08-11 01:12:49,800 [instantiator.py] => Writing /tmp/tmp612_fr6o/_remote_module_non_scriptable.py
2026-08-11 01:12:49,937 [factory.py] => Loaded ViT-B-16 model config.
2026-08-11 01:12:51,474 [factory.py] => Loading pretrained ViT-B-16 weights (/home/team/zhaohongwei/pretrained_models/open_clip_pytorch_model_laion400m_e32.bin).
2026-08-11 01:12:53,122 [ranpac.py] => Learning on 0-10
2026-08-11 01:12:53,128 [ranpac.py] => RanPAC first-session trainable parameters: 1194752
2026-08-11 01:15:32,124 [ranpac.py] => Initialized RanPAC random projection: 512 -> 10000
2026-08-11 01:15:35,831 [ranpac.py] => RanPAC ridge parameter: 100
2026-08-11 01:15:37,048 [trainer.py] => CNN: {'total': 99.6, '00-09': 99.6, 'old': 0, 'new': 99.6, 'harmonic': 0.0}
2026-08-11 01:15:37,048 [trainer.py] => CNN top1 curve: [99.6]
2026-08-11 01:15:37,048 [trainer.py] => CNN top5 curve: [100.0]
2026-08-11 01:15:37,049 [trainer.py] => Average Accuracy (CNN top1): 99.6
2026-08-11 01:15:37,059 [ranpac.py] => Learning on 10-20
2026-08-11 01:15:41,107 [ranpac.py] => RanPAC ridge parameter: 100
2026-08-11 01:15:43,184 [trainer.py] => CNN: {'total': 99.22, '00-09': 98.81, '10-19': 99.62, 'old': 98.81, 'new': 99.62, 'harmonic': 99.21}
2026-08-11 01:15:43,185 [trainer.py] => CNN top1 curve: [99.6, 99.22]
2026-08-11 01:15:43,185 [trainer.py] => CNN top5 curve: [100.0, 99.81]
2026-08-11 01:15:43,185 [trainer.py] => Average Accuracy (CNN top1): 99.41
2026-08-11 01:15:43,195 [ranpac.py] => Learning on 20-30
2026-08-11 01:15:47,032 [ranpac.py] => RanPAC ridge parameter: 1
2026-08-11 01:15:49,945 [trainer.py] => CNN: {'total': 2.54, '00-09': 7.91, '10-19': 0.0, '20-29': 0.0, 'old': 3.9, 'new': 0.0, 'harmonic': 0.0}
2026-08-11 01:15:49,945 [trainer.py] => CNN top1 curve: [99.6, 99.22, 2.54]
2026-08-11 01:15:49,945 [trainer.py] => CNN top5 curve: [100.0, 99.81, 17.77]
2026-08-11 01:15:49,946 [trainer.py] => Average Accuracy (CNN top1): 67.11999999999999
2026-08-11 01:15:49,962 [ranpac.py] => Learning on 30-40
2026-08-11 01:15:53,773 [ranpac.py] => RanPAC ridge parameter: 1e-08
2026-08-11 01:15:57,448 [trainer.py] => CNN: {'total': 1.93, '00-09': 7.91, '10-19': 0.0, '20-29': 0.0, '30-39': 0.0, 'old': 2.54, 'new': 0.0, 'harmonic': 0.0}
2026-08-11 01:15:57,448 [trainer.py] => CNN top1 curve: [99.6, 99.22, 2.54, 1.93]
2026-08-11 01:15:57,448 [trainer.py] => CNN top5 curve: [100.0, 99.81, 17.77, 13.5]
2026-08-11 01:15:57,448 [trainer.py] => Average Accuracy (CNN top1): 50.8225
2026-08-11 01:15:57,466 [ranpac.py] => Learning on 40-50
2026-08-11 01:16:01,299 [ranpac.py] => RanPAC ridge parameter: 1000
2026-08-11 01:16:05,779 [trainer.py] => CNN: {'total': 98.63, '00-09': 97.63, '10-19': 99.62, '20-29': 99.27, '30-39': 97.99, '40-49': 98.54, 'old': 98.65, 'new': 98.54, 'harmonic': 98.59}
2026-08-11 01:16:05,780 [trainer.py] => CNN top1 curve: [99.6, 99.22, 2.54, 1.93, 98.63]
2026-08-11 01:16:05,780 [trainer.py] => CNN top5 curve: [100.0, 99.81, 17.77, 13.5, 99.92]
2026-08-11 01:16:05,780 [trainer.py] => Average Accuracy (CNN top1): 60.38399999999999
2026-08-11 01:16:05,797 [ranpac.py] => Learning on 50-60
2026-08-11 01:16:09,274 [ranpac.py] => RanPAC ridge parameter: 1
2026-08-11 01:16:14,561 [trainer.py] => CNN: {'total': 1.29, '00-09': 7.91, '10-19': 0.0, '20-29': 0.0, '30-39': 0.0, '40-49': 0.0, '50-59': 0.0, 'old': 1.53, 'new': 0.0, 'harmonic': 0.0}
2026-08-11 01:16:14,561 [trainer.py] => CNN top1 curve: [99.6, 99.22, 2.54, 1.93, 98.63, 1.29]
2026-08-11 01:16:14,561 [trainer.py] => CNN top5 curve: [100.0, 99.81, 17.77, 13.5, 99.92, 9.02]
2026-08-11 01:16:14,561 [trainer.py] => Average Accuracy (CNN top1): 50.535
2026-08-11 01:16:14,578 [ranpac.py] => Learning on 60-70
2026-08-11 01:16:18,367 [ranpac.py] => RanPAC ridge parameter: 1e-08
2026-08-11 01:16:24,426 [trainer.py] => CNN: {'total': 1.1, '00-09': 7.91, '10-19': 0.0, '20-29': 0.0, '30-39': 0.0, '40-49': 0.0, '50-59': 0.0, '60-69': 0.0, 'old': 1.29, 'new': 0.0, 'harmonic': 0.0}
2026-08-11 01:16:24,427 [trainer.py] => CNN top1 curve: [99.6, 99.22, 2.54, 1.93, 98.63, 1.29, 1.1]
2026-08-11 01:16:24,427 [trainer.py] => CNN top5 curve: [100.0, 99.81, 17.77, 13.5, 99.92, 9.02, 7.67]
2026-08-11 01:16:24,428 [trainer.py] => Average Accuracy (CNN top1): 43.472857142857144
2026-08-11 01:16:24,446 [ranpac.py] => Learning on 70-80
2026-08-11 01:16:28,212 [ranpac.py] => RanPAC ridge parameter: 1000
2026-08-11 01:16:35,059 [trainer.py] => CNN: {'total': 98.32, '00-09': 96.84, '10-19': 98.46, '20-29': 98.18, '30-39': 97.19, '40-49': 98.18, '50-59': 97.93, '60-69': 100.0, '70-79': 99.62, 'old': 98.14, 'new': 99.62, 'harmonic': 98.87}
2026-08-11 01:16:35,059 [trainer.py] => CNN top1 curve: [99.6, 99.22, 2.54, 1.93, 98.63, 1.29, 1.1, 98.32]
2026-08-11 01:16:35,059 [trainer.py] => CNN top5 curve: [100.0, 99.81, 17.77, 13.5, 99.92, 9.02, 7.67, 99.71]
2026-08-11 01:16:35,059 [trainer.py] => Average Accuracy (CNN top1): 50.32875
2026-08-11 01:16:35,067 [ranpac.py] => Learning on 80-90
2026-08-11 01:16:38,753 [ranpac.py] => RanPAC ridge parameter: 1000
2026-08-11 01:16:46,503 [trainer.py] => CNN: {'total': 98.24, '00-09': 97.23, '10-19': 98.46, '20-29': 98.18, '30-39': 97.99, '40-49': 97.81, '50-59': 97.1, '60-69': 100.0, '70-79': 99.62, '80-89': 97.64, 'old': 98.32, 'new': 97.64, 'harmonic': 97.98}
2026-08-11 01:16:46,503 [trainer.py] => CNN top1 curve: [99.6, 99.22, 2.54, 1.93, 98.63, 1.29, 1.1, 98.32, 98.24]
2026-08-11 01:16:46,503 [trainer.py] => CNN top5 curve: [100.0, 99.81, 17.77, 13.5, 99.92, 9.02, 7.67, 99.71, 99.66]
2026-08-11 01:16:46,503 [trainer.py] => Average Accuracy (CNN top1): 55.65222222222222
2026-08-11 01:16:46,515 [ranpac.py] => Learning on 90-100
2026-08-11 01:16:50,315 [ranpac.py] => RanPAC ridge parameter: 1000
2026-08-11 01:16:58,925 [trainer.py] => CNN: {'total': 97.54, '00-09': 97.23, '10-19': 98.08, '20-29': 98.18, '30-39': 97.19, '40-49': 97.45, '50-59': 97.1, '60-69': 99.27, '70-79': 99.62, '80-89': 97.3, '90-99': 93.77, 'old': 97.94, 'new': 93.77, 'harmonic': 95.81}
2026-08-11 01:16:58,925 [trainer.py] => CNN top1 curve: [99.6, 99.22, 2.54, 1.93, 98.63, 1.29, 1.1, 98.32, 98.24, 97.54]
2026-08-11 01:16:58,925 [trainer.py] => CNN top5 curve: [100.0, 99.81, 17.77, 13.5, 99.92, 9.02, 7.67, 99.71, 99.66, 99.36]
2026-08-11 01:16:58,925 [trainer.py] => Average Accuracy (CNN top1): 59.840999999999994
