2026-08-11 00:45:18,199 [trainer.py] => config: /home/team/zhaohongwei/Code/Research/Awesome-MMCL/configs/ranpac/ranpac_ucf_B50_Inc10.json
2026-08-11 00:45:18,199 [trainer.py] => prefix: -
2026-08-11 00:45:18,199 [trainer.py] => dataset: ucf101
2026-08-11 00:45:18,199 [trainer.py] => memory_size: 0
2026-08-11 00:45:18,199 [trainer.py] => memory_per_class: 0
2026-08-11 00:45:18,199 [trainer.py] => fixed_memory: False
2026-08-11 00:45:18,199 [trainer.py] => shuffle: True
2026-08-11 00:45:18,199 [trainer.py] => init_cls: 50
2026-08-11 00:45:18,199 [trainer.py] => increment: 10
2026-08-11 00:45:18,199 [trainer.py] => model_name: ranpac
2026-08-11 00:45:18,199 [trainer.py] => backbone_type: clip
2026-08-11 00:45:18,199 [trainer.py] => clip_pretrained: /home/team/zhaohongwei/pretrained_models/open_clip_pytorch_model_laion400m_e32.bin
2026-08-11 00:45:18,199 [trainer.py] => device: [device(type='cuda', index=0)]
2026-08-11 00:45:18,199 [trainer.py] => seed: 42
2026-08-11 00:45:18,200 [trainer.py] => tuned_epoch: 20
2026-08-11 00:45:18,200 [trainer.py] => init_lr: 0.01
2026-08-11 00:45:18,200 [trainer.py] => batch_size: 48
2026-08-11 00:45:18,200 [trainer.py] => weight_decay: 0.0005
2026-08-11 00:45:18,200 [trainer.py] => min_lr: 0.0
2026-08-11 00:45:18,200 [trainer.py] => ffn_num: 64
2026-08-11 00:45:18,200 [trainer.py] => optimizer: sgd
2026-08-11 00:45:18,200 [trainer.py] => num_workers: 8
2026-08-11 00:45:18,200 [trainer.py] => use_RP: True
2026-08-11 00:45:18,200 [trainer.py] => M: 10000
2026-08-11 00:45:18,200 [trainer.py] => ridge_sample_size: 1024
2026-08-11 00:45:18,200 [trainer.py] => total_class_num: 100
2026-08-11 00:45:18,316 [data_manager.py] => [83, 53, 70, 45, 44, 39, 22, 80, 10, 0, 18, 30, 73, 33, 90, 4, 76, 77, 12, 31, 55, 88, 26, 42, 69, 15, 40, 96, 9, 72, 11, 47, 85, 28, 93, 5, 66, 65, 35, 16, 49, 34, 7, 95, 27, 19, 81, 25, 62, 13, 24, 3, 17, 38, 8, 78, 6, 64, 36, 89, 56, 99, 54, 43, 50, 67, 46, 68, 61, 97, 79, 41, 58, 48, 98, 57, 75, 32, 94, 59, 63, 84, 37, 29, 1, 52, 21, 2, 23, 87, 91, 74, 86, 82, 20, 60, 71, 14, 92, 51]
2026-08-11 00:45:19,628 [instantiator.py] => Created a temporary directory at /tmp/tmpbruwy3o3
2026-08-11 00:45:19,629 [instantiator.py] => Writing /tmp/tmpbruwy3o3/_remote_module_non_scriptable.py
2026-08-11 00:45:19,769 [factory.py] => Loaded ViT-B-16 model config.
2026-08-11 00:45:21,200 [factory.py] => Loading pretrained ViT-B-16 weights (/home/team/zhaohongwei/pretrained_models/open_clip_pytorch_model_laion400m_e32.bin).
2026-08-11 00:45:22,766 [ranpac.py] => Learning on 0-50
2026-08-11 00:45:22,775 [ranpac.py] => RanPAC first-session trainable parameters: 1215232
2026-08-11 00:56:56,910 [ranpac.py] => Initialized RanPAC random projection: 512 -> 10000
2026-08-11 00:57:13,113 [ranpac.py] => RanPAC ridge parameter: 10000
2026-08-11 00:57:17,615 [trainer.py] => CNN: {'total': 98.57, '00-09': 98.32, '10-19': 96.75, '20-29': 99.62, '30-39': 98.52, '40-49': 99.61, 'old': 0, 'new': 98.57, 'harmonic': 0.0}
2026-08-11 00:57:17,616 [trainer.py] => CNN top1 curve: [98.57]
2026-08-11 00:57:17,616 [trainer.py] => CNN top5 curve: [99.92]
2026-08-11 00:57:17,616 [trainer.py] => Average Accuracy (CNN top1): 98.57
2026-08-11 00:57:17,627 [ranpac.py] => Learning on 50-60
2026-08-11 00:57:21,407 [ranpac.py] => RanPAC ridge parameter: 1000
2026-08-11 00:57:26,596 [trainer.py] => CNN: {'total': 98.82, '00-09': 97.98, '10-19': 97.56, '20-29': 100.0, '30-39': 98.52, '40-49': 99.61, '50-59': 99.29, 'old': 98.72, 'new': 99.29, 'harmonic': 99.0}
2026-08-11 00:57:26,596 [trainer.py] => CNN top1 curve: [98.57, 98.82]
2026-08-11 00:57:26,596 [trainer.py] => CNN top5 curve: [99.92, 99.94]
2026-08-11 00:57:26,597 [trainer.py] => Average Accuracy (CNN top1): 98.695
2026-08-11 00:57:26,615 [ranpac.py] => Learning on 60-70
2026-08-11 00:57:30,423 [ranpac.py] => RanPAC ridge parameter: 1000
2026-08-11 00:57:36,620 [trainer.py] => CNN: {'total': 98.35, '00-09': 97.64, '10-19': 96.34, '20-29': 100.0, '30-39': 98.52, '40-49': 99.21, '50-59': 98.94, '60-69': 97.76, 'old': 98.45, 'new': 97.76, 'harmonic': 98.1}
2026-08-11 00:57:36,620 [trainer.py] => CNN top1 curve: [98.57, 98.82, 98.35]
2026-08-11 00:57:36,621 [trainer.py] => CNN top5 curve: [99.92, 99.94, 99.89]
2026-08-11 00:57:36,621 [trainer.py] => Average Accuracy (CNN top1): 98.58
2026-08-11 00:57:36,642 [ranpac.py] => Learning on 70-80
2026-08-11 00:57:40,466 [ranpac.py] => RanPAC ridge parameter: 0.01
2026-08-11 00:57:47,356 [trainer.py] => CNN: {'total': 1.21, '00-09': 8.75, '10-19': 0.0, '20-29': 0.0, '30-39': 0.0, '40-49': 0.0, '50-59': 0.0, '60-69': 0.0, '70-79': 0.0, 'old': 1.38, 'new': 0.0, 'harmonic': 0.0}
2026-08-11 00:57:47,356 [trainer.py] => CNN top1 curve: [98.57, 98.82, 98.35, 1.21]
2026-08-11 00:57:47,357 [trainer.py] => CNN top5 curve: [99.92, 99.94, 99.89, 6.41]
2026-08-11 00:57:47,357 [trainer.py] => Average Accuracy (CNN top1): 74.2375
2026-08-11 00:57:47,379 [ranpac.py] => Learning on 80-90
2026-08-11 00:57:50,964 [ranpac.py] => RanPAC ridge parameter: 1000
2026-08-11 00:57:58,462 [trainer.py] => CNN: {'total': 98.09, '00-09': 97.31, '10-19': 95.53, '20-29': 99.62, '30-39': 98.15, '40-49': 98.82, '50-59': 98.94, '60-69': 97.39, '70-79': 97.81, '80-89': 99.22, 'old': 97.96, 'new': 99.22, 'harmonic': 98.59}
2026-08-11 00:57:58,462 [trainer.py] => CNN top1 curve: [98.57, 98.82, 98.35, 1.21, 98.09]
2026-08-11 00:57:58,462 [trainer.py] => CNN top5 curve: [99.92, 99.94, 99.89, 6.41, 99.79]
2026-08-11 00:57:58,462 [trainer.py] => Average Accuracy (CNN top1): 79.008
2026-08-11 00:57:58,478 [ranpac.py] => Learning on 90-100
2026-08-11 00:58:02,086 [ranpac.py] => RanPAC ridge parameter: 0.01
2026-08-11 00:58:10,498 [trainer.py] => CNN: {'total': 89.12, '00-09': 87.88, '10-19': 86.59, '20-29': 90.42, '30-39': 87.08, '40-49': 89.37, '50-59': 95.05, '60-69': 83.58, '70-79': 91.61, '80-89': 90.98, '90-99': 88.26, 'old': 89.21, 'new': 88.26, 'harmonic': 88.73}
2026-08-11 00:58:10,499 [trainer.py] => CNN top1 curve: [98.57, 98.82, 98.35, 1.21, 98.09, 89.12]
2026-08-11 00:58:10,499 [trainer.py] => CNN top5 curve: [99.92, 99.94, 99.89, 6.41, 99.79, 94.28]
2026-08-11 00:58:10,499 [trainer.py] => Average Accuracy (CNN top1): 80.69333333333333
