2026-08-12 18:08:17,457 [trainer.py] => config: /home/team/zhaohongwei/Code/Research/Awesome-MMCL/configs/ranpac/ranpac_ucf_B50_Inc10.json
2026-08-12 18:08:17,457 [trainer.py] => prefix: -
2026-08-12 18:08:17,457 [trainer.py] => dataset: ucf101
2026-08-12 18:08:17,457 [trainer.py] => memory_size: 0
2026-08-12 18:08:17,457 [trainer.py] => memory_per_class: 0
2026-08-12 18:08:17,457 [trainer.py] => fixed_memory: False
2026-08-12 18:08:17,457 [trainer.py] => shuffle: True
2026-08-12 18:08:17,457 [trainer.py] => init_cls: 50
2026-08-12 18:08:17,457 [trainer.py] => increment: 10
2026-08-12 18:08:17,458 [trainer.py] => model_name: ranpac
2026-08-12 18:08:17,458 [trainer.py] => backbone_type: clip
2026-08-12 18:08:17,458 [trainer.py] => clip_pretrained: /home/team/zhaohongwei/pretrained_models/open_clip_pytorch_model_laion400m_e32.bin
2026-08-12 18:08:17,458 [trainer.py] => device: [device(type='cuda', index=0)]
2026-08-12 18:08:17,458 [trainer.py] => seed: 2026
2026-08-12 18:08:17,458 [trainer.py] => tuned_epoch: 20
2026-08-12 18:08:17,458 [trainer.py] => init_lr: 0.01
2026-08-12 18:08:17,458 [trainer.py] => batch_size: 48
2026-08-12 18:08:17,458 [trainer.py] => weight_decay: 0.0005
2026-08-12 18:08:17,458 [trainer.py] => min_lr: 0.0
2026-08-12 18:08:17,458 [trainer.py] => ffn_num: 64
2026-08-12 18:08:17,458 [trainer.py] => optimizer: sgd
2026-08-12 18:08:17,458 [trainer.py] => num_workers: 8
2026-08-12 18:08:17,458 [trainer.py] => use_RP: True
2026-08-12 18:08:17,458 [trainer.py] => M: 10000
2026-08-12 18:08:17,458 [trainer.py] => ridge_sample_size: 1024
2026-08-12 18:08:17,458 [trainer.py] => total_class_num: 100
2026-08-12 18:08:17,601 [data_manager.py] => [98, 10, 4, 18, 88, 13, 8, 84, 79, 21, 85, 96, 53, 42, 52, 97, 74, 5, 58, 23, 90, 59, 16, 72, 75, 30, 43, 99, 44, 41, 0, 46, 61, 80, 65, 39, 70, 87, 89, 91, 82, 14, 12, 71, 50, 11, 15, 57, 22, 67, 45, 32, 78, 63, 66, 55, 31, 62, 35, 34, 19, 49, 24, 9, 37, 36, 3, 64, 40, 86, 81, 93, 47, 73, 17, 60, 68, 25, 38, 48, 33, 20, 83, 7, 27, 94, 54, 2, 92, 76, 69, 51, 28, 29, 95, 77, 56, 26, 6, 1]
2026-08-12 18:08:19,011 [instantiator.py] => Created a temporary directory at /tmp/tmp7n36bi2f
2026-08-12 18:08:19,011 [instantiator.py] => Writing /tmp/tmp7n36bi2f/_remote_module_non_scriptable.py
2026-08-12 18:08:19,182 [factory.py] => Loaded ViT-B-16 model config.
2026-08-12 18:08:21,373 [factory.py] => Loading pretrained ViT-B-16 weights (/home/team/zhaohongwei/pretrained_models/open_clip_pytorch_model_laion400m_e32.bin).
2026-08-12 18:08:24,709 [ranpac.py] => Learning on 0-50
2026-08-12 18:08:24,721 [ranpac.py] => RanPAC first-session trainable parameters: 1215232
2026-08-12 18:21:41,403 [ranpac.py] => Initialized RanPAC random projection: 512 -> 10000
2026-08-12 18:21:58,559 [ranpac.py] => RanPAC ridge parameter: 10000
2026-08-12 18:22:03,123 [trainer.py] => CNN: {'total': 98.25, '00-09': 98.0, '10-19': 98.13, '20-29': 98.81, '30-39': 98.63, '40-49': 97.64, 'old': 0, 'new': 98.25, 'harmonic': 0.0}
2026-08-12 18:22:03,123 [trainer.py] => CNN top1 curve: [98.25]
2026-08-12 18:22:03,123 [trainer.py] => CNN top5 curve: [99.85]
2026-08-12 18:22:03,123 [trainer.py] => Average Accuracy (CNN top1): 98.25
2026-08-12 18:22:03,142 [ranpac.py] => Learning on 50-60
2026-08-12 18:22:06,987 [ranpac.py] => RanPAC ridge parameter: 0.1
2026-08-12 18:22:12,361 [trainer.py] => CNN: {'total': 2.33, '00-09': 14.8, '10-19': 0.0, '20-29': 0.0, '30-39': 0.0, '40-49': 0.0, '50-59': 0.0, 'old': 2.81, 'new': 0.0, 'harmonic': 0.0}
2026-08-12 18:22:12,361 [trainer.py] => CNN top1 curve: [98.25, 2.33]
2026-08-12 18:22:12,361 [trainer.py] => CNN top5 curve: [99.85, 7.98]
2026-08-12 18:22:12,361 [trainer.py] => Average Accuracy (CNN top1): 50.29
2026-08-12 18:22:12,378 [ranpac.py] => Learning on 60-70
2026-08-12 18:22:16,076 [ranpac.py] => RanPAC ridge parameter: 10
2026-08-12 18:22:22,188 [trainer.py] => CNN: {'total': 1.99, '00-09': 14.8, '10-19': 0.0, '20-29': 0.0, '30-39': 0.0, '40-49': 0.0, '50-59': 0.0, '60-69': 0.0, 'old': 2.33, 'new': 0.0, 'harmonic': 0.0}
2026-08-12 18:22:22,188 [trainer.py] => CNN top1 curve: [98.25, 2.33, 1.99]
2026-08-12 18:22:22,189 [trainer.py] => CNN top5 curve: [99.85, 7.98, 6.84]
2026-08-12 18:22:22,189 [trainer.py] => Average Accuracy (CNN top1): 34.19
2026-08-12 18:22:22,206 [ranpac.py] => Learning on 70-80
2026-08-12 18:22:26,007 [ranpac.py] => RanPAC ridge parameter: 1e-08
2026-08-12 18:22:33,038 [trainer.py] => CNN: {'total': 1.73, '00-09': 14.8, '10-19': 0.0, '20-29': 0.0, '30-39': 0.0, '40-49': 0.0, '50-59': 0.0, '60-69': 0.0, '70-79': 0.0, 'old': 1.99, 'new': 0.0, 'harmonic': 0.0}
2026-08-12 18:22:33,038 [trainer.py] => CNN top1 curve: [98.25, 2.33, 1.99, 1.73]
2026-08-12 18:22:33,038 [trainer.py] => CNN top5 curve: [99.85, 7.98, 6.84, 5.93]
2026-08-12 18:22:33,038 [trainer.py] => Average Accuracy (CNN top1): 26.075
2026-08-12 18:22:33,056 [ranpac.py] => Learning on 80-90
2026-08-12 18:22:36,760 [ranpac.py] => RanPAC ridge parameter: 0.0001
2026-08-12 18:22:44,667 [trainer.py] => CNN: {'total': 1.53, '00-09': 14.8, '10-19': 0.0, '20-29': 0.0, '30-39': 0.0, '40-49': 0.0, '50-59': 0.0, '60-69': 0.0, '70-79': 0.0, '80-89': 0.0, 'old': 1.73, 'new': 0.0, 'harmonic': 0.0}
2026-08-12 18:22:44,668 [trainer.py] => CNN top1 curve: [98.25, 2.33, 1.99, 1.73, 1.53]
2026-08-12 18:22:44,668 [trainer.py] => CNN top5 curve: [99.85, 7.98, 6.84, 5.93, 5.25]
2026-08-12 18:22:44,668 [trainer.py] => Average Accuracy (CNN top1): 21.166
2026-08-12 18:22:44,690 [ranpac.py] => Learning on 90-100
2026-08-12 18:22:48,450 [ranpac.py] => RanPAC ridge parameter: 10000
2026-08-12 18:22:56,951 [trainer.py] => CNN: {'total': 97.39, '00-09': 95.2, '10-19': 97.76, '20-29': 98.41, '30-39': 98.29, '40-49': 96.46, '50-59': 96.73, '60-69': 98.49, '70-79': 98.95, '80-89': 96.36, '90-99': 96.85, 'old': 97.43, 'new': 96.85, 'harmonic': 97.14}
2026-08-12 18:22:56,951 [trainer.py] => CNN top1 curve: [98.25, 2.33, 1.99, 1.73, 1.53, 97.39]
2026-08-12 18:22:56,952 [trainer.py] => CNN top5 curve: [99.85, 7.98, 6.84, 5.93, 5.25, 99.7]
2026-08-12 18:22:56,952 [trainer.py] => Average Accuracy (CNN top1): 33.87
