2026-08-11 01:17:01,922 [trainer.py] => config: /home/team/zhaohongwei/Code/Research/Awesome-MMCL/configs/ranpac/ranpac_ucf_B50_Inc10.json
2026-08-11 01:17:01,922 [trainer.py] => prefix: -
2026-08-11 01:17:01,922 [trainer.py] => dataset: ucf101
2026-08-11 01:17:01,922 [trainer.py] => memory_size: 0
2026-08-11 01:17:01,922 [trainer.py] => memory_per_class: 0
2026-08-11 01:17:01,922 [trainer.py] => fixed_memory: False
2026-08-11 01:17:01,922 [trainer.py] => shuffle: True
2026-08-11 01:17:01,922 [trainer.py] => init_cls: 50
2026-08-11 01:17:01,922 [trainer.py] => increment: 10
2026-08-11 01:17:01,922 [trainer.py] => model_name: ranpac
2026-08-11 01:17:01,922 [trainer.py] => backbone_type: clip
2026-08-11 01:17:01,922 [trainer.py] => clip_pretrained: /home/team/zhaohongwei/pretrained_models/open_clip_pytorch_model_laion400m_e32.bin
2026-08-11 01:17:01,922 [trainer.py] => device: [device(type='cuda', index=0)]
2026-08-11 01:17:01,922 [trainer.py] => seed: 1993
2026-08-11 01:17:01,922 [trainer.py] => tuned_epoch: 20
2026-08-11 01:17:01,922 [trainer.py] => init_lr: 0.01
2026-08-11 01:17:01,922 [trainer.py] => batch_size: 48
2026-08-11 01:17:01,922 [trainer.py] => weight_decay: 0.0005
2026-08-11 01:17:01,922 [trainer.py] => min_lr: 0.0
2026-08-11 01:17:01,922 [trainer.py] => ffn_num: 64
2026-08-11 01:17:01,923 [trainer.py] => optimizer: sgd
2026-08-11 01:17:01,923 [trainer.py] => num_workers: 8
2026-08-11 01:17:01,923 [trainer.py] => use_RP: True
2026-08-11 01:17:01,923 [trainer.py] => M: 10000
2026-08-11 01:17:01,923 [trainer.py] => ridge_sample_size: 1024
2026-08-11 01:17:01,923 [trainer.py] => total_class_num: 100
2026-08-11 01:17:02,091 [data_manager.py] => [68, 56, 78, 8, 23, 84, 90, 65, 74, 76, 40, 89, 3, 92, 55, 9, 26, 80, 43, 38, 58, 70, 77, 1, 85, 19, 17, 50, 28, 53, 13, 81, 45, 82, 6, 59, 83, 16, 15, 44, 91, 41, 72, 60, 79, 52, 20, 10, 31, 54, 37, 95, 14, 71, 96, 98, 97, 2, 64, 66, 42, 22, 35, 86, 24, 34, 87, 21, 99, 0, 88, 27, 18, 94, 11, 12, 47, 25, 30, 46, 62, 69, 36, 61, 7, 63, 75, 5, 32, 4, 51, 48, 73, 93, 39, 67, 29, 49, 57, 33]
2026-08-11 01:17:03,288 [instantiator.py] => Created a temporary directory at /tmp/tmpcbt8d6ox
2026-08-11 01:17:03,288 [instantiator.py] => Writing /tmp/tmpcbt8d6ox/_remote_module_non_scriptable.py
2026-08-11 01:17:03,451 [factory.py] => Loaded ViT-B-16 model config.
2026-08-11 01:17:04,959 [factory.py] => Loading pretrained ViT-B-16 weights (/home/team/zhaohongwei/pretrained_models/open_clip_pytorch_model_laion400m_e32.bin).
2026-08-11 01:17:06,631 [ranpac.py] => Learning on 0-50
2026-08-11 01:17:06,643 [ranpac.py] => RanPAC first-session trainable parameters: 1215232
2026-08-11 01:30:23,124 [ranpac.py] => Initialized RanPAC random projection: 512 -> 10000
2026-08-11 01:30:40,169 [ranpac.py] => RanPAC ridge parameter: 1000
2026-08-11 01:30:44,630 [trainer.py] => CNN: {'total': 98.25, '00-09': 97.63, '10-19': 98.85, '20-29': 98.18, '30-39': 97.99, '40-49': 98.54, 'old': 0, 'new': 98.25, 'harmonic': 0.0}
2026-08-11 01:30:44,631 [trainer.py] => CNN top1 curve: [98.25]
2026-08-11 01:30:44,631 [trainer.py] => CNN top5 curve: [99.85]
2026-08-11 01:30:44,631 [trainer.py] => Average Accuracy (CNN top1): 98.25
2026-08-11 01:30:44,645 [ranpac.py] => Learning on 50-60
2026-08-11 01:30:48,084 [ranpac.py] => RanPAC ridge parameter: 10
2026-08-11 01:30:53,208 [trainer.py] => CNN: {'total': 1.29, '00-09': 7.91, '10-19': 0.0, '20-29': 0.0, '30-39': 0.0, '40-49': 0.0, '50-59': 0.0, 'old': 1.53, 'new': 0.0, 'harmonic': 0.0}
2026-08-11 01:30:53,209 [trainer.py] => CNN top1 curve: [98.25, 1.29]
2026-08-11 01:30:53,209 [trainer.py] => CNN top5 curve: [99.85, 9.02]
2026-08-11 01:30:53,209 [trainer.py] => Average Accuracy (CNN top1): 49.77
2026-08-11 01:30:53,224 [ranpac.py] => Learning on 60-70
2026-08-11 01:30:56,938 [ranpac.py] => RanPAC ridge parameter: 0.0001
2026-08-11 01:31:02,885 [trainer.py] => CNN: {'total': 1.1, '00-09': 7.91, '10-19': 0.0, '20-29': 0.0, '30-39': 0.0, '40-49': 0.0, '50-59': 0.0, '60-69': 0.0, 'old': 1.29, 'new': 0.0, 'harmonic': 0.0}
2026-08-11 01:31:02,885 [trainer.py] => CNN top1 curve: [98.25, 1.29, 1.1]
2026-08-11 01:31:02,885 [trainer.py] => CNN top5 curve: [99.85, 9.02, 7.67]
2026-08-11 01:31:02,885 [trainer.py] => Average Accuracy (CNN top1): 33.54666666666667
2026-08-11 01:31:02,903 [ranpac.py] => Learning on 70-80
2026-08-11 01:31:06,557 [ranpac.py] => RanPAC ridge parameter: 10
2026-08-11 01:31:13,304 [trainer.py] => CNN: {'total': 0.96, '00-09': 7.91, '10-19': 0.0, '20-29': 0.0, '30-39': 0.0, '40-49': 0.0, '50-59': 0.0, '60-69': 0.0, '70-79': 0.0, 'old': 1.1, 'new': 0.0, 'harmonic': 0.0}
2026-08-11 01:31:13,304 [trainer.py] => CNN top1 curve: [98.25, 1.29, 1.1, 0.96]
2026-08-11 01:31:13,304 [trainer.py] => CNN top5 curve: [99.85, 9.02, 7.67, 6.71]
2026-08-11 01:31:13,304 [trainer.py] => Average Accuracy (CNN top1): 25.4
2026-08-11 01:31:13,331 [ranpac.py] => Learning on 80-90
2026-08-11 01:31:16,986 [ranpac.py] => RanPAC ridge parameter: 100
2026-08-11 01:31:24,738 [trainer.py] => CNN: {'total': 97.73, '00-09': 96.44, '10-19': 97.69, '20-29': 98.55, '30-39': 97.19, '40-49': 97.81, '50-59': 97.51, '60-69': 98.18, '70-79': 99.62, '80-89': 96.62, 'old': 97.89, 'new': 96.62, 'harmonic': 97.25}
2026-08-11 01:31:24,739 [trainer.py] => CNN top1 curve: [98.25, 1.29, 1.1, 0.96, 97.73]
2026-08-11 01:31:24,739 [trainer.py] => CNN top5 curve: [99.85, 9.02, 7.67, 6.71, 99.24]
2026-08-11 01:31:24,739 [trainer.py] => Average Accuracy (CNN top1): 39.866
2026-08-11 01:31:24,758 [ranpac.py] => Learning on 90-100
2026-08-11 01:31:28,437 [ranpac.py] => RanPAC ridge parameter: 10000
2026-08-11 01:31:36,869 [trainer.py] => CNN: {'total': 97.39, '00-09': 96.44, '10-19': 97.69, '20-29': 98.55, '30-39': 97.19, '40-49': 97.81, '50-59': 97.51, '60-69': 99.27, '70-79': 99.23, '80-89': 96.62, '90-99': 93.39, 'old': 97.82, 'new': 93.39, 'harmonic': 95.55}
2026-08-11 01:31:36,869 [trainer.py] => CNN top1 curve: [98.25, 1.29, 1.1, 0.96, 97.73, 97.39]
2026-08-11 01:31:36,870 [trainer.py] => CNN top5 curve: [99.85, 9.02, 7.67, 6.71, 99.24, 99.73]
2026-08-11 01:31:36,870 [trainer.py] => Average Accuracy (CNN top1): 49.453333333333326
