2026-08-11 00:41:17,290 [trainer.py] => config: /home/team/zhaohongwei/Code/Research/Awesome-MMCL/configs/ranpac/ranpac_ucf_B0_Inc10.json
2026-08-11 00:41:17,290 [trainer.py] => prefix: -
2026-08-11 00:41:17,290 [trainer.py] => dataset: ucf101
2026-08-11 00:41:17,290 [trainer.py] => memory_size: 0
2026-08-11 00:41:17,290 [trainer.py] => memory_per_class: 0
2026-08-11 00:41:17,290 [trainer.py] => fixed_memory: False
2026-08-11 00:41:17,290 [trainer.py] => shuffle: True
2026-08-11 00:41:17,291 [trainer.py] => init_cls: 10
2026-08-11 00:41:17,291 [trainer.py] => increment: 10
2026-08-11 00:41:17,291 [trainer.py] => model_name: ranpac
2026-08-11 00:41:17,291 [trainer.py] => backbone_type: clip
2026-08-11 00:41:17,291 [trainer.py] => clip_pretrained: /home/team/zhaohongwei/pretrained_models/open_clip_pytorch_model_laion400m_e32.bin
2026-08-11 00:41:17,291 [trainer.py] => device: [device(type='cuda', index=0)]
2026-08-11 00:41:17,291 [trainer.py] => seed: 42
2026-08-11 00:41:17,291 [trainer.py] => tuned_epoch: 20
2026-08-11 00:41:17,291 [trainer.py] => init_lr: 0.01
2026-08-11 00:41:17,291 [trainer.py] => batch_size: 48
2026-08-11 00:41:17,291 [trainer.py] => weight_decay: 0.0005
2026-08-11 00:41:17,291 [trainer.py] => min_lr: 0.0
2026-08-11 00:41:17,291 [trainer.py] => ffn_num: 64
2026-08-11 00:41:17,291 [trainer.py] => optimizer: sgd
2026-08-11 00:41:17,291 [trainer.py] => num_workers: 8
2026-08-11 00:41:17,291 [trainer.py] => use_RP: True
2026-08-11 00:41:17,291 [trainer.py] => M: 10000
2026-08-11 00:41:17,291 [trainer.py] => ridge_sample_size: 1024
2026-08-11 00:41:17,291 [trainer.py] => total_class_num: 100
2026-08-11 00:41:17,402 [data_manager.py] => [83, 53, 70, 45, 44, 39, 22, 80, 10, 0, 18, 30, 73, 33, 90, 4, 76, 77, 12, 31, 55, 88, 26, 42, 69, 15, 40, 96, 9, 72, 11, 47, 85, 28, 93, 5, 66, 65, 35, 16, 49, 34, 7, 95, 27, 19, 81, 25, 62, 13, 24, 3, 17, 38, 8, 78, 6, 64, 36, 89, 56, 99, 54, 43, 50, 67, 46, 68, 61, 97, 79, 41, 58, 48, 98, 57, 75, 32, 94, 59, 63, 84, 37, 29, 1, 52, 21, 2, 23, 87, 91, 74, 86, 82, 20, 60, 71, 14, 92, 51]
2026-08-11 00:41:18,655 [instantiator.py] => Created a temporary directory at /tmp/tmpmihyaekq
2026-08-11 00:41:18,656 [instantiator.py] => Writing /tmp/tmpmihyaekq/_remote_module_non_scriptable.py
2026-08-11 00:41:18,793 [factory.py] => Loaded ViT-B-16 model config.
2026-08-11 00:41:20,231 [factory.py] => Loading pretrained ViT-B-16 weights (/home/team/zhaohongwei/pretrained_models/open_clip_pytorch_model_laion400m_e32.bin).
2026-08-11 00:41:21,770 [ranpac.py] => Learning on 0-10
2026-08-11 00:41:21,774 [ranpac.py] => RanPAC first-session trainable parameters: 1194752
2026-08-11 00:43:50,379 [ranpac.py] => Initialized RanPAC random projection: 512 -> 10000
2026-08-11 00:43:53,975 [ranpac.py] => RanPAC ridge parameter: 10000
2026-08-11 00:43:55,386 [trainer.py] => CNN: {'total': 98.32, '00-09': 98.32, 'old': 0, 'new': 98.32, 'harmonic': 0.0}
2026-08-11 00:43:55,386 [trainer.py] => CNN top1 curve: [98.32]
2026-08-11 00:43:55,386 [trainer.py] => CNN top5 curve: [100.0]
2026-08-11 00:43:55,386 [trainer.py] => Average Accuracy (CNN top1): 98.32
2026-08-11 00:43:55,395 [ranpac.py] => Learning on 10-20
2026-08-11 00:43:59,062 [ranpac.py] => RanPAC ridge parameter: 10000
2026-08-11 00:44:01,163 [trainer.py] => CNN: {'total': 97.79, '00-09': 97.98, '10-19': 97.56, 'old': 97.98, 'new': 97.56, 'harmonic': 97.77}
2026-08-11 00:44:01,164 [trainer.py] => CNN top1 curve: [98.32, 97.79]
2026-08-11 00:44:01,164 [trainer.py] => CNN top5 curve: [100.0, 100.0]
2026-08-11 00:44:01,164 [trainer.py] => Average Accuracy (CNN top1): 98.055
2026-08-11 00:44:01,173 [ranpac.py] => Learning on 20-30
2026-08-11 00:44:04,791 [ranpac.py] => RanPAC ridge parameter: 0.1
2026-08-11 00:44:07,631 [trainer.py] => CNN: {'total': 3.23, '00-09': 8.75, '10-19': 0.0, '20-29': 0.0, 'old': 4.79, 'new': 0.0, 'harmonic': 0.0}
2026-08-11 00:44:07,631 [trainer.py] => CNN top1 curve: [98.32, 97.79, 3.23]
2026-08-11 00:44:07,631 [trainer.py] => CNN top5 curve: [100.0, 100.0, 17.16]
2026-08-11 00:44:07,631 [trainer.py] => Average Accuracy (CNN top1): 66.44666666666667
2026-08-11 00:44:07,642 [ranpac.py] => Learning on 30-40
2026-08-11 00:44:11,287 [ranpac.py] => RanPAC ridge parameter: 0.01
2026-08-11 00:44:14,944 [trainer.py] => CNN: {'total': 2.42, '00-09': 8.75, '10-19': 0.0, '20-29': 0.0, '30-39': 0.0, 'old': 3.23, 'new': 0.0, 'harmonic': 0.0}
2026-08-11 00:44:14,945 [trainer.py] => CNN top1 curve: [98.32, 97.79, 3.23, 2.42]
2026-08-11 00:44:14,945 [trainer.py] => CNN top5 curve: [100.0, 100.0, 17.16, 12.84]
2026-08-11 00:44:14,945 [trainer.py] => Average Accuracy (CNN top1): 50.44
2026-08-11 00:44:14,958 [ranpac.py] => Learning on 40-50
2026-08-11 00:44:18,500 [ranpac.py] => RanPAC ridge parameter: 1000
2026-08-11 00:44:22,864 [trainer.py] => CNN: {'total': 98.65, '00-09': 98.65, '10-19': 96.75, '20-29': 99.62, '30-39': 98.52, '40-49': 99.61, 'old': 98.42, 'new': 99.61, 'harmonic': 99.01}
2026-08-11 00:44:22,864 [trainer.py] => CNN top1 curve: [98.32, 97.79, 3.23, 2.42, 98.65]
2026-08-11 00:44:22,864 [trainer.py] => CNN top5 curve: [100.0, 100.0, 17.16, 12.84, 99.85]
2026-08-11 00:44:22,864 [trainer.py] => Average Accuracy (CNN top1): 60.081999999999994
2026-08-11 00:44:22,894 [ranpac.py] => Learning on 50-60
2026-08-11 00:44:26,631 [ranpac.py] => RanPAC ridge parameter: 100
2026-08-11 00:44:31,746 [trainer.py] => CNN: {'total': 98.57, '00-09': 98.65, '10-19': 96.75, '20-29': 99.62, '30-39': 98.52, '40-49': 98.43, '50-59': 99.29, 'old': 98.42, 'new': 99.29, 'harmonic': 98.85}
2026-08-11 00:44:31,747 [trainer.py] => CNN top1 curve: [98.32, 97.79, 3.23, 2.42, 98.65, 98.57]
2026-08-11 00:44:31,747 [trainer.py] => CNN top5 curve: [100.0, 100.0, 17.16, 12.84, 99.85, 99.69]
2026-08-11 00:44:31,747 [trainer.py] => Average Accuracy (CNN top1): 66.49666666666666
2026-08-11 00:44:31,763 [ranpac.py] => Learning on 60-70
2026-08-11 00:44:35,664 [ranpac.py] => RanPAC ridge parameter: 1000
2026-08-11 00:44:41,564 [trainer.py] => CNN: {'total': 98.4, '00-09': 98.32, '10-19': 96.75, '20-29': 99.62, '30-39': 98.52, '40-49': 98.43, '50-59': 99.29, '60-69': 97.76, 'old': 98.51, 'new': 97.76, 'harmonic': 98.13}
2026-08-11 00:44:41,564 [trainer.py] => CNN top1 curve: [98.32, 97.79, 3.23, 2.42, 98.65, 98.57, 98.4]
2026-08-11 00:44:41,564 [trainer.py] => CNN top5 curve: [100.0, 100.0, 17.16, 12.84, 99.85, 99.69, 99.79]
2026-08-11 00:44:41,564 [trainer.py] => Average Accuracy (CNN top1): 71.05428571428571
2026-08-11 00:44:41,590 [ranpac.py] => Learning on 70-80
2026-08-11 00:44:45,405 [ranpac.py] => RanPAC ridge parameter: 0.001
2026-08-11 00:44:52,180 [trainer.py] => CNN: {'total': 1.21, '00-09': 8.75, '10-19': 0.0, '20-29': 0.0, '30-39': 0.0, '40-49': 0.0, '50-59': 0.0, '60-69': 0.0, '70-79': 0.0, 'old': 1.38, 'new': 0.0, 'harmonic': 0.0}
2026-08-11 00:44:52,181 [trainer.py] => CNN top1 curve: [98.32, 97.79, 3.23, 2.42, 98.65, 98.57, 98.4, 1.21]
2026-08-11 00:44:52,181 [trainer.py] => CNN top5 curve: [100.0, 100.0, 17.16, 12.84, 99.85, 99.69, 99.79, 6.41]
2026-08-11 00:44:52,181 [trainer.py] => Average Accuracy (CNN top1): 62.32375
2026-08-11 00:44:52,198 [ranpac.py] => Learning on 80-90
2026-08-11 00:44:55,869 [ranpac.py] => RanPAC ridge parameter: 1000
2026-08-11 00:45:03,383 [trainer.py] => CNN: {'total': 97.88, '00-09': 97.98, '10-19': 96.75, '20-29': 99.23, '30-39': 97.42, '40-49': 98.82, '50-59': 98.59, '60-69': 97.76, '70-79': 96.72, '80-89': 97.65, 'old': 97.91, 'new': 97.65, 'harmonic': 97.78}
2026-08-11 00:45:03,383 [trainer.py] => CNN top1 curve: [98.32, 97.79, 3.23, 2.42, 98.65, 98.57, 98.4, 1.21, 97.88]
2026-08-11 00:45:03,384 [trainer.py] => CNN top5 curve: [100.0, 100.0, 17.16, 12.84, 99.85, 99.69, 99.79, 6.41, 99.67]
2026-08-11 00:45:03,384 [trainer.py] => Average Accuracy (CNN top1): 66.27444444444444
2026-08-11 00:45:03,410 [ranpac.py] => Learning on 90-100
2026-08-11 00:45:06,892 [ranpac.py] => RanPAC ridge parameter: 1000
2026-08-11 00:45:15,134 [trainer.py] => CNN: {'total': 97.76, '00-09': 97.31, '10-19': 96.34, '20-29': 99.62, '30-39': 97.42, '40-49': 98.82, '50-59': 98.94, '60-69': 97.76, '70-79': 97.08, '80-89': 97.65, '90-99': 96.52, 'old': 97.88, 'new': 96.52, 'harmonic': 97.2}
2026-08-11 00:45:15,134 [trainer.py] => CNN top1 curve: [98.32, 97.79, 3.23, 2.42, 98.65, 98.57, 98.4, 1.21, 97.88, 97.76]
2026-08-11 00:45:15,134 [trainer.py] => CNN top5 curve: [100.0, 100.0, 17.16, 12.84, 99.85, 99.69, 99.79, 6.41, 99.67, 99.62]
2026-08-11 00:45:15,134 [trainer.py] => Average Accuracy (CNN top1): 69.423
