2026-06-16 20:03:39,145 [trainer.py] => config: ./configs/CLG-CBM/CLG-CBM_aircraft_B50_Inc10.json
2026-06-16 20:03:39,145 [trainer.py] => prefix: continual-CLIP
2026-06-16 20:03:39,145 [trainer.py] => dataset: aircraft
2026-06-16 20:03:39,145 [trainer.py] => memory_size: 0
2026-06-16 20:03:39,145 [trainer.py] => memory_per_class: 0
2026-06-16 20:03:39,145 [trainer.py] => fixed_memory: False
2026-06-16 20:03:39,145 [trainer.py] => shuffle: True
2026-06-16 20:03:39,145 [trainer.py] => init_cls: 50
2026-06-16 20:03:39,145 [trainer.py] => increment: 10
2026-06-16 20:03:39,145 [trainer.py] => model_name: CLG-CBM
2026-06-16 20:03:39,145 [trainer.py] => backbone_type: clip
2026-06-16 20:03:39,145 [trainer.py] => device: [device(type='cuda', index=6)]
2026-06-16 20:03:39,145 [trainer.py] => seed: 42
2026-06-16 20:03:39,145 [trainer.py] => sim: 1
2026-06-16 20:03:39,146 [trainer.py] => epochs: 30
2026-06-16 20:03:39,146 [trainer.py] => lr: 0.01
2026-06-16 20:03:39,146 [trainer.py] => FB_epoch: 60
2026-06-16 20:03:39,146 [trainer.py] => FB_epoch_inc: 60
2026-06-16 20:03:39,146 [trainer.py] => init_lr: 0.001
2026-06-16 20:03:39,146 [trainer.py] => pool: 10
2026-06-16 20:03:39,146 [trainer.py] => sg_num: 1
2026-06-16 20:03:39,146 [trainer.py] => milestones: [30, 40, 50]
2026-06-16 20:03:39,146 [trainer.py] => batch_size: 48
2026-06-16 20:03:39,146 [trainer.py] => division_power: 5
2026-06-16 20:03:39,146 [trainer.py] => linear_model: ['linear', 'bn', 'linear']
2026-06-16 20:03:39,146 [trainer.py] => score_model: ['bn', 'linear']
2026-06-16 20:03:39,146 [trainer.py] => regularizer: mahalanobis
2026-06-16 20:03:39,146 [trainer.py] => print_freq: 10
2026-06-16 20:03:39,146 [trainer.py] => repeat: False
2026-06-16 20:03:39,146 [trainer.py] => total_class_num: 100
2026-06-16 20:03:39,191 [data_manager.py] => [83, 53, 70, 45, 44, 39, 22, 80, 10, 0, 18, 30, 73, 33, 90, 4, 76, 77, 12, 31, 55, 88, 26, 42, 69, 15, 40, 96, 9, 72, 11, 47, 85, 28, 93, 5, 66, 65, 35, 16, 49, 34, 7, 95, 27, 19, 81, 25, 62, 13, 24, 3, 17, 38, 8, 78, 6, 64, 36, 89, 56, 99, 54, 43, 50, 67, 46, 68, 61, 97, 79, 41, 58, 48, 98, 57, 75, 32, 94, 59, 63, 84, 37, 29, 1, 52, 21, 2, 23, 87, 91, 74, 86, 82, 20, 60, 71, 14, 92, 51]
2026-06-16 20:03:39,219 [factory.py] => Loaded ViT-B-16 model config.
2026-06-16 20:03:41,055 [factory.py] => Loading pretrained ViT-B-16 weights (/home/team/zhaohongwei/pretrained_models/open_clip_pytorch_model_laion400m_e32.bin).
2026-06-16 20:03:41,911 [factory.py] => Loaded ViT-B-16 model config.
2026-06-16 20:03:44,025 [factory.py] => Loading pretrained ViT-B-16 weights (/home/team/zhaohongwei/pretrained_models/open_clip_pytorch_model_laion400m_e32.bin).
2026-06-16 20:03:45,537 [factory.py] => Loaded ViT-B-16 model config.
2026-06-16 20:03:47,513 [factory.py] => Loading pretrained ViT-B-16 weights (/home/team/zhaohongwei/pretrained_models/open_clip_pytorch_model_laion400m_e32.bin).
2026-06-16 20:03:47,993 [CLG-CBM.py] => Learning on 0-50
2026-06-16 20:12:11,484 [trainer.py] => CNN: {'total': 60.7, '00-09': 62.69, '10-19': 58.31, '20-29': 70.39, '30-39': 57.31, '40-49': 54.82, 'old': 0, 'new': 60.7, 'harmonic': 0.0}
2026-06-16 20:12:11,484 [trainer.py] => CNN top1 curve: [60.7]
2026-06-16 20:12:11,484 [trainer.py] => CNN top5 curve: [90.32]
2026-06-16 20:12:11,484 [trainer.py] => Average Accuracy (CNN top1): 60.7
2026-06-16 20:12:11,484 [CLG-CBM.py] => Learning on 50-60
2026-06-16 20:16:02,402 [trainer.py] => CNN: {'total': 58.14, '00-09': 60.3, '10-19': 56.8, '20-29': 68.58, '30-39': 56.42, '40-49': 53.61, '50-59': 53.15, 'old': 59.13, 'new': 53.15, 'harmonic': 55.98}
2026-06-16 20:16:02,403 [trainer.py] => CNN top1 curve: [60.7, 58.14]
2026-06-16 20:16:02,403 [trainer.py] => CNN top5 curve: [90.32, 86.53]
2026-06-16 20:16:02,403 [trainer.py] => Average Accuracy (CNN top1): 59.42
2026-06-16 20:16:02,403 [CLG-CBM.py] => Learning on 60-70
2026-06-16 20:19:54,149 [trainer.py] => CNN: {'total': 55.58, '00-09': 54.33, '10-19': 54.68, '20-29': 65.26, '30-39': 51.34, '40-49': 50.0, '50-59': 44.44, '60-69': 69.07, 'old': 53.33, 'new': 69.07, 'harmonic': 60.19}
2026-06-16 20:19:54,150 [trainer.py] => CNN top1 curve: [60.7, 58.14, 55.58]
2026-06-16 20:19:54,150 [trainer.py] => CNN top5 curve: [90.32, 86.53, 86.48]
2026-06-16 20:19:54,150 [trainer.py] => Average Accuracy (CNN top1): 58.14000000000001
2026-06-16 20:19:54,150 [CLG-CBM.py] => Learning on 70-80
2026-06-16 20:23:52,563 [trainer.py] => CNN: {'total': 57.17, '00-09': 49.55, '10-19': 52.57, '20-29': 65.86, '30-39': 48.36, '40-49': 49.7, '50-59': 48.65, '60-69': 61.56, '70-79': 81.14, 'old': 53.73, 'new': 81.14, 'harmonic': 64.65}
2026-06-16 20:23:52,564 [trainer.py] => CNN top1 curve: [60.7, 58.14, 55.58, 57.17]
2026-06-16 20:23:52,564 [trainer.py] => CNN top5 curve: [90.32, 86.53, 86.48, 87.39]
2026-06-16 20:23:52,564 [trainer.py] => Average Accuracy (CNN top1): 57.89750000000001
2026-06-16 20:23:52,565 [CLG-CBM.py] => Learning on 80-90
2026-06-16 20:28:02,623 [trainer.py] => CNN: {'total': 55.02, '00-09': 51.64, '10-19': 53.78, '20-29': 61.03, '30-39': 50.75, '40-49': 51.51, '50-59': 44.14, '60-69': 60.96, '70-79': 75.45, '80-89': 45.95, 'old': 56.16, 'new': 45.95, 'harmonic': 50.54}
2026-06-16 20:28:02,624 [trainer.py] => CNN top1 curve: [60.7, 58.14, 55.58, 57.17, 55.02]
2026-06-16 20:28:02,624 [trainer.py] => CNN top5 curve: [90.32, 86.53, 86.48, 87.39, 84.45]
2026-06-16 20:28:02,624 [trainer.py] => Average Accuracy (CNN top1): 57.322
2026-06-16 20:28:02,624 [CLG-CBM.py] => Learning on 90-100
2026-06-16 20:32:25,957 [trainer.py] => CNN: {'total': 56.14, '00-09': 47.16, '10-19': 58.91, '20-29': 57.7, '30-39': 51.04, '40-49': 51.2, '50-59': 46.85, '60-69': 61.56, '70-79': 72.46, '80-89': 42.64, '90-99': 71.73, 'old': 54.39, 'new': 71.73, 'harmonic': 61.87}
2026-06-16 20:32:25,957 [trainer.py] => CNN top1 curve: [60.7, 58.14, 55.58, 57.17, 55.02, 56.14]
2026-06-16 20:32:25,958 [trainer.py] => CNN top5 curve: [90.32, 86.53, 86.48, 87.39, 84.45, 84.73]
2026-06-16 20:32:25,958 [trainer.py] => Average Accuracy (CNN top1): 57.125
