2026-06-16 17:08:23,231 [trainer.py] => config: ./configs/CLG-CBM/CLG-CBM_aircraft_B0_Inc10.json
2026-06-16 17:08:23,232 [trainer.py] => prefix: continual-CLIP
2026-06-16 17:08:23,232 [trainer.py] => dataset: aircraft
2026-06-16 17:08:23,232 [trainer.py] => memory_size: 0
2026-06-16 17:08:23,232 [trainer.py] => memory_per_class: 0
2026-06-16 17:08:23,232 [trainer.py] => fixed_memory: False
2026-06-16 17:08:23,232 [trainer.py] => shuffle: True
2026-06-16 17:08:23,232 [trainer.py] => init_cls: 10
2026-06-16 17:08:23,232 [trainer.py] => increment: 10
2026-06-16 17:08:23,232 [trainer.py] => model_name: CLG-CBM
2026-06-16 17:08:23,232 [trainer.py] => backbone_type: clip
2026-06-16 17:08:23,232 [trainer.py] => device: [device(type='cuda', index=6)]
2026-06-16 17:08:23,232 [trainer.py] => seed: 0
2026-06-16 17:08:23,232 [trainer.py] => sim: 1
2026-06-16 17:08:23,232 [trainer.py] => epochs: 30
2026-06-16 17:08:23,232 [trainer.py] => lr: 0.01
2026-06-16 17:08:23,232 [trainer.py] => FB_epoch: 60
2026-06-16 17:08:23,232 [trainer.py] => FB_epoch_inc: 60
2026-06-16 17:08:23,232 [trainer.py] => init_lr: 0.001
2026-06-16 17:08:23,232 [trainer.py] => pool: 10
2026-06-16 17:08:23,232 [trainer.py] => sg_num: 1
2026-06-16 17:08:23,232 [trainer.py] => milestones: [30, 40, 50]
2026-06-16 17:08:23,232 [trainer.py] => batch_size: 48
2026-06-16 17:08:23,232 [trainer.py] => division_power: 5
2026-06-16 17:08:23,232 [trainer.py] => linear_model: ['linear', 'bn', 'linear']
2026-06-16 17:08:23,232 [trainer.py] => score_model: ['bn', 'linear']
2026-06-16 17:08:23,232 [trainer.py] => regularizer: mahalanobis
2026-06-16 17:08:23,232 [trainer.py] => print_freq: 10
2026-06-16 17:08:23,232 [trainer.py] => repeat: False
2026-06-16 17:08:23,232 [trainer.py] => total_class_num: 100
2026-06-16 17:08:23,330 [data_manager.py] => [26, 86, 2, 55, 75, 93, 16, 73, 54, 95, 53, 92, 78, 13, 7, 30, 22, 24, 33, 8, 43, 62, 3, 71, 45, 48, 6, 99, 82, 76, 60, 80, 90, 68, 51, 27, 18, 56, 63, 74, 1, 61, 42, 41, 4, 15, 17, 40, 38, 5, 91, 59, 0, 34, 28, 50, 11, 35, 23, 52, 10, 31, 66, 57, 79, 85, 32, 84, 14, 89, 19, 29, 49, 97, 98, 69, 20, 94, 72, 77, 25, 37, 81, 46, 39, 65, 58, 12, 88, 70, 87, 36, 21, 83, 9, 96, 67, 64, 47, 44]
2026-06-16 17:08:25,332 [instantiator.py] => Created a temporary directory at /tmp/tmpz3it5_mk
2026-06-16 17:08:25,332 [instantiator.py] => Writing /tmp/tmpz3it5_mk/_remote_module_non_scriptable.py
2026-06-16 17:08:25,452 [factory.py] => Loaded ViT-B-16 model config.
2026-06-16 17:08:27,120 [factory.py] => Loading pretrained ViT-B-16 weights (/home/team/zhaohongwei/pretrained_models/open_clip_pytorch_model_laion400m_e32.bin).
2026-06-16 17:08:28,279 [factory.py] => Loaded ViT-B-16 model config.
2026-06-16 17:08:29,940 [factory.py] => Loading pretrained ViT-B-16 weights (/home/team/zhaohongwei/pretrained_models/open_clip_pytorch_model_laion400m_e32.bin).
2026-06-16 17:08:32,719 [factory.py] => Loaded ViT-B-16 model config.
2026-06-16 17:08:34,721 [factory.py] => Loading pretrained ViT-B-16 weights (/home/team/zhaohongwei/pretrained_models/open_clip_pytorch_model_laion400m_e32.bin).
2026-06-16 17:08:35,542 [CLG-CBM.py] => Learning on 0-10
2026-06-16 17:11:28,952 [trainer.py] => CNN: {'total': 81.74, '00-09': 81.74, 'old': 0, 'new': 81.74, 'harmonic': 0.0}
2026-06-16 17:11:28,953 [trainer.py] => CNN top1 curve: [81.74]
2026-06-16 17:11:28,953 [trainer.py] => CNN top5 curve: [99.1]
2026-06-16 17:11:28,953 [trainer.py] => Average Accuracy (CNN top1): 81.74
2026-06-16 17:11:28,953 [CLG-CBM.py] => Learning on 10-20
2026-06-16 17:14:33,477 [trainer.py] => CNN: {'total': 65.37, '00-09': 70.06, '10-19': 60.66, 'old': 70.06, 'new': 60.66, 'harmonic': 65.02}
2026-06-16 17:14:33,478 [trainer.py] => CNN top1 curve: [81.74, 65.37]
2026-06-16 17:14:33,478 [trainer.py] => CNN top5 curve: [99.1, 95.65]
2026-06-16 17:14:33,478 [trainer.py] => Average Accuracy (CNN top1): 73.555
2026-06-16 17:14:33,478 [CLG-CBM.py] => Learning on 20-30
2026-06-16 17:17:45,225 [trainer.py] => CNN: {'total': 67.47, '00-09': 72.46, '10-19': 51.95, '20-29': 78.01, 'old': 62.22, 'new': 78.01, 'harmonic': 69.23}
2026-06-16 17:17:45,226 [trainer.py] => CNN top1 curve: [81.74, 65.37, 67.47]
2026-06-16 17:17:45,226 [trainer.py] => CNN top5 curve: [99.1, 95.65, 93.29]
2026-06-16 17:17:45,226 [trainer.py] => Average Accuracy (CNN top1): 71.52666666666667
2026-06-16 17:17:45,226 [CLG-CBM.py] => Learning on 30-40
2026-06-16 17:21:10,154 [trainer.py] => CNN: {'total': 69.17, '00-09': 65.57, '10-19': 56.76, '20-29': 75.6, '30-39': 78.74, 'old': 65.97, 'new': 78.74, 'harmonic': 71.79}
2026-06-16 17:21:10,155 [trainer.py] => CNN top1 curve: [81.74, 65.37, 67.47, 69.17]
2026-06-16 17:21:10,155 [trainer.py] => CNN top5 curve: [99.1, 95.65, 93.29, 93.47]
2026-06-16 17:21:10,156 [trainer.py] => Average Accuracy (CNN top1): 70.9375
2026-06-16 17:21:10,156 [CLG-CBM.py] => Learning on 40-50
2026-06-16 17:24:32,646 [trainer.py] => CNN: {'total': 63.39, '00-09': 62.87, '10-19': 49.55, '20-29': 69.28, '30-39': 76.05, '40-49': 59.16, 'old': 64.44, 'new': 59.16, 'harmonic': 61.69}
2026-06-16 17:24:32,647 [trainer.py] => CNN top1 curve: [81.74, 65.37, 67.47, 69.17, 63.39]
2026-06-16 17:24:32,647 [trainer.py] => CNN top5 curve: [99.1, 95.65, 93.29, 93.47, 90.46]
2026-06-16 17:24:32,647 [trainer.py] => Average Accuracy (CNN top1): 69.428
2026-06-16 17:24:32,647 [CLG-CBM.py] => Learning on 50-60
2026-06-16 17:28:05,890 [trainer.py] => CNN: {'total': 60.47, '00-09': 64.67, '10-19': 40.84, '20-29': 69.88, '30-39': 70.36, '40-49': 55.56, '50-59': 61.49, 'old': 60.26, 'new': 61.49, 'harmonic': 60.87}
2026-06-16 17:28:05,891 [trainer.py] => CNN top1 curve: [81.74, 65.37, 67.47, 69.17, 63.39, 60.47]
2026-06-16 17:28:05,891 [trainer.py] => CNN top5 curve: [99.1, 95.65, 93.29, 93.47, 90.46, 88.46]
2026-06-16 17:28:05,891 [trainer.py] => Average Accuracy (CNN top1): 67.935
2026-06-16 17:28:05,891 [CLG-CBM.py] => Learning on 60-70
2026-06-16 17:31:50,408 [trainer.py] => CNN: {'total': 59.38, '00-09': 61.08, '10-19': 44.14, '20-29': 68.07, '30-39': 71.26, '40-49': 55.56, '50-59': 54.93, '60-69': 60.66, 'old': 59.17, 'new': 60.66, 'harmonic': 59.91}
2026-06-16 17:31:50,408 [trainer.py] => CNN top1 curve: [81.74, 65.37, 67.47, 69.17, 63.39, 60.47, 59.38]
2026-06-16 17:31:50,408 [trainer.py] => CNN top5 curve: [99.1, 95.65, 93.29, 93.47, 90.46, 88.46, 87.92]
2026-06-16 17:31:50,408 [trainer.py] => Average Accuracy (CNN top1): 66.71285714285715
2026-06-16 17:31:50,408 [CLG-CBM.py] => Learning on 70-80
2026-06-16 17:35:39,516 [trainer.py] => CNN: {'total': 58.28, '00-09': 55.99, '10-19': 42.94, '20-29': 68.67, '30-39': 67.07, '40-49': 54.65, '50-59': 51.94, '60-69': 59.46, '70-79': 65.57, 'old': 57.24, 'new': 65.57, 'harmonic': 61.12}
2026-06-16 17:35:39,517 [trainer.py] => CNN top1 curve: [81.74, 65.37, 67.47, 69.17, 63.39, 60.47, 59.38, 58.28]
2026-06-16 17:35:39,517 [trainer.py] => CNN top5 curve: [99.1, 95.65, 93.29, 93.47, 90.46, 88.46, 87.92, 86.09]
2026-06-16 17:35:39,517 [trainer.py] => Average Accuracy (CNN top1): 65.65875
2026-06-16 17:35:39,517 [CLG-CBM.py] => Learning on 80-90
2026-06-16 17:39:46,418 [trainer.py] => CNN: {'total': 55.63, '00-09': 49.4, '10-19': 40.24, '20-29': 69.28, '30-39': 62.28, '40-49': 50.15, '50-59': 50.15, '60-69': 57.36, '70-79': 57.78, '80-89': 64.16, 'old': 54.57, 'new': 64.16, 'harmonic': 58.98}
2026-06-16 17:39:46,419 [trainer.py] => CNN top1 curve: [81.74, 65.37, 67.47, 69.17, 63.39, 60.47, 59.38, 58.28, 55.63]
2026-06-16 17:39:46,419 [trainer.py] => CNN top5 curve: [99.1, 95.65, 93.29, 93.47, 90.46, 88.46, 87.92, 86.09, 85.3]
2026-06-16 17:39:46,419 [trainer.py] => Average Accuracy (CNN top1): 64.54444444444444
2026-06-16 17:39:46,420 [CLG-CBM.py] => Learning on 90-100
2026-06-16 17:43:57,887 [trainer.py] => CNN: {'total': 56.71, '00-09': 53.89, '10-19': 42.34, '20-29': 66.87, '30-39': 62.28, '40-49': 50.75, '50-59': 49.55, '60-69': 59.16, '70-79': 57.19, '80-89': 54.82, '90-99': 70.27, 'old': 55.2, 'new': 70.27, 'harmonic': 61.83}
2026-06-16 17:43:57,888 [trainer.py] => CNN top1 curve: [81.74, 65.37, 67.47, 69.17, 63.39, 60.47, 59.38, 58.28, 55.63, 56.71]
2026-06-16 17:43:57,888 [trainer.py] => CNN top5 curve: [99.1, 95.65, 93.29, 93.47, 90.46, 88.46, 87.92, 86.09, 85.3, 84.25]
2026-06-16 17:43:57,888 [trainer.py] => Average Accuracy (CNN top1): 63.761
