2026-07-11 17:56:02,883 [trainer.py] => config: ./configs/CLG-CBM/CLG-CBM_cars_B0_Inc10.json
2026-07-11 17:56:02,883 [trainer.py] => prefix: continual-CLIP
2026-07-11 17:56:02,883 [trainer.py] => dataset: cars
2026-07-11 17:56:02,883 [trainer.py] => memory_size: 0
2026-07-11 17:56:02,883 [trainer.py] => memory_per_class: 0
2026-07-11 17:56:02,883 [trainer.py] => fixed_memory: False
2026-07-11 17:56:02,883 [trainer.py] => shuffle: True
2026-07-11 17:56:02,883 [trainer.py] => init_cls: 10
2026-07-11 17:56:02,883 [trainer.py] => increment: 10
2026-07-11 17:56:02,883 [trainer.py] => model_name: CLG-CBM
2026-07-11 17:56:02,883 [trainer.py] => backbone_type: clip
2026-07-11 17:56:02,883 [trainer.py] => device: [device(type='cuda', index=5)]
2026-07-11 17:56:02,883 [trainer.py] => seed: 1993
2026-07-11 17:56:02,883 [trainer.py] => sim: 1
2026-07-11 17:56:02,883 [trainer.py] => epochs: 30
2026-07-11 17:56:02,884 [trainer.py] => lr: 0.01
2026-07-11 17:56:02,884 [trainer.py] => FB_epoch: 60
2026-07-11 17:56:02,884 [trainer.py] => FB_epoch_inc: 60
2026-07-11 17:56:02,884 [trainer.py] => init_lr: 0.001
2026-07-11 17:56:02,884 [trainer.py] => pool: 10
2026-07-11 17:56:02,884 [trainer.py] => sg_num: 1
2026-07-11 17:56:02,884 [trainer.py] => milestones: [30, 40, 50]
2026-07-11 17:56:02,884 [trainer.py] => batch_size: 48
2026-07-11 17:56:02,884 [trainer.py] => division_power: 5
2026-07-11 17:56:02,884 [trainer.py] => linear_model: ['linear', 'bn', 'linear']
2026-07-11 17:56:02,884 [trainer.py] => score_model: ['bn', 'linear']
2026-07-11 17:56:02,884 [trainer.py] => regularizer: mahalanobis
2026-07-11 17:56:02,884 [trainer.py] => print_freq: 10
2026-07-11 17:56:02,884 [trainer.py] => repeat: False
2026-07-11 17:56:02,884 [trainer.py] => total_class_num: 100
2026-07-11 17:56:02,911 [data_manager.py] => [68, 56, 78, 8, 23, 84, 90, 65, 74, 76, 40, 89, 3, 92, 55, 9, 26, 80, 43, 38, 58, 70, 77, 1, 85, 19, 17, 50, 28, 53, 13, 81, 45, 82, 6, 59, 83, 16, 15, 44, 91, 41, 72, 60, 79, 52, 20, 10, 31, 54, 37, 95, 14, 71, 96, 98, 97, 2, 64, 66, 42, 22, 35, 86, 24, 34, 87, 21, 99, 0, 88, 27, 18, 94, 11, 12, 47, 25, 30, 46, 62, 69, 36, 61, 7, 63, 75, 5, 32, 4, 51, 48, 73, 93, 39, 67, 29, 49, 57, 33]
2026-07-11 17:56:02,925 [factory.py] => Loaded ViT-B-16 model config.
2026-07-11 17:56:04,501 [factory.py] => Loading pretrained ViT-B-16 weights (/home/team/zhaohongwei/pretrained_models/open_clip_pytorch_model_laion400m_e32.bin).
2026-07-11 17:56:05,016 [factory.py] => Loaded ViT-B-16 model config.
2026-07-11 17:56:06,404 [factory.py] => Loading pretrained ViT-B-16 weights (/home/team/zhaohongwei/pretrained_models/open_clip_pytorch_model_laion400m_e32.bin).
2026-07-11 17:56:07,032 [factory.py] => Loaded ViT-B-16 model config.
2026-07-11 17:56:08,346 [factory.py] => Loading pretrained ViT-B-16 weights (/home/team/zhaohongwei/pretrained_models/open_clip_pytorch_model_laion400m_e32.bin).
2026-07-11 17:56:08,685 [clg_cbm.py] => Learning on 0-10
2026-07-11 17:58:48,966 [trainer.py] => CNN: {'total': 98.58, '00-09': 98.58, 'old': 0, 'new': 98.58, 'harmonic': 0.0}
2026-07-11 17:58:48,967 [trainer.py] => CNN top1 curve: [98.58]
2026-07-11 17:58:48,967 [trainer.py] => CNN top5 curve: [100.0]
2026-07-11 17:58:48,967 [trainer.py] => Average Accuracy (CNN top1): 98.58
2026-07-11 17:58:48,967 [clg_cbm.py] => Learning on 10-20
2026-07-11 18:01:40,261 [trainer.py] => CNN: {'total': 98.18, '00-09': 96.93, '10-19': 99.5, 'old': 96.93, 'new': 99.5, 'harmonic': 98.2}
2026-07-11 18:01:40,261 [trainer.py] => CNN top1 curve: [98.58, 98.18]
2026-07-11 18:01:40,262 [trainer.py] => CNN top5 curve: [100.0, 99.88]
2026-07-11 18:01:40,262 [trainer.py] => Average Accuracy (CNN top1): 98.38
2026-07-11 18:01:40,262 [clg_cbm.py] => Learning on 20-30
2026-07-11 18:04:34,167 [trainer.py] => CNN: {'total': 97.67, '00-09': 96.23, '10-19': 98.75, '20-29': 98.1, 'old': 97.45, 'new': 98.1, 'harmonic': 97.77}
2026-07-11 18:04:34,168 [trainer.py] => CNN top1 curve: [98.58, 98.18, 97.67]
2026-07-11 18:04:34,168 [trainer.py] => CNN top5 curve: [100.0, 99.88, 99.92]
2026-07-11 18:04:34,168 [trainer.py] => Average Accuracy (CNN top1): 98.14333333333333
2026-07-11 18:04:34,168 [clg_cbm.py] => Learning on 30-40
2026-07-11 18:07:24,959 [trainer.py] => CNN: {'total': 93.95, '00-09': 96.7, '10-19': 97.5, '20-29': 90.95, '30-39': 90.56, 'old': 95.02, 'new': 90.56, 'harmonic': 92.74}
2026-07-11 18:07:24,960 [trainer.py] => CNN top1 curve: [98.58, 98.18, 97.67, 93.95]
2026-07-11 18:07:24,960 [trainer.py] => CNN top5 curve: [100.0, 99.88, 99.92, 99.76]
2026-07-11 18:07:24,960 [trainer.py] => Average Accuracy (CNN top1): 97.095
2026-07-11 18:07:24,960 [clg_cbm.py] => Learning on 40-50
2026-07-11 18:10:44,909 [trainer.py] => CNN: {'total': 90.38, '00-09': 94.34, '10-19': 92.75, '20-29': 88.57, '30-39': 82.91, '40-49': 93.03, 'old': 89.73, 'new': 93.03, 'harmonic': 91.35}
2026-07-11 18:10:44,910 [trainer.py] => CNN top1 curve: [98.58, 98.18, 97.67, 93.95, 90.38]
2026-07-11 18:10:44,910 [trainer.py] => CNN top5 curve: [100.0, 99.88, 99.92, 99.76, 99.75]
2026-07-11 18:10:44,910 [trainer.py] => Average Accuracy (CNN top1): 95.752
2026-07-11 18:10:44,911 [clg_cbm.py] => Learning on 50-60
2026-07-11 18:14:01,585 [trainer.py] => CNN: {'total': 91.84, '00-09': 93.4, '10-19': 91.0, '20-29': 90.95, '30-39': 89.54, '40-49': 87.31, '50-59': 98.55, 'old': 90.48, 'new': 98.55, 'harmonic': 94.34}
2026-07-11 18:14:01,585 [trainer.py] => CNN top1 curve: [98.58, 98.18, 97.67, 93.95, 90.38, 91.84]
2026-07-11 18:14:01,586 [trainer.py] => CNN top5 curve: [100.0, 99.88, 99.92, 99.76, 99.75, 99.8]
2026-07-11 18:14:01,586 [trainer.py] => Average Accuracy (CNN top1): 95.10000000000001
2026-07-11 18:14:01,586 [clg_cbm.py] => Learning on 60-70
2026-07-11 18:17:14,722 [trainer.py] => CNN: {'total': 91.29, '00-09': 92.69, '10-19': 94.25, '20-29': 89.52, '30-39': 87.24, '40-49': 89.55, '50-59': 95.88, '60-69': 89.73, 'old': 91.55, 'new': 89.73, 'harmonic': 90.63}
2026-07-11 18:17:14,722 [trainer.py] => CNN top1 curve: [98.58, 98.18, 97.67, 93.95, 90.38, 91.84, 91.29]
2026-07-11 18:17:14,722 [trainer.py] => CNN top5 curve: [100.0, 99.88, 99.92, 99.76, 99.75, 99.8, 99.62]
2026-07-11 18:17:14,723 [trainer.py] => Average Accuracy (CNN top1): 94.55571428571429
2026-07-11 18:17:14,723 [clg_cbm.py] => Learning on 70-80
2026-07-11 18:20:31,126 [trainer.py] => CNN: {'total': 89.51, '00-09': 89.39, '10-19': 92.5, '20-29': 90.0, '30-39': 84.44, '40-49': 90.3, '50-59': 92.98, '60-69': 82.15, '70-79': 94.24, 'old': 88.85, 'new': 94.24, 'harmonic': 91.47}
2026-07-11 18:20:31,127 [trainer.py] => CNN top1 curve: [98.58, 98.18, 97.67, 93.95, 90.38, 91.84, 91.29, 89.51]
2026-07-11 18:20:31,127 [trainer.py] => CNN top5 curve: [100.0, 99.88, 99.92, 99.76, 99.75, 99.8, 99.62, 99.6]
2026-07-11 18:20:31,127 [trainer.py] => Average Accuracy (CNN top1): 93.925
2026-07-11 18:20:31,127 [clg_cbm.py] => Learning on 80-90
2026-07-11 18:24:18,268 [trainer.py] => CNN: {'total': 89.51, '00-09': 90.8, '10-19': 89.75, '20-29': 89.76, '30-39': 83.93, '40-49': 88.81, '50-59': 92.98, '60-69': 85.57, '70-79': 89.47, '80-89': 94.03, 'old': 88.92, 'new': 94.03, 'harmonic': 91.4}
2026-07-11 18:24:18,269 [trainer.py] => CNN top1 curve: [98.58, 98.18, 97.67, 93.95, 90.38, 91.84, 91.29, 89.51, 89.51]
2026-07-11 18:24:18,269 [trainer.py] => CNN top5 curve: [100.0, 99.88, 99.92, 99.76, 99.75, 99.8, 99.62, 99.6, 99.54]
2026-07-11 18:24:18,269 [trainer.py] => Average Accuracy (CNN top1): 93.43444444444444
2026-07-11 18:24:18,269 [clg_cbm.py] => Learning on 90-100
2026-07-11 18:27:51,126 [trainer.py] => CNN: {'total': 89.47, '00-09': 91.27, '10-19': 91.0, '20-29': 86.67, '30-39': 85.2, '40-49': 90.55, '50-59': 91.53, '60-69': 86.31, '70-79': 89.72, '80-89': 90.45, '90-99': 91.85, 'old': 89.21, 'new': 91.85, 'harmonic': 90.51}
2026-07-11 18:27:51,126 [trainer.py] => CNN top1 curve: [98.58, 98.18, 97.67, 93.95, 90.38, 91.84, 91.29, 89.51, 89.51, 89.47]
2026-07-11 18:27:51,127 [trainer.py] => CNN top5 curve: [100.0, 99.88, 99.92, 99.76, 99.75, 99.8, 99.62, 99.6, 99.54, 99.39]
2026-07-11 18:27:51,127 [trainer.py] => Average Accuracy (CNN top1): 93.038
2026-07-31 21:00:35,244 [trainer.py] => config: configs/CLG-CBM/CLG-CBM_cars_B0_Inc10.json
2026-07-31 21:00:35,258 [trainer.py] => prefix: continual-CLIP
2026-07-31 21:00:35,259 [trainer.py] => dataset: cars
2026-07-31 21:00:35,259 [trainer.py] => memory_size: 0
2026-07-31 21:00:35,259 [trainer.py] => memory_per_class: 0
2026-07-31 21:00:35,259 [trainer.py] => fixed_memory: False
2026-07-31 21:00:35,259 [trainer.py] => shuffle: True
2026-07-31 21:00:35,259 [trainer.py] => init_cls: 10
2026-07-31 21:00:35,259 [trainer.py] => increment: 10
2026-07-31 21:00:35,260 [trainer.py] => model_name: CLG-CBM
2026-07-31 21:00:35,260 [trainer.py] => backbone_type: clip
2026-07-31 21:00:35,260 [trainer.py] => device: [device(type='cuda', index=0)]
2026-07-31 21:00:35,260 [trainer.py] => seed: 1993
2026-07-31 21:00:35,260 [trainer.py] => sim: 1
2026-07-31 21:00:35,260 [trainer.py] => epochs: 30
2026-07-31 21:00:35,261 [trainer.py] => lr: 0.01
2026-07-31 21:00:35,261 [trainer.py] => FB_epoch: 60
2026-07-31 21:00:35,261 [trainer.py] => FB_epoch_inc: 60
2026-07-31 21:00:35,261 [trainer.py] => init_lr: 0.001
2026-07-31 21:00:35,261 [trainer.py] => pool: 10
2026-07-31 21:00:35,261 [trainer.py] => sg_num: 1
2026-07-31 21:00:35,261 [trainer.py] => milestones: [30, 40, 50]
2026-07-31 21:00:35,262 [trainer.py] => batch_size: 48
2026-07-31 21:00:35,262 [trainer.py] => division_power: 5
2026-07-31 21:00:35,262 [trainer.py] => linear_model: ['linear', 'bn', 'linear']
2026-07-31 21:00:35,262 [trainer.py] => score_model: ['bn', 'linear']
2026-07-31 21:00:35,262 [trainer.py] => regularizer: mahalanobis
2026-07-31 21:00:35,262 [trainer.py] => print_freq: 10
2026-07-31 21:00:35,262 [trainer.py] => repeat: False
2026-07-31 21:00:35,263 [trainer.py] => total_class_num: 100
2026-07-31 21:00:35,561 [data_manager.py] => [68, 56, 78, 8, 23, 84, 90, 65, 74, 76, 40, 89, 3, 92, 55, 9, 26, 80, 43, 38, 58, 70, 77, 1, 85, 19, 17, 50, 28, 53, 13, 81, 45, 82, 6, 59, 83, 16, 15, 44, 91, 41, 72, 60, 79, 52, 20, 10, 31, 54, 37, 95, 14, 71, 96, 98, 97, 2, 64, 66, 42, 22, 35, 86, 24, 34, 87, 21, 99, 0, 88, 27, 18, 94, 11, 12, 47, 25, 30, 46, 62, 69, 36, 61, 7, 63, 75, 5, 32, 4, 51, 48, 73, 93, 39, 67, 29, 49, 57, 33]
2026-07-31 21:00:47,111 [instantiator.py] => Created a temporary directory at /tmp/tmprx7qfd_c
2026-07-31 21:00:47,114 [instantiator.py] => Writing /tmp/tmprx7qfd_c/_remote_module_non_scriptable.py
2026-07-31 21:00:48,464 [factory.py] => Loaded ViT-B-16 model config.
2026-07-31 21:00:49,842 [factory.py] => Loading pretrained ViT-B-16 weights (/public/home/hanlida/Dr.1/pretrained_models/open_clip_pytorch_model_laion400m_e32.bin).
2026-07-31 21:00:51,415 [factory.py] => Loaded ViT-B-16 model config.
2026-07-31 21:00:52,603 [factory.py] => Loading pretrained ViT-B-16 weights (/public/home/hanlida/Dr.1/pretrained_models/open_clip_pytorch_model_laion400m_e32.bin).
2026-07-31 21:00:54,620 [factory.py] => Loaded ViT-B-16 model config.
2026-07-31 21:00:56,068 [factory.py] => Loading pretrained ViT-B-16 weights (/public/home/hanlida/Dr.1/pretrained_models/open_clip_pytorch_model_laion400m_e32.bin).
2026-07-31 21:00:57,566 [clg_cbm.py] => Learning on 0-10
2026-07-31 21:03:20,937 [trainer.py] => CNN: {'total': 98.58, '00-09': 98.58, 'old': 0, 'new': 98.58, 'harmonic': 0.0}
2026-07-31 21:03:20,937 [trainer.py] => CNN top1 curve: [98.58]
2026-07-31 21:03:20,937 [trainer.py] => CNN top5 curve: [100.0]
2026-07-31 21:03:20,937 [trainer.py] => Average Accuracy (CNN top1): 98.58
2026-07-31 21:03:20,938 [clg_cbm.py] => Learning on 10-20
2026-07-31 21:05:53,093 [trainer.py] => CNN: {'total': 98.18, '00-09': 96.93, '10-19': 99.5, 'old': 96.93, 'new': 99.5, 'harmonic': 98.2}
2026-07-31 21:05:53,094 [trainer.py] => CNN top1 curve: [98.58, 98.18]
2026-07-31 21:05:53,094 [trainer.py] => CNN top5 curve: [100.0, 99.88]
2026-07-31 21:05:53,095 [trainer.py] => Average Accuracy (CNN top1): 98.38
2026-07-31 21:05:53,095 [clg_cbm.py] => Learning on 20-30
2026-07-31 21:08:29,868 [trainer.py] => CNN: {'total': 97.67, '00-09': 96.23, '10-19': 98.75, '20-29': 98.1, 'old': 97.45, 'new': 98.1, 'harmonic': 97.77}
2026-07-31 21:08:29,868 [trainer.py] => CNN top1 curve: [98.58, 98.18, 97.67]
2026-07-31 21:08:29,868 [trainer.py] => CNN top5 curve: [100.0, 99.88, 99.92]
2026-07-31 21:08:29,868 [trainer.py] => Average Accuracy (CNN top1): 98.14333333333333
2026-07-31 21:08:29,868 [clg_cbm.py] => Learning on 30-40
2026-07-31 21:11:04,994 [trainer.py] => CNN: {'total': 94.01, '00-09': 96.46, '10-19': 97.5, '20-29': 91.43, '30-39': 90.56, 'old': 95.1, 'new': 90.56, 'harmonic': 92.77}
2026-07-31 21:11:04,994 [trainer.py] => CNN top1 curve: [98.58, 98.18, 97.67, 94.01]
2026-07-31 21:11:04,994 [trainer.py] => CNN top5 curve: [100.0, 99.88, 99.92, 99.82]
2026-07-31 21:11:04,994 [trainer.py] => Average Accuracy (CNN top1): 97.11
2026-07-31 21:11:04,995 [clg_cbm.py] => Learning on 40-50
2026-07-31 21:14:00,880 [trainer.py] => CNN: {'total': 90.43, '00-09': 94.34, '10-19': 93.0, '20-29': 88.57, '30-39': 82.91, '40-49': 93.03, 'old': 89.79, 'new': 93.03, 'harmonic': 91.38}
2026-07-31 21:14:00,880 [trainer.py] => CNN top1 curve: [98.58, 98.18, 97.67, 94.01, 90.43]
2026-07-31 21:14:00,881 [trainer.py] => CNN top5 curve: [100.0, 99.88, 99.92, 99.82, 99.71]
2026-07-31 21:14:00,881 [trainer.py] => Average Accuracy (CNN top1): 95.774
2026-07-31 21:14:00,881 [clg_cbm.py] => Learning on 50-60
2026-07-31 21:16:57,044 [trainer.py] => CNN: {'total': 91.76, '00-09': 93.16, '10-19': 91.0, '20-29': 90.95, '30-39': 89.03, '40-49': 87.56, '50-59': 98.55, 'old': 90.38, 'new': 98.55, 'harmonic': 94.29}
2026-07-31 21:16:57,052 [trainer.py] => CNN top1 curve: [98.58, 98.18, 97.67, 94.01, 90.43, 91.76]
2026-07-31 21:16:57,052 [trainer.py] => CNN top5 curve: [100.0, 99.88, 99.92, 99.82, 99.71, 99.8]
2026-07-31 21:16:57,052 [trainer.py] => Average Accuracy (CNN top1): 95.105
2026-07-31 21:16:57,052 [clg_cbm.py] => Learning on 60-70
2026-07-31 21:19:57,823 [trainer.py] => CNN: {'total': 90.91, '00-09': 92.69, '10-19': 94.5, '20-29': 89.52, '30-39': 85.97, '40-49': 88.81, '50-59': 95.16, '60-69': 89.49, 'old': 91.15, 'new': 89.49, 'harmonic': 90.31}
2026-07-31 21:19:57,837 [trainer.py] => CNN top1 curve: [98.58, 98.18, 97.67, 94.01, 90.43, 91.76, 90.91]
2026-07-31 21:19:57,837 [trainer.py] => CNN top5 curve: [100.0, 99.88, 99.92, 99.82, 99.71, 99.8, 99.65]
2026-07-31 21:19:57,837 [trainer.py] => Average Accuracy (CNN top1): 94.50571428571428
2026-07-31 21:19:57,838 [clg_cbm.py] => Learning on 70-80
2026-07-31 21:23:00,772 [trainer.py] => CNN: {'total': 89.51, '00-09': 89.15, '10-19': 93.0, '20-29': 90.0, '30-39': 84.18, '40-49': 90.3, '50-59': 92.98, '60-69': 82.4, '70-79': 93.98, 'old': 88.88, 'new': 93.98, 'harmonic': 91.36}
2026-07-31 21:23:00,789 [trainer.py] => CNN top1 curve: [98.58, 98.18, 97.67, 94.01, 90.43, 91.76, 90.91, 89.51]
2026-07-31 21:23:00,789 [trainer.py] => CNN top5 curve: [100.0, 99.88, 99.92, 99.82, 99.71, 99.8, 99.65, 99.57]
2026-07-31 21:23:00,789 [trainer.py] => Average Accuracy (CNN top1): 93.88125
2026-07-31 21:23:00,789 [clg_cbm.py] => Learning on 80-90
2026-07-31 21:26:26,684 [trainer.py] => CNN: {'total': 89.48, '00-09': 90.8, '10-19': 89.25, '20-29': 89.52, '30-39': 84.69, '40-49': 89.05, '50-59': 92.25, '60-69': 86.31, '70-79': 88.97, '80-89': 94.03, 'old': 88.89, 'new': 94.03, 'harmonic': 91.39}
2026-07-31 21:26:26,701 [trainer.py] => CNN top1 curve: [98.58, 98.18, 97.67, 94.01, 90.43, 91.76, 90.91, 89.51, 89.48]
2026-07-31 21:26:26,701 [trainer.py] => CNN top5 curve: [100.0, 99.88, 99.92, 99.82, 99.71, 99.8, 99.65, 99.57, 99.59]
2026-07-31 21:26:26,701 [trainer.py] => Average Accuracy (CNN top1): 93.39222222222222
2026-07-31 21:26:26,702 [clg_cbm.py] => Learning on 90-100
2026-07-31 21:30:11,611 [trainer.py] => CNN: {'total': 89.35, '00-09': 90.8, '10-19': 90.25, '20-29': 86.43, '30-39': 85.46, '40-49': 89.8, '50-59': 92.01, '60-69': 85.82, '70-79': 89.97, '80-89': 89.98, '90-99': 92.84, 'old': 88.96, 'new': 92.84, 'harmonic': 90.86}
2026-07-31 21:30:11,625 [trainer.py] => CNN top1 curve: [98.58, 98.18, 97.67, 94.01, 90.43, 91.76, 90.91, 89.51, 89.48, 89.35]
2026-07-31 21:30:11,625 [trainer.py] => CNN top5 curve: [100.0, 99.88, 99.92, 99.82, 99.71, 99.8, 99.65, 99.57, 99.59, 99.44]
2026-07-31 21:30:11,625 [trainer.py] => Average Accuracy (CNN top1): 92.988
2026-08-01 01:58:15,960 [trainer.py] => config: configs/CLG-CBM/CLG-CBM_cars_B0_Inc10.json
2026-08-01 01:58:15,970 [trainer.py] => prefix: continual-CLIP
2026-08-01 01:58:15,971 [trainer.py] => dataset: cars
2026-08-01 01:58:15,971 [trainer.py] => memory_size: 0
2026-08-01 01:58:15,971 [trainer.py] => memory_per_class: 0
2026-08-01 01:58:15,971 [trainer.py] => fixed_memory: False
2026-08-01 01:58:15,971 [trainer.py] => shuffle: True
2026-08-01 01:58:15,971 [trainer.py] => init_cls: 10
2026-08-01 01:58:15,971 [trainer.py] => increment: 10
2026-08-01 01:58:15,972 [trainer.py] => model_name: CLG-CBM
2026-08-01 01:58:15,972 [trainer.py] => backbone_type: clip
2026-08-01 01:58:15,972 [trainer.py] => device: [device(type='cuda', index=0)]
2026-08-01 01:58:15,972 [trainer.py] => seed: 1993
2026-08-01 01:58:15,972 [trainer.py] => sim: 1
2026-08-01 01:58:15,972 [trainer.py] => epochs: 30
2026-08-01 01:58:15,973 [trainer.py] => lr: 0.01
2026-08-01 01:58:15,973 [trainer.py] => FB_epoch: 60
2026-08-01 01:58:15,973 [trainer.py] => FB_epoch_inc: 60
2026-08-01 01:58:15,973 [trainer.py] => init_lr: 0.001
2026-08-01 01:58:15,973 [trainer.py] => pool: 10
2026-08-01 01:58:15,973 [trainer.py] => sg_num: 1
2026-08-01 01:58:15,973 [trainer.py] => milestones: [30, 40, 50]
2026-08-01 01:58:15,973 [trainer.py] => batch_size: 48
2026-08-01 01:58:15,974 [trainer.py] => division_power: 5
2026-08-01 01:58:15,974 [trainer.py] => linear_model: ['linear', 'bn', 'linear']
2026-08-01 01:58:15,974 [trainer.py] => score_model: ['bn', 'linear']
2026-08-01 01:58:15,974 [trainer.py] => regularizer: mahalanobis
2026-08-01 01:58:15,974 [trainer.py] => print_freq: 10
2026-08-01 01:58:15,974 [trainer.py] => repeat: False
2026-08-01 01:58:15,974 [trainer.py] => total_class_num: 100
2026-08-01 01:58:16,254 [data_manager.py] => [68, 56, 78, 8, 23, 84, 90, 65, 74, 76, 40, 89, 3, 92, 55, 9, 26, 80, 43, 38, 58, 70, 77, 1, 85, 19, 17, 50, 28, 53, 13, 81, 45, 82, 6, 59, 83, 16, 15, 44, 91, 41, 72, 60, 79, 52, 20, 10, 31, 54, 37, 95, 14, 71, 96, 98, 97, 2, 64, 66, 42, 22, 35, 86, 24, 34, 87, 21, 99, 0, 88, 27, 18, 94, 11, 12, 47, 25, 30, 46, 62, 69, 36, 61, 7, 63, 75, 5, 32, 4, 51, 48, 73, 93, 39, 67, 29, 49, 57, 33]
2026-08-01 01:58:26,560 [instantiator.py] => Created a temporary directory at /tmp/tmpjgbko3k4
2026-08-01 01:58:26,561 [instantiator.py] => Writing /tmp/tmpjgbko3k4/_remote_module_non_scriptable.py
2026-08-01 01:58:27,985 [factory.py] => Loaded ViT-B-16 model config.
2026-08-01 01:58:29,360 [factory.py] => Loading pretrained ViT-B-16 weights (/public/home/hanlida/Dr.1/pretrained_models/open_clip_pytorch_model_laion400m_e32.bin).
2026-08-01 01:58:31,010 [factory.py] => Loaded ViT-B-16 model config.
2026-08-01 01:58:32,230 [factory.py] => Loading pretrained ViT-B-16 weights (/public/home/hanlida/Dr.1/pretrained_models/open_clip_pytorch_model_laion400m_e32.bin).
2026-08-01 01:58:33,976 [factory.py] => Loaded ViT-B-16 model config.
2026-08-01 01:58:35,179 [factory.py] => Loading pretrained ViT-B-16 weights (/public/home/hanlida/Dr.1/pretrained_models/open_clip_pytorch_model_laion400m_e32.bin).
2026-08-01 01:58:36,377 [clg_cbm.py] => Learning on 0-10
2026-08-01 02:01:07,846 [trainer.py] => CNN: {'total': 98.58, '00-09': 98.58, 'old': 0, 'new': 98.58, 'harmonic': 0.0}
2026-08-01 02:01:07,846 [trainer.py] => CNN top1 curve: [98.58]
2026-08-01 02:01:07,846 [trainer.py] => CNN top5 curve: [100.0]
2026-08-01 02:01:07,846 [trainer.py] => Average Accuracy (CNN top1): 98.58
2026-08-01 02:01:07,847 [clg_cbm.py] => Learning on 10-20
2026-08-01 02:03:48,927 [trainer.py] => CNN: {'total': 98.18, '00-09': 96.93, '10-19': 99.5, 'old': 96.93, 'new': 99.5, 'harmonic': 98.2}
2026-08-01 02:03:48,928 [trainer.py] => CNN top1 curve: [98.58, 98.18]
2026-08-01 02:03:48,928 [trainer.py] => CNN top5 curve: [100.0, 99.88]
2026-08-01 02:03:48,928 [trainer.py] => Average Accuracy (CNN top1): 98.38
2026-08-01 02:03:48,929 [clg_cbm.py] => Learning on 20-30
2026-08-01 02:06:32,248 [trainer.py] => CNN: {'total': 97.67, '00-09': 96.23, '10-19': 98.75, '20-29': 98.1, 'old': 97.45, 'new': 98.1, 'harmonic': 97.77}
2026-08-01 02:06:32,249 [trainer.py] => CNN top1 curve: [98.58, 98.18, 97.67]
2026-08-01 02:06:32,250 [trainer.py] => CNN top5 curve: [100.0, 99.88, 99.92]
2026-08-01 02:06:32,250 [trainer.py] => Average Accuracy (CNN top1): 98.14333333333333
2026-08-01 02:06:32,250 [clg_cbm.py] => Learning on 30-40
2026-08-01 02:09:18,633 [trainer.py] => CNN: {'total': 94.01, '00-09': 96.46, '10-19': 97.5, '20-29': 91.43, '30-39': 90.56, 'old': 95.1, 'new': 90.56, 'harmonic': 92.77}
2026-08-01 02:09:18,633 [trainer.py] => CNN top1 curve: [98.58, 98.18, 97.67, 94.01]
2026-08-01 02:09:18,634 [trainer.py] => CNN top5 curve: [100.0, 99.88, 99.92, 99.82]
2026-08-01 02:09:18,634 [trainer.py] => Average Accuracy (CNN top1): 97.11
2026-08-01 02:09:18,635 [clg_cbm.py] => Learning on 40-50
2026-08-01 02:12:17,561 [trainer.py] => CNN: {'total': 90.43, '00-09': 94.34, '10-19': 93.0, '20-29': 88.57, '30-39': 82.91, '40-49': 93.03, 'old': 89.79, 'new': 93.03, 'harmonic': 91.38}
2026-08-01 02:12:17,561 [trainer.py] => CNN top1 curve: [98.58, 98.18, 97.67, 94.01, 90.43]
2026-08-01 02:12:17,561 [trainer.py] => CNN top5 curve: [100.0, 99.88, 99.92, 99.82, 99.71]
2026-08-01 02:12:17,562 [trainer.py] => Average Accuracy (CNN top1): 95.774
2026-08-01 02:12:17,562 [clg_cbm.py] => Learning on 50-60
2026-08-01 02:15:13,773 [trainer.py] => CNN: {'total': 91.72, '00-09': 93.16, '10-19': 91.0, '20-29': 90.71, '30-39': 89.03, '40-49': 87.56, '50-59': 98.55, 'old': 90.33, 'new': 98.55, 'harmonic': 94.26}
2026-08-01 02:15:13,774 [trainer.py] => CNN top1 curve: [98.58, 98.18, 97.67, 94.01, 90.43, 91.72]
2026-08-01 02:15:13,774 [trainer.py] => CNN top5 curve: [100.0, 99.88, 99.92, 99.82, 99.71, 99.8]
2026-08-01 02:15:13,774 [trainer.py] => Average Accuracy (CNN top1): 95.09833333333334
2026-08-01 02:15:13,774 [clg_cbm.py] => Learning on 60-70
2026-08-01 02:18:08,863 [trainer.py] => CNN: {'total': 90.94, '00-09': 92.92, '10-19': 94.5, '20-29': 89.52, '30-39': 85.97, '40-49': 88.81, '50-59': 95.16, '60-69': 89.49, 'old': 91.19, 'new': 89.49, 'harmonic': 90.33}
2026-08-01 02:18:08,863 [trainer.py] => CNN top1 curve: [98.58, 98.18, 97.67, 94.01, 90.43, 91.72, 90.94]
2026-08-01 02:18:08,863 [trainer.py] => CNN top5 curve: [100.0, 99.88, 99.92, 99.82, 99.71, 99.8, 99.65]
2026-08-01 02:18:08,863 [trainer.py] => Average Accuracy (CNN top1): 94.50428571428571
2026-08-01 02:18:08,864 [clg_cbm.py] => Learning on 70-80
2026-08-01 02:21:18,979 [trainer.py] => CNN: {'total': 89.54, '00-09': 89.15, '10-19': 93.0, '20-29': 90.0, '30-39': 84.18, '40-49': 90.55, '50-59': 92.98, '60-69': 82.4, '70-79': 93.98, 'old': 88.92, 'new': 93.98, 'harmonic': 91.38}
2026-08-01 02:21:18,979 [trainer.py] => CNN top1 curve: [98.58, 98.18, 97.67, 94.01, 90.43, 91.72, 90.94, 89.54]
2026-08-01 02:21:18,979 [trainer.py] => CNN top5 curve: [100.0, 99.88, 99.92, 99.82, 99.71, 99.8, 99.65, 99.57]
2026-08-01 02:21:18,979 [trainer.py] => Average Accuracy (CNN top1): 93.88374999999999
2026-08-01 02:21:18,980 [clg_cbm.py] => Learning on 80-90
2026-08-01 02:24:47,745 [trainer.py] => CNN: {'total': 89.48, '00-09': 90.57, '10-19': 89.5, '20-29': 89.52, '30-39': 84.69, '40-49': 89.05, '50-59': 92.25, '60-69': 86.31, '70-79': 88.97, '80-89': 94.03, 'old': 88.89, 'new': 94.03, 'harmonic': 91.39}
2026-08-01 02:24:47,746 [trainer.py] => CNN top1 curve: [98.58, 98.18, 97.67, 94.01, 90.43, 91.72, 90.94, 89.54, 89.48]
2026-08-01 02:24:47,746 [trainer.py] => CNN top5 curve: [100.0, 99.88, 99.92, 99.82, 99.71, 99.8, 99.65, 99.57, 99.59]
2026-08-01 02:24:47,746 [trainer.py] => Average Accuracy (CNN top1): 93.39444444444445
2026-08-01 02:24:47,746 [clg_cbm.py] => Learning on 90-100
2026-08-01 02:28:32,036 [trainer.py] => CNN: {'total': 89.32, '00-09': 90.8, '10-19': 90.25, '20-29': 86.43, '30-39': 85.2, '40-49': 89.8, '50-59': 92.01, '60-69': 85.82, '70-79': 89.97, '80-89': 89.98, '90-99': 92.84, 'old': 88.93, 'new': 92.84, 'harmonic': 90.84}
2026-08-01 02:28:32,037 [trainer.py] => CNN top1 curve: [98.58, 98.18, 97.67, 94.01, 90.43, 91.72, 90.94, 89.54, 89.48, 89.32]
2026-08-01 02:28:32,037 [trainer.py] => CNN top5 curve: [100.0, 99.88, 99.92, 99.82, 99.71, 99.8, 99.65, 99.57, 99.59, 99.44]
2026-08-01 02:28:32,037 [trainer.py] => Average Accuracy (CNN top1): 92.987
2026-08-01 03:37:55,270 [trainer.py] => config: configs/CLG-CBM/CLG-CBM_cars_B0_Inc10.json
2026-08-01 03:37:55,290 [trainer.py] => prefix: continual-CLIP
2026-08-01 03:37:55,290 [trainer.py] => dataset: cars
2026-08-01 03:37:55,290 [trainer.py] => memory_size: 0
2026-08-01 03:37:55,290 [trainer.py] => memory_per_class: 0
2026-08-01 03:37:55,290 [trainer.py] => fixed_memory: False
2026-08-01 03:37:55,290 [trainer.py] => shuffle: True
2026-08-01 03:37:55,290 [trainer.py] => init_cls: 10
2026-08-01 03:37:55,290 [trainer.py] => increment: 10
2026-08-01 03:37:55,290 [trainer.py] => model_name: CLG-CBM
2026-08-01 03:37:55,290 [trainer.py] => backbone_type: clip
2026-08-01 03:37:55,291 [trainer.py] => device: [device(type='cuda', index=0)]
2026-08-01 03:37:55,291 [trainer.py] => seed: 1993
2026-08-01 03:37:55,291 [trainer.py] => sim: 1
2026-08-01 03:37:55,291 [trainer.py] => epochs: 30
2026-08-01 03:37:55,291 [trainer.py] => lr: 0.01
2026-08-01 03:37:55,291 [trainer.py] => FB_epoch: 60
2026-08-01 03:37:55,291 [trainer.py] => FB_epoch_inc: 60
2026-08-01 03:37:55,291 [trainer.py] => init_lr: 0.001
2026-08-01 03:37:55,291 [trainer.py] => pool: 10
2026-08-01 03:37:55,291 [trainer.py] => sg_num: 1
2026-08-01 03:37:55,291 [trainer.py] => milestones: [30, 40, 50]
2026-08-01 03:37:55,291 [trainer.py] => batch_size: 48
2026-08-01 03:37:55,291 [trainer.py] => division_power: 5
2026-08-01 03:37:55,292 [trainer.py] => linear_model: ['linear', 'bn', 'linear']
2026-08-01 03:37:55,292 [trainer.py] => score_model: ['bn', 'linear']
2026-08-01 03:37:55,292 [trainer.py] => regularizer: mahalanobis
2026-08-01 03:37:55,292 [trainer.py] => print_freq: 10
2026-08-01 03:37:55,292 [trainer.py] => repeat: False
2026-08-01 03:37:55,292 [trainer.py] => total_class_num: 100
2026-08-01 03:37:55,700 [data_manager.py] => [68, 56, 78, 8, 23, 84, 90, 65, 74, 76, 40, 89, 3, 92, 55, 9, 26, 80, 43, 38, 58, 70, 77, 1, 85, 19, 17, 50, 28, 53, 13, 81, 45, 82, 6, 59, 83, 16, 15, 44, 91, 41, 72, 60, 79, 52, 20, 10, 31, 54, 37, 95, 14, 71, 96, 98, 97, 2, 64, 66, 42, 22, 35, 86, 24, 34, 87, 21, 99, 0, 88, 27, 18, 94, 11, 12, 47, 25, 30, 46, 62, 69, 36, 61, 7, 63, 75, 5, 32, 4, 51, 48, 73, 93, 39, 67, 29, 49, 57, 33]
2026-08-01 03:38:06,090 [instantiator.py] => Created a temporary directory at /tmp/tmpwkculf_g
2026-08-01 03:38:06,091 [instantiator.py] => Writing /tmp/tmpwkculf_g/_remote_module_non_scriptable.py
2026-08-01 03:38:07,584 [factory.py] => Loaded ViT-B-16 model config.
2026-08-01 03:38:09,080 [factory.py] => Loading pretrained ViT-B-16 weights (/public/home/hanlida/Dr.1/pretrained_models/open_clip_pytorch_model_laion400m_e32.bin).
2026-08-01 03:38:09,868 [factory.py] => Loaded ViT-B-16 model config.
2026-08-01 03:38:11,017 [factory.py] => Loading pretrained ViT-B-16 weights (/public/home/hanlida/Dr.1/pretrained_models/open_clip_pytorch_model_laion400m_e32.bin).
2026-08-01 03:38:12,794 [factory.py] => Loaded ViT-B-16 model config.
2026-08-01 03:38:14,380 [factory.py] => Loading pretrained ViT-B-16 weights (/public/home/hanlida/Dr.1/pretrained_models/open_clip_pytorch_model_laion400m_e32.bin).
2026-08-01 03:38:15,089 [clg_cbm.py] => Learning on 0-10
2026-08-01 03:40:47,014 [trainer.py] => CNN: {'total': 98.58, '00-09': 98.58, 'old': 0, 'new': 98.58, 'harmonic': 0.0}
2026-08-01 03:40:47,014 [trainer.py] => CNN top1 curve: [98.58]
2026-08-01 03:40:47,014 [trainer.py] => CNN top5 curve: [100.0]
2026-08-01 03:40:47,014 [trainer.py] => Average Accuracy (CNN top1): 98.58
2026-08-01 03:40:47,014 [clg_cbm.py] => Learning on 10-20
2026-08-01 03:43:26,447 [trainer.py] => CNN: {'total': 98.18, '00-09': 96.93, '10-19': 99.5, 'old': 96.93, 'new': 99.5, 'harmonic': 98.2}
2026-08-01 03:43:26,448 [trainer.py] => CNN top1 curve: [98.58, 98.18]
2026-08-01 03:43:26,448 [trainer.py] => CNN top5 curve: [100.0, 99.88]
2026-08-01 03:43:26,448 [trainer.py] => Average Accuracy (CNN top1): 98.38
2026-08-01 03:43:26,448 [clg_cbm.py] => Learning on 20-30
2026-08-01 03:46:09,884 [trainer.py] => CNN: {'total': 97.67, '00-09': 96.23, '10-19': 98.75, '20-29': 98.1, 'old': 97.45, 'new': 98.1, 'harmonic': 97.77}
2026-08-01 03:46:09,885 [trainer.py] => CNN top1 curve: [98.58, 98.18, 97.67]
2026-08-01 03:46:09,885 [trainer.py] => CNN top5 curve: [100.0, 99.88, 99.92]
2026-08-01 03:46:09,885 [trainer.py] => Average Accuracy (CNN top1): 98.14333333333333
2026-08-01 03:46:09,886 [clg_cbm.py] => Learning on 30-40
2026-08-01 03:48:49,458 [trainer.py] => CNN: {'total': 94.01, '00-09': 96.46, '10-19': 97.5, '20-29': 91.43, '30-39': 90.56, 'old': 95.1, 'new': 90.56, 'harmonic': 92.77}
2026-08-01 03:48:49,458 [trainer.py] => CNN top1 curve: [98.58, 98.18, 97.67, 94.01]
2026-08-01 03:48:49,458 [trainer.py] => CNN top5 curve: [100.0, 99.88, 99.92, 99.82]
2026-08-01 03:48:49,458 [trainer.py] => Average Accuracy (CNN top1): 97.11
2026-08-01 03:48:49,459 [clg_cbm.py] => Learning on 40-50
2026-08-01 03:51:51,521 [trainer.py] => CNN: {'total': 90.43, '00-09': 94.34, '10-19': 93.0, '20-29': 88.57, '30-39': 82.91, '40-49': 93.03, 'old': 89.79, 'new': 93.03, 'harmonic': 91.38}
2026-08-01 03:51:51,522 [trainer.py] => CNN top1 curve: [98.58, 98.18, 97.67, 94.01, 90.43]
2026-08-01 03:51:51,522 [trainer.py] => CNN top5 curve: [100.0, 99.88, 99.92, 99.82, 99.71]
2026-08-01 03:51:51,522 [trainer.py] => Average Accuracy (CNN top1): 95.774
2026-08-01 03:51:51,522 [clg_cbm.py] => Learning on 50-60
2026-08-01 03:54:49,077 [trainer.py] => CNN: {'total': 91.72, '00-09': 93.16, '10-19': 91.0, '20-29': 90.71, '30-39': 89.03, '40-49': 87.56, '50-59': 98.55, 'old': 90.33, 'new': 98.55, 'harmonic': 94.26}
2026-08-01 03:54:49,078 [trainer.py] => CNN top1 curve: [98.58, 98.18, 97.67, 94.01, 90.43, 91.72]
2026-08-01 03:54:49,078 [trainer.py] => CNN top5 curve: [100.0, 99.88, 99.92, 99.82, 99.71, 99.8]
2026-08-01 03:54:49,078 [trainer.py] => Average Accuracy (CNN top1): 95.09833333333334
2026-08-01 03:54:49,079 [clg_cbm.py] => Learning on 60-70
2026-08-01 03:57:49,461 [trainer.py] => CNN: {'total': 90.91, '00-09': 92.69, '10-19': 94.5, '20-29': 89.52, '30-39': 85.97, '40-49': 88.81, '50-59': 95.16, '60-69': 89.49, 'old': 91.15, 'new': 89.49, 'harmonic': 90.31}
2026-08-01 03:57:49,462 [trainer.py] => CNN top1 curve: [98.58, 98.18, 97.67, 94.01, 90.43, 91.72, 90.91]
2026-08-01 03:57:49,462 [trainer.py] => CNN top5 curve: [100.0, 99.88, 99.92, 99.82, 99.71, 99.8, 99.65]
2026-08-01 03:57:49,462 [trainer.py] => Average Accuracy (CNN top1): 94.5
2026-08-01 03:57:49,463 [clg_cbm.py] => Learning on 70-80
2026-08-01 04:00:52,585 [trainer.py] => CNN: {'total': 89.51, '00-09': 89.15, '10-19': 93.0, '20-29': 90.0, '30-39': 84.18, '40-49': 90.3, '50-59': 92.98, '60-69': 82.4, '70-79': 93.98, 'old': 88.88, 'new': 93.98, 'harmonic': 91.36}
2026-08-01 04:00:52,585 [trainer.py] => CNN top1 curve: [98.58, 98.18, 97.67, 94.01, 90.43, 91.72, 90.91, 89.51]
2026-08-01 04:00:52,585 [trainer.py] => CNN top5 curve: [100.0, 99.88, 99.92, 99.82, 99.71, 99.8, 99.65, 99.57]
2026-08-01 04:00:52,585 [trainer.py] => Average Accuracy (CNN top1): 93.87625
2026-08-01 04:00:52,585 [clg_cbm.py] => Learning on 80-90
2026-08-01 04:04:22,823 [trainer.py] => CNN: {'total': 89.45, '00-09': 90.57, '10-19': 89.25, '20-29': 89.52, '30-39': 84.69, '40-49': 89.05, '50-59': 92.25, '60-69': 86.31, '70-79': 88.97, '80-89': 94.03, 'old': 88.86, 'new': 94.03, 'harmonic': 91.37}
2026-08-01 04:04:22,823 [trainer.py] => CNN top1 curve: [98.58, 98.18, 97.67, 94.01, 90.43, 91.72, 90.91, 89.51, 89.45]
2026-08-01 04:04:22,823 [trainer.py] => CNN top5 curve: [100.0, 99.88, 99.92, 99.82, 99.71, 99.8, 99.65, 99.57, 99.59]
2026-08-01 04:04:22,823 [trainer.py] => Average Accuracy (CNN top1): 93.38444444444445
2026-08-01 04:04:22,824 [clg_cbm.py] => Learning on 90-100
2026-08-01 04:08:09,674 [trainer.py] => CNN: {'total': 89.35, '00-09': 90.8, '10-19': 90.25, '20-29': 86.43, '30-39': 85.2, '40-49': 89.8, '50-59': 92.01, '60-69': 86.06, '70-79': 89.97, '80-89': 89.98, '90-99': 92.84, 'old': 88.96, 'new': 92.84, 'harmonic': 90.86}
2026-08-01 04:08:09,675 [trainer.py] => CNN top1 curve: [98.58, 98.18, 97.67, 94.01, 90.43, 91.72, 90.91, 89.51, 89.45, 89.35]
2026-08-01 04:08:09,675 [trainer.py] => CNN top5 curve: [100.0, 99.88, 99.92, 99.82, 99.71, 99.8, 99.65, 99.57, 99.59, 99.44]
2026-08-01 04:08:09,676 [trainer.py] => Average Accuracy (CNN top1): 92.98100000000001
