2026-07-11 16:56:29,839 [trainer.py] => config: ./configs/CLG-CBM/CLG-CBM_cars_B0_Inc10.json
2026-07-11 16:56:29,840 [trainer.py] => prefix: continual-CLIP
2026-07-11 16:56:29,840 [trainer.py] => dataset: cars
2026-07-11 16:56:29,840 [trainer.py] => memory_size: 0
2026-07-11 16:56:29,840 [trainer.py] => memory_per_class: 0
2026-07-11 16:56:29,840 [trainer.py] => fixed_memory: False
2026-07-11 16:56:29,840 [trainer.py] => shuffle: True
2026-07-11 16:56:29,840 [trainer.py] => init_cls: 10
2026-07-11 16:56:29,840 [trainer.py] => increment: 10
2026-07-11 16:56:29,840 [trainer.py] => model_name: CLG-CBM
2026-07-11 16:56:29,840 [trainer.py] => backbone_type: clip
2026-07-11 16:56:29,840 [trainer.py] => device: [device(type='cuda', index=5)]
2026-07-11 16:56:29,840 [trainer.py] => seed: 0
2026-07-11 16:56:29,840 [trainer.py] => sim: 1
2026-07-11 16:56:29,840 [trainer.py] => epochs: 30
2026-07-11 16:56:29,840 [trainer.py] => lr: 0.01
2026-07-11 16:56:29,840 [trainer.py] => FB_epoch: 60
2026-07-11 16:56:29,840 [trainer.py] => FB_epoch_inc: 60
2026-07-11 16:56:29,840 [trainer.py] => init_lr: 0.001
2026-07-11 16:56:29,840 [trainer.py] => pool: 10
2026-07-11 16:56:29,840 [trainer.py] => sg_num: 1
2026-07-11 16:56:29,841 [trainer.py] => milestones: [30, 40, 50]
2026-07-11 16:56:29,841 [trainer.py] => batch_size: 48
2026-07-11 16:56:29,841 [trainer.py] => division_power: 5
2026-07-11 16:56:29,841 [trainer.py] => linear_model: ['linear', 'bn', 'linear']
2026-07-11 16:56:29,841 [trainer.py] => score_model: ['bn', 'linear']
2026-07-11 16:56:29,841 [trainer.py] => regularizer: mahalanobis
2026-07-11 16:56:29,841 [trainer.py] => print_freq: 10
2026-07-11 16:56:29,841 [trainer.py] => repeat: False
2026-07-11 16:56:29,841 [trainer.py] => total_class_num: 100
2026-07-11 16:56:32,175 [data_manager.py] => [26, 86, 2, 55, 75, 93, 16, 73, 54, 95, 53, 92, 78, 13, 7, 30, 22, 24, 33, 8, 43, 62, 3, 71, 45, 48, 6, 99, 82, 76, 60, 80, 90, 68, 51, 27, 18, 56, 63, 74, 1, 61, 42, 41, 4, 15, 17, 40, 38, 5, 91, 59, 0, 34, 28, 50, 11, 35, 23, 52, 10, 31, 66, 57, 79, 85, 32, 84, 14, 89, 19, 29, 49, 97, 98, 69, 20, 94, 72, 77, 25, 37, 81, 46, 39, 65, 58, 12, 88, 70, 87, 36, 21, 83, 9, 96, 67, 64, 47, 44]
2026-07-11 16:56:33,963 [instantiator.py] => Created a temporary directory at /tmp/tmpwi55myou
2026-07-11 16:56:33,963 [instantiator.py] => Writing /tmp/tmpwi55myou/_remote_module_non_scriptable.py
2026-07-11 16:56:34,077 [factory.py] => Loaded ViT-B-16 model config.
2026-07-11 16:56:35,572 [factory.py] => Loading pretrained ViT-B-16 weights (/home/team/zhaohongwei/pretrained_models/open_clip_pytorch_model_laion400m_e32.bin).
2026-07-11 16:56:36,125 [factory.py] => Loaded ViT-B-16 model config.
2026-07-11 16:56:37,637 [factory.py] => Loading pretrained ViT-B-16 weights (/home/team/zhaohongwei/pretrained_models/open_clip_pytorch_model_laion400m_e32.bin).
2026-07-11 16:56:38,851 [factory.py] => Loaded ViT-B-16 model config.
2026-07-11 16:56:40,546 [factory.py] => Loading pretrained ViT-B-16 weights (/home/team/zhaohongwei/pretrained_models/open_clip_pytorch_model_laion400m_e32.bin).
2026-07-11 16:56:41,109 [clg_cbm.py] => Learning on 0-10
2026-07-11 16:59:01,482 [trainer.py] => CNN: {'total': 98.56, '00-09': 98.56, 'old': 0, 'new': 98.56, 'harmonic': 0.0}
2026-07-11 16:59:01,483 [trainer.py] => CNN top1 curve: [98.56]
2026-07-11 16:59:01,483 [trainer.py] => CNN top5 curve: [100.0]
2026-07-11 16:59:01,483 [trainer.py] => Average Accuracy (CNN top1): 98.56
2026-07-11 16:59:01,483 [clg_cbm.py] => Learning on 10-20
2026-07-11 17:01:30,984 [trainer.py] => CNN: {'total': 98.21, '00-09': 97.36, '10-19': 99.05, 'old': 97.36, 'new': 99.05, 'harmonic': 98.2}
2026-07-11 17:01:30,985 [trainer.py] => CNN top1 curve: [98.56, 98.21]
2026-07-11 17:01:30,985 [trainer.py] => CNN top5 curve: [100.0, 100.0]
2026-07-11 17:01:30,985 [trainer.py] => Average Accuracy (CNN top1): 98.38499999999999
2026-07-11 17:01:30,985 [clg_cbm.py] => Learning on 20-30
2026-07-11 17:04:08,749 [trainer.py] => CNN: {'total': 97.59, '00-09': 96.16, '10-19': 97.61, '20-29': 99.02, 'old': 96.89, 'new': 99.02, 'harmonic': 97.94}
2026-07-11 17:04:08,749 [trainer.py] => CNN top1 curve: [98.56, 98.21, 97.59]
2026-07-11 17:04:08,749 [trainer.py] => CNN top5 curve: [100.0, 100.0, 99.92]
2026-07-11 17:04:08,750 [trainer.py] => Average Accuracy (CNN top1): 98.12
2026-07-11 17:04:08,750 [clg_cbm.py] => Learning on 30-40
2026-07-11 17:06:38,095 [trainer.py] => CNN: {'total': 95.82, '00-09': 94.96, '10-19': 95.94, '20-29': 94.87, '30-39': 97.54, 'old': 95.26, 'new': 97.54, 'harmonic': 96.39}
2026-07-11 17:06:38,095 [trainer.py] => CNN top1 curve: [98.56, 98.21, 97.59, 95.82]
2026-07-11 17:06:38,095 [trainer.py] => CNN top5 curve: [100.0, 100.0, 99.92, 99.88]
2026-07-11 17:06:38,095 [trainer.py] => Average Accuracy (CNN top1): 97.545
2026-07-11 17:06:38,095 [clg_cbm.py] => Learning on 40-50
2026-07-11 17:09:27,776 [trainer.py] => CNN: {'total': 95.64, '00-09': 96.16, '10-19': 96.18, '20-29': 95.6, '30-39': 96.55, '40-49': 93.62, 'old': 96.12, 'new': 93.62, 'harmonic': 94.85}
2026-07-11 17:09:27,776 [trainer.py] => CNN top1 curve: [98.56, 98.21, 97.59, 95.82, 95.64]
2026-07-11 17:09:27,776 [trainer.py] => CNN top5 curve: [100.0, 100.0, 99.92, 99.88, 99.85]
2026-07-11 17:09:27,776 [trainer.py] => Average Accuracy (CNN top1): 97.164
2026-07-11 17:09:27,776 [clg_cbm.py] => Learning on 50-60
2026-07-11 17:12:24,216 [trainer.py] => CNN: {'total': 93.78, '00-09': 96.64, '10-19': 92.12, '20-29': 95.35, '30-39': 90.15, '40-49': 92.35, '50-59': 95.99, 'old': 93.34, 'new': 95.99, 'harmonic': 94.65}
2026-07-11 17:12:24,216 [trainer.py] => CNN top1 curve: [98.56, 98.21, 97.59, 95.82, 95.64, 93.78]
2026-07-11 17:12:24,216 [trainer.py] => CNN top5 curve: [100.0, 100.0, 99.92, 99.88, 99.85, 99.71]
2026-07-11 17:12:24,216 [trainer.py] => Average Accuracy (CNN top1): 96.60000000000001
2026-07-11 17:12:24,216 [clg_cbm.py] => Learning on 60-70
2026-07-11 17:15:28,936 [trainer.py] => CNN: {'total': 93.26, '00-09': 94.72, '10-19': 89.02, '20-29': 97.07, '30-39': 91.87, '40-49': 89.8, '50-59': 92.98, '60-69': 97.3, 'old': 92.59, 'new': 97.3, 'harmonic': 94.89}
2026-07-11 17:15:28,936 [trainer.py] => CNN top1 curve: [98.56, 98.21, 97.59, 95.82, 95.64, 93.78, 93.26]
2026-07-11 17:15:28,937 [trainer.py] => CNN top5 curve: [100.0, 100.0, 99.92, 99.88, 99.85, 99.71, 99.72]
2026-07-11 17:15:28,937 [trainer.py] => Average Accuracy (CNN top1): 96.12285714285714
2026-07-11 17:15:28,937 [clg_cbm.py] => Learning on 70-80
2026-07-11 17:18:36,743 [trainer.py] => CNN: {'total': 91.04, '00-09': 91.61, '10-19': 89.98, '20-29': 91.2, '30-39': 88.42, '40-49': 88.27, '50-59': 91.23, '60-69': 96.32, '70-79': 91.19, 'old': 91.02, 'new': 91.19, 'harmonic': 91.1}
2026-07-11 17:18:36,744 [trainer.py] => CNN top1 curve: [98.56, 98.21, 97.59, 95.82, 95.64, 93.78, 93.26, 91.04]
2026-07-11 17:18:36,744 [trainer.py] => CNN top5 curve: [100.0, 100.0, 99.92, 99.88, 99.85, 99.71, 99.72, 99.6]
2026-07-11 17:18:36,744 [trainer.py] => Average Accuracy (CNN top1): 95.4875
2026-07-11 17:18:36,745 [clg_cbm.py] => Learning on 80-90
2026-07-11 17:21:42,755 [trainer.py] => CNN: {'total': 89.8, '00-09': 89.69, '10-19': 89.02, '20-29': 91.69, '30-39': 88.67, '40-49': 86.73, '50-59': 89.97, '60-69': 93.38, '70-79': 82.62, '80-89': 96.39, 'old': 88.96, 'new': 96.39, 'harmonic': 92.53}
2026-07-11 17:21:42,756 [trainer.py] => CNN top1 curve: [98.56, 98.21, 97.59, 95.82, 95.64, 93.78, 93.26, 91.04, 89.8]
2026-07-11 17:21:42,756 [trainer.py] => CNN top5 curve: [100.0, 100.0, 99.92, 99.88, 99.85, 99.71, 99.72, 99.6, 99.62]
2026-07-11 17:21:42,756 [trainer.py] => Average Accuracy (CNN top1): 94.85555555555555
2026-07-11 17:21:42,756 [clg_cbm.py] => Learning on 90-100
2026-07-11 17:24:59,043 [trainer.py] => CNN: {'total': 88.02, '00-09': 89.21, '10-19': 83.05, '20-29': 81.17, '30-39': 89.16, '40-49': 89.03, '50-59': 90.48, '60-69': 93.87, '70-79': 87.14, '80-89': 87.47, '90-99': 89.95, 'old': 87.82, 'new': 89.95, 'harmonic': 88.87}
2026-07-11 17:24:59,044 [trainer.py] => CNN top1 curve: [98.56, 98.21, 97.59, 95.82, 95.64, 93.78, 93.26, 91.04, 89.8, 88.02]
2026-07-11 17:24:59,044 [trainer.py] => CNN top5 curve: [100.0, 100.0, 99.92, 99.88, 99.85, 99.71, 99.72, 99.6, 99.62, 99.44]
2026-07-11 17:24:59,044 [trainer.py] => Average Accuracy (CNN top1): 94.172
