2026-07-11 18:27:51,153 [trainer.py] => config: ./configs/CLG-CBM/CLG-CBM_cars_B0_Inc10.json
2026-07-11 18:27:51,153 [trainer.py] => prefix: continual-CLIP
2026-07-11 18:27:51,153 [trainer.py] => dataset: cars
2026-07-11 18:27:51,153 [trainer.py] => memory_size: 0
2026-07-11 18:27:51,153 [trainer.py] => memory_per_class: 0
2026-07-11 18:27:51,153 [trainer.py] => fixed_memory: False
2026-07-11 18:27:51,153 [trainer.py] => shuffle: True
2026-07-11 18:27:51,153 [trainer.py] => init_cls: 10
2026-07-11 18:27:51,153 [trainer.py] => increment: 10
2026-07-11 18:27:51,153 [trainer.py] => model_name: CLG-CBM
2026-07-11 18:27:51,153 [trainer.py] => backbone_type: clip
2026-07-11 18:27:51,153 [trainer.py] => device: [device(type='cuda', index=5)]
2026-07-11 18:27:51,153 [trainer.py] => seed: 2026
2026-07-11 18:27:51,153 [trainer.py] => sim: 1
2026-07-11 18:27:51,153 [trainer.py] => epochs: 30
2026-07-11 18:27:51,153 [trainer.py] => lr: 0.01
2026-07-11 18:27:51,153 [trainer.py] => FB_epoch: 60
2026-07-11 18:27:51,153 [trainer.py] => FB_epoch_inc: 60
2026-07-11 18:27:51,154 [trainer.py] => init_lr: 0.001
2026-07-11 18:27:51,154 [trainer.py] => pool: 10
2026-07-11 18:27:51,154 [trainer.py] => sg_num: 1
2026-07-11 18:27:51,154 [trainer.py] => milestones: [30, 40, 50]
2026-07-11 18:27:51,154 [trainer.py] => batch_size: 48
2026-07-11 18:27:51,154 [trainer.py] => division_power: 5
2026-07-11 18:27:51,154 [trainer.py] => linear_model: ['linear', 'bn', 'linear']
2026-07-11 18:27:51,154 [trainer.py] => score_model: ['bn', 'linear']
2026-07-11 18:27:51,154 [trainer.py] => regularizer: mahalanobis
2026-07-11 18:27:51,154 [trainer.py] => print_freq: 10
2026-07-11 18:27:51,154 [trainer.py] => repeat: False
2026-07-11 18:27:51,154 [trainer.py] => total_class_num: 100
2026-07-11 18:27:51,196 [data_manager.py] => [98, 10, 4, 18, 88, 13, 8, 84, 79, 21, 85, 96, 53, 42, 52, 97, 74, 5, 58, 23, 90, 59, 16, 72, 75, 30, 43, 99, 44, 41, 0, 46, 61, 80, 65, 39, 70, 87, 89, 91, 82, 14, 12, 71, 50, 11, 15, 57, 22, 67, 45, 32, 78, 63, 66, 55, 31, 62, 35, 34, 19, 49, 24, 9, 37, 36, 3, 64, 40, 86, 81, 93, 47, 73, 17, 60, 68, 25, 38, 48, 33, 20, 83, 7, 27, 94, 54, 2, 92, 76, 69, 51, 28, 29, 95, 77, 56, 26, 6, 1]
2026-07-11 18:27:51,211 [factory.py] => Loaded ViT-B-16 model config.
2026-07-11 18:27:52,698 [factory.py] => Loading pretrained ViT-B-16 weights (/home/team/zhaohongwei/pretrained_models/open_clip_pytorch_model_laion400m_e32.bin).
2026-07-11 18:27:53,265 [factory.py] => Loaded ViT-B-16 model config.
2026-07-11 18:27:54,547 [factory.py] => Loading pretrained ViT-B-16 weights (/home/team/zhaohongwei/pretrained_models/open_clip_pytorch_model_laion400m_e32.bin).
2026-07-11 18:27:55,205 [factory.py] => Loaded ViT-B-16 model config.
2026-07-11 18:27:56,539 [factory.py] => Loading pretrained ViT-B-16 weights (/home/team/zhaohongwei/pretrained_models/open_clip_pytorch_model_laion400m_e32.bin).
2026-07-11 18:27:56,825 [clg_cbm.py] => Learning on 0-10
2026-07-11 18:30:54,693 [trainer.py] => CNN: {'total': 96.8, '00-09': 96.8, 'old': 0, 'new': 96.8, 'harmonic': 0.0}
2026-07-11 18:30:54,693 [trainer.py] => CNN top1 curve: [96.8]
2026-07-11 18:30:54,693 [trainer.py] => CNN top5 curve: [100.0]
2026-07-11 18:30:54,694 [trainer.py] => Average Accuracy (CNN top1): 96.8
2026-07-11 18:30:54,694 [clg_cbm.py] => Learning on 10-20
2026-07-11 18:34:04,167 [trainer.py] => CNN: {'total': 96.71, '00-09': 93.84, '10-19': 99.52, 'old': 93.84, 'new': 99.52, 'harmonic': 96.6}
2026-07-11 18:34:04,167 [trainer.py] => CNN top1 curve: [96.8, 96.71]
2026-07-11 18:34:04,168 [trainer.py] => CNN top5 curve: [100.0, 100.0]
2026-07-11 18:34:04,168 [trainer.py] => Average Accuracy (CNN top1): 96.755
2026-07-11 18:34:04,168 [clg_cbm.py] => Learning on 20-30
2026-07-11 18:37:07,046 [trainer.py] => CNN: {'total': 95.34, '00-09': 91.38, '10-19': 97.35, '20-29': 97.38, 'old': 94.4, 'new': 97.38, 'harmonic': 95.87}
2026-07-11 18:37:07,046 [trainer.py] => CNN top1 curve: [96.8, 96.71, 95.34]
2026-07-11 18:37:07,046 [trainer.py] => CNN top5 curve: [100.0, 100.0, 100.0]
2026-07-11 18:37:07,047 [trainer.py] => Average Accuracy (CNN top1): 96.28333333333335
2026-07-11 18:37:07,047 [clg_cbm.py] => Learning on 30-40
2026-07-11 18:40:01,557 [trainer.py] => CNN: {'total': 96.28, '00-09': 92.61, '10-19': 95.66, '20-29': 97.11, '30-39': 99.76, 'old': 95.09, 'new': 99.76, 'harmonic': 97.37}
2026-07-11 18:40:01,558 [trainer.py] => CNN top1 curve: [96.8, 96.71, 95.34, 96.28]
2026-07-11 18:40:01,558 [trainer.py] => CNN top5 curve: [100.0, 100.0, 100.0, 100.0]
2026-07-11 18:40:01,558 [trainer.py] => Average Accuracy (CNN top1): 96.2825
2026-07-11 18:40:01,558 [clg_cbm.py] => Learning on 40-50
2026-07-11 18:43:19,893 [trainer.py] => CNN: {'total': 94.32, '00-09': 86.7, '10-19': 95.66, '20-29': 96.59, '30-39': 98.3, '40-49': 94.39, 'old': 94.3, 'new': 94.39, 'harmonic': 94.34}
2026-07-11 18:43:19,894 [trainer.py] => CNN top1 curve: [96.8, 96.71, 95.34, 96.28, 94.32]
2026-07-11 18:43:19,894 [trainer.py] => CNN top5 curve: [100.0, 100.0, 100.0, 100.0, 99.8]
2026-07-11 18:43:19,895 [trainer.py] => Average Accuracy (CNN top1): 95.89
2026-07-11 18:43:19,895 [clg_cbm.py] => Learning on 50-60
2026-07-11 18:46:45,312 [trainer.py] => CNN: {'total': 93.89, '00-09': 88.42, '10-19': 97.11, '20-29': 93.96, '30-39': 94.16, '40-49': 92.68, '50-59': 96.88, 'old': 93.28, 'new': 96.88, 'harmonic': 95.05}
2026-07-11 18:46:45,313 [trainer.py] => CNN top1 curve: [96.8, 96.71, 95.34, 96.28, 94.32, 93.89]
2026-07-11 18:46:45,313 [trainer.py] => CNN top5 curve: [100.0, 100.0, 100.0, 100.0, 99.8, 99.88]
2026-07-11 18:46:45,313 [trainer.py] => Average Accuracy (CNN top1): 95.55666666666667
2026-07-11 18:46:45,313 [clg_cbm.py] => Learning on 60-70
2026-07-11 18:50:21,035 [trainer.py] => CNN: {'total': 91.44, '00-09': 83.25, '10-19': 94.22, '20-29': 89.24, '30-39': 93.67, '40-49': 90.98, '50-59': 94.71, '60-69': 93.69, 'old': 91.06, 'new': 93.69, 'harmonic': 92.36}
2026-07-11 18:50:21,036 [trainer.py] => CNN top1 curve: [96.8, 96.71, 95.34, 96.28, 94.32, 93.89, 91.44]
2026-07-11 18:50:21,036 [trainer.py] => CNN top5 curve: [100.0, 100.0, 100.0, 100.0, 99.8, 99.88, 99.79]
2026-07-11 18:50:21,036 [trainer.py] => Average Accuracy (CNN top1): 94.96857142857142
2026-07-11 18:50:21,036 [clg_cbm.py] => Learning on 70-80
2026-07-11 18:53:40,950 [trainer.py] => CNN: {'total': 90.25, '00-09': 84.24, '10-19': 89.64, '20-29': 90.29, '30-39': 94.65, '40-49': 81.95, '50-59': 95.91, '60-69': 90.05, '70-79': 95.38, 'old': 89.55, 'new': 95.38, 'harmonic': 92.37}
2026-07-11 18:53:40,950 [trainer.py] => CNN top1 curve: [96.8, 96.71, 95.34, 96.28, 94.32, 93.89, 91.44, 90.25]
2026-07-11 18:53:40,950 [trainer.py] => CNN top5 curve: [100.0, 100.0, 100.0, 100.0, 99.8, 99.88, 99.79, 99.75]
2026-07-11 18:53:40,950 [trainer.py] => Average Accuracy (CNN top1): 94.37875
2026-07-11 18:53:40,950 [clg_cbm.py] => Learning on 80-90
2026-07-11 18:57:41,267 [trainer.py] => CNN: {'total': 89.13, '00-09': 82.76, '10-19': 92.77, '20-29': 87.14, '30-39': 93.67, '40-49': 80.0, '50-59': 95.43, '60-69': 86.41, '70-79': 90.0, '80-89': 93.56, 'old': 88.55, 'new': 93.56, 'harmonic': 90.99}
2026-07-11 18:57:41,268 [trainer.py] => CNN top1 curve: [96.8, 96.71, 95.34, 96.28, 94.32, 93.89, 91.44, 90.25, 89.13]
2026-07-11 18:57:41,268 [trainer.py] => CNN top5 curve: [100.0, 100.0, 100.0, 100.0, 99.8, 99.88, 99.79, 99.75, 99.73]
2026-07-11 18:57:41,268 [trainer.py] => Average Accuracy (CNN top1): 93.79555555555555
2026-07-11 18:57:41,268 [clg_cbm.py] => Learning on 90-100
2026-07-11 19:01:50,612 [trainer.py] => CNN: {'total': 88.51, '00-09': 88.18, '10-19': 92.53, '20-29': 85.3, '30-39': 91.0, '40-49': 84.88, '50-59': 94.71, '60-69': 85.19, '70-79': 86.92, '80-89': 82.1, '90-99': 93.85, 'old': 87.9, 'new': 93.85, 'harmonic': 90.78}
2026-07-11 19:01:50,612 [trainer.py] => CNN top1 curve: [96.8, 96.71, 95.34, 96.28, 94.32, 93.89, 91.44, 90.25, 89.13, 88.51]
2026-07-11 19:01:50,612 [trainer.py] => CNN top5 curve: [100.0, 100.0, 100.0, 100.0, 99.8, 99.88, 99.79, 99.75, 99.73, 99.46]
2026-07-11 19:01:50,613 [trainer.py] => Average Accuracy (CNN top1): 93.267
