2026-06-23 12:14:08,611 [trainer.py] => config: ./configs/CLG-CBM/CLG-CBM_cifar_B0_Inc10.json
2026-06-23 12:14:08,612 [trainer.py] => prefix: continual-CLIP
2026-06-23 12:14:08,612 [trainer.py] => dataset: cifar224
2026-06-23 12:14:08,612 [trainer.py] => memory_size: 0
2026-06-23 12:14:08,612 [trainer.py] => memory_per_class: 0
2026-06-23 12:14:08,612 [trainer.py] => fixed_memory: False
2026-06-23 12:14:08,612 [trainer.py] => shuffle: True
2026-06-23 12:14:08,612 [trainer.py] => init_cls: 10
2026-06-23 12:14:08,612 [trainer.py] => increment: 10
2026-06-23 12:14:08,612 [trainer.py] => model_name: CLG-CBM
2026-06-23 12:14:08,612 [trainer.py] => backbone_type: clip
2026-06-23 12:14:08,612 [trainer.py] => device: [device(type='cuda', index=5)]
2026-06-23 12:14:08,612 [trainer.py] => seed: 1993
2026-06-23 12:14:08,612 [trainer.py] => sim: 1
2026-06-23 12:14:08,612 [trainer.py] => epochs: 30
2026-06-23 12:14:08,613 [trainer.py] => lr: 0.01
2026-06-23 12:14:08,613 [trainer.py] => FB_epoch: 60
2026-06-23 12:14:08,613 [trainer.py] => FB_epoch_inc: 60
2026-06-23 12:14:08,613 [trainer.py] => init_lr: 0.001
2026-06-23 12:14:08,613 [trainer.py] => pool: 10
2026-06-23 12:14:08,613 [trainer.py] => sg_num: 1
2026-06-23 12:14:08,613 [trainer.py] => milestones: [30, 40, 50]
2026-06-23 12:14:08,613 [trainer.py] => batch_size: 48
2026-06-23 12:14:08,613 [trainer.py] => division_power: 5
2026-06-23 12:14:08,613 [trainer.py] => linear_model: ['linear', 'bn', 'linear']
2026-06-23 12:14:08,613 [trainer.py] => score_model: ['bn', 'linear']
2026-06-23 12:14:08,613 [trainer.py] => regularizer: mahalanobis
2026-06-23 12:14:08,613 [trainer.py] => print_freq: 10
2026-06-23 12:14:08,613 [trainer.py] => repeat: False
2026-06-23 12:14:08,613 [trainer.py] => total_class_num: 100
2026-06-23 12:14:09,597 [data_manager.py] => [68, 56, 78, 8, 23, 84, 90, 65, 74, 76, 40, 89, 3, 92, 55, 9, 26, 80, 43, 38, 58, 70, 77, 1, 85, 19, 17, 50, 28, 53, 13, 81, 45, 82, 6, 59, 83, 16, 15, 44, 91, 41, 72, 60, 79, 52, 20, 10, 31, 54, 37, 95, 14, 71, 96, 98, 97, 2, 64, 66, 42, 22, 35, 86, 24, 34, 87, 21, 99, 0, 88, 27, 18, 94, 11, 12, 47, 25, 30, 46, 62, 69, 36, 61, 7, 63, 75, 5, 32, 4, 51, 48, 73, 93, 39, 67, 29, 49, 57, 33]
2026-06-23 12:14:09,726 [factory.py] => Loaded ViT-B-16 model config.
2026-06-23 12:14:11,483 [factory.py] => Loading pretrained ViT-B-16 weights (/home/team/zhaohongwei/pretrained_models/open_clip_pytorch_model_laion400m_e32.bin).
2026-06-23 12:14:12,938 [factory.py] => Loaded ViT-B-16 model config.
2026-06-23 12:14:14,688 [factory.py] => Loading pretrained ViT-B-16 weights (/home/team/zhaohongwei/pretrained_models/open_clip_pytorch_model_laion400m_e32.bin).
2026-06-23 12:14:17,086 [factory.py] => Loaded ViT-B-16 model config.
2026-06-23 12:14:19,008 [factory.py] => Loading pretrained ViT-B-16 weights (/home/team/zhaohongwei/pretrained_models/open_clip_pytorch_model_laion400m_e32.bin).
2026-06-23 12:14:21,059 [clg_cbm.py] => Learning on 0-10
2026-06-23 12:19:24,234 [trainer.py] => CNN: {'total': 98.6, '00-09': 98.6, 'old': 0, 'new': 98.6, 'harmonic': 0.0}
2026-06-23 12:19:24,234 [trainer.py] => CNN top1 curve: [98.6]
2026-06-23 12:19:24,234 [trainer.py] => CNN top5 curve: [100.0]
2026-06-23 12:19:24,235 [trainer.py] => Average Accuracy (CNN top1): 98.6
2026-06-23 12:19:24,235 [clg_cbm.py] => Learning on 10-20
2026-06-23 12:25:16,105 [trainer.py] => CNN: {'total': 93.15, '00-09': 92.2, '10-19': 94.1, 'old': 92.2, 'new': 94.1, 'harmonic': 93.14}
2026-06-23 12:25:16,105 [trainer.py] => CNN top1 curve: [98.6, 93.15]
2026-06-23 12:25:16,105 [trainer.py] => CNN top5 curve: [100.0, 99.3]
2026-06-23 12:25:16,105 [trainer.py] => Average Accuracy (CNN top1): 95.875
2026-06-23 12:25:16,106 [clg_cbm.py] => Learning on 20-30
2026-06-23 12:31:53,636 [trainer.py] => CNN: {'total': 91.33, '00-09': 91.7, '10-19': 86.5, '20-29': 95.8, 'old': 89.1, 'new': 95.8, 'harmonic': 92.33}
2026-06-23 12:31:53,636 [trainer.py] => CNN top1 curve: [98.6, 93.15, 91.33]
2026-06-23 12:31:53,636 [trainer.py] => CNN top5 curve: [100.0, 99.3, 98.93]
2026-06-23 12:31:53,636 [trainer.py] => Average Accuracy (CNN top1): 94.36
2026-06-23 12:31:53,636 [clg_cbm.py] => Learning on 30-40
2026-06-23 12:39:22,665 [trainer.py] => CNN: {'total': 87.62, '00-09': 86.2, '10-19': 83.2, '20-29': 88.8, '30-39': 92.3, 'old': 86.07, 'new': 92.3, 'harmonic': 89.08}
2026-06-23 12:39:22,666 [trainer.py] => CNN top1 curve: [98.6, 93.15, 91.33, 87.62]
2026-06-23 12:39:22,666 [trainer.py] => CNN top5 curve: [100.0, 99.3, 98.93, 98.35]
2026-06-23 12:39:22,666 [trainer.py] => Average Accuracy (CNN top1): 92.675
2026-06-23 12:39:22,666 [clg_cbm.py] => Learning on 40-50
2026-06-23 12:47:38,555 [trainer.py] => CNN: {'total': 86.08, '00-09': 85.0, '10-19': 79.5, '20-29': 87.8, '30-39': 83.1, '40-49': 95.0, 'old': 83.85, 'new': 95.0, 'harmonic': 89.08}
2026-06-23 12:47:38,555 [trainer.py] => CNN top1 curve: [98.6, 93.15, 91.33, 87.62, 86.08]
2026-06-23 12:47:38,555 [trainer.py] => CNN top5 curve: [100.0, 99.3, 98.93, 98.35, 98.2]
2026-06-23 12:47:38,555 [trainer.py] => Average Accuracy (CNN top1): 91.356
2026-06-23 12:47:38,555 [clg_cbm.py] => Learning on 50-60
2026-06-23 12:57:14,167 [trainer.py] => CNN: {'total': 85.35, '00-09': 84.7, '10-19': 81.3, '20-29': 86.6, '30-39': 82.8, '40-49': 86.6, '50-59': 90.1, 'old': 84.4, 'new': 90.1, 'harmonic': 87.16}
2026-06-23 12:57:14,167 [trainer.py] => CNN top1 curve: [98.6, 93.15, 91.33, 87.62, 86.08, 85.35]
2026-06-23 12:57:14,167 [trainer.py] => CNN top5 curve: [100.0, 99.3, 98.93, 98.35, 98.2, 97.58]
2026-06-23 12:57:14,168 [trainer.py] => Average Accuracy (CNN top1): 90.355
2026-06-23 12:57:14,168 [clg_cbm.py] => Learning on 60-70
2026-06-23 13:07:47,819 [trainer.py] => CNN: {'total': 84.66, '00-09': 84.7, '10-19': 77.7, '20-29': 86.8, '30-39': 82.4, '40-49': 85.3, '50-59': 81.4, '60-69': 94.3, 'old': 83.05, 'new': 94.3, 'harmonic': 88.32}
2026-06-23 13:07:47,819 [trainer.py] => CNN top1 curve: [98.6, 93.15, 91.33, 87.62, 86.08, 85.35, 84.66]
2026-06-23 13:07:47,819 [trainer.py] => CNN top5 curve: [100.0, 99.3, 98.93, 98.35, 98.2, 97.58, 97.33]
2026-06-23 13:07:47,819 [trainer.py] => Average Accuracy (CNN top1): 89.54142857142857
2026-06-23 13:07:47,819 [clg_cbm.py] => Learning on 70-80
2026-06-23 13:19:25,290 [trainer.py] => CNN: {'total': 82.56, '00-09': 83.1, '10-19': 77.6, '20-29': 86.0, '30-39': 81.4, '40-49': 82.0, '50-59': 77.8, '60-69': 84.9, '70-79': 87.7, 'old': 81.83, 'new': 87.7, 'harmonic': 84.66}
2026-06-23 13:19:25,290 [trainer.py] => CNN top1 curve: [98.6, 93.15, 91.33, 87.62, 86.08, 85.35, 84.66, 82.56]
2026-06-23 13:19:25,290 [trainer.py] => CNN top5 curve: [100.0, 99.3, 98.93, 98.35, 98.2, 97.58, 97.33, 96.88]
2026-06-23 13:19:25,290 [trainer.py] => Average Accuracy (CNN top1): 88.66874999999999
2026-06-23 13:19:25,290 [clg_cbm.py] => Learning on 80-90
2026-06-23 13:32:20,477 [trainer.py] => CNN: {'total': 80.91, '00-09': 83.1, '10-19': 76.0, '20-29': 82.6, '30-39': 80.1, '40-49': 79.2, '50-59': 76.8, '60-69': 82.4, '70-79': 79.6, '80-89': 88.4, 'old': 79.97, 'new': 88.4, 'harmonic': 83.97}
2026-06-23 13:32:20,477 [trainer.py] => CNN top1 curve: [98.6, 93.15, 91.33, 87.62, 86.08, 85.35, 84.66, 82.56, 80.91]
2026-06-23 13:32:20,477 [trainer.py] => CNN top5 curve: [100.0, 99.3, 98.93, 98.35, 98.2, 97.58, 97.33, 96.88, 95.79]
2026-06-23 13:32:20,478 [trainer.py] => Average Accuracy (CNN top1): 87.80666666666666
2026-06-23 13:32:20,478 [clg_cbm.py] => Learning on 90-100
2026-06-23 13:46:19,924 [trainer.py] => CNN: {'total': 79.85, '00-09': 80.3, '10-19': 77.1, '20-29': 83.4, '30-39': 79.5, '40-49': 79.8, '50-59': 75.9, '60-69': 82.7, '70-79': 74.5, '80-89': 76.5, '90-99': 88.8, 'old': 78.86, 'new': 88.8, 'harmonic': 83.54}
2026-06-23 13:46:19,924 [trainer.py] => CNN top1 curve: [98.6, 93.15, 91.33, 87.62, 86.08, 85.35, 84.66, 82.56, 80.91, 79.85]
2026-06-23 13:46:19,924 [trainer.py] => CNN top5 curve: [100.0, 99.3, 98.93, 98.35, 98.2, 97.58, 97.33, 96.88, 95.79, 95.4]
2026-06-23 13:46:19,925 [trainer.py] => Average Accuracy (CNN top1): 87.011
