2026-06-25 04:07:03,075 [trainer.py] => config: ./configs/CLG-CBM/CLG-CBM_food_B50_Inc10.json
2026-06-25 04:07:03,075 [trainer.py] => prefix: continual-CLIP
2026-06-25 04:07:03,075 [trainer.py] => dataset: food101
2026-06-25 04:07:03,075 [trainer.py] => memory_size: 0
2026-06-25 04:07:03,075 [trainer.py] => memory_per_class: 0
2026-06-25 04:07:03,075 [trainer.py] => fixed_memory: False
2026-06-25 04:07:03,075 [trainer.py] => shuffle: True
2026-06-25 04:07:03,075 [trainer.py] => init_cls: 50
2026-06-25 04:07:03,075 [trainer.py] => increment: 10
2026-06-25 04:07:03,075 [trainer.py] => model_name: CLG-CBM
2026-06-25 04:07:03,075 [trainer.py] => backbone_type: clip
2026-06-25 04:07:03,075 [trainer.py] => device: [device(type='cuda', index=1)]
2026-06-25 04:07:03,075 [trainer.py] => seed: 42
2026-06-25 04:07:03,076 [trainer.py] => sim: 1
2026-06-25 04:07:03,076 [trainer.py] => epochs: 30
2026-06-25 04:07:03,076 [trainer.py] => lr: 0.01
2026-06-25 04:07:03,076 [trainer.py] => FB_epoch: 60
2026-06-25 04:07:03,076 [trainer.py] => FB_epoch_inc: 60
2026-06-25 04:07:03,076 [trainer.py] => init_lr: 0.001
2026-06-25 04:07:03,076 [trainer.py] => pool: 10
2026-06-25 04:07:03,076 [trainer.py] => sg_num: 1
2026-06-25 04:07:03,076 [trainer.py] => milestones: [30, 40, 50]
2026-06-25 04:07:03,076 [trainer.py] => batch_size: 48
2026-06-25 04:07:03,076 [trainer.py] => division_power: 5
2026-06-25 04:07:03,076 [trainer.py] => linear_model: ['linear', 'bn', 'linear']
2026-06-25 04:07:03,076 [trainer.py] => score_model: ['bn', 'linear']
2026-06-25 04:07:03,076 [trainer.py] => regularizer: mahalanobis
2026-06-25 04:07:03,076 [trainer.py] => print_freq: 10
2026-06-25 04:07:03,076 [trainer.py] => repeat: False
2026-06-25 04:07:03,076 [trainer.py] => total_class_num: 100
2026-06-25 04:07:03,370 [data_manager.py] => [83, 53, 70, 45, 44, 39, 22, 80, 10, 0, 18, 30, 73, 33, 90, 4, 76, 77, 12, 31, 55, 88, 26, 42, 69, 15, 40, 96, 9, 72, 11, 47, 85, 28, 93, 5, 66, 65, 35, 16, 49, 34, 7, 95, 27, 19, 81, 25, 62, 13, 24, 3, 17, 38, 8, 78, 6, 64, 36, 89, 56, 99, 54, 43, 50, 67, 46, 68, 61, 97, 79, 41, 58, 48, 98, 57, 75, 32, 94, 59, 63, 84, 37, 29, 1, 52, 21, 2, 23, 87, 91, 74, 86, 82, 20, 60, 71, 14, 92, 51]
2026-06-25 04:07:03,539 [factory.py] => Loaded ViT-B-16 model config.
2026-06-25 04:07:05,366 [factory.py] => Loading pretrained ViT-B-16 weights (/home/team/zhaohongwei/pretrained_models/open_clip_pytorch_model_laion400m_e32.bin).
2026-06-25 04:07:06,278 [factory.py] => Loaded ViT-B-16 model config.
2026-06-25 04:07:08,048 [factory.py] => Loading pretrained ViT-B-16 weights (/home/team/zhaohongwei/pretrained_models/open_clip_pytorch_model_laion400m_e32.bin).
2026-06-25 04:07:09,347 [factory.py] => Loaded ViT-B-16 model config.
2026-06-25 04:07:10,969 [factory.py] => Loading pretrained ViT-B-16 weights (/home/team/zhaohongwei/pretrained_models/open_clip_pytorch_model_laion400m_e32.bin).
2026-06-25 04:07:11,766 [clg_cbm.py] => Learning on 0-50
2026-06-25 04:43:36,526 [trainer.py] => CNN: {'total': 91.8, '00-09': 90.19, '10-19': 93.89, '20-29': 91.89, '30-39': 90.97, '40-49': 92.17, 'old': 0, 'new': 91.8, 'harmonic': 0.0}
2026-06-25 04:43:36,526 [trainer.py] => CNN top1 curve: [91.8]
2026-06-25 04:43:36,526 [trainer.py] => CNN top5 curve: [98.59]
2026-06-25 04:43:36,526 [trainer.py] => Average Accuracy (CNN top1): 91.8
2026-06-25 04:43:36,526 [clg_cbm.py] => Learning on 50-60
2026-06-25 04:57:54,199 [trainer.py] => CNN: {'total': 86.78, '00-09': 83.38, '10-19': 87.38, '20-29': 85.57, '30-39': 86.52, '40-49': 83.45, '50-59': 94.57, 'old': 85.24, 'new': 94.57, 'harmonic': 89.66}
2026-06-25 04:57:54,199 [trainer.py] => CNN top1 curve: [91.8, 86.78]
2026-06-25 04:57:54,199 [trainer.py] => CNN top5 curve: [98.59, 97.19]
2026-06-25 04:57:54,200 [trainer.py] => Average Accuracy (CNN top1): 89.28999999999999
2026-06-25 04:57:54,200 [clg_cbm.py] => Learning on 60-70
2026-06-25 05:13:31,234 [trainer.py] => CNN: {'total': 86.65, '00-09': 84.78, '10-19': 86.3, '20-29': 85.87, '30-39': 86.81, '40-49': 85.63, '50-59': 85.97, '60-69': 91.24, 'old': 85.89, 'new': 91.24, 'harmonic': 88.48}
2026-06-25 05:13:31,234 [trainer.py] => CNN top1 curve: [91.8, 86.78, 86.65]
2026-06-25 05:13:31,234 [trainer.py] => CNN top5 curve: [98.59, 97.19, 97.03]
2026-06-25 05:13:31,234 [trainer.py] => Average Accuracy (CNN top1): 88.41000000000001
2026-06-25 05:13:31,234 [clg_cbm.py] => Learning on 70-80
2026-06-25 05:30:57,229 [trainer.py] => CNN: {'total': 85.28, '00-09': 81.93, '10-19': 87.02, '20-29': 85.87, '30-39': 85.27, '40-49': 84.09, '50-59': 83.15, '60-69': 83.76, '70-79': 91.55, 'old': 84.42, 'new': 91.55, 'harmonic': 87.84}
2026-06-25 05:30:57,229 [trainer.py] => CNN top1 curve: [91.8, 86.78, 86.65, 85.28]
2026-06-25 05:30:57,229 [trainer.py] => CNN top5 curve: [98.59, 97.19, 97.03, 96.57]
2026-06-25 05:30:57,229 [trainer.py] => Average Accuracy (CNN top1): 87.6275
2026-06-25 05:30:57,229 [clg_cbm.py] => Learning on 80-90
2026-06-25 05:49:56,076 [trainer.py] => CNN: {'total': 84.41, '00-09': 80.58, '10-19': 84.97, '20-29': 85.06, '30-39': 81.84, '40-49': 84.99, '50-59': 85.46, '60-69': 83.52, '70-79': 83.36, '80-89': 90.22, 'old': 83.69, 'new': 90.22, 'harmonic': 86.83}
2026-06-25 05:49:56,076 [trainer.py] => CNN top1 curve: [91.8, 86.78, 86.65, 85.28, 84.41]
2026-06-25 05:49:56,076 [trainer.py] => CNN top5 curve: [98.59, 97.19, 97.03, 96.57, 96.61]
2026-06-25 05:49:56,076 [trainer.py] => Average Accuracy (CNN top1): 86.984
2026-06-25 05:49:56,077 [clg_cbm.py] => Learning on 90-100
2026-06-25 06:10:38,528 [trainer.py] => CNN: {'total': 83.25, '00-09': 79.28, '10-19': 84.56, '20-29': 84.91, '30-39': 80.48, '40-49': 82.31, '50-59': 82.14, '60-69': 81.87, '70-79': 83.2, '80-89': 82.59, '90-99': 91.19, 'old': 82.34, 'new': 91.19, 'harmonic': 86.54}
2026-06-25 06:10:38,529 [trainer.py] => CNN top1 curve: [91.8, 86.78, 86.65, 85.28, 84.41, 83.25]
2026-06-25 06:10:38,529 [trainer.py] => CNN top5 curve: [98.59, 97.19, 97.03, 96.57, 96.61, 95.78]
2026-06-25 06:10:38,529 [trainer.py] => Average Accuracy (CNN top1): 86.36166666666666
