2026-06-18 19:30:43,140 [trainer.py] => config: ./configs/CLG-CBM/CLG-CBM_objectnet_B100_Inc20.json
2026-06-18 19:30:43,140 [trainer.py] => prefix: continual-CLIP
2026-06-18 19:30:43,140 [trainer.py] => dataset: objectnet
2026-06-18 19:30:43,140 [trainer.py] => memory_size: 0
2026-06-18 19:30:43,140 [trainer.py] => memory_per_class: 0
2026-06-18 19:30:43,140 [trainer.py] => fixed_memory: False
2026-06-18 19:30:43,140 [trainer.py] => shuffle: True
2026-06-18 19:30:43,140 [trainer.py] => init_cls: 100
2026-06-18 19:30:43,140 [trainer.py] => increment: 20
2026-06-18 19:30:43,140 [trainer.py] => model_name: CLG-CBM
2026-06-18 19:30:43,140 [trainer.py] => backbone_type: clip
2026-06-18 19:30:43,140 [trainer.py] => device: [device(type='cuda', index=6)]
2026-06-18 19:30:43,140 [trainer.py] => seed: 42
2026-06-18 19:30:43,140 [trainer.py] => sim: 1
2026-06-18 19:30:43,140 [trainer.py] => epochs: 30
2026-06-18 19:30:43,140 [trainer.py] => lr: 0.01
2026-06-18 19:30:43,141 [trainer.py] => FB_epoch: 60
2026-06-18 19:30:43,141 [trainer.py] => FB_epoch_inc: 60
2026-06-18 19:30:43,141 [trainer.py] => init_lr: 0.001
2026-06-18 19:30:43,141 [trainer.py] => pool: 10
2026-06-18 19:30:43,141 [trainer.py] => sg_num: 1
2026-06-18 19:30:43,141 [trainer.py] => milestones: [30, 40, 50]
2026-06-18 19:30:43,141 [trainer.py] => batch_size: 48
2026-06-18 19:30:43,141 [trainer.py] => division_power: 5
2026-06-18 19:30:43,141 [trainer.py] => linear_model: ['linear', 'bn', 'linear']
2026-06-18 19:30:43,141 [trainer.py] => score_model: ['bn', 'linear']
2026-06-18 19:30:43,141 [trainer.py] => regularizer: mahalanobis
2026-06-18 19:30:43,141 [trainer.py] => print_freq: 10
2026-06-18 19:30:43,141 [trainer.py] => repeat: False
2026-06-18 19:30:43,141 [trainer.py] => total_class_num: 200
2026-06-18 19:30:43,286 [data_manager.py] => [95, 15, 30, 158, 128, 115, 69, 170, 174, 45, 66, 182, 165, 78, 186, 177, 56, 152, 82, 68, 124, 16, 148, 93, 65, 60, 84, 67, 125, 132, 9, 18, 55, 75, 150, 104, 135, 137, 164, 76, 79, 197, 38, 24, 122, 195, 29, 19, 143, 86, 114, 173, 5, 126, 117, 73, 140, 98, 172, 96, 169, 97, 31, 12, 35, 119, 42, 189, 90, 136, 51, 127, 162, 41, 118, 113, 26, 139, 100, 111, 2, 77, 46, 187, 191, 85, 161, 36, 190, 61, 22, 141, 101, 33, 11, 194, 159, 6, 27, 120, 4, 32, 142, 145, 109, 144, 10, 62, 112, 146, 166, 0, 198, 153, 70, 123, 64, 44, 163, 28, 40, 108, 155, 156, 25, 23, 184, 147, 81, 39, 168, 47, 94, 154, 43, 138, 3, 105, 53, 133, 180, 178, 185, 49, 80, 34, 7, 110, 91, 83, 176, 181, 89, 8, 13, 59, 171, 131, 17, 72, 175, 134, 167, 183, 63, 54, 107, 50, 196, 58, 48, 88, 21, 57, 160, 192, 129, 37, 157, 193, 1, 52, 149, 130, 151, 103, 99, 116, 87, 74, 121, 199, 20, 188, 71, 106, 14, 92, 179, 102]
2026-06-18 19:30:43,404 [factory.py] => Loaded ViT-B-16 model config.
2026-06-18 19:30:45,094 [factory.py] => Loading pretrained ViT-B-16 weights (/home/team/zhaohongwei/pretrained_models/open_clip_pytorch_model_laion400m_e32.bin).
2026-06-18 19:30:45,924 [factory.py] => Loaded ViT-B-16 model config.
2026-06-18 19:30:48,005 [factory.py] => Loading pretrained ViT-B-16 weights (/home/team/zhaohongwei/pretrained_models/open_clip_pytorch_model_laion400m_e32.bin).
2026-06-18 19:30:49,249 [factory.py] => Loaded ViT-B-16 model config.
2026-06-18 19:30:50,930 [factory.py] => Loading pretrained ViT-B-16 weights (/home/team/zhaohongwei/pretrained_models/open_clip_pytorch_model_laion400m_e32.bin).
2026-06-18 19:30:51,523 [CLG-CBM.py] => Learning on 0-100
2026-06-18 21:19:04,333 [trainer.py] => CNN: {'total': 53.77, '00-09': 52.73, '10-19': 54.84, '20-29': 60.0, '30-39': 51.82, '40-49': 50.56, '50-59': 57.28, '60-69': 50.66, '70-79': 59.22, '80-89': 46.41, '90-99': 54.27, 'old': 0, 'new': 53.77, 'harmonic': 0.0}
2026-06-18 21:19:04,333 [trainer.py] => CNN top1 curve: [53.77]
2026-06-18 21:19:04,333 [trainer.py] => CNN top5 curve: [80.44]
2026-06-18 21:19:04,334 [trainer.py] => Average Accuracy (CNN top1): 53.77
2026-06-18 21:19:04,334 [CLG-CBM.py] => Learning on 100-120
2026-06-18 21:48:49,766 [trainer.py] => CNN: {'total': 50.67, '00-09': 53.38, '10-19': 53.23, '20-29': 60.87, '30-39': 47.52, '40-49': 46.67, '50-59': 49.23, '60-69': 50.0, '70-79': 52.1, '80-89': 44.61, '90-99': 49.31, '100-109': 47.32, '110-119': 53.8, 'old': 50.67, 'new': 50.65, 'harmonic': 50.66}
2026-06-18 21:48:49,767 [trainer.py] => CNN top1 curve: [53.77, 50.67]
2026-06-18 21:48:49,767 [trainer.py] => CNN top5 curve: [80.44, 75.94]
2026-06-18 21:48:49,768 [trainer.py] => Average Accuracy (CNN top1): 52.22
2026-06-18 21:48:49,768 [CLG-CBM.py] => Learning on 120-140
2026-06-18 22:19:14,744 [trainer.py] => CNN: {'total': 47.82, '00-09': 50.16, '10-19': 51.61, '20-29': 57.97, '30-39': 46.53, '40-49': 40.83, '50-59': 48.92, '60-69': 50.66, '70-79': 49.51, '80-89': 44.31, '90-99': 46.01, '100-109': 45.83, '110-119': 53.24, '120-129': 32.46, '130-139': 52.8, 'old': 48.75, 'new': 42.32, 'harmonic': 45.31}
2026-06-18 22:19:14,744 [trainer.py] => CNN top1 curve: [53.77, 50.67, 47.82]
2026-06-18 22:19:14,744 [trainer.py] => CNN top5 curve: [80.44, 75.94, 73.73]
2026-06-18 22:19:14,744 [trainer.py] => Average Accuracy (CNN top1): 50.75333333333333
2026-06-18 22:19:14,744 [CLG-CBM.py] => Learning on 140-160
2026-06-18 22:49:50,438 [trainer.py] => CNN: {'total': 47.37, '00-09': 48.23, '10-19': 46.45, '20-29': 60.0, '30-39': 43.89, '40-49': 44.17, '50-59': 45.82, '60-69': 50.99, '70-79': 47.9, '80-89': 44.31, '90-99': 42.7, '100-109': 52.08, '110-119': 52.96, '120-129': 40.35, '130-139': 47.52, '140-149': 47.97, '150-159': 42.37, 'old': 47.67, 'new': 45.26, 'harmonic': 46.43}
2026-06-18 22:49:50,438 [trainer.py] => CNN top1 curve: [53.77, 50.67, 47.82, 47.37]
2026-06-18 22:49:50,438 [trainer.py] => CNN top5 curve: [80.44, 75.94, 73.73, 72.87]
2026-06-18 22:49:50,438 [trainer.py] => Average Accuracy (CNN top1): 49.9075
2026-06-18 22:49:50,439 [CLG-CBM.py] => Learning on 160-180
2026-06-18 23:20:47,993 [trainer.py] => CNN: {'total': 45.36, '00-09': 45.98, '10-19': 50.32, '20-29': 56.23, '30-39': 43.89, '40-49': 37.5, '50-59': 45.51, '60-69': 48.68, '70-79': 47.25, '80-89': 45.81, '90-99': 42.15, '100-109': 45.83, '110-119': 49.86, '120-129': 33.63, '130-139': 47.52, '140-149': 50.58, '150-159': 42.68, '160-169': 41.67, '170-179': 42.45, 'old': 45.78, 'new': 42.07, 'harmonic': 43.85}
2026-06-18 23:20:47,993 [trainer.py] => CNN top1 curve: [53.77, 50.67, 47.82, 47.37, 45.36]
2026-06-18 23:20:47,993 [trainer.py] => CNN top5 curve: [80.44, 75.94, 73.73, 72.87, 71.23]
2026-06-18 23:20:47,993 [trainer.py] => Average Accuracy (CNN top1): 48.998000000000005
2026-06-18 23:20:47,993 [CLG-CBM.py] => Learning on 180-200
2026-06-18 23:52:13,337 [trainer.py] => CNN: {'total': 44.58, '00-09': 46.95, '10-19': 42.58, '20-29': 54.78, '30-39': 43.89, '40-49': 42.78, '50-59': 42.11, '60-69': 48.03, '70-79': 45.63, '80-89': 38.62, '90-99': 44.63, '100-109': 44.64, '110-119': 48.45, '120-129': 37.13, '130-139': 49.38, '140-149': 46.8, '150-159': 39.88, '160-169': 45.37, '170-179': 43.02, '180-189': 41.67, '190-199': 45.24, 'old': 44.7, 'new': 43.52, 'harmonic': 44.1}
2026-06-18 23:52:13,338 [trainer.py] => CNN top1 curve: [53.77, 50.67, 47.82, 47.37, 45.36, 44.58]
2026-06-18 23:52:13,338 [trainer.py] => CNN top5 curve: [80.44, 75.94, 73.73, 72.87, 71.23, 70.07]
2026-06-18 23:52:13,338 [trainer.py] => Average Accuracy (CNN top1): 48.26166666666666
