2026-06-18 10:07:24,351 [trainer.py] => config: ./configs/CLG-CBM/CLG-CBM_objectnet_B0_Inc20.json
2026-06-18 10:07:24,351 [trainer.py] => prefix: continual-CLIP
2026-06-18 10:07:24,351 [trainer.py] => dataset: objectnet
2026-06-18 10:07:24,352 [trainer.py] => memory_size: 0
2026-06-18 10:07:24,352 [trainer.py] => memory_per_class: 0
2026-06-18 10:07:24,352 [trainer.py] => fixed_memory: False
2026-06-18 10:07:24,352 [trainer.py] => shuffle: True
2026-06-18 10:07:24,352 [trainer.py] => init_cls: 20
2026-06-18 10:07:24,352 [trainer.py] => increment: 20
2026-06-18 10:07:24,352 [trainer.py] => model_name: CLG-CBM
2026-06-18 10:07:24,352 [trainer.py] => backbone_type: clip
2026-06-18 10:07:24,352 [trainer.py] => device: [device(type='cuda', index=6)]
2026-06-18 10:07:24,352 [trainer.py] => seed: 2026
2026-06-18 10:07:24,352 [trainer.py] => sim: 1
2026-06-18 10:07:24,352 [trainer.py] => epochs: 30
2026-06-18 10:07:24,352 [trainer.py] => lr: 0.01
2026-06-18 10:07:24,352 [trainer.py] => FB_epoch: 60
2026-06-18 10:07:24,352 [trainer.py] => FB_epoch_inc: 60
2026-06-18 10:07:24,352 [trainer.py] => init_lr: 0.001
2026-06-18 10:07:24,352 [trainer.py] => pool: 10
2026-06-18 10:07:24,352 [trainer.py] => sg_num: 1
2026-06-18 10:07:24,352 [trainer.py] => milestones: [30, 40, 50]
2026-06-18 10:07:24,352 [trainer.py] => batch_size: 48
2026-06-18 10:07:24,352 [trainer.py] => division_power: 5
2026-06-18 10:07:24,352 [trainer.py] => linear_model: ['linear', 'bn', 'linear']
2026-06-18 10:07:24,352 [trainer.py] => score_model: ['bn', 'linear']
2026-06-18 10:07:24,352 [trainer.py] => regularizer: mahalanobis
2026-06-18 10:07:24,352 [trainer.py] => print_freq: 10
2026-06-18 10:07:24,352 [trainer.py] => repeat: False
2026-06-18 10:07:24,352 [trainer.py] => total_class_num: 200
2026-06-18 10:07:24,476 [data_manager.py] => [115, 91, 15, 57, 123, 5, 193, 196, 88, 185, 191, 168, 90, 80, 106, 146, 188, 118, 44, 151, 24, 56, 42, 127, 113, 119, 197, 194, 99, 12, 65, 71, 131, 6, 46, 186, 126, 31, 117, 30, 110, 82, 102, 165, 11, 76, 53, 138, 199, 18, 163, 149, 84, 133, 170, 189, 52, 104, 45, 114, 41, 23, 160, 171, 172, 169, 177, 142, 94, 50, 128, 39, 59, 120, 107, 162, 124, 9, 74, 198, 62, 174, 166, 122, 141, 81, 10, 63, 176, 100, 136, 187, 129, 16, 72, 147, 54, 0, 98, 150, 92, 155, 4, 167, 125, 97, 153, 8, 83, 159, 85, 86, 13, 34, 173, 93, 180, 33, 21, 132, 190, 87, 121, 108, 103, 145, 37, 158, 69, 89, 2, 19, 67, 175, 51, 78, 43, 64, 66, 143, 61, 20, 144, 154, 183, 14, 140, 139, 75, 79, 22, 58, 101, 109, 32, 178, 73, 164, 55, 35, 49, 152, 137, 36, 3, 40, 70, 95, 105, 181, 157, 47, 192, 17, 60, 112, 68, 25, 38, 48, 161, 148, 111, 135, 96, 7, 27, 182, 130, 28, 179, 156, 116, 29, 195, 77, 184, 26, 134, 1]
2026-06-18 10:07:24,617 [factory.py] => Loaded ViT-B-16 model config.
2026-06-18 10:07:26,697 [factory.py] => Loading pretrained ViT-B-16 weights (/home/team/zhaohongwei/pretrained_models/open_clip_pytorch_model_laion400m_e32.bin).
2026-06-18 10:07:27,455 [factory.py] => Loaded ViT-B-16 model config.
2026-06-18 10:07:29,464 [factory.py] => Loading pretrained ViT-B-16 weights (/home/team/zhaohongwei/pretrained_models/open_clip_pytorch_model_laion400m_e32.bin).
2026-06-18 10:07:30,686 [factory.py] => Loaded ViT-B-16 model config.
2026-06-18 10:07:32,181 [factory.py] => Loading pretrained ViT-B-16 weights (/home/team/zhaohongwei/pretrained_models/open_clip_pytorch_model_laion400m_e32.bin).
2026-06-18 10:07:33,055 [CLG-CBM.py] => Learning on 0-20
2026-06-18 10:35:33,294 [trainer.py] => CNN: {'total': 73.55, '00-09': 76.78, '10-19': 70.39, 'old': 0, 'new': 73.55, 'harmonic': 0.0}
2026-06-18 10:35:33,295 [trainer.py] => CNN top1 curve: [73.55]
2026-06-18 10:35:33,295 [trainer.py] => CNN top5 curve: [95.26]
2026-06-18 10:35:33,295 [trainer.py] => Average Accuracy (CNN top1): 73.55
2026-06-18 10:35:33,295 [CLG-CBM.py] => Learning on 20-40
2026-06-18 11:02:52,185 [trainer.py] => CNN: {'total': 62.18, '00-09': 70.28, '10-19': 59.82, '20-29': 60.0, '30-39': 58.7, 'old': 64.98, 'new': 59.35, 'harmonic': 62.04}
2026-06-18 11:02:52,186 [trainer.py] => CNN top1 curve: [73.55, 62.18]
2026-06-18 11:02:52,186 [trainer.py] => CNN top5 curve: [95.26, 83.78]
2026-06-18 11:02:52,186 [trainer.py] => Average Accuracy (CNN top1): 67.865
2026-06-18 11:02:52,187 [CLG-CBM.py] => Learning on 40-60
2026-06-18 11:31:19,426 [trainer.py] => CNN: {'total': 59.71, '00-09': 65.63, '10-19': 53.17, '20-29': 58.46, '30-39': 52.17, '40-49': 64.52, '50-59': 64.33, 'old': 57.34, 'new': 64.43, 'harmonic': 60.68}
2026-06-18 11:31:19,427 [trainer.py] => CNN top1 curve: [73.55, 62.18, 59.71]
2026-06-18 11:31:19,427 [trainer.py] => CNN top5 curve: [95.26, 83.78, 82.06]
2026-06-18 11:31:19,427 [trainer.py] => Average Accuracy (CNN top1): 65.14666666666666
2026-06-18 11:31:19,427 [CLG-CBM.py] => Learning on 60-80
2026-06-18 12:02:18,579 [trainer.py] => CNN: {'total': 55.96, '00-09': 61.92, '10-19': 51.96, '20-29': 55.69, '30-39': 48.45, '40-49': 51.61, '50-59': 58.28, '60-69': 59.74, '70-79': 60.41, 'old': 54.6, 'new': 60.09, 'harmonic': 57.21}
2026-06-18 12:02:18,579 [trainer.py] => CNN top1 curve: [73.55, 62.18, 59.71, 55.96]
2026-06-18 12:02:18,579 [trainer.py] => CNN top5 curve: [95.26, 83.78, 82.06, 79.12]
2026-06-18 12:02:18,579 [trainer.py] => Average Accuracy (CNN top1): 62.85
2026-06-18 12:02:18,580 [CLG-CBM.py] => Learning on 80-100
2026-06-18 12:30:58,654 [trainer.py] => CNN: {'total': 54.06, '00-09': 56.97, '10-19': 51.36, '20-29': 53.85, '30-39': 48.76, '40-49': 55.72, '50-59': 50.64, '60-69': 57.43, '70-79': 52.2, '80-89': 59.28, '90-99': 54.95, 'old': 53.35, 'new': 57.17, 'harmonic': 55.19}
2026-06-18 12:30:58,654 [trainer.py] => CNN top1 curve: [73.55, 62.18, 59.71, 55.96, 54.06]
2026-06-18 12:30:58,655 [trainer.py] => CNN top5 curve: [95.26, 83.78, 82.06, 79.12, 77.25]
2026-06-18 12:30:58,655 [trainer.py] => Average Accuracy (CNN top1): 61.092000000000006
2026-06-18 12:30:58,655 [CLG-CBM.py] => Learning on 100-120
2026-06-18 13:00:38,138 [trainer.py] => CNN: {'total': 52.85, '00-09': 59.75, '10-19': 47.73, '20-29': 49.85, '30-39': 45.96, '40-49': 51.61, '50-59': 50.32, '60-69': 57.1, '70-79': 53.96, '80-89': 64.5, '90-99': 52.56, '100-109': 50.15, '110-119': 51.78, 'old': 53.25, 'new': 50.96, 'harmonic': 52.08}
2026-06-18 13:00:38,139 [trainer.py] => CNN top1 curve: [73.55, 62.18, 59.71, 55.96, 54.06, 52.85]
2026-06-18 13:00:38,139 [trainer.py] => CNN top5 curve: [95.26, 83.78, 82.06, 79.12, 77.25, 75.61]
2026-06-18 13:00:38,139 [trainer.py] => Average Accuracy (CNN top1): 59.71833333333334
2026-06-18 13:00:38,139 [CLG-CBM.py] => Learning on 120-140
2026-06-18 13:31:27,509 [trainer.py] => CNN: {'total': 49.85, '00-09': 55.11, '10-19': 45.02, '20-29': 47.69, '30-39': 43.48, '40-49': 51.03, '50-59': 48.73, '60-69': 52.81, '70-79': 52.79, '80-89': 58.31, '90-99': 51.54, '100-109': 47.8, '110-119': 47.34, '120-129': 42.81, '130-139': 53.32, 'old': 50.06, 'new': 48.65, 'harmonic': 49.34}
2026-06-18 13:31:27,510 [trainer.py] => CNN top1 curve: [73.55, 62.18, 59.71, 55.96, 54.06, 52.85, 49.85]
2026-06-18 13:31:27,510 [trainer.py] => CNN top5 curve: [95.26, 83.78, 82.06, 79.12, 77.25, 75.61, 74.83]
2026-06-18 13:31:27,510 [trainer.py] => Average Accuracy (CNN top1): 58.30857142857144
2026-06-18 13:31:27,510 [CLG-CBM.py] => Learning on 140-160
2026-06-18 14:03:43,916 [trainer.py] => CNN: {'total': 49.34, '00-09': 52.32, '10-19': 43.5, '20-29': 49.23, '30-39': 40.68, '40-49': 52.49, '50-59': 45.86, '60-69': 56.77, '70-79': 50.73, '80-89': 58.96, '90-99': 52.9, '100-109': 46.33, '110-119': 49.11, '120-129': 43.77, '130-139': 55.1, '140-149': 48.28, '150-159': 43.55, 'old': 49.85, 'new': 45.7, 'harmonic': 47.68}
2026-06-18 14:03:43,917 [trainer.py] => CNN top1 curve: [73.55, 62.18, 59.71, 55.96, 54.06, 52.85, 49.85, 49.34]
2026-06-18 14:03:43,917 [trainer.py] => CNN top5 curve: [95.26, 83.78, 82.06, 79.12, 77.25, 75.61, 74.83, 73.12]
2026-06-18 14:03:43,917 [trainer.py] => Average Accuracy (CNN top1): 57.187500000000014
2026-06-18 14:03:43,917 [CLG-CBM.py] => Learning on 160-180
2026-06-18 14:36:32,588 [trainer.py] => CNN: {'total': 46.81, '00-09': 49.85, '10-19': 44.71, '20-29': 47.08, '30-39': 42.55, '40-49': 50.44, '50-59': 45.22, '60-69': 54.13, '70-79': 51.03, '80-89': 55.05, '90-99': 46.76, '100-109': 48.68, '110-119': 46.15, '120-129': 39.3, '130-139': 53.06, '140-149': 49.31, '150-159': 39.54, '160-169': 41.82, '170-179': 39.05, 'old': 47.69, 'new': 40.34, 'harmonic': 43.71}
2026-06-18 14:36:32,588 [trainer.py] => CNN top1 curve: [73.55, 62.18, 59.71, 55.96, 54.06, 52.85, 49.85, 49.34, 46.81]
2026-06-18 14:36:32,588 [trainer.py] => CNN top5 curve: [95.26, 83.78, 82.06, 79.12, 77.25, 75.61, 74.83, 73.12, 71.21]
2026-06-18 14:36:32,589 [trainer.py] => Average Accuracy (CNN top1): 56.03444444444446
2026-06-18 14:36:32,589 [CLG-CBM.py] => Learning on 180-200
2026-06-18 15:11:11,268 [trainer.py] => CNN: {'total': 44.43, '00-09': 52.63, '10-19': 40.18, '20-29': 45.23, '30-39': 40.06, '40-49': 50.15, '50-59': 42.68, '60-69': 53.47, '70-79': 48.39, '80-89': 53.42, '90-99': 46.42, '100-109': 45.16, '110-119': 43.79, '120-129': 35.14, '130-139': 48.98, '140-149': 41.03, '150-159': 38.11, '160-169': 42.12, '170-179': 44.33, '180-189': 47.88, '190-199': 28.3, 'old': 45.08, 'new': 38.94, 'harmonic': 41.79}
2026-06-18 15:11:11,268 [trainer.py] => CNN top1 curve: [73.55, 62.18, 59.71, 55.96, 54.06, 52.85, 49.85, 49.34, 46.81, 44.43]
2026-06-18 15:11:11,268 [trainer.py] => CNN top5 curve: [95.26, 83.78, 82.06, 79.12, 77.25, 75.61, 74.83, 73.12, 71.21, 69.99]
2026-06-18 15:11:11,268 [trainer.py] => Average Accuracy (CNN top1): 54.87400000000001
