2026-06-18 23:52:13,356 [trainer.py] => config: ./configs/CLG-CBM/CLG-CBM_objectnet_B100_Inc20.json
2026-06-18 23:52:13,356 [trainer.py] => prefix: continual-CLIP
2026-06-18 23:52:13,356 [trainer.py] => dataset: objectnet
2026-06-18 23:52:13,356 [trainer.py] => memory_size: 0
2026-06-18 23:52:13,356 [trainer.py] => memory_per_class: 0
2026-06-18 23:52:13,356 [trainer.py] => fixed_memory: False
2026-06-18 23:52:13,356 [trainer.py] => shuffle: True
2026-06-18 23:52:13,356 [trainer.py] => init_cls: 100
2026-06-18 23:52:13,356 [trainer.py] => increment: 20
2026-06-18 23:52:13,356 [trainer.py] => model_name: CLG-CBM
2026-06-18 23:52:13,356 [trainer.py] => backbone_type: clip
2026-06-18 23:52:13,357 [trainer.py] => device: [device(type='cuda', index=6)]
2026-06-18 23:52:13,357 [trainer.py] => seed: 1993
2026-06-18 23:52:13,357 [trainer.py] => sim: 1
2026-06-18 23:52:13,357 [trainer.py] => epochs: 30
2026-06-18 23:52:13,357 [trainer.py] => lr: 0.01
2026-06-18 23:52:13,357 [trainer.py] => FB_epoch: 60
2026-06-18 23:52:13,357 [trainer.py] => FB_epoch_inc: 60
2026-06-18 23:52:13,357 [trainer.py] => init_lr: 0.001
2026-06-18 23:52:13,357 [trainer.py] => pool: 10
2026-06-18 23:52:13,357 [trainer.py] => sg_num: 1
2026-06-18 23:52:13,357 [trainer.py] => milestones: [30, 40, 50]
2026-06-18 23:52:13,357 [trainer.py] => batch_size: 48
2026-06-18 23:52:13,357 [trainer.py] => division_power: 5
2026-06-18 23:52:13,357 [trainer.py] => linear_model: ['linear', 'bn', 'linear']
2026-06-18 23:52:13,357 [trainer.py] => score_model: ['bn', 'linear']
2026-06-18 23:52:13,357 [trainer.py] => regularizer: mahalanobis
2026-06-18 23:52:13,357 [trainer.py] => print_freq: 10
2026-06-18 23:52:13,357 [trainer.py] => repeat: False
2026-06-18 23:52:13,357 [trainer.py] => total_class_num: 200
2026-06-18 23:52:13,465 [data_manager.py] => [168, 136, 51, 9, 183, 101, 171, 99, 42, 159, 191, 70, 16, 188, 27, 10, 175, 26, 68, 187, 98, 6, 85, 35, 112, 43, 100, 0, 103, 181, 88, 59, 4, 2, 116, 174, 94, 80, 106, 1, 147, 17, 141, 131, 72, 23, 173, 54, 197, 118, 87, 32, 79, 104, 91, 19, 135, 107, 178, 36, 11, 199, 142, 8, 122, 3, 28, 57, 153, 172, 190, 56, 49, 44, 97, 62, 151, 169, 194, 55, 192, 12, 189, 78, 66, 180, 15, 137, 109, 134, 92, 119, 126, 52, 170, 40, 148, 65, 144, 64, 138, 45, 77, 89, 154, 90, 71, 193, 74, 30, 113, 143, 96, 84, 67, 50, 186, 156, 69, 21, 18, 111, 108, 58, 125, 157, 150, 110, 182, 129, 166, 83, 81, 60, 13, 165, 14, 176, 63, 117, 5, 22, 145, 121, 38, 41, 82, 127, 114, 20, 31, 53, 37, 163, 196, 130, 152, 162, 86, 76, 24, 34, 184, 149, 33, 128, 198, 155, 146, 167, 139, 120, 140, 102, 47, 25, 158, 123, 46, 164, 61, 7, 115, 75, 133, 160, 105, 132, 179, 124, 48, 73, 93, 39, 95, 195, 29, 177, 185, 161]
2026-06-18 23:52:13,594 [factory.py] => Loaded ViT-B-16 model config.
2026-06-18 23:52:15,200 [factory.py] => Loading pretrained ViT-B-16 weights (/home/team/zhaohongwei/pretrained_models/open_clip_pytorch_model_laion400m_e32.bin).
2026-06-18 23:52:15,877 [factory.py] => Loaded ViT-B-16 model config.
2026-06-18 23:52:17,339 [factory.py] => Loading pretrained ViT-B-16 weights (/home/team/zhaohongwei/pretrained_models/open_clip_pytorch_model_laion400m_e32.bin).
2026-06-18 23:52:18,234 [factory.py] => Loaded ViT-B-16 model config.
2026-06-18 23:52:19,905 [factory.py] => Loading pretrained ViT-B-16 weights (/home/team/zhaohongwei/pretrained_models/open_clip_pytorch_model_laion400m_e32.bin).
2026-06-18 23:52:21,006 [CLG-CBM.py] => Learning on 0-100
2026-06-19 01:43:39,103 [trainer.py] => CNN: {'total': 56.67, '00-09': 63.44, '10-19': 63.64, '20-29': 49.38, '30-39': 58.99, '40-49': 61.16, '50-59': 57.84, '60-69': 52.75, '70-79': 47.13, '80-89': 47.45, '90-99': 62.13, 'old': 0, 'new': 56.67, 'harmonic': 0.0}
2026-06-19 01:43:39,104 [trainer.py] => CNN top1 curve: [56.67]
2026-06-19 01:43:39,104 [trainer.py] => CNN top5 curve: [81.9]
2026-06-19 01:43:39,104 [trainer.py] => Average Accuracy (CNN top1): 56.67
2026-06-19 01:43:39,104 [CLG-CBM.py] => Learning on 100-120
2026-06-19 02:13:33,589 [trainer.py] => CNN: {'total': 53.24, '00-09': 56.6, '10-19': 57.69, '20-29': 47.83, '30-39': 57.41, '40-49': 58.72, '50-59': 58.17, '60-69': 49.73, '70-79': 41.39, '80-89': 48.24, '90-99': 55.62, '100-109': 49.51, '110-119': 56.57, 'old': 53.21, 'new': 53.39, 'harmonic': 53.3}
2026-06-19 02:13:33,590 [trainer.py] => CNN top1 curve: [56.67, 53.24]
2026-06-19 02:13:33,590 [trainer.py] => CNN top5 curve: [81.9, 78.57]
2026-06-19 02:13:33,590 [trainer.py] => Average Accuracy (CNN top1): 54.955
2026-06-19 02:13:33,590 [CLG-CBM.py] => Learning on 120-140
2026-06-19 02:45:11,629 [trainer.py] => CNN: {'total': 51.53, '00-09': 53.3, '10-19': 60.14, '20-29': 49.38, '30-39': 58.36, '40-49': 59.33, '50-59': 55.56, '60-69': 51.37, '70-79': 43.2, '80-89': 44.71, '90-99': 54.14, '100-109': 53.44, '110-119': 48.53, '120-129': 45.03, '130-139': 45.2, 'old': 52.61, 'new': 45.11, 'harmonic': 48.57}
2026-06-19 02:45:11,630 [trainer.py] => CNN top1 curve: [56.67, 53.24, 51.53]
2026-06-19 02:45:11,630 [trainer.py] => CNN top5 curve: [81.9, 78.57, 76.28]
2026-06-19 02:45:11,631 [trainer.py] => Average Accuracy (CNN top1): 53.81333333333333
2026-06-19 02:45:11,631 [CLG-CBM.py] => Learning on 140-160
2026-06-19 03:15:49,349 [trainer.py] => CNN: {'total': 47.36, '00-09': 52.83, '10-19': 54.55, '20-29': 45.34, '30-39': 53.31, '40-49': 54.43, '50-59': 49.35, '60-69': 47.53, '70-79': 34.74, '80-89': 45.1, '90-99': 51.48, '100-109': 48.2, '110-119': 43.97, '120-129': 44.44, '130-139': 46.13, '140-149': 38.87, '150-159': 48.34, 'old': 47.97, 'new': 43.54, 'harmonic': 45.65}
2026-06-19 03:15:49,349 [trainer.py] => CNN top1 curve: [56.67, 53.24, 51.53, 47.36]
2026-06-19 03:15:49,350 [trainer.py] => CNN top5 curve: [81.9, 78.57, 76.28, 73.39]
2026-06-19 03:15:49,350 [trainer.py] => Average Accuracy (CNN top1): 52.2
2026-06-19 03:15:49,350 [CLG-CBM.py] => Learning on 160-180
2026-06-19 03:47:06,826 [trainer.py] => CNN: {'total': 46.11, '00-09': 51.42, '10-19': 55.59, '20-29': 43.79, '30-39': 54.26, '40-49': 51.68, '50-59': 44.44, '60-69': 48.9, '70-79': 35.65, '80-89': 42.75, '90-99': 49.41, '100-109': 49.18, '110-119': 49.06, '120-129': 44.15, '130-139': 47.99, '140-149': 37.0, '150-159': 40.06, '160-169': 41.64, '170-179': 43.33, 'old': 46.54, 'new': 42.45, 'harmonic': 44.4}
2026-06-19 03:47:06,826 [trainer.py] => CNN top1 curve: [56.67, 53.24, 51.53, 47.36, 46.11]
2026-06-19 03:47:06,826 [trainer.py] => CNN top5 curve: [81.9, 78.57, 76.28, 73.39, 72.13]
2026-06-19 03:47:06,826 [trainer.py] => Average Accuracy (CNN top1): 50.982000000000006
2026-06-19 03:47:06,826 [CLG-CBM.py] => Learning on 180-200
2026-06-19 04:20:36,338 [trainer.py] => CNN: {'total': 43.39, '00-09': 47.41, '10-19': 53.85, '20-29': 37.27, '30-39': 51.74, '40-49': 50.76, '50-59': 47.39, '60-69': 50.0, '70-79': 37.46, '80-89': 42.75, '90-99': 52.07, '100-109': 45.25, '110-119': 42.36, '120-129': 39.47, '130-139': 45.51, '140-149': 34.85, '150-159': 39.5, '160-169': 38.91, '170-179': 37.33, '180-189': 39.72, '190-199': 35.71, 'old': 44.04, 'new': 37.48, 'harmonic': 40.5}
2026-06-19 04:20:36,338 [trainer.py] => CNN top1 curve: [56.67, 53.24, 51.53, 47.36, 46.11, 43.39]
2026-06-19 04:20:36,338 [trainer.py] => CNN top5 curve: [81.9, 78.57, 76.28, 73.39, 72.13, 69.31]
2026-06-19 04:20:36,338 [trainer.py] => Average Accuracy (CNN top1): 49.71666666666667
