2026-06-24 09:44:18,339 [trainer.py] => config: ./configs/CLG-CBM/CLG-CBM_sun_B150_Inc30.json
2026-06-24 09:44:18,339 [trainer.py] => prefix: continual-CLIP
2026-06-24 09:44:18,339 [trainer.py] => dataset: sun
2026-06-24 09:44:18,339 [trainer.py] => memory_size: 0
2026-06-24 09:44:18,339 [trainer.py] => memory_per_class: 0
2026-06-24 09:44:18,339 [trainer.py] => fixed_memory: False
2026-06-24 09:44:18,339 [trainer.py] => shuffle: True
2026-06-24 09:44:18,339 [trainer.py] => init_cls: 150
2026-06-24 09:44:18,339 [trainer.py] => increment: 30
2026-06-24 09:44:18,339 [trainer.py] => model_name: CLG-CBM
2026-06-24 09:44:18,339 [trainer.py] => backbone_type: clip
2026-06-24 09:44:18,339 [trainer.py] => device: [device(type='cuda', index=5)]
2026-06-24 09:44:18,339 [trainer.py] => seed: 1993
2026-06-24 09:44:18,339 [trainer.py] => sim: 1
2026-06-24 09:44:18,340 [trainer.py] => epochs: 30
2026-06-24 09:44:18,340 [trainer.py] => lr: 0.01
2026-06-24 09:44:18,340 [trainer.py] => FB_epoch: 60
2026-06-24 09:44:18,340 [trainer.py] => FB_epoch_inc: 60
2026-06-24 09:44:18,340 [trainer.py] => init_lr: 0.001
2026-06-24 09:44:18,340 [trainer.py] => pool: 10
2026-06-24 09:44:18,340 [trainer.py] => sg_num: 1
2026-06-24 09:44:18,340 [trainer.py] => milestones: [30, 40, 50]
2026-06-24 09:44:18,340 [trainer.py] => batch_size: 48
2026-06-24 09:44:18,340 [trainer.py] => division_power: 5
2026-06-24 09:44:18,340 [trainer.py] => linear_model: ['linear', 'bn', 'linear']
2026-06-24 09:44:18,340 [trainer.py] => score_model: ['bn', 'linear']
2026-06-24 09:44:18,340 [trainer.py] => regularizer: mahalanobis
2026-06-24 09:44:18,340 [trainer.py] => print_freq: 10
2026-06-24 09:44:18,340 [trainer.py] => repeat: False
2026-06-24 09:44:18,340 [trainer.py] => total_class_num: 300
2026-06-24 09:44:18,756 [data_manager.py] => [169, 221, 146, 296, 92, 229, 49, 70, 126, 77, 243, 57, 120, 223, 27, 217, 154, 8, 101, 182, 54, 50, 97, 162, 28, 193, 79, 6, 151, 0, 173, 187, 44, 277, 157, 16, 257, 122, 35, 9, 171, 176, 134, 4, 87, 255, 112, 153, 246, 286, 147, 186, 107, 98, 10, 7, 266, 214, 36, 165, 139, 254, 103, 269, 59, 23, 298, 39, 73, 208, 135, 299, 102, 20, 12, 268, 11, 209, 161, 210, 74, 42, 56, 99, 235, 133, 159, 189, 145, 238, 215, 241, 138, 195, 233, 279, 88, 199, 64, 280, 26, 203, 17, 245, 174, 236, 137, 252, 80, 68, 181, 150, 118, 94, 75, 2, 109, 119, 232, 15, 69, 184, 201, 261, 55, 287, 273, 66, 175, 32, 142, 136, 116, 76, 179, 1, 91, 248, 275, 240, 290, 170, 132, 106, 265, 270, 85, 19, 284, 43, 259, 293, 228, 200, 104, 227, 51, 224, 163, 297, 216, 260, 93, 46, 100, 272, 105, 72, 131, 3, 156, 256, 249, 48, 113, 82, 172, 213, 62, 53, 271, 168, 253, 226, 183, 180, 276, 283, 78, 61, 143, 278, 30, 141, 196, 264, 231, 52, 222, 40, 125, 219, 65, 166, 192, 289, 45, 205, 89, 267, 90, 71, 167, 262, 281, 212, 96, 84, 127, 67, 294, 178, 288, 197, 21, 18, 111, 108, 58, 230, 188, 31, 110, 291, 129, 24, 204, 83, 81, 251, 60, 13, 128, 14, 86, 63, 117, 198, 274, 5, 22, 144, 258, 121, 38, 207, 148, 292, 41, 234, 237, 114, 202, 37, 149, 206, 155, 29, 130, 177, 194, 152, 34, 33, 239, 160, 140, 47, 244, 25, 282, 158, 211, 123, 190, 218, 164, 247, 263, 191, 220, 115, 242, 250, 124, 295, 95, 285, 225, 185]
2026-06-24 09:44:19,283 [factory.py] => Loaded ViT-B-16 model config.
2026-06-24 09:44:21,021 [factory.py] => Loading pretrained ViT-B-16 weights (/home/team/zhaohongwei/pretrained_models/open_clip_pytorch_model_laion400m_e32.bin).
2026-06-24 09:44:23,255 [factory.py] => Loaded ViT-B-16 model config.
2026-06-24 09:44:24,842 [factory.py] => Loading pretrained ViT-B-16 weights (/home/team/zhaohongwei/pretrained_models/open_clip_pytorch_model_laion400m_e32.bin).
2026-06-24 09:44:25,729 [factory.py] => Loaded ViT-B-16 model config.
2026-06-24 09:44:27,190 [factory.py] => Loading pretrained ViT-B-16 weights (/home/team/zhaohongwei/pretrained_models/open_clip_pytorch_model_laion400m_e32.bin).
2026-06-24 09:44:28,563 [clg_cbm.py] => Learning on 0-150
2026-06-24 10:41:16,768 [trainer.py] => CNN: {'total': 88.65, '00-09': 87.3, '10-19': 89.23, '20-29': 84.8, '30-39': 89.49, '40-49': 90.34, '50-59': 90.34, '60-69': 90.3, '70-79': 93.6, '80-89': 93.38, '90-99': 83.25, '100-109': 83.0, '110-119': 89.11, '120-129': 85.39, '130-139': 88.15, '140-149': 90.6, 'old': 0, 'new': 88.65, 'harmonic': 0.0}
2026-06-24 10:41:16,768 [trainer.py] => CNN top1 curve: [88.65]
2026-06-24 10:41:16,768 [trainer.py] => CNN top5 curve: [99.16]
2026-06-24 10:41:16,768 [trainer.py] => Average Accuracy (CNN top1): 88.65
2026-06-24 10:41:16,768 [clg_cbm.py] => Learning on 150-180
2026-06-24 11:06:01,769 [trainer.py] => CNN: {'total': 83.54, '00-09': 80.88, '10-19': 82.68, '20-29': 77.06, '30-39': 82.13, '40-49': 82.09, '50-59': 86.7, '60-69': 81.83, '70-79': 85.12, '80-89': 84.21, '90-99': 81.98, '100-109': 79.4, '110-119': 81.06, '120-129': 77.57, '130-139': 78.15, '140-149': 87.46, '150-159': 93.82, '160-169': 88.61, '170-179': 93.74, 'old': 81.61, 'new': 91.62, 'harmonic': 86.33}
2026-06-24 11:06:01,770 [trainer.py] => CNN top1 curve: [88.65, 83.54]
2026-06-24 11:06:01,770 [trainer.py] => CNN top5 curve: [99.16, 98.24]
2026-06-24 11:06:01,770 [trainer.py] => Average Accuracy (CNN top1): 86.095
2026-06-24 11:06:01,770 [clg_cbm.py] => Learning on 180-210
2026-06-24 11:24:44,129 [trainer.py] => CNN: {'total': 81.96, '00-09': 75.08, '10-19': 77.87, '20-29': 71.3, '30-39': 83.94, '40-49': 80.15, '50-59': 83.69, '60-69': 79.37, '70-79': 84.75, '80-89': 83.01, '90-99': 79.95, '100-109': 76.4, '110-119': 80.94, '120-129': 78.09, '130-139': 79.26, '140-149': 84.95, '150-159': 88.22, '160-169': 82.3, '170-179': 86.55, '180-189': 86.03, '190-199': 91.92, '200-209': 93.5, 'old': 80.74, 'new': 91.12, 'harmonic': 85.62}
2026-06-24 11:24:44,130 [trainer.py] => CNN top1 curve: [88.65, 83.54, 81.96]
2026-06-24 11:24:44,130 [trainer.py] => CNN top5 curve: [99.16, 98.24, 97.67]
2026-06-24 11:24:44,130 [trainer.py] => Average Accuracy (CNN top1): 84.71666666666665
2026-06-24 11:24:44,130 [clg_cbm.py] => Learning on 210-240
2026-06-24 11:49:27,172 [trainer.py] => CNN: {'total': 80.66, '00-09': 79.31, '10-19': 78.89, '20-29': 73.66, '30-39': 82.25, '40-49': 76.8, '50-59': 82.4, '60-69': 78.31, '70-79': 84.18, '80-89': 83.46, '90-99': 77.16, '100-109': 78.4, '110-119': 78.71, '120-129': 73.91, '130-139': 76.67, '140-149': 83.39, '150-159': 84.75, '160-169': 75.66, '170-179': 83.22, '180-189': 72.33, '190-199': 82.52, '200-209': 85.33, '210-219': 88.25, '220-229': 85.47, '230-239': 93.76, 'old': 79.49, 'new': 89.47, 'harmonic': 84.19}
2026-06-24 11:49:27,172 [trainer.py] => CNN top1 curve: [88.65, 83.54, 81.96, 80.66]
2026-06-24 11:49:27,172 [trainer.py] => CNN top5 curve: [99.16, 98.24, 97.67, 97.18]
2026-06-24 11:49:27,172 [trainer.py] => Average Accuracy (CNN top1): 83.70249999999999
2026-06-24 11:49:27,172 [clg_cbm.py] => Learning on 240-270
2026-06-24 12:16:12,410 [trainer.py] => CNN: {'total': 79.55, '00-09': 75.39, '10-19': 75.25, '20-29': 73.39, '30-39': 81.64, '40-49': 76.68, '50-59': 79.83, '60-69': 75.31, '70-79': 86.06, '80-89': 82.26, '90-99': 78.93, '100-109': 75.4, '110-119': 78.34, '120-129': 73.74, '130-139': 75.56, '140-149': 79.0, '150-159': 85.33, '160-169': 71.02, '170-179': 81.49, '180-189': 72.6, '190-199': 78.38, '200-209': 84.83, '210-219': 78.47, '220-229': 81.2, '230-239': 88.83, '240-249': 85.28, '250-259': 90.93, '260-269': 83.96, 'old': 78.56, 'new': 87.74, 'harmonic': 82.9}
2026-06-24 12:16:12,410 [trainer.py] => CNN top1 curve: [88.65, 83.54, 81.96, 80.66, 79.55]
2026-06-24 12:16:12,410 [trainer.py] => CNN top5 curve: [99.16, 98.24, 97.67, 97.18, 97.09]
2026-06-24 12:16:12,411 [trainer.py] => Average Accuracy (CNN top1): 82.87199999999999
2026-06-24 12:16:12,411 [clg_cbm.py] => Learning on 270-300
2026-06-24 12:46:21,847 [trainer.py] => CNN: {'total': 78.68, '00-09': 76.8, '10-19': 75.25, '20-29': 70.64, '30-39': 78.14, '40-49': 76.42, '50-59': 80.04, '60-69': 74.25, '70-79': 82.67, '80-89': 80.6, '90-99': 75.13, '100-109': 77.0, '110-119': 77.23, '120-129': 72.52, '130-139': 73.7, '140-149': 82.13, '150-159': 82.63, '160-169': 75.0, '170-179': 82.16, '180-189': 71.51, '190-199': 74.62, '200-209': 84.33, '210-219': 76.18, '220-229': 74.79, '230-239': 89.66, '240-249': 74.03, '250-259': 82.21, '260-269': 74.76, '270-279': 88.16, '280-289': 82.46, '290-299': 88.1, 'old': 77.67, 'new': 86.86, 'harmonic': 82.01}
2026-06-24 12:46:21,848 [trainer.py] => CNN top1 curve: [88.65, 83.54, 81.96, 80.66, 79.55, 78.68]
2026-06-24 12:46:21,848 [trainer.py] => CNN top5 curve: [99.16, 98.24, 97.67, 97.18, 97.09, 96.4]
2026-06-24 12:46:21,848 [trainer.py] => Average Accuracy (CNN top1): 82.17333333333333
