2026-06-24 03:55:49,332 [trainer.py] => config: ./configs/CLG-CBM/CLG-CBM_sun_B150_Inc30.json
2026-06-24 03:55:49,332 [trainer.py] => prefix: continual-CLIP
2026-06-24 03:55:49,332 [trainer.py] => dataset: sun
2026-06-24 03:55:49,332 [trainer.py] => memory_size: 0
2026-06-24 03:55:49,332 [trainer.py] => memory_per_class: 0
2026-06-24 03:55:49,332 [trainer.py] => fixed_memory: False
2026-06-24 03:55:49,333 [trainer.py] => shuffle: True
2026-06-24 03:55:49,333 [trainer.py] => init_cls: 150
2026-06-24 03:55:49,333 [trainer.py] => increment: 30
2026-06-24 03:55:49,333 [trainer.py] => model_name: CLG-CBM
2026-06-24 03:55:49,333 [trainer.py] => backbone_type: clip
2026-06-24 03:55:49,333 [trainer.py] => device: [device(type='cuda', index=5)]
2026-06-24 03:55:49,333 [trainer.py] => seed: 0
2026-06-24 03:55:49,333 [trainer.py] => sim: 1
2026-06-24 03:55:49,333 [trainer.py] => epochs: 30
2026-06-24 03:55:49,333 [trainer.py] => lr: 0.01
2026-06-24 03:55:49,333 [trainer.py] => FB_epoch: 60
2026-06-24 03:55:49,333 [trainer.py] => FB_epoch_inc: 60
2026-06-24 03:55:49,333 [trainer.py] => init_lr: 0.001
2026-06-24 03:55:49,333 [trainer.py] => pool: 10
2026-06-24 03:55:49,333 [trainer.py] => sg_num: 1
2026-06-24 03:55:49,333 [trainer.py] => milestones: [30, 40, 50]
2026-06-24 03:55:49,333 [trainer.py] => batch_size: 48
2026-06-24 03:55:49,333 [trainer.py] => division_power: 5
2026-06-24 03:55:49,333 [trainer.py] => linear_model: ['linear', 'bn', 'linear']
2026-06-24 03:55:49,333 [trainer.py] => score_model: ['bn', 'linear']
2026-06-24 03:55:49,333 [trainer.py] => regularizer: mahalanobis
2026-06-24 03:55:49,333 [trainer.py] => print_freq: 10
2026-06-24 03:55:49,333 [trainer.py] => repeat: False
2026-06-24 03:55:49,333 [trainer.py] => total_class_num: 300
2026-06-24 03:55:49,810 [data_manager.py] => [208, 188, 12, 221, 239, 136, 230, 206, 52, 108, 290, 15, 184, 248, 22, 74, 270, 90, 229, 164, 190, 103, 124, 129, 222, 116, 194, 286, 234, 295, 92, 66, 8, 122, 219, 150, 176, 182, 299, 5, 223, 89, 81, 34, 55, 139, 236, 64, 7, 45, 73, 213, 173, 106, 59, 253, 168, 26, 284, 153, 134, 145, 63, 293, 285, 224, 252, 111, 20, 46, 156, 228, 273, 27, 144, 259, 37, 97, 191, 135, 118, 160, 264, 214, 238, 76, 212, 225, 255, 237, 282, 44, 272, 189, 152, 158, 101, 54, 181, 18, 281, 250, 126, 171, 71, 227, 245, 205, 288, 215, 154, 159, 33, 83, 249, 60, 167, 280, 110, 21, 29, 146, 16, 56, 75, 109, 175, 201, 161, 4, 96, 166, 61, 67, 137, 198, 262, 279, 40, 268, 13, 107, 220, 3, 157, 125, 24, 30, 77, 291, 210, 19, 254, 241, 266, 80, 51, 2, 235, 104, 179, 86, 10, 199, 58, 41, 14, 155, 50, 292, 233, 123, 200, 62, 187, 226, 130, 209, 260, 43, 114, 138, 294, 218, 149, 112, 247, 98, 217, 93, 216, 162, 36, 178, 113, 0, 94, 275, 95, 296, 261, 240, 69, 49, 48, 85, 297, 141, 207, 23, 246, 148, 143, 78, 180, 100, 204, 131, 267, 298, 196, 6, 68, 203, 84, 170, 121, 140, 256, 274, 142, 257, 91, 82, 283, 11, 119, 102, 35, 57, 169, 231, 65, 1, 120, 269, 186, 42, 105, 132, 79, 17, 263, 232, 38, 133, 53, 258, 128, 28, 183, 163, 151, 244, 202, 31, 32, 127, 185, 278, 271, 147, 276, 177, 99, 197, 243, 115, 265, 72, 25, 165, 287, 174, 289, 39, 193, 88, 70, 87, 242, 277, 211, 9, 195, 251, 192, 117, 47, 172]
2026-06-24 03:55:52,231 [instantiator.py] => Created a temporary directory at /tmp/tmpwvdpvf76
2026-06-24 03:55:52,232 [instantiator.py] => Writing /tmp/tmpwvdpvf76/_remote_module_non_scriptable.py
2026-06-24 03:55:52,379 [factory.py] => Loaded ViT-B-16 model config.
2026-06-24 03:55:54,838 [factory.py] => Loading pretrained ViT-B-16 weights (/home/team/zhaohongwei/pretrained_models/open_clip_pytorch_model_laion400m_e32.bin).
2026-06-24 03:55:57,202 [factory.py] => Loaded ViT-B-16 model config.
2026-06-24 03:55:59,643 [factory.py] => Loading pretrained ViT-B-16 weights (/home/team/zhaohongwei/pretrained_models/open_clip_pytorch_model_laion400m_e32.bin).
2026-06-24 03:56:02,331 [factory.py] => Loaded ViT-B-16 model config.
2026-06-24 03:56:04,084 [factory.py] => Loading pretrained ViT-B-16 weights (/home/team/zhaohongwei/pretrained_models/open_clip_pytorch_model_laion400m_e32.bin).
2026-06-24 03:56:05,502 [clg_cbm.py] => Learning on 0-150
2026-06-24 04:56:31,035 [trainer.py] => CNN: {'total': 88.81, '00-09': 80.92, '10-19': 89.85, '20-29': 85.8, '30-39': 91.03, '40-49': 89.78, '50-59': 88.13, '60-69': 90.87, '70-79': 88.65, '80-89': 90.12, '90-99': 88.65, '100-109': 88.71, '110-119': 90.87, '120-129': 86.48, '130-139': 83.16, '140-149': 92.59, 'old': 0, 'new': 88.81, 'harmonic': 0.0}
2026-06-24 04:56:31,036 [trainer.py] => CNN top1 curve: [88.81]
2026-06-24 04:56:31,036 [trainer.py] => CNN top5 curve: [99.2]
2026-06-24 04:56:31,036 [trainer.py] => Average Accuracy (CNN top1): 88.81
2026-06-24 04:56:31,036 [clg_cbm.py] => Learning on 150-180
2026-06-24 05:13:54,405 [trainer.py] => CNN: {'total': 84.83, '00-09': 78.39, '10-19': 87.82, '20-29': 84.81, '30-39': 86.95, '40-49': 81.32, '50-59': 77.82, '60-69': 79.54, '70-79': 87.03, '80-89': 88.14, '90-99': 82.45, '100-109': 83.55, '110-119': 80.94, '120-129': 85.62, '130-139': 82.99, '140-149': 86.2, '150-159': 94.41, '160-169': 93.92, '170-179': 96.06, 'old': 83.54, 'new': 94.69, 'harmonic': 88.77}
2026-06-24 05:13:54,405 [trainer.py] => CNN top1 curve: [88.81, 84.83]
2026-06-24 05:13:54,405 [trainer.py] => CNN top5 curve: [99.2, 98.35]
2026-06-24 05:13:54,405 [trainer.py] => Average Accuracy (CNN top1): 86.82
2026-06-24 05:13:54,405 [clg_cbm.py] => Learning on 180-210
2026-06-24 05:39:32,221 [trainer.py] => CNN: {'total': 83.17, '00-09': 74.48, '10-19': 84.01, '20-29': 81.82, '30-39': 79.23, '40-49': 80.51, '50-59': 79.18, '60-69': 80.12, '70-79': 83.78, '80-89': 88.14, '90-99': 77.91, '100-109': 82.1, '110-119': 80.54, '120-129': 84.58, '130-139': 78.3, '140-149': 81.98, '150-159': 81.63, '160-169': 89.5, '170-179': 88.79, '180-189': 87.5, '190-199': 90.99, '200-209': 94.06, 'old': 81.6, 'new': 91.66, 'harmonic': 86.34}
2026-06-24 05:39:32,222 [trainer.py] => CNN top1 curve: [88.81, 84.83, 83.17]
2026-06-24 05:39:32,222 [trainer.py] => CNN top5 curve: [99.2, 98.35, 97.91]
2026-06-24 05:39:32,222 [trainer.py] => Average Accuracy (CNN top1): 85.60333333333334
2026-06-24 05:39:32,222 [clg_cbm.py] => Learning on 210-240
2026-06-24 05:58:37,785 [trainer.py] => CNN: {'total': 81.75, '00-09': 76.78, '10-19': 84.77, '20-29': 82.07, '30-39': 79.91, '40-49': 79.44, '50-59': 78.21, '60-69': 77.57, '70-79': 81.44, '80-89': 85.67, '90-99': 76.7, '100-109': 80.65, '110-119': 77.83, '120-129': 82.32, '130-139': 81.08, '140-149': 80.73, '150-159': 81.31, '160-169': 87.57, '170-179': 90.0, '180-189': 80.04, '190-199': 77.7, '200-209': 84.85, '210-219': 86.36, '220-229': 88.49, '230-239': 93.31, 'old': 80.86, 'new': 89.51, 'harmonic': 84.97}
2026-06-24 05:58:37,786 [trainer.py] => CNN top1 curve: [88.81, 84.83, 83.17, 81.75]
2026-06-24 05:58:37,786 [trainer.py] => CNN top5 curve: [99.2, 98.35, 97.91, 97.35]
2026-06-24 05:58:37,786 [trainer.py] => Average Accuracy (CNN top1): 84.64
2026-06-24 05:58:37,786 [clg_cbm.py] => Learning on 240-270
2026-06-24 06:19:59,991 [trainer.py] => CNN: {'total': 80.0, '00-09': 75.4, '10-19': 83.5, '20-29': 78.46, '30-39': 73.78, '40-49': 79.17, '50-59': 78.4, '60-69': 77.8, '70-79': 81.62, '80-89': 86.82, '90-99': 75.04, '100-109': 79.68, '110-119': 76.23, '120-129': 84.06, '130-139': 80.38, '140-149': 81.76, '150-159': 78.12, '160-169': 84.81, '170-179': 85.76, '180-189': 78.07, '190-199': 73.26, '200-209': 82.91, '210-219': 76.82, '220-229': 80.71, '230-239': 81.45, '240-249': 90.66, '250-259': 82.05, '260-269': 87.47, 'old': 79.39, 'new': 86.39, 'harmonic': 82.74}
2026-06-24 06:19:59,991 [trainer.py] => CNN top1 curve: [88.81, 84.83, 83.17, 81.75, 80.0]
2026-06-24 06:19:59,991 [trainer.py] => CNN top5 curve: [99.2, 98.35, 97.91, 97.35, 97.07]
2026-06-24 06:19:59,991 [trainer.py] => Average Accuracy (CNN top1): 83.712
2026-06-24 06:19:59,991 [clg_cbm.py] => Learning on 270-300
2026-06-24 06:44:21,249 [trainer.py] => CNN: {'total': 77.85, '00-09': 73.1, '10-19': 83.25, '20-29': 73.97, '30-39': 75.37, '40-49': 75.67, '50-59': 73.74, '60-69': 75.72, '70-79': 79.1, '80-89': 85.01, '90-99': 73.83, '100-109': 77.42, '110-119': 77.43, '120-129': 78.34, '130-139': 76.91, '140-149': 79.48, '150-159': 72.36, '160-169': 87.85, '170-179': 86.67, '180-189': 74.12, '190-199': 70.75, '200-209': 81.78, '210-219': 77.95, '220-229': 79.7, '230-239': 78.2, '240-249': 75.17, '250-259': 70.33, '260-269': 74.73, '270-279': 84.33, '280-289': 80.94, '290-299': 91.29, 'old': 77.07, 'new': 85.71, 'harmonic': 81.16}
2026-06-24 06:44:21,249 [trainer.py] => CNN top1 curve: [88.81, 84.83, 83.17, 81.75, 80.0, 77.85]
2026-06-24 06:44:21,249 [trainer.py] => CNN top5 curve: [99.2, 98.35, 97.91, 97.35, 97.07, 96.34]
2026-06-24 06:44:21,249 [trainer.py] => Average Accuracy (CNN top1): 82.735
