2026-06-24 02:29:10,083 [trainer.py] => config: ./configs/CLG-CBM/CLG-CBM_ucf_B50_Inc10.json
2026-06-24 02:29:10,083 [trainer.py] => prefix: continual-CLIP
2026-06-24 02:29:10,083 [trainer.py] => dataset: ucf101
2026-06-24 02:29:10,083 [trainer.py] => memory_size: 0
2026-06-24 02:29:10,083 [trainer.py] => memory_per_class: 0
2026-06-24 02:29:10,083 [trainer.py] => fixed_memory: False
2026-06-24 02:29:10,083 [trainer.py] => shuffle: True
2026-06-24 02:29:10,083 [trainer.py] => init_cls: 50
2026-06-24 02:29:10,084 [trainer.py] => increment: 10
2026-06-24 02:29:10,084 [trainer.py] => model_name: CLG-CBM
2026-06-24 02:29:10,084 [trainer.py] => backbone_type: clip
2026-06-24 02:29:10,084 [trainer.py] => device: [device(type='cuda', index=5)]
2026-06-24 02:29:10,084 [trainer.py] => seed: 42
2026-06-24 02:29:10,084 [trainer.py] => sim: 1
2026-06-24 02:29:10,084 [trainer.py] => epochs: 30
2026-06-24 02:29:10,084 [trainer.py] => lr: 0.01
2026-06-24 02:29:10,084 [trainer.py] => FB_epoch: 60
2026-06-24 02:29:10,084 [trainer.py] => FB_epoch_inc: 60
2026-06-24 02:29:10,084 [trainer.py] => init_lr: 0.001
2026-06-24 02:29:10,084 [trainer.py] => pool: 10
2026-06-24 02:29:10,084 [trainer.py] => sg_num: 1
2026-06-24 02:29:10,084 [trainer.py] => milestones: [30, 40, 50]
2026-06-24 02:29:10,084 [trainer.py] => batch_size: 48
2026-06-24 02:29:10,084 [trainer.py] => division_power: 5
2026-06-24 02:29:10,084 [trainer.py] => linear_model: ['linear', 'bn', 'linear']
2026-06-24 02:29:10,084 [trainer.py] => score_model: ['bn', 'linear']
2026-06-24 02:29:10,084 [trainer.py] => regularizer: mahalanobis
2026-06-24 02:29:10,084 [trainer.py] => print_freq: 10
2026-06-24 02:29:10,084 [trainer.py] => repeat: False
2026-06-24 02:29:10,084 [trainer.py] => total_class_num: 100
2026-06-24 02:29:10,137 [data_manager.py] => [83, 53, 70, 45, 44, 39, 22, 80, 10, 0, 18, 30, 73, 33, 90, 4, 76, 77, 12, 31, 55, 88, 26, 42, 69, 15, 40, 96, 9, 72, 11, 47, 85, 28, 93, 5, 66, 65, 35, 16, 49, 34, 7, 95, 27, 19, 81, 25, 62, 13, 24, 3, 17, 38, 8, 78, 6, 64, 36, 89, 56, 99, 54, 43, 50, 67, 46, 68, 61, 97, 79, 41, 58, 48, 98, 57, 75, 32, 94, 59, 63, 84, 37, 29, 1, 52, 21, 2, 23, 87, 91, 74, 86, 82, 20, 60, 71, 14, 92, 51]
2026-06-24 02:29:10,160 [factory.py] => Loaded ViT-B-16 model config.
2026-06-24 02:29:11,848 [factory.py] => Loading pretrained ViT-B-16 weights (/home/team/zhaohongwei/pretrained_models/open_clip_pytorch_model_laion400m_e32.bin).
2026-06-24 02:29:14,260 [factory.py] => Loaded ViT-B-16 model config.
2026-06-24 02:29:16,093 [factory.py] => Loading pretrained ViT-B-16 weights (/home/team/zhaohongwei/pretrained_models/open_clip_pytorch_model_laion400m_e32.bin).
2026-06-24 02:29:18,648 [factory.py] => Loaded ViT-B-16 model config.
2026-06-24 02:29:20,162 [factory.py] => Loading pretrained ViT-B-16 weights (/home/team/zhaohongwei/pretrained_models/open_clip_pytorch_model_laion400m_e32.bin).
2026-06-24 02:29:22,206 [clg_cbm.py] => Learning on 0-50
2026-06-24 02:37:29,415 [trainer.py] => CNN: {'total': 97.82, '00-09': 97.31, '10-19': 95.93, '20-29': 98.85, '30-39': 98.52, '40-49': 98.43, 'old': 0, 'new': 97.82, 'harmonic': 0.0}
2026-06-24 02:37:29,416 [trainer.py] => CNN top1 curve: [97.82]
2026-06-24 02:37:29,416 [trainer.py] => CNN top5 curve: [100.0]
2026-06-24 02:37:29,416 [trainer.py] => Average Accuracy (CNN top1): 97.82
2026-06-24 02:37:29,416 [clg_cbm.py] => Learning on 50-60
2026-06-24 02:41:09,945 [trainer.py] => CNN: {'total': 95.72, '00-09': 95.29, '10-19': 93.9, '20-29': 96.17, '30-39': 94.83, '40-49': 94.88, '50-59': 98.94, 'old': 95.03, 'new': 98.94, 'harmonic': 96.95}
2026-06-24 02:41:09,945 [trainer.py] => CNN top1 curve: [97.82, 95.72]
2026-06-24 02:41:09,945 [trainer.py] => CNN top5 curve: [100.0, 99.88]
2026-06-24 02:41:09,945 [trainer.py] => Average Accuracy (CNN top1): 96.77
2026-06-24 02:41:09,945 [clg_cbm.py] => Learning on 60-70
2026-06-24 02:45:03,868 [trainer.py] => CNN: {'total': 93.72, '00-09': 91.58, '10-19': 91.87, '20-29': 93.1, '30-39': 91.51, '40-49': 95.28, '50-59': 94.7, '60-69': 98.13, 'old': 92.99, 'new': 98.13, 'harmonic': 95.49}
2026-06-24 02:45:03,868 [trainer.py] => CNN top1 curve: [97.82, 95.72, 93.72]
2026-06-24 02:45:03,868 [trainer.py] => CNN top5 curve: [100.0, 99.88, 99.73]
2026-06-24 02:45:03,868 [trainer.py] => Average Accuracy (CNN top1): 95.75333333333333
2026-06-24 02:45:03,868 [clg_cbm.py] => Learning on 70-80
2026-06-24 02:49:19,738 [trainer.py] => CNN: {'total': 91.32, '00-09': 84.85, '10-19': 91.06, '20-29': 90.04, '30-39': 88.93, '40-49': 94.49, '50-59': 95.05, '60-69': 88.81, '70-79': 97.81, 'old': 90.37, 'new': 97.81, 'harmonic': 93.94}
2026-06-24 02:49:19,738 [trainer.py] => CNN top1 curve: [97.82, 95.72, 93.72, 91.32]
2026-06-24 02:49:19,738 [trainer.py] => CNN top5 curve: [100.0, 99.88, 99.73, 99.68]
2026-06-24 02:49:19,738 [trainer.py] => Average Accuracy (CNN top1): 94.645
2026-06-24 02:49:19,738 [clg_cbm.py] => Learning on 80-90
2026-06-24 02:53:38,118 [trainer.py] => CNN: {'total': 92.9, '00-09': 88.55, '10-19': 91.87, '20-29': 91.95, '30-39': 89.67, '40-49': 94.09, '50-59': 94.35, '60-69': 91.04, '70-79': 95.99, '80-89': 99.22, 'old': 92.15, 'new': 99.22, 'harmonic': 95.55}
2026-06-24 02:53:38,119 [trainer.py] => CNN top1 curve: [97.82, 95.72, 93.72, 91.32, 92.9]
2026-06-24 02:53:38,119 [trainer.py] => CNN top5 curve: [100.0, 99.88, 99.73, 99.68, 99.42]
2026-06-24 02:53:38,119 [trainer.py] => Average Accuracy (CNN top1): 94.296
2026-06-24 02:53:38,119 [clg_cbm.py] => Learning on 90-100
2026-06-24 02:58:08,940 [trainer.py] => CNN: {'total': 91.74, '00-09': 87.88, '10-19': 89.02, '20-29': 93.1, '30-39': 91.14, '40-49': 91.73, '50-59': 92.58, '60-69': 90.3, '70-79': 93.8, '80-89': 92.16, '90-99': 96.52, 'old': 91.28, 'new': 96.52, 'harmonic': 93.83}
2026-06-24 02:58:08,941 [trainer.py] => CNN top1 curve: [97.82, 95.72, 93.72, 91.32, 92.9, 91.74]
2026-06-24 02:58:08,941 [trainer.py] => CNN top5 curve: [100.0, 99.88, 99.73, 99.68, 99.42, 99.13]
2026-06-24 02:58:08,941 [trainer.py] => Average Accuracy (CNN top1): 93.87
