2026-07-15 19:20:55,220 [main.py] => model_type: PF
2026-07-15 19:20:55,220 [main.py] => dataset: Cifar
2026-07-15 19:20:55,220 [main.py] => file_root: /home/team/zhaohongwei/Code/Research/Awesome-MMCL/PromptFusion-main
2026-07-15 19:20:55,220 [main.py] => data_root: /home/team/zhaohongwei/Dataset
2026-07-15 19:20:55,220 [main.py] => backbone: ViT-B-16
2026-07-15 19:20:55,220 [main.py] => herding_method: barycenter
2026-07-15 19:20:55,220 [main.py] => device: cuda
2026-07-15 19:20:55,220 [main.py] => ngpus: 1
2026-07-15 19:20:55,220 [main.py] => batch_size: 32
2026-07-15 19:20:55,220 [main.py] => memory_size: 5000
2026-07-15 19:20:55,220 [main.py] => step: 10
2026-07-15 19:20:55,220 [main.py] => epoch: 3
2026-07-15 19:20:55,220 [main.py] => learning_rate: 0.002
2026-07-15 19:20:55,220 [main.py] => weight_decay: 0.0001
2026-07-15 19:20:55,220 [main.py] => M: 30
2026-07-15 19:20:55,220 [main.py] => vpt_prompt_length: 30
2026-07-15 19:20:55,221 [main.py] => clip_image_prompt_length: 30
2026-07-15 19:20:55,221 [main.py] => config: ./config/pf_cifar_10_10.json
2026-07-15 19:20:55,221 [main.py] => seed: 42
2026-07-15 19:20:55,221 [main.py] => output_folder: /home/team/zhaohongwei/Code/Research/Awesome-MMCL/PromptFusion-main/PF/Cifar/ViT-B-16/seed_42
2026-07-15 19:21:02,580 [vision_transformer.py] => Resized position embedding: torch.Size([1, 197, 768]) to torch.Size([1, 227, 768])
2026-07-15 19:21:02,581 [vision_transformer.py] => Position embedding grid-size from [14, 14] to (14, 14)
2026-07-15 19:21:03,088 [train_pf.py] => Start Training Task 1
2026-07-15 19:21:03,093 [train_pf.py] => number of trainable params: 276901
2026-07-15 19:21:03,094 [train_pf.py] => total number of params: 210422438
2026-07-15 19:25:10,349 [train_pf.py] => Task 1 Average Accuracy is 0.985
2026-07-15 19:25:25,542 [train_pf.py] => Start Training Task 2
2026-07-15 19:25:25,549 [train_pf.py] => number of trainable params: 277221
2026-07-15 19:25:25,551 [train_pf.py] => total number of params: 210422758
2026-07-15 19:34:02,898 [train_pf.py] => Task 2 Average Accuracy is 0.966
2026-07-15 19:34:31,284 [train_pf.py] => Start Training Task 3
2026-07-15 19:34:31,291 [train_pf.py] => number of trainable params: 277541
2026-07-15 19:34:31,293 [train_pf.py] => total number of params: 210423078
2026-07-15 19:44:02,761 [train_pf.py] => Task 3 Average Accuracy is 0.943
2026-07-15 19:44:31,242 [train_pf.py] => Start Training Task 4
2026-07-15 19:44:31,249 [train_pf.py] => number of trainable params: 277861
2026-07-15 19:44:31,251 [train_pf.py] => total number of params: 210423398
2026-07-15 19:55:04,387 [train_pf.py] => Task 4 Average Accuracy is 0.937
2026-07-15 19:55:32,442 [train_pf.py] => Start Training Task 5
2026-07-15 19:55:32,449 [train_pf.py] => number of trainable params: 278181
2026-07-15 19:55:32,451 [train_pf.py] => total number of params: 210423718
2026-07-15 20:07:13,252 [train_pf.py] => Task 5 Average Accuracy is 0.925
2026-07-15 20:07:41,397 [train_pf.py] => Start Training Task 6
2026-07-15 20:07:41,404 [train_pf.py] => number of trainable params: 278501
2026-07-15 20:07:41,406 [train_pf.py] => total number of params: 210424038
2026-07-15 20:20:46,782 [train_pf.py] => Task 6 Average Accuracy is 0.906
2026-07-15 20:21:14,658 [train_pf.py] => Start Training Task 7
2026-07-15 20:21:14,675 [train_pf.py] => number of trainable params: 278821
2026-07-15 20:21:14,676 [train_pf.py] => total number of params: 210424358
2026-07-15 20:35:57,172 [train_pf.py] => Task 7 Average Accuracy is 0.899
2026-07-15 20:36:25,370 [train_pf.py] => Start Training Task 8
2026-07-15 20:36:25,378 [train_pf.py] => number of trainable params: 279141
2026-07-15 20:36:25,379 [train_pf.py] => total number of params: 210424678
2026-07-15 20:52:49,480 [train_pf.py] => Task 8 Average Accuracy is 0.894
2026-07-15 20:53:17,765 [train_pf.py] => Start Training Task 9
2026-07-15 20:53:17,772 [train_pf.py] => number of trainable params: 279461
2026-07-15 20:53:17,773 [train_pf.py] => total number of params: 210424998
2026-07-15 21:11:38,860 [train_pf.py] => Task 9 Average Accuracy is 0.893
2026-07-15 21:12:06,907 [train_pf.py] => Start Training Task 10
2026-07-15 21:12:06,914 [train_pf.py] => number of trainable params: 279781
2026-07-15 21:12:06,916 [train_pf.py] => total number of params: 210425318
2026-07-15 21:32:23,337 [train_pf.py] => Task 10 Average Accuracy is 0.883
2026-07-15 21:32:51,422 [main.py] => CNN top1 curve: [98.5, 96.6, 94.27, 93.68, 92.52, 90.63, 89.94, 89.38, 89.26, 88.31]
2026-07-15 21:32:51,423 [main.py] => Average Accuracy (CNN top1): 92.31
2026-07-15 21:32:51,423 [main.py] => Last Accuracy: 88.31
