2026-07-24 05:07:09,618 [main.py] => model_type: PF
2026-07-24 05:07:09,618 [main.py] => dataset: Cifar
2026-07-24 05:07:09,618 [main.py] => file_root: /home/team/zhaohongwei/Code/Research/Awesome-MMCL/PromptFusion-main
2026-07-24 05:07:09,618 [main.py] => data_root: /home/team/zhaohongwei/Dataset
2026-07-24 05:07:09,618 [main.py] => backbone: ViT-B-16
2026-07-24 05:07:09,618 [main.py] => herding_method: barycenter
2026-07-24 05:07:09,618 [main.py] => device: cuda
2026-07-24 05:07:09,618 [main.py] => ngpus: 1
2026-07-24 05:07:09,618 [main.py] => batch_size: 32
2026-07-24 05:07:09,618 [main.py] => memory_size: 5000
2026-07-24 05:07:09,618 [main.py] => step: 10
2026-07-24 05:07:09,619 [main.py] => initial_increment: 50
2026-07-24 05:07:09,619 [main.py] => increment: 10
2026-07-24 05:07:09,619 [main.py] => epoch: 3
2026-07-24 05:07:09,619 [main.py] => learning_rate: 0.002
2026-07-24 05:07:09,619 [main.py] => weight_decay: 0.0001
2026-07-24 05:07:09,619 [main.py] => M: 30
2026-07-24 05:07:09,619 [main.py] => vpt_prompt_length: 30
2026-07-24 05:07:09,619 [main.py] => clip_image_prompt_length: 30
2026-07-24 05:07:09,619 [main.py] => config: config/pf_cifar_50_10.json
2026-07-24 05:07:09,619 [main.py] => seed: 42
2026-07-24 05:07:09,619 [main.py] => output_folder: /home/team/zhaohongwei/Code/Research/Awesome-MMCL/PromptFusion-main/PF/Cifar/ViT-B-16/base_50_inc_10/seed_42
2026-07-24 05:07:16,743 [vision_transformer.py] => Resized position embedding: torch.Size([1, 197, 768]) to torch.Size([1, 227, 768])
2026-07-24 05:07:16,744 [vision_transformer.py] => Position embedding grid-size from [14, 14] to (14, 14)
2026-07-24 05:07:17,272 [train_pf.py] => Start Training Task 1
2026-07-24 05:07:17,278 [train_pf.py] => number of trainable params: 892581
2026-07-24 05:07:17,279 [train_pf.py] => total number of params: 211038118
2026-07-24 05:32:45,443 [train_pf.py] => Task 1 Average Accuracy is 0.930
2026-07-24 05:33:54,624 [train_pf.py] => Start Training Task 2
2026-07-24 05:33:54,628 [train_pf.py] => number of trainable params: 278501
2026-07-24 05:33:54,629 [train_pf.py] => total number of params: 210424038
2026-07-24 05:47:31,155 [train_pf.py] => Task 2 Average Accuracy is 0.924
2026-07-24 05:47:58,671 [train_pf.py] => Start Training Task 3
2026-07-24 05:47:58,678 [train_pf.py] => number of trainable params: 278821
2026-07-24 05:47:58,680 [train_pf.py] => total number of params: 210424358
2026-07-24 06:03:21,356 [train_pf.py] => Task 3 Average Accuracy is 0.915
2026-07-24 06:03:48,788 [train_pf.py] => Start Training Task 4
2026-07-24 06:03:48,795 [train_pf.py] => number of trainable params: 279141
2026-07-24 06:03:48,797 [train_pf.py] => total number of params: 210424678
2026-07-24 06:20:55,701 [train_pf.py] => Task 4 Average Accuracy is 0.902
2026-07-24 06:21:22,985 [train_pf.py] => Start Training Task 5
2026-07-24 06:21:22,993 [train_pf.py] => number of trainable params: 279461
2026-07-24 06:21:22,994 [train_pf.py] => total number of params: 210424998
2026-07-24 06:40:29,459 [train_pf.py] => Task 5 Average Accuracy is 0.906
2026-07-24 06:40:56,776 [train_pf.py] => Start Training Task 6
2026-07-24 06:40:56,783 [train_pf.py] => number of trainable params: 279781
2026-07-24 06:40:56,784 [train_pf.py] => total number of params: 210425318
2026-07-24 07:02:08,834 [train_pf.py] => Task 6 Average Accuracy is 0.891
2026-07-24 07:02:36,125 [main.py] => CNN top1 curve: [93.0, 92.4, 91.5, 90.18, 90.64, 89.07]
2026-07-24 07:02:36,126 [main.py] => Average Accuracy (CNN top1): 91.13
2026-07-24 07:02:36,126 [main.py] => Last Accuracy: 89.07
2026-07-24 07:02:36,129 [main.py] => Finished Cifar_base50_inc10 seed=42
2026-07-24 07:02:36,129 [main.py] => Backbone: ViT-B/16
