2026-07-20 23:59:49,595 [main.py] => model_type: PF
2026-07-20 23:59:49,595 [main.py] => dataset: ImagenetR
2026-07-20 23:59:49,595 [main.py] => file_root: /home/team/zhaohongwei/Code/Research/Awesome-MMCL/PromptFusion-main
2026-07-20 23:59:49,595 [main.py] => data_root: /home/team/zhaohongwei/Dataset/imagenet-r
2026-07-20 23:59:49,595 [main.py] => backbone: ViT-B-16
2026-07-20 23:59:49,595 [main.py] => herding_method: barycenter
2026-07-20 23:59:49,595 [main.py] => device: cuda
2026-07-20 23:59:49,595 [main.py] => ngpus: 1
2026-07-20 23:59:49,595 [main.py] => batch_size: 32
2026-07-20 23:59:49,595 [main.py] => memory_size: 5000
2026-07-20 23:59:49,595 [main.py] => step: 10
2026-07-20 23:59:49,595 [main.py] => epoch: 5
2026-07-20 23:59:49,595 [main.py] => learning_rate: 0.003
2026-07-20 23:59:49,595 [main.py] => weight_decay: 0.01
2026-07-20 23:59:49,596 [main.py] => M: 30
2026-07-20 23:59:49,596 [main.py] => vpt_prompt_length: 20
2026-07-20 23:59:49,596 [main.py] => clip_image_prompt_length: 40
2026-07-20 23:59:49,596 [main.py] => config: ./config/pf_inr_20_20.json
2026-07-20 23:59:49,596 [main.py] => seed: 1993
2026-07-20 23:59:49,596 [main.py] => output_folder: /home/team/zhaohongwei/Code/Research/Awesome-MMCL/PromptFusion-main/PF/ImagenetR/ViT-B-16/seed_1993
2026-07-20 23:59:54,953 [vision_transformer.py] => Resized position embedding: torch.Size([1, 197, 768]) to torch.Size([1, 217, 768])
2026-07-20 23:59:54,954 [vision_transformer.py] => Position embedding grid-size from [14, 14] to (14, 14)
2026-07-20 23:59:56,946 [train_pf.py] => Start Training Task 1
2026-07-20 23:59:56,951 [train_pf.py] => number of trainable params: 507721
2026-07-20 23:59:56,952 [train_pf.py] => total number of params: 210645578
2026-07-21 00:03:38,628 [train_pf.py] => Task 1 Average Accuracy is 0.892
2026-07-21 00:03:47,875 [train_pf.py] => Start Training Task 2
2026-07-21 00:03:47,882 [train_pf.py] => number of trainable params: 508361
2026-07-21 00:03:47,884 [train_pf.py] => total number of params: 210646218
2026-07-21 00:12:09,107 [train_pf.py] => Task 2 Average Accuracy is 0.874
2026-07-21 00:12:25,794 [train_pf.py] => Start Training Task 3
2026-07-21 00:12:25,801 [train_pf.py] => number of trainable params: 509001
2026-07-21 00:12:25,824 [train_pf.py] => total number of params: 210646858
2026-07-21 00:22:15,993 [train_pf.py] => Task 3 Average Accuracy is 0.864
2026-07-21 00:22:33,625 [train_pf.py] => Start Training Task 4
2026-07-21 00:22:33,633 [train_pf.py] => number of trainable params: 509641
2026-07-21 00:22:33,635 [train_pf.py] => total number of params: 210647498
2026-07-21 00:35:09,983 [train_pf.py] => Task 4 Average Accuracy is 0.859
2026-07-21 00:35:30,523 [train_pf.py] => Start Training Task 5
2026-07-21 00:35:30,528 [train_pf.py] => number of trainable params: 510281
2026-07-21 00:35:30,529 [train_pf.py] => total number of params: 210648138
2026-07-21 00:50:40,339 [train_pf.py] => Task 5 Average Accuracy is 0.852
2026-07-21 00:51:02,472 [train_pf.py] => Start Training Task 6
2026-07-21 00:51:02,479 [train_pf.py] => number of trainable params: 510921
2026-07-21 00:51:02,481 [train_pf.py] => total number of params: 210648778
2026-07-21 01:07:17,503 [train_pf.py] => Task 6 Average Accuracy is 0.845
2026-07-21 01:07:38,498 [train_pf.py] => Start Training Task 7
2026-07-21 01:07:38,505 [train_pf.py] => number of trainable params: 511561
2026-07-21 01:07:38,518 [train_pf.py] => total number of params: 210649418
2026-07-21 01:25:59,904 [train_pf.py] => Task 7 Average Accuracy is 0.839
2026-07-21 01:26:20,924 [train_pf.py] => Start Training Task 8
2026-07-21 01:26:20,931 [train_pf.py] => number of trainable params: 512201
2026-07-21 01:26:20,932 [train_pf.py] => total number of params: 210650058
2026-07-21 01:45:36,670 [train_pf.py] => Task 8 Average Accuracy is 0.833
2026-07-21 01:45:56,591 [train_pf.py] => Start Training Task 9
2026-07-21 01:45:56,598 [train_pf.py] => number of trainable params: 512841
2026-07-21 01:45:56,600 [train_pf.py] => total number of params: 210650698
2026-07-21 02:09:07,957 [train_pf.py] => Task 9 Average Accuracy is 0.831
2026-07-21 02:09:29,800 [train_pf.py] => Start Training Task 10
2026-07-21 02:09:29,818 [train_pf.py] => number of trainable params: 513481
2026-07-21 02:09:29,820 [train_pf.py] => total number of params: 210651338
2026-07-21 02:35:44,187 [train_pf.py] => Task 10 Average Accuracy is 0.824
2026-07-21 02:36:06,574 [main.py] => CNN top1 curve: [89.2, 87.4, 86.43, 85.9, 85.16, 84.55, 83.94, 83.28, 83.1, 82.36]
2026-07-21 02:36:06,574 [main.py] => Average Accuracy (CNN top1): 85.13
2026-07-21 02:36:06,574 [main.py] => Last Accuracy: 82.36
2026-07-21 02:36:06,575 [main.py] => Finished ImagenetR_inc20 seed=1993
2026-07-21 02:36:06,575 [main.py] => Backbone: ViT-B/16
