2026-07-20 08:37:02,960 [main.py] => model_type: PF
2026-07-20 08:37:02,961 [main.py] => dataset: ImagenetR
2026-07-20 08:37:02,961 [main.py] => file_root: /home/team/zhaohongwei/Code/Research/Awesome-MMCL/PromptFusion-main
2026-07-20 08:37:02,961 [main.py] => data_root: /home/team/zhaohongwei/Dataset/imagenet-r
2026-07-20 08:37:02,961 [main.py] => backbone: ViT-B-16
2026-07-20 08:37:02,961 [main.py] => herding_method: barycenter
2026-07-20 08:37:02,961 [main.py] => device: cuda
2026-07-20 08:37:02,961 [main.py] => ngpus: 1
2026-07-20 08:37:02,961 [main.py] => batch_size: 32
2026-07-20 08:37:02,961 [main.py] => memory_size: 5000
2026-07-20 08:37:02,961 [main.py] => step: 40
2026-07-20 08:37:02,961 [main.py] => epoch: 5
2026-07-20 08:37:02,961 [main.py] => learning_rate: 0.003
2026-07-20 08:37:02,961 [main.py] => weight_decay: 0.01
2026-07-20 08:37:02,961 [main.py] => M: 30
2026-07-20 08:37:02,961 [main.py] => vpt_prompt_length: 20
2026-07-20 08:37:02,961 [main.py] => clip_image_prompt_length: 40
2026-07-20 08:37:02,961 [main.py] => config: ./config/pf_inr_5_5.json
2026-07-20 08:37:02,961 [main.py] => seed: 1993
2026-07-20 08:37:02,961 [main.py] => output_folder: /home/team/zhaohongwei/Code/Research/Awesome-MMCL/PromptFusion-main/PF/ImagenetR/ViT-B-16/seed_1993
2026-07-20 08:37:10,123 [vision_transformer.py] => Resized position embedding: torch.Size([1, 197, 768]) to torch.Size([1, 217, 768])
2026-07-20 08:37:10,124 [vision_transformer.py] => Position embedding grid-size from [14, 14] to (14, 14)
2026-07-20 08:37:17,024 [train_pf.py] => Start Training Task 1
2026-07-20 08:37:17,036 [train_pf.py] => number of trainable params: 276841
2026-07-20 08:37:17,037 [train_pf.py] => total number of params: 210414698
2026-07-20 08:40:22,812 [train_pf.py] => Task 1 Average Accuracy is 0.854
2026-07-20 08:40:30,760 [train_pf.py] => Start Training Task 2
2026-07-20 08:40:30,767 [train_pf.py] => number of trainable params: 277001
2026-07-20 08:40:30,768 [train_pf.py] => total number of params: 210414858
2026-07-20 08:46:34,302 [train_pf.py] => Task 2 Average Accuracy is 0.900
2026-07-20 08:46:47,703 [train_pf.py] => Start Training Task 3
2026-07-20 08:46:47,710 [train_pf.py] => number of trainable params: 277161
2026-07-20 08:46:47,712 [train_pf.py] => total number of params: 210415018
2026-07-20 08:55:20,229 [train_pf.py] => Task 3 Average Accuracy is 0.896
2026-07-20 08:55:38,889 [train_pf.py] => Start Training Task 4
2026-07-20 08:55:38,896 [train_pf.py] => number of trainable params: 277321
2026-07-20 08:55:38,897 [train_pf.py] => total number of params: 210415178
2026-07-20 09:07:03,298 [train_pf.py] => Task 4 Average Accuracy is 0.877
2026-07-20 09:07:27,151 [train_pf.py] => Start Training Task 5
2026-07-20 09:07:27,158 [train_pf.py] => number of trainable params: 277481
2026-07-20 09:07:27,177 [train_pf.py] => total number of params: 210415338
2026-07-20 09:23:12,181 [train_pf.py] => Task 5 Average Accuracy is 0.875
2026-07-20 09:23:43,211 [train_pf.py] => Start Training Task 6
2026-07-20 09:23:43,220 [train_pf.py] => number of trainable params: 277641
2026-07-20 09:23:43,221 [train_pf.py] => total number of params: 210415498
2026-07-20 09:42:50,149 [train_pf.py] => Task 6 Average Accuracy is 0.872
2026-07-20 09:43:26,827 [train_pf.py] => Start Training Task 7
2026-07-20 09:43:26,839 [train_pf.py] => number of trainable params: 277801
2026-07-20 09:43:26,841 [train_pf.py] => total number of params: 210415658
2026-07-20 10:04:39,131 [train_pf.py] => Task 7 Average Accuracy is 0.867
2026-07-20 10:05:19,706 [train_pf.py] => Start Training Task 8
2026-07-20 10:05:19,713 [train_pf.py] => number of trainable params: 277961
2026-07-20 10:05:19,724 [train_pf.py] => total number of params: 210415818
2026-07-20 10:26:02,451 [train_pf.py] => Task 8 Average Accuracy is 0.872
2026-07-20 10:26:43,467 [train_pf.py] => Start Training Task 9
2026-07-20 10:26:43,474 [train_pf.py] => number of trainable params: 278121
2026-07-20 10:26:43,476 [train_pf.py] => total number of params: 210415978
2026-07-20 10:46:04,438 [train_pf.py] => Task 9 Average Accuracy is 0.874
2026-07-20 10:46:31,939 [train_pf.py] => Start Training Task 10
2026-07-20 10:46:31,945 [train_pf.py] => number of trainable params: 278281
2026-07-20 10:46:31,947 [train_pf.py] => total number of params: 210416138
2026-07-20 11:01:02,573 [train_pf.py] => Task 10 Average Accuracy is 0.859
2026-07-20 11:01:30,658 [train_pf.py] => Start Training Task 11
2026-07-20 11:01:30,665 [train_pf.py] => number of trainable params: 278441
2026-07-20 11:01:30,677 [train_pf.py] => total number of params: 210416298
2026-07-20 11:17:41,022 [train_pf.py] => Task 11 Average Accuracy is 0.861
2026-07-20 11:18:09,415 [train_pf.py] => Start Training Task 12
2026-07-20 11:18:09,427 [train_pf.py] => number of trainable params: 278601
2026-07-20 11:18:09,429 [train_pf.py] => total number of params: 210416458
2026-07-20 11:35:11,065 [train_pf.py] => Task 12 Average Accuracy is 0.854
2026-07-20 11:35:40,301 [train_pf.py] => Start Training Task 13
2026-07-20 11:35:40,307 [train_pf.py] => number of trainable params: 278761
2026-07-20 11:35:40,309 [train_pf.py] => total number of params: 210416618
2026-07-20 11:54:19,537 [train_pf.py] => Task 13 Average Accuracy is 0.851
2026-07-20 11:54:50,316 [train_pf.py] => Start Training Task 14
2026-07-20 11:54:50,323 [train_pf.py] => number of trainable params: 278921
2026-07-20 11:54:50,325 [train_pf.py] => total number of params: 210416778
2026-07-20 12:13:03,161 [train_pf.py] => Task 14 Average Accuracy is 0.832
2026-07-20 12:13:32,260 [train_pf.py] => Start Training Task 15
2026-07-20 12:13:32,276 [train_pf.py] => number of trainable params: 279081
2026-07-20 12:13:32,277 [train_pf.py] => total number of params: 210416938
2026-07-20 12:33:19,295 [train_pf.py] => Task 15 Average Accuracy is 0.839
2026-07-20 12:33:50,244 [train_pf.py] => Start Training Task 16
2026-07-20 12:33:50,251 [train_pf.py] => number of trainable params: 279241
2026-07-20 12:33:50,253 [train_pf.py] => total number of params: 210417098
2026-07-20 12:55:46,545 [train_pf.py] => Task 16 Average Accuracy is 0.839
2026-07-20 12:56:19,830 [train_pf.py] => Start Training Task 17
2026-07-20 12:56:19,837 [train_pf.py] => number of trainable params: 279401
2026-07-20 12:56:19,839 [train_pf.py] => total number of params: 210417258
2026-07-20 13:17:55,587 [train_pf.py] => Task 17 Average Accuracy is 0.839
2026-07-20 13:18:20,124 [train_pf.py] => Start Training Task 18
2026-07-20 13:18:20,131 [train_pf.py] => number of trainable params: 279561
2026-07-20 13:18:20,133 [train_pf.py] => total number of params: 210417418
2026-07-20 13:34:17,216 [train_pf.py] => Task 18 Average Accuracy is 0.834
2026-07-20 13:34:33,469 [train_pf.py] => Start Training Task 19
2026-07-20 13:34:33,484 [train_pf.py] => number of trainable params: 279721
2026-07-20 13:34:33,486 [train_pf.py] => total number of params: 210417578
2026-07-20 13:45:34,357 [train_pf.py] => Task 19 Average Accuracy is 0.835
2026-07-20 13:45:50,054 [train_pf.py] => Start Training Task 20
2026-07-20 13:45:50,061 [train_pf.py] => number of trainable params: 279881
2026-07-20 13:45:50,074 [train_pf.py] => total number of params: 210417738
2026-07-20 13:57:51,640 [train_pf.py] => Task 20 Average Accuracy is 0.831
2026-07-20 13:58:08,528 [train_pf.py] => Start Training Task 21
2026-07-20 13:58:08,535 [train_pf.py] => number of trainable params: 280041
2026-07-20 13:58:08,536 [train_pf.py] => total number of params: 210417898
2026-07-20 14:10:32,481 [train_pf.py] => Task 21 Average Accuracy is 0.831
2026-07-20 14:10:48,810 [train_pf.py] => Start Training Task 22
2026-07-20 14:10:48,817 [train_pf.py] => number of trainable params: 280201
2026-07-20 14:10:48,819 [train_pf.py] => total number of params: 210418058
2026-07-20 14:23:23,460 [train_pf.py] => Task 22 Average Accuracy is 0.822
2026-07-20 14:23:39,383 [train_pf.py] => Start Training Task 23
2026-07-20 14:23:39,402 [train_pf.py] => number of trainable params: 280361
2026-07-20 14:23:39,404 [train_pf.py] => total number of params: 210418218
2026-07-20 14:36:32,887 [train_pf.py] => Task 23 Average Accuracy is 0.826
2026-07-20 14:36:48,961 [train_pf.py] => Start Training Task 24
2026-07-20 14:36:48,969 [train_pf.py] => number of trainable params: 280521
2026-07-20 14:36:48,971 [train_pf.py] => total number of params: 210418378
2026-07-20 14:50:00,063 [train_pf.py] => Task 24 Average Accuracy is 0.830
2026-07-20 14:50:16,061 [train_pf.py] => Start Training Task 25
2026-07-20 14:50:16,069 [train_pf.py] => number of trainable params: 280681
2026-07-20 14:50:16,071 [train_pf.py] => total number of params: 210418538
2026-07-20 15:03:54,437 [train_pf.py] => Task 25 Average Accuracy is 0.830
2026-07-20 15:04:10,645 [train_pf.py] => Start Training Task 26
2026-07-20 15:04:10,653 [train_pf.py] => number of trainable params: 280841
2026-07-20 15:04:10,654 [train_pf.py] => total number of params: 210418698
2026-07-20 15:18:32,252 [train_pf.py] => Task 26 Average Accuracy is 0.822
2026-07-20 15:18:48,783 [train_pf.py] => Start Training Task 27
2026-07-20 15:18:48,790 [train_pf.py] => number of trainable params: 281001
2026-07-20 15:18:48,792 [train_pf.py] => total number of params: 210418858
2026-07-20 15:33:15,268 [train_pf.py] => Task 27 Average Accuracy is 0.823
2026-07-20 15:33:31,474 [train_pf.py] => Start Training Task 28
2026-07-20 15:33:31,509 [train_pf.py] => number of trainable params: 281161
2026-07-20 15:33:31,511 [train_pf.py] => total number of params: 210419018
2026-07-20 15:48:41,913 [train_pf.py] => Task 28 Average Accuracy is 0.821
2026-07-20 15:48:58,062 [train_pf.py] => Start Training Task 29
2026-07-20 15:48:58,069 [train_pf.py] => number of trainable params: 281321
2026-07-20 15:48:58,071 [train_pf.py] => total number of params: 210419178
2026-07-20 16:04:16,317 [train_pf.py] => Task 29 Average Accuracy is 0.815
2026-07-20 16:04:32,049 [train_pf.py] => Start Training Task 30
2026-07-20 16:04:32,076 [train_pf.py] => number of trainable params: 281481
2026-07-20 16:04:32,078 [train_pf.py] => total number of params: 210419338
2026-07-20 16:20:07,865 [train_pf.py] => Task 30 Average Accuracy is 0.818
2026-07-20 16:20:23,338 [train_pf.py] => Start Training Task 31
2026-07-20 16:20:23,355 [train_pf.py] => number of trainable params: 281641
2026-07-20 16:20:23,356 [train_pf.py] => total number of params: 210419498
2026-07-20 16:36:34,966 [train_pf.py] => Task 31 Average Accuracy is 0.809
2026-07-20 16:36:50,617 [train_pf.py] => Start Training Task 32
2026-07-20 16:36:50,625 [train_pf.py] => number of trainable params: 281801
2026-07-20 16:36:50,627 [train_pf.py] => total number of params: 210419658
2026-07-20 16:53:47,409 [train_pf.py] => Task 32 Average Accuracy is 0.812
2026-07-20 16:54:03,698 [train_pf.py] => Start Training Task 33
2026-07-20 16:54:03,714 [train_pf.py] => number of trainable params: 281961
2026-07-20 16:54:03,716 [train_pf.py] => total number of params: 210419818
2026-07-20 17:11:37,758 [train_pf.py] => Task 33 Average Accuracy is 0.810
2026-07-20 17:11:53,842 [train_pf.py] => Start Training Task 34
2026-07-20 17:11:53,857 [train_pf.py] => number of trainable params: 282121
2026-07-20 17:11:53,859 [train_pf.py] => total number of params: 210419978
2026-07-20 17:30:05,924 [train_pf.py] => Task 34 Average Accuracy is 0.808
2026-07-20 17:30:22,751 [train_pf.py] => Start Training Task 35
2026-07-20 17:30:22,758 [train_pf.py] => number of trainable params: 282281
2026-07-20 17:30:22,760 [train_pf.py] => total number of params: 210420138
2026-07-20 17:49:02,716 [train_pf.py] => Task 35 Average Accuracy is 0.804
2026-07-20 17:49:18,802 [train_pf.py] => Start Training Task 36
2026-07-20 17:49:18,809 [train_pf.py] => number of trainable params: 282441
2026-07-20 17:49:18,811 [train_pf.py] => total number of params: 210420298
2026-07-20 18:08:36,680 [train_pf.py] => Task 36 Average Accuracy is 0.801
2026-07-20 18:08:52,480 [train_pf.py] => Start Training Task 37
2026-07-20 18:08:52,488 [train_pf.py] => number of trainable params: 282601
2026-07-20 18:08:52,490 [train_pf.py] => total number of params: 210420458
2026-07-20 18:28:41,223 [train_pf.py] => Task 37 Average Accuracy is 0.801
2026-07-20 18:28:57,156 [train_pf.py] => Start Training Task 38
2026-07-20 18:28:57,180 [train_pf.py] => number of trainable params: 282761
2026-07-20 18:28:57,182 [train_pf.py] => total number of params: 210420618
2026-07-20 18:50:06,099 [train_pf.py] => Task 38 Average Accuracy is 0.801
2026-07-20 18:50:23,437 [train_pf.py] => Start Training Task 39
2026-07-20 18:50:23,456 [train_pf.py] => number of trainable params: 282921
2026-07-20 18:50:23,458 [train_pf.py] => total number of params: 210420778
2026-07-20 19:11:27,592 [train_pf.py] => Task 39 Average Accuracy is 0.805
2026-07-20 19:11:43,756 [train_pf.py] => Start Training Task 40
2026-07-20 19:11:43,763 [train_pf.py] => number of trainable params: 283081
2026-07-20 19:11:43,765 [train_pf.py] => total number of params: 210420938
2026-07-20 19:33:25,993 [train_pf.py] => Task 40 Average Accuracy is 0.802
2026-07-20 19:33:42,163 [main.py] => CNN top1 curve: [85.4, 90.0, 89.6, 87.68, 87.5, 87.23, 86.69, 87.19, 87.39, 85.89, 86.07, 85.38, 85.05, 83.22, 83.94, 83.93, 83.91, 83.36, 83.51, 83.1, 83.14, 82.25, 82.59, 83.03, 83.0, 82.21, 82.3, 82.14, 81.48, 81.75, 80.92, 81.2, 80.99, 80.81, 80.45, 80.12, 80.05, 80.06, 80.48, 80.21]
2026-07-20 19:33:42,164 [main.py] => Average Accuracy (CNN top1): 83.63
2026-07-20 19:33:42,164 [main.py] => Last Accuracy: 80.21
2026-07-20 19:33:42,165 [main.py] => Finished ImagenetR_inc5 seed=1993
2026-07-20 19:33:42,165 [main.py] => Backbone: ViT-B/16
