2026-07-20 19:33:47,388 [main.py] => model_type: PF
2026-07-20 19:33:47,388 [main.py] => dataset: ImagenetR
2026-07-20 19:33:47,388 [main.py] => file_root: /home/team/zhaohongwei/Code/Research/Awesome-MMCL/PromptFusion-main
2026-07-20 19:33:47,388 [main.py] => data_root: /home/team/zhaohongwei/Dataset/imagenet-r
2026-07-20 19:33:47,388 [main.py] => backbone: ViT-B-16
2026-07-20 19:33:47,388 [main.py] => herding_method: barycenter
2026-07-20 19:33:47,388 [main.py] => device: cuda
2026-07-20 19:33:47,388 [main.py] => ngpus: 1
2026-07-20 19:33:47,388 [main.py] => batch_size: 32
2026-07-20 19:33:47,388 [main.py] => memory_size: 5000
2026-07-20 19:33:47,388 [main.py] => step: 20
2026-07-20 19:33:47,388 [main.py] => epoch: 5
2026-07-20 19:33:47,388 [main.py] => learning_rate: 0.003
2026-07-20 19:33:47,388 [main.py] => weight_decay: 0.01
2026-07-20 19:33:47,388 [main.py] => M: 30
2026-07-20 19:33:47,388 [main.py] => vpt_prompt_length: 20
2026-07-20 19:33:47,388 [main.py] => clip_image_prompt_length: 40
2026-07-20 19:33:47,388 [main.py] => config: ./config/pf_inr_10_10.json
2026-07-20 19:33:47,388 [main.py] => seed: 1993
2026-07-20 19:33:47,388 [main.py] => output_folder: /home/team/zhaohongwei/Code/Research/Awesome-MMCL/PromptFusion-main/PF/ImagenetR/ViT-B-16/seed_1993
2026-07-20 19:33:52,078 [vision_transformer.py] => Resized position embedding: torch.Size([1, 197, 768]) to torch.Size([1, 217, 768])
2026-07-20 19:33:52,079 [vision_transformer.py] => Position embedding grid-size from [14, 14] to (14, 14)
2026-07-20 19:33:52,540 [train_pf.py] => Start Training Task 1
2026-07-20 19:33:52,545 [train_pf.py] => number of trainable params: 353801
2026-07-20 19:33:52,546 [train_pf.py] => total number of params: 210491658
2026-07-20 19:35:45,922 [train_pf.py] => Task 1 Average Accuracy is 0.879
2026-07-20 19:35:51,090 [train_pf.py] => Start Training Task 2
2026-07-20 19:35:51,097 [train_pf.py] => number of trainable params: 354121
2026-07-20 19:35:51,099 [train_pf.py] => total number of params: 210491978
2026-07-20 19:39:26,594 [train_pf.py] => Task 2 Average Accuracy is 0.891
2026-07-20 19:39:34,702 [train_pf.py] => Start Training Task 3
2026-07-20 19:39:34,708 [train_pf.py] => number of trainable params: 354441
2026-07-20 19:39:34,710 [train_pf.py] => total number of params: 210492298
2026-07-20 19:45:43,227 [train_pf.py] => Task 3 Average Accuracy is 0.885
2026-07-20 19:45:56,077 [train_pf.py] => Start Training Task 4
2026-07-20 19:45:56,083 [train_pf.py] => number of trainable params: 354761
2026-07-20 19:45:56,084 [train_pf.py] => total number of params: 210492618
2026-07-20 19:53:27,123 [train_pf.py] => Task 4 Average Accuracy is 0.864
2026-07-20 19:53:41,884 [train_pf.py] => Start Training Task 5
2026-07-20 19:53:41,900 [train_pf.py] => number of trainable params: 355081
2026-07-20 19:53:41,902 [train_pf.py] => total number of params: 210492938
2026-07-20 20:01:37,682 [train_pf.py] => Task 5 Average Accuracy is 0.856
2026-07-20 20:01:52,713 [train_pf.py] => Start Training Task 6
2026-07-20 20:01:52,720 [train_pf.py] => number of trainable params: 355401
2026-07-20 20:01:52,721 [train_pf.py] => total number of params: 210493258
2026-07-20 20:10:23,993 [train_pf.py] => Task 6 Average Accuracy is 0.855
2026-07-20 20:10:39,222 [train_pf.py] => Start Training Task 7
2026-07-20 20:10:39,229 [train_pf.py] => number of trainable params: 355721
2026-07-20 20:10:39,241 [train_pf.py] => total number of params: 210493578
2026-07-20 20:20:07,590 [train_pf.py] => Task 7 Average Accuracy is 0.853
2026-07-20 20:20:23,648 [train_pf.py] => Start Training Task 8
2026-07-20 20:20:23,663 [train_pf.py] => number of trainable params: 356041
2026-07-20 20:20:23,665 [train_pf.py] => total number of params: 210493898
2026-07-20 20:31:25,849 [train_pf.py] => Task 8 Average Accuracy is 0.853
2026-07-20 20:31:43,458 [train_pf.py] => Start Training Task 9
2026-07-20 20:31:43,471 [train_pf.py] => number of trainable params: 356361
2026-07-20 20:31:43,473 [train_pf.py] => total number of params: 210494218
2026-07-20 20:43:52,167 [train_pf.py] => Task 9 Average Accuracy is 0.850
2026-07-20 20:44:10,540 [train_pf.py] => Start Training Task 10
2026-07-20 20:44:10,572 [train_pf.py] => number of trainable params: 356681
2026-07-20 20:44:10,574 [train_pf.py] => total number of params: 210494538
2026-07-20 20:56:42,973 [train_pf.py] => Task 10 Average Accuracy is 0.844
2026-07-20 20:57:00,970 [train_pf.py] => Start Training Task 11
2026-07-20 20:57:00,988 [train_pf.py] => number of trainable params: 357001
2026-07-20 20:57:00,991 [train_pf.py] => total number of params: 210494858
2026-07-20 21:10:35,362 [train_pf.py] => Task 11 Average Accuracy is 0.833
2026-07-20 21:10:53,163 [train_pf.py] => Start Training Task 12
2026-07-20 21:10:53,170 [train_pf.py] => number of trainable params: 357321
2026-07-20 21:10:53,172 [train_pf.py] => total number of params: 210495178
2026-07-20 21:24:48,880 [train_pf.py] => Task 12 Average Accuracy is 0.836
2026-07-20 21:25:06,245 [train_pf.py] => Start Training Task 13
2026-07-20 21:25:06,252 [train_pf.py] => number of trainable params: 357641
2026-07-20 21:25:06,254 [train_pf.py] => total number of params: 210495498
2026-07-20 21:40:12,024 [train_pf.py] => Task 13 Average Accuracy is 0.832
2026-07-20 21:40:30,000 [train_pf.py] => Start Training Task 14
2026-07-20 21:40:30,007 [train_pf.py] => number of trainable params: 357961
2026-07-20 21:40:30,009 [train_pf.py] => total number of params: 210495818
2026-07-20 21:56:28,253 [train_pf.py] => Task 14 Average Accuracy is 0.834
2026-07-20 21:56:46,174 [train_pf.py] => Start Training Task 15
2026-07-20 21:56:46,181 [train_pf.py] => number of trainable params: 358281
2026-07-20 21:56:46,183 [train_pf.py] => total number of params: 210496138
2026-07-20 22:12:57,279 [train_pf.py] => Task 15 Average Accuracy is 0.830
2026-07-20 22:13:13,812 [train_pf.py] => Start Training Task 16
2026-07-20 22:13:13,819 [train_pf.py] => number of trainable params: 358601
2026-07-20 22:13:13,821 [train_pf.py] => total number of params: 210496458
2026-07-20 22:31:01,296 [train_pf.py] => Task 16 Average Accuracy is 0.826
2026-07-20 22:31:19,362 [train_pf.py] => Start Training Task 17
2026-07-20 22:31:19,369 [train_pf.py] => number of trainable params: 358921
2026-07-20 22:31:19,371 [train_pf.py] => total number of params: 210496778
2026-07-20 22:51:06,695 [train_pf.py] => Task 17 Average Accuracy is 0.827
2026-07-20 22:51:25,162 [train_pf.py] => Start Training Task 18
2026-07-20 22:51:25,178 [train_pf.py] => number of trainable params: 359241
2026-07-20 22:51:25,179 [train_pf.py] => total number of params: 210497098
2026-07-20 23:12:17,454 [train_pf.py] => Task 18 Average Accuracy is 0.819
2026-07-20 23:12:35,541 [train_pf.py] => Start Training Task 19
2026-07-20 23:12:35,558 [train_pf.py] => number of trainable params: 359561
2026-07-20 23:12:35,562 [train_pf.py] => total number of params: 210497418
2026-07-20 23:35:23,668 [train_pf.py] => Task 19 Average Accuracy is 0.818
2026-07-20 23:35:42,454 [train_pf.py] => Start Training Task 20
2026-07-20 23:35:42,459 [train_pf.py] => number of trainable params: 359881
2026-07-20 23:35:42,460 [train_pf.py] => total number of params: 210497738
2026-07-20 23:59:14,116 [train_pf.py] => Task 20 Average Accuracy is 0.817
2026-07-20 23:59:34,374 [main.py] => CNN top1 curve: [87.9, 89.15, 88.53, 86.4, 85.64, 85.48, 85.29, 85.31, 85.01, 84.38, 83.33, 83.58, 83.2, 83.44, 82.95, 82.56, 82.66, 81.9, 81.77, 81.68]
2026-07-20 23:59:34,375 [main.py] => Average Accuracy (CNN top1): 84.51
2026-07-20 23:59:34,375 [main.py] => Last Accuracy: 81.68
2026-07-20 23:59:34,376 [main.py] => Finished ImagenetR_inc10 seed=1993
2026-07-20 23:59:34,376 [main.py] => Backbone: ViT-B/16
