2026-07-15 14:05:37,924 [main.py] => model_type: PF
2026-07-15 14:05:37,924 [main.py] => dataset: ImagenetR
2026-07-15 14:05:37,924 [main.py] => file_root: /home/team/zhaohongwei/Code/Research/Awesome-MMCL/PromptFusion-main
2026-07-15 14:05:37,924 [main.py] => data_root: /home/team/zhaohongwei/Dataset/imagenet-r
2026-07-15 14:05:37,924 [main.py] => backbone: ViT-B-16
2026-07-15 14:05:37,924 [main.py] => herding_method: barycenter
2026-07-15 14:05:37,924 [main.py] => device: cuda
2026-07-15 14:05:37,924 [main.py] => ngpus: 1
2026-07-15 14:05:37,924 [main.py] => batch_size: 32
2026-07-15 14:05:37,924 [main.py] => memory_size: 5000
2026-07-15 14:05:37,924 [main.py] => step: 5
2026-07-15 14:05:37,924 [main.py] => epoch: 5
2026-07-15 14:05:37,924 [main.py] => learning_rate: 0.003
2026-07-15 14:05:37,924 [main.py] => weight_decay: 0.01
2026-07-15 14:05:37,924 [main.py] => M: 30
2026-07-15 14:05:37,924 [main.py] => vpt_prompt_length: 20
2026-07-15 14:05:37,924 [main.py] => clip_image_prompt_length: 40
2026-07-15 14:05:37,924 [main.py] => config: ./config/pf_inr_40_40.json
2026-07-15 14:05:37,925 [main.py] => seed: 0
2026-07-15 14:05:37,925 [main.py] => output_folder: /home/team/zhaohongwei/Code/Research/Awesome-MMCL/PromptFusion-main/PF/ImagenetR/ViT-B-16/seed_0
2026-07-15 14:05:43,329 [vision_transformer.py] => Resized position embedding: torch.Size([1, 197, 768]) to torch.Size([1, 217, 768])
2026-07-15 14:05:43,329 [vision_transformer.py] => Position embedding grid-size from [14, 14] to (14, 14)
2026-07-15 14:05:43,958 [train_pf.py] => Start Training Task 1
2026-07-15 14:05:43,964 [train_pf.py] => number of trainable params: 815561
2026-07-15 14:05:43,965 [train_pf.py] => total number of params: 210953418
2026-07-15 14:14:03,238 [train_pf.py] => Task 1 Average Accuracy is 0.873
2026-07-15 14:14:20,234 [train_pf.py] => Start Training Task 2
2026-07-15 14:14:20,256 [train_pf.py] => number of trainable params: 816841
2026-07-15 14:14:20,258 [train_pf.py] => total number of params: 210954698
2026-07-15 14:28:49,103 [train_pf.py] => Task 2 Average Accuracy is 0.867
2026-07-15 14:29:13,295 [train_pf.py] => Start Training Task 3
2026-07-15 14:29:13,299 [train_pf.py] => number of trainable params: 818121
2026-07-15 14:29:13,300 [train_pf.py] => total number of params: 210955978
2026-07-15 14:49:35,109 [train_pf.py] => Task 3 Average Accuracy is 0.846
2026-07-15 14:50:03,122 [train_pf.py] => Start Training Task 4
2026-07-15 14:50:03,129 [train_pf.py] => number of trainable params: 819401
2026-07-15 14:50:03,131 [train_pf.py] => total number of params: 210957258
2026-07-15 15:13:04,379 [train_pf.py] => Task 4 Average Accuracy is 0.837
2026-07-15 15:13:30,343 [train_pf.py] => Start Training Task 5
2026-07-15 15:13:30,351 [train_pf.py] => number of trainable params: 820681
2026-07-15 15:13:30,353 [train_pf.py] => total number of params: 210958538
2026-07-15 15:44:18,505 [train_pf.py] => Task 5 Average Accuracy is 0.833
2026-07-15 15:44:47,911 [main.py] => CNN top1 curve: [87.3, 86.65, 84.63, 83.72, 83.34]
2026-07-15 15:44:47,911 [main.py] => Average Accuracy (CNN top1): 85.13
2026-07-15 15:44:47,911 [main.py] => Last Accuracy: 83.34
