2026-07-14 16:23:14,266 [trainer.py] => config: ./configs/engine/engine_objectnet_B100_Inc20.json
2026-07-14 16:23:14,266 [trainer.py] => prefix: -
2026-07-14 16:23:14,267 [trainer.py] => dataset: objectnet
2026-07-14 16:23:14,267 [trainer.py] => shuffle: True
2026-07-14 16:23:14,267 [trainer.py] => init_cls: 100
2026-07-14 16:23:14,267 [trainer.py] => increment: 20
2026-07-14 16:23:14,267 [trainer.py] => model_name: engine
2026-07-14 16:23:14,267 [trainer.py] => backbone_type: clip
2026-07-14 16:23:14,267 [trainer.py] => device: [device(type='cuda', index=1)]
2026-07-14 16:23:14,267 [trainer.py] => seed: 0
2026-07-14 16:23:14,267 [trainer.py] => projection_type: pure_mlp
2026-07-14 16:23:14,267 [trainer.py] => frozen_layers: visual
2026-07-14 16:23:14,267 [trainer.py] => tuned_epoch: 10
2026-07-14 16:23:14,267 [trainer.py] => init_lr: 0.05
2026-07-14 16:23:14,267 [trainer.py] => batch_size: 64
2026-07-14 16:23:14,267 [trainer.py] => weight_decay: 0.05
2026-07-14 16:23:14,268 [trainer.py] => min_lr: 0
2026-07-14 16:23:14,268 [trainer.py] => optimizer: sgd
2026-07-14 16:23:14,268 [trainer.py] => text_des: 2
2026-07-14 16:23:14,268 [trainer.py] => image_aug: 2
2026-07-14 16:23:14,268 [trainer.py] => rerank: 0.5
2026-07-14 16:23:14,268 [trainer.py] => stat: 0.95
2026-07-14 16:23:14,268 [trainer.py] => sample_num: 0
2026-07-14 16:23:14,268 [trainer.py] => sample_noise: 0.25
2026-07-14 16:23:14,268 [trainer.py] => rerank_top: 5
['air freshener', 'alarm clock', 'backpack', 'baking sheet', 'banana', 'band aid', 'baseball bat', 'baseball glove', 'basket', 'bathrobe', 'battery', 'bed sheet', 'beer bottle', 'beer can', 'belt', 'bench', 'bicycle', 'bike pump', 'bills money', 'binder closed', 'biscuits', 'blanket', 'blender', 'blouse', 'board game', 'book closed', 'bookend', 'boots', 'bottle cap', 'bottle opener', 'bottle stopper', 'box', 'bracelet', 'bread knife', 'bread loaf', 'briefcase', 'brooch', 'broom', 'bucket', 'butchers knife', 'butter', 'button', 'calendar', 'can opener', 'candle', 'canned food', 'cd case', 'cellphone', 'cellphone case', 'cellphone charger', 'cereal', 'chair', 'cheese', 'chess piece', 'chocolate', 'chopstick', 'clothes hamper', 'clothes hanger', 'coaster', 'coffee beans', 'coffee french press', 'coffee grinder', 'coffee machine', 'coffee table', 'coin money', 'comb', 'combination lock', 'computer mouse', 'contact lens case', 'cooking oil bottle', 'cork', 'cutting board', 'deodorant', 'desk lamp', 'detergent', 'dish soap', 'document folder closed', 'dog bed', 'doormat', 'drawer open', 'dress', 'dress pants', 'dress shirt', 'dress shoe men', 'dress shoe women', 'drill', 'drinking cup', 'drinking straw', 'drying rack for clothes', 'drying rack for dishes', 'dust pan', 'dvd player', 'earbuds', 'earring', 'egg', 'egg carton', 'envelope', 'eraser white board', 'extension cable', 'eyeglasses', 'fan', 'figurine or statue', 'first aid kit', 'flashlight', 'floss container', 'flour container', 'fork', 'frying pan', 'full sized towel', 'glue container', 'hair brush', 'hair dryer', 'hairclip', 'hairtie', 'hammer', 'hand mirror', 'hand towel or rag', 'handbag', 'hat', 'headphones over ear', 'helmet', 'honey container', 'ice', 'ice cube tray', 'iron for clothes', 'ironing board', 'jam', 'jar', 'jeans', 'kettle', 'key chain', 'keyboard', 'ladle', 'lampshade', 'laptop charger', 'laptop open', 'leaf', 'leggings', 'lemon', 'letter opener', 'lettuce', 'light bulb', 'lighter', 'lipstick', 'loofah', 'magazine', 'makeup', 'makeup brush', 'marker', 'match', 'measuring cup', 'microwave', 'milk', 'mixing salad bowl', 'monitor', 'mouse pad', 'mouthwash', 'mug', 'multitool', 'nail clippers', 'nail fastener', 'nail file', 'nail polish', 'napkin', 'necklace', 'newspaper', 'night light', 'nightstand', 'notebook', 'notepad', 'nut for screw', 'orange', 'oven mitts', 'padlock', 'paint can', 'paintbrush', 'paper', 'paper bag', 'paper plates', 'paper towel', 'paperclip', 'peeler', 'pen', 'pencil', 'pepper shaker', 'pet food container', 'phone landline', 'photograph printed', 'pill bottle', 'pill organizer', 'pillow', 'pitcher', 'placemat', 'plastic bag', 'plastic cup', 'plastic wrap', 'plate', 'playing cards', 'pliers', 'plunger']
['itap of a {}.', 'a bad photo of the {}.', 'a origami {}.', 'a photo of the large {}.', 'a {} in a video game.', 'art of the {}.', 'a photo of the small {}.']
{'air_freshener': 0, 'alarm_clock': 1, 'backpack': 2, 'baking_sheet': 3, 'banana': 4, 'band_aid': 5, 'baseball_bat': 6, 'baseball_glove': 7, 'basket': 8, 'bathrobe': 9, 'battery': 10, 'bed_sheet': 11, 'beer_bottle': 12, 'beer_can': 13, 'belt': 14, 'bench': 15, 'bicycle': 16, 'bike_pump': 17, 'bills_money': 18, 'binder_closed': 19, 'biscuits': 20, 'blanket': 21, 'blender': 22, 'blouse': 23, 'board_game': 24, 'book_closed': 25, 'bookend': 26, 'boots': 27, 'bottle_cap': 28, 'bottle_opener': 29, 'bottle_stopper': 30, 'box': 31, 'bracelet': 32, 'bread_knife': 33, 'bread_loaf': 34, 'briefcase': 35, 'brooch': 36, 'broom': 37, 'bucket': 38, 'butchers_knife': 39, 'butter': 40, 'button': 41, 'calendar': 42, 'can_opener': 43, 'candle': 44, 'canned_food': 45, 'cd_case': 46, 'cellphone': 47, 'cellphone_case': 48, 'cellphone_charger': 49, 'cereal': 50, 'chair': 51, 'cheese': 52, 'chess_piece': 53, 'chocolate': 54, 'chopstick': 55, 'clothes_hamper': 56, 'clothes_hanger': 57, 'coaster': 58, 'coffee_beans': 59, 'coffee_french_press': 60, 'coffee_grinder': 61, 'coffee_machine': 62, 'coffee_table': 63, 'coin_money': 64, 'comb': 65, 'combination_lock': 66, 'computer_mouse': 67, 'contact_lens_case': 68, 'cooking_oil_bottle': 69, 'cork': 70, 'cutting_board': 71, 'deodorant': 72, 'desk_lamp': 73, 'detergent': 74, 'dish_soap': 75, 'document_folder_closed': 76, 'dog_bed': 77, 'doormat': 78, 'drawer_open': 79, 'dress': 80, 'dress_pants': 81, 'dress_shirt': 82, 'dress_shoe_men': 83, 'dress_shoe_women': 84, 'drill': 85, 'drinking_cup': 86, 'drinking_straw': 87, 'drying_rack_for_clothes': 88, 'drying_rack_for_dishes': 89, 'dust_pan': 90, 'dvd_player': 91, 'earbuds': 92, 'earring': 93, 'egg': 94, 'egg_carton': 95, 'envelope': 96, 'eraser_white_board': 97, 'extension_cable': 98, 'eyeglasses': 99, 'fan': 100, 'figurine_or_statue': 101, 'first_aid_kit': 102, 'flashlight': 103, 'floss_container': 104, 'flour_container': 105, 'fork': 106, 'frying_pan': 107, 'full_sized_towel': 108, 'glue_container': 109, 'hair_brush': 110, 'hair_dryer': 111, 'hairclip': 112, 'hairtie': 113, 'hammer': 114, 'hand_mirror': 115, 'hand_towel_or_rag': 116, 'handbag': 117, 'hat': 118, 'headphones_over_ear': 119, 'helmet': 120, 'honey_container': 121, 'ice': 122, 'ice_cube_tray': 123, 'iron_for_clothes': 124, 'ironing_board': 125, 'jam': 126, 'jar': 127, 'jeans': 128, 'kettle': 129, 'key_chain': 130, 'keyboard': 131, 'ladle': 132, 'lampshade': 133, 'laptop_charger': 134, 'laptop_open': 135, 'leaf': 136, 'leggings': 137, 'lemon': 138, 'letter_opener': 139, 'lettuce': 140, 'light_bulb': 141, 'lighter': 142, 'lipstick': 143, 'loofah': 144, 'magazine': 145, 'makeup': 146, 'makeup_brush': 147, 'marker': 148, 'match': 149, 'measuring_cup': 150, 'microwave': 151, 'milk': 152, 'mixing_salad_bowl': 153, 'monitor': 154, 'mouse_pad': 155, 'mouthwash': 156, 'mug': 157, 'multitool': 158, 'nail_clippers': 159, 'nail_fastener': 160, 'nail_file': 161, 'nail_polish': 162, 'napkin': 163, 'necklace': 164, 'newspaper': 165, 'night_light': 166, 'nightstand': 167, 'notebook': 168, 'notepad': 169, 'nut_for_screw': 170, 'orange': 171, 'oven_mitts': 172, 'padlock': 173, 'paint_can': 174, 'paintbrush': 175, 'paper': 176, 'paper_bag': 177, 'paper_plates': 178, 'paper_towel': 179, 'paperclip': 180, 'peeler': 181, 'pen': 182, 'pencil': 183, 'pepper_shaker': 184, 'pet_food_container': 185, 'phone_landline': 186, 'photograph_printed': 187, 'pill_bottle': 188, 'pill_organizer': 189, 'pillow': 190, 'pitcher': 191, 'placemat': 192, 'plastic_bag': 193, 'plastic_cup': 194, 'plastic_wrap': 195, 'plate': 196, 'playing_cards': 197, 'pliers': 198, 'plunger': 199}
2026-07-14 16:23:21,239 [data_manager.py] => [18, 170, 107, 98, 177, 182, 5, 146, 12, 152, 61, 125, 180, 154, 80, 7, 33, 130, 37, 74, 183, 145, 45, 159, 60, 123, 179, 185, 122, 44, 16, 55, 150, 111, 22, 189, 129, 4, 83, 106, 134, 66, 26, 113, 168, 63, 8, 75, 118, 143, 71, 124, 184, 97, 149, 24, 30, 160, 40, 56, 131, 96, 181, 19, 153, 92, 54, 163, 51, 86, 139, 90, 137, 101, 144, 89, 109, 14, 27, 141, 187, 46, 138, 195, 108, 62, 2, 59, 136, 197, 43, 10, 194, 73, 196, 178, 175, 126, 93, 112, 158, 191, 50, 0, 94, 110, 95, 64, 167, 41, 69, 49, 48, 85, 13, 161, 23, 186, 135, 20, 15, 78, 104, 52, 100, 76, 3, 116, 164, 198, 6, 68, 84, 121, 155, 171, 156, 91, 199, 11, 119, 102, 35, 57, 65, 1, 120, 162, 42, 105, 132, 173, 17, 38, 133, 53, 157, 128, 34, 28, 114, 151, 31, 166, 127, 176, 32, 142, 169, 147, 29, 99, 82, 79, 115, 148, 193, 72, 77, 25, 165, 81, 188, 174, 190, 39, 58, 140, 88, 70, 87, 36, 21, 9, 103, 67, 192, 117, 47, 172]
After shuffle, class_to_label is:  ['bills money', 'nut for screw', 'frying pan', 'extension cable', 'paper bag', 'pen', 'band aid', 'makeup', 'beer bottle', 'milk', 'coffee grinder', 'ironing board', 'paperclip', 'monitor', 'dress', 'baseball glove', 'bread knife', 'key chain', 'broom', 'detergent', 'pencil', 'magazine', 'canned food', 'nail clippers', 'coffee french press', 'ice cube tray', 'paper towel', 'pet food container', 'ice', 'candle', 'bicycle', 'chopstick', 'measuring cup', 'hair dryer', 'blender', 'pill organizer', 'kettle', 'banana', 'dress shoe men', 'fork', 'laptop charger', 'combination lock', 'bookend', 'hairtie', 'notebook', 'coffee table', 'basket', 'dish soap', 'hat', 'lipstick', 'cutting board', 'iron for clothes', 'pepper shaker', 'eraser white board', 'match', 'board game', 'bottle stopper', 'nail fastener', 'butter', 'clothes hamper', 'keyboard', 'envelope', 'peeler', 'binder closed', 'mixing salad bowl', 'earbuds', 'chocolate', 'napkin', 'chair', 'drinking cup', 'letter opener', 'dust pan', 'leggings', 'figurine or statue', 'loofah', 'drying rack for dishes', 'glue container', 'belt', 'boots', 'light bulb', 'photograph printed', 'cd case', 'lemon', 'plastic wrap', 'full sized towel', 'coffee machine', 'backpack', 'coffee beans', 'leaf', 'playing cards', 'can opener', 'battery', 'plastic cup', 'desk lamp', 'plate', 'paper plates', 'paintbrush', 'jam', 'earring', 'hairclip', 'multitool', 'pitcher', 'cereal', 'air freshener', 'egg', 'hair brush', 'egg carton', 'coin money', 'nightstand', 'button', 'cooking oil bottle', 'cellphone charger', 'cellphone case', 'drill', 'beer can', 'nail file', 'blouse', 'phone landline', 'laptop open', 'biscuits', 'bench', 'doormat', 'floss container', 'cheese', 'fan', 'document folder closed', 'baking sheet', 'hand towel or rag', 'necklace', 'pliers', 'baseball bat', 'contact lens case', 'dress shoe women', 'honey container', 'mouse pad', 'orange', 'mouthwash', 'dvd player', 'plunger', 'bed sheet', 'headphones over ear', 'first aid kit', 'briefcase', 'clothes hanger', 'comb', 'alarm clock', 'helmet', 'nail polish', 'calendar', 'flour container', 'ladle', 'padlock', 'bike pump', 'bucket', 'lampshade', 'chess piece', 'mug', 'jeans', 'bread loaf', 'bottle cap', 'hammer', 'microwave', 'box', 'night light', 'jar', 'paper', 'bracelet', 'lighter', 'notepad', 'makeup brush', 'bottle opener', 'eyeglasses', 'dress shirt', 'drawer open', 'hand mirror', 'marker', 'plastic bag', 'deodorant', 'dog bed', 'book closed', 'newspaper', 'dress pants', 'pill bottle', 'paint can', 'pillow', 'butchers knife', 'coaster', 'lettuce', 'drying rack for clothes', 'cork', 'drinking straw', 'brooch', 'blanket', 'bathrobe', 'flashlight', 'computer mouse', 'placemat', 'handbag', 'cellphone', 'oven mitts']
Training class stages: [100, 20, 20, 20, 20, 20]
Using CLIP model as the backbone
2026-07-14 16:23:48,152 [instantiator.py] => Created a temporary directory at /tmp/tmpnwyyjkl8
2026-07-14 16:23:48,153 [instantiator.py] => Writing /tmp/tmpnwyyjkl8/_remote_module_non_scriptable.py
2026-07-14 16:23:49,331 [factory.py] => Loaded ViT-B-16 model config.
2026-07-14 16:23:50,968 [factory.py] => Loading pretrained ViT-B-16 weights (/home/team/zhaohongwei/pretrained_models/open_clip_pytorch_model_laion400m_e32.bin).
/home/team/zhaohongwei/anaconda3/envs/mmcl/lib/python3.10/site-packages/torch/_utils.py:776: UserWarning: TypedStorage is deprecated. It will be removed in the future and UntypedStorage will be the only storage class. This should only matter to you if you are using storages directly.  To access UntypedStorage directly, use tensor.untyped_storage() instead of tensor.storage()
  return self.fget.__get__(instance, owner)()
Using CLIP model as the backbone
2026-07-14 16:23:58,810 [factory.py] => Loaded ViT-B-16 model config.
2026-07-14 16:24:00,287 [factory.py] => Loading pretrained ViT-B-16 weights (/home/team/zhaohongwei/pretrained_models/open_clip_pytorch_model_laion400m_e32.bin).
Traceback (most recent call last):
  File "/home/team/zhaohongwei/Code/Research/Awesome-MMCL/main.py", line 31, in <module>
    main()
  File "/home/team/zhaohongwei/Code/Research/Awesome-MMCL/main.py", line 14, in main
    train(args)
  File "/home/team/zhaohongwei/Code/Research/Awesome-MMCL/trainer.py", line 20, in train
    _train(args)
  File "/home/team/zhaohongwei/Code/Research/Awesome-MMCL/trainer.py", line 63, in _train
    model = factory.get_model(args["model_name"], args)
  File "/home/team/zhaohongwei/Code/Research/Awesome-MMCL/utils/factory.py", line 50, in get_model
    return Learner(args)
  File "/home/team/zhaohongwei/Code/Research/Awesome-MMCL/models/engine.py", line 43, in __init__
    self.new_des_dict = self._get_text_des(self.args['dataset'])
  File "/home/team/zhaohongwei/Code/Research/Awesome-MMCL/models/engine.py", line 50, in _get_text_des
    with open(des_path, 'r') as f:
FileNotFoundError: [Errno 2] No such file or directory: './utils/engine/chat/objectnet_des.json'
