2026-07-17 06:57:06,831 [main.py] => Evaluation for task 0 has started.
2026-07-17 06:57:33,725 [main.py] => CNN top1 curve: [99.4]
2026-07-17 06:57:33,726 [main.py] => Average Accuracy (CNN top1): 99.40
2026-07-17 06:57:33,728 [main.py] => Evaluation for task 1 has started.
2026-07-17 06:58:03,039 [main.py] => CNN top1 curve: [99.4, 95.1]
2026-07-17 06:58:03,040 [main.py] => Average Accuracy (CNN top1): 97.25
2026-07-17 06:58:03,042 [main.py] => Evaluation for task 2 has started.
2026-07-17 06:58:34,955 [main.py] => CNN top1 curve: [99.4, 95.1, 93.2]
2026-07-17 06:58:34,955 [main.py] => Average Accuracy (CNN top1): 95.90
2026-07-17 06:58:34,958 [main.py] => Evaluation for task 3 has started.
2026-07-17 06:59:11,295 [main.py] => CNN top1 curve: [99.4, 95.1, 93.2, 92.1]
2026-07-17 06:59:11,295 [main.py] => Average Accuracy (CNN top1): 94.95
2026-07-17 06:59:11,298 [main.py] => Evaluation for task 4 has started.
2026-07-17 06:59:52,214 [main.py] => CNN top1 curve: [99.4, 95.1, 93.2, 92.1, 90.04]
2026-07-17 06:59:52,215 [main.py] => Average Accuracy (CNN top1): 93.97
2026-07-17 06:59:52,220 [main.py] => Evaluation for task 5 has started.
2026-07-17 07:00:35,662 [main.py] => CNN top1 curve: [99.4, 95.1, 93.2, 92.1, 90.04, 89.47]
2026-07-17 07:00:35,662 [main.py] => Average Accuracy (CNN top1): 93.22
2026-07-17 07:00:35,667 [main.py] => Evaluation for task 6 has started.
2026-07-17 07:01:21,919 [main.py] => CNN top1 curve: [99.4, 95.1, 93.2, 92.1, 90.04, 89.47, 87.17]
2026-07-17 07:01:21,919 [main.py] => Average Accuracy (CNN top1): 92.35
2026-07-17 07:01:21,924 [main.py] => Evaluation for task 7 has started.
2026-07-17 07:02:12,117 [main.py] => CNN top1 curve: [99.4, 95.1, 93.2, 92.1, 90.04, 89.47, 87.17, 86.18]
2026-07-17 07:02:12,117 [main.py] => Average Accuracy (CNN top1): 91.58
2026-07-17 07:02:12,123 [main.py] => Evaluation for task 8 has started.
2026-07-17 07:03:06,327 [main.py] => CNN top1 curve: [99.4, 95.1, 93.2, 92.1, 90.04, 89.47, 87.17, 86.18, 84.42]
2026-07-17 07:03:06,328 [main.py] => Average Accuracy (CNN top1): 90.79
2026-07-17 07:03:06,334 [main.py] => Evaluation for task 9 has started.
2026-07-17 07:04:01,819 [main.py] => CNN top1 curve: [99.4, 95.1, 93.2, 92.1, 90.04, 89.47, 87.17, 86.18, 84.42, 82.6]
2026-07-17 07:04:01,819 [main.py] => Average Accuracy (CNN top1): 89.97
2026-07-17 07:04:01,827 [main.py] => Evaluation for task 10 has started.
2026-07-17 07:05:02,260 [main.py] => CNN top1 curve: [99.4, 95.1, 93.2, 92.1, 90.04, 89.47, 87.17, 86.18, 84.42, 82.6, 82.42]
2026-07-17 07:05:02,260 [main.py] => Average Accuracy (CNN top1): 89.28
2026-07-17 07:05:02,268 [main.py] => Evaluation for task 11 has started.
2026-07-17 07:06:07,609 [main.py] => CNN top1 curve: [99.4, 95.1, 93.2, 92.1, 90.04, 89.47, 87.17, 86.18, 84.42, 82.6, 82.42, 81.03]
2026-07-17 07:06:07,610 [main.py] => Average Accuracy (CNN top1): 88.59
2026-07-17 07:06:07,619 [main.py] => Evaluation for task 12 has started.
2026-07-17 07:07:16,098 [main.py] => CNN top1 curve: [99.4, 95.1, 93.2, 92.1, 90.04, 89.47, 87.17, 86.18, 84.42, 82.6, 82.42, 81.03, 81.18]
2026-07-17 07:07:16,098 [main.py] => Average Accuracy (CNN top1): 88.02
2026-07-17 07:07:16,107 [main.py] => Evaluation for task 13 has started.
2026-07-17 07:08:27,235 [main.py] => CNN top1 curve: [99.4, 95.1, 93.2, 92.1, 90.04, 89.47, 87.17, 86.18, 84.42, 82.6, 82.42, 81.03, 81.18, 80.86]
2026-07-17 07:08:27,235 [main.py] => Average Accuracy (CNN top1): 87.51
2026-07-17 07:08:27,245 [main.py] => Evaluation for task 14 has started.
2026-07-17 07:09:43,468 [main.py] => CNN top1 curve: [99.4, 95.1, 93.2, 92.1, 90.04, 89.47, 87.17, 86.18, 84.42, 82.6, 82.42, 81.03, 81.18, 80.86, 80.57]
2026-07-17 07:09:43,468 [main.py] => Average Accuracy (CNN top1): 87.05
2026-07-17 07:09:43,480 [main.py] => Evaluation for task 15 has started.
2026-07-17 07:11:01,703 [main.py] => CNN top1 curve: [99.4, 95.1, 93.2, 92.1, 90.04, 89.47, 87.17, 86.18, 84.42, 82.6, 82.42, 81.03, 81.18, 80.86, 80.57, 79.18]
2026-07-17 07:11:01,704 [main.py] => Average Accuracy (CNN top1): 86.56
2026-07-17 07:11:01,717 [main.py] => Evaluation for task 16 has started.
2026-07-17 07:12:24,713 [main.py] => CNN top1 curve: [99.4, 95.1, 93.2, 92.1, 90.04, 89.47, 87.17, 86.18, 84.42, 82.6, 82.42, 81.03, 81.18, 80.86, 80.57, 79.18, 79.02]
2026-07-17 07:12:24,714 [main.py] => Average Accuracy (CNN top1): 86.11
2026-07-17 07:12:24,731 [main.py] => Evaluation for task 17 has started.
2026-07-17 07:13:51,403 [main.py] => CNN top1 curve: [99.4, 95.1, 93.2, 92.1, 90.04, 89.47, 87.17, 86.18, 84.42, 82.6, 82.42, 81.03, 81.18, 80.86, 80.57, 79.18, 79.02, 77.41]
2026-07-17 07:13:51,404 [main.py] => Average Accuracy (CNN top1): 85.63
2026-07-17 07:13:51,421 [main.py] => Evaluation for task 18 has started.
2026-07-17 07:15:16,973 [main.py] => CNN top1 curve: [99.4, 95.1, 93.2, 92.1, 90.04, 89.47, 87.17, 86.18, 84.42, 82.6, 82.42, 81.03, 81.18, 80.86, 80.57, 79.18, 79.02, 77.41, 76.69]
2026-07-17 07:15:16,973 [main.py] => Average Accuracy (CNN top1): 85.16
2026-07-17 07:15:16,991 [main.py] => Evaluation for task 19 has started.
2026-07-17 07:16:53,821 [main.py] => CNN top1 curve: [99.4, 95.1, 93.2, 92.1, 90.04, 89.47, 87.17, 86.18, 84.42, 82.6, 82.42, 81.03, 81.18, 80.86, 80.57, 79.18, 79.02, 77.41, 76.69, 75.94]
2026-07-17 07:16:53,821 [main.py] => Average Accuracy (CNN top1): 84.70
2026-07-17 07:16:53,843 [main.py] => CNN top1 curve: [99.4, 95.1, 93.2, 92.1, 90.04, 89.47, 87.17, 86.18, 84.42, 82.6, 82.42, 81.03, 81.18, 80.86, 80.57, 79.18, 79.02, 77.41, 76.69, 75.94]
2026-07-17 07:16:53,844 [main.py] => Average Accuracy (CNN top1): 84.70
2026-07-17 07:16:53,844 [main.py] => Last Accuracy: 75.94
