2026-07-16 17:18:37,749 [main.py] => Evaluation for task 0 has started.
2026-07-16 17:21:09,020 [main.py] => CNN top1 curve: [86.97]
2026-07-16 17:21:09,020 [main.py] => Average Accuracy (CNN top1): 86.97
2026-07-16 17:21:09,022 [main.py] => Evaluation for task 1 has started.
2026-07-16 17:21:55,461 [main.py] => CNN top1 curve: [86.97, 86.69]
2026-07-16 17:21:55,462 [main.py] => Average Accuracy (CNN top1): 86.83
2026-07-16 17:21:55,463 [main.py] => Evaluation for task 2 has started.
2026-07-16 17:22:51,435 [main.py] => CNN top1 curve: [86.97, 86.69, 85.71]
2026-07-16 17:22:51,435 [main.py] => Average Accuracy (CNN top1): 86.46
2026-07-16 17:22:51,437 [main.py] => Evaluation for task 3 has started.
2026-07-16 17:23:43,277 [main.py] => CNN top1 curve: [86.97, 86.69, 85.71, 85.14]
2026-07-16 17:23:43,278 [main.py] => Average Accuracy (CNN top1): 86.13
2026-07-16 17:23:43,280 [main.py] => Evaluation for task 4 has started.
2026-07-16 17:24:41,599 [main.py] => CNN top1 curve: [86.97, 86.69, 85.71, 85.14, 84.15]
2026-07-16 17:24:41,599 [main.py] => Average Accuracy (CNN top1): 85.73
2026-07-16 17:24:41,601 [main.py] => Evaluation for task 5 has started.
2026-07-16 17:25:46,063 [main.py] => CNN top1 curve: [86.97, 86.69, 85.71, 85.14, 84.15, 84.15]
2026-07-16 17:25:46,063 [main.py] => Average Accuracy (CNN top1): 85.47
2026-07-16 17:25:46,065 [main.py] => Evaluation for task 6 has started.
2026-07-16 17:27:00,295 [main.py] => CNN top1 curve: [86.97, 86.69, 85.71, 85.14, 84.15, 84.15, 83.55]
2026-07-16 17:27:00,296 [main.py] => Average Accuracy (CNN top1): 85.19
2026-07-16 17:27:00,298 [main.py] => Evaluation for task 7 has started.
2026-07-16 17:28:17,226 [main.py] => CNN top1 curve: [86.97, 86.69, 85.71, 85.14, 84.15, 84.15, 83.55, 82.8]
2026-07-16 17:28:17,226 [main.py] => Average Accuracy (CNN top1): 84.89
2026-07-16 17:28:17,230 [main.py] => Evaluation for task 8 has started.
2026-07-16 17:29:39,611 [main.py] => CNN top1 curve: [86.97, 86.69, 85.71, 85.14, 84.15, 84.15, 83.55, 82.8, 83.03]
2026-07-16 17:29:39,612 [main.py] => Average Accuracy (CNN top1): 84.69
2026-07-16 17:29:39,616 [main.py] => Evaluation for task 9 has started.
2026-07-16 17:31:16,457 [main.py] => CNN top1 curve: [86.97, 86.69, 85.71, 85.14, 84.15, 84.15, 83.55, 82.8, 83.03, 82.32]
2026-07-16 17:31:16,457 [main.py] => Average Accuracy (CNN top1): 84.45
2026-07-16 17:31:16,462 [main.py] => Evaluation for task 10 has started.
2026-07-16 17:32:51,678 [main.py] => CNN top1 curve: [86.97, 86.69, 85.71, 85.14, 84.15, 84.15, 83.55, 82.8, 83.03, 82.32, 81.35]
2026-07-16 17:32:51,678 [main.py] => Average Accuracy (CNN top1): 84.17
2026-07-16 17:32:51,683 [main.py] => CNN top1 curve: [86.97, 86.69, 85.71, 85.14, 84.15, 84.15, 83.55, 82.8, 83.03, 82.32, 81.35]
2026-07-16 17:32:51,683 [main.py] => Average Accuracy (CNN top1): 84.17
2026-07-16 17:32:51,683 [main.py] => Last Accuracy: 81.35
