2026-07-17 08:01:25,270 [main.py] => Evaluation for task 0 has started.
2026-07-17 08:05:43,756 [main.py] => CNN top1 curve: [89.74]
2026-07-17 08:05:43,757 [main.py] => Average Accuracy (CNN top1): 89.74
2026-07-17 08:05:43,761 [main.py] => Evaluation for task 1 has started.
2026-07-17 08:07:19,124 [main.py] => CNN top1 curve: [89.74, 87.05]
2026-07-17 08:07:19,124 [main.py] => Average Accuracy (CNN top1): 88.40
2026-07-17 08:07:19,128 [main.py] => Evaluation for task 2 has started.
2026-07-17 08:09:00,514 [main.py] => CNN top1 curve: [89.74, 87.05, 84.8]
2026-07-17 08:09:00,514 [main.py] => Average Accuracy (CNN top1): 87.20
2026-07-17 08:09:00,519 [main.py] => Evaluation for task 3 has started.
2026-07-17 08:10:52,136 [main.py] => CNN top1 curve: [89.74, 87.05, 84.8, 83.4]
2026-07-17 08:10:52,137 [main.py] => Average Accuracy (CNN top1): 86.25
2026-07-17 08:10:52,141 [main.py] => Evaluation for task 4 has started.
2026-07-17 08:12:59,776 [main.py] => CNN top1 curve: [89.74, 87.05, 84.8, 83.4, 80.07]
2026-07-17 08:12:59,777 [main.py] => Average Accuracy (CNN top1): 85.01
2026-07-17 08:12:59,784 [main.py] => Evaluation for task 5 has started.
2026-07-17 08:15:16,403 [main.py] => CNN top1 curve: [89.74, 87.05, 84.8, 83.4, 80.07, 78.67]
2026-07-17 08:15:16,403 [main.py] => Average Accuracy (CNN top1): 83.95
2026-07-17 08:15:16,407 [main.py] => CNN top1 curve: [89.74, 87.05, 84.8, 83.4, 80.07, 78.67]
2026-07-17 08:15:16,407 [main.py] => Average Accuracy (CNN top1): 83.95
2026-07-17 08:15:16,407 [main.py] => Last Accuracy: 78.67
