2026-07-17 08:39:34,718 [main.py] => Evaluation for task 0 has started.
2026-07-17 08:40:27,918 [main.py] => CNN top1 curve: [96.7]
2026-07-17 08:40:27,918 [main.py] => Average Accuracy (CNN top1): 96.70
2026-07-17 08:40:27,923 [main.py] => Evaluation for task 1 has started.
2026-07-17 08:41:29,820 [main.py] => CNN top1 curve: [96.7, 93.1]
2026-07-17 08:41:29,820 [main.py] => Average Accuracy (CNN top1): 94.90
2026-07-17 08:41:29,823 [main.py] => Evaluation for task 2 has started.
2026-07-17 08:42:42,417 [main.py] => CNN top1 curve: [96.7, 93.1, 89.1]
2026-07-17 08:42:42,418 [main.py] => Average Accuracy (CNN top1): 92.97
2026-07-17 08:42:42,422 [main.py] => Evaluation for task 3 has started.
2026-07-17 08:44:03,989 [main.py] => CNN top1 curve: [96.7, 93.1, 89.1, 87.32]
2026-07-17 08:44:03,990 [main.py] => Average Accuracy (CNN top1): 91.56
2026-07-17 08:44:03,993 [main.py] => Evaluation for task 4 has started.
2026-07-17 08:45:36,695 [main.py] => CNN top1 curve: [96.7, 93.1, 89.1, 87.32, 83.46]
2026-07-17 08:45:36,696 [main.py] => Average Accuracy (CNN top1): 89.94
2026-07-17 08:45:36,701 [main.py] => Evaluation for task 5 has started.
2026-07-17 08:47:15,706 [main.py] => CNN top1 curve: [96.7, 93.1, 89.1, 87.32, 83.46, 83.07]
2026-07-17 08:47:15,706 [main.py] => Average Accuracy (CNN top1): 88.79
2026-07-17 08:47:15,711 [main.py] => Evaluation for task 6 has started.
2026-07-17 08:48:59,107 [main.py] => CNN top1 curve: [96.7, 93.1, 89.1, 87.32, 83.46, 83.07, 82.89]
2026-07-17 08:48:59,107 [main.py] => Average Accuracy (CNN top1): 87.95
2026-07-17 08:48:59,113 [main.py] => Evaluation for task 7 has started.
2026-07-17 08:50:54,797 [main.py] => CNN top1 curve: [96.7, 93.1, 89.1, 87.32, 83.46, 83.07, 82.89, 80.97]
2026-07-17 08:50:54,798 [main.py] => Average Accuracy (CNN top1): 87.08
2026-07-17 08:50:54,804 [main.py] => Evaluation for task 8 has started.
2026-07-17 08:52:54,784 [main.py] => CNN top1 curve: [96.7, 93.1, 89.1, 87.32, 83.46, 83.07, 82.89, 80.97, 79.23]
2026-07-17 08:52:54,784 [main.py] => Average Accuracy (CNN top1): 86.21
2026-07-17 08:52:54,791 [main.py] => Evaluation for task 9 has started.
2026-07-17 08:55:08,517 [main.py] => CNN top1 curve: [96.7, 93.1, 89.1, 87.32, 83.46, 83.07, 82.89, 80.97, 79.23, 77.58]
2026-07-17 08:55:08,517 [main.py] => Average Accuracy (CNN top1): 85.34
2026-07-17 08:55:08,524 [main.py] => CNN top1 curve: [96.7, 93.1, 89.1, 87.32, 83.46, 83.07, 82.89, 80.97, 79.23, 77.58]
2026-07-17 08:55:08,524 [main.py] => Average Accuracy (CNN top1): 85.34
2026-07-17 08:55:08,524 [main.py] => Last Accuracy: 77.58
