2026-07-16 16:34:15,410 [main.py] => Evaluation for task 0 has started.
2026-07-16 16:36:48,854 [main.py] => CNN top1 curve: [87.4]
2026-07-16 16:36:48,855 [main.py] => Average Accuracy (CNN top1): 87.40
2026-07-16 16:36:48,856 [main.py] => Evaluation for task 1 has started.
2026-07-16 16:37:54,619 [main.py] => CNN top1 curve: [87.4, 85.68]
2026-07-16 16:37:54,620 [main.py] => Average Accuracy (CNN top1): 86.54
2026-07-16 16:37:54,622 [main.py] => Evaluation for task 2 has started.
2026-07-16 16:39:03,234 [main.py] => CNN top1 curve: [87.4, 85.68, 84.48]
2026-07-16 16:39:03,234 [main.py] => Average Accuracy (CNN top1): 85.85
2026-07-16 16:39:03,236 [main.py] => Evaluation for task 3 has started.
2026-07-16 16:40:41,403 [main.py] => CNN top1 curve: [87.4, 85.68, 84.48, 83.75]
2026-07-16 16:40:41,403 [main.py] => Average Accuracy (CNN top1): 85.33
2026-07-16 16:40:41,405 [main.py] => Evaluation for task 4 has started.
2026-07-16 16:42:16,408 [main.py] => CNN top1 curve: [87.4, 85.68, 84.48, 83.75, 83.14]
2026-07-16 16:42:16,408 [main.py] => Average Accuracy (CNN top1): 84.89
2026-07-16 16:42:16,411 [main.py] => Evaluation for task 5 has started.
2026-07-16 16:43:49,594 [main.py] => CNN top1 curve: [87.4, 85.68, 84.48, 83.75, 83.14, 82.32]
2026-07-16 16:43:49,595 [main.py] => Average Accuracy (CNN top1): 84.46
2026-07-16 16:43:49,597 [main.py] => CNN top1 curve: [87.4, 85.68, 84.48, 83.75, 83.14, 82.32]
2026-07-16 16:43:49,597 [main.py] => Average Accuracy (CNN top1): 84.46
2026-07-16 16:43:49,597 [main.py] => Last Accuracy: 82.32
