2026-07-16 17:42:57,241 [main.py] => Evaluation for task 0 has started.
2026-07-16 17:43:16,663 [main.py] => CNN top1 curve: [95.58]
2026-07-16 17:43:16,664 [main.py] => Average Accuracy (CNN top1): 95.58
2026-07-16 17:43:16,664 [main.py] => Evaluation for task 1 has started.
2026-07-16 17:43:39,966 [main.py] => CNN top1 curve: [95.58, 94.05]
2026-07-16 17:43:39,966 [main.py] => Average Accuracy (CNN top1): 94.82
2026-07-16 17:43:39,967 [main.py] => Evaluation for task 2 has started.
2026-07-16 17:44:08,052 [main.py] => CNN top1 curve: [95.58, 94.05, 92.92]
2026-07-16 17:44:08,053 [main.py] => Average Accuracy (CNN top1): 94.19
2026-07-16 17:44:08,054 [main.py] => Evaluation for task 3 has started.
2026-07-16 17:44:59,943 [main.py] => CNN top1 curve: [95.58, 94.05, 92.92, 90.99]
2026-07-16 17:44:59,944 [main.py] => Average Accuracy (CNN top1): 93.39
2026-07-16 17:44:59,945 [main.py] => Evaluation for task 4 has started.
2026-07-16 17:46:11,579 [main.py] => CNN top1 curve: [95.58, 94.05, 92.92, 90.99, 90.26]
2026-07-16 17:46:11,579 [main.py] => Average Accuracy (CNN top1): 92.76
2026-07-16 17:46:11,581 [main.py] => Evaluation for task 5 has started.
2026-07-16 17:47:09,582 [main.py] => CNN top1 curve: [95.58, 94.05, 92.92, 90.99, 90.26, 88.79]
2026-07-16 17:47:09,583 [main.py] => Average Accuracy (CNN top1): 92.10
2026-07-16 17:47:09,585 [main.py] => Evaluation for task 6 has started.
2026-07-16 17:48:10,502 [main.py] => CNN top1 curve: [95.58, 94.05, 92.92, 90.99, 90.26, 88.79, 88.09]
2026-07-16 17:48:10,503 [main.py] => Average Accuracy (CNN top1): 91.53
2026-07-16 17:48:10,505 [main.py] => Evaluation for task 7 has started.
2026-07-16 17:49:34,875 [main.py] => CNN top1 curve: [95.58, 94.05, 92.92, 90.99, 90.26, 88.79, 88.09, 87.59]
2026-07-16 17:49:34,876 [main.py] => Average Accuracy (CNN top1): 91.04
2026-07-16 17:49:34,879 [main.py] => Evaluation for task 8 has started.
2026-07-16 17:50:55,634 [main.py] => CNN top1 curve: [95.58, 94.05, 92.92, 90.99, 90.26, 88.79, 88.09, 87.59, 85.79]
2026-07-16 17:50:55,635 [main.py] => Average Accuracy (CNN top1): 90.45
2026-07-16 17:50:55,638 [main.py] => Evaluation for task 9 has started.
2026-07-16 17:52:06,326 [main.py] => CNN top1 curve: [95.58, 94.05, 92.92, 90.99, 90.26, 88.79, 88.09, 87.59, 85.79, 83.69]
2026-07-16 17:52:06,326 [main.py] => Average Accuracy (CNN top1): 89.78
2026-07-16 17:52:06,334 [main.py] => Evaluation for task 10 has started.
2026-07-16 17:53:59,238 [main.py] => CNN top1 curve: [95.58, 94.05, 92.92, 90.99, 90.26, 88.79, 88.09, 87.59, 85.79, 83.69, 83.63]
2026-07-16 17:53:59,239 [main.py] => Average Accuracy (CNN top1): 89.22
2026-07-16 17:53:59,244 [main.py] => Evaluation for task 11 has started.
2026-07-16 17:55:28,178 [main.py] => CNN top1 curve: [95.58, 94.05, 92.92, 90.99, 90.26, 88.79, 88.09, 87.59, 85.79, 83.69, 83.63, 82.52]
2026-07-16 17:55:28,179 [main.py] => Average Accuracy (CNN top1): 88.66
2026-07-16 17:55:28,184 [main.py] => Evaluation for task 12 has started.
2026-07-16 17:57:02,219 [main.py] => CNN top1 curve: [95.58, 94.05, 92.92, 90.99, 90.26, 88.79, 88.09, 87.59, 85.79, 83.69, 83.63, 82.52, 81.82]
2026-07-16 17:57:02,219 [main.py] => Average Accuracy (CNN top1): 88.13
2026-07-16 17:57:02,225 [main.py] => Evaluation for task 13 has started.
2026-07-16 17:58:48,085 [main.py] => CNN top1 curve: [95.58, 94.05, 92.92, 90.99, 90.26, 88.79, 88.09, 87.59, 85.79, 83.69, 83.63, 82.52, 81.82, 81.13]
2026-07-16 17:58:48,085 [main.py] => Average Accuracy (CNN top1): 87.63
2026-07-16 17:58:48,091 [main.py] => Evaluation for task 14 has started.
2026-07-16 18:00:38,590 [main.py] => CNN top1 curve: [95.58, 94.05, 92.92, 90.99, 90.26, 88.79, 88.09, 87.59, 85.79, 83.69, 83.63, 82.52, 81.82, 81.13, 81.62]
2026-07-16 18:00:38,590 [main.py] => Average Accuracy (CNN top1): 87.23
2026-07-16 18:00:38,597 [main.py] => Evaluation for task 15 has started.
2026-07-16 18:02:45,326 [main.py] => CNN top1 curve: [95.58, 94.05, 92.92, 90.99, 90.26, 88.79, 88.09, 87.59, 85.79, 83.69, 83.63, 82.52, 81.82, 81.13, 81.62, 80.98]
2026-07-16 18:02:45,327 [main.py] => Average Accuracy (CNN top1): 86.84
2026-07-16 18:02:45,334 [main.py] => Evaluation for task 16 has started.
2026-07-16 18:04:38,544 [main.py] => CNN top1 curve: [95.58, 94.05, 92.92, 90.99, 90.26, 88.79, 88.09, 87.59, 85.79, 83.69, 83.63, 82.52, 81.82, 81.13, 81.62, 80.98, 80.13]
2026-07-16 18:04:38,545 [main.py] => Average Accuracy (CNN top1): 86.45
2026-07-16 18:04:38,553 [main.py] => Evaluation for task 17 has started.
2026-07-16 18:06:47,957 [main.py] => CNN top1 curve: [95.58, 94.05, 92.92, 90.99, 90.26, 88.79, 88.09, 87.59, 85.79, 83.69, 83.63, 82.52, 81.82, 81.13, 81.62, 80.98, 80.13, 80.7]
2026-07-16 18:06:47,957 [main.py] => Average Accuracy (CNN top1): 86.13
2026-07-16 18:06:47,966 [main.py] => Evaluation for task 18 has started.
2026-07-16 18:09:04,809 [main.py] => CNN top1 curve: [95.58, 94.05, 92.92, 90.99, 90.26, 88.79, 88.09, 87.59, 85.79, 83.69, 83.63, 82.52, 81.82, 81.13, 81.62, 80.98, 80.13, 80.7, 80.71]
2026-07-16 18:09:04,810 [main.py] => Average Accuracy (CNN top1): 85.84
2026-07-16 18:09:04,820 [main.py] => Evaluation for task 19 has started.
2026-07-16 18:11:24,687 [main.py] => CNN top1 curve: [95.58, 94.05, 92.92, 90.99, 90.26, 88.79, 88.09, 87.59, 85.79, 83.69, 83.63, 82.52, 81.82, 81.13, 81.62, 80.98, 80.13, 80.7, 80.71, 79.72]
2026-07-16 18:11:24,688 [main.py] => Average Accuracy (CNN top1): 85.54
2026-07-16 18:11:24,699 [main.py] => CNN top1 curve: [95.58, 94.05, 92.92, 90.99, 90.26, 88.79, 88.09, 87.59, 85.79, 83.69, 83.63, 82.52, 81.82, 81.13, 81.62, 80.98, 80.13, 80.7, 80.71, 79.72]
2026-07-16 18:11:24,700 [main.py] => Average Accuracy (CNN top1): 85.54
2026-07-16 18:11:24,700 [main.py] => Last Accuracy: 79.72
