2026-07-16 18:11:36,252 [main.py] => Evaluation for task 0 has started.
2026-07-16 18:12:43,955 [main.py] => CNN top1 curve: [94.78]
2026-07-16 18:12:43,956 [main.py] => Average Accuracy (CNN top1): 94.78
2026-07-16 18:12:43,957 [main.py] => Evaluation for task 1 has started.
2026-07-16 18:13:58,747 [main.py] => CNN top1 curve: [94.78, 91.22]
2026-07-16 18:13:58,749 [main.py] => Average Accuracy (CNN top1): 93.00
2026-07-16 18:13:58,752 [main.py] => Evaluation for task 2 has started.
2026-07-16 18:15:15,992 [main.py] => CNN top1 curve: [94.78, 91.22, 88.79]
2026-07-16 18:15:15,992 [main.py] => Average Accuracy (CNN top1): 91.59
2026-07-16 18:15:15,993 [main.py] => Evaluation for task 3 has started.
2026-07-16 18:16:45,597 [main.py] => CNN top1 curve: [94.78, 91.22, 88.79, 87.35]
2026-07-16 18:16:45,598 [main.py] => Average Accuracy (CNN top1): 90.53
2026-07-16 18:16:45,600 [main.py] => Evaluation for task 4 has started.
2026-07-16 18:18:29,164 [main.py] => CNN top1 curve: [94.78, 91.22, 88.79, 87.35, 84.19]
2026-07-16 18:18:29,165 [main.py] => Average Accuracy (CNN top1): 89.26
2026-07-16 18:18:29,167 [main.py] => Evaluation for task 5 has started.
2026-07-16 18:20:34,438 [main.py] => CNN top1 curve: [94.78, 91.22, 88.79, 87.35, 84.19, 84.06]
2026-07-16 18:20:34,438 [main.py] => Average Accuracy (CNN top1): 88.40
2026-07-16 18:20:34,440 [main.py] => Evaluation for task 6 has started.
2026-07-16 18:22:38,579 [main.py] => CNN top1 curve: [94.78, 91.22, 88.79, 87.35, 84.19, 84.06, 82.46]
2026-07-16 18:22:38,579 [main.py] => Average Accuracy (CNN top1): 87.55
2026-07-16 18:22:38,582 [main.py] => Evaluation for task 7 has started.
2026-07-16 18:25:07,826 [main.py] => CNN top1 curve: [94.78, 91.22, 88.79, 87.35, 84.19, 84.06, 82.46, 82.24]
2026-07-16 18:25:07,826 [main.py] => Average Accuracy (CNN top1): 86.89
2026-07-16 18:25:07,829 [main.py] => Evaluation for task 8 has started.
2026-07-16 18:27:41,595 [main.py] => CNN top1 curve: [94.78, 91.22, 88.79, 87.35, 84.19, 84.06, 82.46, 82.24, 81.35]
2026-07-16 18:27:41,595 [main.py] => Average Accuracy (CNN top1): 86.27
2026-07-16 18:27:41,599 [main.py] => Evaluation for task 9 has started.
2026-07-16 18:30:53,322 [main.py] => CNN top1 curve: [94.78, 91.22, 88.79, 87.35, 84.19, 84.06, 82.46, 82.24, 81.35, 80.83]
2026-07-16 18:30:53,322 [main.py] => Average Accuracy (CNN top1): 85.73
2026-07-16 18:30:53,327 [main.py] => CNN top1 curve: [94.78, 91.22, 88.79, 87.35, 84.19, 84.06, 82.46, 82.24, 81.35, 80.83]
2026-07-16 18:30:53,327 [main.py] => Average Accuracy (CNN top1): 85.73
2026-07-16 18:30:53,327 [main.py] => Last Accuracy: 80.83
