2026-07-16 17:00:29,663 [main.py] => Evaluation for task 0 has started.
2026-07-16 17:01:04,208 [main.py] => CNN top1 curve: [95.65]
2026-07-16 17:01:04,209 [main.py] => Average Accuracy (CNN top1): 95.65
2026-07-16 17:01:04,210 [main.py] => Evaluation for task 1 has started.
2026-07-16 17:01:47,036 [main.py] => CNN top1 curve: [95.65, 90.92]
2026-07-16 17:01:47,036 [main.py] => Average Accuracy (CNN top1): 93.28
2026-07-16 17:01:47,037 [main.py] => Evaluation for task 2 has started.
2026-07-16 17:02:41,573 [main.py] => CNN top1 curve: [95.65, 90.92, 89.31]
2026-07-16 17:02:41,573 [main.py] => Average Accuracy (CNN top1): 91.96
2026-07-16 17:02:41,575 [main.py] => Evaluation for task 3 has started.
2026-07-16 17:03:30,120 [main.py] => CNN top1 curve: [95.65, 90.92, 89.31, 87.23]
2026-07-16 17:03:30,120 [main.py] => Average Accuracy (CNN top1): 90.78
2026-07-16 17:03:30,122 [main.py] => Evaluation for task 4 has started.
2026-07-16 17:04:31,698 [main.py] => CNN top1 curve: [95.65, 90.92, 89.31, 87.23, 84.46]
2026-07-16 17:04:31,699 [main.py] => Average Accuracy (CNN top1): 89.51
2026-07-16 17:04:31,700 [main.py] => Evaluation for task 5 has started.
2026-07-16 17:05:49,059 [main.py] => CNN top1 curve: [95.65, 90.92, 89.31, 87.23, 84.46, 83.26]
2026-07-16 17:05:49,059 [main.py] => Average Accuracy (CNN top1): 88.47
2026-07-16 17:05:49,061 [main.py] => Evaluation for task 6 has started.
2026-07-16 17:06:54,464 [main.py] => CNN top1 curve: [95.65, 90.92, 89.31, 87.23, 84.46, 83.26, 82.65]
2026-07-16 17:06:54,465 [main.py] => Average Accuracy (CNN top1): 87.64
2026-07-16 17:06:54,467 [main.py] => Evaluation for task 7 has started.
2026-07-16 17:08:18,197 [main.py] => CNN top1 curve: [95.65, 90.92, 89.31, 87.23, 84.46, 83.26, 82.65, 82.5]
2026-07-16 17:08:18,197 [main.py] => Average Accuracy (CNN top1): 87.00
2026-07-16 17:08:18,200 [main.py] => Evaluation for task 8 has started.
2026-07-16 17:09:40,403 [main.py] => CNN top1 curve: [95.65, 90.92, 89.31, 87.23, 84.46, 83.26, 82.65, 82.5, 81.98]
2026-07-16 17:09:40,404 [main.py] => Average Accuracy (CNN top1): 86.44
2026-07-16 17:09:40,407 [main.py] => Evaluation for task 9 has started.
2026-07-16 17:11:12,193 [main.py] => CNN top1 curve: [95.65, 90.92, 89.31, 87.23, 84.46, 83.26, 82.65, 82.5, 81.98, 80.87]
2026-07-16 17:11:12,193 [main.py] => Average Accuracy (CNN top1): 85.88
2026-07-16 17:11:12,197 [main.py] => CNN top1 curve: [95.65, 90.92, 89.31, 87.23, 84.46, 83.26, 82.65, 82.5, 81.98, 80.87]
2026-07-16 17:11:12,197 [main.py] => Average Accuracy (CNN top1): 85.88
2026-07-16 17:11:12,197 [main.py] => Last Accuracy: 80.87
