2026-07-16 16:44:02,541 [main.py] => Evaluation for task 0 has started.
2026-07-16 16:44:20,754 [main.py] => CNN top1 curve: [97.16]
2026-07-16 16:44:20,754 [main.py] => Average Accuracy (CNN top1): 97.16
2026-07-16 16:44:20,755 [main.py] => Evaluation for task 1 has started.
2026-07-16 16:44:44,111 [main.py] => CNN top1 curve: [97.16, 94.34]
2026-07-16 16:44:44,112 [main.py] => Average Accuracy (CNN top1): 95.75
2026-07-16 16:44:44,113 [main.py] => Evaluation for task 2 has started.
2026-07-16 16:45:08,841 [main.py] => CNN top1 curve: [97.16, 94.34, 92.01]
2026-07-16 16:45:08,842 [main.py] => Average Accuracy (CNN top1): 94.50
2026-07-16 16:45:08,843 [main.py] => Evaluation for task 3 has started.
2026-07-16 16:45:39,050 [main.py] => CNN top1 curve: [97.16, 94.34, 92.01, 90.01]
2026-07-16 16:45:39,050 [main.py] => Average Accuracy (CNN top1): 93.38
2026-07-16 16:45:39,052 [main.py] => Evaluation for task 4 has started.
2026-07-16 16:46:07,884 [main.py] => CNN top1 curve: [97.16, 94.34, 92.01, 90.01, 89.9]
2026-07-16 16:46:07,885 [main.py] => Average Accuracy (CNN top1): 92.68
2026-07-16 16:46:07,886 [main.py] => Evaluation for task 5 has started.
2026-07-16 16:46:42,456 [main.py] => CNN top1 curve: [97.16, 94.34, 92.01, 90.01, 89.9, 88.69]
2026-07-16 16:46:42,457 [main.py] => Average Accuracy (CNN top1): 92.02
2026-07-16 16:46:42,459 [main.py] => Evaluation for task 6 has started.
2026-07-16 16:47:20,364 [main.py] => CNN top1 curve: [97.16, 94.34, 92.01, 90.01, 89.9, 88.69, 87.37]
2026-07-16 16:47:20,364 [main.py] => Average Accuracy (CNN top1): 91.35
2026-07-16 16:47:20,367 [main.py] => Evaluation for task 7 has started.
2026-07-16 16:48:00,129 [main.py] => CNN top1 curve: [97.16, 94.34, 92.01, 90.01, 89.9, 88.69, 87.37, 87.11]
2026-07-16 16:48:00,129 [main.py] => Average Accuracy (CNN top1): 90.82
2026-07-16 16:48:00,132 [main.py] => Evaluation for task 8 has started.
2026-07-16 16:48:43,324 [main.py] => CNN top1 curve: [97.16, 94.34, 92.01, 90.01, 89.9, 88.69, 87.37, 87.11, 85.72]
2026-07-16 16:48:43,324 [main.py] => Average Accuracy (CNN top1): 90.26
2026-07-16 16:48:43,327 [main.py] => Evaluation for task 9 has started.
2026-07-16 16:49:22,864 [main.py] => CNN top1 curve: [97.16, 94.34, 92.01, 90.01, 89.9, 88.69, 87.37, 87.11, 85.72, 83.85]
2026-07-16 16:49:22,865 [main.py] => Average Accuracy (CNN top1): 89.62
2026-07-16 16:49:22,868 [main.py] => Evaluation for task 10 has started.
2026-07-16 16:50:11,224 [main.py] => CNN top1 curve: [97.16, 94.34, 92.01, 90.01, 89.9, 88.69, 87.37, 87.11, 85.72, 83.85, 83.57]
2026-07-16 16:50:11,225 [main.py] => Average Accuracy (CNN top1): 89.07
2026-07-16 16:50:11,229 [main.py] => Evaluation for task 11 has started.
2026-07-16 16:51:06,916 [main.py] => CNN top1 curve: [97.16, 94.34, 92.01, 90.01, 89.9, 88.69, 87.37, 87.11, 85.72, 83.85, 83.57, 83.26]
2026-07-16 16:51:06,916 [main.py] => Average Accuracy (CNN top1): 88.58
2026-07-16 16:51:06,921 [main.py] => Evaluation for task 12 has started.
2026-07-16 16:52:02,302 [main.py] => CNN top1 curve: [97.16, 94.34, 92.01, 90.01, 89.9, 88.69, 87.37, 87.11, 85.72, 83.85, 83.57, 83.26, 81.36]
2026-07-16 16:52:02,303 [main.py] => Average Accuracy (CNN top1): 88.03
2026-07-16 16:52:02,308 [main.py] => Evaluation for task 13 has started.
2026-07-16 16:53:09,573 [main.py] => CNN top1 curve: [97.16, 94.34, 92.01, 90.01, 89.9, 88.69, 87.37, 87.11, 85.72, 83.85, 83.57, 83.26, 81.36, 81.66]
2026-07-16 16:53:09,573 [main.py] => Average Accuracy (CNN top1): 87.57
2026-07-16 16:53:09,579 [main.py] => Evaluation for task 14 has started.
2026-07-16 16:54:14,597 [main.py] => CNN top1 curve: [97.16, 94.34, 92.01, 90.01, 89.9, 88.69, 87.37, 87.11, 85.72, 83.85, 83.57, 83.26, 81.36, 81.66, 81.58]
2026-07-16 16:54:14,597 [main.py] => Average Accuracy (CNN top1): 87.17
2026-07-16 16:54:14,604 [main.py] => Evaluation for task 15 has started.
2026-07-16 16:55:23,812 [main.py] => CNN top1 curve: [97.16, 94.34, 92.01, 90.01, 89.9, 88.69, 87.37, 87.11, 85.72, 83.85, 83.57, 83.26, 81.36, 81.66, 81.58, 81.21]
2026-07-16 16:55:23,812 [main.py] => Average Accuracy (CNN top1): 86.80
2026-07-16 16:55:23,820 [main.py] => Evaluation for task 16 has started.
2026-07-16 16:56:31,717 [main.py] => CNN top1 curve: [97.16, 94.34, 92.01, 90.01, 89.9, 88.69, 87.37, 87.11, 85.72, 83.85, 83.57, 83.26, 81.36, 81.66, 81.58, 81.21, 80.46]
2026-07-16 16:56:31,717 [main.py] => Average Accuracy (CNN top1): 86.43
2026-07-16 16:56:31,726 [main.py] => Evaluation for task 17 has started.
2026-07-16 16:57:42,085 [main.py] => CNN top1 curve: [97.16, 94.34, 92.01, 90.01, 89.9, 88.69, 87.37, 87.11, 85.72, 83.85, 83.57, 83.26, 81.36, 81.66, 81.58, 81.21, 80.46, 80.8]
2026-07-16 16:57:42,086 [main.py] => Average Accuracy (CNN top1): 86.11
2026-07-16 16:57:42,095 [main.py] => Evaluation for task 18 has started.
2026-07-16 16:58:58,637 [main.py] => CNN top1 curve: [97.16, 94.34, 92.01, 90.01, 89.9, 88.69, 87.37, 87.11, 85.72, 83.85, 83.57, 83.26, 81.36, 81.66, 81.58, 81.21, 80.46, 80.8, 80.45]
2026-07-16 16:58:58,638 [main.py] => Average Accuracy (CNN top1): 85.82
2026-07-16 16:58:58,648 [main.py] => Evaluation for task 19 has started.
2026-07-16 17:00:19,489 [main.py] => CNN top1 curve: [97.16, 94.34, 92.01, 90.01, 89.9, 88.69, 87.37, 87.11, 85.72, 83.85, 83.57, 83.26, 81.36, 81.66, 81.58, 81.21, 80.46, 80.8, 80.45, 80.27]
2026-07-16 17:00:19,490 [main.py] => Average Accuracy (CNN top1): 85.54
2026-07-16 17:00:19,501 [main.py] => CNN top1 curve: [97.16, 94.34, 92.01, 90.01, 89.9, 88.69, 87.37, 87.11, 85.72, 83.85, 83.57, 83.26, 81.36, 81.66, 81.58, 81.21, 80.46, 80.8, 80.45, 80.27]
2026-07-16 17:00:19,502 [main.py] => Average Accuracy (CNN top1): 85.54
2026-07-16 17:00:19,502 [main.py] => Last Accuracy: 80.27
