2026-08-04 21:01:39,883 [main.py] => Evaluation for task 0 has started.
2026-08-04 21:02:31,041 [main.py] => CNN top1 curve: [96.6]
2026-08-04 21:02:31,041 [main.py] => Average Accuracy (CNN top1): 96.60
2026-08-04 21:02:31,046 [main.py] => Evaluation for task 1 has started.
2026-08-04 21:03:26,963 [main.py] => CNN top1 curve: [96.6, 93.65]
2026-08-04 21:03:26,963 [main.py] => Average Accuracy (CNN top1): 95.12
2026-08-04 21:03:26,967 [main.py] => Evaluation for task 2 has started.
2026-08-04 21:04:28,547 [main.py] => CNN top1 curve: [96.6, 93.65, 89.47]
2026-08-04 21:04:28,548 [main.py] => Average Accuracy (CNN top1): 93.24
2026-08-04 21:04:28,552 [main.py] => Evaluation for task 3 has started.
2026-08-04 21:05:36,120 [main.py] => CNN top1 curve: [96.6, 93.65, 89.47, 88.4]
2026-08-04 21:05:36,121 [main.py] => Average Accuracy (CNN top1): 92.03
2026-08-04 21:05:36,125 [main.py] => Evaluation for task 4 has started.
2026-08-04 21:06:51,619 [main.py] => CNN top1 curve: [96.6, 93.65, 89.47, 88.4, 83.48]
2026-08-04 21:06:51,619 [main.py] => Average Accuracy (CNN top1): 90.32
2026-08-04 21:06:51,624 [main.py] => Evaluation for task 5 has started.
2026-08-04 21:08:13,587 [main.py] => CNN top1 curve: [96.6, 93.65, 89.47, 88.4, 83.48, 84.67]
2026-08-04 21:08:13,588 [main.py] => Average Accuracy (CNN top1): 89.38
2026-08-04 21:08:13,594 [main.py] => Evaluation for task 6 has started.
2026-08-04 21:09:44,870 [main.py] => CNN top1 curve: [96.6, 93.65, 89.47, 88.4, 83.48, 84.67, 82.44]
2026-08-04 21:09:44,870 [main.py] => Average Accuracy (CNN top1): 88.39
2026-08-04 21:09:44,876 [main.py] => Evaluation for task 7 has started.
2026-08-04 21:11:21,650 [main.py] => CNN top1 curve: [96.6, 93.65, 89.47, 88.4, 83.48, 84.67, 82.44, 82.0]
2026-08-04 21:11:21,651 [main.py] => Average Accuracy (CNN top1): 87.59
2026-08-04 21:11:21,657 [main.py] => Evaluation for task 8 has started.
2026-08-04 21:13:06,302 [main.py] => CNN top1 curve: [96.6, 93.65, 89.47, 88.4, 83.48, 84.67, 82.44, 82.0, 79.74]
2026-08-04 21:13:06,302 [main.py] => Average Accuracy (CNN top1): 86.72
2026-08-04 21:13:06,309 [main.py] => Evaluation for task 9 has started.
2026-08-04 21:14:58,544 [main.py] => CNN top1 curve: [96.6, 93.65, 89.47, 88.4, 83.48, 84.67, 82.44, 82.0, 79.74, 76.75]
2026-08-04 21:14:58,545 [main.py] => Average Accuracy (CNN top1): 85.72
2026-08-04 21:14:58,553 [main.py] => CNN top1 curve: [96.6, 93.65, 89.47, 88.4, 83.48, 84.67, 82.44, 82.0, 79.74, 76.75]
2026-08-04 21:14:58,553 [main.py] => Average Accuracy (CNN top1): 85.72
2026-08-04 21:14:58,554 [main.py] => Last Accuracy: 76.75
2026-08-04 21:14:58,554 [main.py] => Finished cifar100_init10_inc10 seed=2026
2026-08-04 21:14:58,554 [main.py] => Backbone: OpenCLIP ViT-B/16 LAION-400M laion400m_e32
