2026-08-04 17:52:48,099 [main.py] => Evaluation for task 0 has started.
2026-08-04 17:53:39,398 [main.py] => CNN top1 curve: [97.3]
2026-08-04 17:53:39,398 [main.py] => Average Accuracy (CNN top1): 97.30
2026-08-04 17:53:39,402 [main.py] => Evaluation for task 1 has started.
2026-08-04 17:54:35,990 [main.py] => CNN top1 curve: [97.3, 93.9]
2026-08-04 17:54:35,990 [main.py] => Average Accuracy (CNN top1): 95.60
2026-08-04 17:54:35,994 [main.py] => Evaluation for task 2 has started.
2026-08-04 17:55:37,805 [main.py] => CNN top1 curve: [97.3, 93.9, 90.9]
2026-08-04 17:55:37,805 [main.py] => Average Accuracy (CNN top1): 94.03
2026-08-04 17:55:37,808 [main.py] => Evaluation for task 3 has started.
2026-08-04 17:56:47,401 [main.py] => CNN top1 curve: [97.3, 93.9, 90.9, 88.08]
2026-08-04 17:56:47,402 [main.py] => Average Accuracy (CNN top1): 92.54
2026-08-04 17:56:47,410 [main.py] => Evaluation for task 4 has started.
2026-08-04 17:58:02,966 [main.py] => CNN top1 curve: [97.3, 93.9, 90.9, 88.08, 84.82]
2026-08-04 17:58:02,967 [main.py] => Average Accuracy (CNN top1): 91.00
2026-08-04 17:58:02,973 [main.py] => Evaluation for task 5 has started.
2026-08-04 17:59:23,272 [main.py] => CNN top1 curve: [97.3, 93.9, 90.9, 88.08, 84.82, 84.35]
2026-08-04 17:59:23,272 [main.py] => Average Accuracy (CNN top1): 89.89
2026-08-04 17:59:23,278 [main.py] => Evaluation for task 6 has started.
2026-08-04 18:00:50,850 [main.py] => CNN top1 curve: [97.3, 93.9, 90.9, 88.08, 84.82, 84.35, 83.6]
2026-08-04 18:00:50,851 [main.py] => Average Accuracy (CNN top1): 88.99
2026-08-04 18:00:50,862 [main.py] => Evaluation for task 7 has started.
2026-08-04 18:02:25,770 [main.py] => CNN top1 curve: [97.3, 93.9, 90.9, 88.08, 84.82, 84.35, 83.6, 82.46]
2026-08-04 18:02:25,771 [main.py] => Average Accuracy (CNN top1): 88.18
2026-08-04 18:02:25,778 [main.py] => Evaluation for task 8 has started.
2026-08-04 18:04:07,629 [main.py] => CNN top1 curve: [97.3, 93.9, 90.9, 88.08, 84.82, 84.35, 83.6, 82.46, 80.16]
2026-08-04 18:04:07,630 [main.py] => Average Accuracy (CNN top1): 87.28
2026-08-04 18:04:07,638 [main.py] => Evaluation for task 9 has started.
2026-08-04 18:05:56,979 [main.py] => CNN top1 curve: [97.3, 93.9, 90.9, 88.08, 84.82, 84.35, 83.6, 82.46, 80.16, 76.35]
2026-08-04 18:05:56,979 [main.py] => Average Accuracy (CNN top1): 86.19
2026-08-04 18:05:56,986 [main.py] => CNN top1 curve: [97.3, 93.9, 90.9, 88.08, 84.82, 84.35, 83.6, 82.46, 80.16, 76.35]
2026-08-04 18:05:56,986 [main.py] => Average Accuracy (CNN top1): 86.19
2026-08-04 18:05:56,986 [main.py] => Last Accuracy: 76.35
2026-08-04 18:05:56,986 [main.py] => Finished cifar100_init10_inc10 seed=1993
2026-08-04 18:05:56,986 [main.py] => Backbone: OpenCLIP ViT-B/16 LAION-400M laion400m_e32
