2026-08-04 19:56:47,607 [main.py] => Evaluation for task 0 has started.
2026-08-04 19:57:38,838 [main.py] => CNN top1 curve: [97.4]
2026-08-04 19:57:38,839 [main.py] => Average Accuracy (CNN top1): 97.40
2026-08-04 19:57:38,841 [main.py] => Evaluation for task 1 has started.
2026-08-04 19:58:35,018 [main.py] => CNN top1 curve: [97.4, 93.4]
2026-08-04 19:58:35,019 [main.py] => Average Accuracy (CNN top1): 95.40
2026-08-04 19:58:35,022 [main.py] => Evaluation for task 2 has started.
2026-08-04 19:59:36,327 [main.py] => CNN top1 curve: [97.4, 93.4, 90.67]
2026-08-04 19:59:36,327 [main.py] => Average Accuracy (CNN top1): 93.82
2026-08-04 19:59:36,330 [main.py] => Evaluation for task 3 has started.
2026-08-04 20:00:43,631 [main.py] => CNN top1 curve: [97.4, 93.4, 90.67, 88.05]
2026-08-04 20:00:43,632 [main.py] => Average Accuracy (CNN top1): 92.38
2026-08-04 20:00:43,635 [main.py] => Evaluation for task 4 has started.
2026-08-04 20:01:57,122 [main.py] => CNN top1 curve: [97.4, 93.4, 90.67, 88.05, 83.74]
2026-08-04 20:01:57,122 [main.py] => Average Accuracy (CNN top1): 90.65
2026-08-04 20:01:57,126 [main.py] => Evaluation for task 5 has started.
2026-08-04 20:03:17,481 [main.py] => CNN top1 curve: [97.4, 93.4, 90.67, 88.05, 83.74, 84.68]
2026-08-04 20:03:17,481 [main.py] => Average Accuracy (CNN top1): 89.66
2026-08-04 20:03:17,486 [main.py] => Evaluation for task 6 has started.
2026-08-04 20:04:45,203 [main.py] => CNN top1 curve: [97.4, 93.4, 90.67, 88.05, 83.74, 84.68, 83.31]
2026-08-04 20:04:45,203 [main.py] => Average Accuracy (CNN top1): 88.75
2026-08-04 20:04:45,208 [main.py] => Evaluation for task 7 has started.
2026-08-04 20:06:22,155 [main.py] => CNN top1 curve: [97.4, 93.4, 90.67, 88.05, 83.74, 84.68, 83.31, 81.21]
2026-08-04 20:06:22,155 [main.py] => Average Accuracy (CNN top1): 87.81
2026-08-04 20:06:22,161 [main.py] => Evaluation for task 8 has started.
2026-08-04 20:08:06,820 [main.py] => CNN top1 curve: [97.4, 93.4, 90.67, 88.05, 83.74, 84.68, 83.31, 81.21, 78.9]
2026-08-04 20:08:06,820 [main.py] => Average Accuracy (CNN top1): 86.82
2026-08-04 20:08:06,828 [main.py] => Evaluation for task 9 has started.
2026-08-04 20:09:57,751 [main.py] => CNN top1 curve: [97.4, 93.4, 90.67, 88.05, 83.74, 84.68, 83.31, 81.21, 78.9, 77.44]
2026-08-04 20:09:57,751 [main.py] => Average Accuracy (CNN top1): 85.88
2026-08-04 20:09:57,758 [main.py] => CNN top1 curve: [97.4, 93.4, 90.67, 88.05, 83.74, 84.68, 83.31, 81.21, 78.9, 77.44]
2026-08-04 20:09:57,758 [main.py] => Average Accuracy (CNN top1): 85.88
2026-08-04 20:09:57,758 [main.py] => Last Accuracy: 77.44
2026-08-04 20:09:57,758 [main.py] => Finished cifar100_init10_inc10 seed=42
2026-08-04 20:09:57,758 [main.py] => Backbone: OpenCLIP ViT-B/16 LAION-400M laion400m_e32
