2026-08-04 19:49:56,221 [main.py] => Evaluation for task 0 has started.
2026-08-04 19:51:04,832 [main.py] => CNN top1 curve: [75.94]
2026-08-04 19:51:04,832 [main.py] => Average Accuracy (CNN top1): 75.94
2026-08-04 19:51:04,835 [main.py] => Evaluation for task 1 has started.
2026-08-04 19:51:52,715 [main.py] => CNN top1 curve: [75.94, 71.46]
2026-08-04 19:51:52,715 [main.py] => Average Accuracy (CNN top1): 73.70
2026-08-04 19:51:52,716 [main.py] => Evaluation for task 2 has started.
2026-08-04 19:52:49,495 [main.py] => CNN top1 curve: [75.94, 71.46, 70.36]
2026-08-04 19:52:49,495 [main.py] => Average Accuracy (CNN top1): 72.59
2026-08-04 19:52:49,497 [main.py] => Evaluation for task 3 has started.
2026-08-04 19:53:53,776 [main.py] => CNN top1 curve: [75.94, 71.46, 70.36, 65.33]
2026-08-04 19:53:53,777 [main.py] => Average Accuracy (CNN top1): 70.77
2026-08-04 19:53:53,778 [main.py] => Evaluation for task 4 has started.
2026-08-04 19:55:09,152 [main.py] => CNN top1 curve: [75.94, 71.46, 70.36, 65.33, 61.85]
2026-08-04 19:55:09,152 [main.py] => Average Accuracy (CNN top1): 68.99
2026-08-04 19:55:09,155 [main.py] => Evaluation for task 5 has started.
2026-08-04 19:56:36,588 [main.py] => CNN top1 curve: [75.94, 71.46, 70.36, 65.33, 61.85, 60.42]
2026-08-04 19:56:36,589 [main.py] => Average Accuracy (CNN top1): 67.56
2026-08-04 19:56:36,591 [main.py] => CNN top1 curve: [75.94, 71.46, 70.36, 65.33, 61.85, 60.42]
2026-08-04 19:56:36,591 [main.py] => Average Accuracy (CNN top1): 67.56
2026-08-04 19:56:36,591 [main.py] => Last Accuracy: 60.42
2026-08-04 19:56:36,591 [main.py] => Finished cub200_init100_inc20 seed=0
2026-08-04 19:56:36,591 [main.py] => Backbone: OpenCLIP ViT-B/16 LAION-400M laion400m_e32
