2026-08-04 21:49:58,745 [main.py] => Evaluation for task 0 has started.
2026-08-04 21:50:15,713 [main.py] => CNN top1 curve: [94.44]
2026-08-04 21:50:15,714 [main.py] => Average Accuracy (CNN top1): 94.44
2026-08-04 21:50:15,715 [main.py] => Evaluation for task 1 has started.
2026-08-04 21:50:37,626 [main.py] => CNN top1 curve: [94.44, 84.55]
2026-08-04 21:50:37,626 [main.py] => Average Accuracy (CNN top1): 89.50
2026-08-04 21:50:37,627 [main.py] => Evaluation for task 2 has started.
2026-08-04 21:51:08,653 [main.py] => CNN top1 curve: [94.44, 84.55, 76.39]
2026-08-04 21:51:08,653 [main.py] => Average Accuracy (CNN top1): 85.13
2026-08-04 21:51:08,655 [main.py] => Evaluation for task 3 has started.
2026-08-04 21:51:49,339 [main.py] => CNN top1 curve: [94.44, 84.55, 76.39, 73.3]
2026-08-04 21:51:49,340 [main.py] => Average Accuracy (CNN top1): 82.17
2026-08-04 21:51:49,342 [main.py] => Evaluation for task 4 has started.
2026-08-04 21:52:38,084 [main.py] => CNN top1 curve: [94.44, 84.55, 76.39, 73.3, 70.43]
2026-08-04 21:52:38,085 [main.py] => Average Accuracy (CNN top1): 79.82
2026-08-04 21:52:38,087 [main.py] => Evaluation for task 5 has started.
2026-08-04 21:53:38,939 [main.py] => CNN top1 curve: [94.44, 84.55, 76.39, 73.3, 70.43, 66.93]
2026-08-04 21:53:38,939 [main.py] => Average Accuracy (CNN top1): 77.67
2026-08-04 21:53:38,941 [main.py] => Evaluation for task 6 has started.
2026-08-04 21:54:45,404 [main.py] => CNN top1 curve: [94.44, 84.55, 76.39, 73.3, 70.43, 66.93, 65.41]
2026-08-04 21:54:45,404 [main.py] => Average Accuracy (CNN top1): 75.92
2026-08-04 21:54:45,407 [main.py] => Evaluation for task 7 has started.
2026-08-04 21:55:54,319 [main.py] => CNN top1 curve: [94.44, 84.55, 76.39, 73.3, 70.43, 66.93, 65.41, 62.43]
2026-08-04 21:55:54,319 [main.py] => Average Accuracy (CNN top1): 74.24
2026-08-04 21:55:54,322 [main.py] => Evaluation for task 8 has started.
2026-08-04 21:57:25,419 [main.py] => CNN top1 curve: [94.44, 84.55, 76.39, 73.3, 70.43, 66.93, 65.41, 62.43, 59.41]
2026-08-04 21:57:25,420 [main.py] => Average Accuracy (CNN top1): 72.59
2026-08-04 21:57:25,423 [main.py] => Evaluation for task 9 has started.
2026-08-04 21:59:01,865 [main.py] => CNN top1 curve: [94.44, 84.55, 76.39, 73.3, 70.43, 66.93, 65.41, 62.43, 59.41, 58.68]
2026-08-04 21:59:01,866 [main.py] => Average Accuracy (CNN top1): 71.20
2026-08-04 21:59:01,871 [main.py] => CNN top1 curve: [94.44, 84.55, 76.39, 73.3, 70.43, 66.93, 65.41, 62.43, 59.41, 58.68]
2026-08-04 21:59:01,872 [main.py] => Average Accuracy (CNN top1): 71.20
2026-08-04 21:59:01,872 [main.py] => Last Accuracy: 58.68
2026-08-04 21:59:01,873 [main.py] => Finished cub200_init20_inc20 seed=2026
2026-08-04 21:59:01,873 [main.py] => Backbone: OpenCLIP ViT-B/16 LAION-400M laion400m_e32
