2026-08-04 20:22:35,414 [main.py] => Evaluation for task 0 has started.
2026-08-04 20:23:10,947 [main.py] => CNN top1 curve: [93.76]
2026-08-04 20:23:10,948 [main.py] => Average Accuracy (CNN top1): 93.76
2026-08-04 20:23:10,951 [main.py] => Evaluation for task 1 has started.
2026-08-04 20:23:54,210 [main.py] => CNN top1 curve: [93.76, 91.14]
2026-08-04 20:23:54,210 [main.py] => Average Accuracy (CNN top1): 92.45
2026-08-04 20:23:54,212 [main.py] => Evaluation for task 2 has started.
2026-08-04 20:24:46,696 [main.py] => CNN top1 curve: [93.76, 91.14, 88.64]
2026-08-04 20:24:46,697 [main.py] => Average Accuracy (CNN top1): 91.18
2026-08-04 20:24:46,698 [main.py] => Evaluation for task 3 has started.
2026-08-04 20:25:41,882 [main.py] => CNN top1 curve: [93.76, 91.14, 88.64, 85.79]
2026-08-04 20:25:41,883 [main.py] => Average Accuracy (CNN top1): 89.83
2026-08-04 20:25:41,884 [main.py] => Evaluation for task 4 has started.
2026-08-04 20:26:48,132 [main.py] => CNN top1 curve: [93.76, 91.14, 88.64, 85.79, 82.88]
2026-08-04 20:26:48,132 [main.py] => Average Accuracy (CNN top1): 88.44
2026-08-04 20:26:48,134 [main.py] => Evaluation for task 5 has started.
2026-08-04 20:27:57,050 [main.py] => CNN top1 curve: [93.76, 91.14, 88.64, 85.79, 82.88, 83.07]
2026-08-04 20:27:57,050 [main.py] => Average Accuracy (CNN top1): 87.55
2026-08-04 20:27:57,052 [main.py] => Evaluation for task 6 has started.
2026-08-04 20:29:08,031 [main.py] => CNN top1 curve: [93.76, 91.14, 88.64, 85.79, 82.88, 83.07, 81.87]
2026-08-04 20:29:08,031 [main.py] => Average Accuracy (CNN top1): 86.74
2026-08-04 20:29:08,034 [main.py] => Evaluation for task 7 has started.
2026-08-04 20:30:34,115 [main.py] => CNN top1 curve: [93.76, 91.14, 88.64, 85.79, 82.88, 83.07, 81.87, 81.23]
2026-08-04 20:30:34,115 [main.py] => Average Accuracy (CNN top1): 86.05
2026-08-04 20:30:34,118 [main.py] => Evaluation for task 8 has started.
2026-08-04 20:32:00,205 [main.py] => CNN top1 curve: [93.76, 91.14, 88.64, 85.79, 82.88, 83.07, 81.87, 81.23, 80.83]
2026-08-04 20:32:00,205 [main.py] => Average Accuracy (CNN top1): 85.47
2026-08-04 20:32:00,209 [main.py] => Evaluation for task 9 has started.
2026-08-04 20:33:59,657 [main.py] => CNN top1 curve: [93.76, 91.14, 88.64, 85.79, 82.88, 83.07, 81.87, 81.23, 80.83, 79.3]
2026-08-04 20:33:59,657 [main.py] => Average Accuracy (CNN top1): 84.85
2026-08-04 20:33:59,661 [main.py] => CNN top1 curve: [93.76, 91.14, 88.64, 85.79, 82.88, 83.07, 81.87, 81.23, 80.83, 79.3]
2026-08-04 20:33:59,661 [main.py] => Average Accuracy (CNN top1): 84.85
2026-08-04 20:33:59,661 [main.py] => Last Accuracy: 79.30
2026-08-04 20:33:59,661 [main.py] => Finished imagenet_R_init20_inc20 seed=42
2026-08-04 20:33:59,661 [main.py] => Backbone: OpenCLIP ViT-B/16 LAION-400M laion400m_e32
