2026-08-04 19:20:33,144 [main.py] => Evaluation for task 0 has started.
2026-08-04 19:21:07,584 [main.py] => CNN top1 curve: [94.78]
2026-08-04 19:21:07,584 [main.py] => Average Accuracy (CNN top1): 94.78
2026-08-04 19:21:07,586 [main.py] => Evaluation for task 1 has started.
2026-08-04 19:21:47,825 [main.py] => CNN top1 curve: [94.78, 90.39]
2026-08-04 19:21:47,826 [main.py] => Average Accuracy (CNN top1): 92.58
2026-08-04 19:21:47,827 [main.py] => Evaluation for task 2 has started.
2026-08-04 19:22:33,711 [main.py] => CNN top1 curve: [94.78, 90.39, 88.84]
2026-08-04 19:22:33,711 [main.py] => Average Accuracy (CNN top1): 91.33
2026-08-04 19:22:33,713 [main.py] => Evaluation for task 3 has started.
2026-08-04 19:23:24,670 [main.py] => CNN top1 curve: [94.78, 90.39, 88.84, 85.63]
2026-08-04 19:23:24,670 [main.py] => Average Accuracy (CNN top1): 89.91
2026-08-04 19:23:24,672 [main.py] => Evaluation for task 4 has started.
2026-08-04 19:24:20,425 [main.py] => CNN top1 curve: [94.78, 90.39, 88.84, 85.63, 83.52]
2026-08-04 19:24:20,426 [main.py] => Average Accuracy (CNN top1): 88.63
2026-08-04 19:24:20,428 [main.py] => Evaluation for task 5 has started.
2026-08-04 19:25:28,679 [main.py] => CNN top1 curve: [94.78, 90.39, 88.84, 85.63, 83.52, 83.02]
2026-08-04 19:25:28,679 [main.py] => Average Accuracy (CNN top1): 87.69
2026-08-04 19:25:28,681 [main.py] => Evaluation for task 6 has started.
2026-08-04 19:26:40,018 [main.py] => CNN top1 curve: [94.78, 90.39, 88.84, 85.63, 83.52, 83.02, 82.44]
2026-08-04 19:26:40,019 [main.py] => Average Accuracy (CNN top1): 86.94
2026-08-04 19:26:40,021 [main.py] => Evaluation for task 7 has started.
2026-08-04 19:28:06,716 [main.py] => CNN top1 curve: [94.78, 90.39, 88.84, 85.63, 83.52, 83.02, 82.44, 81.95]
2026-08-04 19:28:06,716 [main.py] => Average Accuracy (CNN top1): 86.32
2026-08-04 19:28:06,720 [main.py] => Evaluation for task 8 has started.
2026-08-04 19:29:32,765 [main.py] => CNN top1 curve: [94.78, 90.39, 88.84, 85.63, 83.52, 83.02, 82.44, 81.95, 80.72]
2026-08-04 19:29:32,765 [main.py] => Average Accuracy (CNN top1): 85.70
2026-08-04 19:29:32,769 [main.py] => Evaluation for task 9 has started.
2026-08-04 19:31:08,337 [main.py] => CNN top1 curve: [94.78, 90.39, 88.84, 85.63, 83.52, 83.02, 82.44, 81.95, 80.72, 79.42]
2026-08-04 19:31:08,337 [main.py] => Average Accuracy (CNN top1): 85.07
2026-08-04 19:31:08,342 [main.py] => CNN top1 curve: [94.78, 90.39, 88.84, 85.63, 83.52, 83.02, 82.44, 81.95, 80.72, 79.42]
2026-08-04 19:31:08,342 [main.py] => Average Accuracy (CNN top1): 85.07
2026-08-04 19:31:08,342 [main.py] => Last Accuracy: 79.42
2026-08-04 19:31:08,343 [main.py] => Finished imagenet_R_init20_inc20 seed=0
2026-08-04 19:31:08,343 [main.py] => Backbone: OpenCLIP ViT-B/16 LAION-400M laion400m_e32
