2026-06-15 18:16:24,100 [trainer.py] => config: ./configs/zs_clip/zs_clip_cars_B50_Inc10.json
2026-06-15 18:16:24,100 [trainer.py] => prefix: -
2026-06-15 18:16:24,100 [trainer.py] => dataset: cars
2026-06-15 18:16:24,100 [trainer.py] => memory_size: 0
2026-06-15 18:16:24,100 [trainer.py] => memory_per_class: 0
2026-06-15 18:16:24,100 [trainer.py] => fixed_memory: False
2026-06-15 18:16:24,100 [trainer.py] => shuffle: True
2026-06-15 18:16:24,100 [trainer.py] => init_cls: 50
2026-06-15 18:16:24,100 [trainer.py] => increment: 10
2026-06-15 18:16:24,100 [trainer.py] => model_name: zs_clip
2026-06-15 18:16:24,100 [trainer.py] => backbone_type: clip
2026-06-15 18:16:24,100 [trainer.py] => device: [device(type='cuda', index=6)]
2026-06-15 18:16:24,100 [trainer.py] => seed: 2026
2026-06-15 18:16:24,100 [trainer.py] => total_class_num: 100
2026-06-15 18:16:24,126 [data_manager.py] => [98, 10, 4, 18, 88, 13, 8, 84, 79, 21, 85, 96, 53, 42, 52, 97, 74, 5, 58, 23, 90, 59, 16, 72, 75, 30, 43, 99, 44, 41, 0, 46, 61, 80, 65, 39, 70, 87, 89, 91, 82, 14, 12, 71, 50, 11, 15, 57, 22, 67, 45, 32, 78, 63, 66, 55, 31, 62, 35, 34, 19, 49, 24, 9, 37, 36, 3, 64, 40, 86, 81, 93, 47, 73, 17, 60, 68, 25, 38, 48, 33, 20, 83, 7, 27, 94, 54, 2, 92, 76, 69, 51, 28, 29, 95, 77, 56, 26, 6, 1]
2026-06-15 18:16:24,142 [factory.py] => Loaded ViT-B-16 model config.
2026-06-15 18:16:25,558 [factory.py] => Loading pretrained ViT-B-16 weights (/home/team/zhaohongwei/pretrained_models/open_clip_pytorch_model_laion400m_e32.bin).
2026-06-15 18:16:26,035 [factory.py] => Loaded ViT-B-16 model config.
2026-06-15 18:16:27,456 [factory.py] => Loading pretrained ViT-B-16 weights (/home/team/zhaohongwei/pretrained_models/open_clip_pytorch_model_laion400m_e32.bin).
2026-06-15 18:16:27,942 [zs_clip.py] => Learning on 0-50
2026-06-15 18:16:34,228 [trainer.py] => CNN: {'total': 86.06, '00-09': 70.94, '10-19': 94.22, '20-29': 80.58, '30-39': 93.43, '40-49': 90.49, 'old': 0, 'new': 86.06, 'harmonic': 0.0}
2026-06-15 18:16:34,228 [trainer.py] => CNN top1 curve: [86.06]
2026-06-15 18:16:34,229 [trainer.py] => CNN top5 curve: [97.58]
2026-06-15 18:16:34,229 [trainer.py] => CNN top10 curve: [98.62]
2026-06-15 18:16:34,229 [trainer.py] => Average Accuracy (CNN top1): 86.06
2026-06-15 18:16:34,230 [zs_clip.py] => Learning on 50-60
2026-06-15 18:16:41,578 [trainer.py] => CNN: {'total': 84.62, '00-09': 70.44, '10-19': 93.98, '20-29': 76.38, '30-39': 87.59, '40-49': 90.0, '50-59': 88.46, 'old': 83.84, 'new': 88.46, 'harmonic': 86.09}
2026-06-15 18:16:41,578 [trainer.py] => CNN top1 curve: [86.06, 84.62]
2026-06-15 18:16:41,578 [trainer.py] => CNN top5 curve: [97.58, 97.17]
2026-06-15 18:16:41,579 [trainer.py] => CNN top10 curve: [98.62, 98.61]
2026-06-15 18:16:41,579 [trainer.py] => Average Accuracy (CNN top1): 85.34
2026-06-15 18:16:41,581 [zs_clip.py] => Learning on 60-70
2026-06-15 18:16:50,107 [trainer.py] => CNN: {'total': 80.95, '00-09': 64.29, '10-19': 93.73, '20-29': 73.49, '30-39': 84.67, '40-49': 86.59, '50-59': 87.5, '60-69': 75.49, 'old': 81.88, 'new': 75.49, 'harmonic': 78.56}
2026-06-15 18:16:50,108 [trainer.py] => CNN top1 curve: [86.06, 84.62, 80.95]
2026-06-15 18:16:50,108 [trainer.py] => CNN top5 curve: [97.58, 97.17, 97.16]
2026-06-15 18:16:50,108 [trainer.py] => CNN top10 curve: [98.62, 98.61, 98.7]
2026-06-15 18:16:50,108 [trainer.py] => Average Accuracy (CNN top1): 83.87666666666667
2026-06-15 18:16:50,110 [zs_clip.py] => Learning on 70-80
2026-06-15 18:16:59,731 [trainer.py] => CNN: {'total': 79.85, '00-09': 63.3, '10-19': 93.73, '20-29': 70.6, '30-39': 84.18, '40-49': 85.85, '50-59': 86.78, '60-69': 74.27, '70-79': 78.97, 'old': 79.97, 'new': 78.97, 'harmonic': 79.47}
2026-06-15 18:16:59,731 [trainer.py] => CNN top1 curve: [86.06, 84.62, 80.95, 79.85]
2026-06-15 18:16:59,731 [trainer.py] => CNN top5 curve: [97.58, 97.17, 97.16, 97.38]
2026-06-15 18:16:59,731 [trainer.py] => CNN top10 curve: [98.62, 98.61, 98.7, 98.8]
2026-06-15 18:16:59,731 [trainer.py] => Average Accuracy (CNN top1): 82.87
2026-06-15 18:16:59,733 [zs_clip.py] => Learning on 80-90
2026-06-15 18:17:10,801 [trainer.py] => CNN: {'total': 77.24, '00-09': 62.56, '10-19': 93.73, '20-29': 61.42, '30-39': 83.7, '40-49': 80.0, '50-59': 86.54, '60-69': 72.33, '70-79': 78.72, '80-89': 74.7, 'old': 77.57, 'new': 74.7, 'harmonic': 76.11}
2026-06-15 18:17:10,801 [trainer.py] => CNN top1 curve: [86.06, 84.62, 80.95, 79.85, 77.24]
2026-06-15 18:17:10,802 [trainer.py] => CNN top5 curve: [97.58, 97.17, 97.16, 97.38, 97.32]
2026-06-15 18:17:10,802 [trainer.py] => CNN top10 curve: [98.62, 98.61, 98.7, 98.8, 98.66]
2026-06-15 18:17:10,802 [trainer.py] => Average Accuracy (CNN top1): 81.744
2026-06-15 18:17:10,803 [zs_clip.py] => Learning on 90-100
2026-06-15 18:17:23,410 [trainer.py] => CNN: {'total': 76.73, '00-09': 60.84, '10-19': 92.53, '20-29': 61.15, '30-39': 82.97, '40-49': 75.85, '50-59': 85.58, '60-69': 69.9, '70-79': 78.46, '80-89': 69.93, '90-99': 88.42, 'old': 75.38, 'new': 88.42, 'harmonic': 81.38}
2026-06-15 18:17:23,410 [trainer.py] => CNN top1 curve: [86.06, 84.62, 80.95, 79.85, 77.24, 76.73]
2026-06-15 18:17:23,410 [trainer.py] => CNN top5 curve: [97.58, 97.17, 97.16, 97.38, 97.32, 97.33]
2026-06-15 18:17:23,410 [trainer.py] => CNN top10 curve: [98.62, 98.61, 98.7, 98.8, 98.66, 98.68]
2026-06-15 18:17:23,411 [trainer.py] => Average Accuracy (CNN top1): 80.90833333333335
