2026-06-15 17:50:44,468 [trainer.py] => config: ./configs/zs_clip/zs_clip_cifar_B0_Inc10.json
2026-06-15 17:50:44,468 [trainer.py] => prefix: -
2026-06-15 17:50:44,468 [trainer.py] => dataset: cifar224
2026-06-15 17:50:44,468 [trainer.py] => memory_size: 0
2026-06-15 17:50:44,468 [trainer.py] => memory_per_class: 0
2026-06-15 17:50:44,468 [trainer.py] => fixed_memory: False
2026-06-15 17:50:44,468 [trainer.py] => shuffle: True
2026-06-15 17:50:44,468 [trainer.py] => init_cls: 10
2026-06-15 17:50:44,468 [trainer.py] => increment: 10
2026-06-15 17:50:44,468 [trainer.py] => model_name: zs_clip
2026-06-15 17:50:44,468 [trainer.py] => backbone_type: clip
2026-06-15 17:50:44,469 [trainer.py] => device: [device(type='cuda', index=6)]
2026-06-15 17:50:44,469 [trainer.py] => seed: 42
2026-06-15 17:50:44,469 [trainer.py] => total_class_num: 100
2026-06-15 17:50:45,460 [data_manager.py] => [83, 53, 70, 45, 44, 39, 22, 80, 10, 0, 18, 30, 73, 33, 90, 4, 76, 77, 12, 31, 55, 88, 26, 42, 69, 15, 40, 96, 9, 72, 11, 47, 85, 28, 93, 5, 66, 65, 35, 16, 49, 34, 7, 95, 27, 19, 81, 25, 62, 13, 24, 3, 17, 38, 8, 78, 6, 64, 36, 89, 56, 99, 54, 43, 50, 67, 46, 68, 61, 97, 79, 41, 58, 48, 98, 57, 75, 32, 94, 59, 63, 84, 37, 29, 1, 52, 21, 2, 23, 87, 91, 74, 86, 82, 20, 60, 71, 14, 92, 51]
2026-06-15 17:50:45,562 [factory.py] => Loaded ViT-B-16 model config.
2026-06-15 17:50:46,940 [factory.py] => Loading pretrained ViT-B-16 weights (/home/team/zhaohongwei/pretrained_models/open_clip_pytorch_model_laion400m_e32.bin).
2026-06-15 17:50:47,441 [factory.py] => Loaded ViT-B-16 model config.
2026-06-15 17:50:48,811 [factory.py] => Loading pretrained ViT-B-16 weights (/home/team/zhaohongwei/pretrained_models/open_clip_pytorch_model_laion400m_e32.bin).
2026-06-15 17:50:49,354 [zs_clip.py] => Learning on 0-10
2026-06-15 17:50:52,546 [trainer.py] => CNN: {'total': 91.3, '00-09': 91.3, 'old': 0, 'new': 91.3, 'harmonic': 0.0}
2026-06-15 17:50:52,547 [trainer.py] => CNN top1 curve: [91.3]
2026-06-15 17:50:52,547 [trainer.py] => CNN top5 curve: [99.4]
2026-06-15 17:50:52,547 [trainer.py] => CNN top10 curve: [100.0]
2026-06-15 17:50:52,547 [trainer.py] => Average Accuracy (CNN top1): 91.3
2026-06-15 17:50:52,548 [zs_clip.py] => Learning on 10-20
2026-06-15 17:50:58,295 [trainer.py] => CNN: {'total': 86.6, '00-09': 87.8, '10-19': 85.4, 'old': 87.8, 'new': 85.4, 'harmonic': 86.58}
2026-06-15 17:50:58,296 [trainer.py] => CNN top1 curve: [91.3, 86.6]
2026-06-15 17:50:58,296 [trainer.py] => CNN top5 curve: [99.4, 98.15]
2026-06-15 17:50:58,296 [trainer.py] => CNN top10 curve: [100.0, 99.7]
2026-06-15 17:50:58,296 [trainer.py] => Average Accuracy (CNN top1): 88.94999999999999
2026-06-15 17:50:58,298 [zs_clip.py] => Learning on 20-30
2026-06-15 17:51:06,804 [trainer.py] => CNN: {'total': 80.47, '00-09': 86.0, '10-19': 79.4, '20-29': 76.0, 'old': 82.7, 'new': 76.0, 'harmonic': 79.21}
2026-06-15 17:51:06,805 [trainer.py] => CNN top1 curve: [91.3, 86.6, 80.47]
2026-06-15 17:51:06,805 [trainer.py] => CNN top5 curve: [99.4, 98.15, 96.57]
2026-06-15 17:51:06,805 [trainer.py] => CNN top10 curve: [100.0, 99.7, 98.8]
2026-06-15 17:51:06,805 [trainer.py] => Average Accuracy (CNN top1): 86.12333333333333
2026-06-15 17:51:06,808 [zs_clip.py] => Learning on 30-40
2026-06-15 17:51:18,313 [trainer.py] => CNN: {'total': 79.6, '00-09': 83.9, '10-19': 78.4, '20-29': 72.9, '30-39': 83.2, 'old': 78.4, 'new': 83.2, 'harmonic': 80.73}
2026-06-15 17:51:18,314 [trainer.py] => CNN top1 curve: [91.3, 86.6, 80.47, 79.6]
2026-06-15 17:51:18,314 [trainer.py] => CNN top5 curve: [99.4, 98.15, 96.57, 96.02]
2026-06-15 17:51:18,314 [trainer.py] => CNN top10 curve: [100.0, 99.7, 98.8, 98.52]
2026-06-15 17:51:18,315 [trainer.py] => Average Accuracy (CNN top1): 84.4925
2026-06-15 17:51:18,317 [zs_clip.py] => Learning on 40-50
2026-06-15 17:51:33,491 [trainer.py] => CNN: {'total': 77.04, '00-09': 80.6, '10-19': 73.1, '20-29': 71.4, '30-39': 81.9, '40-49': 78.2, 'old': 76.75, 'new': 78.2, 'harmonic': 77.47}
2026-06-15 17:51:33,492 [trainer.py] => CNN top1 curve: [91.3, 86.6, 80.47, 79.6, 77.04]
2026-06-15 17:51:33,492 [trainer.py] => CNN top5 curve: [99.4, 98.15, 96.57, 96.02, 95.18]
2026-06-15 17:51:33,492 [trainer.py] => CNN top10 curve: [100.0, 99.7, 98.8, 98.52, 98.02]
2026-06-15 17:51:33,492 [trainer.py] => Average Accuracy (CNN top1): 83.00200000000001
2026-06-15 17:51:33,496 [zs_clip.py] => Learning on 50-60
2026-06-15 17:51:50,831 [trainer.py] => CNN: {'total': 76.17, '00-09': 77.8, '10-19': 71.1, '20-29': 70.0, '30-39': 80.0, '40-49': 75.7, '50-59': 82.4, 'old': 74.92, 'new': 82.4, 'harmonic': 78.48}
2026-06-15 17:51:50,832 [trainer.py] => CNN top1 curve: [91.3, 86.6, 80.47, 79.6, 77.04, 76.17]
2026-06-15 17:51:50,832 [trainer.py] => CNN top5 curve: [99.4, 98.15, 96.57, 96.02, 95.18, 94.47]
2026-06-15 17:51:50,832 [trainer.py] => CNN top10 curve: [100.0, 99.7, 98.8, 98.52, 98.02, 97.57]
2026-06-15 17:51:50,832 [trainer.py] => Average Accuracy (CNN top1): 81.86333333333334
2026-06-15 17:51:50,852 [zs_clip.py] => Learning on 60-70
2026-06-15 17:52:11,094 [trainer.py] => CNN: {'total': 74.61, '00-09': 75.1, '10-19': 68.7, '20-29': 68.2, '30-39': 78.2, '40-49': 75.1, '50-59': 79.7, '60-69': 77.3, 'old': 74.17, 'new': 77.3, 'harmonic': 75.7}
2026-06-15 17:52:11,095 [trainer.py] => CNN top1 curve: [91.3, 86.6, 80.47, 79.6, 77.04, 76.17, 74.61]
2026-06-15 17:52:11,095 [trainer.py] => CNN top5 curve: [99.4, 98.15, 96.57, 96.02, 95.18, 94.47, 93.67]
2026-06-15 17:52:11,095 [trainer.py] => CNN top10 curve: [100.0, 99.7, 98.8, 98.52, 98.02, 97.57, 97.04]
2026-06-15 17:52:11,095 [trainer.py] => Average Accuracy (CNN top1): 80.82714285714287
2026-06-15 17:52:11,116 [zs_clip.py] => Learning on 70-80
2026-06-15 17:52:35,414 [trainer.py] => CNN: {'total': 73.56, '00-09': 72.9, '10-19': 67.2, '20-29': 66.4, '30-39': 75.2, '40-49': 73.9, '50-59': 77.3, '60-69': 76.0, '70-79': 79.6, 'old': 72.7, 'new': 79.6, 'harmonic': 75.99}
2026-06-15 17:52:35,415 [trainer.py] => CNN top1 curve: [91.3, 86.6, 80.47, 79.6, 77.04, 76.17, 74.61, 73.56]
2026-06-15 17:52:35,415 [trainer.py] => CNN top5 curve: [99.4, 98.15, 96.57, 96.02, 95.18, 94.47, 93.67, 93.29]
2026-06-15 17:52:35,415 [trainer.py] => CNN top10 curve: [100.0, 99.7, 98.8, 98.52, 98.02, 97.57, 97.04, 96.75]
2026-06-15 17:52:35,415 [trainer.py] => Average Accuracy (CNN top1): 79.91875000000002
2026-06-15 17:52:35,434 [zs_clip.py] => Learning on 80-90
2026-06-15 17:53:01,557 [trainer.py] => CNN: {'total': 72.44, '00-09': 72.3, '10-19': 66.8, '20-29': 65.0, '30-39': 72.1, '40-49': 73.4, '50-59': 76.1, '60-69': 76.0, '70-79': 78.8, '80-89': 71.5, 'old': 72.56, 'new': 71.5, 'harmonic': 72.03}
2026-06-15 17:53:01,557 [trainer.py] => CNN top1 curve: [91.3, 86.6, 80.47, 79.6, 77.04, 76.17, 74.61, 73.56, 72.44]
2026-06-15 17:53:01,557 [trainer.py] => CNN top5 curve: [99.4, 98.15, 96.57, 96.02, 95.18, 94.47, 93.67, 93.29, 92.72]
2026-06-15 17:53:01,558 [trainer.py] => CNN top10 curve: [100.0, 99.7, 98.8, 98.52, 98.02, 97.57, 97.04, 96.75, 96.3]
2026-06-15 17:53:01,558 [trainer.py] => Average Accuracy (CNN top1): 79.0877777777778
2026-06-15 17:53:01,579 [zs_clip.py] => Learning on 90-100
2026-06-15 17:53:30,506 [trainer.py] => CNN: {'total': 71.38, '00-09': 71.1, '10-19': 64.2, '20-29': 64.5, '30-39': 71.4, '40-49': 70.1, '50-59': 75.3, '60-69': 74.6, '70-79': 78.0, '80-89': 69.7, '90-99': 74.9, 'old': 70.99, 'new': 74.9, 'harmonic': 72.89}
2026-06-15 17:53:30,506 [trainer.py] => CNN top1 curve: [91.3, 86.6, 80.47, 79.6, 77.04, 76.17, 74.61, 73.56, 72.44, 71.38]
2026-06-15 17:53:30,506 [trainer.py] => CNN top5 curve: [99.4, 98.15, 96.57, 96.02, 95.18, 94.47, 93.67, 93.29, 92.72, 92.15]
2026-06-15 17:53:30,506 [trainer.py] => CNN top10 curve: [100.0, 99.7, 98.8, 98.52, 98.02, 97.57, 97.04, 96.75, 96.3, 95.96]
2026-06-15 17:53:30,507 [trainer.py] => Average Accuracy (CNN top1): 78.31700000000002
