2026-06-15 18:05:47,418 [trainer.py] => config: ./configs/zs_clip/zs_clip_cifar_B50_Inc10.json
2026-06-15 18:05:47,418 [trainer.py] => prefix: -
2026-06-15 18:05:47,418 [trainer.py] => dataset: cifar224
2026-06-15 18:05:47,418 [trainer.py] => memory_size: 0
2026-06-15 18:05:47,418 [trainer.py] => memory_per_class: 0
2026-06-15 18:05:47,418 [trainer.py] => fixed_memory: False
2026-06-15 18:05:47,418 [trainer.py] => shuffle: True
2026-06-15 18:05:47,418 [trainer.py] => init_cls: 50
2026-06-15 18:05:47,418 [trainer.py] => increment: 10
2026-06-15 18:05:47,418 [trainer.py] => model_name: zs_clip
2026-06-15 18:05:47,418 [trainer.py] => backbone_type: clip
2026-06-15 18:05:47,418 [trainer.py] => device: [device(type='cuda', index=6)]
2026-06-15 18:05:47,418 [trainer.py] => seed: 2026
2026-06-15 18:05:47,418 [trainer.py] => total_class_num: 100
2026-06-15 18:05:48,401 [data_manager.py] => [98, 10, 4, 18, 88, 13, 8, 84, 79, 21, 85, 96, 53, 42, 52, 97, 74, 5, 58, 23, 90, 59, 16, 72, 75, 30, 43, 99, 44, 41, 0, 46, 61, 80, 65, 39, 70, 87, 89, 91, 82, 14, 12, 71, 50, 11, 15, 57, 22, 67, 45, 32, 78, 63, 66, 55, 31, 62, 35, 34, 19, 49, 24, 9, 37, 36, 3, 64, 40, 86, 81, 93, 47, 73, 17, 60, 68, 25, 38, 48, 33, 20, 83, 7, 27, 94, 54, 2, 92, 76, 69, 51, 28, 29, 95, 77, 56, 26, 6, 1]
2026-06-15 18:05:48,518 [factory.py] => Loaded ViT-B-16 model config.
2026-06-15 18:05:50,185 [factory.py] => Loading pretrained ViT-B-16 weights (/home/team/zhaohongwei/pretrained_models/open_clip_pytorch_model_laion400m_e32.bin).
2026-06-15 18:05:50,637 [factory.py] => Loaded ViT-B-16 model config.
2026-06-15 18:05:51,921 [factory.py] => Loading pretrained ViT-B-16 weights (/home/team/zhaohongwei/pretrained_models/open_clip_pytorch_model_laion400m_e32.bin).
2026-06-15 18:05:52,403 [zs_clip.py] => Learning on 0-50
2026-06-15 18:06:06,248 [trainer.py] => CNN: {'total': 80.7, '00-09': 79.7, '10-19': 76.6, '20-29': 80.4, '30-39': 81.4, '40-49': 85.4, 'old': 0, 'new': 80.7, 'harmonic': 0.0}
2026-06-15 18:06:06,249 [trainer.py] => CNN top1 curve: [80.7]
2026-06-15 18:06:06,249 [trainer.py] => CNN top5 curve: [96.2]
2026-06-15 18:06:06,249 [trainer.py] => CNN top10 curve: [98.54]
2026-06-15 18:06:06,249 [trainer.py] => Average Accuracy (CNN top1): 80.7
2026-06-15 18:06:06,250 [zs_clip.py] => Learning on 50-60
2026-06-15 18:06:23,520 [trainer.py] => CNN: {'total': 75.18, '00-09': 77.4, '10-19': 74.3, '20-29': 77.1, '30-39': 75.6, '40-49': 83.7, '50-59': 63.0, 'old': 77.62, 'new': 63.0, 'harmonic': 69.55}
2026-06-15 18:06:23,520 [trainer.py] => CNN top1 curve: [80.7, 75.18]
2026-06-15 18:06:23,520 [trainer.py] => CNN top5 curve: [96.2, 93.97]
2026-06-15 18:06:23,520 [trainer.py] => CNN top10 curve: [98.54, 97.25]
2026-06-15 18:06:23,520 [trainer.py] => Average Accuracy (CNN top1): 77.94
2026-06-15 18:06:23,535 [zs_clip.py] => Learning on 60-70
2026-06-15 18:06:43,774 [trainer.py] => CNN: {'total': 74.97, '00-09': 76.1, '10-19': 73.5, '20-29': 76.0, '30-39': 74.9, '40-49': 81.2, '50-59': 61.1, '60-69': 82.0, 'old': 73.8, 'new': 82.0, 'harmonic': 77.68}
2026-06-15 18:06:43,774 [trainer.py] => CNN top1 curve: [80.7, 75.18, 74.97]
2026-06-15 18:06:43,774 [trainer.py] => CNN top5 curve: [96.2, 93.97, 93.61]
2026-06-15 18:06:43,774 [trainer.py] => CNN top10 curve: [98.54, 97.25, 97.01]
2026-06-15 18:06:43,774 [trainer.py] => Average Accuracy (CNN top1): 76.95
2026-06-15 18:06:43,785 [zs_clip.py] => Learning on 70-80
2026-06-15 18:07:07,702 [trainer.py] => CNN: {'total': 73.65, '00-09': 75.1, '10-19': 69.9, '20-29': 73.1, '30-39': 73.8, '40-49': 79.4, '50-59': 60.7, '60-69': 81.5, '70-79': 75.7, 'old': 73.36, 'new': 75.7, 'harmonic': 74.51}
2026-06-15 18:07:07,702 [trainer.py] => CNN top1 curve: [80.7, 75.18, 74.97, 73.65]
2026-06-15 18:07:07,703 [trainer.py] => CNN top5 curve: [96.2, 93.97, 93.61, 93.26]
2026-06-15 18:07:07,703 [trainer.py] => CNN top10 curve: [98.54, 97.25, 97.01, 96.88]
2026-06-15 18:07:07,703 [trainer.py] => Average Accuracy (CNN top1): 76.125
2026-06-15 18:07:07,723 [zs_clip.py] => Learning on 80-90
2026-06-15 18:07:34,048 [trainer.py] => CNN: {'total': 72.44, '00-09': 73.9, '10-19': 69.4, '20-29': 72.9, '30-39': 72.9, '40-49': 77.9, '50-59': 58.5, '60-69': 78.4, '70-79': 73.9, '80-89': 74.2, 'old': 72.22, 'new': 74.2, 'harmonic': 73.2}
2026-06-15 18:07:34,048 [trainer.py] => CNN top1 curve: [80.7, 75.18, 74.97, 73.65, 72.44]
2026-06-15 18:07:34,048 [trainer.py] => CNN top5 curve: [96.2, 93.97, 93.61, 93.26, 92.71]
2026-06-15 18:07:34,048 [trainer.py] => CNN top10 curve: [98.54, 97.25, 97.01, 96.88, 96.41]
2026-06-15 18:07:34,048 [trainer.py] => Average Accuracy (CNN top1): 75.388
2026-06-15 18:07:34,059 [zs_clip.py] => Learning on 90-100
2026-06-15 18:08:03,157 [trainer.py] => CNN: {'total': 71.38, '00-09': 72.4, '10-19': 69.0, '20-29': 70.3, '30-39': 72.8, '40-49': 76.3, '50-59': 57.9, '60-69': 77.8, '70-79': 72.4, '80-89': 73.1, '90-99': 71.8, 'old': 71.33, 'new': 71.8, 'harmonic': 71.56}
2026-06-15 18:08:03,158 [trainer.py] => CNN top1 curve: [80.7, 75.18, 74.97, 73.65, 72.44, 71.38]
2026-06-15 18:08:03,158 [trainer.py] => CNN top5 curve: [96.2, 93.97, 93.61, 93.26, 92.71, 92.15]
2026-06-15 18:08:03,158 [trainer.py] => CNN top10 curve: [98.54, 97.25, 97.01, 96.88, 96.41, 95.96]
2026-06-15 18:08:03,158 [trainer.py] => Average Accuracy (CNN top1): 74.72
