2026-06-15 18:01:17,353 [trainer.py] => config: ./configs/zs_clip/zs_clip_cifar_B50_Inc10.json
2026-06-15 18:01:17,354 [trainer.py] => prefix: -
2026-06-15 18:01:17,354 [trainer.py] => dataset: cifar224
2026-06-15 18:01:17,354 [trainer.py] => memory_size: 0
2026-06-15 18:01:17,354 [trainer.py] => memory_per_class: 0
2026-06-15 18:01:17,354 [trainer.py] => fixed_memory: False
2026-06-15 18:01:17,354 [trainer.py] => shuffle: True
2026-06-15 18:01:17,354 [trainer.py] => init_cls: 50
2026-06-15 18:01:17,354 [trainer.py] => increment: 10
2026-06-15 18:01:17,354 [trainer.py] => model_name: zs_clip
2026-06-15 18:01:17,354 [trainer.py] => backbone_type: clip
2026-06-15 18:01:17,354 [trainer.py] => device: [device(type='cuda', index=6)]
2026-06-15 18:01:17,354 [trainer.py] => seed: 42
2026-06-15 18:01:17,354 [trainer.py] => total_class_num: 100
2026-06-15 18:01:18,249 [data_manager.py] => [83, 53, 70, 45, 44, 39, 22, 80, 10, 0, 18, 30, 73, 33, 90, 4, 76, 77, 12, 31, 55, 88, 26, 42, 69, 15, 40, 96, 9, 72, 11, 47, 85, 28, 93, 5, 66, 65, 35, 16, 49, 34, 7, 95, 27, 19, 81, 25, 62, 13, 24, 3, 17, 38, 8, 78, 6, 64, 36, 89, 56, 99, 54, 43, 50, 67, 46, 68, 61, 97, 79, 41, 58, 48, 98, 57, 75, 32, 94, 59, 63, 84, 37, 29, 1, 52, 21, 2, 23, 87, 91, 74, 86, 82, 20, 60, 71, 14, 92, 51]
2026-06-15 18:01:18,352 [factory.py] => Loaded ViT-B-16 model config.
2026-06-15 18:01:19,695 [factory.py] => Loading pretrained ViT-B-16 weights (/home/team/zhaohongwei/pretrained_models/open_clip_pytorch_model_laion400m_e32.bin).
2026-06-15 18:01:20,188 [factory.py] => Loaded ViT-B-16 model config.
2026-06-15 18:01:21,492 [factory.py] => Loading pretrained ViT-B-16 weights (/home/team/zhaohongwei/pretrained_models/open_clip_pytorch_model_laion400m_e32.bin).
2026-06-15 18:01:22,011 [zs_clip.py] => Learning on 0-50
2026-06-15 18:01:35,644 [trainer.py] => CNN: {'total': 77.04, '00-09': 80.6, '10-19': 73.1, '20-29': 71.4, '30-39': 81.9, '40-49': 78.2, 'old': 0, 'new': 77.04, 'harmonic': 0.0}
2026-06-15 18:01:35,645 [trainer.py] => CNN top1 curve: [77.04]
2026-06-15 18:01:35,645 [trainer.py] => CNN top5 curve: [95.18]
2026-06-15 18:01:35,645 [trainer.py] => CNN top10 curve: [98.02]
2026-06-15 18:01:35,645 [trainer.py] => Average Accuracy (CNN top1): 77.04
2026-06-15 18:01:35,647 [zs_clip.py] => Learning on 50-60
2026-06-15 18:01:52,900 [trainer.py] => CNN: {'total': 76.17, '00-09': 77.8, '10-19': 71.1, '20-29': 70.0, '30-39': 80.0, '40-49': 75.7, '50-59': 82.4, 'old': 74.92, 'new': 82.4, 'harmonic': 78.48}
2026-06-15 18:01:52,901 [trainer.py] => CNN top1 curve: [77.04, 76.17]
2026-06-15 18:01:52,901 [trainer.py] => CNN top5 curve: [95.18, 94.47]
2026-06-15 18:01:52,901 [trainer.py] => CNN top10 curve: [98.02, 97.57]
2026-06-15 18:01:52,901 [trainer.py] => Average Accuracy (CNN top1): 76.605
2026-06-15 18:01:52,920 [zs_clip.py] => Learning on 60-70
2026-06-15 18:02:13,009 [trainer.py] => CNN: {'total': 74.61, '00-09': 75.1, '10-19': 68.7, '20-29': 68.2, '30-39': 78.2, '40-49': 75.1, '50-59': 79.7, '60-69': 77.3, 'old': 74.17, 'new': 77.3, 'harmonic': 75.7}
2026-06-15 18:02:13,009 [trainer.py] => CNN top1 curve: [77.04, 76.17, 74.61]
2026-06-15 18:02:13,009 [trainer.py] => CNN top5 curve: [95.18, 94.47, 93.67]
2026-06-15 18:02:13,009 [trainer.py] => CNN top10 curve: [98.02, 97.57, 97.04]
2026-06-15 18:02:13,009 [trainer.py] => Average Accuracy (CNN top1): 75.94
2026-06-15 18:02:13,028 [zs_clip.py] => Learning on 70-80
2026-06-15 18:02:37,324 [trainer.py] => CNN: {'total': 73.56, '00-09': 72.9, '10-19': 67.2, '20-29': 66.4, '30-39': 75.2, '40-49': 73.9, '50-59': 77.3, '60-69': 76.0, '70-79': 79.6, 'old': 72.7, 'new': 79.6, 'harmonic': 75.99}
2026-06-15 18:02:37,325 [trainer.py] => CNN top1 curve: [77.04, 76.17, 74.61, 73.56]
2026-06-15 18:02:37,325 [trainer.py] => CNN top5 curve: [95.18, 94.47, 93.67, 93.29]
2026-06-15 18:02:37,325 [trainer.py] => CNN top10 curve: [98.02, 97.57, 97.04, 96.75]
2026-06-15 18:02:37,325 [trainer.py] => Average Accuracy (CNN top1): 75.345
2026-06-15 18:02:37,352 [zs_clip.py] => Learning on 80-90
2026-06-15 18:03:03,301 [trainer.py] => CNN: {'total': 72.44, '00-09': 72.3, '10-19': 66.8, '20-29': 65.0, '30-39': 72.1, '40-49': 73.4, '50-59': 76.1, '60-69': 76.0, '70-79': 78.8, '80-89': 71.5, 'old': 72.56, 'new': 71.5, 'harmonic': 72.03}
2026-06-15 18:03:03,301 [trainer.py] => CNN top1 curve: [77.04, 76.17, 74.61, 73.56, 72.44]
2026-06-15 18:03:03,301 [trainer.py] => CNN top5 curve: [95.18, 94.47, 93.67, 93.29, 92.72]
2026-06-15 18:03:03,301 [trainer.py] => CNN top10 curve: [98.02, 97.57, 97.04, 96.75, 96.3]
2026-06-15 18:03:03,302 [trainer.py] => Average Accuracy (CNN top1): 74.764
2026-06-15 18:03:03,322 [zs_clip.py] => Learning on 90-100
2026-06-15 18:03:32,486 [trainer.py] => CNN: {'total': 71.38, '00-09': 71.1, '10-19': 64.2, '20-29': 64.5, '30-39': 71.4, '40-49': 70.1, '50-59': 75.3, '60-69': 74.6, '70-79': 78.0, '80-89': 69.7, '90-99': 74.9, 'old': 70.99, 'new': 74.9, 'harmonic': 72.89}
2026-06-15 18:03:32,486 [trainer.py] => CNN top1 curve: [77.04, 76.17, 74.61, 73.56, 72.44, 71.38]
2026-06-15 18:03:32,487 [trainer.py] => CNN top5 curve: [95.18, 94.47, 93.67, 93.29, 92.72, 92.15]
2026-06-15 18:03:32,487 [trainer.py] => CNN top10 curve: [98.02, 97.57, 97.04, 96.75, 96.3, 95.96]
2026-06-15 18:03:32,487 [trainer.py] => Average Accuracy (CNN top1): 74.2
