2026-06-15 18:30:32,924 [trainer.py] => config: ./configs/zs_clip/zs_clip_cub_B0_Inc20.json
2026-06-15 18:30:32,925 [trainer.py] => prefix: -
2026-06-15 18:30:32,925 [trainer.py] => dataset: cub
2026-06-15 18:30:32,925 [trainer.py] => memory_size: 0
2026-06-15 18:30:32,925 [trainer.py] => memory_per_class: 0
2026-06-15 18:30:32,925 [trainer.py] => fixed_memory: False
2026-06-15 18:30:32,925 [trainer.py] => shuffle: True
2026-06-15 18:30:32,925 [trainer.py] => init_cls: 20
2026-06-15 18:30:32,925 [trainer.py] => increment: 20
2026-06-15 18:30:32,925 [trainer.py] => model_name: zs_clip
2026-06-15 18:30:32,925 [trainer.py] => backbone_type: clip
2026-06-15 18:30:32,925 [trainer.py] => device: [device(type='cuda', index=6)]
2026-06-15 18:30:32,925 [trainer.py] => seed: 0
2026-06-15 18:30:32,925 [trainer.py] => total_class_num: 200
2026-06-15 18:30:33,036 [data_manager.py] => [18, 170, 107, 98, 177, 182, 5, 146, 12, 152, 61, 125, 180, 154, 80, 7, 33, 130, 37, 74, 183, 145, 45, 159, 60, 123, 179, 185, 122, 44, 16, 55, 150, 111, 22, 189, 129, 4, 83, 106, 134, 66, 26, 113, 168, 63, 8, 75, 118, 143, 71, 124, 184, 97, 149, 24, 30, 160, 40, 56, 131, 96, 181, 19, 153, 92, 54, 163, 51, 86, 139, 90, 137, 101, 144, 89, 109, 14, 27, 141, 187, 46, 138, 195, 108, 62, 2, 59, 136, 197, 43, 10, 194, 73, 196, 178, 175, 126, 93, 112, 158, 191, 50, 0, 94, 110, 95, 64, 167, 41, 69, 49, 48, 85, 13, 161, 23, 186, 135, 20, 15, 78, 104, 52, 100, 76, 3, 116, 164, 198, 6, 68, 84, 121, 155, 171, 156, 91, 199, 11, 119, 102, 35, 57, 65, 1, 120, 162, 42, 105, 132, 173, 17, 38, 133, 53, 157, 128, 34, 28, 114, 151, 31, 166, 127, 176, 32, 142, 169, 147, 29, 99, 82, 79, 115, 148, 193, 72, 77, 25, 165, 81, 188, 174, 190, 39, 58, 140, 88, 70, 87, 36, 21, 9, 103, 67, 192, 117, 47, 172]
2026-06-15 18:30:34,227 [instantiator.py] => Created a temporary directory at /tmp/tmphmlnn52b
2026-06-15 18:30:34,227 [instantiator.py] => Writing /tmp/tmphmlnn52b/_remote_module_non_scriptable.py
2026-06-15 18:30:34,363 [factory.py] => Loaded ViT-B-16 model config.
2026-06-15 18:30:35,835 [factory.py] => Loading pretrained ViT-B-16 weights (/home/team/zhaohongwei/pretrained_models/open_clip_pytorch_model_laion400m_e32.bin).
2026-06-15 18:30:36,313 [factory.py] => Loaded ViT-B-16 model config.
2026-06-15 18:30:37,700 [factory.py] => Loading pretrained ViT-B-16 weights (/home/team/zhaohongwei/pretrained_models/open_clip_pytorch_model_laion400m_e32.bin).
2026-06-15 18:30:38,657 [zs_clip.py] => Learning on 0-20
2026-06-15 18:30:40,822 [trainer.py] => CNN: {'total': 80.43, '00-09': 80.53, '10-19': 80.34, 'old': 0, 'new': 80.43, 'harmonic': 0.0}
2026-06-15 18:30:40,823 [trainer.py] => CNN top1 curve: [80.43]
2026-06-15 18:30:40,823 [trainer.py] => CNN top5 curve: [97.83]
2026-06-15 18:30:40,823 [trainer.py] => CNN top10 curve: [100.0]
2026-06-15 18:30:40,823 [trainer.py] => Average Accuracy (CNN top1): 80.43
2026-06-15 18:30:40,824 [zs_clip.py] => Learning on 20-40
2026-06-15 18:30:42,700 [trainer.py] => CNN: {'total': 76.29, '00-09': 71.68, '10-19': 75.21, '20-29': 80.0, '30-39': 78.35, 'old': 73.48, 'new': 79.26, 'harmonic': 76.26}
2026-06-15 18:30:42,700 [trainer.py] => CNN top1 curve: [80.43, 76.29]
2026-06-15 18:30:42,701 [trainer.py] => CNN top5 curve: [97.83, 97.32]
2026-06-15 18:30:42,701 [trainer.py] => CNN top10 curve: [100.0, 99.78]
2026-06-15 18:30:42,701 [trainer.py] => Average Accuracy (CNN top1): 78.36000000000001
2026-06-15 18:30:42,703 [zs_clip.py] => Learning on 40-60
2026-06-15 18:30:45,397 [trainer.py] => CNN: {'total': 69.96, '00-09': 68.14, '10-19': 70.94, '20-29': 71.67, '30-39': 68.04, '40-49': 71.65, '50-59': 68.97, 'old': 69.8, 'new': 70.22, 'harmonic': 70.01}
2026-06-15 18:30:45,397 [trainer.py] => CNN top1 curve: [80.43, 76.29, 69.96]
2026-06-15 18:30:45,397 [trainer.py] => CNN top5 curve: [97.83, 97.32, 95.83]
2026-06-15 18:30:45,397 [trainer.py] => CNN top10 curve: [100.0, 99.78, 99.3]
2026-06-15 18:30:45,398 [trainer.py] => Average Accuracy (CNN top1): 75.56
2026-06-15 18:30:45,399 [zs_clip.py] => Learning on 60-80
2026-06-15 18:30:48,846 [trainer.py] => CNN: {'total': 69.57, '00-09': 67.26, '10-19': 69.23, '20-29': 70.0, '30-39': 68.04, '40-49': 70.08, '50-59': 61.38, '60-69': 76.07, '70-79': 76.07, 'old': 67.45, 'new': 76.07, 'harmonic': 71.5}
2026-06-15 18:30:48,846 [trainer.py] => CNN top1 curve: [80.43, 76.29, 69.96, 69.57]
2026-06-15 18:30:48,846 [trainer.py] => CNN top5 curve: [97.83, 97.32, 95.83, 95.07]
2026-06-15 18:30:48,846 [trainer.py] => CNN top10 curve: [100.0, 99.78, 99.3, 98.74]
2026-06-15 18:30:48,846 [trainer.py] => Average Accuracy (CNN top1): 74.0625
2026-06-15 18:30:48,849 [zs_clip.py] => Learning on 80-100
2026-06-15 18:30:52,803 [trainer.py] => CNN: {'total': 70.15, '00-09': 65.49, '10-19': 68.38, '20-29': 66.67, '30-39': 64.95, '40-49': 66.93, '50-59': 60.0, '60-69': 74.36, '70-79': 76.07, '80-89': 86.32, '90-99': 74.53, 'old': 67.68, 'new': 80.72, 'harmonic': 73.63}
2026-06-15 18:30:52,804 [trainer.py] => CNN top1 curve: [80.43, 76.29, 69.96, 69.57, 70.15]
2026-06-15 18:30:52,804 [trainer.py] => CNN top5 curve: [97.83, 97.32, 95.83, 95.07, 93.96]
2026-06-15 18:30:52,804 [trainer.py] => CNN top10 curve: [100.0, 99.78, 99.3, 98.74, 97.87]
2026-06-15 18:30:52,804 [trainer.py] => Average Accuracy (CNN top1): 73.28
2026-06-15 18:30:52,807 [zs_clip.py] => Learning on 100-120
2026-06-15 18:30:57,408 [trainer.py] => CNN: {'total': 68.64, '00-09': 64.6, '10-19': 64.96, '20-29': 66.67, '30-39': 57.73, '40-49': 65.35, '50-59': 52.41, '60-69': 70.09, '70-79': 75.21, '80-89': 81.2, '90-99': 72.64, '100-109': 80.53, '110-119': 75.44, 'old': 66.84, 'new': 77.97, 'harmonic': 71.98}
2026-06-15 18:30:57,408 [trainer.py] => CNN top1 curve: [80.43, 76.29, 69.96, 69.57, 70.15, 68.64]
2026-06-15 18:30:57,409 [trainer.py] => CNN top5 curve: [97.83, 97.32, 95.83, 95.07, 93.96, 94.01]
2026-06-15 18:30:57,409 [trainer.py] => CNN top10 curve: [100.0, 99.78, 99.3, 98.74, 97.87, 97.86]
2026-06-15 18:30:57,409 [trainer.py] => Average Accuracy (CNN top1): 72.50666666666666
2026-06-15 18:30:57,412 [zs_clip.py] => Learning on 120-140
2026-06-15 18:31:02,719 [trainer.py] => CNN: {'total': 68.56, '00-09': 62.83, '10-19': 64.96, '20-29': 66.67, '30-39': 56.7, '40-49': 62.99, '50-59': 51.03, '60-69': 70.09, '70-79': 74.36, '80-89': 80.34, '90-99': 66.98, '100-109': 79.65, '110-119': 71.93, '120-129': 78.91, '130-139': 74.17, 'old': 67.14, 'new': 76.61, 'harmonic': 71.56}
2026-06-15 18:31:02,719 [trainer.py] => CNN top1 curve: [80.43, 76.29, 69.96, 69.57, 70.15, 68.64, 68.56]
2026-06-15 18:31:02,719 [trainer.py] => CNN top5 curve: [97.83, 97.32, 95.83, 95.07, 93.96, 94.01, 93.03]
2026-06-15 18:31:02,719 [trainer.py] => CNN top10 curve: [100.0, 99.78, 99.3, 98.74, 97.87, 97.86, 97.27]
2026-06-15 18:31:02,719 [trainer.py] => Average Accuracy (CNN top1): 71.94285714285714
2026-06-15 18:31:02,721 [zs_clip.py] => Learning on 140-160
2026-06-15 18:31:08,793 [trainer.py] => CNN: {'total': 66.1, '00-09': 57.52, '10-19': 57.26, '20-29': 65.83, '30-39': 52.58, '40-49': 62.2, '50-59': 48.97, '60-69': 69.23, '70-79': 73.5, '80-89': 80.34, '90-99': 66.04, '100-109': 78.76, '110-119': 71.05, '120-129': 77.34, '130-139': 71.67, '140-149': 62.5, '150-159': 63.78, 'old': 66.51, 'new': 63.2, 'harmonic': 64.81}
2026-06-15 18:31:08,793 [trainer.py] => CNN top1 curve: [80.43, 76.29, 69.96, 69.57, 70.15, 68.64, 68.56, 66.1]
2026-06-15 18:31:08,794 [trainer.py] => CNN top5 curve: [97.83, 97.32, 95.83, 95.07, 93.96, 94.01, 93.03, 90.86]
2026-06-15 18:31:08,794 [trainer.py] => CNN top10 curve: [100.0, 99.78, 99.3, 98.74, 97.87, 97.86, 97.27, 95.75]
2026-06-15 18:31:08,794 [trainer.py] => Average Accuracy (CNN top1): 71.21249999999999
2026-06-15 18:31:08,795 [zs_clip.py] => Learning on 160-180
2026-06-15 18:31:15,502 [trainer.py] => CNN: {'total': 64.83, '00-09': 57.52, '10-19': 56.41, '20-29': 65.0, '30-39': 51.55, '40-49': 61.42, '50-59': 46.9, '60-69': 68.38, '70-79': 72.65, '80-89': 80.34, '90-99': 64.15, '100-109': 77.88, '110-119': 71.05, '120-129': 76.56, '130-139': 67.5, '140-149': 62.5, '150-159': 63.78, '160-169': 55.65, '170-179': 69.57, 'old': 65.14, 'new': 62.34, 'harmonic': 63.71}
2026-06-15 18:31:15,503 [trainer.py] => CNN top1 curve: [80.43, 76.29, 69.96, 69.57, 70.15, 68.64, 68.56, 66.1, 64.83]
2026-06-15 18:31:15,503 [trainer.py] => CNN top5 curve: [97.83, 97.32, 95.83, 95.07, 93.96, 94.01, 93.03, 90.86, 89.82]
2026-06-15 18:31:15,503 [trainer.py] => CNN top10 curve: [100.0, 99.78, 99.3, 98.74, 97.87, 97.86, 97.27, 95.75, 95.1]
2026-06-15 18:31:15,503 [trainer.py] => Average Accuracy (CNN top1): 70.50333333333333
2026-06-15 18:31:15,505 [zs_clip.py] => Learning on 180-200
2026-06-15 18:31:22,912 [trainer.py] => CNN: {'total': 63.06, '00-09': 57.52, '10-19': 54.7, '20-29': 63.33, '30-39': 51.55, '40-49': 59.06, '50-59': 45.52, '60-69': 68.38, '70-79': 70.09, '80-89': 78.63, '90-99': 64.15, '100-109': 77.88, '110-119': 71.05, '120-129': 75.0, '130-139': 67.5, '140-149': 57.69, '150-159': 59.06, '160-169': 54.84, '170-179': 69.57, '180-189': 61.61, '190-199': 56.8, 'old': 63.51, 'new': 59.07, 'harmonic': 61.21}
2026-06-15 18:31:22,912 [trainer.py] => CNN top1 curve: [80.43, 76.29, 69.96, 69.57, 70.15, 68.64, 68.56, 66.1, 64.83, 63.06]
2026-06-15 18:31:22,912 [trainer.py] => CNN top5 curve: [97.83, 97.32, 95.83, 95.07, 93.96, 94.01, 93.03, 90.86, 89.82, 89.06]
2026-06-15 18:31:22,913 [trainer.py] => CNN top10 curve: [100.0, 99.78, 99.3, 98.74, 97.87, 97.86, 97.27, 95.75, 95.1, 94.7]
2026-06-15 18:31:22,913 [trainer.py] => Average Accuracy (CNN top1): 69.75899999999999
