2026-06-15 19:56:46,263 [trainer.py] => config: ./configs/zs_clip/zs_clip_food_B50_Inc10.json
2026-06-15 19:56:46,263 [trainer.py] => prefix: -
2026-06-15 19:56:46,263 [trainer.py] => dataset: food101
2026-06-15 19:56:46,263 [trainer.py] => memory_size: 0
2026-06-15 19:56:46,263 [trainer.py] => memory_per_class: 0
2026-06-15 19:56:46,263 [trainer.py] => fixed_memory: False
2026-06-15 19:56:46,263 [trainer.py] => shuffle: True
2026-06-15 19:56:46,263 [trainer.py] => init_cls: 50
2026-06-15 19:56:46,263 [trainer.py] => increment: 10
2026-06-15 19:56:46,263 [trainer.py] => model_name: zs_clip
2026-06-15 19:56:46,263 [trainer.py] => backbone_type: clip
2026-06-15 19:56:46,263 [trainer.py] => device: [device(type='cuda', index=6)]
2026-06-15 19:56:46,263 [trainer.py] => seed: 0
2026-06-15 19:56:46,263 [trainer.py] => total_class_num: 100
2026-06-15 19:56:46,593 [data_manager.py] => [26, 86, 2, 55, 75, 93, 16, 73, 54, 95, 53, 92, 78, 13, 7, 30, 22, 24, 33, 8, 43, 62, 3, 71, 45, 48, 6, 99, 82, 76, 60, 80, 90, 68, 51, 27, 18, 56, 63, 74, 1, 61, 42, 41, 4, 15, 17, 40, 38, 5, 91, 59, 0, 34, 28, 50, 11, 35, 23, 52, 10, 31, 66, 57, 79, 85, 32, 84, 14, 89, 19, 29, 49, 97, 98, 69, 20, 94, 72, 77, 25, 37, 81, 46, 39, 65, 58, 12, 88, 70, 87, 36, 21, 83, 9, 96, 67, 64, 47, 44]
2026-06-15 19:56:48,100 [instantiator.py] => Created a temporary directory at /tmp/tmp8h10_619
2026-06-15 19:56:48,100 [instantiator.py] => Writing /tmp/tmp8h10_619/_remote_module_non_scriptable.py
2026-06-15 19:56:48,256 [factory.py] => Loaded ViT-B-16 model config.
2026-06-15 19:56:49,825 [factory.py] => Loading pretrained ViT-B-16 weights (/home/team/zhaohongwei/pretrained_models/open_clip_pytorch_model_laion400m_e32.bin).
2026-06-15 19:56:50,376 [factory.py] => Loaded ViT-B-16 model config.
2026-06-15 19:56:51,715 [factory.py] => Loading pretrained ViT-B-16 weights (/home/team/zhaohongwei/pretrained_models/open_clip_pytorch_model_laion400m_e32.bin).
2026-06-15 19:56:52,686 [zs_clip.py] => Learning on 0-50
2026-06-15 19:57:18,860 [trainer.py] => CNN: {'total': 87.92, '00-09': 91.22, '10-19': 89.51, '20-29': 85.59, '30-39': 89.62, '40-49': 83.76, 'old': 0, 'new': 87.92, 'harmonic': 0.0}
2026-06-15 19:57:18,860 [trainer.py] => CNN top1 curve: [87.92]
2026-06-15 19:57:18,861 [trainer.py] => CNN top5 curve: [98.13]
2026-06-15 19:57:18,861 [trainer.py] => CNN top10 curve: [99.25]
2026-06-15 19:57:18,861 [trainer.py] => Average Accuracy (CNN top1): 87.92
2026-06-15 19:57:18,873 [zs_clip.py] => Learning on 50-60
2026-06-15 19:57:51,830 [trainer.py] => CNN: {'total': 86.66, '00-09': 90.77, '10-19': 88.7, '20-29': 84.28, '30-39': 87.86, '40-49': 82.76, '50-59': 85.71, 'old': 86.85, 'new': 85.71, 'harmonic': 86.28}
2026-06-15 19:57:51,830 [trainer.py] => CNN top1 curve: [87.92, 86.66]
2026-06-15 19:57:51,830 [trainer.py] => CNN top5 curve: [98.13, 97.66]
2026-06-15 19:57:51,830 [trainer.py] => CNN top10 curve: [99.25, 98.94]
2026-06-15 19:57:51,830 [trainer.py] => Average Accuracy (CNN top1): 87.28999999999999
2026-06-15 19:57:51,849 [zs_clip.py] => Learning on 60-70
2026-06-15 19:58:31,838 [trainer.py] => CNN: {'total': 85.5, '00-09': 89.81, '10-19': 88.1, '20-29': 83.27, '30-39': 86.83, '40-49': 82.26, '50-59': 84.3, '60-69': 84.05, 'old': 85.74, 'new': 84.05, 'harmonic': 84.89}
2026-06-15 19:58:31,838 [trainer.py] => CNN top1 curve: [87.92, 86.66, 85.5]
2026-06-15 19:58:31,838 [trainer.py] => CNN top5 curve: [98.13, 97.66, 97.27]
2026-06-15 19:58:31,838 [trainer.py] => CNN top10 curve: [99.25, 98.94, 98.66]
2026-06-15 19:58:31,838 [trainer.py] => Average Accuracy (CNN top1): 86.69333333333333
2026-06-15 19:58:31,850 [zs_clip.py] => Learning on 70-80
2026-06-15 19:59:16,753 [trainer.py] => CNN: {'total': 84.39, '00-09': 87.76, '10-19': 86.52, '20-29': 83.03, '30-39': 86.2, '40-49': 80.62, '50-59': 82.74, '60-69': 82.5, '70-79': 85.85, 'old': 84.19, 'new': 85.85, 'harmonic': 85.01}
2026-06-15 19:59:16,753 [trainer.py] => CNN top1 curve: [87.92, 86.66, 85.5, 84.39]
2026-06-15 19:59:16,754 [trainer.py] => CNN top5 curve: [98.13, 97.66, 97.27, 96.87]
2026-06-15 19:59:16,754 [trainer.py] => CNN top10 curve: [99.25, 98.94, 98.66, 98.48]
2026-06-15 19:59:16,754 [trainer.py] => Average Accuracy (CNN top1): 86.11749999999999
2026-06-15 19:59:16,774 [zs_clip.py] => Learning on 80-90
2026-06-15 20:00:07,384 [trainer.py] => CNN: {'total': 83.26, '00-09': 85.5, '10-19': 85.71, '20-29': 81.09, '30-39': 85.85, '40-49': 80.27, '50-59': 81.98, '60-69': 81.8, '70-79': 85.03, '80-89': 82.24, 'old': 83.39, 'new': 82.24, 'harmonic': 82.81}
2026-06-15 20:00:07,384 [trainer.py] => CNN top1 curve: [87.92, 86.66, 85.5, 84.39, 83.26]
2026-06-15 20:00:07,385 [trainer.py] => CNN top5 curve: [98.13, 97.66, 97.27, 96.87, 96.52]
2026-06-15 20:00:07,385 [trainer.py] => CNN top10 curve: [99.25, 98.94, 98.66, 98.48, 98.33]
2026-06-15 20:00:07,385 [trainer.py] => Average Accuracy (CNN top1): 85.54599999999999
2026-06-15 20:00:07,405 [zs_clip.py] => Learning on 90-100
2026-06-15 20:01:02,462 [trainer.py] => CNN: {'total': 81.99, '00-09': 84.8, '10-19': 84.25, '20-29': 79.93, '30-39': 85.27, '40-49': 79.87, '50-59': 81.48, '60-69': 80.69, '70-79': 82.91, '80-89': 81.38, '90-99': 79.44, 'old': 82.28, 'new': 79.44, 'harmonic': 80.84}
2026-06-15 20:01:02,463 [trainer.py] => CNN top1 curve: [87.92, 86.66, 85.5, 84.39, 83.26, 81.99]
2026-06-15 20:01:02,463 [trainer.py] => CNN top5 curve: [98.13, 97.66, 97.27, 96.87, 96.52, 96.07]
2026-06-15 20:01:02,463 [trainer.py] => CNN top10 curve: [99.25, 98.94, 98.66, 98.48, 98.33, 98.07]
2026-06-15 20:01:02,463 [trainer.py] => Average Accuracy (CNN top1): 84.95333333333333
