2026-06-15 21:46:41,199 [trainer.py] => config: ./configs/zs_clip/zs_clip_objectnet_B100_Inc20.json
2026-06-15 21:46:41,199 [trainer.py] => prefix: -
2026-06-15 21:46:41,199 [trainer.py] => dataset: objectnet
2026-06-15 21:46:41,199 [trainer.py] => memory_size: 0
2026-06-15 21:46:41,199 [trainer.py] => memory_per_class: 0
2026-06-15 21:46:41,199 [trainer.py] => fixed_memory: False
2026-06-15 21:46:41,199 [trainer.py] => shuffle: True
2026-06-15 21:46:41,199 [trainer.py] => init_cls: 100
2026-06-15 21:46:41,199 [trainer.py] => increment: 20
2026-06-15 21:46:41,199 [trainer.py] => model_name: zs_clip
2026-06-15 21:46:41,199 [trainer.py] => backbone_type: clip
2026-06-15 21:46:41,199 [trainer.py] => device: [device(type='cuda', index=6)]
2026-06-15 21:46:41,199 [trainer.py] => seed: 2026
2026-06-15 21:46:41,199 [trainer.py] => total_class_num: 200
2026-06-15 21:46:41,293 [data_manager.py] => [115, 91, 15, 57, 123, 5, 193, 196, 88, 185, 191, 168, 90, 80, 106, 146, 188, 118, 44, 151, 24, 56, 42, 127, 113, 119, 197, 194, 99, 12, 65, 71, 131, 6, 46, 186, 126, 31, 117, 30, 110, 82, 102, 165, 11, 76, 53, 138, 199, 18, 163, 149, 84, 133, 170, 189, 52, 104, 45, 114, 41, 23, 160, 171, 172, 169, 177, 142, 94, 50, 128, 39, 59, 120, 107, 162, 124, 9, 74, 198, 62, 174, 166, 122, 141, 81, 10, 63, 176, 100, 136, 187, 129, 16, 72, 147, 54, 0, 98, 150, 92, 155, 4, 167, 125, 97, 153, 8, 83, 159, 85, 86, 13, 34, 173, 93, 180, 33, 21, 132, 190, 87, 121, 108, 103, 145, 37, 158, 69, 89, 2, 19, 67, 175, 51, 78, 43, 64, 66, 143, 61, 20, 144, 154, 183, 14, 140, 139, 75, 79, 22, 58, 101, 109, 32, 178, 73, 164, 55, 35, 49, 152, 137, 36, 3, 40, 70, 95, 105, 181, 157, 47, 192, 17, 60, 112, 68, 25, 38, 48, 161, 148, 111, 135, 96, 7, 27, 182, 130, 28, 179, 156, 116, 29, 195, 77, 184, 26, 134, 1]
2026-06-15 21:46:41,403 [factory.py] => Loaded ViT-B-16 model config.
2026-06-15 21:46:42,869 [factory.py] => Loading pretrained ViT-B-16 weights (/home/team/zhaohongwei/pretrained_models/open_clip_pytorch_model_laion400m_e32.bin).
2026-06-15 21:46:43,376 [factory.py] => Loaded ViT-B-16 model config.
2026-06-15 21:46:44,635 [factory.py] => Loading pretrained ViT-B-16 weights (/home/team/zhaohongwei/pretrained_models/open_clip_pytorch_model_laion400m_e32.bin).
2026-06-15 21:46:45,162 [zs_clip.py] => Learning on 0-100
2026-06-15 21:47:55,463 [trainer.py] => CNN: {'total': 35.41, '00-09': 35.29, '10-19': 29.91, '20-29': 33.85, '30-39': 27.95, '40-49': 44.28, '50-59': 29.3, '60-69': 40.59, '70-79': 39.3, '80-89': 37.13, '90-99': 36.18, 'old': 0, 'new': 35.41, 'harmonic': 0.0}
2026-06-15 21:47:55,463 [trainer.py] => CNN top1 curve: [35.41]
2026-06-15 21:47:55,463 [trainer.py] => CNN top5 curve: [60.81]
2026-06-15 21:47:55,464 [trainer.py] => CNN top10 curve: [71.91]
2026-06-15 21:47:55,464 [trainer.py] => Average Accuracy (CNN top1): 35.41
2026-06-15 21:47:55,475 [zs_clip.py] => Learning on 100-120
2026-06-15 21:49:19,613 [trainer.py] => CNN: {'total': 32.66, '00-09': 29.72, '10-19': 29.0, '20-29': 31.38, '30-39': 26.4, '40-49': 41.94, '50-59': 26.75, '60-69': 38.94, '70-79': 34.6, '80-89': 34.2, '90-99': 34.81, '100-109': 39.59, '110-119': 24.56, 'old': 32.78, 'new': 32.11, 'harmonic': 32.44}
2026-06-15 21:49:19,613 [trainer.py] => CNN top1 curve: [35.41, 32.66]
2026-06-15 21:49:19,613 [trainer.py] => CNN top5 curve: [60.81, 57.31]
2026-06-15 21:49:19,613 [trainer.py] => CNN top10 curve: [71.91, 67.9]
2026-06-15 21:49:19,613 [trainer.py] => Average Accuracy (CNN top1): 34.035
2026-06-15 21:49:19,634 [zs_clip.py] => Learning on 120-140
2026-06-15 21:50:52,833 [trainer.py] => CNN: {'total': 31.3, '00-09': 29.1, '10-19': 28.4, '20-29': 30.15, '30-39': 25.47, '40-49': 36.36, '50-59': 24.84, '60-69': 37.95, '70-79': 33.43, '80-89': 32.57, '90-99': 32.76, '100-109': 36.66, '110-119': 23.67, '120-129': 32.27, '130-139': 34.18, 'old': 30.94, 'new': 33.33, 'harmonic': 32.09}
2026-06-15 21:50:52,834 [trainer.py] => CNN top1 curve: [35.41, 32.66, 31.3]
2026-06-15 21:50:52,834 [trainer.py] => CNN top5 curve: [60.81, 57.31, 55.19]
2026-06-15 21:50:52,834 [trainer.py] => CNN top10 curve: [71.91, 67.9, 66.27]
2026-06-15 21:50:52,834 [trainer.py] => Average Accuracy (CNN top1): 33.12333333333333
2026-06-15 21:50:52,856 [zs_clip.py] => Learning on 140-160
2026-06-15 21:52:43,347 [trainer.py] => CNN: {'total': 29.41, '00-09': 27.55, '10-19': 26.28, '20-29': 26.77, '30-39': 23.91, '40-49': 36.07, '50-59': 20.7, '60-69': 35.97, '70-79': 31.96, '80-89': 31.27, '90-99': 31.4, '100-109': 35.19, '110-119': 23.08, '120-129': 30.35, '130-139': 33.42, '140-149': 31.38, '150-159': 24.93, 'old': 29.62, 'new': 27.86, 'harmonic': 28.71}
2026-06-15 21:52:43,347 [trainer.py] => CNN top1 curve: [35.41, 32.66, 31.3, 29.41]
2026-06-15 21:52:43,347 [trainer.py] => CNN top5 curve: [60.81, 57.31, 55.19, 52.84]
2026-06-15 21:52:43,347 [trainer.py] => CNN top10 curve: [71.91, 67.9, 66.27, 63.55]
2026-06-15 21:52:43,347 [trainer.py] => Average Accuracy (CNN top1): 32.195
2026-06-15 21:52:43,368 [zs_clip.py] => Learning on 160-180
2026-06-15 21:54:44,731 [trainer.py] => CNN: {'total': 27.85, '00-09': 26.63, '10-19': 26.28, '20-29': 25.85, '30-39': 22.05, '40-49': 35.48, '50-59': 19.75, '60-69': 35.97, '70-79': 31.67, '80-89': 31.27, '90-99': 30.38, '100-109': 34.02, '110-119': 22.78, '120-129': 30.35, '130-139': 32.4, '140-149': 31.38, '150-159': 24.07, '160-169': 20.3, '170-179': 21.64, 'old': 28.78, 'new': 21.02, 'harmonic': 24.3}
2026-06-15 21:54:44,731 [trainer.py] => CNN top1 curve: [35.41, 32.66, 31.3, 29.41, 27.85]
2026-06-15 21:54:44,731 [trainer.py] => CNN top5 curve: [60.81, 57.31, 55.19, 52.84, 50.81]
2026-06-15 21:54:44,731 [trainer.py] => CNN top10 curve: [71.91, 67.9, 66.27, 63.55, 61.46]
2026-06-15 21:54:44,731 [trainer.py] => Average Accuracy (CNN top1): 31.326
2026-06-15 21:54:44,751 [zs_clip.py] => Learning on 180-200
2026-06-15 21:57:02,327 [trainer.py] => CNN: {'total': 26.43, '00-09': 24.46, '10-19': 26.28, '20-29': 24.62, '30-39': 18.63, '40-49': 34.9, '50-59': 17.2, '60-69': 34.65, '70-79': 31.38, '80-89': 29.64, '90-99': 29.69, '100-109': 33.14, '110-119': 21.01, '120-129': 28.12, '130-139': 31.12, '140-149': 26.21, '150-159': 22.64, '160-169': 16.97, '170-179': 20.58, '180-189': 32.8, '190-199': 23.9, 'old': 26.16, 'new': 28.74, 'harmonic': 27.39}
2026-06-15 21:57:02,327 [trainer.py] => CNN top1 curve: [35.41, 32.66, 31.3, 29.41, 27.85, 26.43]
2026-06-15 21:57:02,327 [trainer.py] => CNN top5 curve: [60.81, 57.31, 55.19, 52.84, 50.81, 48.97]
2026-06-15 21:57:02,328 [trainer.py] => CNN top10 curve: [71.91, 67.9, 66.27, 63.55, 61.46, 60.03]
2026-06-15 21:57:02,328 [trainer.py] => Average Accuracy (CNN top1): 30.51
