2026-06-15 18:43:32,926 [trainer.py] => config: ./configs/zs_clip/zs_clip_ucf_B50_Inc10.json
2026-06-15 18:43:32,926 [trainer.py] => prefix: -
2026-06-15 18:43:32,926 [trainer.py] => dataset: ucf101
2026-06-15 18:43:32,926 [trainer.py] => memory_size: 0
2026-06-15 18:43:32,926 [trainer.py] => memory_per_class: 0
2026-06-15 18:43:32,926 [trainer.py] => fixed_memory: False
2026-06-15 18:43:32,926 [trainer.py] => shuffle: True
2026-06-15 18:43:32,926 [trainer.py] => init_cls: 50
2026-06-15 18:43:32,926 [trainer.py] => increment: 10
2026-06-15 18:43:32,926 [trainer.py] => model_name: zs_clip
2026-06-15 18:43:32,926 [trainer.py] => backbone_type: clip
2026-06-15 18:43:32,926 [trainer.py] => device: [device(type='cuda', index=6)]
2026-06-15 18:43:32,926 [trainer.py] => seed: 2026
2026-06-15 18:43:32,926 [trainer.py] => total_class_num: 100
2026-06-15 18:43:32,968 [data_manager.py] => [98, 10, 4, 18, 88, 13, 8, 84, 79, 21, 85, 96, 53, 42, 52, 97, 74, 5, 58, 23, 90, 59, 16, 72, 75, 30, 43, 99, 44, 41, 0, 46, 61, 80, 65, 39, 70, 87, 89, 91, 82, 14, 12, 71, 50, 11, 15, 57, 22, 67, 45, 32, 78, 63, 66, 55, 31, 62, 35, 34, 19, 49, 24, 9, 37, 36, 3, 64, 40, 86, 81, 93, 47, 73, 17, 60, 68, 25, 38, 48, 33, 20, 83, 7, 27, 94, 54, 2, 92, 76, 69, 51, 28, 29, 95, 77, 56, 26, 6, 1]
2026-06-15 18:43:32,991 [factory.py] => Loaded ViT-B-16 model config.
2026-06-15 18:43:34,850 [factory.py] => Loading pretrained ViT-B-16 weights (/home/team/zhaohongwei/pretrained_models/open_clip_pytorch_model_laion400m_e32.bin).
2026-06-15 18:43:36,215 [factory.py] => Loaded ViT-B-16 model config.
2026-06-15 18:43:37,854 [factory.py] => Loading pretrained ViT-B-16 weights (/home/team/zhaohongwei/pretrained_models/open_clip_pytorch_model_laion400m_e32.bin).
2026-06-15 18:43:38,423 [zs_clip.py] => Learning on 0-50
2026-06-15 18:43:43,515 [trainer.py] => CNN: {'total': 79.33, '00-09': 86.0, '10-19': 72.76, '20-29': 82.94, '30-39': 85.27, '40-49': 69.29, 'old': 0, 'new': 79.33, 'harmonic': 0.0}
2026-06-15 18:43:43,515 [trainer.py] => CNN top1 curve: [79.33]
2026-06-15 18:43:43,515 [trainer.py] => CNN top5 curve: [94.83]
2026-06-15 18:43:43,515 [trainer.py] => CNN top10 curve: [98.02]
2026-06-15 18:43:43,515 [trainer.py] => Average Accuracy (CNN top1): 79.33
2026-06-15 18:43:43,516 [zs_clip.py] => Learning on 50-60
2026-06-15 18:43:49,583 [trainer.py] => CNN: {'total': 75.8, '00-09': 82.4, '10-19': 72.76, '20-29': 82.94, '30-39': 84.25, '40-49': 67.72, '50-59': 64.73, 'old': 78.12, 'new': 64.73, 'harmonic': 70.8}
2026-06-15 18:43:49,583 [trainer.py] => CNN top1 curve: [79.33, 75.8]
2026-06-15 18:43:49,583 [trainer.py] => CNN top5 curve: [94.83, 93.65]
2026-06-15 18:43:49,583 [trainer.py] => CNN top10 curve: [98.02, 97.23]
2026-06-15 18:43:49,583 [trainer.py] => Average Accuracy (CNN top1): 77.565
2026-06-15 18:43:49,585 [zs_clip.py] => Learning on 60-70
2026-06-15 18:43:56,673 [trainer.py] => CNN: {'total': 75.86, '00-09': 82.0, '10-19': 69.78, '20-29': 80.56, '30-39': 83.22, '40-49': 66.14, '50-59': 64.0, '60-69': 85.28, 'old': 74.29, 'new': 85.28, 'harmonic': 79.41}
2026-06-15 18:43:56,674 [trainer.py] => CNN top1 curve: [79.33, 75.8, 75.86]
2026-06-15 18:43:56,674 [trainer.py] => CNN top5 curve: [94.83, 93.65, 94.13]
2026-06-15 18:43:56,674 [trainer.py] => CNN top10 curve: [98.02, 97.23, 97.41]
2026-06-15 18:43:56,674 [trainer.py] => Average Accuracy (CNN top1): 76.99666666666667
2026-06-15 18:43:56,675 [zs_clip.py] => Learning on 70-80
2026-06-15 18:44:05,317 [trainer.py] => CNN: {'total': 71.9, '00-09': 81.2, '10-19': 68.28, '20-29': 70.24, '30-39': 77.05, '40-49': 64.57, '50-59': 62.55, '60-69': 85.28, '70-79': 66.43, 'old': 72.74, 'new': 66.43, 'harmonic': 69.44}
2026-06-15 18:44:05,317 [trainer.py] => CNN top1 curve: [79.33, 75.8, 75.86, 71.9]
2026-06-15 18:44:05,318 [trainer.py] => CNN top5 curve: [94.83, 93.65, 94.13, 93.28]
2026-06-15 18:44:05,318 [trainer.py] => CNN top10 curve: [98.02, 97.23, 97.41, 96.97]
2026-06-15 18:44:05,318 [trainer.py] => Average Accuracy (CNN top1): 75.7225
2026-06-15 18:44:05,321 [zs_clip.py] => Learning on 80-90
2026-06-15 18:44:14,869 [trainer.py] => CNN: {'total': 69.63, '00-09': 81.2, '10-19': 66.79, '20-29': 69.05, '30-39': 76.37, '40-49': 62.99, '50-59': 59.27, '60-69': 84.91, '70-79': 59.44, '80-89': 67.64, 'old': 69.89, 'new': 67.64, 'harmonic': 68.75}
2026-06-15 18:44:14,870 [trainer.py] => CNN top1 curve: [79.33, 75.8, 75.86, 71.9, 69.63]
2026-06-15 18:44:14,870 [trainer.py] => CNN top5 curve: [94.83, 93.65, 94.13, 93.28, 92.3]
2026-06-15 18:44:14,870 [trainer.py] => CNN top10 curve: [98.02, 97.23, 97.41, 96.97, 96.36]
2026-06-15 18:44:14,870 [trainer.py] => Average Accuracy (CNN top1): 74.50399999999999
2026-06-15 18:44:14,874 [zs_clip.py] => Learning on 90-100
2026-06-15 18:44:25,238 [trainer.py] => CNN: {'total': 67.79, '00-09': 78.0, '10-19': 66.42, '20-29': 69.05, '30-39': 74.32, '40-49': 60.63, '50-59': 59.27, '60-69': 82.64, '70-79': 56.64, '80-89': 66.55, '90-99': 64.86, 'old': 68.06, 'new': 64.86, 'harmonic': 66.42}
2026-06-15 18:44:25,239 [trainer.py] => CNN top1 curve: [79.33, 75.8, 75.86, 71.9, 69.63, 67.79]
2026-06-15 18:44:25,239 [trainer.py] => CNN top5 curve: [94.83, 93.65, 94.13, 93.28, 92.3, 91.66]
2026-06-15 18:44:25,239 [trainer.py] => CNN top10 curve: [98.02, 97.23, 97.41, 96.97, 96.36, 95.83]
2026-06-15 18:44:25,239 [trainer.py] => Average Accuracy (CNN top1): 73.385
