2026-08-10 15:50:55,254 [trainer.py] => config: /home/team/zhaohongwei/Code/Research/Awesome-MMCL/configs/fecam/fecam_aircraft_B0_Inc10.json
2026-08-10 15:50:55,254 [trainer.py] => prefix: -
2026-08-10 15:50:55,254 [trainer.py] => dataset: aircraft
2026-08-10 15:50:55,254 [trainer.py] => memory_size: 0
2026-08-10 15:50:55,255 [trainer.py] => memory_per_class: 0
2026-08-10 15:50:55,255 [trainer.py] => fixed_memory: False
2026-08-10 15:50:55,255 [trainer.py] => shuffle: True
2026-08-10 15:50:55,255 [trainer.py] => init_cls: 10
2026-08-10 15:50:55,255 [trainer.py] => increment: 10
2026-08-10 15:50:55,255 [trainer.py] => model_name: fecam
2026-08-10 15:50:55,255 [trainer.py] => backbone_type: clip
2026-08-10 15:50:55,255 [trainer.py] => clip_pretrained: /home/team/zhaohongwei/pretrained_models/open_clip_pytorch_model_laion400m_e32.bin
2026-08-10 15:50:55,255 [trainer.py] => device: [device(type='cuda', index=0)]
2026-08-10 15:50:55,255 [trainer.py] => seed: 1993
2026-08-10 15:50:55,255 [trainer.py] => tuned_epoch: 20
2026-08-10 15:50:55,255 [trainer.py] => init_lr: 0.01
2026-08-10 15:50:55,255 [trainer.py] => batch_size: 48
2026-08-10 15:50:55,255 [trainer.py] => weight_decay: 0.0005
2026-08-10 15:50:55,255 [trainer.py] => min_lr: 0.0
2026-08-10 15:50:55,255 [trainer.py] => ffn_num: 64
2026-08-10 15:50:55,255 [trainer.py] => optimizer: sgd
2026-08-10 15:50:55,255 [trainer.py] => num_workers: 8
2026-08-10 15:50:55,255 [trainer.py] => fecam_alpha: 100.0
2026-08-10 15:50:55,255 [trainer.py] => maha_batch_size: 64
2026-08-10 15:50:55,255 [trainer.py] => total_class_num: 100
2026-08-10 15:50:55,351 [data_manager.py] => [68, 56, 78, 8, 23, 84, 90, 65, 74, 76, 40, 89, 3, 92, 55, 9, 26, 80, 43, 38, 58, 70, 77, 1, 85, 19, 17, 50, 28, 53, 13, 81, 45, 82, 6, 59, 83, 16, 15, 44, 91, 41, 72, 60, 79, 52, 20, 10, 31, 54, 37, 95, 14, 71, 96, 98, 97, 2, 64, 66, 42, 22, 35, 86, 24, 34, 87, 21, 99, 0, 88, 27, 18, 94, 11, 12, 47, 25, 30, 46, 62, 69, 36, 61, 7, 63, 75, 5, 32, 4, 51, 48, 73, 93, 39, 67, 29, 49, 57, 33]
2026-08-10 15:50:56,687 [instantiator.py] => Created a temporary directory at /tmp/tmp3u10blj7
2026-08-10 15:50:56,688 [instantiator.py] => Writing /tmp/tmp3u10blj7/_remote_module_non_scriptable.py
2026-08-10 15:50:56,829 [factory.py] => Loaded ViT-B-16 model config.
2026-08-10 15:50:58,259 [factory.py] => Loading pretrained ViT-B-16 weights (/home/team/zhaohongwei/pretrained_models/open_clip_pytorch_model_laion400m_e32.bin).
2026-08-10 15:51:01,437 [fecam.py] => Learning on 0-10
2026-08-10 15:51:01,441 [fecam.py] => FeCAM first-session trainable parameters: 1194752
2026-08-10 15:53:09,129 [fecam.py] => Using FeCAM Mahalanobis classifier
2026-08-10 15:53:14,894 [trainer.py] => CNN: {'total': 75.89, '00-09': 75.89, 'old': 0, 'new': 75.89, 'harmonic': 0.0}
2026-08-10 15:53:14,894 [trainer.py] => CNN top1 curve: [75.89]
2026-08-10 15:53:14,895 [trainer.py] => CNN top5 curve: [99.7]
2026-08-10 15:53:14,895 [trainer.py] => Average Accuracy (CNN top1): 75.89
2026-08-10 15:53:14,896 [fecam.py] => Learning on 10-20
2026-08-10 15:53:21,323 [fecam.py] => Using FeCAM Mahalanobis classifier
2026-08-10 15:53:25,888 [trainer.py] => CNN: {'total': 70.3, '00-09': 66.67, '10-19': 73.95, 'old': 66.67, 'new': 73.95, 'harmonic': 70.12}
2026-08-10 15:53:25,889 [trainer.py] => CNN top1 curve: [75.89, 70.3]
2026-08-10 15:53:25,889 [trainer.py] => CNN top5 curve: [99.7, 95.22]
2026-08-10 15:53:25,889 [trainer.py] => Average Accuracy (CNN top1): 73.095
2026-08-10 15:53:25,890 [fecam.py] => Learning on 20-30
2026-08-10 15:53:32,493 [fecam.py] => Using FeCAM Mahalanobis classifier
2026-08-10 15:53:37,229 [trainer.py] => CNN: {'total': 65.34, '00-09': 62.8, '10-19': 66.17, '20-29': 67.07, 'old': 64.48, 'new': 67.07, 'harmonic': 65.75}
2026-08-10 15:53:37,229 [trainer.py] => CNN top1 curve: [75.89, 70.3, 65.34]
2026-08-10 15:53:37,230 [trainer.py] => CNN top5 curve: [99.7, 95.22, 94.02]
2026-08-10 15:53:37,230 [trainer.py] => Average Accuracy (CNN top1): 70.51
2026-08-10 15:53:37,231 [fecam.py] => Learning on 30-40
2026-08-10 15:53:41,790 [fecam.py] => Using FeCAM Mahalanobis classifier
2026-08-10 15:53:47,384 [trainer.py] => CNN: {'total': 61.03, '00-09': 60.42, '10-19': 59.58, '20-29': 63.47, '30-39': 60.66, 'old': 61.16, 'new': 60.66, 'harmonic': 60.91}
2026-08-10 15:53:47,384 [trainer.py] => CNN top1 curve: [75.89, 70.3, 65.34, 61.03]
2026-08-10 15:53:47,384 [trainer.py] => CNN top5 curve: [99.7, 95.22, 94.02, 90.65]
2026-08-10 15:53:47,385 [trainer.py] => Average Accuracy (CNN top1): 68.14
2026-08-10 15:53:47,386 [fecam.py] => Learning on 40-50
2026-08-10 15:53:51,993 [fecam.py] => Using FeCAM Mahalanobis classifier
2026-08-10 15:53:58,886 [trainer.py] => CNN: {'total': 59.08, '00-09': 58.63, '10-19': 59.28, '20-29': 55.99, '30-39': 60.06, '40-49': 61.45, 'old': 58.49, 'new': 61.45, 'harmonic': 59.93}
2026-08-10 15:53:58,887 [trainer.py] => CNN top1 curve: [75.89, 70.3, 65.34, 61.03, 59.08]
2026-08-10 15:53:58,887 [trainer.py] => CNN top5 curve: [99.7, 95.22, 94.02, 90.65, 88.86]
2026-08-10 15:53:58,887 [trainer.py] => Average Accuracy (CNN top1): 66.328
2026-08-10 15:53:58,888 [fecam.py] => Learning on 50-60
2026-08-10 15:54:03,314 [fecam.py] => Using FeCAM Mahalanobis classifier
2026-08-10 15:54:11,439 [trainer.py] => CNN: {'total': 57.63, '00-09': 53.57, '10-19': 57.19, '20-29': 53.59, '30-39': 57.96, '40-49': 60.24, '50-59': 63.28, 'old': 56.5, 'new': 63.28, 'harmonic': 59.7}
2026-08-10 15:54:11,439 [trainer.py] => CNN top1 curve: [75.89, 70.3, 65.34, 61.03, 59.08, 57.63]
2026-08-10 15:54:11,439 [trainer.py] => CNN top5 curve: [99.7, 95.22, 94.02, 90.65, 88.86, 86.73]
2026-08-10 15:54:11,439 [trainer.py] => Average Accuracy (CNN top1): 64.87833333333333
2026-08-10 15:54:11,440 [fecam.py] => Learning on 60-70
2026-08-10 15:54:15,384 [fecam.py] => Using FeCAM Mahalanobis classifier
2026-08-10 15:54:24,883 [trainer.py] => CNN: {'total': 53.04, '00-09': 52.38, '10-19': 51.8, '20-29': 51.8, '30-39': 57.66, '40-49': 58.73, '50-59': 61.49, '60-69': 37.35, 'old': 55.64, 'new': 37.35, 'harmonic': 44.7}
2026-08-10 15:54:24,883 [trainer.py] => CNN top1 curve: [75.89, 70.3, 65.34, 61.03, 59.08, 57.63, 53.04]
2026-08-10 15:54:24,884 [trainer.py] => CNN top5 curve: [99.7, 95.22, 94.02, 90.65, 88.86, 86.73, 83.01]
2026-08-10 15:54:24,884 [trainer.py] => Average Accuracy (CNN top1): 63.18714285714286
2026-08-10 15:54:24,885 [fecam.py] => Learning on 70-80
2026-08-10 15:54:28,718 [fecam.py] => Using FeCAM Mahalanobis classifier
2026-08-10 15:54:39,634 [trainer.py] => CNN: {'total': 49.81, '00-09': 50.89, '10-19': 49.1, '20-29': 48.5, '30-39': 54.05, '40-49': 57.83, '50-59': 60.9, '60-69': 35.54, '70-79': 41.57, 'old': 50.98, 'new': 41.57, 'harmonic': 45.8}
2026-08-10 15:54:39,635 [trainer.py] => CNN top1 curve: [75.89, 70.3, 65.34, 61.03, 59.08, 57.63, 53.04, 49.81]
2026-08-10 15:54:39,635 [trainer.py] => CNN top5 curve: [99.7, 95.22, 94.02, 90.65, 88.86, 86.73, 83.01, 79.2]
2026-08-10 15:54:39,635 [trainer.py] => Average Accuracy (CNN top1): 61.515
2026-08-10 15:54:39,636 [fecam.py] => Learning on 80-90
2026-08-10 15:54:43,499 [fecam.py] => Using FeCAM Mahalanobis classifier
2026-08-10 15:54:55,372 [trainer.py] => CNN: {'total': 47.52, '00-09': 46.43, '10-19': 47.01, '20-29': 44.61, '30-39': 53.45, '40-49': 55.12, '50-59': 60.9, '60-69': 32.23, '70-79': 40.06, '80-89': 47.75, 'old': 47.49, 'new': 47.75, 'harmonic': 47.62}
2026-08-10 15:54:55,373 [trainer.py] => CNN top1 curve: [75.89, 70.3, 65.34, 61.03, 59.08, 57.63, 53.04, 49.81, 47.52]
2026-08-10 15:54:55,373 [trainer.py] => CNN top5 curve: [99.7, 95.22, 94.02, 90.65, 88.86, 86.73, 83.01, 79.2, 77.64]
2026-08-10 15:54:55,373 [trainer.py] => Average Accuracy (CNN top1): 59.96
2026-08-10 15:54:55,374 [fecam.py] => Learning on 90-100
2026-08-10 15:54:59,110 [fecam.py] => Using FeCAM Mahalanobis classifier
2026-08-10 15:55:12,610 [trainer.py] => CNN: {'total': 47.43, '00-09': 45.83, '10-19': 44.61, '20-29': 41.92, '30-39': 51.95, '40-49': 53.01, '50-59': 60.3, '60-69': 31.93, '70-79': 38.25, '80-89': 46.85, '90-99': 59.64, 'old': 46.08, 'new': 59.64, 'harmonic': 51.99}
2026-08-10 15:55:12,610 [trainer.py] => CNN top1 curve: [75.89, 70.3, 65.34, 61.03, 59.08, 57.63, 53.04, 49.81, 47.52, 47.43]
2026-08-10 15:55:12,610 [trainer.py] => CNN top5 curve: [99.7, 95.22, 94.02, 90.65, 88.86, 86.73, 83.01, 79.2, 77.64, 77.62]
2026-08-10 15:55:12,610 [trainer.py] => Average Accuracy (CNN top1): 58.706999999999994
