2026-08-12 15:34:27,575 [trainer.py] => config: /home/team/zhaohongwei/Code/Research/Awesome-MMCL/configs/fecam/fecam_aircraft_B0_Inc10.json
2026-08-12 15:34:27,575 [trainer.py] => prefix: -
2026-08-12 15:34:27,575 [trainer.py] => dataset: aircraft
2026-08-12 15:34:27,575 [trainer.py] => memory_size: 0
2026-08-12 15:34:27,575 [trainer.py] => memory_per_class: 0
2026-08-12 15:34:27,575 [trainer.py] => fixed_memory: False
2026-08-12 15:34:27,575 [trainer.py] => shuffle: True
2026-08-12 15:34:27,575 [trainer.py] => init_cls: 10
2026-08-12 15:34:27,575 [trainer.py] => increment: 10
2026-08-12 15:34:27,575 [trainer.py] => model_name: fecam
2026-08-12 15:34:27,575 [trainer.py] => backbone_type: clip
2026-08-12 15:34:27,575 [trainer.py] => clip_pretrained: /home/team/zhaohongwei/pretrained_models/open_clip_pytorch_model_laion400m_e32.bin
2026-08-12 15:34:27,575 [trainer.py] => device: [device(type='cuda', index=0)]
2026-08-12 15:34:27,575 [trainer.py] => seed: 2026
2026-08-12 15:34:27,575 [trainer.py] => tuned_epoch: 20
2026-08-12 15:34:27,575 [trainer.py] => init_lr: 0.01
2026-08-12 15:34:27,575 [trainer.py] => batch_size: 48
2026-08-12 15:34:27,575 [trainer.py] => weight_decay: 0.0005
2026-08-12 15:34:27,575 [trainer.py] => min_lr: 0.0
2026-08-12 15:34:27,576 [trainer.py] => ffn_num: 64
2026-08-12 15:34:27,576 [trainer.py] => optimizer: sgd
2026-08-12 15:34:27,576 [trainer.py] => num_workers: 8
2026-08-12 15:34:27,576 [trainer.py] => fecam_alpha: 100.0
2026-08-12 15:34:27,576 [trainer.py] => maha_batch_size: 64
2026-08-12 15:34:27,576 [trainer.py] => total_class_num: 100
2026-08-12 15:34:27,667 [data_manager.py] => [98, 10, 4, 18, 88, 13, 8, 84, 79, 21, 85, 96, 53, 42, 52, 97, 74, 5, 58, 23, 90, 59, 16, 72, 75, 30, 43, 99, 44, 41, 0, 46, 61, 80, 65, 39, 70, 87, 89, 91, 82, 14, 12, 71, 50, 11, 15, 57, 22, 67, 45, 32, 78, 63, 66, 55, 31, 62, 35, 34, 19, 49, 24, 9, 37, 36, 3, 64, 40, 86, 81, 93, 47, 73, 17, 60, 68, 25, 38, 48, 33, 20, 83, 7, 27, 94, 54, 2, 92, 76, 69, 51, 28, 29, 95, 77, 56, 26, 6, 1]
2026-08-12 15:34:28,830 [instantiator.py] => Created a temporary directory at /tmp/tmpreujuz9a
2026-08-12 15:34:28,830 [instantiator.py] => Writing /tmp/tmpreujuz9a/_remote_module_non_scriptable.py
2026-08-12 15:34:28,982 [factory.py] => Loaded ViT-B-16 model config.
2026-08-12 15:34:30,458 [factory.py] => Loading pretrained ViT-B-16 weights (/home/team/zhaohongwei/pretrained_models/open_clip_pytorch_model_laion400m_e32.bin).
2026-08-12 15:34:32,427 [fecam.py] => Learning on 0-10
2026-08-12 15:34:32,430 [fecam.py] => FeCAM first-session trainable parameters: 1194752
2026-08-12 15:36:33,665 [fecam.py] => Using FeCAM Mahalanobis classifier
2026-08-12 15:36:35,588 [trainer.py] => CNN: {'total': 63.55, '00-09': 63.55, 'old': 0, 'new': 63.55, 'harmonic': 0.0}
2026-08-12 15:36:35,588 [trainer.py] => CNN top1 curve: [63.55]
2026-08-12 15:36:35,588 [trainer.py] => CNN top5 curve: [97.29]
2026-08-12 15:36:35,588 [trainer.py] => Average Accuracy (CNN top1): 63.55
2026-08-12 15:36:35,589 [fecam.py] => Learning on 10-20
2026-08-12 15:36:39,127 [fecam.py] => Using FeCAM Mahalanobis classifier
2026-08-12 15:36:42,126 [trainer.py] => CNN: {'total': 64.86, '00-09': 56.33, '10-19': 73.35, 'old': 56.33, 'new': 73.35, 'harmonic': 63.72}
2026-08-12 15:36:42,126 [trainer.py] => CNN top1 curve: [63.55, 64.86]
2026-08-12 15:36:42,127 [trainer.py] => CNN top5 curve: [97.29, 94.29]
2026-08-12 15:36:42,127 [trainer.py] => Average Accuracy (CNN top1): 64.205
2026-08-12 15:36:42,128 [fecam.py] => Learning on 20-30
2026-08-12 15:36:45,556 [fecam.py] => Using FeCAM Mahalanobis classifier
2026-08-12 15:36:49,565 [trainer.py] => CNN: {'total': 59.76, '00-09': 50.6, '10-19': 62.57, '20-29': 66.07, 'old': 56.61, 'new': 66.07, 'harmonic': 60.98}
2026-08-12 15:36:49,566 [trainer.py] => CNN top1 curve: [63.55, 64.86, 59.76]
2026-08-12 15:36:49,566 [trainer.py] => CNN top5 curve: [97.29, 94.29, 91.59]
2026-08-12 15:36:49,566 [trainer.py] => Average Accuracy (CNN top1): 62.72333333333333
2026-08-12 15:36:49,567 [fecam.py] => Learning on 30-40
2026-08-12 15:36:53,001 [fecam.py] => Using FeCAM Mahalanobis classifier
2026-08-12 15:36:58,173 [trainer.py] => CNN: {'total': 60.84, '00-09': 46.69, '10-19': 60.48, '20-29': 59.76, '30-39': 76.35, 'old': 55.66, 'new': 76.35, 'harmonic': 64.38}
2026-08-12 15:36:58,174 [trainer.py] => CNN top1 curve: [63.55, 64.86, 59.76, 60.84]
2026-08-12 15:36:58,174 [trainer.py] => CNN top5 curve: [97.29, 94.29, 91.59, 90.7]
2026-08-12 15:36:58,174 [trainer.py] => Average Accuracy (CNN top1): 62.2525
2026-08-12 15:36:58,175 [fecam.py] => Learning on 40-50
2026-08-12 15:37:01,646 [fecam.py] => Using FeCAM Mahalanobis classifier
2026-08-12 15:37:07,717 [trainer.py] => CNN: {'total': 58.49, '00-09': 43.98, '10-19': 58.08, '20-29': 57.36, '30-39': 74.55, '40-49': 58.38, 'old': 58.51, 'new': 58.38, 'harmonic': 58.44}
2026-08-12 15:37:07,717 [trainer.py] => CNN top1 curve: [63.55, 64.86, 59.76, 60.84, 58.49]
2026-08-12 15:37:07,717 [trainer.py] => CNN top5 curve: [97.29, 94.29, 91.59, 90.7, 86.86]
2026-08-12 15:37:07,717 [trainer.py] => Average Accuracy (CNN top1): 61.5
2026-08-12 15:37:07,718 [fecam.py] => Learning on 50-60
2026-08-12 15:37:11,432 [fecam.py] => Using FeCAM Mahalanobis classifier
2026-08-12 15:37:18,513 [trainer.py] => CNN: {'total': 55.25, '00-09': 43.07, '10-19': 57.19, '20-29': 55.56, '30-39': 63.47, '40-49': 57.78, '50-59': 54.35, 'old': 55.43, 'new': 54.35, 'harmonic': 54.88}
2026-08-12 15:37:18,514 [trainer.py] => CNN top1 curve: [63.55, 64.86, 59.76, 60.84, 58.49, 55.25]
2026-08-12 15:37:18,514 [trainer.py] => CNN top5 curve: [97.29, 94.29, 91.59, 90.7, 86.86, 85.05]
2026-08-12 15:37:18,514 [trainer.py] => Average Accuracy (CNN top1): 60.458333333333336
2026-08-12 15:37:18,515 [fecam.py] => Learning on 60-70
2026-08-12 15:37:22,101 [fecam.py] => Using FeCAM Mahalanobis classifier
2026-08-12 15:37:30,344 [trainer.py] => CNN: {'total': 52.77, '00-09': 40.66, '10-19': 54.49, '20-29': 53.75, '30-39': 61.68, '40-49': 53.59, '50-59': 53.15, '60-69': 51.96, 'old': 52.9, 'new': 51.96, 'harmonic': 52.43}
2026-08-12 15:37:30,344 [trainer.py] => CNN top1 curve: [63.55, 64.86, 59.76, 60.84, 58.49, 55.25, 52.77]
2026-08-12 15:37:30,344 [trainer.py] => CNN top5 curve: [97.29, 94.29, 91.59, 90.7, 86.86, 85.05, 83.48]
2026-08-12 15:37:30,344 [trainer.py] => Average Accuracy (CNN top1): 59.36
2026-08-12 15:37:30,346 [fecam.py] => Learning on 70-80
2026-08-12 15:37:33,955 [fecam.py] => Using FeCAM Mahalanobis classifier
2026-08-12 15:37:43,122 [trainer.py] => CNN: {'total': 50.9, '00-09': 38.86, '10-19': 54.49, '20-29': 50.45, '30-39': 54.49, '40-49': 52.99, '50-59': 51.95, '60-69': 51.06, '70-79': 52.85, 'old': 50.62, 'new': 52.85, 'harmonic': 51.71}
2026-08-12 15:37:43,122 [trainer.py] => CNN top1 curve: [63.55, 64.86, 59.76, 60.84, 58.49, 55.25, 52.77, 50.9]
2026-08-12 15:37:43,122 [trainer.py] => CNN top5 curve: [97.29, 94.29, 91.59, 90.7, 86.86, 85.05, 83.48, 82.43]
2026-08-12 15:37:43,122 [trainer.py] => Average Accuracy (CNN top1): 58.302499999999995
2026-08-12 15:37:43,123 [fecam.py] => Learning on 80-90
2026-08-12 15:37:46,691 [fecam.py] => Using FeCAM Mahalanobis classifier
2026-08-12 15:37:56,930 [trainer.py] => CNN: {'total': 48.83, '00-09': 37.35, '10-19': 50.9, '20-29': 49.25, '30-39': 52.99, '40-49': 52.1, '50-59': 51.35, '60-69': 48.04, '70-79': 51.35, '80-89': 46.11, 'old': 49.17, 'new': 46.11, 'harmonic': 47.59}
2026-08-12 15:37:56,930 [trainer.py] => CNN top1 curve: [63.55, 64.86, 59.76, 60.84, 58.49, 55.25, 52.77, 50.9, 48.83]
2026-08-12 15:37:56,930 [trainer.py] => CNN top5 curve: [97.29, 94.29, 91.59, 90.7, 86.86, 85.05, 83.48, 82.43, 79.85]
2026-08-12 15:37:56,930 [trainer.py] => Average Accuracy (CNN top1): 57.25
2026-08-12 15:37:56,931 [fecam.py] => Learning on 90-100
2026-08-12 15:38:00,475 [fecam.py] => Using FeCAM Mahalanobis classifier
2026-08-12 15:38:11,637 [trainer.py] => CNN: {'total': 47.4, '00-09': 35.84, '10-19': 49.7, '20-29': 48.65, '30-39': 50.0, '40-49': 50.9, '50-59': 50.45, '60-69': 47.13, '70-79': 49.85, '80-89': 45.51, '90-99': 45.97, 'old': 47.57, 'new': 45.97, 'harmonic': 46.76}
2026-08-12 15:38:11,637 [trainer.py] => CNN top1 curve: [63.55, 64.86, 59.76, 60.84, 58.49, 55.25, 52.77, 50.9, 48.83, 47.4]
2026-08-12 15:38:11,637 [trainer.py] => CNN top5 curve: [97.29, 94.29, 91.59, 90.7, 86.86, 85.05, 83.48, 82.43, 79.85, 77.71]
2026-08-12 15:38:11,637 [trainer.py] => Average Accuracy (CNN top1): 56.265
