2026-08-10 16:08:12,966 [trainer.py] => config: /home/team/zhaohongwei/Code/Research/Awesome-MMCL/configs/fecam/fecam_cars_B50_Inc10.json
2026-08-10 16:08:12,966 [trainer.py] => prefix: -
2026-08-10 16:08:12,966 [trainer.py] => dataset: cars
2026-08-10 16:08:12,966 [trainer.py] => memory_size: 0
2026-08-10 16:08:12,966 [trainer.py] => memory_per_class: 0
2026-08-10 16:08:12,966 [trainer.py] => fixed_memory: False
2026-08-10 16:08:12,966 [trainer.py] => shuffle: True
2026-08-10 16:08:12,966 [trainer.py] => init_cls: 50
2026-08-10 16:08:12,966 [trainer.py] => increment: 10
2026-08-10 16:08:12,966 [trainer.py] => model_name: fecam
2026-08-10 16:08:12,966 [trainer.py] => backbone_type: clip
2026-08-10 16:08:12,967 [trainer.py] => clip_pretrained: /home/team/zhaohongwei/pretrained_models/open_clip_pytorch_model_laion400m_e32.bin
2026-08-10 16:08:12,967 [trainer.py] => device: [device(type='cuda', index=0)]
2026-08-10 16:08:12,967 [trainer.py] => seed: 0
2026-08-10 16:08:12,967 [trainer.py] => tuned_epoch: 20
2026-08-10 16:08:12,967 [trainer.py] => init_lr: 0.01
2026-08-10 16:08:12,967 [trainer.py] => batch_size: 48
2026-08-10 16:08:12,967 [trainer.py] => weight_decay: 0.0005
2026-08-10 16:08:12,967 [trainer.py] => min_lr: 0.0
2026-08-10 16:08:12,967 [trainer.py] => ffn_num: 64
2026-08-10 16:08:12,967 [trainer.py] => optimizer: sgd
2026-08-10 16:08:12,967 [trainer.py] => num_workers: 8
2026-08-10 16:08:12,967 [trainer.py] => fecam_alpha: 100.0
2026-08-10 16:08:12,967 [trainer.py] => maha_batch_size: 64
2026-08-10 16:08:12,967 [trainer.py] => total_class_num: 100
2026-08-10 16:08:13,066 [data_manager.py] => [26, 86, 2, 55, 75, 93, 16, 73, 54, 95, 53, 92, 78, 13, 7, 30, 22, 24, 33, 8, 43, 62, 3, 71, 45, 48, 6, 99, 82, 76, 60, 80, 90, 68, 51, 27, 18, 56, 63, 74, 1, 61, 42, 41, 4, 15, 17, 40, 38, 5, 91, 59, 0, 34, 28, 50, 11, 35, 23, 52, 10, 31, 66, 57, 79, 85, 32, 84, 14, 89, 19, 29, 49, 97, 98, 69, 20, 94, 72, 77, 25, 37, 81, 46, 39, 65, 58, 12, 88, 70, 87, 36, 21, 83, 9, 96, 67, 64, 47, 44]
2026-08-10 16:08:14,240 [instantiator.py] => Created a temporary directory at /tmp/tmpuep64j8e
2026-08-10 16:08:14,240 [instantiator.py] => Writing /tmp/tmpuep64j8e/_remote_module_non_scriptable.py
2026-08-10 16:08:14,384 [factory.py] => Loaded ViT-B-16 model config.
2026-08-10 16:08:15,838 [factory.py] => Loading pretrained ViT-B-16 weights (/home/team/zhaohongwei/pretrained_models/open_clip_pytorch_model_laion400m_e32.bin).
2026-08-10 16:08:17,442 [fecam.py] => Learning on 0-50
2026-08-10 16:08:17,449 [fecam.py] => FeCAM first-session trainable parameters: 1215232
2026-08-10 16:13:45,074 [fecam.py] => Using FeCAM Mahalanobis classifier
2026-08-10 16:13:52,183 [trainer.py] => CNN: {'total': 94.13, '00-09': 95.44, '10-19': 96.9, '20-29': 94.62, '30-39': 95.81, '40-49': 87.5, 'old': 0, 'new': 94.13, 'harmonic': 0.0}
2026-08-10 16:13:52,183 [trainer.py] => CNN top1 curve: [94.13]
2026-08-10 16:13:52,183 [trainer.py] => CNN top5 curve: [99.8]
2026-08-10 16:13:52,183 [trainer.py] => Average Accuracy (CNN top1): 94.13
2026-08-10 16:13:52,185 [fecam.py] => Learning on 50-60
2026-08-10 16:13:54,940 [fecam.py] => Using FeCAM Mahalanobis classifier
2026-08-10 16:14:03,242 [trainer.py] => CNN: {'total': 92.47, '00-09': 95.44, '10-19': 92.12, '20-29': 94.62, '30-39': 91.63, '40-49': 87.5, '50-59': 93.23, 'old': 92.32, 'new': 93.23, 'harmonic': 92.77}
2026-08-10 16:14:03,242 [trainer.py] => CNN top1 curve: [94.13, 92.47]
2026-08-10 16:14:03,242 [trainer.py] => CNN top5 curve: [99.8, 99.8]
2026-08-10 16:14:03,242 [trainer.py] => Average Accuracy (CNN top1): 93.3
2026-08-10 16:14:03,243 [fecam.py] => Learning on 60-70
2026-08-10 16:14:05,797 [fecam.py] => Using FeCAM Mahalanobis classifier
2026-08-10 16:14:15,352 [trainer.py] => CNN: {'total': 92.32, '00-09': 94.96, '10-19': 89.98, '20-29': 94.62, '30-39': 89.9, '40-49': 87.5, '50-59': 93.23, '60-69': 95.83, 'old': 91.73, 'new': 95.83, 'harmonic': 93.74}
2026-08-10 16:14:15,352 [trainer.py] => CNN top1 curve: [94.13, 92.47, 92.32]
2026-08-10 16:14:15,352 [trainer.py] => CNN top5 curve: [99.8, 99.8, 99.79]
2026-08-10 16:14:15,352 [trainer.py] => Average Accuracy (CNN top1): 92.97333333333331
2026-08-10 16:14:15,353 [fecam.py] => Learning on 70-80
2026-08-10 16:14:18,136 [fecam.py] => Using FeCAM Mahalanobis classifier
2026-08-10 16:14:28,779 [trainer.py] => CNN: {'total': 89.3, '00-09': 90.41, '10-19': 87.83, '20-29': 90.22, '30-39': 89.41, '40-49': 86.22, '50-59': 93.23, '60-69': 95.83, '70-79': 81.43, 'old': 90.46, 'new': 81.43, 'harmonic': 85.71}
2026-08-10 16:14:28,779 [trainer.py] => CNN top1 curve: [94.13, 92.47, 92.32, 89.3]
2026-08-10 16:14:28,779 [trainer.py] => CNN top5 curve: [99.8, 99.8, 99.79, 99.66]
2026-08-10 16:14:28,779 [trainer.py] => Average Accuracy (CNN top1): 92.05499999999999
2026-08-10 16:14:28,780 [fecam.py] => Learning on 80-90
2026-08-10 16:14:31,559 [fecam.py] => Using FeCAM Mahalanobis classifier
2026-08-10 16:14:43,550 [trainer.py] => CNN: {'total': 88.68, '00-09': 89.69, '10-19': 87.83, '20-29': 90.22, '30-39': 88.67, '40-49': 85.71, '50-59': 92.98, '60-69': 94.12, '70-79': 80.0, '80-89': 89.16, 'old': 88.62, 'new': 89.16, 'harmonic': 88.89}
2026-08-10 16:14:43,550 [trainer.py] => CNN top1 curve: [94.13, 92.47, 92.32, 89.3, 88.68]
2026-08-10 16:14:43,550 [trainer.py] => CNN top5 curve: [99.8, 99.8, 99.79, 99.66, 99.62]
2026-08-10 16:14:43,550 [trainer.py] => Average Accuracy (CNN top1): 91.38
2026-08-10 16:14:43,551 [fecam.py] => Learning on 90-100
2026-08-10 16:14:46,229 [fecam.py] => Using FeCAM Mahalanobis classifier
2026-08-10 16:14:59,480 [trainer.py] => CNN: {'total': 86.85, '00-09': 88.25, '10-19': 85.2, '20-29': 86.8, '30-39': 86.21, '40-49': 85.71, '50-59': 92.73, '60-69': 93.38, '70-79': 79.76, '80-89': 88.67, '90-99': 81.91, 'old': 87.38, 'new': 81.91, 'harmonic': 84.56}
2026-08-10 16:14:59,481 [trainer.py] => CNN top1 curve: [94.13, 92.47, 92.32, 89.3, 88.68, 86.85]
2026-08-10 16:14:59,481 [trainer.py] => CNN top5 curve: [99.8, 99.8, 99.79, 99.66, 99.62, 99.56]
2026-08-10 16:14:59,481 [trainer.py] => Average Accuracy (CNN top1): 90.625
