2026-08-12 17:14:24,201 [trainer.py] => config: /home/team/zhaohongwei/Code/Research/Awesome-MMCL/configs/fecam/fecam_cars_B50_Inc10.json
2026-08-12 17:14:24,201 [trainer.py] => prefix: -
2026-08-12 17:14:24,202 [trainer.py] => dataset: cars
2026-08-12 17:14:24,202 [trainer.py] => memory_size: 0
2026-08-12 17:14:24,202 [trainer.py] => memory_per_class: 0
2026-08-12 17:14:24,202 [trainer.py] => fixed_memory: False
2026-08-12 17:14:24,202 [trainer.py] => shuffle: True
2026-08-12 17:14:24,202 [trainer.py] => init_cls: 50
2026-08-12 17:14:24,202 [trainer.py] => increment: 10
2026-08-12 17:14:24,202 [trainer.py] => model_name: fecam
2026-08-12 17:14:24,202 [trainer.py] => backbone_type: clip
2026-08-12 17:14:24,202 [trainer.py] => clip_pretrained: /home/team/zhaohongwei/pretrained_models/open_clip_pytorch_model_laion400m_e32.bin
2026-08-12 17:14:24,202 [trainer.py] => device: [device(type='cuda', index=0)]
2026-08-12 17:14:24,202 [trainer.py] => seed: 2026
2026-08-12 17:14:24,202 [trainer.py] => tuned_epoch: 20
2026-08-12 17:14:24,202 [trainer.py] => init_lr: 0.01
2026-08-12 17:14:24,202 [trainer.py] => batch_size: 48
2026-08-12 17:14:24,202 [trainer.py] => weight_decay: 0.0005
2026-08-12 17:14:24,202 [trainer.py] => min_lr: 0.0
2026-08-12 17:14:24,202 [trainer.py] => ffn_num: 64
2026-08-12 17:14:24,202 [trainer.py] => optimizer: sgd
2026-08-12 17:14:24,202 [trainer.py] => num_workers: 8
2026-08-12 17:14:24,202 [trainer.py] => fecam_alpha: 100.0
2026-08-12 17:14:24,202 [trainer.py] => maha_batch_size: 64
2026-08-12 17:14:24,202 [trainer.py] => total_class_num: 100
2026-08-12 17:14:24,300 [data_manager.py] => [98, 10, 4, 18, 88, 13, 8, 84, 79, 21, 85, 96, 53, 42, 52, 97, 74, 5, 58, 23, 90, 59, 16, 72, 75, 30, 43, 99, 44, 41, 0, 46, 61, 80, 65, 39, 70, 87, 89, 91, 82, 14, 12, 71, 50, 11, 15, 57, 22, 67, 45, 32, 78, 63, 66, 55, 31, 62, 35, 34, 19, 49, 24, 9, 37, 36, 3, 64, 40, 86, 81, 93, 47, 73, 17, 60, 68, 25, 38, 48, 33, 20, 83, 7, 27, 94, 54, 2, 92, 76, 69, 51, 28, 29, 95, 77, 56, 26, 6, 1]
2026-08-12 17:14:25,499 [instantiator.py] => Created a temporary directory at /tmp/tmpjvp4urxq
2026-08-12 17:14:25,500 [instantiator.py] => Writing /tmp/tmpjvp4urxq/_remote_module_non_scriptable.py
2026-08-12 17:14:25,641 [factory.py] => Loaded ViT-B-16 model config.
2026-08-12 17:14:27,079 [factory.py] => Loading pretrained ViT-B-16 weights (/home/team/zhaohongwei/pretrained_models/open_clip_pytorch_model_laion400m_e32.bin).
2026-08-12 17:14:29,091 [fecam.py] => Learning on 0-50
2026-08-12 17:14:29,097 [fecam.py] => FeCAM first-session trainable parameters: 1215232
2026-08-12 17:19:50,902 [fecam.py] => Using FeCAM Mahalanobis classifier
2026-08-12 17:19:57,845 [trainer.py] => CNN: {'total': 93.03, '00-09': 86.7, '10-19': 96.14, '20-29': 94.23, '30-39': 97.81, '40-49': 90.24, 'old': 0, 'new': 93.03, 'harmonic': 0.0}
2026-08-12 17:19:57,846 [trainer.py] => CNN top1 curve: [93.03]
2026-08-12 17:19:57,846 [trainer.py] => CNN top5 curve: [99.95]
2026-08-12 17:19:57,846 [trainer.py] => Average Accuracy (CNN top1): 93.03
2026-08-12 17:19:57,847 [fecam.py] => Learning on 50-60
2026-08-12 17:20:00,398 [fecam.py] => Using FeCAM Mahalanobis classifier
2026-08-12 17:20:08,725 [trainer.py] => CNN: {'total': 92.17, '00-09': 85.96, '10-19': 95.9, '20-29': 92.39, '30-39': 94.16, '40-49': 90.24, '50-59': 94.23, 'old': 91.74, 'new': 94.23, 'harmonic': 92.97}
2026-08-12 17:20:08,725 [trainer.py] => CNN top1 curve: [93.03, 92.17]
2026-08-12 17:20:08,725 [trainer.py] => CNN top5 curve: [99.95, 99.92]
2026-08-12 17:20:08,726 [trainer.py] => Average Accuracy (CNN top1): 92.6
2026-08-12 17:20:08,727 [fecam.py] => Learning on 60-70
2026-08-12 17:20:11,227 [fecam.py] => Using FeCAM Mahalanobis classifier
2026-08-12 17:20:20,864 [trainer.py] => CNN: {'total': 89.58, '00-09': 84.48, '10-19': 93.49, '20-29': 91.08, '30-39': 93.67, '40-49': 88.05, '50-59': 93.75, '60-69': 82.52, 'old': 90.77, 'new': 82.52, 'harmonic': 86.45}
2026-08-12 17:20:20,864 [trainer.py] => CNN top1 curve: [93.03, 92.17, 89.58]
2026-08-12 17:20:20,864 [trainer.py] => CNN top5 curve: [99.95, 99.92, 99.86]
2026-08-12 17:20:20,864 [trainer.py] => Average Accuracy (CNN top1): 91.59333333333332
2026-08-12 17:20:20,865 [fecam.py] => Learning on 70-80
2026-08-12 17:20:23,198 [fecam.py] => Using FeCAM Mahalanobis classifier
2026-08-12 17:20:33,884 [trainer.py] => CNN: {'total': 88.52, '00-09': 83.99, '10-19': 93.49, '20-29': 88.45, '30-39': 93.67, '40-49': 85.85, '50-59': 93.51, '60-69': 82.04, '70-79': 86.92, 'old': 88.74, 'new': 86.92, 'harmonic': 87.82}
2026-08-12 17:20:33,885 [trainer.py] => CNN top1 curve: [93.03, 92.17, 89.58, 88.52]
2026-08-12 17:20:33,885 [trainer.py] => CNN top5 curve: [99.95, 99.92, 99.86, 99.85]
2026-08-12 17:20:33,885 [trainer.py] => Average Accuracy (CNN top1): 90.82499999999999
2026-08-12 17:20:33,886 [fecam.py] => Learning on 80-90
2026-08-12 17:20:36,758 [fecam.py] => Using FeCAM Mahalanobis classifier
2026-08-12 17:20:48,762 [trainer.py] => CNN: {'total': 87.16, '00-09': 83.5, '10-19': 92.53, '20-29': 84.25, '30-39': 93.19, '40-49': 83.17, '50-59': 93.27, '60-69': 81.07, '70-79': 86.41, '80-89': 86.63, 'old': 87.23, 'new': 86.63, 'harmonic': 86.93}
2026-08-12 17:20:48,762 [trainer.py] => CNN top1 curve: [93.03, 92.17, 89.58, 88.52, 87.16]
2026-08-12 17:20:48,762 [trainer.py] => CNN top5 curve: [99.95, 99.92, 99.86, 99.85, 99.64]
2026-08-12 17:20:48,762 [trainer.py] => Average Accuracy (CNN top1): 90.09199999999998
2026-08-12 17:20:48,763 [fecam.py] => Learning on 90-100
2026-08-12 17:20:51,416 [fecam.py] => Using FeCAM Mahalanobis classifier
2026-08-12 17:21:04,745 [trainer.py] => CNN: {'total': 86.77, '00-09': 83.25, '10-19': 91.57, '20-29': 83.99, '30-39': 92.21, '40-49': 81.95, '50-59': 93.27, '60-69': 81.07, '70-79': 85.9, '80-89': 85.68, '90-99': 88.42, 'old': 86.58, 'new': 88.42, 'harmonic': 87.49}
2026-08-12 17:21:04,745 [trainer.py] => CNN top1 curve: [93.03, 92.17, 89.58, 88.52, 87.16, 86.77]
2026-08-12 17:21:04,745 [trainer.py] => CNN top5 curve: [99.95, 99.92, 99.86, 99.85, 99.64, 99.53]
2026-08-12 17:21:04,745 [trainer.py] => Average Accuracy (CNN top1): 89.53833333333331
