2026-08-10 16:05:00,141 [trainer.py] => config: /home/team/zhaohongwei/Code/Research/Awesome-MMCL/configs/fecam/fecam_cars_B0_Inc10.json
2026-08-10 16:05:00,142 [trainer.py] => prefix: -
2026-08-10 16:05:00,142 [trainer.py] => dataset: cars
2026-08-10 16:05:00,142 [trainer.py] => memory_size: 0
2026-08-10 16:05:00,142 [trainer.py] => memory_per_class: 0
2026-08-10 16:05:00,142 [trainer.py] => fixed_memory: False
2026-08-10 16:05:00,142 [trainer.py] => shuffle: True
2026-08-10 16:05:00,142 [trainer.py] => init_cls: 10
2026-08-10 16:05:00,142 [trainer.py] => increment: 10
2026-08-10 16:05:00,142 [trainer.py] => model_name: fecam
2026-08-10 16:05:00,142 [trainer.py] => backbone_type: clip
2026-08-10 16:05:00,142 [trainer.py] => clip_pretrained: /home/team/zhaohongwei/pretrained_models/open_clip_pytorch_model_laion400m_e32.bin
2026-08-10 16:05:00,142 [trainer.py] => device: [device(type='cuda', index=0)]
2026-08-10 16:05:00,142 [trainer.py] => seed: 42
2026-08-10 16:05:00,142 [trainer.py] => tuned_epoch: 20
2026-08-10 16:05:00,142 [trainer.py] => init_lr: 0.01
2026-08-10 16:05:00,142 [trainer.py] => batch_size: 48
2026-08-10 16:05:00,142 [trainer.py] => weight_decay: 0.0005
2026-08-10 16:05:00,142 [trainer.py] => min_lr: 0.0
2026-08-10 16:05:00,142 [trainer.py] => ffn_num: 64
2026-08-10 16:05:00,142 [trainer.py] => optimizer: sgd
2026-08-10 16:05:00,142 [trainer.py] => num_workers: 8
2026-08-10 16:05:00,142 [trainer.py] => fecam_alpha: 100.0
2026-08-10 16:05:00,142 [trainer.py] => maha_batch_size: 64
2026-08-10 16:05:00,142 [trainer.py] => total_class_num: 100
2026-08-10 16:05:00,237 [data_manager.py] => [83, 53, 70, 45, 44, 39, 22, 80, 10, 0, 18, 30, 73, 33, 90, 4, 76, 77, 12, 31, 55, 88, 26, 42, 69, 15, 40, 96, 9, 72, 11, 47, 85, 28, 93, 5, 66, 65, 35, 16, 49, 34, 7, 95, 27, 19, 81, 25, 62, 13, 24, 3, 17, 38, 8, 78, 6, 64, 36, 89, 56, 99, 54, 43, 50, 67, 46, 68, 61, 97, 79, 41, 58, 48, 98, 57, 75, 32, 94, 59, 63, 84, 37, 29, 1, 52, 21, 2, 23, 87, 91, 74, 86, 82, 20, 60, 71, 14, 92, 51]
2026-08-10 16:05:01,458 [instantiator.py] => Created a temporary directory at /tmp/tmpr7act_rp
2026-08-10 16:05:01,459 [instantiator.py] => Writing /tmp/tmpr7act_rp/_remote_module_non_scriptable.py
2026-08-10 16:05:01,602 [factory.py] => Loaded ViT-B-16 model config.
2026-08-10 16:05:03,073 [factory.py] => Loading pretrained ViT-B-16 weights (/home/team/zhaohongwei/pretrained_models/open_clip_pytorch_model_laion400m_e32.bin).
2026-08-10 16:05:04,778 [fecam.py] => Learning on 0-10
2026-08-10 16:05:04,782 [fecam.py] => FeCAM first-session trainable parameters: 1194752
2026-08-10 16:06:20,875 [fecam.py] => Using FeCAM Mahalanobis classifier
2026-08-10 16:06:22,686 [trainer.py] => CNN: {'total': 97.76, '00-09': 97.76, 'old': 0, 'new': 97.76, 'harmonic': 0.0}
2026-08-10 16:06:22,686 [trainer.py] => CNN top1 curve: [97.76]
2026-08-10 16:06:22,687 [trainer.py] => CNN top5 curve: [100.0]
2026-08-10 16:06:22,687 [trainer.py] => Average Accuracy (CNN top1): 97.76
2026-08-10 16:06:22,688 [fecam.py] => Learning on 10-20
2026-08-10 16:06:25,407 [fecam.py] => Using FeCAM Mahalanobis classifier
2026-08-10 16:06:28,538 [trainer.py] => CNN: {'total': 97.43, '00-09': 97.51, '10-19': 97.36, 'old': 97.51, 'new': 97.36, 'harmonic': 97.43}
2026-08-10 16:06:28,538 [trainer.py] => CNN top1 curve: [97.76, 97.43]
2026-08-10 16:06:28,538 [trainer.py] => CNN top5 curve: [100.0, 100.0]
2026-08-10 16:06:28,538 [trainer.py] => Average Accuracy (CNN top1): 97.595
2026-08-10 16:06:28,540 [fecam.py] => Learning on 20-30
2026-08-10 16:06:31,341 [fecam.py] => Using FeCAM Mahalanobis classifier
2026-08-10 16:06:35,787 [trainer.py] => CNN: {'total': 93.96, '00-09': 94.01, '10-19': 94.71, '20-29': 93.09, 'old': 94.37, 'new': 93.09, 'harmonic': 93.73}
2026-08-10 16:06:35,787 [trainer.py] => CNN top1 curve: [97.76, 97.43, 93.96]
2026-08-10 16:06:35,788 [trainer.py] => CNN top5 curve: [100.0, 100.0, 100.0]
2026-08-10 16:06:35,788 [trainer.py] => Average Accuracy (CNN top1): 96.38333333333333
2026-08-10 16:06:35,789 [fecam.py] => Learning on 30-40
2026-08-10 16:06:38,259 [fecam.py] => Using FeCAM Mahalanobis classifier
2026-08-10 16:06:43,872 [trainer.py] => CNN: {'total': 93.78, '00-09': 93.52, '10-19': 92.07, '20-29': 91.82, '30-39': 97.59, 'old': 92.47, 'new': 97.59, 'harmonic': 94.96}
2026-08-10 16:06:43,873 [trainer.py] => CNN top1 curve: [97.76, 97.43, 93.96, 93.78]
2026-08-10 16:06:43,873 [trainer.py] => CNN top5 curve: [100.0, 100.0, 100.0, 99.94]
2026-08-10 16:06:43,873 [trainer.py] => Average Accuracy (CNN top1): 95.73249999999999
2026-08-10 16:06:43,874 [fecam.py] => Learning on 40-50
2026-08-10 16:06:46,487 [fecam.py] => Using FeCAM Mahalanobis classifier
2026-08-10 16:06:53,352 [trainer.py] => CNN: {'total': 91.15, '00-09': 93.52, '10-19': 91.59, '20-29': 90.28, '30-39': 95.66, '40-49': 84.71, 'old': 92.79, 'new': 84.71, 'harmonic': 88.57}
2026-08-10 16:06:53,353 [trainer.py] => CNN top1 curve: [97.76, 97.43, 93.96, 93.78, 91.15]
2026-08-10 16:06:53,353 [trainer.py] => CNN top5 curve: [100.0, 100.0, 100.0, 99.94, 99.85]
2026-08-10 16:06:53,353 [trainer.py] => Average Accuracy (CNN top1): 94.81599999999999
2026-08-10 16:06:53,354 [fecam.py] => Learning on 50-60
2026-08-10 16:06:55,870 [fecam.py] => Using FeCAM Mahalanobis classifier
2026-08-10 16:07:03,985 [trainer.py] => CNN: {'total': 89.15, '00-09': 92.77, '10-19': 91.11, '20-29': 89.77, '30-39': 90.36, '40-49': 83.5, '50-59': 87.5, 'old': 89.48, 'new': 87.5, 'harmonic': 88.48}
2026-08-10 16:07:03,985 [trainer.py] => CNN top1 curve: [97.76, 97.43, 93.96, 93.78, 91.15, 89.15]
2026-08-10 16:07:03,985 [trainer.py] => CNN top5 curve: [100.0, 100.0, 100.0, 99.94, 99.85, 99.76]
2026-08-10 16:07:03,985 [trainer.py] => Average Accuracy (CNN top1): 93.87166666666666
2026-08-10 16:07:03,986 [fecam.py] => Learning on 60-70
2026-08-10 16:07:06,719 [fecam.py] => Using FeCAM Mahalanobis classifier
2026-08-10 16:07:16,163 [trainer.py] => CNN: {'total': 89.06, '00-09': 92.52, '10-19': 91.11, '20-29': 87.98, '30-39': 89.64, '40-49': 83.5, '50-59': 87.26, '60-69': 91.46, 'old': 88.66, 'new': 91.46, 'harmonic': 90.04}
2026-08-10 16:07:16,163 [trainer.py] => CNN top1 curve: [97.76, 97.43, 93.96, 93.78, 91.15, 89.15, 89.06]
2026-08-10 16:07:16,163 [trainer.py] => CNN top5 curve: [100.0, 100.0, 100.0, 99.94, 99.85, 99.76, 99.76]
2026-08-10 16:07:16,163 [trainer.py] => Average Accuracy (CNN top1): 93.1842857142857
2026-08-10 16:07:16,164 [fecam.py] => Learning on 70-80
2026-08-10 16:07:18,679 [fecam.py] => Using FeCAM Mahalanobis classifier
2026-08-10 16:07:29,317 [trainer.py] => CNN: {'total': 88.04, '00-09': 91.77, '10-19': 90.87, '20-29': 85.68, '30-39': 89.4, '40-49': 81.8, '50-59': 87.26, '60-69': 87.32, '70-79': 90.28, 'old': 87.73, 'new': 90.28, 'harmonic': 88.99}
2026-08-10 16:07:29,317 [trainer.py] => CNN top1 curve: [97.76, 97.43, 93.96, 93.78, 91.15, 89.15, 89.06, 88.04]
2026-08-10 16:07:29,317 [trainer.py] => CNN top5 curve: [100.0, 100.0, 100.0, 99.94, 99.85, 99.76, 99.76, 99.66]
2026-08-10 16:07:29,317 [trainer.py] => Average Accuracy (CNN top1): 92.54124999999999
2026-08-10 16:07:29,318 [fecam.py] => Learning on 80-90
2026-08-10 16:07:31,866 [fecam.py] => Using FeCAM Mahalanobis classifier
2026-08-10 16:07:43,758 [trainer.py] => CNN: {'total': 87.39, '00-09': 89.28, '10-19': 90.38, '20-29': 85.68, '30-39': 88.19, '40-49': 81.31, '50-59': 87.02, '60-69': 87.07, '70-79': 90.28, '80-89': 87.38, 'old': 87.39, 'new': 87.38, 'harmonic': 87.38}
2026-08-10 16:07:43,758 [trainer.py] => CNN top1 curve: [97.76, 97.43, 93.96, 93.78, 91.15, 89.15, 89.06, 88.04, 87.39]
2026-08-10 16:07:43,758 [trainer.py] => CNN top5 curve: [100.0, 100.0, 100.0, 99.94, 99.85, 99.76, 99.76, 99.66, 99.56]
2026-08-10 16:07:43,758 [trainer.py] => Average Accuracy (CNN top1): 91.96888888888888
2026-08-10 16:07:43,759 [fecam.py] => Learning on 90-100
2026-08-10 16:07:46,543 [fecam.py] => Using FeCAM Mahalanobis classifier
2026-08-10 16:07:59,613 [trainer.py] => CNN: {'total': 86.31, '00-09': 86.78, '10-19': 90.14, '20-29': 85.68, '30-39': 84.34, '40-49': 81.07, '50-59': 86.54, '60-69': 87.07, '70-79': 88.24, '80-89': 86.39, '90-99': 86.89, 'old': 86.24, 'new': 86.89, 'harmonic': 86.56}
2026-08-10 16:07:59,613 [trainer.py] => CNN top1 curve: [97.76, 97.43, 93.96, 93.78, 91.15, 89.15, 89.06, 88.04, 87.39, 86.31]
2026-08-10 16:07:59,613 [trainer.py] => CNN top5 curve: [100.0, 100.0, 100.0, 99.94, 99.85, 99.76, 99.76, 99.66, 99.56, 99.49]
2026-08-10 16:07:59,613 [trainer.py] => Average Accuracy (CNN top1): 91.40299999999999
