2026-08-10 16:10:02,355 [trainer.py] => config: /home/team/zhaohongwei/Code/Research/Awesome-MMCL/configs/fecam/fecam_cars_B50_Inc10.json
2026-08-10 16:10:02,356 [trainer.py] => prefix: -
2026-08-10 16:10:02,356 [trainer.py] => dataset: cars
2026-08-10 16:10:02,356 [trainer.py] => memory_size: 0
2026-08-10 16:10:02,356 [trainer.py] => memory_per_class: 0
2026-08-10 16:10:02,356 [trainer.py] => fixed_memory: False
2026-08-10 16:10:02,356 [trainer.py] => shuffle: True
2026-08-10 16:10:02,356 [trainer.py] => init_cls: 50
2026-08-10 16:10:02,356 [trainer.py] => increment: 10
2026-08-10 16:10:02,356 [trainer.py] => model_name: fecam
2026-08-10 16:10:02,356 [trainer.py] => backbone_type: clip
2026-08-10 16:10:02,356 [trainer.py] => clip_pretrained: /home/team/zhaohongwei/pretrained_models/open_clip_pytorch_model_laion400m_e32.bin
2026-08-10 16:10:02,356 [trainer.py] => device: [device(type='cuda', index=0)]
2026-08-10 16:10:02,356 [trainer.py] => seed: 1993
2026-08-10 16:10:02,356 [trainer.py] => tuned_epoch: 20
2026-08-10 16:10:02,356 [trainer.py] => init_lr: 0.01
2026-08-10 16:10:02,356 [trainer.py] => batch_size: 48
2026-08-10 16:10:02,356 [trainer.py] => weight_decay: 0.0005
2026-08-10 16:10:02,356 [trainer.py] => min_lr: 0.0
2026-08-10 16:10:02,356 [trainer.py] => ffn_num: 64
2026-08-10 16:10:02,356 [trainer.py] => optimizer: sgd
2026-08-10 16:10:02,356 [trainer.py] => num_workers: 8
2026-08-10 16:10:02,356 [trainer.py] => fecam_alpha: 100.0
2026-08-10 16:10:02,356 [trainer.py] => maha_batch_size: 64
2026-08-10 16:10:02,356 [trainer.py] => total_class_num: 100
2026-08-10 16:10:02,472 [data_manager.py] => [68, 56, 78, 8, 23, 84, 90, 65, 74, 76, 40, 89, 3, 92, 55, 9, 26, 80, 43, 38, 58, 70, 77, 1, 85, 19, 17, 50, 28, 53, 13, 81, 45, 82, 6, 59, 83, 16, 15, 44, 91, 41, 72, 60, 79, 52, 20, 10, 31, 54, 37, 95, 14, 71, 96, 98, 97, 2, 64, 66, 42, 22, 35, 86, 24, 34, 87, 21, 99, 0, 88, 27, 18, 94, 11, 12, 47, 25, 30, 46, 62, 69, 36, 61, 7, 63, 75, 5, 32, 4, 51, 48, 73, 93, 39, 67, 29, 49, 57, 33]
2026-08-10 16:10:03,761 [instantiator.py] => Created a temporary directory at /tmp/tmpdhntzwfr
2026-08-10 16:10:03,761 [instantiator.py] => Writing /tmp/tmpdhntzwfr/_remote_module_non_scriptable.py
2026-08-10 16:10:03,896 [factory.py] => Loaded ViT-B-16 model config.
2026-08-10 16:10:05,410 [factory.py] => Loading pretrained ViT-B-16 weights (/home/team/zhaohongwei/pretrained_models/open_clip_pytorch_model_laion400m_e32.bin).
2026-08-10 16:10:07,096 [fecam.py] => Learning on 0-50
2026-08-10 16:10:07,102 [fecam.py] => FeCAM first-session trainable parameters: 1215232
2026-08-10 16:16:08,842 [fecam.py] => Using FeCAM Mahalanobis classifier
2026-08-10 16:16:17,670 [trainer.py] => CNN: {'total': 89.94, '00-09': 94.81, '10-19': 94.5, '20-29': 89.52, '30-39': 82.65, '40-49': 87.81, 'old': 0, 'new': 89.94, 'harmonic': 0.0}
2026-08-10 16:16:17,670 [trainer.py] => CNN top1 curve: [89.94]
2026-08-10 16:16:17,670 [trainer.py] => CNN top5 curve: [99.85]
2026-08-10 16:16:17,670 [trainer.py] => Average Accuracy (CNN top1): 89.94
2026-08-10 16:16:17,671 [fecam.py] => Learning on 50-60
2026-08-10 16:16:20,365 [fecam.py] => Using FeCAM Mahalanobis classifier
2026-08-10 16:16:30,731 [trainer.py] => CNN: {'total': 90.7, '00-09': 93.87, '10-19': 94.25, '20-29': 88.81, '30-39': 82.4, '40-49': 87.56, '50-59': 96.85, 'old': 89.45, 'new': 96.85, 'harmonic': 93.0}
2026-08-10 16:16:30,731 [trainer.py] => CNN top1 curve: [89.94, 90.7]
2026-08-10 16:16:30,731 [trainer.py] => CNN top5 curve: [99.85, 99.88]
2026-08-10 16:16:30,731 [trainer.py] => Average Accuracy (CNN top1): 90.32
2026-08-10 16:16:30,733 [fecam.py] => Learning on 60-70
2026-08-10 16:16:33,429 [fecam.py] => Using FeCAM Mahalanobis classifier
2026-08-10 16:16:45,563 [trainer.py] => CNN: {'total': 89.37, '00-09': 92.69, '10-19': 94.0, '20-29': 88.33, '30-39': 81.89, '40-49': 87.56, '50-59': 95.16, '60-69': 85.57, 'old': 90.0, 'new': 85.57, 'harmonic': 87.73}
2026-08-10 16:16:45,563 [trainer.py] => CNN top1 curve: [89.94, 90.7, 89.37]
2026-08-10 16:16:45,563 [trainer.py] => CNN top5 curve: [99.85, 99.88, 99.76]
2026-08-10 16:16:45,563 [trainer.py] => Average Accuracy (CNN top1): 90.00333333333333
2026-08-10 16:16:45,564 [fecam.py] => Learning on 70-80
2026-08-10 16:16:48,516 [fecam.py] => Using FeCAM Mahalanobis classifier
2026-08-10 16:17:02,019 [trainer.py] => CNN: {'total': 88.52, '00-09': 91.98, '10-19': 93.5, '20-29': 88.1, '30-39': 81.38, '40-49': 87.56, '50-59': 93.95, '60-69': 82.4, '70-79': 88.97, 'old': 88.46, 'new': 88.97, 'harmonic': 88.71}
2026-08-10 16:17:02,019 [trainer.py] => CNN top1 curve: [89.94, 90.7, 89.37, 88.52]
2026-08-10 16:17:02,019 [trainer.py] => CNN top5 curve: [99.85, 99.88, 99.76, 99.66]
2026-08-10 16:17:02,019 [trainer.py] => Average Accuracy (CNN top1): 89.6325
2026-08-10 16:17:02,020 [fecam.py] => Learning on 80-90
2026-08-10 16:17:05,182 [fecam.py] => Using FeCAM Mahalanobis classifier
2026-08-10 16:17:20,291 [trainer.py] => CNN: {'total': 87.77, '00-09': 89.62, '10-19': 92.5, '20-29': 86.9, '30-39': 80.87, '40-49': 87.31, '50-59': 93.95, '60-69': 81.91, '70-79': 88.72, '80-89': 87.83, 'old': 87.76, 'new': 87.83, 'harmonic': 87.79}
2026-08-10 16:17:20,291 [trainer.py] => CNN top1 curve: [89.94, 90.7, 89.37, 88.52, 87.77]
2026-08-10 16:17:20,291 [trainer.py] => CNN top5 curve: [99.85, 99.88, 99.76, 99.66, 99.54]
2026-08-10 16:17:20,291 [trainer.py] => Average Accuracy (CNN top1): 89.25999999999999
2026-08-10 16:17:20,292 [fecam.py] => Learning on 90-100
2026-08-10 16:17:22,860 [fecam.py] => Using FeCAM Mahalanobis classifier
2026-08-10 16:17:39,714 [trainer.py] => CNN: {'total': 86.77, '00-09': 86.79, '10-19': 91.75, '20-29': 86.19, '30-39': 80.87, '40-49': 87.06, '50-59': 93.22, '60-69': 81.91, '70-79': 87.97, '80-89': 86.87, '90-99': 84.94, 'old': 86.98, 'new': 84.94, 'harmonic': 85.95}
2026-08-10 16:17:39,715 [trainer.py] => CNN top1 curve: [89.94, 90.7, 89.37, 88.52, 87.77, 86.77]
2026-08-10 16:17:39,715 [trainer.py] => CNN top5 curve: [99.85, 99.88, 99.76, 99.66, 99.54, 99.53]
2026-08-10 16:17:39,715 [trainer.py] => Average Accuracy (CNN top1): 88.84499999999998
