2026-08-10 16:08:02,382 [trainer.py] => config: /home/team/zhaohongwei/Code/Research/Awesome-MMCL/configs/fecam/fecam_cars_B50_Inc10.json
2026-08-10 16:08:02,382 [trainer.py] => prefix: -
2026-08-10 16:08:02,382 [trainer.py] => dataset: cars
2026-08-10 16:08:02,382 [trainer.py] => memory_size: 0
2026-08-10 16:08:02,382 [trainer.py] => memory_per_class: 0
2026-08-10 16:08:02,382 [trainer.py] => fixed_memory: False
2026-08-10 16:08:02,382 [trainer.py] => shuffle: True
2026-08-10 16:08:02,382 [trainer.py] => init_cls: 50
2026-08-10 16:08:02,382 [trainer.py] => increment: 10
2026-08-10 16:08:02,382 [trainer.py] => model_name: fecam
2026-08-10 16:08:02,382 [trainer.py] => backbone_type: clip
2026-08-10 16:08:02,382 [trainer.py] => clip_pretrained: /home/team/zhaohongwei/pretrained_models/open_clip_pytorch_model_laion400m_e32.bin
2026-08-10 16:08:02,382 [trainer.py] => device: [device(type='cuda', index=0)]
2026-08-10 16:08:02,382 [trainer.py] => seed: 42
2026-08-10 16:08:02,382 [trainer.py] => tuned_epoch: 20
2026-08-10 16:08:02,382 [trainer.py] => init_lr: 0.01
2026-08-10 16:08:02,382 [trainer.py] => batch_size: 48
2026-08-10 16:08:02,382 [trainer.py] => weight_decay: 0.0005
2026-08-10 16:08:02,382 [trainer.py] => min_lr: 0.0
2026-08-10 16:08:02,382 [trainer.py] => ffn_num: 64
2026-08-10 16:08:02,383 [trainer.py] => optimizer: sgd
2026-08-10 16:08:02,383 [trainer.py] => num_workers: 8
2026-08-10 16:08:02,383 [trainer.py] => fecam_alpha: 100.0
2026-08-10 16:08:02,383 [trainer.py] => maha_batch_size: 64
2026-08-10 16:08:02,383 [trainer.py] => total_class_num: 100
2026-08-10 16:08:02,476 [data_manager.py] => [83, 53, 70, 45, 44, 39, 22, 80, 10, 0, 18, 30, 73, 33, 90, 4, 76, 77, 12, 31, 55, 88, 26, 42, 69, 15, 40, 96, 9, 72, 11, 47, 85, 28, 93, 5, 66, 65, 35, 16, 49, 34, 7, 95, 27, 19, 81, 25, 62, 13, 24, 3, 17, 38, 8, 78, 6, 64, 36, 89, 56, 99, 54, 43, 50, 67, 46, 68, 61, 97, 79, 41, 58, 48, 98, 57, 75, 32, 94, 59, 63, 84, 37, 29, 1, 52, 21, 2, 23, 87, 91, 74, 86, 82, 20, 60, 71, 14, 92, 51]
2026-08-10 16:08:03,752 [instantiator.py] => Created a temporary directory at /tmp/tmp8vjgm9yf
2026-08-10 16:08:03,752 [instantiator.py] => Writing /tmp/tmp8vjgm9yf/_remote_module_non_scriptable.py
2026-08-10 16:08:03,913 [factory.py] => Loaded ViT-B-16 model config.
2026-08-10 16:08:05,415 [factory.py] => Loading pretrained ViT-B-16 weights (/home/team/zhaohongwei/pretrained_models/open_clip_pytorch_model_laion400m_e32.bin).
2026-08-10 16:08:07,139 [fecam.py] => Learning on 0-50
2026-08-10 16:08:07,145 [fecam.py] => FeCAM first-session trainable parameters: 1215232
2026-08-10 16:13:31,379 [fecam.py] => Using FeCAM Mahalanobis classifier
2026-08-10 16:13:38,222 [trainer.py] => CNN: {'total': 91.79, '00-09': 94.26, '10-19': 92.79, '20-29': 91.3, '30-39': 95.66, '40-49': 84.95, 'old': 0, 'new': 91.79, 'harmonic': 0.0}
2026-08-10 16:13:38,223 [trainer.py] => CNN top1 curve: [91.79]
2026-08-10 16:13:38,223 [trainer.py] => CNN top5 curve: [99.85]
2026-08-10 16:13:38,223 [trainer.py] => Average Accuracy (CNN top1): 91.79
2026-08-10 16:13:38,225 [fecam.py] => Learning on 50-60
2026-08-10 16:13:40,747 [fecam.py] => Using FeCAM Mahalanobis classifier
2026-08-10 16:13:48,888 [trainer.py] => CNN: {'total': 89.92, '00-09': 93.52, '10-19': 92.55, '20-29': 90.79, '30-39': 90.6, '40-49': 83.74, '50-59': 88.46, 'old': 90.22, 'new': 88.46, 'harmonic': 89.33}
2026-08-10 16:13:48,888 [trainer.py] => CNN top1 curve: [91.79, 89.92]
2026-08-10 16:13:48,888 [trainer.py] => CNN top5 curve: [99.85, 99.76]
2026-08-10 16:13:48,888 [trainer.py] => Average Accuracy (CNN top1): 90.855
2026-08-10 16:13:48,889 [fecam.py] => Learning on 60-70
2026-08-10 16:13:51,631 [fecam.py] => Using FeCAM Mahalanobis classifier
2026-08-10 16:14:01,043 [trainer.py] => CNN: {'total': 89.83, '00-09': 93.27, '10-19': 92.55, '20-29': 89.0, '30-39': 89.88, '40-49': 83.74, '50-59': 88.46, '60-69': 91.95, 'old': 89.47, 'new': 91.95, 'harmonic': 90.69}
2026-08-10 16:14:01,043 [trainer.py] => CNN top1 curve: [91.79, 89.92, 89.83]
2026-08-10 16:14:01,043 [trainer.py] => CNN top5 curve: [99.85, 99.76, 99.76]
2026-08-10 16:14:01,043 [trainer.py] => Average Accuracy (CNN top1): 90.51333333333334
2026-08-10 16:14:01,044 [fecam.py] => Learning on 70-80
2026-08-10 16:14:03,616 [fecam.py] => Using FeCAM Mahalanobis classifier
2026-08-10 16:14:14,171 [trainer.py] => CNN: {'total': 88.71, '00-09': 92.52, '10-19': 92.07, '20-29': 86.19, '30-39': 89.64, '40-49': 82.52, '50-59': 88.46, '60-69': 87.56, '70-79': 90.79, 'old': 88.43, 'new': 90.79, 'harmonic': 89.59}
2026-08-10 16:14:14,171 [trainer.py] => CNN top1 curve: [91.79, 89.92, 89.83, 88.71]
2026-08-10 16:14:14,171 [trainer.py] => CNN top5 curve: [99.85, 99.76, 99.76, 99.69]
2026-08-10 16:14:14,171 [trainer.py] => Average Accuracy (CNN top1): 90.0625
2026-08-10 16:14:14,172 [fecam.py] => Learning on 80-90
2026-08-10 16:14:16,708 [fecam.py] => Using FeCAM Mahalanobis classifier
2026-08-10 16:14:28,498 [trainer.py] => CNN: {'total': 88.05, '00-09': 89.78, '10-19': 91.59, '20-29': 86.19, '30-39': 88.43, '40-49': 82.04, '50-59': 88.22, '60-69': 87.32, '70-79': 90.79, '80-89': 88.12, 'old': 88.04, 'new': 88.12, 'harmonic': 88.08}
2026-08-10 16:14:28,498 [trainer.py] => CNN top1 curve: [91.79, 89.92, 89.83, 88.71, 88.05]
2026-08-10 16:14:28,498 [trainer.py] => CNN top5 curve: [99.85, 99.76, 99.76, 99.69, 99.64]
2026-08-10 16:14:28,498 [trainer.py] => Average Accuracy (CNN top1): 89.66
2026-08-10 16:14:28,499 [fecam.py] => Learning on 90-100
2026-08-10 16:14:31,575 [fecam.py] => Using FeCAM Mahalanobis classifier
2026-08-10 16:14:44,873 [trainer.py] => CNN: {'total': 86.92, '00-09': 87.28, '10-19': 91.11, '20-29': 85.93, '30-39': 84.82, '40-49': 81.8, '50-59': 87.5, '60-69': 87.32, '70-79': 89.0, '80-89': 87.38, '90-99': 87.12, 'old': 86.9, 'new': 87.12, 'harmonic': 87.01}
2026-08-10 16:14:44,874 [trainer.py] => CNN top1 curve: [91.79, 89.92, 89.83, 88.71, 88.05, 86.92]
2026-08-10 16:14:44,874 [trainer.py] => CNN top5 curve: [99.85, 99.76, 99.76, 99.69, 99.64, 99.58]
2026-08-10 16:14:44,874 [trainer.py] => Average Accuracy (CNN top1): 89.20333333333333
