2026-08-12 17:11:20,983 [trainer.py] => config: /home/team/zhaohongwei/Code/Research/Awesome-MMCL/configs/fecam/fecam_cars_B0_Inc10.json
2026-08-12 17:11:20,983 [trainer.py] => prefix: -
2026-08-12 17:11:20,983 [trainer.py] => dataset: cars
2026-08-12 17:11:20,984 [trainer.py] => memory_size: 0
2026-08-12 17:11:20,984 [trainer.py] => memory_per_class: 0
2026-08-12 17:11:20,984 [trainer.py] => fixed_memory: False
2026-08-12 17:11:20,984 [trainer.py] => shuffle: True
2026-08-12 17:11:20,984 [trainer.py] => init_cls: 10
2026-08-12 17:11:20,984 [trainer.py] => increment: 10
2026-08-12 17:11:20,984 [trainer.py] => model_name: fecam
2026-08-12 17:11:20,984 [trainer.py] => backbone_type: clip
2026-08-12 17:11:20,984 [trainer.py] => clip_pretrained: /home/team/zhaohongwei/pretrained_models/open_clip_pytorch_model_laion400m_e32.bin
2026-08-12 17:11:20,984 [trainer.py] => device: [device(type='cuda', index=0)]
2026-08-12 17:11:20,984 [trainer.py] => seed: 2026
2026-08-12 17:11:20,984 [trainer.py] => tuned_epoch: 20
2026-08-12 17:11:20,984 [trainer.py] => init_lr: 0.01
2026-08-12 17:11:20,984 [trainer.py] => batch_size: 48
2026-08-12 17:11:20,984 [trainer.py] => weight_decay: 0.0005
2026-08-12 17:11:20,984 [trainer.py] => min_lr: 0.0
2026-08-12 17:11:20,984 [trainer.py] => ffn_num: 64
2026-08-12 17:11:20,984 [trainer.py] => optimizer: sgd
2026-08-12 17:11:20,984 [trainer.py] => num_workers: 8
2026-08-12 17:11:20,984 [trainer.py] => fecam_alpha: 100.0
2026-08-12 17:11:20,984 [trainer.py] => maha_batch_size: 64
2026-08-12 17:11:20,984 [trainer.py] => total_class_num: 100
2026-08-12 17:11:21,081 [data_manager.py] => [98, 10, 4, 18, 88, 13, 8, 84, 79, 21, 85, 96, 53, 42, 52, 97, 74, 5, 58, 23, 90, 59, 16, 72, 75, 30, 43, 99, 44, 41, 0, 46, 61, 80, 65, 39, 70, 87, 89, 91, 82, 14, 12, 71, 50, 11, 15, 57, 22, 67, 45, 32, 78, 63, 66, 55, 31, 62, 35, 34, 19, 49, 24, 9, 37, 36, 3, 64, 40, 86, 81, 93, 47, 73, 17, 60, 68, 25, 38, 48, 33, 20, 83, 7, 27, 94, 54, 2, 92, 76, 69, 51, 28, 29, 95, 77, 56, 26, 6, 1]
2026-08-12 17:11:22,329 [instantiator.py] => Created a temporary directory at /tmp/tmptwp9oxmk
2026-08-12 17:11:22,329 [instantiator.py] => Writing /tmp/tmptwp9oxmk/_remote_module_non_scriptable.py
2026-08-12 17:11:22,466 [factory.py] => Loaded ViT-B-16 model config.
2026-08-12 17:11:24,257 [factory.py] => Loading pretrained ViT-B-16 weights (/home/team/zhaohongwei/pretrained_models/open_clip_pytorch_model_laion400m_e32.bin).
2026-08-12 17:11:25,944 [fecam.py] => Learning on 0-10
2026-08-12 17:11:25,948 [fecam.py] => FeCAM first-session trainable parameters: 1194752
2026-08-12 17:12:42,162 [fecam.py] => Using FeCAM Mahalanobis classifier
2026-08-12 17:12:44,131 [trainer.py] => CNN: {'total': 95.57, '00-09': 95.57, 'old': 0, 'new': 95.57, 'harmonic': 0.0}
2026-08-12 17:12:44,131 [trainer.py] => CNN top1 curve: [95.57]
2026-08-12 17:12:44,131 [trainer.py] => CNN top5 curve: [100.0]
2026-08-12 17:12:44,131 [trainer.py] => Average Accuracy (CNN top1): 95.57
2026-08-12 17:12:44,133 [fecam.py] => Learning on 10-20
2026-08-12 17:12:46,545 [fecam.py] => Using FeCAM Mahalanobis classifier
2026-08-12 17:12:49,900 [trainer.py] => CNN: {'total': 95.98, '00-09': 92.61, '10-19': 99.28, 'old': 92.61, 'new': 99.28, 'harmonic': 95.83}
2026-08-12 17:12:49,900 [trainer.py] => CNN top1 curve: [95.57, 95.98]
2026-08-12 17:12:49,901 [trainer.py] => CNN top5 curve: [100.0, 100.0]
2026-08-12 17:12:49,901 [trainer.py] => Average Accuracy (CNN top1): 95.775
2026-08-12 17:12:49,902 [fecam.py] => Learning on 20-30
2026-08-12 17:12:52,271 [fecam.py] => Using FeCAM Mahalanobis classifier
2026-08-12 17:12:56,728 [trainer.py] => CNN: {'total': 94.43, '00-09': 90.64, '10-19': 97.83, '20-29': 94.75, 'old': 94.28, 'new': 94.75, 'harmonic': 94.51}
2026-08-12 17:12:56,728 [trainer.py] => CNN top1 curve: [95.57, 95.98, 94.43]
2026-08-12 17:12:56,728 [trainer.py] => CNN top5 curve: [100.0, 100.0, 99.92]
2026-08-12 17:12:56,728 [trainer.py] => Average Accuracy (CNN top1): 95.32666666666667
2026-08-12 17:12:56,730 [fecam.py] => Learning on 30-40
2026-08-12 17:12:59,205 [fecam.py] => Using FeCAM Mahalanobis classifier
2026-08-12 17:13:04,835 [trainer.py] => CNN: {'total': 95.1, '00-09': 89.66, '10-19': 97.59, '20-29': 94.75, '30-39': 98.3, 'old': 94.01, 'new': 98.3, 'harmonic': 96.11}
2026-08-12 17:13:04,835 [trainer.py] => CNN top1 curve: [95.57, 95.98, 94.43, 95.1]
2026-08-12 17:13:04,835 [trainer.py] => CNN top5 curve: [100.0, 100.0, 99.92, 99.94]
2026-08-12 17:13:04,835 [trainer.py] => Average Accuracy (CNN top1): 95.27000000000001
2026-08-12 17:13:04,837 [fecam.py] => Learning on 40-50
2026-08-12 17:13:07,419 [fecam.py] => Using FeCAM Mahalanobis classifier
2026-08-12 17:13:14,497 [trainer.py] => CNN: {'total': 92.98, '00-09': 86.21, '10-19': 96.14, '20-29': 94.49, '30-39': 97.57, '40-49': 90.49, 'old': 93.61, 'new': 90.49, 'harmonic': 92.02}
2026-08-12 17:13:14,498 [trainer.py] => CNN top1 curve: [95.57, 95.98, 94.43, 95.1, 92.98]
2026-08-12 17:13:14,498 [trainer.py] => CNN top5 curve: [100.0, 100.0, 99.92, 99.94, 99.9]
2026-08-12 17:13:14,498 [trainer.py] => Average Accuracy (CNN top1): 94.81200000000001
2026-08-12 17:13:14,499 [fecam.py] => Learning on 50-60
2026-08-12 17:13:17,056 [fecam.py] => Using FeCAM Mahalanobis classifier
2026-08-12 17:13:25,387 [trainer.py] => CNN: {'total': 92.17, '00-09': 85.47, '10-19': 95.9, '20-29': 92.65, '30-39': 94.4, '40-49': 90.24, '50-59': 94.23, 'old': 91.74, 'new': 94.23, 'harmonic': 92.97}
2026-08-12 17:13:25,387 [trainer.py] => CNN top1 curve: [95.57, 95.98, 94.43, 95.1, 92.98, 92.17]
2026-08-12 17:13:25,387 [trainer.py] => CNN top5 curve: [100.0, 100.0, 99.92, 99.94, 99.9, 99.79]
2026-08-12 17:13:25,387 [trainer.py] => Average Accuracy (CNN top1): 94.37166666666667
2026-08-12 17:13:25,388 [fecam.py] => Learning on 60-70
2026-08-12 17:13:27,830 [fecam.py] => Using FeCAM Mahalanobis classifier
2026-08-12 17:13:37,292 [trainer.py] => CNN: {'total': 89.34, '00-09': 83.99, '10-19': 93.49, '20-29': 91.34, '30-39': 93.43, '40-49': 87.56, '50-59': 93.75, '60-69': 81.8, 'old': 90.61, 'new': 81.8, 'harmonic': 85.98}
2026-08-12 17:13:37,292 [trainer.py] => CNN top1 curve: [95.57, 95.98, 94.43, 95.1, 92.98, 92.17, 89.34]
2026-08-12 17:13:37,292 [trainer.py] => CNN top5 curve: [100.0, 100.0, 99.92, 99.94, 99.9, 99.79, 99.75]
2026-08-12 17:13:37,292 [trainer.py] => Average Accuracy (CNN top1): 93.65285714285714
2026-08-12 17:13:37,293 [fecam.py] => Learning on 70-80
2026-08-12 17:13:39,764 [fecam.py] => Using FeCAM Mahalanobis classifier
2026-08-12 17:13:50,432 [trainer.py] => CNN: {'total': 88.15, '00-09': 83.5, '10-19': 93.49, '20-29': 88.19, '30-39': 93.43, '40-49': 85.37, '50-59': 93.51, '60-69': 81.31, '70-79': 86.15, 'old': 88.43, 'new': 86.15, 'harmonic': 87.28}
2026-08-12 17:13:50,432 [trainer.py] => CNN top1 curve: [95.57, 95.98, 94.43, 95.1, 92.98, 92.17, 89.34, 88.15]
2026-08-12 17:13:50,432 [trainer.py] => CNN top5 curve: [100.0, 100.0, 99.92, 99.94, 99.9, 99.79, 99.75, 99.72]
2026-08-12 17:13:50,432 [trainer.py] => Average Accuracy (CNN top1): 92.965
2026-08-12 17:13:50,433 [fecam.py] => Learning on 80-90
2026-08-12 17:13:53,264 [fecam.py] => Using FeCAM Mahalanobis classifier
2026-08-12 17:14:05,217 [trainer.py] => CNN: {'total': 86.69, '00-09': 82.51, '10-19': 92.53, '20-29': 83.99, '30-39': 92.94, '40-49': 82.44, '50-59': 93.27, '60-69': 79.85, '70-79': 85.9, '80-89': 86.4, 'old': 86.73, 'new': 86.4, 'harmonic': 86.56}
2026-08-12 17:14:05,218 [trainer.py] => CNN top1 curve: [95.57, 95.98, 94.43, 95.1, 92.98, 92.17, 89.34, 88.15, 86.69]
2026-08-12 17:14:05,218 [trainer.py] => CNN top5 curve: [100.0, 100.0, 99.92, 99.94, 99.9, 99.79, 99.75, 99.72, 99.56]
2026-08-12 17:14:05,218 [trainer.py] => Average Accuracy (CNN top1): 92.26777777777778
2026-08-12 17:14:05,219 [fecam.py] => Learning on 90-100
2026-08-12 17:14:07,880 [fecam.py] => Using FeCAM Mahalanobis classifier
2026-08-12 17:14:21,185 [trainer.py] => CNN: {'total': 86.31, '00-09': 82.27, '10-19': 91.57, '20-29': 83.99, '30-39': 91.73, '40-49': 81.22, '50-59': 93.27, '60-69': 79.85, '70-79': 85.38, '80-89': 85.44, '90-99': 87.94, 'old': 86.12, 'new': 87.94, 'harmonic': 87.02}
2026-08-12 17:14:21,186 [trainer.py] => CNN top1 curve: [95.57, 95.98, 94.43, 95.1, 92.98, 92.17, 89.34, 88.15, 86.69, 86.31]
2026-08-12 17:14:21,186 [trainer.py] => CNN top5 curve: [100.0, 100.0, 99.92, 99.94, 99.9, 99.79, 99.75, 99.72, 99.56, 99.49]
2026-08-12 17:14:21,186 [trainer.py] => Average Accuracy (CNN top1): 91.672
