2026-08-10 16:15:02,130 [trainer.py] => config: /home/team/zhaohongwei/Code/Research/Awesome-MMCL/configs/fecam/fecam_cifar_B0_Inc10.json
2026-08-10 16:15:02,130 [trainer.py] => prefix: -
2026-08-10 16:15:02,130 [trainer.py] => dataset: cifar224
2026-08-10 16:15:02,130 [trainer.py] => memory_size: 0
2026-08-10 16:15:02,130 [trainer.py] => memory_per_class: 0
2026-08-10 16:15:02,130 [trainer.py] => fixed_memory: False
2026-08-10 16:15:02,130 [trainer.py] => shuffle: True
2026-08-10 16:15:02,130 [trainer.py] => init_cls: 10
2026-08-10 16:15:02,130 [trainer.py] => increment: 10
2026-08-10 16:15:02,130 [trainer.py] => model_name: fecam
2026-08-10 16:15:02,130 [trainer.py] => backbone_type: clip
2026-08-10 16:15:02,130 [trainer.py] => clip_pretrained: /home/team/zhaohongwei/pretrained_models/open_clip_pytorch_model_laion400m_e32.bin
2026-08-10 16:15:02,130 [trainer.py] => device: [device(type='cuda', index=0)]
2026-08-10 16:15:02,130 [trainer.py] => seed: 0
2026-08-10 16:15:02,130 [trainer.py] => tuned_epoch: 20
2026-08-10 16:15:02,130 [trainer.py] => init_lr: 0.01
2026-08-10 16:15:02,130 [trainer.py] => batch_size: 48
2026-08-10 16:15:02,130 [trainer.py] => weight_decay: 0.0005
2026-08-10 16:15:02,130 [trainer.py] => min_lr: 0.0
2026-08-10 16:15:02,130 [trainer.py] => ffn_num: 64
2026-08-10 16:15:02,130 [trainer.py] => optimizer: sgd
2026-08-10 16:15:02,130 [trainer.py] => num_workers: 8
2026-08-10 16:15:02,130 [trainer.py] => fecam_alpha: 100.0
2026-08-10 16:15:02,131 [trainer.py] => maha_batch_size: 64
2026-08-10 16:15:02,131 [trainer.py] => total_class_num: 100
2026-08-10 16:15:03,206 [data_manager.py] => [26, 86, 2, 55, 75, 93, 16, 73, 54, 95, 53, 92, 78, 13, 7, 30, 22, 24, 33, 8, 43, 62, 3, 71, 45, 48, 6, 99, 82, 76, 60, 80, 90, 68, 51, 27, 18, 56, 63, 74, 1, 61, 42, 41, 4, 15, 17, 40, 38, 5, 91, 59, 0, 34, 28, 50, 11, 35, 23, 52, 10, 31, 66, 57, 79, 85, 32, 84, 14, 89, 19, 29, 49, 97, 98, 69, 20, 94, 72, 77, 25, 37, 81, 46, 39, 65, 58, 12, 88, 70, 87, 36, 21, 83, 9, 96, 67, 64, 47, 44]
2026-08-10 16:15:04,499 [instantiator.py] => Created a temporary directory at /tmp/tmpeh9c1tkg
2026-08-10 16:15:04,499 [instantiator.py] => Writing /tmp/tmpeh9c1tkg/_remote_module_non_scriptable.py
2026-08-10 16:15:04,630 [factory.py] => Loaded ViT-B-16 model config.
2026-08-10 16:15:06,046 [factory.py] => Loading pretrained ViT-B-16 weights (/home/team/zhaohongwei/pretrained_models/open_clip_pytorch_model_laion400m_e32.bin).
2026-08-10 16:15:07,535 [fecam.py] => Learning on 0-10
2026-08-10 16:15:07,557 [fecam.py] => FeCAM first-session trainable parameters: 1194752
2026-08-10 16:27:39,177 [fecam.py] => Using FeCAM Mahalanobis classifier
2026-08-10 16:27:42,632 [trainer.py] => CNN: {'total': 92.3, '00-09': 92.3, 'old': 0, 'new': 92.3, 'harmonic': 0.0}
2026-08-10 16:27:42,633 [trainer.py] => CNN top1 curve: [92.3]
2026-08-10 16:27:42,633 [trainer.py] => CNN top5 curve: [99.9]
2026-08-10 16:27:42,633 [trainer.py] => Average Accuracy (CNN top1): 92.3
2026-08-10 16:27:42,634 [fecam.py] => Learning on 10-20
2026-08-10 16:27:58,901 [fecam.py] => Using FeCAM Mahalanobis classifier
2026-08-10 16:28:05,462 [trainer.py] => CNN: {'total': 89.0, '00-09': 88.9, '10-19': 89.1, 'old': 88.9, 'new': 89.1, 'harmonic': 89.0}
2026-08-10 16:28:05,462 [trainer.py] => CNN top1 curve: [92.3, 89.0]
2026-08-10 16:28:05,462 [trainer.py] => CNN top5 curve: [99.9, 99.35]
2026-08-10 16:28:05,462 [trainer.py] => Average Accuracy (CNN top1): 90.65
2026-08-10 16:28:05,463 [fecam.py] => Learning on 20-30
2026-08-10 16:28:21,625 [fecam.py] => Using FeCAM Mahalanobis classifier
2026-08-10 16:28:31,210 [trainer.py] => CNN: {'total': 86.77, '00-09': 87.5, '10-19': 85.4, '20-29': 87.4, 'old': 86.45, 'new': 87.4, 'harmonic': 86.92}
2026-08-10 16:28:31,210 [trainer.py] => CNN top1 curve: [92.3, 89.0, 86.77]
2026-08-10 16:28:31,210 [trainer.py] => CNN top5 curve: [99.9, 99.35, 98.87]
2026-08-10 16:28:31,210 [trainer.py] => Average Accuracy (CNN top1): 89.35666666666667
2026-08-10 16:28:31,211 [fecam.py] => Learning on 30-40
2026-08-10 16:28:47,349 [fecam.py] => Using FeCAM Mahalanobis classifier
2026-08-10 16:28:59,963 [trainer.py] => CNN: {'total': 83.9, '00-09': 85.3, '10-19': 83.5, '20-29': 86.5, '30-39': 80.3, 'old': 85.1, 'new': 80.3, 'harmonic': 82.63}
2026-08-10 16:28:59,963 [trainer.py] => CNN top1 curve: [92.3, 89.0, 86.77, 83.9]
2026-08-10 16:28:59,963 [trainer.py] => CNN top5 curve: [99.9, 99.35, 98.87, 97.8]
2026-08-10 16:28:59,963 [trainer.py] => Average Accuracy (CNN top1): 87.9925
2026-08-10 16:28:59,964 [fecam.py] => Learning on 40-50
2026-08-10 16:29:16,373 [fecam.py] => Using FeCAM Mahalanobis classifier
2026-08-10 16:29:31,972 [trainer.py] => CNN: {'total': 83.28, '00-09': 83.6, '10-19': 83.0, '20-29': 85.4, '30-39': 79.2, '40-49': 85.2, 'old': 82.8, 'new': 85.2, 'harmonic': 83.98}
2026-08-10 16:29:31,973 [trainer.py] => CNN top1 curve: [92.3, 89.0, 86.77, 83.9, 83.28]
2026-08-10 16:29:31,973 [trainer.py] => CNN top5 curve: [99.9, 99.35, 98.87, 97.8, 97.08]
2026-08-10 16:29:31,973 [trainer.py] => Average Accuracy (CNN top1): 87.05
2026-08-10 16:29:31,974 [fecam.py] => Learning on 50-60
2026-08-10 16:29:48,309 [fecam.py] => Using FeCAM Mahalanobis classifier
2026-08-10 16:30:07,022 [trainer.py] => CNN: {'total': 81.83, '00-09': 82.0, '10-19': 82.1, '20-29': 84.3, '30-39': 76.4, '40-49': 83.8, '50-59': 82.4, 'old': 81.72, 'new': 82.4, 'harmonic': 82.06}
2026-08-10 16:30:07,022 [trainer.py] => CNN top1 curve: [92.3, 89.0, 86.77, 83.9, 83.28, 81.83]
2026-08-10 16:30:07,022 [trainer.py] => CNN top5 curve: [99.9, 99.35, 98.87, 97.8, 97.08, 96.77]
2026-08-10 16:30:07,022 [trainer.py] => Average Accuracy (CNN top1): 86.18
2026-08-10 16:30:07,023 [fecam.py] => Learning on 60-70
2026-08-10 16:30:23,237 [fecam.py] => Using FeCAM Mahalanobis classifier
2026-08-10 16:30:45,515 [trainer.py] => CNN: {'total': 80.86, '00-09': 81.6, '10-19': 81.2, '20-29': 83.4, '30-39': 75.8, '40-49': 80.9, '50-59': 80.9, '60-69': 82.2, 'old': 80.63, 'new': 82.2, 'harmonic': 81.41}
2026-08-10 16:30:45,515 [trainer.py] => CNN top1 curve: [92.3, 89.0, 86.77, 83.9, 83.28, 81.83, 80.86]
2026-08-10 16:30:45,515 [trainer.py] => CNN top5 curve: [99.9, 99.35, 98.87, 97.8, 97.08, 96.77, 96.06]
2026-08-10 16:30:45,515 [trainer.py] => Average Accuracy (CNN top1): 85.42
2026-08-10 16:30:45,517 [fecam.py] => Learning on 70-80
2026-08-10 16:31:01,843 [fecam.py] => Using FeCAM Mahalanobis classifier
2026-08-10 16:31:26,679 [trainer.py] => CNN: {'total': 79.66, '00-09': 79.5, '10-19': 80.6, '20-29': 82.3, '30-39': 75.0, '40-49': 79.2, '50-59': 78.5, '60-69': 80.3, '70-79': 81.9, 'old': 79.34, 'new': 81.9, 'harmonic': 80.6}
2026-08-10 16:31:26,679 [trainer.py] => CNN top1 curve: [92.3, 89.0, 86.77, 83.9, 83.28, 81.83, 80.86, 79.66]
2026-08-10 16:31:26,679 [trainer.py] => CNN top5 curve: [99.9, 99.35, 98.87, 97.8, 97.08, 96.77, 96.06, 95.44]
2026-08-10 16:31:26,679 [trainer.py] => Average Accuracy (CNN top1): 84.7
2026-08-10 16:31:26,680 [fecam.py] => Learning on 80-90
2026-08-10 16:31:42,847 [fecam.py] => Using FeCAM Mahalanobis classifier
2026-08-10 16:32:11,211 [trainer.py] => CNN: {'total': 78.77, '00-09': 79.3, '10-19': 78.2, '20-29': 81.6, '30-39': 73.9, '40-49': 77.4, '50-59': 77.0, '60-69': 79.7, '70-79': 81.3, '80-89': 80.5, 'old': 78.55, 'new': 80.5, 'harmonic': 79.51}
2026-08-10 16:32:11,212 [trainer.py] => CNN top1 curve: [92.3, 89.0, 86.77, 83.9, 83.28, 81.83, 80.86, 79.66, 78.77]
2026-08-10 16:32:11,212 [trainer.py] => CNN top5 curve: [99.9, 99.35, 98.87, 97.8, 97.08, 96.77, 96.06, 95.44, 95.23]
2026-08-10 16:32:11,212 [trainer.py] => Average Accuracy (CNN top1): 84.0411111111111
2026-08-10 16:32:11,213 [fecam.py] => Learning on 90-100
2026-08-10 16:32:27,546 [fecam.py] => Using FeCAM Mahalanobis classifier
2026-08-10 16:32:58,607 [trainer.py] => CNN: {'total': 76.88, '00-09': 78.4, '10-19': 77.0, '20-29': 80.8, '30-39': 72.7, '40-49': 77.1, '50-59': 74.0, '60-69': 79.1, '70-79': 80.9, '80-89': 80.0, '90-99': 68.8, 'old': 77.78, 'new': 68.8, 'harmonic': 73.01}
2026-08-10 16:32:58,607 [trainer.py] => CNN top1 curve: [92.3, 89.0, 86.77, 83.9, 83.28, 81.83, 80.86, 79.66, 78.77, 76.88]
2026-08-10 16:32:58,608 [trainer.py] => CNN top5 curve: [99.9, 99.35, 98.87, 97.8, 97.08, 96.77, 96.06, 95.44, 95.23, 94.65]
2026-08-10 16:32:58,608 [trainer.py] => Average Accuracy (CNN top1): 83.325
