2026-08-12 16:05:59,529 [trainer.py] => config: /home/team/zhaohongwei/Code/Research/Awesome-MMCL/configs/fecam/fecam_cifar_B50_Inc10.json
2026-08-12 16:05:59,529 [trainer.py] => prefix: -
2026-08-12 16:05:59,529 [trainer.py] => dataset: cifar224
2026-08-12 16:05:59,530 [trainer.py] => memory_size: 0
2026-08-12 16:05:59,530 [trainer.py] => memory_per_class: 0
2026-08-12 16:05:59,530 [trainer.py] => fixed_memory: False
2026-08-12 16:05:59,530 [trainer.py] => shuffle: True
2026-08-12 16:05:59,530 [trainer.py] => init_cls: 50
2026-08-12 16:05:59,530 [trainer.py] => increment: 10
2026-08-12 16:05:59,530 [trainer.py] => model_name: fecam
2026-08-12 16:05:59,530 [trainer.py] => backbone_type: clip
2026-08-12 16:05:59,530 [trainer.py] => clip_pretrained: /home/team/zhaohongwei/pretrained_models/open_clip_pytorch_model_laion400m_e32.bin
2026-08-12 16:05:59,530 [trainer.py] => device: [device(type='cuda', index=0)]
2026-08-12 16:05:59,530 [trainer.py] => seed: 2026
2026-08-12 16:05:59,530 [trainer.py] => tuned_epoch: 20
2026-08-12 16:05:59,530 [trainer.py] => init_lr: 0.01
2026-08-12 16:05:59,530 [trainer.py] => batch_size: 48
2026-08-12 16:05:59,530 [trainer.py] => weight_decay: 0.0005
2026-08-12 16:05:59,530 [trainer.py] => min_lr: 0.0
2026-08-12 16:05:59,530 [trainer.py] => ffn_num: 64
2026-08-12 16:05:59,530 [trainer.py] => optimizer: sgd
2026-08-12 16:05:59,530 [trainer.py] => num_workers: 8
2026-08-12 16:05:59,530 [trainer.py] => fecam_alpha: 100.0
2026-08-12 16:05:59,530 [trainer.py] => maha_batch_size: 64
2026-08-12 16:05:59,530 [trainer.py] => total_class_num: 100
2026-08-12 16:06:00,600 [data_manager.py] => [98, 10, 4, 18, 88, 13, 8, 84, 79, 21, 85, 96, 53, 42, 52, 97, 74, 5, 58, 23, 90, 59, 16, 72, 75, 30, 43, 99, 44, 41, 0, 46, 61, 80, 65, 39, 70, 87, 89, 91, 82, 14, 12, 71, 50, 11, 15, 57, 22, 67, 45, 32, 78, 63, 66, 55, 31, 62, 35, 34, 19, 49, 24, 9, 37, 36, 3, 64, 40, 86, 81, 93, 47, 73, 17, 60, 68, 25, 38, 48, 33, 20, 83, 7, 27, 94, 54, 2, 92, 76, 69, 51, 28, 29, 95, 77, 56, 26, 6, 1]
2026-08-12 16:06:01,958 [instantiator.py] => Created a temporary directory at /tmp/tmp2xce_hrs
2026-08-12 16:06:01,959 [instantiator.py] => Writing /tmp/tmp2xce_hrs/_remote_module_non_scriptable.py
2026-08-12 16:06:02,145 [factory.py] => Loaded ViT-B-16 model config.
2026-08-12 16:06:03,586 [factory.py] => Loading pretrained ViT-B-16 weights (/home/team/zhaohongwei/pretrained_models/open_clip_pytorch_model_laion400m_e32.bin).
2026-08-12 16:06:05,529 [fecam.py] => Learning on 0-50
2026-08-12 16:06:05,634 [fecam.py] => FeCAM first-session trainable parameters: 1215232
2026-08-12 17:07:39,202 [fecam.py] => Using FeCAM Mahalanobis classifier
2026-08-12 17:07:54,809 [trainer.py] => CNN: {'total': 80.32, '00-09': 79.8, '10-19': 81.0, '20-29': 76.1, '30-39': 86.2, '40-49': 78.5, 'old': 0, 'new': 80.32, 'harmonic': 0.0}
2026-08-12 17:07:54,809 [trainer.py] => CNN top1 curve: [80.32]
2026-08-12 17:07:54,810 [trainer.py] => CNN top5 curve: [96.46]
2026-08-12 17:07:54,810 [trainer.py] => Average Accuracy (CNN top1): 80.32
2026-08-12 17:07:54,811 [fecam.py] => Learning on 50-60
2026-08-12 17:08:10,845 [fecam.py] => Using FeCAM Mahalanobis classifier
2026-08-12 17:08:29,434 [trainer.py] => CNN: {'total': 74.67, '00-09': 78.1, '10-19': 79.4, '20-29': 74.0, '30-39': 84.5, '40-49': 77.2, '50-59': 54.8, 'old': 78.64, 'new': 54.8, 'harmonic': 64.59}
2026-08-12 17:08:29,434 [trainer.py] => CNN top1 curve: [80.32, 74.67]
2026-08-12 17:08:29,435 [trainer.py] => CNN top5 curve: [96.46, 93.47]
2026-08-12 17:08:29,435 [trainer.py] => Average Accuracy (CNN top1): 77.495
2026-08-12 17:08:29,435 [fecam.py] => Learning on 60-70
2026-08-12 17:08:45,349 [fecam.py] => Using FeCAM Mahalanobis classifier
2026-08-12 17:09:06,917 [trainer.py] => CNN: {'total': 73.27, '00-09': 76.6, '10-19': 79.0, '20-29': 73.4, '30-39': 84.0, '40-49': 75.5, '50-59': 52.6, '60-69': 71.8, 'old': 73.52, 'new': 71.8, 'harmonic': 72.65}
2026-08-12 17:09:06,918 [trainer.py] => CNN top1 curve: [80.32, 74.67, 73.27]
2026-08-12 17:09:06,918 [trainer.py] => CNN top5 curve: [96.46, 93.47, 92.54]
2026-08-12 17:09:06,918 [trainer.py] => Average Accuracy (CNN top1): 76.08666666666666
2026-08-12 17:09:06,919 [fecam.py] => Learning on 70-80
2026-08-12 17:09:22,959 [fecam.py] => Using FeCAM Mahalanobis classifier
2026-08-12 17:09:47,654 [trainer.py] => CNN: {'total': 71.76, '00-09': 74.1, '10-19': 77.2, '20-29': 70.8, '30-39': 83.7, '40-49': 74.0, '50-59': 52.1, '60-69': 70.6, '70-79': 71.6, 'old': 71.79, 'new': 71.6, 'harmonic': 71.69}
2026-08-12 17:09:47,654 [trainer.py] => CNN top1 curve: [80.32, 74.67, 73.27, 71.76]
2026-08-12 17:09:47,654 [trainer.py] => CNN top5 curve: [96.46, 93.47, 92.54, 92.21]
2026-08-12 17:09:47,654 [trainer.py] => Average Accuracy (CNN top1): 75.005
2026-08-12 17:09:47,655 [fecam.py] => Learning on 80-90
2026-08-12 17:10:03,532 [fecam.py] => Using FeCAM Mahalanobis classifier
2026-08-12 17:10:31,323 [trainer.py] => CNN: {'total': 70.26, '00-09': 73.3, '10-19': 75.1, '20-29': 70.0, '30-39': 82.9, '40-49': 72.3, '50-59': 49.6, '60-69': 69.1, '70-79': 70.5, '80-89': 69.5, 'old': 70.35, 'new': 69.5, 'harmonic': 69.92}
2026-08-12 17:10:31,323 [trainer.py] => CNN top1 curve: [80.32, 74.67, 73.27, 71.76, 70.26]
2026-08-12 17:10:31,323 [trainer.py] => CNN top5 curve: [96.46, 93.47, 92.54, 92.21, 91.76]
2026-08-12 17:10:31,323 [trainer.py] => Average Accuracy (CNN top1): 74.056
2026-08-12 17:10:31,324 [fecam.py] => Learning on 90-100
2026-08-12 17:10:47,269 [fecam.py] => Using FeCAM Mahalanobis classifier
2026-08-12 17:11:18,046 [trainer.py] => CNN: {'total': 68.49, '00-09': 71.7, '10-19': 74.7, '20-29': 68.2, '30-39': 82.4, '40-49': 71.5, '50-59': 48.5, '60-69': 68.3, '70-79': 70.0, '80-89': 67.7, '90-99': 61.9, 'old': 69.22, 'new': 61.9, 'harmonic': 65.36}
2026-08-12 17:11:18,046 [trainer.py] => CNN top1 curve: [80.32, 74.67, 73.27, 71.76, 70.26, 68.49]
2026-08-12 17:11:18,046 [trainer.py] => CNN top5 curve: [96.46, 93.47, 92.54, 92.21, 91.76, 90.29]
2026-08-12 17:11:18,046 [trainer.py] => Average Accuracy (CNN top1): 73.12833333333333
