2026-08-12 15:48:08,074 [trainer.py] => config: /home/team/zhaohongwei/Code/Research/Awesome-MMCL/configs/fecam/fecam_cifar_B0_Inc10.json
2026-08-12 15:48:08,074 [trainer.py] => prefix: -
2026-08-12 15:48:08,074 [trainer.py] => dataset: cifar224
2026-08-12 15:48:08,074 [trainer.py] => memory_size: 0
2026-08-12 15:48:08,074 [trainer.py] => memory_per_class: 0
2026-08-12 15:48:08,074 [trainer.py] => fixed_memory: False
2026-08-12 15:48:08,074 [trainer.py] => shuffle: True
2026-08-12 15:48:08,075 [trainer.py] => init_cls: 10
2026-08-12 15:48:08,075 [trainer.py] => increment: 10
2026-08-12 15:48:08,075 [trainer.py] => model_name: fecam
2026-08-12 15:48:08,075 [trainer.py] => backbone_type: clip
2026-08-12 15:48:08,075 [trainer.py] => clip_pretrained: /home/team/zhaohongwei/pretrained_models/open_clip_pytorch_model_laion400m_e32.bin
2026-08-12 15:48:08,075 [trainer.py] => device: [device(type='cuda', index=0)]
2026-08-12 15:48:08,075 [trainer.py] => seed: 2026
2026-08-12 15:48:08,075 [trainer.py] => tuned_epoch: 20
2026-08-12 15:48:08,075 [trainer.py] => init_lr: 0.01
2026-08-12 15:48:08,075 [trainer.py] => batch_size: 48
2026-08-12 15:48:08,075 [trainer.py] => weight_decay: 0.0005
2026-08-12 15:48:08,075 [trainer.py] => min_lr: 0.0
2026-08-12 15:48:08,075 [trainer.py] => ffn_num: 64
2026-08-12 15:48:08,075 [trainer.py] => optimizer: sgd
2026-08-12 15:48:08,075 [trainer.py] => num_workers: 8
2026-08-12 15:48:08,075 [trainer.py] => fecam_alpha: 100.0
2026-08-12 15:48:08,075 [trainer.py] => maha_batch_size: 64
2026-08-12 15:48:08,075 [trainer.py] => total_class_num: 100
2026-08-12 15:48:09,146 [data_manager.py] => [98, 10, 4, 18, 88, 13, 8, 84, 79, 21, 85, 96, 53, 42, 52, 97, 74, 5, 58, 23, 90, 59, 16, 72, 75, 30, 43, 99, 44, 41, 0, 46, 61, 80, 65, 39, 70, 87, 89, 91, 82, 14, 12, 71, 50, 11, 15, 57, 22, 67, 45, 32, 78, 63, 66, 55, 31, 62, 35, 34, 19, 49, 24, 9, 37, 36, 3, 64, 40, 86, 81, 93, 47, 73, 17, 60, 68, 25, 38, 48, 33, 20, 83, 7, 27, 94, 54, 2, 92, 76, 69, 51, 28, 29, 95, 77, 56, 26, 6, 1]
2026-08-12 15:48:10,496 [instantiator.py] => Created a temporary directory at /tmp/tmpdon0zj9a
2026-08-12 15:48:10,496 [instantiator.py] => Writing /tmp/tmpdon0zj9a/_remote_module_non_scriptable.py
2026-08-12 15:48:10,625 [factory.py] => Loaded ViT-B-16 model config.
2026-08-12 15:48:12,042 [factory.py] => Loading pretrained ViT-B-16 weights (/home/team/zhaohongwei/pretrained_models/open_clip_pytorch_model_laion400m_e32.bin).
2026-08-12 15:48:13,895 [fecam.py] => Learning on 0-10
2026-08-12 15:48:13,918 [fecam.py] => FeCAM first-session trainable parameters: 1194752
2026-08-12 16:00:40,871 [fecam.py] => Using FeCAM Mahalanobis classifier
2026-08-12 16:00:44,339 [trainer.py] => CNN: {'total': 94.3, '00-09': 94.3, 'old': 0, 'new': 94.3, 'harmonic': 0.0}
2026-08-12 16:00:44,339 [trainer.py] => CNN top1 curve: [94.3]
2026-08-12 16:00:44,339 [trainer.py] => CNN top5 curve: [99.7]
2026-08-12 16:00:44,339 [trainer.py] => Average Accuracy (CNN top1): 94.3
2026-08-12 16:00:44,341 [fecam.py] => Learning on 10-20
2026-08-12 16:01:00,361 [fecam.py] => Using FeCAM Mahalanobis classifier
2026-08-12 16:01:06,865 [trainer.py] => CNN: {'total': 89.2, '00-09': 89.7, '10-19': 88.7, 'old': 89.7, 'new': 88.7, 'harmonic': 89.2}
2026-08-12 16:01:06,866 [trainer.py] => CNN top1 curve: [94.3, 89.2]
2026-08-12 16:01:06,866 [trainer.py] => CNN top5 curve: [99.7, 99.4]
2026-08-12 16:01:06,866 [trainer.py] => Average Accuracy (CNN top1): 91.75
2026-08-12 16:01:06,867 [fecam.py] => Learning on 20-30
2026-08-12 16:01:22,929 [fecam.py] => Using FeCAM Mahalanobis classifier
2026-08-12 16:01:32,455 [trainer.py] => CNN: {'total': 85.77, '00-09': 87.9, '10-19': 87.3, '20-29': 82.1, 'old': 87.6, 'new': 82.1, 'harmonic': 84.76}
2026-08-12 16:01:32,455 [trainer.py] => CNN top1 curve: [94.3, 89.2, 85.77]
2026-08-12 16:01:32,455 [trainer.py] => CNN top5 curve: [99.7, 99.4, 98.17]
2026-08-12 16:01:32,455 [trainer.py] => Average Accuracy (CNN top1): 89.75666666666666
2026-08-12 16:01:32,456 [fecam.py] => Learning on 30-40
2026-08-12 16:01:48,491 [fecam.py] => Using FeCAM Mahalanobis classifier
2026-08-12 16:02:01,082 [trainer.py] => CNN: {'total': 85.68, '00-09': 86.3, '10-19': 87.0, '20-29': 80.7, '30-39': 88.7, 'old': 84.67, 'new': 88.7, 'harmonic': 86.64}
2026-08-12 16:02:01,082 [trainer.py] => CNN top1 curve: [94.3, 89.2, 85.77, 85.68]
2026-08-12 16:02:01,082 [trainer.py] => CNN top5 curve: [99.7, 99.4, 98.17, 97.55]
2026-08-12 16:02:01,082 [trainer.py] => Average Accuracy (CNN top1): 88.7375
2026-08-12 16:02:01,083 [fecam.py] => Learning on 40-50
2026-08-12 16:02:17,110 [fecam.py] => Using FeCAM Mahalanobis classifier
2026-08-12 16:02:32,693 [trainer.py] => CNN: {'total': 83.44, '00-09': 86.0, '10-19': 83.9, '20-29': 79.3, '30-39': 86.0, '40-49': 82.0, 'old': 83.8, 'new': 82.0, 'harmonic': 82.89}
2026-08-12 16:02:32,693 [trainer.py] => CNN top1 curve: [94.3, 89.2, 85.77, 85.68, 83.44]
2026-08-12 16:02:32,693 [trainer.py] => CNN top5 curve: [99.7, 99.4, 98.17, 97.55, 96.9]
2026-08-12 16:02:32,693 [trainer.py] => Average Accuracy (CNN top1): 87.678
2026-08-12 16:02:32,694 [fecam.py] => Learning on 50-60
2026-08-12 16:02:48,673 [fecam.py] => Using FeCAM Mahalanobis classifier
2026-08-12 16:03:07,517 [trainer.py] => CNN: {'total': 79.32, '00-09': 84.9, '10-19': 83.3, '20-29': 76.8, '30-39': 84.6, '40-49': 80.1, '50-59': 66.2, 'old': 81.94, 'new': 66.2, 'harmonic': 73.23}
2026-08-12 16:03:07,517 [trainer.py] => CNN top1 curve: [94.3, 89.2, 85.77, 85.68, 83.44, 79.32]
2026-08-12 16:03:07,517 [trainer.py] => CNN top5 curve: [99.7, 99.4, 98.17, 97.55, 96.9, 95.43]
2026-08-12 16:03:07,517 [trainer.py] => Average Accuracy (CNN top1): 86.28500000000001
2026-08-12 16:03:07,518 [fecam.py] => Learning on 60-70
2026-08-12 16:03:23,657 [fecam.py] => Using FeCAM Mahalanobis classifier
2026-08-12 16:03:45,359 [trainer.py] => CNN: {'total': 78.86, '00-09': 84.0, '10-19': 82.6, '20-29': 76.2, '30-39': 84.1, '40-49': 78.3, '50-59': 65.1, '60-69': 81.7, 'old': 78.38, 'new': 81.7, 'harmonic': 80.01}
2026-08-12 16:03:45,359 [trainer.py] => CNN top1 curve: [94.3, 89.2, 85.77, 85.68, 83.44, 79.32, 78.86]
2026-08-12 16:03:45,359 [trainer.py] => CNN top5 curve: [99.7, 99.4, 98.17, 97.55, 96.9, 95.43, 95.07]
2026-08-12 16:03:45,359 [trainer.py] => Average Accuracy (CNN top1): 85.22428571428573
2026-08-12 16:03:45,360 [fecam.py] => Learning on 70-80
2026-08-12 16:04:01,433 [fecam.py] => Using FeCAM Mahalanobis classifier
2026-08-12 16:04:26,250 [trainer.py] => CNN: {'total': 77.58, '00-09': 82.3, '10-19': 79.9, '20-29': 73.9, '30-39': 83.6, '40-49': 77.2, '50-59': 64.2, '60-69': 81.1, '70-79': 78.4, 'old': 77.46, 'new': 78.4, 'harmonic': 77.93}
2026-08-12 16:04:26,251 [trainer.py] => CNN top1 curve: [94.3, 89.2, 85.77, 85.68, 83.44, 79.32, 78.86, 77.58]
2026-08-12 16:04:26,251 [trainer.py] => CNN top5 curve: [99.7, 99.4, 98.17, 97.55, 96.9, 95.43, 95.07, 94.82]
2026-08-12 16:04:26,251 [trainer.py] => Average Accuracy (CNN top1): 84.26875000000001
2026-08-12 16:04:26,252 [fecam.py] => Learning on 80-90
2026-08-12 16:04:42,361 [fecam.py] => Using FeCAM Mahalanobis classifier
2026-08-12 16:05:10,045 [trainer.py] => CNN: {'total': 76.54, '00-09': 81.7, '10-19': 79.2, '20-29': 73.2, '30-39': 82.6, '40-49': 75.7, '50-59': 62.5, '60-69': 80.6, '70-79': 77.1, '80-89': 76.3, 'old': 76.58, 'new': 76.3, 'harmonic': 76.44}
2026-08-12 16:05:10,045 [trainer.py] => CNN top1 curve: [94.3, 89.2, 85.77, 85.68, 83.44, 79.32, 78.86, 77.58, 76.54]
2026-08-12 16:05:10,046 [trainer.py] => CNN top5 curve: [99.7, 99.4, 98.17, 97.55, 96.9, 95.43, 95.07, 94.82, 94.63]
2026-08-12 16:05:10,046 [trainer.py] => Average Accuracy (CNN top1): 83.41000000000001
2026-08-12 16:05:10,047 [fecam.py] => Learning on 90-100
2026-08-12 16:05:26,172 [fecam.py] => Using FeCAM Mahalanobis classifier
2026-08-12 16:05:56,838 [trainer.py] => CNN: {'total': 75.76, '00-09': 80.4, '10-19': 79.0, '20-29': 71.8, '30-39': 81.9, '40-49': 75.0, '50-59': 61.4, '60-69': 79.9, '70-79': 76.9, '80-89': 74.7, '90-99': 76.6, 'old': 75.67, 'new': 76.6, 'harmonic': 76.13}
2026-08-12 16:05:56,839 [trainer.py] => CNN top1 curve: [94.3, 89.2, 85.77, 85.68, 83.44, 79.32, 78.86, 77.58, 76.54, 75.76]
2026-08-12 16:05:56,839 [trainer.py] => CNN top5 curve: [99.7, 99.4, 98.17, 97.55, 96.9, 95.43, 95.07, 94.82, 94.63, 93.98]
2026-08-12 16:05:56,839 [trainer.py] => Average Accuracy (CNN top1): 82.64500000000001
