2026-08-10 16:17:42,426 [trainer.py] => config: /home/team/zhaohongwei/Code/Research/Awesome-MMCL/configs/fecam/fecam_cifar_B0_Inc10.json
2026-08-10 16:17:42,426 [trainer.py] => prefix: -
2026-08-10 16:17:42,426 [trainer.py] => dataset: cifar224
2026-08-10 16:17:42,426 [trainer.py] => memory_size: 0
2026-08-10 16:17:42,426 [trainer.py] => memory_per_class: 0
2026-08-10 16:17:42,427 [trainer.py] => fixed_memory: False
2026-08-10 16:17:42,427 [trainer.py] => shuffle: True
2026-08-10 16:17:42,427 [trainer.py] => init_cls: 10
2026-08-10 16:17:42,427 [trainer.py] => increment: 10
2026-08-10 16:17:42,427 [trainer.py] => model_name: fecam
2026-08-10 16:17:42,427 [trainer.py] => backbone_type: clip
2026-08-10 16:17:42,427 [trainer.py] => clip_pretrained: /home/team/zhaohongwei/pretrained_models/open_clip_pytorch_model_laion400m_e32.bin
2026-08-10 16:17:42,427 [trainer.py] => device: [device(type='cuda', index=0)]
2026-08-10 16:17:42,427 [trainer.py] => seed: 1993
2026-08-10 16:17:42,427 [trainer.py] => tuned_epoch: 20
2026-08-10 16:17:42,427 [trainer.py] => init_lr: 0.01
2026-08-10 16:17:42,427 [trainer.py] => batch_size: 48
2026-08-10 16:17:42,427 [trainer.py] => weight_decay: 0.0005
2026-08-10 16:17:42,427 [trainer.py] => min_lr: 0.0
2026-08-10 16:17:42,427 [trainer.py] => ffn_num: 64
2026-08-10 16:17:42,427 [trainer.py] => optimizer: sgd
2026-08-10 16:17:42,427 [trainer.py] => num_workers: 8
2026-08-10 16:17:42,427 [trainer.py] => fecam_alpha: 100.0
2026-08-10 16:17:42,427 [trainer.py] => maha_batch_size: 64
2026-08-10 16:17:42,427 [trainer.py] => total_class_num: 100
2026-08-10 16:17:43,478 [data_manager.py] => [68, 56, 78, 8, 23, 84, 90, 65, 74, 76, 40, 89, 3, 92, 55, 9, 26, 80, 43, 38, 58, 70, 77, 1, 85, 19, 17, 50, 28, 53, 13, 81, 45, 82, 6, 59, 83, 16, 15, 44, 91, 41, 72, 60, 79, 52, 20, 10, 31, 54, 37, 95, 14, 71, 96, 98, 97, 2, 64, 66, 42, 22, 35, 86, 24, 34, 87, 21, 99, 0, 88, 27, 18, 94, 11, 12, 47, 25, 30, 46, 62, 69, 36, 61, 7, 63, 75, 5, 32, 4, 51, 48, 73, 93, 39, 67, 29, 49, 57, 33]
2026-08-10 16:17:44,788 [instantiator.py] => Created a temporary directory at /tmp/tmpat4833gu
2026-08-10 16:17:44,788 [instantiator.py] => Writing /tmp/tmpat4833gu/_remote_module_non_scriptable.py
2026-08-10 16:17:44,920 [factory.py] => Loaded ViT-B-16 model config.
2026-08-10 16:17:46,378 [factory.py] => Loading pretrained ViT-B-16 weights (/home/team/zhaohongwei/pretrained_models/open_clip_pytorch_model_laion400m_e32.bin).
2026-08-10 16:17:47,808 [fecam.py] => Learning on 0-10
2026-08-10 16:17:47,831 [fecam.py] => FeCAM first-session trainable parameters: 1194752
2026-08-10 16:31:54,374 [fecam.py] => Using FeCAM Mahalanobis classifier
2026-08-10 16:31:58,773 [trainer.py] => CNN: {'total': 97.1, '00-09': 97.1, 'old': 0, 'new': 97.1, 'harmonic': 0.0}
2026-08-10 16:31:58,773 [trainer.py] => CNN top1 curve: [97.1]
2026-08-10 16:31:58,774 [trainer.py] => CNN top5 curve: [100.0]
2026-08-10 16:31:58,774 [trainer.py] => Average Accuracy (CNN top1): 97.1
2026-08-10 16:31:58,775 [fecam.py] => Learning on 10-20
2026-08-10 16:32:20,139 [fecam.py] => Using FeCAM Mahalanobis classifier
2026-08-10 16:32:28,817 [trainer.py] => CNN: {'total': 91.0, '00-09': 94.8, '10-19': 87.2, 'old': 94.8, 'new': 87.2, 'harmonic': 90.84}
2026-08-10 16:32:28,817 [trainer.py] => CNN top1 curve: [97.1, 91.0]
2026-08-10 16:32:28,817 [trainer.py] => CNN top5 curve: [100.0, 99.3]
2026-08-10 16:32:28,818 [trainer.py] => Average Accuracy (CNN top1): 94.05
2026-08-10 16:32:28,819 [fecam.py] => Learning on 20-30
2026-08-10 16:32:49,773 [fecam.py] => Using FeCAM Mahalanobis classifier
2026-08-10 16:33:02,182 [trainer.py] => CNN: {'total': 87.8, '00-09': 91.4, '10-19': 84.1, '20-29': 87.9, 'old': 87.75, 'new': 87.9, 'harmonic': 87.82}
2026-08-10 16:33:02,182 [trainer.py] => CNN top1 curve: [97.1, 91.0, 87.8]
2026-08-10 16:33:02,183 [trainer.py] => CNN top5 curve: [100.0, 99.3, 98.57]
2026-08-10 16:33:02,183 [trainer.py] => Average Accuracy (CNN top1): 91.96666666666665
2026-08-10 16:33:02,184 [fecam.py] => Learning on 30-40
2026-08-10 16:33:23,186 [fecam.py] => Using FeCAM Mahalanobis classifier
2026-08-10 16:33:39,782 [trainer.py] => CNN: {'total': 84.5, '00-09': 89.5, '10-19': 81.7, '20-29': 86.6, '30-39': 80.2, 'old': 85.93, 'new': 80.2, 'harmonic': 82.97}
2026-08-10 16:33:39,783 [trainer.py] => CNN top1 curve: [97.1, 91.0, 87.8, 84.5]
2026-08-10 16:33:39,783 [trainer.py] => CNN top5 curve: [100.0, 99.3, 98.57, 97.5]
2026-08-10 16:33:39,783 [trainer.py] => Average Accuracy (CNN top1): 90.1
2026-08-10 16:33:39,784 [fecam.py] => Learning on 40-50
2026-08-10 16:34:00,950 [fecam.py] => Using FeCAM Mahalanobis classifier
2026-08-10 16:34:21,579 [trainer.py] => CNN: {'total': 82.18, '00-09': 89.0, '10-19': 77.3, '20-29': 85.4, '30-39': 77.4, '40-49': 81.8, 'old': 82.28, 'new': 81.8, 'harmonic': 82.04}
2026-08-10 16:34:21,579 [trainer.py] => CNN top1 curve: [97.1, 91.0, 87.8, 84.5, 82.18]
2026-08-10 16:34:21,579 [trainer.py] => CNN top5 curve: [100.0, 99.3, 98.57, 97.5, 96.94]
2026-08-10 16:34:21,579 [trainer.py] => Average Accuracy (CNN top1): 88.51599999999999
2026-08-10 16:34:21,580 [fecam.py] => Learning on 50-60
2026-08-10 16:34:42,786 [fecam.py] => Using FeCAM Mahalanobis classifier
2026-08-10 16:35:07,444 [trainer.py] => CNN: {'total': 80.43, '00-09': 87.8, '10-19': 75.7, '20-29': 84.0, '30-39': 76.1, '40-49': 79.6, '50-59': 79.4, 'old': 80.64, 'new': 79.4, 'harmonic': 80.02}
2026-08-10 16:35:07,444 [trainer.py] => CNN top1 curve: [97.1, 91.0, 87.8, 84.5, 82.18, 80.43]
2026-08-10 16:35:07,444 [trainer.py] => CNN top5 curve: [100.0, 99.3, 98.57, 97.5, 96.94, 96.07]
2026-08-10 16:35:07,444 [trainer.py] => Average Accuracy (CNN top1): 87.16833333333334
2026-08-10 16:35:07,445 [fecam.py] => Learning on 60-70
2026-08-10 16:35:28,608 [fecam.py] => Using FeCAM Mahalanobis classifier
2026-08-10 16:35:57,455 [trainer.py] => CNN: {'total': 80.1, '00-09': 87.1, '10-19': 74.4, '20-29': 83.5, '30-39': 75.1, '40-49': 79.5, '50-59': 78.4, '60-69': 82.7, 'old': 79.67, 'new': 82.7, 'harmonic': 81.16}
2026-08-10 16:35:57,455 [trainer.py] => CNN top1 curve: [97.1, 91.0, 87.8, 84.5, 82.18, 80.43, 80.1]
2026-08-10 16:35:57,455 [trainer.py] => CNN top5 curve: [100.0, 99.3, 98.57, 97.5, 96.94, 96.07, 95.69]
2026-08-10 16:35:57,455 [trainer.py] => Average Accuracy (CNN top1): 86.15857142857143
2026-08-10 16:35:57,456 [fecam.py] => Learning on 70-80
2026-08-10 16:36:18,765 [fecam.py] => Using FeCAM Mahalanobis classifier
2026-08-10 16:36:51,758 [trainer.py] => CNN: {'total': 77.47, '00-09': 86.4, '10-19': 73.3, '20-29': 83.4, '30-39': 74.5, '40-49': 78.2, '50-59': 74.2, '60-69': 80.3, '70-79': 69.5, 'old': 78.61, 'new': 69.5, 'harmonic': 73.77}
2026-08-10 16:36:51,758 [trainer.py] => CNN top1 curve: [97.1, 91.0, 87.8, 84.5, 82.18, 80.43, 80.1, 77.47]
2026-08-10 16:36:51,759 [trainer.py] => CNN top5 curve: [100.0, 99.3, 98.57, 97.5, 96.94, 96.07, 95.69, 95.21]
2026-08-10 16:36:51,759 [trainer.py] => Average Accuracy (CNN top1): 85.0725
2026-08-10 16:36:51,760 [fecam.py] => Learning on 80-90
2026-08-10 16:37:13,106 [fecam.py] => Using FeCAM Mahalanobis classifier
2026-08-10 16:37:50,453 [trainer.py] => CNN: {'total': 75.46, '00-09': 84.8, '10-19': 70.9, '20-29': 81.7, '30-39': 73.7, '40-49': 76.7, '50-59': 73.1, '60-69': 79.6, '70-79': 67.9, '80-89': 70.7, 'old': 76.05, 'new': 70.7, 'harmonic': 73.28}
2026-08-10 16:37:50,453 [trainer.py] => CNN top1 curve: [97.1, 91.0, 87.8, 84.5, 82.18, 80.43, 80.1, 77.47, 75.46]
2026-08-10 16:37:50,453 [trainer.py] => CNN top5 curve: [100.0, 99.3, 98.57, 97.5, 96.94, 96.07, 95.69, 95.21, 94.1]
2026-08-10 16:37:50,453 [trainer.py] => Average Accuracy (CNN top1): 84.00444444444446
2026-08-10 16:37:50,454 [fecam.py] => Learning on 90-100
2026-08-10 16:38:11,738 [fecam.py] => Using FeCAM Mahalanobis classifier
2026-08-10 16:38:53,223 [trainer.py] => CNN: {'total': 74.31, '00-09': 84.1, '10-19': 70.6, '20-29': 81.1, '30-39': 72.1, '40-49': 76.0, '50-59': 70.9, '60-69': 78.8, '70-79': 65.7, '80-89': 69.7, '90-99': 74.1, 'old': 74.33, 'new': 74.1, 'harmonic': 74.21}
2026-08-10 16:38:53,223 [trainer.py] => CNN top1 curve: [97.1, 91.0, 87.8, 84.5, 82.18, 80.43, 80.1, 77.47, 75.46, 74.31]
2026-08-10 16:38:53,223 [trainer.py] => CNN top5 curve: [100.0, 99.3, 98.57, 97.5, 96.94, 96.07, 95.69, 95.21, 94.1, 93.36]
2026-08-10 16:38:53,223 [trainer.py] => Average Accuracy (CNN top1): 83.03500000000001
