2026-08-10 17:58:59,847 [trainer.py] => config: /home/team/zhaohongwei/Code/Research/Awesome-MMCL/configs/fecam/fecam_cub_B100_Inc20.json
2026-08-10 17:58:59,848 [trainer.py] => prefix: -
2026-08-10 17:58:59,848 [trainer.py] => dataset: cub
2026-08-10 17:58:59,848 [trainer.py] => memory_size: 0
2026-08-10 17:58:59,848 [trainer.py] => memory_per_class: 0
2026-08-10 17:58:59,848 [trainer.py] => fixed_memory: False
2026-08-10 17:58:59,848 [trainer.py] => shuffle: True
2026-08-10 17:58:59,848 [trainer.py] => init_cls: 100
2026-08-10 17:58:59,848 [trainer.py] => increment: 20
2026-08-10 17:58:59,848 [trainer.py] => model_name: fecam
2026-08-10 17:58:59,848 [trainer.py] => backbone_type: clip
2026-08-10 17:58:59,848 [trainer.py] => clip_pretrained: /home/team/zhaohongwei/pretrained_models/open_clip_pytorch_model_laion400m_e32.bin
2026-08-10 17:58:59,848 [trainer.py] => device: [device(type='cuda', index=0)]
2026-08-10 17:58:59,848 [trainer.py] => seed: 1993
2026-08-10 17:58:59,848 [trainer.py] => tuned_epoch: 20
2026-08-10 17:58:59,848 [trainer.py] => init_lr: 0.01
2026-08-10 17:58:59,848 [trainer.py] => batch_size: 48
2026-08-10 17:58:59,848 [trainer.py] => weight_decay: 0.0005
2026-08-10 17:58:59,848 [trainer.py] => min_lr: 0.0
2026-08-10 17:58:59,848 [trainer.py] => ffn_num: 64
2026-08-10 17:58:59,848 [trainer.py] => optimizer: sgd
2026-08-10 17:58:59,848 [trainer.py] => num_workers: 8
2026-08-10 17:58:59,848 [trainer.py] => fecam_alpha: 100.0
2026-08-10 17:58:59,848 [trainer.py] => maha_batch_size: 64
2026-08-10 17:58:59,848 [trainer.py] => total_class_num: 200
2026-08-10 17:58:59,964 [data_manager.py] => [168, 136, 51, 9, 183, 101, 171, 99, 42, 159, 191, 70, 16, 188, 27, 10, 175, 26, 68, 187, 98, 6, 85, 35, 112, 43, 100, 0, 103, 181, 88, 59, 4, 2, 116, 174, 94, 80, 106, 1, 147, 17, 141, 131, 72, 23, 173, 54, 197, 118, 87, 32, 79, 104, 91, 19, 135, 107, 178, 36, 11, 199, 142, 8, 122, 3, 28, 57, 153, 172, 190, 56, 49, 44, 97, 62, 151, 169, 194, 55, 192, 12, 189, 78, 66, 180, 15, 137, 109, 134, 92, 119, 126, 52, 170, 40, 148, 65, 144, 64, 138, 45, 77, 89, 154, 90, 71, 193, 74, 30, 113, 143, 96, 84, 67, 50, 186, 156, 69, 21, 18, 111, 108, 58, 125, 157, 150, 110, 182, 129, 166, 83, 81, 60, 13, 165, 14, 176, 63, 117, 5, 22, 145, 121, 38, 41, 82, 127, 114, 20, 31, 53, 37, 163, 196, 130, 152, 162, 86, 76, 24, 34, 184, 149, 33, 128, 198, 155, 146, 167, 139, 120, 140, 102, 47, 25, 158, 123, 46, 164, 61, 7, 115, 75, 133, 160, 105, 132, 179, 124, 48, 73, 93, 39, 95, 195, 29, 177, 185, 161]
2026-08-10 17:59:01,152 [instantiator.py] => Created a temporary directory at /tmp/tmpexepggeg
2026-08-10 17:59:01,152 [instantiator.py] => Writing /tmp/tmpexepggeg/_remote_module_non_scriptable.py
2026-08-10 17:59:01,284 [factory.py] => Loaded ViT-B-16 model config.
2026-08-10 17:59:02,694 [factory.py] => Loading pretrained ViT-B-16 weights (/home/team/zhaohongwei/pretrained_models/open_clip_pytorch_model_laion400m_e32.bin).
2026-08-10 17:59:04,161 [fecam.py] => Learning on 0-100
2026-08-10 17:59:04,172 [fecam.py] => FeCAM first-session trainable parameters: 1240832
2026-08-10 18:12:36,143 [fecam.py] => Using FeCAM Mahalanobis classifier
2026-08-10 18:12:41,281 [trainer.py] => CNN: {'total': 83.0, '00-09': 78.81, '10-19': 83.72, '20-29': 90.72, '30-39': 75.45, '40-49': 81.31, '50-59': 81.08, '60-69': 83.02, '70-79': 83.69, '80-89': 87.22, '90-99': 84.56, 'old': 0, 'new': 83.0, 'harmonic': 0.0}
2026-08-10 18:12:41,282 [trainer.py] => CNN top1 curve: [83.0]
2026-08-10 18:12:41,282 [trainer.py] => CNN top5 curve: [97.64]
2026-08-10 18:12:41,282 [trainer.py] => Average Accuracy (CNN top1): 83.0
2026-08-10 18:12:41,285 [fecam.py] => Learning on 100-120
2026-08-10 18:12:46,396 [fecam.py] => Using FeCAM Mahalanobis classifier
2026-08-10 18:12:52,397 [trainer.py] => CNN: {'total': 80.65, '00-09': 77.97, '10-19': 81.4, '20-29': 89.69, '30-39': 72.73, '40-49': 80.37, '50-59': 78.38, '60-69': 79.25, '70-79': 80.14, '80-89': 84.21, '90-99': 84.56, '100-109': 82.61, '110-119': 76.11, 'old': 80.89, 'new': 79.39, 'harmonic': 80.13}
2026-08-10 18:12:52,398 [trainer.py] => CNN top1 curve: [83.0, 80.65]
2026-08-10 18:12:52,398 [trainer.py] => CNN top5 curve: [97.64, 96.68]
2026-08-10 18:12:52,398 [trainer.py] => Average Accuracy (CNN top1): 81.825
2026-08-10 18:12:52,399 [fecam.py] => Learning on 120-140
2026-08-10 18:12:57,509 [fecam.py] => Using FeCAM Mahalanobis classifier
2026-08-10 18:13:04,421 [trainer.py] => CNN: {'total': 79.16, '00-09': 76.27, '10-19': 81.4, '20-29': 89.69, '30-39': 69.09, '40-49': 79.44, '50-59': 78.38, '60-69': 79.25, '70-79': 78.72, '80-89': 79.7, '90-99': 83.09, '100-109': 82.61, '110-119': 75.22, '120-129': 76.64, '130-139': 78.81, 'old': 79.38, 'new': 77.78, 'harmonic': 78.57}
2026-08-10 18:13:04,421 [trainer.py] => CNN top1 curve: [83.0, 80.65, 79.16]
2026-08-10 18:13:04,421 [trainer.py] => CNN top5 curve: [97.64, 96.68, 96.4]
2026-08-10 18:13:04,421 [trainer.py] => Average Accuracy (CNN top1): 80.93666666666667
2026-08-10 18:13:04,423 [fecam.py] => Learning on 140-160
2026-08-10 18:13:09,482 [fecam.py] => Using FeCAM Mahalanobis classifier
2026-08-10 18:13:17,534 [trainer.py] => CNN: {'total': 78.64, '00-09': 76.27, '10-19': 81.4, '20-29': 87.63, '30-39': 67.27, '40-49': 79.44, '50-59': 74.77, '60-69': 79.25, '70-79': 77.3, '80-89': 78.2, '90-99': 80.15, '100-109': 80.87, '110-119': 72.57, '120-129': 76.64, '130-139': 77.97, '140-149': 80.16, '150-159': 87.9, 'old': 77.82, 'new': 84.0, 'harmonic': 80.79}
2026-08-10 18:13:17,535 [trainer.py] => CNN top1 curve: [83.0, 80.65, 79.16, 78.64]
2026-08-10 18:13:17,535 [trainer.py] => CNN top5 curve: [97.64, 96.68, 96.4, 96.25]
2026-08-10 18:13:17,535 [trainer.py] => Average Accuracy (CNN top1): 80.3625
2026-08-10 18:13:17,536 [fecam.py] => Learning on 160-180
2026-08-10 18:13:22,896 [fecam.py] => Using FeCAM Mahalanobis classifier
2026-08-10 18:13:31,818 [trainer.py] => CNN: {'total': 77.35, '00-09': 75.42, '10-19': 79.07, '20-29': 87.63, '30-39': 67.27, '40-49': 78.5, '50-59': 74.77, '60-69': 75.47, '70-79': 77.3, '80-89': 78.2, '90-99': 78.68, '100-109': 80.87, '110-119': 71.68, '120-129': 74.77, '130-139': 75.42, '140-149': 77.78, '150-159': 87.1, '160-169': 74.63, '170-179': 77.67, 'old': 77.53, 'new': 75.95, 'harmonic': 76.73}
2026-08-10 18:13:31,819 [trainer.py] => CNN top1 curve: [83.0, 80.65, 79.16, 78.64, 77.35]
2026-08-10 18:13:31,819 [trainer.py] => CNN top5 curve: [97.64, 96.68, 96.4, 96.25, 95.77]
2026-08-10 18:13:31,819 [trainer.py] => Average Accuracy (CNN top1): 79.75999999999999
2026-08-10 18:13:31,820 [fecam.py] => Learning on 180-200
2026-08-10 18:13:37,012 [fecam.py] => Using FeCAM Mahalanobis classifier
2026-08-10 18:13:46,954 [trainer.py] => CNN: {'total': 76.34, '00-09': 74.58, '10-19': 78.29, '20-29': 87.63, '30-39': 66.36, '40-49': 76.64, '50-59': 73.87, '60-69': 73.58, '70-79': 77.3, '80-89': 78.2, '90-99': 78.68, '100-109': 80.87, '110-119': 71.68, '120-129': 73.83, '130-139': 73.73, '140-149': 76.98, '150-159': 86.29, '160-169': 71.64, '170-179': 77.67, '180-189': 74.24, '190-199': 74.49, 'old': 76.55, 'new': 74.35, 'harmonic': 75.43}
2026-08-10 18:13:46,954 [trainer.py] => CNN top1 curve: [83.0, 80.65, 79.16, 78.64, 77.35, 76.34]
2026-08-10 18:13:46,955 [trainer.py] => CNN top5 curve: [97.64, 96.68, 96.4, 96.25, 95.77, 94.87]
2026-08-10 18:13:46,955 [trainer.py] => Average Accuracy (CNN top1): 79.19
