2026-08-10 17:38:04,269 [trainer.py] => config: /home/team/zhaohongwei/Code/Research/Awesome-MMCL/configs/fecam/fecam_cub_B0_Inc20.json
2026-08-10 17:38:04,269 [trainer.py] => prefix: -
2026-08-10 17:38:04,269 [trainer.py] => dataset: cub
2026-08-10 17:38:04,269 [trainer.py] => memory_size: 0
2026-08-10 17:38:04,269 [trainer.py] => memory_per_class: 0
2026-08-10 17:38:04,269 [trainer.py] => fixed_memory: False
2026-08-10 17:38:04,269 [trainer.py] => shuffle: True
2026-08-10 17:38:04,269 [trainer.py] => init_cls: 20
2026-08-10 17:38:04,269 [trainer.py] => increment: 20
2026-08-10 17:38:04,269 [trainer.py] => model_name: fecam
2026-08-10 17:38:04,270 [trainer.py] => backbone_type: clip
2026-08-10 17:38:04,270 [trainer.py] => clip_pretrained: /home/team/zhaohongwei/pretrained_models/open_clip_pytorch_model_laion400m_e32.bin
2026-08-10 17:38:04,270 [trainer.py] => device: [device(type='cuda', index=0)]
2026-08-10 17:38:04,270 [trainer.py] => seed: 42
2026-08-10 17:38:04,270 [trainer.py] => tuned_epoch: 20
2026-08-10 17:38:04,270 [trainer.py] => init_lr: 0.01
2026-08-10 17:38:04,270 [trainer.py] => batch_size: 48
2026-08-10 17:38:04,270 [trainer.py] => weight_decay: 0.0005
2026-08-10 17:38:04,270 [trainer.py] => min_lr: 0.0
2026-08-10 17:38:04,270 [trainer.py] => ffn_num: 64
2026-08-10 17:38:04,270 [trainer.py] => optimizer: sgd
2026-08-10 17:38:04,270 [trainer.py] => num_workers: 8
2026-08-10 17:38:04,270 [trainer.py] => fecam_alpha: 100.0
2026-08-10 17:38:04,270 [trainer.py] => maha_batch_size: 64
2026-08-10 17:38:04,270 [trainer.py] => total_class_num: 200
2026-08-10 17:38:04,367 [data_manager.py] => [95, 15, 30, 158, 128, 115, 69, 170, 174, 45, 66, 182, 165, 78, 186, 177, 56, 152, 82, 68, 124, 16, 148, 93, 65, 60, 84, 67, 125, 132, 9, 18, 55, 75, 150, 104, 135, 137, 164, 76, 79, 197, 38, 24, 122, 195, 29, 19, 143, 86, 114, 173, 5, 126, 117, 73, 140, 98, 172, 96, 169, 97, 31, 12, 35, 119, 42, 189, 90, 136, 51, 127, 162, 41, 118, 113, 26, 139, 100, 111, 2, 77, 46, 187, 191, 85, 161, 36, 190, 61, 22, 141, 101, 33, 11, 194, 159, 6, 27, 120, 4, 32, 142, 145, 109, 144, 10, 62, 112, 146, 166, 0, 198, 153, 70, 123, 64, 44, 163, 28, 40, 108, 155, 156, 25, 23, 184, 147, 81, 39, 168, 47, 94, 154, 43, 138, 3, 105, 53, 133, 180, 178, 185, 49, 80, 34, 7, 110, 91, 83, 176, 181, 89, 8, 13, 59, 171, 131, 17, 72, 175, 134, 167, 183, 63, 54, 107, 50, 196, 58, 48, 88, 21, 57, 160, 192, 129, 37, 157, 193, 1, 52, 149, 130, 151, 103, 99, 116, 87, 74, 121, 199, 20, 188, 71, 106, 14, 92, 179, 102]
2026-08-10 17:38:05,611 [instantiator.py] => Created a temporary directory at /tmp/tmpst6leex_
2026-08-10 17:38:05,611 [instantiator.py] => Writing /tmp/tmpst6leex_/_remote_module_non_scriptable.py
2026-08-10 17:38:05,750 [factory.py] => Loaded ViT-B-16 model config.
2026-08-10 17:38:07,248 [factory.py] => Loading pretrained ViT-B-16 weights (/home/team/zhaohongwei/pretrained_models/open_clip_pytorch_model_laion400m_e32.bin).
2026-08-10 17:38:09,150 [fecam.py] => Learning on 0-20
2026-08-10 17:38:09,155 [fecam.py] => FeCAM first-session trainable parameters: 1199872
2026-08-10 17:40:41,981 [fecam.py] => Using FeCAM Mahalanobis classifier
2026-08-10 17:40:43,208 [trainer.py] => CNN: {'total': 92.31, '00-09': 91.2, '10-19': 93.58, 'old': 0, 'new': 92.31, 'harmonic': 0.0}
2026-08-10 17:40:43,209 [trainer.py] => CNN top1 curve: [92.31]
2026-08-10 17:40:43,209 [trainer.py] => CNN top5 curve: [100.0]
2026-08-10 17:40:43,209 [trainer.py] => Average Accuracy (CNN top1): 92.31
2026-08-10 17:40:43,211 [fecam.py] => Learning on 20-40
2026-08-10 17:40:47,546 [fecam.py] => Using FeCAM Mahalanobis classifier
2026-08-10 17:40:49,500 [trainer.py] => CNN: {'total': 91.16, '00-09': 87.2, '10-19': 92.66, '20-29': 90.08, '30-39': 95.45, 'old': 89.74, 'new': 92.53, 'harmonic': 91.11}
2026-08-10 17:40:49,501 [trainer.py] => CNN top1 curve: [92.31, 91.16]
2026-08-10 17:40:49,501 [trainer.py] => CNN top5 curve: [100.0, 98.74]
2026-08-10 17:40:49,501 [trainer.py] => Average Accuracy (CNN top1): 91.735
2026-08-10 17:40:49,502 [fecam.py] => Learning on 40-60
2026-08-10 17:40:53,882 [fecam.py] => Using FeCAM Mahalanobis classifier
2026-08-10 17:40:56,504 [trainer.py] => CNN: {'total': 87.75, '00-09': 83.2, '10-19': 90.83, '20-29': 86.26, '30-39': 93.64, '40-49': 93.46, '50-59': 80.36, 'old': 88.21, 'new': 86.76, 'harmonic': 87.48}
2026-08-10 17:40:56,504 [trainer.py] => CNN top1 curve: [92.31, 91.16, 87.75]
2026-08-10 17:40:56,504 [trainer.py] => CNN top5 curve: [100.0, 98.74, 97.55]
2026-08-10 17:40:56,504 [trainer.py] => Average Accuracy (CNN top1): 90.40666666666668
2026-08-10 17:40:56,506 [fecam.py] => Learning on 60-80
2026-08-10 17:41:00,806 [fecam.py] => Using FeCAM Mahalanobis classifier
2026-08-10 17:41:04,208 [trainer.py] => CNN: {'total': 84.83, '00-09': 81.6, '10-19': 90.83, '20-29': 85.5, '30-39': 88.18, '40-49': 90.65, '50-59': 77.68, '60-69': 78.51, '70-79': 86.78, 'old': 85.59, 'new': 82.64, 'harmonic': 84.09}
2026-08-10 17:41:04,208 [trainer.py] => CNN top1 curve: [92.31, 91.16, 87.75, 84.83]
2026-08-10 17:41:04,209 [trainer.py] => CNN top5 curve: [100.0, 98.74, 97.55, 96.9]
2026-08-10 17:41:04,209 [trainer.py] => Average Accuracy (CNN top1): 89.0125
2026-08-10 17:41:04,210 [fecam.py] => Learning on 80-100
2026-08-10 17:41:08,483 [fecam.py] => Using FeCAM Mahalanobis classifier
2026-08-10 17:41:12,631 [trainer.py] => CNN: {'total': 83.11, '00-09': 80.0, '10-19': 89.91, '20-29': 81.68, '30-39': 88.18, '40-49': 78.5, '50-59': 77.68, '60-69': 76.03, '70-79': 85.95, '80-89': 87.1, '90-99': 86.61, 'old': 82.16, 'new': 86.86, 'harmonic': 84.44}
2026-08-10 17:41:12,631 [trainer.py] => CNN top1 curve: [92.31, 91.16, 87.75, 84.83, 83.11]
2026-08-10 17:41:12,631 [trainer.py] => CNN top5 curve: [100.0, 98.74, 97.55, 96.9, 97.01]
2026-08-10 17:41:12,632 [trainer.py] => Average Accuracy (CNN top1): 87.83200000000001
2026-08-10 17:41:12,633 [fecam.py] => Learning on 100-120
2026-08-10 17:41:17,070 [fecam.py] => Using FeCAM Mahalanobis classifier
2026-08-10 17:41:21,940 [trainer.py] => CNN: {'total': 79.27, '00-09': 77.6, '10-19': 87.16, '20-29': 78.63, '30-39': 87.27, '40-49': 70.09, '50-59': 76.79, '60-69': 74.38, '70-79': 85.12, '80-89': 84.68, '90-99': 84.82, '100-109': 68.22, '110-119': 76.0, 'old': 80.63, 'new': 72.41, 'harmonic': 76.3}
2026-08-10 17:41:21,940 [trainer.py] => CNN top1 curve: [92.31, 91.16, 87.75, 84.83, 83.11, 79.27]
2026-08-10 17:41:21,940 [trainer.py] => CNN top5 curve: [100.0, 98.74, 97.55, 96.9, 97.01, 96.15]
2026-08-10 17:41:21,940 [trainer.py] => Average Accuracy (CNN top1): 86.40500000000002
2026-08-10 17:41:21,942 [fecam.py] => Learning on 120-140
2026-08-10 17:41:26,313 [fecam.py] => Using FeCAM Mahalanobis classifier
2026-08-10 17:41:31,867 [trainer.py] => CNN: {'total': 79.15, '00-09': 76.0, '10-19': 83.49, '20-29': 78.63, '30-39': 87.27, '40-49': 67.29, '50-59': 76.79, '60-69': 74.38, '70-79': 82.64, '80-89': 84.68, '90-99': 84.82, '100-109': 68.22, '110-119': 74.4, '120-129': 77.39, '130-139': 90.91, 'old': 78.28, 'new': 84.32, 'harmonic': 81.19}
2026-08-10 17:41:31,867 [trainer.py] => CNN top1 curve: [92.31, 91.16, 87.75, 84.83, 83.11, 79.27, 79.15]
2026-08-10 17:41:31,867 [trainer.py] => CNN top5 curve: [100.0, 98.74, 97.55, 96.9, 97.01, 96.15, 95.67]
2026-08-10 17:41:31,867 [trainer.py] => Average Accuracy (CNN top1): 85.36857142857143
2026-08-10 17:41:31,868 [fecam.py] => Learning on 140-160
2026-08-10 17:41:36,426 [fecam.py] => Using FeCAM Mahalanobis classifier
2026-08-10 17:41:42,702 [trainer.py] => CNN: {'total': 78.27, '00-09': 76.0, '10-19': 83.49, '20-29': 77.86, '30-39': 87.27, '40-49': 65.42, '50-59': 76.79, '60-69': 73.55, '70-79': 78.51, '80-89': 83.87, '90-99': 83.93, '100-109': 66.36, '110-119': 71.2, '120-129': 76.52, '130-139': 88.43, '140-149': 83.33, '150-159': 79.63, 'old': 77.87, 'new': 81.43, 'harmonic': 79.61}
2026-08-10 17:41:42,702 [trainer.py] => CNN top1 curve: [92.31, 91.16, 87.75, 84.83, 83.11, 79.27, 79.15, 78.27]
2026-08-10 17:41:42,702 [trainer.py] => CNN top5 curve: [100.0, 98.74, 97.55, 96.9, 97.01, 96.15, 95.67, 95.35]
2026-08-10 17:41:42,702 [trainer.py] => Average Accuracy (CNN top1): 84.48125
2026-08-10 17:41:42,704 [fecam.py] => Learning on 160-180
2026-08-10 17:41:47,261 [fecam.py] => Using FeCAM Mahalanobis classifier
2026-08-10 17:41:54,184 [trainer.py] => CNN: {'total': 76.1, '00-09': 75.2, '10-19': 82.57, '20-29': 77.1, '30-39': 86.36, '40-49': 64.49, '50-59': 74.11, '60-69': 73.55, '70-79': 77.69, '80-89': 82.26, '90-99': 82.14, '100-109': 65.42, '110-119': 68.0, '120-129': 75.65, '130-139': 87.6, '140-149': 74.51, '150-159': 77.78, '160-169': 66.12, '170-179': 78.63, 'old': 76.59, 'new': 72.27, 'harmonic': 74.37}
2026-08-10 17:41:54,184 [trainer.py] => CNN top1 curve: [92.31, 91.16, 87.75, 84.83, 83.11, 79.27, 79.15, 78.27, 76.1]
2026-08-10 17:41:54,184 [trainer.py] => CNN top5 curve: [100.0, 98.74, 97.55, 96.9, 97.01, 96.15, 95.67, 95.35, 94.73]
2026-08-10 17:41:54,184 [trainer.py] => Average Accuracy (CNN top1): 83.55000000000001
2026-08-10 17:41:54,185 [fecam.py] => Learning on 180-200
2026-08-10 17:41:58,388 [fecam.py] => Using FeCAM Mahalanobis classifier
2026-08-10 17:42:06,187 [trainer.py] => CNN: {'total': 75.36, '00-09': 74.4, '10-19': 81.65, '20-29': 76.34, '30-39': 86.36, '40-49': 63.55, '50-59': 70.54, '60-69': 72.73, '70-79': 76.03, '80-89': 81.45, '90-99': 80.36, '100-109': 65.42, '110-119': 60.0, '120-129': 74.78, '130-139': 87.6, '140-149': 73.53, '150-159': 77.78, '160-169': 65.29, '170-179': 77.78, '180-189': 82.39, '190-199': 77.34, 'old': 74.76, 'new': 80.0, 'harmonic': 77.29}
2026-08-10 17:42:06,187 [trainer.py] => CNN top1 curve: [92.31, 91.16, 87.75, 84.83, 83.11, 79.27, 79.15, 78.27, 76.1, 75.36]
2026-08-10 17:42:06,187 [trainer.py] => CNN top5 curve: [100.0, 98.74, 97.55, 96.9, 97.01, 96.15, 95.67, 95.35, 94.73, 94.57]
2026-08-10 17:42:06,187 [trainer.py] => Average Accuracy (CNN top1): 82.73100000000001
