2026-08-10 17:55:58,700 [trainer.py] => config: /home/team/zhaohongwei/Code/Research/Awesome-MMCL/configs/fecam/fecam_food_B0_Inc10.json
2026-08-10 17:55:58,700 [trainer.py] => prefix: -
2026-08-10 17:55:58,700 [trainer.py] => dataset: food101
2026-08-10 17:55:58,700 [trainer.py] => memory_size: 0
2026-08-10 17:55:58,701 [trainer.py] => memory_per_class: 0
2026-08-10 17:55:58,701 [trainer.py] => fixed_memory: False
2026-08-10 17:55:58,701 [trainer.py] => shuffle: True
2026-08-10 17:55:58,701 [trainer.py] => init_cls: 10
2026-08-10 17:55:58,701 [trainer.py] => increment: 10
2026-08-10 17:55:58,701 [trainer.py] => model_name: fecam
2026-08-10 17:55:58,701 [trainer.py] => backbone_type: clip
2026-08-10 17:55:58,701 [trainer.py] => clip_pretrained: /home/team/zhaohongwei/pretrained_models/open_clip_pytorch_model_laion400m_e32.bin
2026-08-10 17:55:58,701 [trainer.py] => device: [device(type='cuda', index=0)]
2026-08-10 17:55:58,701 [trainer.py] => seed: 0
2026-08-10 17:55:58,701 [trainer.py] => tuned_epoch: 20
2026-08-10 17:55:58,701 [trainer.py] => init_lr: 0.01
2026-08-10 17:55:58,701 [trainer.py] => batch_size: 48
2026-08-10 17:55:58,701 [trainer.py] => weight_decay: 0.0005
2026-08-10 17:55:58,701 [trainer.py] => min_lr: 0.0
2026-08-10 17:55:58,701 [trainer.py] => ffn_num: 64
2026-08-10 17:55:58,701 [trainer.py] => optimizer: sgd
2026-08-10 17:55:58,701 [trainer.py] => num_workers: 8
2026-08-10 17:55:58,701 [trainer.py] => fecam_alpha: 100.0
2026-08-10 17:55:58,701 [trainer.py] => maha_batch_size: 64
2026-08-10 17:55:58,701 [trainer.py] => total_class_num: 100
2026-08-10 17:55:59,019 [data_manager.py] => [26, 86, 2, 55, 75, 93, 16, 73, 54, 95, 53, 92, 78, 13, 7, 30, 22, 24, 33, 8, 43, 62, 3, 71, 45, 48, 6, 99, 82, 76, 60, 80, 90, 68, 51, 27, 18, 56, 63, 74, 1, 61, 42, 41, 4, 15, 17, 40, 38, 5, 91, 59, 0, 34, 28, 50, 11, 35, 23, 52, 10, 31, 66, 57, 79, 85, 32, 84, 14, 89, 19, 29, 49, 97, 98, 69, 20, 94, 72, 77, 25, 37, 81, 46, 39, 65, 58, 12, 88, 70, 87, 36, 21, 83, 9, 96, 67, 64, 47, 44]
2026-08-10 17:56:00,309 [instantiator.py] => Created a temporary directory at /tmp/tmp4vs2fw80
2026-08-10 17:56:00,309 [instantiator.py] => Writing /tmp/tmp4vs2fw80/_remote_module_non_scriptable.py
2026-08-10 17:56:00,441 [factory.py] => Loaded ViT-B-16 model config.
2026-08-10 17:56:01,945 [factory.py] => Loading pretrained ViT-B-16 weights (/home/team/zhaohongwei/pretrained_models/open_clip_pytorch_model_laion400m_e32.bin).
2026-08-10 17:56:03,514 [fecam.py] => Learning on 0-10
2026-08-10 17:56:03,524 [fecam.py] => FeCAM first-session trainable parameters: 1194752
2026-08-10 18:16:02,546 [fecam.py] => Using FeCAM Mahalanobis classifier
2026-08-10 18:16:09,116 [trainer.py] => CNN: {'total': 94.63, '00-09': 94.63, 'old': 0, 'new': 94.63, 'harmonic': 0.0}
2026-08-10 18:16:09,117 [trainer.py] => CNN top1 curve: [94.63]
2026-08-10 18:16:09,117 [trainer.py] => CNN top5 curve: [99.4]
2026-08-10 18:16:09,117 [trainer.py] => Average Accuracy (CNN top1): 94.63
2026-08-10 18:16:09,118 [fecam.py] => Learning on 10-20
2026-08-10 18:16:34,484 [fecam.py] => Using FeCAM Mahalanobis classifier
2026-08-10 18:16:47,134 [trainer.py] => CNN: {'total': 89.92, '00-09': 91.57, '10-19': 88.25, 'old': 91.57, 'new': 88.25, 'harmonic': 89.88}
2026-08-10 18:16:47,135 [trainer.py] => CNN top1 curve: [94.63, 89.92]
2026-08-10 18:16:47,135 [trainer.py] => CNN top5 curve: [99.4, 98.74]
2026-08-10 18:16:47,135 [trainer.py] => Average Accuracy (CNN top1): 92.275
2026-08-10 18:16:47,135 [fecam.py] => Learning on 20-30
2026-08-10 18:17:12,803 [fecam.py] => Using FeCAM Mahalanobis classifier
2026-08-10 18:17:32,153 [trainer.py] => CNN: {'total': 87.04, '00-09': 90.42, '10-19': 85.11, '20-29': 85.64, 'old': 87.77, 'new': 85.64, 'harmonic': 86.69}
2026-08-10 18:17:32,153 [trainer.py] => CNN top1 curve: [94.63, 89.92, 87.04]
2026-08-10 18:17:32,153 [trainer.py] => CNN top5 curve: [99.4, 98.74, 97.75]
2026-08-10 18:17:32,154 [trainer.py] => Average Accuracy (CNN top1): 90.53000000000002
2026-08-10 18:17:32,154 [fecam.py] => Learning on 30-40
2026-08-10 18:17:57,481 [fecam.py] => Using FeCAM Mahalanobis classifier
2026-08-10 18:18:22,847 [trainer.py] => CNN: {'total': 84.79, '00-09': 89.21, '10-19': 82.57, '20-29': 83.17, '30-39': 84.24, 'old': 84.97, 'new': 84.24, 'harmonic': 84.6}
2026-08-10 18:18:22,847 [trainer.py] => CNN top1 curve: [94.63, 89.92, 87.04, 84.79]
2026-08-10 18:18:22,847 [trainer.py] => CNN top5 curve: [99.4, 98.74, 97.75, 96.89]
2026-08-10 18:18:22,847 [trainer.py] => Average Accuracy (CNN top1): 89.09500000000001
2026-08-10 18:18:22,848 [fecam.py] => Learning on 40-50
2026-08-10 18:18:48,190 [fecam.py] => Using FeCAM Mahalanobis classifier
2026-08-10 18:19:20,299 [trainer.py] => CNN: {'total': 81.54, '00-09': 87.56, '10-19': 79.79, '20-29': 79.16, '30-39': 82.23, '40-49': 79.02, 'old': 82.16, 'new': 79.02, 'harmonic': 80.56}
2026-08-10 18:19:20,300 [trainer.py] => CNN top1 curve: [94.63, 89.92, 87.04, 84.79, 81.54]
2026-08-10 18:19:20,300 [trainer.py] => CNN top5 curve: [99.4, 98.74, 97.75, 96.89, 95.94]
2026-08-10 18:19:20,300 [trainer.py] => Average Accuracy (CNN top1): 87.58400000000002
2026-08-10 18:19:20,301 [fecam.py] => Learning on 50-60
2026-08-10 18:19:46,320 [fecam.py] => Using FeCAM Mahalanobis classifier
2026-08-10 18:20:24,208 [trainer.py] => CNN: {'total': 79.86, '00-09': 87.0, '10-19': 78.47, '20-29': 76.74, '30-39': 79.78, '40-49': 77.68, '50-59': 79.62, 'old': 79.91, 'new': 79.62, 'harmonic': 79.76}
2026-08-10 18:20:24,209 [trainer.py] => CNN top1 curve: [94.63, 89.92, 87.04, 84.79, 81.54, 79.86]
2026-08-10 18:20:24,209 [trainer.py] => CNN top5 curve: [99.4, 98.74, 97.75, 96.89, 95.94, 95.09]
2026-08-10 18:20:24,209 [trainer.py] => Average Accuracy (CNN top1): 86.29666666666668
2026-08-10 18:20:24,212 [fecam.py] => Learning on 60-70
2026-08-10 18:20:49,903 [fecam.py] => Using FeCAM Mahalanobis classifier
2026-08-10 18:21:33,516 [trainer.py] => CNN: {'total': 77.9, '00-09': 86.2, '10-19': 77.66, '20-29': 74.56, '30-39': 77.34, '40-49': 75.98, '50-59': 77.25, '60-69': 76.43, 'old': 78.14, 'new': 76.43, 'harmonic': 77.28}
2026-08-10 18:21:33,516 [trainer.py] => CNN top1 curve: [94.63, 89.92, 87.04, 84.79, 81.54, 79.86, 77.9]
2026-08-10 18:21:33,516 [trainer.py] => CNN top5 curve: [99.4, 98.74, 97.75, 96.89, 95.94, 95.09, 94.3]
2026-08-10 18:21:33,516 [trainer.py] => Average Accuracy (CNN top1): 85.09714285714287
2026-08-10 18:21:33,517 [fecam.py] => Learning on 70-80
2026-08-10 18:21:59,109 [fecam.py] => Using FeCAM Mahalanobis classifier
2026-08-10 18:22:48,754 [trainer.py] => CNN: {'total': 76.93, '00-09': 85.15, '10-19': 76.85, '20-29': 74.37, '30-39': 76.6, '40-49': 73.99, '50-59': 76.2, '60-69': 74.27, '70-79': 78.16, 'old': 76.76, 'new': 78.16, 'harmonic': 77.45}
2026-08-10 18:22:48,755 [trainer.py] => CNN top1 curve: [94.63, 89.92, 87.04, 84.79, 81.54, 79.86, 77.9, 76.93]
2026-08-10 18:22:48,755 [trainer.py] => CNN top5 curve: [99.4, 98.74, 97.75, 96.89, 95.94, 95.09, 94.3, 93.74]
2026-08-10 18:22:48,755 [trainer.py] => Average Accuracy (CNN top1): 84.07625000000002
2026-08-10 18:22:48,756 [fecam.py] => Learning on 80-90
2026-08-10 18:23:14,480 [fecam.py] => Using FeCAM Mahalanobis classifier
2026-08-10 18:24:09,970 [trainer.py] => CNN: {'total': 75.6, '00-09': 82.74, '10-19': 75.53, '20-29': 72.39, '30-39': 75.97, '40-49': 73.14, '50-59': 75.44, '60-69': 73.77, '70-79': 76.3, '80-89': 75.3, 'old': 75.64, 'new': 75.3, 'harmonic': 75.47}
2026-08-10 18:24:09,970 [trainer.py] => CNN top1 curve: [94.63, 89.92, 87.04, 84.79, 81.54, 79.86, 77.9, 76.93, 75.6]
2026-08-10 18:24:09,970 [trainer.py] => CNN top5 curve: [99.4, 98.74, 97.75, 96.89, 95.94, 95.09, 94.3, 93.74, 92.93]
2026-08-10 18:24:09,971 [trainer.py] => Average Accuracy (CNN top1): 83.13444444444445
2026-08-10 18:24:09,972 [fecam.py] => Learning on 90-100
2026-08-10 18:24:35,325 [fecam.py] => Using FeCAM Mahalanobis classifier
2026-08-10 18:25:37,066 [trainer.py] => CNN: {'total': 74.26, '00-09': 81.99, '10-19': 74.77, '20-29': 71.52, '30-39': 75.18, '40-49': 72.45, '50-59': 74.84, '60-69': 71.61, '70-79': 73.98, '80-89': 74.7, '90-99': 71.72, 'old': 74.55, 'new': 71.72, 'harmonic': 73.11}
2026-08-10 18:25:37,067 [trainer.py] => CNN top1 curve: [94.63, 89.92, 87.04, 84.79, 81.54, 79.86, 77.9, 76.93, 75.6, 74.26]
2026-08-10 18:25:37,067 [trainer.py] => CNN top5 curve: [99.4, 98.74, 97.75, 96.89, 95.94, 95.09, 94.3, 93.74, 92.93, 92.05]
2026-08-10 18:25:37,067 [trainer.py] => Average Accuracy (CNN top1): 82.24700000000001
