2026-08-10 18:25:39,957 [trainer.py] => config: /home/team/zhaohongwei/Code/Research/Awesome-MMCL/configs/fecam/fecam_food_B50_Inc10.json
2026-08-10 18:25:39,957 [trainer.py] => prefix: -
2026-08-10 18:25:39,957 [trainer.py] => dataset: food101
2026-08-10 18:25:39,957 [trainer.py] => memory_size: 0
2026-08-10 18:25:39,957 [trainer.py] => memory_per_class: 0
2026-08-10 18:25:39,957 [trainer.py] => fixed_memory: False
2026-08-10 18:25:39,957 [trainer.py] => shuffle: True
2026-08-10 18:25:39,957 [trainer.py] => init_cls: 50
2026-08-10 18:25:39,957 [trainer.py] => increment: 10
2026-08-10 18:25:39,957 [trainer.py] => model_name: fecam
2026-08-10 18:25:39,957 [trainer.py] => backbone_type: clip
2026-08-10 18:25:39,957 [trainer.py] => clip_pretrained: /home/team/zhaohongwei/pretrained_models/open_clip_pytorch_model_laion400m_e32.bin
2026-08-10 18:25:39,958 [trainer.py] => device: [device(type='cuda', index=0)]
2026-08-10 18:25:39,958 [trainer.py] => seed: 0
2026-08-10 18:25:39,958 [trainer.py] => tuned_epoch: 20
2026-08-10 18:25:39,958 [trainer.py] => init_lr: 0.01
2026-08-10 18:25:39,958 [trainer.py] => batch_size: 48
2026-08-10 18:25:39,958 [trainer.py] => weight_decay: 0.0005
2026-08-10 18:25:39,958 [trainer.py] => min_lr: 0.0
2026-08-10 18:25:39,958 [trainer.py] => ffn_num: 64
2026-08-10 18:25:39,958 [trainer.py] => optimizer: sgd
2026-08-10 18:25:39,958 [trainer.py] => num_workers: 8
2026-08-10 18:25:39,958 [trainer.py] => fecam_alpha: 100.0
2026-08-10 18:25:39,958 [trainer.py] => maha_batch_size: 64
2026-08-10 18:25:39,958 [trainer.py] => total_class_num: 100
2026-08-10 18:25:40,277 [data_manager.py] => [26, 86, 2, 55, 75, 93, 16, 73, 54, 95, 53, 92, 78, 13, 7, 30, 22, 24, 33, 8, 43, 62, 3, 71, 45, 48, 6, 99, 82, 76, 60, 80, 90, 68, 51, 27, 18, 56, 63, 74, 1, 61, 42, 41, 4, 15, 17, 40, 38, 5, 91, 59, 0, 34, 28, 50, 11, 35, 23, 52, 10, 31, 66, 57, 79, 85, 32, 84, 14, 89, 19, 29, 49, 97, 98, 69, 20, 94, 72, 77, 25, 37, 81, 46, 39, 65, 58, 12, 88, 70, 87, 36, 21, 83, 9, 96, 67, 64, 47, 44]
2026-08-10 18:25:41,581 [instantiator.py] => Created a temporary directory at /tmp/tmpfq0e4akt
2026-08-10 18:25:41,581 [instantiator.py] => Writing /tmp/tmpfq0e4akt/_remote_module_non_scriptable.py
2026-08-10 18:25:41,715 [factory.py] => Loaded ViT-B-16 model config.
2026-08-10 18:25:43,128 [factory.py] => Loading pretrained ViT-B-16 weights (/home/team/zhaohongwei/pretrained_models/open_clip_pytorch_model_laion400m_e32.bin).
2026-08-10 18:25:44,673 [fecam.py] => Learning on 0-50
2026-08-10 18:25:44,714 [fecam.py] => FeCAM first-session trainable parameters: 1215232
2026-08-10 20:04:34,838 [fecam.py] => Using FeCAM Mahalanobis classifier
2026-08-10 20:05:06,242 [trainer.py] => CNN: {'total': 80.32, '00-09': 82.74, '10-19': 79.48, '20-29': 80.22, '30-39': 80.91, '40-49': 78.23, 'old': 0, 'new': 80.32, 'harmonic': 0.0}
2026-08-10 20:05:06,242 [trainer.py] => CNN top1 curve: [80.32]
2026-08-10 20:05:06,242 [trainer.py] => CNN top5 curve: [95.15]
2026-08-10 20:05:06,242 [trainer.py] => Average Accuracy (CNN top1): 80.32
2026-08-10 20:05:06,243 [fecam.py] => Learning on 50-60
2026-08-10 20:05:31,643 [fecam.py] => Using FeCAM Mahalanobis classifier
2026-08-10 20:06:09,254 [trainer.py] => CNN: {'total': 77.07, '00-09': 82.34, '10-19': 78.72, '20-29': 78.14, '30-39': 78.51, '40-49': 77.63, '50-59': 66.99, 'old': 79.06, 'new': 66.99, 'harmonic': 72.53}
2026-08-10 20:06:09,254 [trainer.py] => CNN top1 curve: [80.32, 77.07]
2026-08-10 20:06:09,254 [trainer.py] => CNN top5 curve: [95.15, 93.56]
2026-08-10 20:06:09,254 [trainer.py] => Average Accuracy (CNN top1): 78.695
2026-08-10 20:06:09,255 [fecam.py] => Learning on 60-70
2026-08-10 20:06:34,571 [fecam.py] => Using FeCAM Mahalanobis classifier
2026-08-10 20:07:18,585 [trainer.py] => CNN: {'total': 74.36, '00-09': 80.53, '10-19': 78.17, '20-29': 76.64, '30-39': 77.58, '40-49': 76.23, '50-59': 64.92, '60-69': 66.25, 'old': 75.7, 'new': 66.25, 'harmonic': 70.66}
2026-08-10 20:07:18,586 [trainer.py] => CNN top1 curve: [80.32, 77.07, 74.36]
2026-08-10 20:07:18,586 [trainer.py] => CNN top5 curve: [95.15, 93.56, 92.06]
2026-08-10 20:07:18,586 [trainer.py] => Average Accuracy (CNN top1): 77.25
2026-08-10 20:07:18,587 [fecam.py] => Learning on 70-80
2026-08-10 20:07:44,404 [fecam.py] => Using FeCAM Mahalanobis classifier
2026-08-10 20:08:33,928 [trainer.py] => CNN: {'total': 72.77, '00-09': 79.58, '10-19': 77.36, '20-29': 76.5, '30-39': 76.99, '40-49': 74.44, '50-59': 63.26, '60-69': 64.64, '70-79': 69.08, 'old': 73.28, 'new': 69.08, 'harmonic': 71.12}
2026-08-10 20:08:33,928 [trainer.py] => CNN top1 curve: [80.32, 77.07, 74.36, 72.77]
2026-08-10 20:08:33,928 [trainer.py] => CNN top5 curve: [95.15, 93.56, 92.06, 91.06]
2026-08-10 20:08:33,928 [trainer.py] => Average Accuracy (CNN top1): 76.13
2026-08-10 20:08:33,929 [fecam.py] => Learning on 80-90
2026-08-10 20:08:59,435 [fecam.py] => Using FeCAM Mahalanobis classifier
2026-08-10 20:09:55,088 [trainer.py] => CNN: {'total': 71.25, '00-09': 77.02, '10-19': 76.04, '20-29': 74.81, '30-39': 76.36, '40-49': 74.04, '50-59': 62.36, '60-69': 64.19, '70-79': 67.22, '80-89': 68.83, 'old': 71.55, 'new': 68.83, 'harmonic': 70.16}
2026-08-10 20:09:55,088 [trainer.py] => CNN top1 curve: [80.32, 77.07, 74.36, 72.77, 71.25]
2026-08-10 20:09:55,088 [trainer.py] => CNN top5 curve: [95.15, 93.56, 92.06, 91.06, 90.14]
2026-08-10 20:09:55,088 [trainer.py] => Average Accuracy (CNN top1): 75.154
2026-08-10 20:09:55,089 [fecam.py] => Learning on 90-100
2026-08-10 20:10:20,256 [fecam.py] => Using FeCAM Mahalanobis classifier
2026-08-10 20:11:21,895 [trainer.py] => CNN: {'total': 69.43, '00-09': 76.17, '10-19': 75.03, '20-29': 73.21, '30-39': 75.58, '40-49': 73.29, '50-59': 61.6, '60-69': 62.34, '70-79': 63.91, '80-89': 68.52, '90-99': 64.34, 'old': 70.01, 'new': 64.34, 'harmonic': 67.06}
2026-08-10 20:11:21,896 [trainer.py] => CNN top1 curve: [80.32, 77.07, 74.36, 72.77, 71.25, 69.43]
2026-08-10 20:11:21,896 [trainer.py] => CNN top5 curve: [95.15, 93.56, 92.06, 91.06, 90.14, 88.94]
2026-08-10 20:11:21,896 [trainer.py] => Average Accuracy (CNN top1): 74.2
