2026-08-10 17:55:07,940 [trainer.py] => config: /home/team/zhaohongwei/Code/Research/Awesome-MMCL/configs/fecam/fecam_food_B0_Inc10.json
2026-08-10 17:55:07,940 [trainer.py] => prefix: -
2026-08-10 17:55:07,940 [trainer.py] => dataset: food101
2026-08-10 17:55:07,940 [trainer.py] => memory_size: 0
2026-08-10 17:55:07,940 [trainer.py] => memory_per_class: 0
2026-08-10 17:55:07,941 [trainer.py] => fixed_memory: False
2026-08-10 17:55:07,941 [trainer.py] => shuffle: True
2026-08-10 17:55:07,941 [trainer.py] => init_cls: 10
2026-08-10 17:55:07,941 [trainer.py] => increment: 10
2026-08-10 17:55:07,941 [trainer.py] => model_name: fecam
2026-08-10 17:55:07,941 [trainer.py] => backbone_type: clip
2026-08-10 17:55:07,941 [trainer.py] => clip_pretrained: /home/team/zhaohongwei/pretrained_models/open_clip_pytorch_model_laion400m_e32.bin
2026-08-10 17:55:07,941 [trainer.py] => device: [device(type='cuda', index=0)]
2026-08-10 17:55:07,941 [trainer.py] => seed: 42
2026-08-10 17:55:07,941 [trainer.py] => tuned_epoch: 20
2026-08-10 17:55:07,941 [trainer.py] => init_lr: 0.01
2026-08-10 17:55:07,941 [trainer.py] => batch_size: 48
2026-08-10 17:55:07,941 [trainer.py] => weight_decay: 0.0005
2026-08-10 17:55:07,941 [trainer.py] => min_lr: 0.0
2026-08-10 17:55:07,941 [trainer.py] => ffn_num: 64
2026-08-10 17:55:07,941 [trainer.py] => optimizer: sgd
2026-08-10 17:55:07,941 [trainer.py] => num_workers: 8
2026-08-10 17:55:07,941 [trainer.py] => fecam_alpha: 100.0
2026-08-10 17:55:07,941 [trainer.py] => maha_batch_size: 64
2026-08-10 17:55:07,941 [trainer.py] => total_class_num: 100
2026-08-10 17:55:08,262 [data_manager.py] => [83, 53, 70, 45, 44, 39, 22, 80, 10, 0, 18, 30, 73, 33, 90, 4, 76, 77, 12, 31, 55, 88, 26, 42, 69, 15, 40, 96, 9, 72, 11, 47, 85, 28, 93, 5, 66, 65, 35, 16, 49, 34, 7, 95, 27, 19, 81, 25, 62, 13, 24, 3, 17, 38, 8, 78, 6, 64, 36, 89, 56, 99, 54, 43, 50, 67, 46, 68, 61, 97, 79, 41, 58, 48, 98, 57, 75, 32, 94, 59, 63, 84, 37, 29, 1, 52, 21, 2, 23, 87, 91, 74, 86, 82, 20, 60, 71, 14, 92, 51]
2026-08-10 17:55:09,563 [instantiator.py] => Created a temporary directory at /tmp/tmptsgoynd_
2026-08-10 17:55:09,563 [instantiator.py] => Writing /tmp/tmptsgoynd_/_remote_module_non_scriptable.py
2026-08-10 17:55:09,695 [factory.py] => Loaded ViT-B-16 model config.
2026-08-10 17:55:11,090 [factory.py] => Loading pretrained ViT-B-16 weights (/home/team/zhaohongwei/pretrained_models/open_clip_pytorch_model_laion400m_e32.bin).
2026-08-10 17:55:12,624 [fecam.py] => Learning on 0-10
2026-08-10 17:55:12,633 [fecam.py] => FeCAM first-session trainable parameters: 1194752
2026-08-10 18:14:58,269 [fecam.py] => Using FeCAM Mahalanobis classifier
2026-08-10 18:15:05,091 [trainer.py] => CNN: {'total': 91.35, '00-09': 91.35, 'old': 0, 'new': 91.35, 'harmonic': 0.0}
2026-08-10 18:15:05,091 [trainer.py] => CNN top1 curve: [91.35]
2026-08-10 18:15:05,091 [trainer.py] => CNN top5 curve: [99.86]
2026-08-10 18:15:05,091 [trainer.py] => Average Accuracy (CNN top1): 91.35
2026-08-10 18:15:05,093 [fecam.py] => Learning on 10-20
2026-08-10 18:15:30,888 [fecam.py] => Using FeCAM Mahalanobis classifier
2026-08-10 18:15:43,652 [trainer.py] => CNN: {'total': 86.89, '00-09': 87.39, '10-19': 86.35, 'old': 87.39, 'new': 86.35, 'harmonic': 86.87}
2026-08-10 18:15:43,652 [trainer.py] => CNN top1 curve: [91.35, 86.89]
2026-08-10 18:15:43,652 [trainer.py] => CNN top5 curve: [99.86, 98.46]
2026-08-10 18:15:43,652 [trainer.py] => Average Accuracy (CNN top1): 89.12
2026-08-10 18:15:43,653 [fecam.py] => Learning on 20-30
2026-08-10 18:16:09,076 [fecam.py] => Using FeCAM Mahalanobis classifier
2026-08-10 18:16:27,731 [trainer.py] => CNN: {'total': 85.2, '00-09': 86.28, '10-19': 84.4, '20-29': 84.85, 'old': 85.37, 'new': 84.85, 'harmonic': 85.11}
2026-08-10 18:16:27,731 [trainer.py] => CNN top1 curve: [91.35, 86.89, 85.2]
2026-08-10 18:16:27,731 [trainer.py] => CNN top5 curve: [99.86, 98.46, 97.14]
2026-08-10 18:16:27,731 [trainer.py] => Average Accuracy (CNN top1): 87.81333333333333
2026-08-10 18:16:27,732 [fecam.py] => Learning on 30-40
2026-08-10 18:16:52,820 [fecam.py] => Using FeCAM Mahalanobis classifier
2026-08-10 18:17:17,956 [trainer.py] => CNN: {'total': 81.84, '00-09': 85.6, '10-19': 81.48, '20-29': 82.0, '30-39': 78.26, 'old': 83.08, 'new': 78.26, 'harmonic': 80.6}
2026-08-10 18:17:17,957 [trainer.py] => CNN top1 curve: [91.35, 86.89, 85.2, 81.84]
2026-08-10 18:17:17,957 [trainer.py] => CNN top5 curve: [99.86, 98.46, 97.14, 95.99]
2026-08-10 18:17:17,957 [trainer.py] => Average Accuracy (CNN top1): 86.32
2026-08-10 18:17:17,958 [fecam.py] => Learning on 40-50
2026-08-10 18:17:43,141 [fecam.py] => Using FeCAM Mahalanobis classifier
2026-08-10 18:18:14,103 [trainer.py] => CNN: {'total': 80.09, '00-09': 84.64, '10-19': 79.84, '20-29': 80.11, '30-39': 75.94, '40-49': 79.88, 'old': 80.14, 'new': 79.88, 'harmonic': 80.01}
2026-08-10 18:18:14,104 [trainer.py] => CNN top1 curve: [91.35, 86.89, 85.2, 81.84, 80.09]
2026-08-10 18:18:14,104 [trainer.py] => CNN top5 curve: [99.86, 98.46, 97.14, 95.99, 95.04]
2026-08-10 18:18:14,104 [trainer.py] => Average Accuracy (CNN top1): 85.074
2026-08-10 18:18:14,105 [fecam.py] => Learning on 50-60
2026-08-10 18:18:39,405 [fecam.py] => Using FeCAM Mahalanobis classifier
2026-08-10 18:19:16,457 [trainer.py] => CNN: {'total': 77.92, '00-09': 82.66, '10-19': 77.99, '20-29': 78.07, '30-39': 74.98, '40-49': 78.54, '50-59': 75.2, 'old': 78.46, 'new': 75.2, 'harmonic': 76.8}
2026-08-10 18:19:16,457 [trainer.py] => CNN top1 curve: [91.35, 86.89, 85.2, 81.84, 80.09, 77.92]
2026-08-10 18:19:16,457 [trainer.py] => CNN top5 curve: [99.86, 98.46, 97.14, 95.99, 95.04, 94.03]
2026-08-10 18:19:16,457 [trainer.py] => Average Accuracy (CNN top1): 83.88166666666667
2026-08-10 18:19:16,458 [fecam.py] => Learning on 60-70
2026-08-10 18:19:42,421 [fecam.py] => Using FeCAM Mahalanobis classifier
2026-08-10 18:20:26,576 [trainer.py] => CNN: {'total': 75.66, '00-09': 82.17, '10-19': 76.76, '20-29': 76.44, '30-39': 73.53, '40-49': 77.65, '50-59': 73.99, '60-69': 68.97, 'old': 76.78, 'new': 68.97, 'harmonic': 72.67}
2026-08-10 18:20:26,576 [trainer.py] => CNN top1 curve: [91.35, 86.89, 85.2, 81.84, 80.09, 77.92, 75.66]
2026-08-10 18:20:26,576 [trainer.py] => CNN top5 curve: [99.86, 98.46, 97.14, 95.99, 95.04, 94.03, 92.98]
2026-08-10 18:20:26,576 [trainer.py] => Average Accuracy (CNN top1): 82.70714285714287
2026-08-10 18:20:26,577 [fecam.py] => Learning on 70-80
2026-08-10 18:20:52,973 [fecam.py] => Using FeCAM Mahalanobis classifier
2026-08-10 18:21:42,078 [trainer.py] => CNN: {'total': 74.2, '00-09': 80.24, '10-19': 76.24, '20-29': 76.34, '30-39': 71.84, '40-49': 76.16, '50-59': 73.04, '60-69': 68.33, '70-79': 71.28, 'old': 74.6, 'new': 71.28, 'harmonic': 72.9}
2026-08-10 18:21:42,078 [trainer.py] => CNN top1 curve: [91.35, 86.89, 85.2, 81.84, 80.09, 77.92, 75.66, 74.2]
2026-08-10 18:21:42,078 [trainer.py] => CNN top5 curve: [99.86, 98.46, 97.14, 95.99, 95.04, 94.03, 92.98, 92.23]
2026-08-10 18:21:42,079 [trainer.py] => Average Accuracy (CNN top1): 81.64375000000001
2026-08-10 18:21:42,080 [fecam.py] => Learning on 80-90
2026-08-10 18:22:07,547 [fecam.py] => Using FeCAM Mahalanobis classifier
2026-08-10 18:23:02,877 [trainer.py] => CNN: {'total': 73.12, '00-09': 78.6, '10-19': 75.12, '20-29': 75.73, '30-39': 69.42, '40-49': 76.02, '50-59': 71.98, '60-69': 67.78, '70-79': 70.55, '80-89': 72.81, 'old': 73.16, 'new': 72.81, 'harmonic': 72.98}
2026-08-10 18:23:02,878 [trainer.py] => CNN top1 curve: [91.35, 86.89, 85.2, 81.84, 80.09, 77.92, 75.66, 74.2, 73.12]
2026-08-10 18:23:02,878 [trainer.py] => CNN top5 curve: [99.86, 98.46, 97.14, 95.99, 95.04, 94.03, 92.98, 92.23, 91.49]
2026-08-10 18:23:02,878 [trainer.py] => Average Accuracy (CNN top1): 80.69666666666667
2026-08-10 18:23:02,879 [fecam.py] => Learning on 90-100
2026-08-10 18:23:27,960 [fecam.py] => Using FeCAM Mahalanobis classifier
2026-08-10 18:24:29,391 [trainer.py] => CNN: {'total': 72.58, '00-09': 78.26, '10-19': 73.94, '20-29': 75.52, '30-39': 68.02, '40-49': 74.73, '50-59': 71.63, '60-69': 67.48, '70-79': 70.14, '80-89': 71.44, '90-99': 74.5, 'old': 72.36, 'new': 74.5, 'harmonic': 73.41}
2026-08-10 18:24:29,391 [trainer.py] => CNN top1 curve: [91.35, 86.89, 85.2, 81.84, 80.09, 77.92, 75.66, 74.2, 73.12, 72.58]
2026-08-10 18:24:29,391 [trainer.py] => CNN top5 curve: [99.86, 98.46, 97.14, 95.99, 95.04, 94.03, 92.98, 92.23, 91.49, 91.04]
2026-08-10 18:24:29,392 [trainer.py] => Average Accuracy (CNN top1): 79.88500000000002
