2026-08-10 18:24:32,286 [trainer.py] => config: /home/team/zhaohongwei/Code/Research/Awesome-MMCL/configs/fecam/fecam_food_B50_Inc10.json
2026-08-10 18:24:32,286 [trainer.py] => prefix: -
2026-08-10 18:24:32,286 [trainer.py] => dataset: food101
2026-08-10 18:24:32,286 [trainer.py] => memory_size: 0
2026-08-10 18:24:32,287 [trainer.py] => memory_per_class: 0
2026-08-10 18:24:32,287 [trainer.py] => fixed_memory: False
2026-08-10 18:24:32,287 [trainer.py] => shuffle: True
2026-08-10 18:24:32,287 [trainer.py] => init_cls: 50
2026-08-10 18:24:32,287 [trainer.py] => increment: 10
2026-08-10 18:24:32,287 [trainer.py] => model_name: fecam
2026-08-10 18:24:32,287 [trainer.py] => backbone_type: clip
2026-08-10 18:24:32,287 [trainer.py] => clip_pretrained: /home/team/zhaohongwei/pretrained_models/open_clip_pytorch_model_laion400m_e32.bin
2026-08-10 18:24:32,287 [trainer.py] => device: [device(type='cuda', index=0)]
2026-08-10 18:24:32,287 [trainer.py] => seed: 42
2026-08-10 18:24:32,287 [trainer.py] => tuned_epoch: 20
2026-08-10 18:24:32,287 [trainer.py] => init_lr: 0.01
2026-08-10 18:24:32,287 [trainer.py] => batch_size: 48
2026-08-10 18:24:32,287 [trainer.py] => weight_decay: 0.0005
2026-08-10 18:24:32,287 [trainer.py] => min_lr: 0.0
2026-08-10 18:24:32,287 [trainer.py] => ffn_num: 64
2026-08-10 18:24:32,287 [trainer.py] => optimizer: sgd
2026-08-10 18:24:32,287 [trainer.py] => num_workers: 8
2026-08-10 18:24:32,287 [trainer.py] => fecam_alpha: 100.0
2026-08-10 18:24:32,287 [trainer.py] => maha_batch_size: 64
2026-08-10 18:24:32,287 [trainer.py] => total_class_num: 100
2026-08-10 18:24:32,600 [data_manager.py] => [83, 53, 70, 45, 44, 39, 22, 80, 10, 0, 18, 30, 73, 33, 90, 4, 76, 77, 12, 31, 55, 88, 26, 42, 69, 15, 40, 96, 9, 72, 11, 47, 85, 28, 93, 5, 66, 65, 35, 16, 49, 34, 7, 95, 27, 19, 81, 25, 62, 13, 24, 3, 17, 38, 8, 78, 6, 64, 36, 89, 56, 99, 54, 43, 50, 67, 46, 68, 61, 97, 79, 41, 58, 48, 98, 57, 75, 32, 94, 59, 63, 84, 37, 29, 1, 52, 21, 2, 23, 87, 91, 74, 86, 82, 20, 60, 71, 14, 92, 51]
2026-08-10 18:24:33,919 [instantiator.py] => Created a temporary directory at /tmp/tmp51nfgvlx
2026-08-10 18:24:33,919 [instantiator.py] => Writing /tmp/tmp51nfgvlx/_remote_module_non_scriptable.py
2026-08-10 18:24:34,054 [factory.py] => Loaded ViT-B-16 model config.
2026-08-10 18:24:35,480 [factory.py] => Loading pretrained ViT-B-16 weights (/home/team/zhaohongwei/pretrained_models/open_clip_pytorch_model_laion400m_e32.bin).
2026-08-10 18:24:37,067 [fecam.py] => Learning on 0-50
2026-08-10 18:24:37,111 [fecam.py] => FeCAM first-session trainable parameters: 1215232
2026-08-10 20:02:49,615 [fecam.py] => Using FeCAM Mahalanobis classifier
2026-08-10 20:03:20,538 [trainer.py] => CNN: {'total': 78.99, '00-09': 75.36, '10-19': 81.58, '20-29': 80.57, '30-39': 77.83, '40-49': 79.88, 'old': 0, 'new': 78.99, 'harmonic': 0.0}
2026-08-10 20:03:20,538 [trainer.py] => CNN top1 curve: [78.99]
2026-08-10 20:03:20,538 [trainer.py] => CNN top5 curve: [94.35]
2026-08-10 20:03:20,538 [trainer.py] => Average Accuracy (CNN top1): 78.99
2026-08-10 20:03:20,539 [fecam.py] => Learning on 50-60
2026-08-10 20:03:46,284 [fecam.py] => Using FeCAM Mahalanobis classifier
2026-08-10 20:04:23,446 [trainer.py] => CNN: {'total': 75.36, '00-09': 73.19, '10-19': 79.43, '20-29': 78.99, '30-39': 76.91, '40-49': 78.74, '50-59': 64.99, 'old': 77.4, 'new': 64.99, 'harmonic': 70.65}
2026-08-10 20:04:23,446 [trainer.py] => CNN top1 curve: [78.99, 75.36]
2026-08-10 20:04:23,446 [trainer.py] => CNN top5 curve: [94.35, 92.51]
2026-08-10 20:04:23,446 [trainer.py] => Average Accuracy (CNN top1): 77.175
2026-08-10 20:04:23,447 [fecam.py] => Learning on 60-70
2026-08-10 20:04:48,591 [fecam.py] => Using FeCAM Mahalanobis classifier
2026-08-10 20:05:31,773 [trainer.py] => CNN: {'total': 71.67, '00-09': 72.85, '10-19': 78.6, '20-29': 77.36, '30-39': 76.23, '40-49': 77.4, '50-59': 63.33, '60-69': 55.93, 'old': 74.29, 'new': 55.93, 'harmonic': 63.82}
2026-08-10 20:05:31,773 [trainer.py] => CNN top1 curve: [78.99, 75.36, 71.67]
2026-08-10 20:05:31,773 [trainer.py] => CNN top5 curve: [94.35, 92.51, 90.39]
2026-08-10 20:05:31,773 [trainer.py] => Average Accuracy (CNN top1): 75.33999999999999
2026-08-10 20:05:31,774 [fecam.py] => Learning on 70-80
2026-08-10 20:05:57,276 [fecam.py] => Using FeCAM Mahalanobis classifier
2026-08-10 20:06:46,455 [trainer.py] => CNN: {'total': 69.0, '00-09': 70.58, '10-19': 78.04, '20-29': 76.95, '30-39': 74.44, '40-49': 75.67, '50-59': 61.92, '60-69': 55.28, '70-79': 58.84, 'old': 70.39, 'new': 58.84, 'harmonic': 64.1}
2026-08-10 20:06:46,456 [trainer.py] => CNN top1 curve: [78.99, 75.36, 71.67, 69.0]
2026-08-10 20:06:46,456 [trainer.py] => CNN top5 curve: [94.35, 92.51, 90.39, 88.85]
2026-08-10 20:06:46,456 [trainer.py] => Average Accuracy (CNN top1): 73.755
2026-08-10 20:06:46,457 [fecam.py] => Learning on 80-90
2026-08-10 20:07:11,750 [fecam.py] => Using FeCAM Mahalanobis classifier
2026-08-10 20:08:06,926 [trainer.py] => CNN: {'total': 67.62, '00-09': 69.18, '10-19': 76.76, '20-29': 76.54, '30-39': 72.32, '40-49': 75.62, '50-59': 60.87, '60-69': 54.38, '70-79': 57.75, '80-89': 64.92, 'old': 67.95, 'new': 64.92, 'harmonic': 66.4}
2026-08-10 20:08:06,926 [trainer.py] => CNN top1 curve: [78.99, 75.36, 71.67, 69.0, 67.62]
2026-08-10 20:08:06,926 [trainer.py] => CNN top5 curve: [94.35, 92.51, 90.39, 88.85, 88.02]
2026-08-10 20:08:06,926 [trainer.py] => Average Accuracy (CNN top1): 72.52799999999999
2026-08-10 20:08:06,927 [fecam.py] => Learning on 90-100
2026-08-10 20:08:32,227 [fecam.py] => Using FeCAM Mahalanobis classifier
2026-08-10 20:09:33,453 [trainer.py] => CNN: {'total': 66.26, '00-09': 68.7, '10-19': 74.91, '20-29': 75.93, '30-39': 71.5, '40-49': 74.53, '50-59': 60.01, '60-69': 54.03, '70-79': 56.77, '80-89': 64.31, '90-99': 61.75, 'old': 66.78, 'new': 61.75, 'harmonic': 64.17}
2026-08-10 20:09:33,453 [trainer.py] => CNN top1 curve: [78.99, 75.36, 71.67, 69.0, 67.62, 66.26]
2026-08-10 20:09:33,453 [trainer.py] => CNN top5 curve: [94.35, 92.51, 90.39, 88.85, 88.02, 87.23]
2026-08-10 20:09:33,453 [trainer.py] => Average Accuracy (CNN top1): 71.48333333333333
