2026-08-10 18:13:49,545 [trainer.py] => config: /home/team/zhaohongwei/Code/Research/Awesome-MMCL/configs/fecam/fecam_food_B0_Inc10.json
2026-08-10 18:13:49,545 [trainer.py] => prefix: -
2026-08-10 18:13:49,545 [trainer.py] => dataset: food101
2026-08-10 18:13:49,545 [trainer.py] => memory_size: 0
2026-08-10 18:13:49,545 [trainer.py] => memory_per_class: 0
2026-08-10 18:13:49,545 [trainer.py] => fixed_memory: False
2026-08-10 18:13:49,545 [trainer.py] => shuffle: True
2026-08-10 18:13:49,545 [trainer.py] => init_cls: 10
2026-08-10 18:13:49,545 [trainer.py] => increment: 10
2026-08-10 18:13:49,545 [trainer.py] => model_name: fecam
2026-08-10 18:13:49,545 [trainer.py] => backbone_type: clip
2026-08-10 18:13:49,545 [trainer.py] => clip_pretrained: /home/team/zhaohongwei/pretrained_models/open_clip_pytorch_model_laion400m_e32.bin
2026-08-10 18:13:49,545 [trainer.py] => device: [device(type='cuda', index=0)]
2026-08-10 18:13:49,546 [trainer.py] => seed: 1993
2026-08-10 18:13:49,546 [trainer.py] => tuned_epoch: 20
2026-08-10 18:13:49,546 [trainer.py] => init_lr: 0.01
2026-08-10 18:13:49,546 [trainer.py] => batch_size: 48
2026-08-10 18:13:49,546 [trainer.py] => weight_decay: 0.0005
2026-08-10 18:13:49,546 [trainer.py] => min_lr: 0.0
2026-08-10 18:13:49,546 [trainer.py] => ffn_num: 64
2026-08-10 18:13:49,546 [trainer.py] => optimizer: sgd
2026-08-10 18:13:49,546 [trainer.py] => num_workers: 8
2026-08-10 18:13:49,546 [trainer.py] => fecam_alpha: 100.0
2026-08-10 18:13:49,546 [trainer.py] => maha_batch_size: 64
2026-08-10 18:13:49,546 [trainer.py] => total_class_num: 100
2026-08-10 18:13:49,864 [data_manager.py] => [68, 56, 78, 8, 23, 84, 90, 65, 74, 76, 40, 89, 3, 92, 55, 9, 26, 80, 43, 38, 58, 70, 77, 1, 85, 19, 17, 50, 28, 53, 13, 81, 45, 82, 6, 59, 83, 16, 15, 44, 91, 41, 72, 60, 79, 52, 20, 10, 31, 54, 37, 95, 14, 71, 96, 98, 97, 2, 64, 66, 42, 22, 35, 86, 24, 34, 87, 21, 99, 0, 88, 27, 18, 94, 11, 12, 47, 25, 30, 46, 62, 69, 36, 61, 7, 63, 75, 5, 32, 4, 51, 48, 73, 93, 39, 67, 29, 49, 57, 33]
2026-08-10 18:13:51,393 [instantiator.py] => Created a temporary directory at /tmp/tmp2kz_ua9k
2026-08-10 18:13:51,393 [instantiator.py] => Writing /tmp/tmp2kz_ua9k/_remote_module_non_scriptable.py
2026-08-10 18:13:51,528 [factory.py] => Loaded ViT-B-16 model config.
2026-08-10 18:13:53,088 [factory.py] => Loading pretrained ViT-B-16 weights (/home/team/zhaohongwei/pretrained_models/open_clip_pytorch_model_laion400m_e32.bin).
2026-08-10 18:13:54,635 [fecam.py] => Learning on 0-10
2026-08-10 18:13:54,645 [fecam.py] => FeCAM first-session trainable parameters: 1194752
2026-08-10 18:36:33,233 [fecam.py] => Using FeCAM Mahalanobis classifier
2026-08-10 18:36:41,428 [trainer.py] => CNN: {'total': 95.59, '00-09': 95.59, 'old': 0, 'new': 95.59, 'harmonic': 0.0}
2026-08-10 18:36:41,428 [trainer.py] => CNN top1 curve: [95.59]
2026-08-10 18:36:41,428 [trainer.py] => CNN top5 curve: [99.85]
2026-08-10 18:36:41,428 [trainer.py] => Average Accuracy (CNN top1): 95.59
2026-08-10 18:36:41,430 [fecam.py] => Learning on 10-20
2026-08-10 18:37:13,505 [fecam.py] => Using FeCAM Mahalanobis classifier
2026-08-10 18:37:29,365 [trainer.py] => CNN: {'total': 89.29, '00-09': 92.52, '10-19': 85.97, 'old': 92.52, 'new': 85.97, 'harmonic': 89.12}
2026-08-10 18:37:29,366 [trainer.py] => CNN top1 curve: [95.59, 89.29]
2026-08-10 18:37:29,366 [trainer.py] => CNN top5 curve: [99.85, 98.72]
2026-08-10 18:37:29,366 [trainer.py] => Average Accuracy (CNN top1): 92.44
2026-08-10 18:37:29,367 [fecam.py] => Learning on 20-30
2026-08-10 18:38:01,140 [fecam.py] => Using FeCAM Mahalanobis classifier
2026-08-10 18:38:25,004 [trainer.py] => CNN: {'total': 86.48, '00-09': 90.3, '10-19': 83.14, '20-29': 85.92, 'old': 86.76, 'new': 85.92, 'harmonic': 86.34}
2026-08-10 18:38:25,004 [trainer.py] => CNN top1 curve: [95.59, 89.29, 86.48]
2026-08-10 18:38:25,004 [trainer.py] => CNN top5 curve: [99.85, 98.72, 98.18]
2026-08-10 18:38:25,004 [trainer.py] => Average Accuracy (CNN top1): 90.45333333333333
2026-08-10 18:38:25,005 [fecam.py] => Learning on 30-40
2026-08-10 18:38:57,006 [fecam.py] => Using FeCAM Mahalanobis classifier
2026-08-10 18:39:29,175 [trainer.py] => CNN: {'total': 84.61, '00-09': 87.67, '10-19': 81.67, '20-29': 84.27, '30-39': 84.76, 'old': 84.56, 'new': 84.76, 'harmonic': 84.66}
2026-08-10 18:39:29,175 [trainer.py] => CNN top1 curve: [95.59, 89.29, 86.48, 84.61]
2026-08-10 18:39:29,175 [trainer.py] => CNN top5 curve: [99.85, 98.72, 98.18, 97.47]
2026-08-10 18:39:29,175 [trainer.py] => Average Accuracy (CNN top1): 88.9925
2026-08-10 18:39:29,176 [fecam.py] => Learning on 40-50
2026-08-10 18:40:01,785 [fecam.py] => Using FeCAM Mahalanobis classifier
2026-08-10 18:40:42,300 [trainer.py] => CNN: {'total': 83.75, '00-09': 86.39, '10-19': 81.27, '20-29': 82.98, '30-39': 83.3, '40-49': 84.8, 'old': 83.49, 'new': 84.8, 'harmonic': 84.14}
2026-08-10 18:40:42,300 [trainer.py] => CNN top1 curve: [95.59, 89.29, 86.48, 84.61, 83.75]
2026-08-10 18:40:42,300 [trainer.py] => CNN top5 curve: [99.85, 98.72, 98.18, 97.47, 96.92]
2026-08-10 18:40:42,300 [trainer.py] => Average Accuracy (CNN top1): 87.944
2026-08-10 18:40:42,301 [fecam.py] => Learning on 50-60
2026-08-10 18:41:15,341 [fecam.py] => Using FeCAM Mahalanobis classifier
2026-08-10 18:42:04,259 [trainer.py] => CNN: {'total': 81.81, '00-09': 85.1, '10-19': 80.0, '20-29': 80.58, '30-39': 81.17, '40-49': 83.84, '50-59': 80.15, 'old': 82.14, 'new': 80.15, 'harmonic': 81.13}
2026-08-10 18:42:04,259 [trainer.py] => CNN top1 curve: [95.59, 89.29, 86.48, 84.61, 83.75, 81.81]
2026-08-10 18:42:04,259 [trainer.py] => CNN top5 curve: [99.85, 98.72, 98.18, 97.47, 96.92, 96.35]
2026-08-10 18:42:04,259 [trainer.py] => Average Accuracy (CNN top1): 86.92166666666667
2026-08-10 18:42:04,260 [fecam.py] => Learning on 60-70
2026-08-10 18:42:37,416 [fecam.py] => Using FeCAM Mahalanobis classifier
2026-08-10 18:43:34,876 [trainer.py] => CNN: {'total': 79.07, '00-09': 83.71, '10-19': 79.44, '20-29': 78.33, '30-39': 79.81, '40-49': 82.79, '50-59': 77.11, '60-69': 72.17, 'old': 80.2, 'new': 72.17, 'harmonic': 75.97}
2026-08-10 18:43:34,876 [trainer.py] => CNN top1 curve: [95.59, 89.29, 86.48, 84.61, 83.75, 81.81, 79.07]
2026-08-10 18:43:34,876 [trainer.py] => CNN top5 curve: [99.85, 98.72, 98.18, 97.47, 96.92, 96.35, 95.38]
2026-08-10 18:43:34,876 [trainer.py] => Average Accuracy (CNN top1): 85.79999999999998
2026-08-10 18:43:34,877 [fecam.py] => Learning on 70-80
2026-08-10 18:44:08,236 [fecam.py] => Using FeCAM Mahalanobis classifier
2026-08-10 18:45:14,120 [trainer.py] => CNN: {'total': 78.44, '00-09': 83.12, '10-19': 78.58, '20-29': 77.38, '30-39': 78.06, '40-49': 82.18, '50-59': 76.52, '60-69': 71.16, '70-79': 80.41, 'old': 78.15, 'new': 80.41, 'harmonic': 79.26}
2026-08-10 18:45:14,121 [trainer.py] => CNN top1 curve: [95.59, 89.29, 86.48, 84.61, 83.75, 81.81, 79.07, 78.44]
2026-08-10 18:45:14,121 [trainer.py] => CNN top5 curve: [99.85, 98.72, 98.18, 97.47, 96.92, 96.35, 95.38, 94.83]
2026-08-10 18:45:14,121 [trainer.py] => Average Accuracy (CNN top1): 84.88
2026-08-10 18:45:14,122 [fecam.py] => Learning on 80-90
2026-08-10 18:45:47,890 [fecam.py] => Using FeCAM Mahalanobis classifier
2026-08-10 18:47:02,109 [trainer.py] => CNN: {'total': 77.7, '00-09': 82.62, '10-19': 77.52, '20-29': 77.23, '30-39': 76.8, '40-49': 81.13, '50-59': 76.22, '60-69': 69.14, '70-79': 79.61, '80-89': 78.92, 'old': 77.54, 'new': 78.92, 'harmonic': 78.22}
2026-08-10 18:47:02,110 [trainer.py] => CNN top1 curve: [95.59, 89.29, 86.48, 84.61, 83.75, 81.81, 79.07, 78.44, 77.7]
2026-08-10 18:47:02,110 [trainer.py] => CNN top5 curve: [99.85, 98.72, 98.18, 97.47, 96.92, 96.35, 95.38, 94.83, 94.35]
2026-08-10 18:47:02,110 [trainer.py] => Average Accuracy (CNN top1): 84.08222222222223
2026-08-10 18:47:02,111 [fecam.py] => Learning on 90-100
2026-08-10 18:47:35,875 [fecam.py] => Using FeCAM Mahalanobis classifier
2026-08-10 18:48:58,848 [trainer.py] => CNN: {'total': 76.1, '00-09': 82.18, '10-19': 77.16, '20-29': 75.34, '30-39': 75.58, '40-49': 80.42, '50-59': 74.43, '60-69': 67.53, '70-79': 78.41, '80-89': 78.31, '90-99': 71.57, 'old': 76.6, 'new': 71.57, 'harmonic': 74.0}
2026-08-10 18:48:58,848 [trainer.py] => CNN top1 curve: [95.59, 89.29, 86.48, 84.61, 83.75, 81.81, 79.07, 78.44, 77.7, 76.1]
2026-08-10 18:48:58,848 [trainer.py] => CNN top5 curve: [99.85, 98.72, 98.18, 97.47, 96.92, 96.35, 95.38, 94.83, 94.35, 93.65]
2026-08-10 18:48:58,848 [trainer.py] => Average Accuracy (CNN top1): 83.284
