2026-08-12 20:31:28,021 [trainer.py] => config: /home/team/zhaohongwei/Code/Research/Awesome-MMCL/configs/fecam/fecam_food_B0_Inc10.json
2026-08-12 20:31:28,021 [trainer.py] => prefix: -
2026-08-12 20:31:28,021 [trainer.py] => dataset: food101
2026-08-12 20:31:28,022 [trainer.py] => memory_size: 0
2026-08-12 20:31:28,022 [trainer.py] => memory_per_class: 0
2026-08-12 20:31:28,022 [trainer.py] => fixed_memory: False
2026-08-12 20:31:28,022 [trainer.py] => shuffle: True
2026-08-12 20:31:28,022 [trainer.py] => init_cls: 10
2026-08-12 20:31:28,022 [trainer.py] => increment: 10
2026-08-12 20:31:28,022 [trainer.py] => model_name: fecam
2026-08-12 20:31:28,022 [trainer.py] => backbone_type: clip
2026-08-12 20:31:28,022 [trainer.py] => clip_pretrained: /home/team/zhaohongwei/pretrained_models/open_clip_pytorch_model_laion400m_e32.bin
2026-08-12 20:31:28,022 [trainer.py] => device: [device(type='cuda', index=0)]
2026-08-12 20:31:28,022 [trainer.py] => seed: 2026
2026-08-12 20:31:28,022 [trainer.py] => tuned_epoch: 20
2026-08-12 20:31:28,022 [trainer.py] => init_lr: 0.01
2026-08-12 20:31:28,022 [trainer.py] => batch_size: 48
2026-08-12 20:31:28,022 [trainer.py] => weight_decay: 0.0005
2026-08-12 20:31:28,022 [trainer.py] => min_lr: 0.0
2026-08-12 20:31:28,022 [trainer.py] => ffn_num: 64
2026-08-12 20:31:28,022 [trainer.py] => optimizer: sgd
2026-08-12 20:31:28,022 [trainer.py] => num_workers: 8
2026-08-12 20:31:28,022 [trainer.py] => fecam_alpha: 100.0
2026-08-12 20:31:28,022 [trainer.py] => maha_batch_size: 64
2026-08-12 20:31:28,022 [trainer.py] => total_class_num: 100
2026-08-12 20:31:28,339 [data_manager.py] => [98, 10, 4, 18, 88, 13, 8, 84, 79, 21, 85, 96, 53, 42, 52, 97, 74, 5, 58, 23, 90, 59, 16, 72, 75, 30, 43, 99, 44, 41, 0, 46, 61, 80, 65, 39, 70, 87, 89, 91, 82, 14, 12, 71, 50, 11, 15, 57, 22, 67, 45, 32, 78, 63, 66, 55, 31, 62, 35, 34, 19, 49, 24, 9, 37, 36, 3, 64, 40, 86, 81, 93, 47, 73, 17, 60, 68, 25, 38, 48, 33, 20, 83, 7, 27, 94, 54, 2, 92, 76, 69, 51, 28, 29, 95, 77, 56, 26, 6, 1]
2026-08-12 20:31:29,858 [instantiator.py] => Created a temporary directory at /tmp/tmpv85bd4fi
2026-08-12 20:31:29,858 [instantiator.py] => Writing /tmp/tmpv85bd4fi/_remote_module_non_scriptable.py
2026-08-12 20:31:29,987 [factory.py] => Loaded ViT-B-16 model config.
2026-08-12 20:31:31,506 [factory.py] => Loading pretrained ViT-B-16 weights (/home/team/zhaohongwei/pretrained_models/open_clip_pytorch_model_laion400m_e32.bin).
2026-08-12 20:31:33,256 [fecam.py] => Learning on 0-10
2026-08-12 20:31:33,267 [fecam.py] => FeCAM first-session trainable parameters: 1194752
2026-08-12 20:51:31,934 [fecam.py] => Using FeCAM Mahalanobis classifier
2026-08-12 20:51:38,458 [trainer.py] => CNN: {'total': 92.65, '00-09': 92.65, 'old': 0, 'new': 92.65, 'harmonic': 0.0}
2026-08-12 20:51:38,458 [trainer.py] => CNN top1 curve: [92.65]
2026-08-12 20:51:38,458 [trainer.py] => CNN top5 curve: [99.8]
2026-08-12 20:51:38,458 [trainer.py] => Average Accuracy (CNN top1): 92.65
2026-08-12 20:51:38,459 [fecam.py] => Learning on 10-20
2026-08-12 20:52:03,689 [fecam.py] => Using FeCAM Mahalanobis classifier
2026-08-12 20:52:16,908 [trainer.py] => CNN: {'total': 88.44, '00-09': 89.93, '10-19': 87.03, 'old': 89.93, 'new': 87.03, 'harmonic': 88.46}
2026-08-12 20:52:16,908 [trainer.py] => CNN top1 curve: [92.65, 88.44]
2026-08-12 20:52:16,908 [trainer.py] => CNN top5 curve: [99.8, 98.55]
2026-08-12 20:52:16,908 [trainer.py] => Average Accuracy (CNN top1): 90.545
2026-08-12 20:52:16,909 [fecam.py] => Learning on 20-30
2026-08-12 20:52:42,692 [fecam.py] => Using FeCAM Mahalanobis classifier
2026-08-12 20:53:01,617 [trainer.py] => CNN: {'total': 86.17, '00-09': 86.71, '10-19': 85.5, '20-29': 86.34, 'old': 86.09, 'new': 86.34, 'harmonic': 86.21}
2026-08-12 20:53:01,617 [trainer.py] => CNN top1 curve: [92.65, 88.44, 86.17]
2026-08-12 20:53:01,617 [trainer.py] => CNN top5 curve: [99.8, 98.55, 97.57]
2026-08-12 20:53:01,617 [trainer.py] => Average Accuracy (CNN top1): 89.08666666666666
2026-08-12 20:53:01,618 [fecam.py] => Learning on 30-40
2026-08-12 20:53:27,851 [fecam.py] => Using FeCAM Mahalanobis classifier
2026-08-12 20:53:53,350 [trainer.py] => CNN: {'total': 83.3, '00-09': 85.05, '10-19': 83.29, '20-29': 83.69, '30-39': 81.21, 'old': 84.0, 'new': 81.21, 'harmonic': 82.58}
2026-08-12 20:53:53,350 [trainer.py] => CNN top1 curve: [92.65, 88.44, 86.17, 83.3]
2026-08-12 20:53:53,350 [trainer.py] => CNN top5 curve: [99.8, 98.55, 97.57, 96.78]
2026-08-12 20:53:53,350 [trainer.py] => Average Accuracy (CNN top1): 87.64
2026-08-12 20:53:53,351 [fecam.py] => Learning on 40-50
2026-08-12 20:54:19,483 [fecam.py] => Using FeCAM Mahalanobis classifier
2026-08-12 20:54:50,489 [trainer.py] => CNN: {'total': 79.97, '00-09': 83.03, '10-19': 81.09, '20-29': 82.26, '30-39': 80.32, '40-49': 73.12, 'old': 81.66, 'new': 73.12, 'harmonic': 77.15}
2026-08-12 20:54:50,489 [trainer.py] => CNN top1 curve: [92.65, 88.44, 86.17, 83.3, 79.97]
2026-08-12 20:54:50,489 [trainer.py] => CNN top5 curve: [99.8, 98.55, 97.57, 96.78, 95.3]
2026-08-12 20:54:50,489 [trainer.py] => Average Accuracy (CNN top1): 86.106
2026-08-12 20:54:50,490 [fecam.py] => Learning on 50-60
2026-08-12 20:55:15,804 [fecam.py] => Using FeCAM Mahalanobis classifier
2026-08-12 20:55:53,342 [trainer.py] => CNN: {'total': 79.12, '00-09': 82.63, '10-19': 79.27, '20-29': 81.35, '30-39': 79.08, '40-49': 71.97, '50-59': 80.46, 'old': 78.85, 'new': 80.46, 'harmonic': 79.65}
2026-08-12 20:55:53,342 [trainer.py] => CNN top1 curve: [92.65, 88.44, 86.17, 83.3, 79.97, 79.12]
2026-08-12 20:55:53,342 [trainer.py] => CNN top5 curve: [99.8, 98.55, 97.57, 96.78, 95.3, 94.8]
2026-08-12 20:55:53,342 [trainer.py] => Average Accuracy (CNN top1): 84.94166666666666
2026-08-12 20:55:53,343 [fecam.py] => Learning on 60-70
2026-08-12 20:56:18,924 [fecam.py] => Using FeCAM Mahalanobis classifier
2026-08-12 20:57:02,194 [trainer.py] => CNN: {'total': 77.82, '00-09': 81.67, '10-19': 77.88, '20-29': 79.66, '30-39': 77.44, '40-49': 70.36, '50-59': 79.09, '60-69': 78.65, 'old': 77.68, 'new': 78.65, 'harmonic': 78.16}
2026-08-12 20:57:02,194 [trainer.py] => CNN top1 curve: [92.65, 88.44, 86.17, 83.3, 79.97, 79.12, 77.82]
2026-08-12 20:57:02,195 [trainer.py] => CNN top5 curve: [99.8, 98.55, 97.57, 96.78, 95.3, 94.8, 94.21]
2026-08-12 20:57:02,195 [trainer.py] => Average Accuracy (CNN top1): 83.92428571428572
2026-08-12 20:57:02,196 [fecam.py] => Learning on 70-80
2026-08-12 20:57:27,624 [fecam.py] => Using FeCAM Mahalanobis classifier
2026-08-12 20:58:17,253 [trainer.py] => CNN: {'total': 76.37, '00-09': 80.06, '10-19': 76.83, '20-29': 78.08, '30-39': 76.75, '40-49': 69.01, '50-59': 78.2, '60-69': 75.3, '70-79': 76.69, 'old': 76.32, 'new': 76.69, 'harmonic': 76.5}
2026-08-12 20:58:17,253 [trainer.py] => CNN top1 curve: [92.65, 88.44, 86.17, 83.3, 79.97, 79.12, 77.82, 76.37]
2026-08-12 20:58:17,253 [trainer.py] => CNN top5 curve: [99.8, 98.55, 97.57, 96.78, 95.3, 94.8, 94.21, 93.76]
2026-08-12 20:58:17,253 [trainer.py] => Average Accuracy (CNN top1): 82.98
2026-08-12 20:58:17,254 [fecam.py] => Learning on 80-90
2026-08-12 20:58:42,892 [fecam.py] => Using FeCAM Mahalanobis classifier
2026-08-12 20:59:38,599 [trainer.py] => CNN: {'total': 76.5, '00-09': 79.36, '10-19': 75.97, '20-29': 77.17, '30-39': 76.25, '40-49': 68.3, '50-59': 77.86, '60-69': 74.7, '70-79': 74.9, '80-89': 84.13, 'old': 75.57, 'new': 84.13, 'harmonic': 79.62}
2026-08-12 20:59:38,600 [trainer.py] => CNN top1 curve: [92.65, 88.44, 86.17, 83.3, 79.97, 79.12, 77.82, 76.37, 76.5]
2026-08-12 20:59:38,600 [trainer.py] => CNN top5 curve: [99.8, 98.55, 97.57, 96.78, 95.3, 94.8, 94.21, 93.76, 93.43]
2026-08-12 20:59:38,600 [trainer.py] => Average Accuracy (CNN top1): 82.26
2026-08-12 20:59:38,601 [fecam.py] => Learning on 90-100
2026-08-12 21:00:04,114 [fecam.py] => Using FeCAM Mahalanobis classifier
2026-08-12 21:01:05,664 [trainer.py] => CNN: {'total': 75.79, '00-09': 78.85, '10-19': 74.87, '20-29': 76.96, '30-39': 75.26, '40-49': 67.4, '50-59': 76.09, '60-69': 73.68, '70-79': 73.81, '80-89': 83.41, '90-99': 77.79, 'old': 75.57, 'new': 77.79, 'harmonic': 76.66}
2026-08-12 21:01:05,665 [trainer.py] => CNN top1 curve: [92.65, 88.44, 86.17, 83.3, 79.97, 79.12, 77.82, 76.37, 76.5, 75.79]
2026-08-12 21:01:05,665 [trainer.py] => CNN top5 curve: [99.8, 98.55, 97.57, 96.78, 95.3, 94.8, 94.21, 93.76, 93.43, 93.08]
2026-08-12 21:01:05,665 [trainer.py] => Average Accuracy (CNN top1): 81.613
