2026-08-12 21:01:08,373 [trainer.py] => config: /home/team/zhaohongwei/Code/Research/Awesome-MMCL/configs/fecam/fecam_food_B50_Inc10.json
2026-08-12 21:01:08,374 [trainer.py] => prefix: -
2026-08-12 21:01:08,374 [trainer.py] => dataset: food101
2026-08-12 21:01:08,374 [trainer.py] => memory_size: 0
2026-08-12 21:01:08,374 [trainer.py] => memory_per_class: 0
2026-08-12 21:01:08,374 [trainer.py] => fixed_memory: False
2026-08-12 21:01:08,374 [trainer.py] => shuffle: True
2026-08-12 21:01:08,374 [trainer.py] => init_cls: 50
2026-08-12 21:01:08,374 [trainer.py] => increment: 10
2026-08-12 21:01:08,374 [trainer.py] => model_name: fecam
2026-08-12 21:01:08,374 [trainer.py] => backbone_type: clip
2026-08-12 21:01:08,374 [trainer.py] => clip_pretrained: /home/team/zhaohongwei/pretrained_models/open_clip_pytorch_model_laion400m_e32.bin
2026-08-12 21:01:08,374 [trainer.py] => device: [device(type='cuda', index=0)]
2026-08-12 21:01:08,374 [trainer.py] => seed: 2026
2026-08-12 21:01:08,374 [trainer.py] => tuned_epoch: 20
2026-08-12 21:01:08,374 [trainer.py] => init_lr: 0.01
2026-08-12 21:01:08,374 [trainer.py] => batch_size: 48
2026-08-12 21:01:08,374 [trainer.py] => weight_decay: 0.0005
2026-08-12 21:01:08,374 [trainer.py] => min_lr: 0.0
2026-08-12 21:01:08,374 [trainer.py] => ffn_num: 64
2026-08-12 21:01:08,374 [trainer.py] => optimizer: sgd
2026-08-12 21:01:08,374 [trainer.py] => num_workers: 8
2026-08-12 21:01:08,374 [trainer.py] => fecam_alpha: 100.0
2026-08-12 21:01:08,374 [trainer.py] => maha_batch_size: 64
2026-08-12 21:01:08,374 [trainer.py] => total_class_num: 100
2026-08-12 21:01:08,693 [data_manager.py] => [98, 10, 4, 18, 88, 13, 8, 84, 79, 21, 85, 96, 53, 42, 52, 97, 74, 5, 58, 23, 90, 59, 16, 72, 75, 30, 43, 99, 44, 41, 0, 46, 61, 80, 65, 39, 70, 87, 89, 91, 82, 14, 12, 71, 50, 11, 15, 57, 22, 67, 45, 32, 78, 63, 66, 55, 31, 62, 35, 34, 19, 49, 24, 9, 37, 36, 3, 64, 40, 86, 81, 93, 47, 73, 17, 60, 68, 25, 38, 48, 33, 20, 83, 7, 27, 94, 54, 2, 92, 76, 69, 51, 28, 29, 95, 77, 56, 26, 6, 1]
2026-08-12 21:01:10,041 [instantiator.py] => Created a temporary directory at /tmp/tmpcthus2xy
2026-08-12 21:01:10,041 [instantiator.py] => Writing /tmp/tmpcthus2xy/_remote_module_non_scriptable.py
2026-08-12 21:01:10,176 [factory.py] => Loaded ViT-B-16 model config.
2026-08-12 21:01:11,696 [factory.py] => Loading pretrained ViT-B-16 weights (/home/team/zhaohongwei/pretrained_models/open_clip_pytorch_model_laion400m_e32.bin).
2026-08-12 21:01:13,292 [fecam.py] => Learning on 0-50
2026-08-12 21:01:13,331 [fecam.py] => FeCAM first-session trainable parameters: 1215232
2026-08-12 22:39:39,816 [fecam.py] => Using FeCAM Mahalanobis classifier
2026-08-12 22:40:11,316 [trainer.py] => CNN: {'total': 77.77, '00-09': 78.65, '10-19': 79.99, '20-29': 82.21, '30-39': 77.19, '40-49': 70.76, 'old': 0, 'new': 77.77, 'harmonic': 0.0}
2026-08-12 22:40:11,316 [trainer.py] => CNN top1 curve: [77.77]
2026-08-12 22:40:11,316 [trainer.py] => CNN top5 curve: [93.93]
2026-08-12 22:40:11,316 [trainer.py] => Average Accuracy (CNN top1): 77.77
2026-08-12 22:40:11,317 [fecam.py] => Learning on 50-60
2026-08-12 22:40:36,929 [fecam.py] => Using FeCAM Mahalanobis classifier
2026-08-12 22:41:14,252 [trainer.py] => CNN: {'total': 75.87, '00-09': 78.5, '10-19': 78.17, '20-29': 82.06, '30-39': 76.1, '40-49': 69.81, '50-59': 70.69, 'old': 76.92, 'new': 70.69, 'harmonic': 73.67}
2026-08-12 22:41:14,252 [trainer.py] => CNN top1 curve: [77.77, 75.87]
2026-08-12 22:41:14,252 [trainer.py] => CNN top5 curve: [93.93, 92.78]
2026-08-12 22:41:14,252 [trainer.py] => Average Accuracy (CNN top1): 76.82
2026-08-12 22:41:14,253 [fecam.py] => Learning on 60-70
2026-08-12 22:41:39,590 [fecam.py] => Using FeCAM Mahalanobis classifier
2026-08-12 22:42:23,528 [trainer.py] => CNN: {'total': 74.61, '00-09': 77.44, '10-19': 77.02, '20-29': 80.68, '30-39': 75.26, '40-49': 68.1, '50-59': 69.61, '60-69': 74.24, 'old': 74.67, 'new': 74.24, 'harmonic': 74.45}
2026-08-12 22:42:23,528 [trainer.py] => CNN top1 curve: [77.77, 75.87, 74.61]
2026-08-12 22:42:23,528 [trainer.py] => CNN top5 curve: [93.93, 92.78, 91.88]
2026-08-12 22:42:23,528 [trainer.py] => Average Accuracy (CNN top1): 76.08333333333333
2026-08-12 22:42:23,529 [fecam.py] => Learning on 70-80
2026-08-12 22:42:48,530 [fecam.py] => Using FeCAM Mahalanobis classifier
2026-08-12 22:43:38,013 [trainer.py] => CNN: {'total': 72.71, '00-09': 75.43, '10-19': 76.07, '20-29': 78.9, '30-39': 74.37, '40-49': 66.15, '50-59': 68.58, '60-69': 71.4, '70-79': 70.83, 'old': 72.98, 'new': 70.83, 'harmonic': 71.89}
2026-08-12 22:43:38,013 [trainer.py] => CNN top1 curve: [77.77, 75.87, 74.61, 72.71]
2026-08-12 22:43:38,013 [trainer.py] => CNN top5 curve: [93.93, 92.78, 91.88, 91.27]
2026-08-12 22:43:38,013 [trainer.py] => Average Accuracy (CNN top1): 75.24
2026-08-12 22:43:38,014 [fecam.py] => Learning on 80-90
2026-08-12 22:44:03,723 [fecam.py] => Using FeCAM Mahalanobis classifier
2026-08-12 22:44:59,027 [trainer.py] => CNN: {'total': 71.85, '00-09': 74.12, '10-19': 75.2, '20-29': 78.19, '30-39': 73.62, '40-49': 65.05, '50-59': 68.58, '60-69': 70.84, '70-79': 69.15, '80-89': 71.94, 'old': 71.84, 'new': 71.94, 'harmonic': 71.89}
2026-08-12 22:44:59,027 [trainer.py] => CNN top1 curve: [77.77, 75.87, 74.61, 72.71, 71.85]
2026-08-12 22:44:59,027 [trainer.py] => CNN top5 curve: [93.93, 92.78, 91.88, 91.27, 90.71]
2026-08-12 22:44:59,028 [trainer.py] => Average Accuracy (CNN top1): 74.56199999999998
2026-08-12 22:44:59,029 [fecam.py] => Learning on 90-100
2026-08-12 22:45:24,256 [fecam.py] => Using FeCAM Mahalanobis classifier
2026-08-12 22:46:26,427 [trainer.py] => CNN: {'total': 71.02, '00-09': 73.77, '10-19': 74.05, '20-29': 78.03, '30-39': 72.68, '40-49': 63.79, '50-59': 66.22, '60-69': 69.47, '70-79': 68.3, '80-89': 71.38, '90-99': 72.56, 'old': 70.85, 'new': 72.56, 'harmonic': 71.69}
2026-08-12 22:46:26,427 [trainer.py] => CNN top1 curve: [77.77, 75.87, 74.61, 72.71, 71.85, 71.02]
2026-08-12 22:46:26,427 [trainer.py] => CNN top5 curve: [93.93, 92.78, 91.88, 91.27, 90.71, 90.31]
2026-08-12 22:46:26,427 [trainer.py] => Average Accuracy (CNN top1): 73.97166666666665
