2026-08-10 20:18:15,471 [trainer.py] => config: /home/team/zhaohongwei/Code/Research/Awesome-MMCL/configs/fecam/fecam_inr_B100_Inc20.json
2026-08-10 20:18:15,471 [trainer.py] => prefix: -
2026-08-10 20:18:15,471 [trainer.py] => dataset: imagenetr
2026-08-10 20:18:15,471 [trainer.py] => memory_size: 0
2026-08-10 20:18:15,471 [trainer.py] => memory_per_class: 0
2026-08-10 20:18:15,471 [trainer.py] => fixed_memory: False
2026-08-10 20:18:15,471 [trainer.py] => shuffle: True
2026-08-10 20:18:15,471 [trainer.py] => init_cls: 100
2026-08-10 20:18:15,471 [trainer.py] => increment: 20
2026-08-10 20:18:15,471 [trainer.py] => model_name: fecam
2026-08-10 20:18:15,471 [trainer.py] => backbone_type: clip
2026-08-10 20:18:15,471 [trainer.py] => clip_pretrained: /home/team/zhaohongwei/pretrained_models/open_clip_pytorch_model_laion400m_e32.bin
2026-08-10 20:18:15,471 [trainer.py] => device: [device(type='cuda', index=0)]
2026-08-10 20:18:15,472 [trainer.py] => seed: 0
2026-08-10 20:18:15,472 [trainer.py] => tuned_epoch: 10
2026-08-10 20:18:15,472 [trainer.py] => init_lr: 0.05
2026-08-10 20:18:15,472 [trainer.py] => batch_size: 16
2026-08-10 20:18:15,472 [trainer.py] => weight_decay: 0.005
2026-08-10 20:18:15,472 [trainer.py] => min_lr: 0.0
2026-08-10 20:18:15,472 [trainer.py] => ffn_num: 64
2026-08-10 20:18:15,472 [trainer.py] => optimizer: sgd
2026-08-10 20:18:15,472 [trainer.py] => num_workers: 8
2026-08-10 20:18:15,472 [trainer.py] => fecam_alpha: 100.0
2026-08-10 20:18:15,472 [trainer.py] => maha_batch_size: 64
2026-08-10 20:18:15,472 [trainer.py] => total_class_num: 200
2026-08-10 20:18:15,619 [data_manager.py] => [18, 170, 107, 98, 177, 182, 5, 146, 12, 152, 61, 125, 180, 154, 80, 7, 33, 130, 37, 74, 183, 145, 45, 159, 60, 123, 179, 185, 122, 44, 16, 55, 150, 111, 22, 189, 129, 4, 83, 106, 134, 66, 26, 113, 168, 63, 8, 75, 118, 143, 71, 124, 184, 97, 149, 24, 30, 160, 40, 56, 131, 96, 181, 19, 153, 92, 54, 163, 51, 86, 139, 90, 137, 101, 144, 89, 109, 14, 27, 141, 187, 46, 138, 195, 108, 62, 2, 59, 136, 197, 43, 10, 194, 73, 196, 178, 175, 126, 93, 112, 158, 191, 50, 0, 94, 110, 95, 64, 167, 41, 69, 49, 48, 85, 13, 161, 23, 186, 135, 20, 15, 78, 104, 52, 100, 76, 3, 116, 164, 198, 6, 68, 84, 121, 155, 171, 156, 91, 199, 11, 119, 102, 35, 57, 65, 1, 120, 162, 42, 105, 132, 173, 17, 38, 133, 53, 157, 128, 34, 28, 114, 151, 31, 166, 127, 176, 32, 142, 169, 147, 29, 99, 82, 79, 115, 148, 193, 72, 77, 25, 165, 81, 188, 174, 190, 39, 58, 140, 88, 70, 87, 36, 21, 9, 103, 67, 192, 117, 47, 172]
2026-08-10 20:18:16,917 [instantiator.py] => Created a temporary directory at /tmp/tmpt4nrr6gj
2026-08-10 20:18:16,918 [instantiator.py] => Writing /tmp/tmpt4nrr6gj/_remote_module_non_scriptable.py
2026-08-10 20:18:17,055 [factory.py] => Loaded ViT-B-16 model config.
2026-08-10 20:18:18,507 [factory.py] => Loading pretrained ViT-B-16 weights (/home/team/zhaohongwei/pretrained_models/open_clip_pytorch_model_laion400m_e32.bin).
2026-08-10 20:18:20,485 [fecam.py] => Learning on 0-100
2026-08-10 20:18:20,504 [fecam.py] => FeCAM first-session trainable parameters: 1240832
2026-08-10 20:35:01,922 [fecam.py] => Using FeCAM Mahalanobis classifier
2026-08-10 20:35:12,324 [trainer.py] => CNN: {'total': 74.63, '00-09': 76.03, '10-19': 73.8, '20-29': 69.05, '30-39': 77.81, '40-49': 82.1, '50-59': 73.62, '60-69': 75.71, '70-79': 68.56, '80-89': 78.85, '90-99': 63.48, 'old': 0, 'new': 74.63, 'harmonic': 0.0}
2026-08-10 20:35:12,324 [trainer.py] => CNN top1 curve: [74.63]
2026-08-10 20:35:12,324 [trainer.py] => CNN top5 curve: [90.2]
2026-08-10 20:35:12,324 [trainer.py] => Average Accuracy (CNN top1): 74.63
2026-08-10 20:35:12,326 [fecam.py] => Learning on 100-120
2026-08-10 20:35:21,621 [fecam.py] => Using FeCAM Mahalanobis classifier
2026-08-10 20:35:33,878 [trainer.py] => CNN: {'total': 73.13, '00-09': 74.76, '10-19': 71.22, '20-29': 67.46, '30-39': 72.34, '40-49': 81.86, '50-59': 71.65, '60-69': 73.5, '70-79': 67.56, '80-89': 77.56, '90-99': 61.74, '100-109': 71.74, '110-119': 77.98, 'old': 72.73, 'new': 75.12, 'harmonic': 73.91}
2026-08-10 20:35:33,878 [trainer.py] => CNN top1 curve: [74.63, 73.13]
2026-08-10 20:35:33,878 [trainer.py] => CNN top5 curve: [90.2, 89.7]
2026-08-10 20:35:33,878 [trainer.py] => Average Accuracy (CNN top1): 73.88
2026-08-10 20:35:33,880 [fecam.py] => Learning on 120-140
2026-08-10 20:35:43,224 [fecam.py] => Using FeCAM Mahalanobis classifier
2026-08-10 20:35:57,458 [trainer.py] => CNN: {'total': 71.38, '00-09': 74.13, '10-19': 71.22, '20-29': 66.67, '30-39': 70.21, '40-49': 81.62, '50-59': 70.08, '60-69': 68.45, '70-79': 65.89, '80-89': 75.96, '90-99': 57.83, '100-109': 71.38, '110-119': 77.37, '120-129': 67.34, '130-139': 72.35, 'old': 71.63, 'new': 69.83, 'harmonic': 70.72}
2026-08-10 20:35:57,459 [trainer.py] => CNN top1 curve: [74.63, 73.13, 71.38]
2026-08-10 20:35:57,459 [trainer.py] => CNN top5 curve: [90.2, 89.7, 88.7]
2026-08-10 20:35:57,459 [trainer.py] => Average Accuracy (CNN top1): 73.04666666666667
2026-08-10 20:35:57,460 [fecam.py] => Learning on 140-160
2026-08-10 20:36:06,378 [fecam.py] => Using FeCAM Mahalanobis classifier
2026-08-10 20:36:23,179 [trainer.py] => CNN: {'total': 69.86, '00-09': 74.13, '10-19': 69.37, '20-29': 66.27, '30-39': 69.6, '40-49': 81.38, '50-59': 69.69, '60-69': 67.51, '70-79': 64.88, '80-89': 70.51, '90-99': 56.96, '100-109': 69.93, '110-119': 75.54, '120-129': 65.32, '130-139': 71.33, '140-149': 65.55, '150-159': 70.96, 'old': 70.09, 'new': 68.27, 'harmonic': 69.17}
2026-08-10 20:36:23,179 [trainer.py] => CNN top1 curve: [74.63, 73.13, 71.38, 69.86]
2026-08-10 20:36:23,179 [trainer.py] => CNN top5 curve: [90.2, 89.7, 88.7, 87.86]
2026-08-10 20:36:23,179 [trainer.py] => Average Accuracy (CNN top1): 72.25
2026-08-10 20:36:23,181 [fecam.py] => Learning on 160-180
2026-08-10 20:36:32,893 [fecam.py] => Using FeCAM Mahalanobis classifier
2026-08-10 20:36:51,354 [trainer.py] => CNN: {'total': 69.76, '00-09': 73.19, '10-19': 68.27, '20-29': 65.87, '30-39': 67.48, '40-49': 80.91, '50-59': 68.5, '60-69': 67.51, '70-79': 64.88, '80-89': 70.51, '90-99': 54.35, '100-109': 69.57, '110-119': 74.62, '120-129': 63.64, '130-139': 68.94, '140-149': 65.55, '150-159': 68.98, '160-169': 77.54, '170-179': 75.95, 'old': 68.88, 'new': 76.71, 'harmonic': 72.58}
2026-08-10 20:36:51,355 [trainer.py] => CNN top1 curve: [74.63, 73.13, 71.38, 69.86, 69.76]
2026-08-10 20:36:51,355 [trainer.py] => CNN top5 curve: [90.2, 89.7, 88.7, 87.86, 87.47]
2026-08-10 20:36:51,355 [trainer.py] => Average Accuracy (CNN top1): 71.752
2026-08-10 20:36:51,356 [fecam.py] => Learning on 180-200
2026-08-10 20:37:00,244 [fecam.py] => Using FeCAM Mahalanobis classifier
2026-08-10 20:37:20,353 [trainer.py] => CNN: {'total': 69.07, '00-09': 71.92, '10-19': 67.16, '20-29': 63.49, '30-39': 66.57, '40-49': 79.47, '50-59': 68.5, '60-69': 66.56, '70-79': 63.88, '80-89': 70.51, '90-99': 54.35, '100-109': 68.84, '110-119': 73.39, '120-129': 63.64, '130-139': 65.87, '140-149': 64.21, '150-159': 68.32, '160-169': 76.14, '170-179': 72.47, '180-189': 73.6, '190-199': 73.42, 'old': 68.57, 'new': 73.51, 'harmonic': 70.95}
2026-08-10 20:37:20,353 [trainer.py] => CNN top1 curve: [74.63, 73.13, 71.38, 69.86, 69.76, 69.07]
2026-08-10 20:37:20,353 [trainer.py] => CNN top5 curve: [90.2, 89.7, 88.7, 87.86, 87.47, 87.1]
2026-08-10 20:37:20,353 [trainer.py] => Average Accuracy (CNN top1): 71.30499999999999
