2026-08-12 17:21:07,770 [trainer.py] => config: /home/team/zhaohongwei/Code/Research/Awesome-MMCL/configs/fecam/fecam_inr_B0_Inc20.json
2026-08-12 17:21:07,770 [trainer.py] => prefix: -
2026-08-12 17:21:07,770 [trainer.py] => dataset: imagenetr
2026-08-12 17:21:07,770 [trainer.py] => memory_size: 0
2026-08-12 17:21:07,770 [trainer.py] => memory_per_class: 0
2026-08-12 17:21:07,770 [trainer.py] => fixed_memory: False
2026-08-12 17:21:07,770 [trainer.py] => shuffle: True
2026-08-12 17:21:07,770 [trainer.py] => init_cls: 20
2026-08-12 17:21:07,770 [trainer.py] => increment: 20
2026-08-12 17:21:07,770 [trainer.py] => model_name: fecam
2026-08-12 17:21:07,770 [trainer.py] => backbone_type: clip
2026-08-12 17:21:07,770 [trainer.py] => clip_pretrained: /home/team/zhaohongwei/pretrained_models/open_clip_pytorch_model_laion400m_e32.bin
2026-08-12 17:21:07,770 [trainer.py] => device: [device(type='cuda', index=0)]
2026-08-12 17:21:07,770 [trainer.py] => seed: 2026
2026-08-12 17:21:07,770 [trainer.py] => tuned_epoch: 10
2026-08-12 17:21:07,771 [trainer.py] => init_lr: 0.05
2026-08-12 17:21:07,771 [trainer.py] => batch_size: 16
2026-08-12 17:21:07,771 [trainer.py] => weight_decay: 0.005
2026-08-12 17:21:07,771 [trainer.py] => min_lr: 0.0
2026-08-12 17:21:07,771 [trainer.py] => ffn_num: 64
2026-08-12 17:21:07,771 [trainer.py] => optimizer: sgd
2026-08-12 17:21:07,771 [trainer.py] => num_workers: 8
2026-08-12 17:21:07,771 [trainer.py] => fecam_alpha: 100.0
2026-08-12 17:21:07,771 [trainer.py] => maha_batch_size: 64
2026-08-12 17:21:07,771 [trainer.py] => total_class_num: 200
2026-08-12 17:21:07,989 [data_manager.py] => [115, 91, 15, 57, 123, 5, 193, 196, 88, 185, 191, 168, 90, 80, 106, 146, 188, 118, 44, 151, 24, 56, 42, 127, 113, 119, 197, 194, 99, 12, 65, 71, 131, 6, 46, 186, 126, 31, 117, 30, 110, 82, 102, 165, 11, 76, 53, 138, 199, 18, 163, 149, 84, 133, 170, 189, 52, 104, 45, 114, 41, 23, 160, 171, 172, 169, 177, 142, 94, 50, 128, 39, 59, 120, 107, 162, 124, 9, 74, 198, 62, 174, 166, 122, 141, 81, 10, 63, 176, 100, 136, 187, 129, 16, 72, 147, 54, 0, 98, 150, 92, 155, 4, 167, 125, 97, 153, 8, 83, 159, 85, 86, 13, 34, 173, 93, 180, 33, 21, 132, 190, 87, 121, 108, 103, 145, 37, 158, 69, 89, 2, 19, 67, 175, 51, 78, 43, 64, 66, 143, 61, 20, 144, 154, 183, 14, 140, 139, 75, 79, 22, 58, 101, 109, 32, 178, 73, 164, 55, 35, 49, 152, 137, 36, 3, 40, 70, 95, 105, 181, 157, 47, 192, 17, 60, 112, 68, 25, 38, 48, 161, 148, 111, 135, 96, 7, 27, 182, 130, 28, 179, 156, 116, 29, 195, 77, 184, 26, 134, 1]
2026-08-12 17:21:09,236 [instantiator.py] => Created a temporary directory at /tmp/tmpo6e9hqih
2026-08-12 17:21:09,236 [instantiator.py] => Writing /tmp/tmpo6e9hqih/_remote_module_non_scriptable.py
2026-08-12 17:21:09,375 [factory.py] => Loaded ViT-B-16 model config.
2026-08-12 17:21:10,924 [factory.py] => Loading pretrained ViT-B-16 weights (/home/team/zhaohongwei/pretrained_models/open_clip_pytorch_model_laion400m_e32.bin).
2026-08-12 17:21:13,125 [fecam.py] => Learning on 0-20
2026-08-12 17:21:13,130 [fecam.py] => FeCAM first-session trainable parameters: 1199872
2026-08-12 17:24:25,504 [fecam.py] => Using FeCAM Mahalanobis classifier
2026-08-12 17:24:27,809 [trainer.py] => CNN: {'total': 91.1, '00-09': 91.12, '10-19': 91.08, 'old': 0, 'new': 91.1, 'harmonic': 0.0}
2026-08-12 17:24:27,810 [trainer.py] => CNN top1 curve: [91.1]
2026-08-12 17:24:27,810 [trainer.py] => CNN top5 curve: [97.73]
2026-08-12 17:24:27,810 [trainer.py] => Average Accuracy (CNN top1): 91.1
2026-08-12 17:24:27,812 [fecam.py] => Learning on 20-40
2026-08-12 17:24:37,098 [fecam.py] => Using FeCAM Mahalanobis classifier
2026-08-12 17:24:41,499 [trainer.py] => CNN: {'total': 81.19, '00-09': 80.59, '10-19': 88.54, '20-29': 81.4, '30-39': 75.27, 'old': 84.63, 'new': 77.7, 'harmonic': 81.02}
2026-08-12 17:24:41,500 [trainer.py] => CNN top1 curve: [91.1, 81.19]
2026-08-12 17:24:41,500 [trainer.py] => CNN top5 curve: [97.73, 93.32]
2026-08-12 17:24:41,500 [trainer.py] => Average Accuracy (CNN top1): 86.145
2026-08-12 17:24:41,501 [fecam.py] => Learning on 40-60
2026-08-12 17:24:51,042 [fecam.py] => Using FeCAM Mahalanobis classifier
2026-08-12 17:24:57,517 [trainer.py] => CNN: {'total': 77.28, '00-09': 79.28, '10-19': 86.62, '20-29': 77.27, '30-39': 70.65, '40-49': 75.85, '50-59': 75.1, 'old': 78.18, 'new': 75.55, 'harmonic': 76.84}
2026-08-12 17:24:57,517 [trainer.py] => CNN top1 curve: [91.1, 81.19, 77.28]
2026-08-12 17:24:57,518 [trainer.py] => CNN top5 curve: [97.73, 93.32, 91.35]
2026-08-12 17:24:57,518 [trainer.py] => Average Accuracy (CNN top1): 83.19
2026-08-12 17:24:57,520 [fecam.py] => Learning on 60-80
2026-08-12 17:25:06,983 [fecam.py] => Using FeCAM Mahalanobis classifier
2026-08-12 17:25:15,321 [trainer.py] => CNN: {'total': 74.65, '00-09': 76.32, '10-19': 83.76, '20-29': 72.31, '30-39': 69.84, '40-49': 73.75, '50-59': 74.31, '60-69': 76.33, '70-79': 70.95, 'old': 74.97, 'new': 73.66, 'harmonic': 74.31}
2026-08-12 17:25:15,322 [trainer.py] => CNN top1 curve: [91.1, 81.19, 77.28, 74.65]
2026-08-12 17:25:15,322 [trainer.py] => CNN top5 curve: [97.73, 93.32, 91.35, 89.95]
2026-08-12 17:25:15,322 [trainer.py] => Average Accuracy (CNN top1): 81.055
2026-08-12 17:25:15,323 [fecam.py] => Learning on 80-100
2026-08-12 17:25:24,252 [fecam.py] => Using FeCAM Mahalanobis classifier
2026-08-12 17:25:34,715 [trainer.py] => CNN: {'total': 73.18, '00-09': 75.99, '10-19': 82.17, '20-29': 70.66, '30-39': 68.48, '40-49': 66.93, '50-59': 71.54, '60-69': 74.67, '70-79': 69.93, '80-89': 75.22, '90-99': 77.62, 'old': 72.38, 'new': 76.32, 'harmonic': 74.3}
2026-08-12 17:25:34,715 [trainer.py] => CNN top1 curve: [91.1, 81.19, 77.28, 74.65, 73.18]
2026-08-12 17:25:34,715 [trainer.py] => CNN top5 curve: [97.73, 93.32, 91.35, 89.95, 88.65]
2026-08-12 17:25:34,715 [trainer.py] => Average Accuracy (CNN top1): 79.48
2026-08-12 17:25:34,716 [fecam.py] => Learning on 100-120
2026-08-12 17:25:44,785 [fecam.py] => Using FeCAM Mahalanobis classifier
2026-08-12 17:25:57,427 [trainer.py] => CNN: {'total': 71.13, '00-09': 75.0, '10-19': 81.53, '20-29': 69.83, '30-39': 66.58, '40-49': 66.67, '50-59': 68.38, '60-69': 73.33, '70-79': 66.89, '80-89': 73.45, '90-99': 76.57, '100-109': 64.0, '110-119': 72.6, 'old': 71.72, 'new': 68.48, 'harmonic': 70.06}
2026-08-12 17:25:57,427 [trainer.py] => CNN top1 curve: [91.1, 81.19, 77.28, 74.65, 73.18, 71.13]
2026-08-12 17:25:57,427 [trainer.py] => CNN top5 curve: [97.73, 93.32, 91.35, 89.95, 88.65, 87.0]
2026-08-12 17:25:57,427 [trainer.py] => Average Accuracy (CNN top1): 78.08833333333334
2026-08-12 17:25:57,428 [fecam.py] => Learning on 120-140
2026-08-12 17:26:05,961 [fecam.py] => Using FeCAM Mahalanobis classifier
2026-08-12 17:26:20,272 [trainer.py] => CNN: {'total': 70.21, '00-09': 73.68, '10-19': 80.57, '20-29': 69.83, '30-39': 65.76, '40-49': 64.57, '50-59': 66.4, '60-69': 71.67, '70-79': 65.54, '80-89': 72.86, '90-99': 75.52, '100-109': 62.77, '110-119': 71.75, '120-129': 74.53, '130-139': 69.08, 'old': 69.96, 'new': 72.15, 'harmonic': 71.04}
2026-08-12 17:26:20,273 [trainer.py] => CNN top1 curve: [91.1, 81.19, 77.28, 74.65, 73.18, 71.13, 70.21]
2026-08-12 17:26:20,273 [trainer.py] => CNN top5 curve: [97.73, 93.32, 91.35, 89.95, 88.65, 87.0, 86.52]
2026-08-12 17:26:20,273 [trainer.py] => Average Accuracy (CNN top1): 76.96285714285715
2026-08-12 17:26:20,275 [fecam.py] => Learning on 140-160
2026-08-12 17:26:29,033 [fecam.py] => Using FeCAM Mahalanobis classifier
2026-08-12 17:26:45,213 [trainer.py] => CNN: {'total': 69.17, '00-09': 72.7, '10-19': 79.62, '20-29': 69.83, '30-39': 64.4, '40-49': 64.3, '50-59': 66.01, '60-69': 71.33, '70-79': 63.85, '80-89': 69.32, '90-99': 74.13, '100-109': 62.46, '110-119': 70.62, '120-129': 72.28, '130-139': 64.25, '140-149': 76.01, '150-159': 66.04, 'old': 68.89, 'new': 71.3, 'harmonic': 70.07}
2026-08-12 17:26:45,214 [trainer.py] => CNN top1 curve: [91.1, 81.19, 77.28, 74.65, 73.18, 71.13, 70.21, 69.17]
2026-08-12 17:26:45,214 [trainer.py] => CNN top5 curve: [97.73, 93.32, 91.35, 89.95, 88.65, 87.0, 86.52, 86.01]
2026-08-12 17:26:45,214 [trainer.py] => Average Accuracy (CNN top1): 75.98875
2026-08-12 17:26:45,215 [fecam.py] => Learning on 160-180
2026-08-12 17:26:53,290 [fecam.py] => Using FeCAM Mahalanobis classifier
2026-08-12 17:27:11,137 [trainer.py] => CNN: {'total': 67.33, '00-09': 72.04, '10-19': 77.71, '20-29': 69.01, '30-39': 63.86, '40-49': 62.47, '50-59': 64.43, '60-69': 70.67, '70-79': 61.49, '80-89': 69.03, '90-99': 73.43, '100-109': 60.92, '110-119': 70.06, '120-129': 71.54, '130-139': 60.39, '140-149': 75.0, '150-159': 64.91, '160-169': 57.99, '170-179': 65.8, 'old': 67.96, 'new': 61.46, 'harmonic': 64.55}
2026-08-12 17:27:11,137 [trainer.py] => CNN top1 curve: [91.1, 81.19, 77.28, 74.65, 73.18, 71.13, 70.21, 69.17, 67.33]
2026-08-12 17:27:11,137 [trainer.py] => CNN top5 curve: [97.73, 93.32, 91.35, 89.95, 88.65, 87.0, 86.52, 86.01, 85.01]
2026-08-12 17:27:11,138 [trainer.py] => Average Accuracy (CNN top1): 75.02666666666667
2026-08-12 17:27:11,139 [fecam.py] => Learning on 180-200
2026-08-12 17:27:20,598 [fecam.py] => Using FeCAM Mahalanobis classifier
2026-08-12 17:27:40,638 [trainer.py] => CNN: {'total': 66.65, '00-09': 71.71, '10-19': 77.39, '20-29': 69.01, '30-39': 61.41, '40-49': 61.68, '50-59': 64.03, '60-69': 70.0, '70-79': 61.15, '80-89': 69.03, '90-99': 72.03, '100-109': 60.0, '110-119': 70.06, '120-129': 71.54, '130-139': 58.94, '140-149': 75.0, '150-159': 64.15, '160-169': 56.94, '170-179': 65.8, '180-189': 64.12, '190-199': 68.48, 'old': 66.7, 'new': 66.23, 'harmonic': 66.46}
2026-08-12 17:27:40,638 [trainer.py] => CNN top1 curve: [91.1, 81.19, 77.28, 74.65, 73.18, 71.13, 70.21, 69.17, 67.33, 66.65]
2026-08-12 17:27:40,638 [trainer.py] => CNN top5 curve: [97.73, 93.32, 91.35, 89.95, 88.65, 87.0, 86.52, 86.01, 85.01, 84.25]
2026-08-12 17:27:40,638 [trainer.py] => Average Accuracy (CNN top1): 74.189
