2026-08-10 20:11:24,487 [trainer.py] => config: /home/team/zhaohongwei/Code/Research/Awesome-MMCL/configs/fecam/fecam_inr_B0_Inc20.json
2026-08-10 20:11:24,487 [trainer.py] => prefix: -
2026-08-10 20:11:24,487 [trainer.py] => dataset: imagenetr
2026-08-10 20:11:24,487 [trainer.py] => memory_size: 0
2026-08-10 20:11:24,487 [trainer.py] => memory_per_class: 0
2026-08-10 20:11:24,487 [trainer.py] => fixed_memory: False
2026-08-10 20:11:24,487 [trainer.py] => shuffle: True
2026-08-10 20:11:24,487 [trainer.py] => init_cls: 20
2026-08-10 20:11:24,487 [trainer.py] => increment: 20
2026-08-10 20:11:24,487 [trainer.py] => model_name: fecam
2026-08-10 20:11:24,487 [trainer.py] => backbone_type: clip
2026-08-10 20:11:24,487 [trainer.py] => clip_pretrained: /home/team/zhaohongwei/pretrained_models/open_clip_pytorch_model_laion400m_e32.bin
2026-08-10 20:11:24,487 [trainer.py] => device: [device(type='cuda', index=0)]
2026-08-10 20:11:24,487 [trainer.py] => seed: 0
2026-08-10 20:11:24,487 [trainer.py] => tuned_epoch: 10
2026-08-10 20:11:24,487 [trainer.py] => init_lr: 0.05
2026-08-10 20:11:24,487 [trainer.py] => batch_size: 16
2026-08-10 20:11:24,487 [trainer.py] => weight_decay: 0.005
2026-08-10 20:11:24,487 [trainer.py] => min_lr: 0.0
2026-08-10 20:11:24,487 [trainer.py] => ffn_num: 64
2026-08-10 20:11:24,487 [trainer.py] => optimizer: sgd
2026-08-10 20:11:24,488 [trainer.py] => num_workers: 8
2026-08-10 20:11:24,488 [trainer.py] => fecam_alpha: 100.0
2026-08-10 20:11:24,488 [trainer.py] => maha_batch_size: 64
2026-08-10 20:11:24,488 [trainer.py] => total_class_num: 200
2026-08-10 20:11:24,634 [data_manager.py] => [18, 170, 107, 98, 177, 182, 5, 146, 12, 152, 61, 125, 180, 154, 80, 7, 33, 130, 37, 74, 183, 145, 45, 159, 60, 123, 179, 185, 122, 44, 16, 55, 150, 111, 22, 189, 129, 4, 83, 106, 134, 66, 26, 113, 168, 63, 8, 75, 118, 143, 71, 124, 184, 97, 149, 24, 30, 160, 40, 56, 131, 96, 181, 19, 153, 92, 54, 163, 51, 86, 139, 90, 137, 101, 144, 89, 109, 14, 27, 141, 187, 46, 138, 195, 108, 62, 2, 59, 136, 197, 43, 10, 194, 73, 196, 178, 175, 126, 93, 112, 158, 191, 50, 0, 94, 110, 95, 64, 167, 41, 69, 49, 48, 85, 13, 161, 23, 186, 135, 20, 15, 78, 104, 52, 100, 76, 3, 116, 164, 198, 6, 68, 84, 121, 155, 171, 156, 91, 199, 11, 119, 102, 35, 57, 65, 1, 120, 162, 42, 105, 132, 173, 17, 38, 133, 53, 157, 128, 34, 28, 114, 151, 31, 166, 127, 176, 32, 142, 169, 147, 29, 99, 82, 79, 115, 148, 193, 72, 77, 25, 165, 81, 188, 174, 190, 39, 58, 140, 88, 70, 87, 36, 21, 9, 103, 67, 192, 117, 47, 172]
2026-08-10 20:11:25,842 [instantiator.py] => Created a temporary directory at /tmp/tmp61nq2i3z
2026-08-10 20:11:25,843 [instantiator.py] => Writing /tmp/tmp61nq2i3z/_remote_module_non_scriptable.py
2026-08-10 20:11:25,977 [factory.py] => Loaded ViT-B-16 model config.
2026-08-10 20:11:27,404 [factory.py] => Loading pretrained ViT-B-16 weights (/home/team/zhaohongwei/pretrained_models/open_clip_pytorch_model_laion400m_e32.bin).
2026-08-10 20:11:29,009 [fecam.py] => Learning on 0-20
2026-08-10 20:11:29,015 [fecam.py] => FeCAM first-session trainable parameters: 1199872
2026-08-10 20:14:54,984 [fecam.py] => Using FeCAM Mahalanobis classifier
2026-08-10 20:14:57,332 [trainer.py] => CNN: {'total': 91.33, '00-09': 89.59, '10-19': 93.36, 'old': 0, 'new': 91.33, 'harmonic': 0.0}
2026-08-10 20:14:57,332 [trainer.py] => CNN top1 curve: [91.33]
2026-08-10 20:14:57,332 [trainer.py] => CNN top5 curve: [98.13]
2026-08-10 20:14:57,332 [trainer.py] => Average Accuracy (CNN top1): 91.33
2026-08-10 20:14:57,334 [fecam.py] => Learning on 20-40
2026-08-10 20:15:06,489 [fecam.py] => Using FeCAM Mahalanobis classifier
2026-08-10 20:15:10,780 [trainer.py] => CNN: {'total': 81.27, '00-09': 83.91, '10-19': 88.93, '20-29': 67.46, '30-39': 82.98, 'old': 86.22, 'new': 76.25, 'harmonic': 80.93}
2026-08-10 20:15:10,780 [trainer.py] => CNN top1 curve: [91.33, 81.27]
2026-08-10 20:15:10,780 [trainer.py] => CNN top5 curve: [98.13, 95.04]
2026-08-10 20:15:10,780 [trainer.py] => Average Accuracy (CNN top1): 86.3
2026-08-10 20:15:10,782 [fecam.py] => Learning on 40-60
2026-08-10 20:15:20,921 [fecam.py] => Using FeCAM Mahalanobis classifier
2026-08-10 20:15:27,424 [trainer.py] => CNN: {'total': 78.72, '00-09': 81.7, '10-19': 86.72, '20-29': 67.06, '30-39': 80.55, '40-49': 79.71, '50-59': 74.02, 'old': 79.38, 'new': 77.56, 'harmonic': 78.46}
2026-08-10 20:15:27,425 [trainer.py] => CNN top1 curve: [91.33, 81.27, 78.72]
2026-08-10 20:15:27,425 [trainer.py] => CNN top5 curve: [98.13, 95.04, 92.18]
2026-08-10 20:15:27,425 [trainer.py] => Average Accuracy (CNN top1): 83.77333333333333
2026-08-10 20:15:27,426 [fecam.py] => Learning on 60-80
2026-08-10 20:15:36,940 [fecam.py] => Using FeCAM Mahalanobis classifier
2026-08-10 20:15:45,549 [trainer.py] => CNN: {'total': 73.92, '00-09': 79.5, '10-19': 83.03, '20-29': 63.89, '30-39': 78.12, '40-49': 77.8, '50-59': 73.23, '60-69': 72.24, '70-79': 60.54, 'old': 76.38, 'new': 66.56, 'harmonic': 71.13}
2026-08-10 20:15:45,550 [trainer.py] => CNN top1 curve: [91.33, 81.27, 78.72, 73.92]
2026-08-10 20:15:45,550 [trainer.py] => CNN top5 curve: [98.13, 95.04, 92.18, 90.32]
2026-08-10 20:15:45,550 [trainer.py] => Average Accuracy (CNN top1): 81.31
2026-08-10 20:15:45,551 [fecam.py] => Learning on 80-100
2026-08-10 20:15:53,942 [fecam.py] => Using FeCAM Mahalanobis classifier
2026-08-10 20:16:04,373 [trainer.py] => CNN: {'total': 71.87, '00-09': 78.86, '10-19': 80.81, '20-29': 60.71, '30-39': 75.38, '40-49': 76.61, '50-59': 71.26, '60-69': 71.61, '70-79': 59.53, '80-89': 77.24, '90-99': 60.0, 'old': 72.29, 'new': 69.93, 'harmonic': 71.09}
2026-08-10 20:16:04,373 [trainer.py] => CNN top1 curve: [91.33, 81.27, 78.72, 73.92, 71.87]
2026-08-10 20:16:04,373 [trainer.py] => CNN top5 curve: [98.13, 95.04, 92.18, 90.32, 88.1]
2026-08-10 20:16:04,373 [trainer.py] => Average Accuracy (CNN top1): 79.422
2026-08-10 20:16:04,374 [fecam.py] => Learning on 100-120
2026-08-10 20:16:13,941 [fecam.py] => Using FeCAM Mahalanobis classifier
2026-08-10 20:16:26,474 [trainer.py] => CNN: {'total': 70.14, '00-09': 77.29, '10-19': 79.34, '20-29': 59.52, '30-39': 69.91, '40-49': 76.13, '50-59': 68.9, '60-69': 68.14, '70-79': 58.86, '80-89': 75.32, '90-99': 59.13, '100-109': 68.12, '110-119': 74.01, 'old': 69.9, 'new': 71.31, 'harmonic': 70.6}
2026-08-10 20:16:26,475 [trainer.py] => CNN top1 curve: [91.33, 81.27, 78.72, 73.92, 71.87, 70.14]
2026-08-10 20:16:26,475 [trainer.py] => CNN top5 curve: [98.13, 95.04, 92.18, 90.32, 88.1, 86.98]
2026-08-10 20:16:26,475 [trainer.py] => Average Accuracy (CNN top1): 77.875
2026-08-10 20:16:26,477 [fecam.py] => Learning on 120-140
2026-08-10 20:16:36,108 [fecam.py] => Using FeCAM Mahalanobis classifier
2026-08-10 20:16:50,423 [trainer.py] => CNN: {'total': 68.4, '00-09': 75.08, '10-19': 78.6, '20-29': 57.54, '30-39': 67.48, '40-49': 75.66, '50-59': 67.72, '60-69': 64.98, '70-79': 56.52, '80-89': 73.72, '90-99': 56.52, '100-109': 67.39, '110-119': 73.09, '120-129': 66.33, '130-139': 69.62, 'old': 68.47, 'new': 67.97, 'harmonic': 68.22}
2026-08-10 20:16:50,423 [trainer.py] => CNN top1 curve: [91.33, 81.27, 78.72, 73.92, 71.87, 70.14, 68.4]
2026-08-10 20:16:50,423 [trainer.py] => CNN top5 curve: [98.13, 95.04, 92.18, 90.32, 88.1, 86.98, 86.02]
2026-08-10 20:16:50,423 [trainer.py] => Average Accuracy (CNN top1): 76.52142857142857
2026-08-10 20:16:50,425 [fecam.py] => Learning on 140-160
2026-08-10 20:16:59,234 [fecam.py] => Using FeCAM Mahalanobis classifier
2026-08-10 20:17:15,643 [trainer.py] => CNN: {'total': 66.49, '00-09': 74.45, '10-19': 77.12, '20-29': 57.54, '30-39': 66.26, '40-49': 74.46, '50-59': 66.54, '60-69': 64.04, '70-79': 56.19, '80-89': 67.63, '90-99': 55.65, '100-109': 65.58, '110-119': 71.87, '120-129': 63.97, '130-139': 69.28, '140-149': 63.88, '150-159': 62.38, 'old': 66.97, 'new': 63.12, 'harmonic': 64.99}
2026-08-10 20:17:15,643 [trainer.py] => CNN top1 curve: [91.33, 81.27, 78.72, 73.92, 71.87, 70.14, 68.4, 66.49]
2026-08-10 20:17:15,643 [trainer.py] => CNN top5 curve: [98.13, 95.04, 92.18, 90.32, 88.1, 86.98, 86.02, 85.13]
2026-08-10 20:17:15,644 [trainer.py] => Average Accuracy (CNN top1): 75.2675
2026-08-10 20:17:15,645 [fecam.py] => Learning on 160-180
2026-08-10 20:17:24,860 [fecam.py] => Using FeCAM Mahalanobis classifier
2026-08-10 20:17:43,162 [trainer.py] => CNN: {'total': 66.33, '00-09': 71.92, '10-19': 74.54, '20-29': 57.14, '30-39': 64.13, '40-49': 73.51, '50-59': 64.57, '60-69': 63.41, '70-79': 54.85, '80-89': 66.99, '90-99': 51.3, '100-109': 65.22, '110-119': 71.56, '120-129': 62.29, '130-139': 66.55, '140-149': 63.55, '150-159': 61.06, '160-169': 74.74, '170-179': 78.48, 'old': 65.03, 'new': 76.71, 'harmonic': 70.39}
2026-08-10 20:17:43,162 [trainer.py] => CNN top1 curve: [91.33, 81.27, 78.72, 73.92, 71.87, 70.14, 68.4, 66.49, 66.33]
2026-08-10 20:17:43,162 [trainer.py] => CNN top5 curve: [98.13, 95.04, 92.18, 90.32, 88.1, 86.98, 86.02, 85.13, 85.01]
2026-08-10 20:17:43,162 [trainer.py] => Average Accuracy (CNN top1): 74.27444444444444
2026-08-10 20:17:43,164 [fecam.py] => Learning on 180-200
2026-08-10 20:17:52,188 [fecam.py] => Using FeCAM Mahalanobis classifier
2026-08-10 20:18:12,706 [trainer.py] => CNN: {'total': 65.93, '00-09': 70.35, '10-19': 73.8, '20-29': 55.16, '30-39': 62.31, '40-49': 71.6, '50-59': 64.57, '60-69': 63.09, '70-79': 54.18, '80-89': 66.35, '90-99': 50.87, '100-109': 65.22, '110-119': 70.34, '120-129': 62.29, '130-139': 64.85, '140-149': 62.21, '150-159': 59.74, '160-169': 74.04, '170-179': 75.0, '180-189': 71.62, '190-199': 73.75, 'old': 65.18, 'new': 72.68, 'harmonic': 68.73}
2026-08-10 20:18:12,707 [trainer.py] => CNN top1 curve: [91.33, 81.27, 78.72, 73.92, 71.87, 70.14, 68.4, 66.49, 66.33, 65.93]
2026-08-10 20:18:12,707 [trainer.py] => CNN top5 curve: [98.13, 95.04, 92.18, 90.32, 88.1, 86.98, 86.02, 85.13, 85.01, 84.98]
2026-08-10 20:18:12,707 [trainer.py] => Average Accuracy (CNN top1): 73.44000000000001
