2026-08-12 17:27:43,345 [trainer.py] => config: /home/team/zhaohongwei/Code/Research/Awesome-MMCL/configs/fecam/fecam_inr_B100_Inc20.json
2026-08-12 17:27:43,345 [trainer.py] => prefix: -
2026-08-12 17:27:43,345 [trainer.py] => dataset: imagenetr
2026-08-12 17:27:43,345 [trainer.py] => memory_size: 0
2026-08-12 17:27:43,345 [trainer.py] => memory_per_class: 0
2026-08-12 17:27:43,346 [trainer.py] => fixed_memory: False
2026-08-12 17:27:43,346 [trainer.py] => shuffle: True
2026-08-12 17:27:43,346 [trainer.py] => init_cls: 100
2026-08-12 17:27:43,346 [trainer.py] => increment: 20
2026-08-12 17:27:43,346 [trainer.py] => model_name: fecam
2026-08-12 17:27:43,346 [trainer.py] => backbone_type: clip
2026-08-12 17:27:43,346 [trainer.py] => clip_pretrained: /home/team/zhaohongwei/pretrained_models/open_clip_pytorch_model_laion400m_e32.bin
2026-08-12 17:27:43,346 [trainer.py] => device: [device(type='cuda', index=0)]
2026-08-12 17:27:43,346 [trainer.py] => seed: 2026
2026-08-12 17:27:43,346 [trainer.py] => tuned_epoch: 10
2026-08-12 17:27:43,346 [trainer.py] => init_lr: 0.05
2026-08-12 17:27:43,346 [trainer.py] => batch_size: 16
2026-08-12 17:27:43,346 [trainer.py] => weight_decay: 0.005
2026-08-12 17:27:43,346 [trainer.py] => min_lr: 0.0
2026-08-12 17:27:43,346 [trainer.py] => ffn_num: 64
2026-08-12 17:27:43,346 [trainer.py] => optimizer: sgd
2026-08-12 17:27:43,346 [trainer.py] => num_workers: 8
2026-08-12 17:27:43,346 [trainer.py] => fecam_alpha: 100.0
2026-08-12 17:27:43,346 [trainer.py] => maha_batch_size: 64
2026-08-12 17:27:43,346 [trainer.py] => total_class_num: 200
2026-08-12 17:27:43,503 [data_manager.py] => [115, 91, 15, 57, 123, 5, 193, 196, 88, 185, 191, 168, 90, 80, 106, 146, 188, 118, 44, 151, 24, 56, 42, 127, 113, 119, 197, 194, 99, 12, 65, 71, 131, 6, 46, 186, 126, 31, 117, 30, 110, 82, 102, 165, 11, 76, 53, 138, 199, 18, 163, 149, 84, 133, 170, 189, 52, 104, 45, 114, 41, 23, 160, 171, 172, 169, 177, 142, 94, 50, 128, 39, 59, 120, 107, 162, 124, 9, 74, 198, 62, 174, 166, 122, 141, 81, 10, 63, 176, 100, 136, 187, 129, 16, 72, 147, 54, 0, 98, 150, 92, 155, 4, 167, 125, 97, 153, 8, 83, 159, 85, 86, 13, 34, 173, 93, 180, 33, 21, 132, 190, 87, 121, 108, 103, 145, 37, 158, 69, 89, 2, 19, 67, 175, 51, 78, 43, 64, 66, 143, 61, 20, 144, 154, 183, 14, 140, 139, 75, 79, 22, 58, 101, 109, 32, 178, 73, 164, 55, 35, 49, 152, 137, 36, 3, 40, 70, 95, 105, 181, 157, 47, 192, 17, 60, 112, 68, 25, 38, 48, 161, 148, 111, 135, 96, 7, 27, 182, 130, 28, 179, 156, 116, 29, 195, 77, 184, 26, 134, 1]
2026-08-12 17:27:44,805 [instantiator.py] => Created a temporary directory at /tmp/tmpouqtevia
2026-08-12 17:27:44,806 [instantiator.py] => Writing /tmp/tmpouqtevia/_remote_module_non_scriptable.py
2026-08-12 17:27:44,943 [factory.py] => Loaded ViT-B-16 model config.
2026-08-12 17:27:46,445 [factory.py] => Loading pretrained ViT-B-16 weights (/home/team/zhaohongwei/pretrained_models/open_clip_pytorch_model_laion400m_e32.bin).
2026-08-12 17:27:48,200 [fecam.py] => Learning on 0-100
2026-08-12 17:27:48,219 [fecam.py] => FeCAM first-session trainable parameters: 1240832
2026-08-12 17:44:29,823 [fecam.py] => Using FeCAM Mahalanobis classifier
2026-08-12 17:44:40,372 [trainer.py] => CNN: {'total': 76.68, '00-09': 74.34, '10-19': 73.89, '20-29': 74.38, '30-39': 79.35, '40-49': 72.18, '50-59': 79.84, '60-69': 79.33, '70-79': 74.32, '80-89': 76.99, '90-99': 83.22, 'old': 0, 'new': 76.68, 'harmonic': 0.0}
2026-08-12 17:44:40,372 [trainer.py] => CNN top1 curve: [76.68]
2026-08-12 17:44:40,372 [trainer.py] => CNN top5 curve: [91.63]
2026-08-12 17:44:40,372 [trainer.py] => Average Accuracy (CNN top1): 76.68
2026-08-12 17:44:40,374 [fecam.py] => Learning on 100-120
2026-08-12 17:44:50,254 [fecam.py] => Using FeCAM Mahalanobis classifier
2026-08-12 17:45:03,183 [trainer.py] => CNN: {'total': 74.48, '00-09': 74.01, '10-19': 71.97, '20-29': 73.55, '30-39': 77.72, '40-49': 70.6, '50-59': 77.87, '60-69': 78.33, '70-79': 70.61, '80-89': 74.63, '90-99': 83.22, '100-109': 68.31, '110-119': 74.58, 'old': 75.12, 'new': 71.58, 'harmonic': 73.31}
2026-08-12 17:45:03,183 [trainer.py] => CNN top1 curve: [76.68, 74.48]
2026-08-12 17:45:03,183 [trainer.py] => CNN top5 curve: [91.63, 90.54]
2026-08-12 17:45:03,183 [trainer.py] => Average Accuracy (CNN top1): 75.58000000000001
2026-08-12 17:45:03,185 [fecam.py] => Learning on 120-140
2026-08-12 17:45:11,535 [fecam.py] => Using FeCAM Mahalanobis classifier
2026-08-12 17:45:26,007 [trainer.py] => CNN: {'total': 73.82, '00-09': 73.36, '10-19': 71.34, '20-29': 72.73, '30-39': 76.9, '40-49': 68.77, '50-59': 75.49, '60-69': 77.67, '70-79': 69.93, '80-89': 73.75, '90-99': 81.12, '100-109': 67.69, '110-119': 73.16, '120-129': 82.4, '130-139': 71.01, 'old': 73.37, 'new': 77.43, 'harmonic': 75.35}
2026-08-12 17:45:26,007 [trainer.py] => CNN top1 curve: [76.68, 74.48, 73.82]
2026-08-12 17:45:26,007 [trainer.py] => CNN top5 curve: [91.63, 90.54, 90.34]
2026-08-12 17:45:26,007 [trainer.py] => Average Accuracy (CNN top1): 74.99333333333334
2026-08-12 17:45:26,008 [fecam.py] => Learning on 140-160
2026-08-12 17:45:34,617 [fecam.py] => Using FeCAM Mahalanobis classifier
2026-08-12 17:45:50,887 [trainer.py] => CNN: {'total': 72.61, '00-09': 71.38, '10-19': 69.43, '20-29': 71.9, '30-39': 76.36, '40-49': 68.5, '50-59': 75.49, '60-69': 77.67, '70-79': 67.91, '80-89': 70.21, '90-99': 80.07, '100-109': 67.38, '110-119': 72.03, '120-129': 80.15, '130-139': 67.15, '140-149': 79.39, '150-159': 67.17, 'old': 72.47, 'new': 73.62, 'harmonic': 73.04}
2026-08-12 17:45:50,888 [trainer.py] => CNN top1 curve: [76.68, 74.48, 73.82, 72.61]
2026-08-12 17:45:50,888 [trainer.py] => CNN top5 curve: [91.63, 90.54, 90.34, 89.37]
2026-08-12 17:45:50,888 [trainer.py] => Average Accuracy (CNN top1): 74.39750000000001
2026-08-12 17:45:50,889 [fecam.py] => Learning on 160-180
2026-08-12 17:45:58,951 [fecam.py] => Using FeCAM Mahalanobis classifier
2026-08-12 17:46:16,848 [trainer.py] => CNN: {'total': 70.54, '00-09': 70.39, '10-19': 68.79, '20-29': 71.07, '30-39': 74.73, '40-49': 66.4, '50-59': 73.52, '60-69': 77.33, '70-79': 65.88, '80-89': 69.03, '90-99': 79.02, '100-109': 65.54, '110-119': 70.9, '120-129': 78.65, '130-139': 65.22, '140-149': 78.72, '150-159': 66.42, '160-169': 59.38, '170-179': 68.4, 'old': 71.32, 'new': 63.39, 'harmonic': 67.12}
2026-08-12 17:46:16,848 [trainer.py] => CNN top1 curve: [76.68, 74.48, 73.82, 72.61, 70.54]
2026-08-12 17:46:16,848 [trainer.py] => CNN top5 curve: [91.63, 90.54, 90.34, 89.37, 88.32]
2026-08-12 17:46:16,848 [trainer.py] => Average Accuracy (CNN top1): 73.626
2026-08-12 17:46:16,849 [fecam.py] => Learning on 180-200
2026-08-12 17:46:26,211 [fecam.py] => Using FeCAM Mahalanobis classifier
2026-08-12 17:46:46,549 [trainer.py] => CNN: {'total': 70.08, '00-09': 70.07, '10-19': 67.2, '20-29': 71.07, '30-39': 73.1, '40-49': 65.35, '50-59': 72.73, '60-69': 76.67, '70-79': 65.88, '80-89': 69.03, '90-99': 78.32, '100-109': 64.92, '110-119': 70.9, '120-129': 77.9, '130-139': 63.77, '140-149': 78.72, '150-159': 64.91, '160-169': 57.99, '170-179': 68.4, '180-189': 71.47, '190-199': 72.42, 'old': 69.85, 'new': 71.93, 'harmonic': 70.87}
2026-08-12 17:46:46,550 [trainer.py] => CNN top1 curve: [76.68, 74.48, 73.82, 72.61, 70.54, 70.08]
2026-08-12 17:46:46,550 [trainer.py] => CNN top5 curve: [91.63, 90.54, 90.34, 89.37, 88.32, 87.9]
2026-08-12 17:46:46,550 [trainer.py] => Average Accuracy (CNN top1): 73.03500000000001
