2026-08-12 22:46:29,397 [trainer.py] => config: /home/team/zhaohongwei/Code/Research/Awesome-MMCL/configs/fecam/fecam_objectnet_B0_Inc20.json
2026-08-12 22:46:29,397 [trainer.py] => prefix: -
2026-08-12 22:46:29,397 [trainer.py] => dataset: objectnet
2026-08-12 22:46:29,397 [trainer.py] => memory_size: 0
2026-08-12 22:46:29,397 [trainer.py] => memory_per_class: 0
2026-08-12 22:46:29,397 [trainer.py] => fixed_memory: False
2026-08-12 22:46:29,397 [trainer.py] => shuffle: True
2026-08-12 22:46:29,397 [trainer.py] => init_cls: 20
2026-08-12 22:46:29,397 [trainer.py] => increment: 20
2026-08-12 22:46:29,397 [trainer.py] => model_name: fecam
2026-08-12 22:46:29,397 [trainer.py] => backbone_type: clip
2026-08-12 22:46:29,397 [trainer.py] => clip_pretrained: /home/team/zhaohongwei/pretrained_models/open_clip_pytorch_model_laion400m_e32.bin
2026-08-12 22:46:29,397 [trainer.py] => device: [device(type='cuda', index=0)]
2026-08-12 22:46:29,397 [trainer.py] => seed: 2026
2026-08-12 22:46:29,397 [trainer.py] => tuned_epoch: 20
2026-08-12 22:46:29,397 [trainer.py] => init_lr: 0.01
2026-08-12 22:46:29,397 [trainer.py] => batch_size: 48
2026-08-12 22:46:29,397 [trainer.py] => weight_decay: 0.0005
2026-08-12 22:46:29,398 [trainer.py] => min_lr: 0.0
2026-08-12 22:46:29,398 [trainer.py] => ffn_num: 64
2026-08-12 22:46:29,398 [trainer.py] => optimizer: sgd
2026-08-12 22:46:29,398 [trainer.py] => num_workers: 8
2026-08-12 22:46:29,398 [trainer.py] => fecam_alpha: 100.0
2026-08-12 22:46:29,398 [trainer.py] => maha_batch_size: 64
2026-08-12 22:46:29,398 [trainer.py] => total_class_num: 200
2026-08-12 22:46:29,558 [data_manager.py] => [115, 91, 15, 57, 123, 5, 193, 196, 88, 185, 191, 168, 90, 80, 106, 146, 188, 118, 44, 151, 24, 56, 42, 127, 113, 119, 197, 194, 99, 12, 65, 71, 131, 6, 46, 186, 126, 31, 117, 30, 110, 82, 102, 165, 11, 76, 53, 138, 199, 18, 163, 149, 84, 133, 170, 189, 52, 104, 45, 114, 41, 23, 160, 171, 172, 169, 177, 142, 94, 50, 128, 39, 59, 120, 107, 162, 124, 9, 74, 198, 62, 174, 166, 122, 141, 81, 10, 63, 176, 100, 136, 187, 129, 16, 72, 147, 54, 0, 98, 150, 92, 155, 4, 167, 125, 97, 153, 8, 83, 159, 85, 86, 13, 34, 173, 93, 180, 33, 21, 132, 190, 87, 121, 108, 103, 145, 37, 158, 69, 89, 2, 19, 67, 175, 51, 78, 43, 64, 66, 143, 61, 20, 144, 154, 183, 14, 140, 139, 75, 79, 22, 58, 101, 109, 32, 178, 73, 164, 55, 35, 49, 152, 137, 36, 3, 40, 70, 95, 105, 181, 157, 47, 192, 17, 60, 112, 68, 25, 38, 48, 161, 148, 111, 135, 96, 7, 27, 182, 130, 28, 179, 156, 116, 29, 195, 77, 184, 26, 134, 1]
2026-08-12 22:46:30,842 [instantiator.py] => Created a temporary directory at /tmp/tmp1gib8sdu
2026-08-12 22:46:30,843 [instantiator.py] => Writing /tmp/tmp1gib8sdu/_remote_module_non_scriptable.py
2026-08-12 22:46:30,980 [factory.py] => Loaded ViT-B-16 model config.
2026-08-12 22:46:32,451 [factory.py] => Loading pretrained ViT-B-16 weights (/home/team/zhaohongwei/pretrained_models/open_clip_pytorch_model_laion400m_e32.bin).
2026-08-12 22:46:34,658 [fecam.py] => Learning on 0-20
2026-08-12 22:46:34,664 [fecam.py] => FeCAM first-session trainable parameters: 1199872
2026-08-12 23:06:24,319 [fecam.py] => Using FeCAM Mahalanobis classifier
2026-08-12 23:06:41,897 [trainer.py] => CNN: {'total': 62.69, '00-09': 66.56, '10-19': 58.91, 'old': 0, 'new': 62.69, 'harmonic': 0.0}
2026-08-12 23:06:41,897 [trainer.py] => CNN top1 curve: [62.69]
2026-08-12 23:06:41,897 [trainer.py] => CNN top5 curve: [88.23]
2026-08-12 23:06:41,898 [trainer.py] => Average Accuracy (CNN top1): 62.69
2026-08-12 23:06:41,899 [fecam.py] => Learning on 20-40
2026-08-12 23:07:42,709 [fecam.py] => Using FeCAM Mahalanobis classifier
2026-08-12 23:08:15,642 [trainer.py] => CNN: {'total': 53.5, '00-09': 61.3, '10-19': 52.57, '20-29': 54.46, '30-39': 45.65, 'old': 56.88, 'new': 50.08, 'harmonic': 53.26}
2026-08-12 23:08:15,643 [trainer.py] => CNN top1 curve: [62.69, 53.5]
2026-08-12 23:08:15,643 [trainer.py] => CNN top5 curve: [88.23, 78.63]
2026-08-12 23:08:15,643 [trainer.py] => Average Accuracy (CNN top1): 58.095
2026-08-12 23:08:15,645 [fecam.py] => Learning on 40-60
2026-08-12 23:09:10,704 [fecam.py] => Using FeCAM Mahalanobis classifier
2026-08-12 23:09:54,897 [trainer.py] => CNN: {'total': 50.82, '00-09': 54.8, '10-19': 46.22, '20-29': 51.08, '30-39': 40.68, '40-49': 55.72, '50-59': 56.37, 'old': 48.19, 'new': 56.03, 'harmonic': 51.82}
2026-08-12 23:09:54,897 [trainer.py] => CNN top1 curve: [62.69, 53.5, 50.82]
2026-08-12 23:09:54,897 [trainer.py] => CNN top5 curve: [88.23, 78.63, 75.66]
2026-08-12 23:09:54,897 [trainer.py] => Average Accuracy (CNN top1): 55.669999999999995
2026-08-12 23:09:54,898 [fecam.py] => Learning on 60-80
2026-08-12 23:10:49,948 [fecam.py] => Using FeCAM Mahalanobis classifier
2026-08-12 23:11:44,349 [trainer.py] => CNN: {'total': 49.12, '00-09': 51.08, '10-19': 43.2, '20-29': 48.31, '30-39': 37.27, '40-49': 51.32, '50-59': 52.55, '60-69': 54.79, '70-79': 54.55, 'old': 47.29, 'new': 54.66, 'harmonic': 50.71}
2026-08-12 23:11:44,349 [trainer.py] => CNN top1 curve: [62.69, 53.5, 50.82, 49.12]
2026-08-12 23:11:44,349 [trainer.py] => CNN top5 curve: [88.23, 78.63, 75.66, 74.5]
2026-08-12 23:11:44,349 [trainer.py] => Average Accuracy (CNN top1): 54.0325
2026-08-12 23:11:44,350 [fecam.py] => Learning on 80-100
2026-08-12 23:12:39,824 [fecam.py] => Using FeCAM Mahalanobis classifier
2026-08-12 23:13:50,520 [trainer.py] => CNN: {'total': 48.09, '00-09': 47.37, '10-19': 40.18, '20-29': 46.46, '30-39': 36.34, '40-49': 50.73, '50-59': 50.64, '60-69': 51.16, '70-79': 51.32, '80-89': 59.93, '90-99': 47.44, 'old': 46.77, 'new': 53.83, 'harmonic': 50.05}
2026-08-12 23:13:50,520 [trainer.py] => CNN top1 curve: [62.69, 53.5, 50.82, 49.12, 48.09]
2026-08-12 23:13:50,520 [trainer.py] => CNN top5 curve: [88.23, 78.63, 75.66, 74.5, 72.5]
2026-08-12 23:13:50,520 [trainer.py] => Average Accuracy (CNN top1): 52.84400000000001
2026-08-12 23:13:50,521 [fecam.py] => Learning on 100-120
2026-08-12 23:14:47,664 [fecam.py] => Using FeCAM Mahalanobis classifier
2026-08-12 23:16:14,330 [trainer.py] => CNN: {'total': 46.38, '00-09': 46.44, '10-19': 38.07, '20-29': 44.31, '30-39': 35.09, '40-49': 49.27, '50-59': 46.5, '60-69': 50.17, '70-79': 48.39, '80-89': 59.28, '90-99': 45.73, '100-109': 45.16, '110-119': 48.82, 'old': 46.25, 'new': 46.98, 'harmonic': 46.61}
2026-08-12 23:16:14,330 [trainer.py] => CNN top1 curve: [62.69, 53.5, 50.82, 49.12, 48.09, 46.38]
2026-08-12 23:16:14,330 [trainer.py] => CNN top5 curve: [88.23, 78.63, 75.66, 74.5, 72.5, 70.43]
2026-08-12 23:16:14,330 [trainer.py] => Average Accuracy (CNN top1): 51.76666666666667
2026-08-12 23:16:14,332 [fecam.py] => Learning on 120-140
2026-08-12 23:17:23,244 [fecam.py] => Using FeCAM Mahalanobis classifier
2026-08-12 23:19:00,253 [trainer.py] => CNN: {'total': 43.96, '00-09': 44.27, '10-19': 35.95, '20-29': 43.08, '30-39': 32.61, '40-49': 47.51, '50-59': 45.22, '60-69': 48.84, '70-79': 44.87, '80-89': 58.31, '90-99': 43.0, '100-109': 43.7, '110-119': 45.86, '120-129': 36.42, '130-139': 45.92, 'old': 44.37, 'new': 41.7, 'harmonic': 42.99}
2026-08-12 23:19:00,254 [trainer.py] => CNN top1 curve: [62.69, 53.5, 50.82, 49.12, 48.09, 46.38, 43.96]
2026-08-12 23:19:00,254 [trainer.py] => CNN top5 curve: [88.23, 78.63, 75.66, 74.5, 72.5, 70.43, 68.15]
2026-08-12 23:19:00,254 [trainer.py] => Average Accuracy (CNN top1): 50.651428571428575
2026-08-12 23:19:00,255 [fecam.py] => Learning on 140-160
2026-08-12 23:20:07,670 [fecam.py] => Using FeCAM Mahalanobis classifier
2026-08-12 23:21:57,275 [trainer.py] => CNN: {'total': 42.71, '00-09': 42.41, '10-19': 34.74, '20-29': 42.46, '30-39': 31.37, '40-49': 46.92, '50-59': 43.31, '60-69': 48.84, '70-79': 44.28, '80-89': 57.0, '90-99': 41.98, '100-109': 42.23, '110-119': 44.08, '120-129': 35.14, '130-139': 44.9, '140-149': 45.52, '150-159': 38.97, 'old': 42.82, 'new': 41.94, 'harmonic': 42.38}
2026-08-12 23:21:57,275 [trainer.py] => CNN top1 curve: [62.69, 53.5, 50.82, 49.12, 48.09, 46.38, 43.96, 42.71]
2026-08-12 23:21:57,276 [trainer.py] => CNN top5 curve: [88.23, 78.63, 75.66, 74.5, 72.5, 70.43, 68.15, 66.4]
2026-08-12 23:21:57,276 [trainer.py] => Average Accuracy (CNN top1): 49.65875
2026-08-12 23:21:57,277 [fecam.py] => Learning on 160-180
2026-08-12 23:22:59,388 [fecam.py] => Using FeCAM Mahalanobis classifier
2026-08-12 23:25:06,013 [trainer.py] => CNN: {'total': 40.41, '00-09': 40.87, '10-19': 33.53, '20-29': 42.15, '30-39': 30.43, '40-49': 46.04, '50-59': 41.4, '60-69': 48.18, '70-79': 42.52, '80-89': 56.03, '90-99': 40.61, '100-109': 40.47, '110-119': 40.83, '120-129': 34.19, '130-139': 43.11, '140-149': 44.14, '150-159': 36.68, '160-169': 37.27, '170-179': 31.4, 'old': 41.26, 'new': 34.13, 'harmonic': 37.36}
2026-08-12 23:25:06,013 [trainer.py] => CNN top1 curve: [62.69, 53.5, 50.82, 49.12, 48.09, 46.38, 43.96, 42.71, 40.41]
2026-08-12 23:25:06,013 [trainer.py] => CNN top5 curve: [88.23, 78.63, 75.66, 74.5, 72.5, 70.43, 68.15, 66.4, 64.46]
2026-08-12 23:25:06,014 [trainer.py] => Average Accuracy (CNN top1): 48.6311111111111
2026-08-12 23:25:06,016 [fecam.py] => Learning on 180-200
2026-08-12 23:26:09,129 [fecam.py] => Using FeCAM Mahalanobis classifier
2026-08-12 23:28:30,823 [trainer.py] => CNN: {'total': 38.65, '00-09': 39.94, '10-19': 33.23, '20-29': 40.31, '30-39': 28.57, '40-49': 45.45, '50-59': 39.17, '60-69': 45.87, '70-79': 40.47, '80-89': 53.42, '90-99': 40.27, '100-109': 39.0, '110-119': 40.24, '120-129': 32.91, '130-139': 41.33, '140-149': 39.66, '150-159': 35.82, '160-169': 36.36, '170-179': 30.34, '180-189': 42.59, '190-199': 29.25, 'old': 38.91, 'new': 36.49, 'harmonic': 37.66}
2026-08-12 23:28:30,824 [trainer.py] => CNN top1 curve: [62.69, 53.5, 50.82, 49.12, 48.09, 46.38, 43.96, 42.71, 40.41, 38.65]
2026-08-12 23:28:30,824 [trainer.py] => CNN top5 curve: [88.23, 78.63, 75.66, 74.5, 72.5, 70.43, 68.15, 66.4, 64.46, 63.04]
2026-08-12 23:28:30,824 [trainer.py] => Average Accuracy (CNN top1): 47.632999999999996
