2026-08-10 22:05:05,910 [trainer.py] => config: /home/team/zhaohongwei/Code/Research/Awesome-MMCL/configs/fecam/fecam_objectnet_B100_Inc20.json
2026-08-10 22:05:05,910 [trainer.py] => prefix: -
2026-08-10 22:05:05,910 [trainer.py] => dataset: objectnet
2026-08-10 22:05:05,910 [trainer.py] => memory_size: 0
2026-08-10 22:05:05,910 [trainer.py] => memory_per_class: 0
2026-08-10 22:05:05,910 [trainer.py] => fixed_memory: False
2026-08-10 22:05:05,910 [trainer.py] => shuffle: True
2026-08-10 22:05:05,910 [trainer.py] => init_cls: 100
2026-08-10 22:05:05,910 [trainer.py] => increment: 20
2026-08-10 22:05:05,910 [trainer.py] => model_name: fecam
2026-08-10 22:05:05,910 [trainer.py] => backbone_type: clip
2026-08-10 22:05:05,911 [trainer.py] => clip_pretrained: /home/team/zhaohongwei/pretrained_models/open_clip_pytorch_model_laion400m_e32.bin
2026-08-10 22:05:05,911 [trainer.py] => device: [device(type='cuda', index=0)]
2026-08-10 22:05:05,911 [trainer.py] => seed: 1993
2026-08-10 22:05:05,911 [trainer.py] => tuned_epoch: 20
2026-08-10 22:05:05,911 [trainer.py] => init_lr: 0.01
2026-08-10 22:05:05,911 [trainer.py] => batch_size: 48
2026-08-10 22:05:05,911 [trainer.py] => weight_decay: 0.0005
2026-08-10 22:05:05,911 [trainer.py] => min_lr: 0.0
2026-08-10 22:05:05,911 [trainer.py] => ffn_num: 64
2026-08-10 22:05:05,911 [trainer.py] => optimizer: sgd
2026-08-10 22:05:05,911 [trainer.py] => num_workers: 8
2026-08-10 22:05:05,911 [trainer.py] => fecam_alpha: 100.0
2026-08-10 22:05:05,911 [trainer.py] => maha_batch_size: 64
2026-08-10 22:05:05,911 [trainer.py] => total_class_num: 200
2026-08-10 22:05:06,089 [data_manager.py] => [168, 136, 51, 9, 183, 101, 171, 99, 42, 159, 191, 70, 16, 188, 27, 10, 175, 26, 68, 187, 98, 6, 85, 35, 112, 43, 100, 0, 103, 181, 88, 59, 4, 2, 116, 174, 94, 80, 106, 1, 147, 17, 141, 131, 72, 23, 173, 54, 197, 118, 87, 32, 79, 104, 91, 19, 135, 107, 178, 36, 11, 199, 142, 8, 122, 3, 28, 57, 153, 172, 190, 56, 49, 44, 97, 62, 151, 169, 194, 55, 192, 12, 189, 78, 66, 180, 15, 137, 109, 134, 92, 119, 126, 52, 170, 40, 148, 65, 144, 64, 138, 45, 77, 89, 154, 90, 71, 193, 74, 30, 113, 143, 96, 84, 67, 50, 186, 156, 69, 21, 18, 111, 108, 58, 125, 157, 150, 110, 182, 129, 166, 83, 81, 60, 13, 165, 14, 176, 63, 117, 5, 22, 145, 121, 38, 41, 82, 127, 114, 20, 31, 53, 37, 163, 196, 130, 152, 162, 86, 76, 24, 34, 184, 149, 33, 128, 198, 155, 146, 167, 139, 120, 140, 102, 47, 25, 158, 123, 46, 164, 61, 7, 115, 75, 133, 160, 105, 132, 179, 124, 48, 73, 93, 39, 95, 195, 29, 177, 185, 161]
2026-08-10 22:05:07,413 [instantiator.py] => Created a temporary directory at /tmp/tmprjqnfvsd
2026-08-10 22:05:07,413 [instantiator.py] => Writing /tmp/tmprjqnfvsd/_remote_module_non_scriptable.py
2026-08-10 22:05:07,550 [factory.py] => Loaded ViT-B-16 model config.
2026-08-10 22:05:09,069 [factory.py] => Loading pretrained ViT-B-16 weights (/home/team/zhaohongwei/pretrained_models/open_clip_pytorch_model_laion400m_e32.bin).
2026-08-10 22:05:10,774 [fecam.py] => Learning on 0-100
2026-08-10 22:05:10,795 [fecam.py] => FeCAM first-session trainable parameters: 1240832
2026-08-10 23:36:21,146 [fecam.py] => Using FeCAM Mahalanobis classifier
2026-08-10 23:37:29,232 [trainer.py] => CNN: {'total': 58.5, '00-09': 61.79, '10-19': 61.54, '20-29': 49.38, '30-39': 66.25, '40-49': 55.96, '50-59': 60.46, '60-69': 55.22, '70-79': 50.76, '80-89': 58.43, '90-99': 65.09, 'old': 0, 'new': 58.5, 'harmonic': 0.0}
2026-08-10 23:37:29,233 [trainer.py] => CNN top1 curve: [58.5]
2026-08-10 23:37:29,233 [trainer.py] => CNN top5 curve: [82.42]
2026-08-10 23:37:29,233 [trainer.py] => Average Accuracy (CNN top1): 58.5
2026-08-10 23:37:29,234 [fecam.py] => Learning on 100-120
2026-08-10 23:38:25,889 [fecam.py] => Using FeCAM Mahalanobis classifier
2026-08-10 23:39:45,697 [trainer.py] => CNN: {'total': 56.1, '00-09': 58.96, '10-19': 59.44, '20-29': 47.83, '30-39': 63.41, '40-49': 55.35, '50-59': 58.17, '60-69': 53.85, '70-79': 48.94, '80-89': 56.86, '90-99': 61.83, '100-109': 53.11, '110-119': 55.5, 'old': 56.45, 'new': 54.42, 'harmonic': 55.42}
2026-08-10 23:39:45,697 [trainer.py] => CNN top1 curve: [58.5, 56.1]
2026-08-10 23:39:45,697 [trainer.py] => CNN top5 curve: [82.42, 80.32]
2026-08-10 23:39:45,697 [trainer.py] => Average Accuracy (CNN top1): 57.3
2026-08-10 23:39:45,698 [fecam.py] => Learning on 120-140
2026-08-10 23:40:42,379 [fecam.py] => Using FeCAM Mahalanobis classifier
2026-08-10 23:42:14,525 [trainer.py] => CNN: {'total': 53.54, '00-09': 57.08, '10-19': 56.29, '20-29': 46.89, '30-39': 61.2, '40-49': 54.13, '50-59': 57.52, '60-69': 52.75, '70-79': 45.62, '80-89': 52.94, '90-99': 60.06, '100-109': 51.8, '110-119': 50.94, '120-129': 49.12, '130-139': 53.25, 'old': 53.95, 'new': 51.13, 'harmonic': 52.5}
2026-08-10 23:42:14,526 [trainer.py] => CNN top1 curve: [58.5, 56.1, 53.54]
2026-08-10 23:42:14,526 [trainer.py] => CNN top5 curve: [82.42, 80.32, 78.41]
2026-08-10 23:42:14,526 [trainer.py] => Average Accuracy (CNN top1): 56.04666666666666
2026-08-10 23:42:14,527 [fecam.py] => Learning on 140-160
2026-08-10 23:43:17,138 [fecam.py] => Using FeCAM Mahalanobis classifier
2026-08-10 23:45:04,151 [trainer.py] => CNN: {'total': 51.25, '00-09': 56.84, '10-19': 53.15, '20-29': 46.89, '30-39': 60.57, '40-49': 53.82, '50-59': 52.94, '60-69': 51.1, '70-79': 43.81, '80-89': 52.55, '90-99': 58.88, '100-109': 51.15, '110-119': 48.79, '120-129': 47.66, '130-139': 51.08, '140-149': 42.09, '150-159': 49.72, 'old': 52.11, 'new': 45.85, 'harmonic': 48.78}
2026-08-10 23:45:04,152 [trainer.py] => CNN top1 curve: [58.5, 56.1, 53.54, 51.25]
2026-08-10 23:45:04,152 [trainer.py] => CNN top5 curve: [82.42, 80.32, 78.41, 76.07]
2026-08-10 23:45:04,152 [trainer.py] => Average Accuracy (CNN top1): 54.8475
2026-08-10 23:45:04,153 [fecam.py] => Learning on 160-180
2026-08-10 23:45:58,543 [fecam.py] => Using FeCAM Mahalanobis classifier
2026-08-10 23:47:59,173 [trainer.py] => CNN: {'total': 49.67, '00-09': 54.95, '10-19': 52.1, '20-29': 44.72, '30-39': 59.31, '40-49': 53.82, '50-59': 49.67, '60-69': 49.45, '70-79': 43.2, '80-89': 51.76, '90-99': 58.58, '100-109': 51.15, '110-119': 47.99, '120-129': 47.08, '130-139': 51.08, '140-149': 40.75, '150-159': 48.62, '160-169': 45.59, '170-179': 45.0, 'old': 50.19, 'new': 45.31, 'harmonic': 47.63}
2026-08-10 23:47:59,174 [trainer.py] => CNN top1 curve: [58.5, 56.1, 53.54, 51.25, 49.67]
2026-08-10 23:47:59,174 [trainer.py] => CNN top5 curve: [82.42, 80.32, 78.41, 76.07, 74.33]
2026-08-10 23:47:59,174 [trainer.py] => Average Accuracy (CNN top1): 53.812
2026-08-10 23:47:59,175 [fecam.py] => Learning on 180-200
2026-08-10 23:48:55,961 [fecam.py] => Using FeCAM Mahalanobis classifier
2026-08-10 23:51:09,972 [trainer.py] => CNN: {'total': 47.62, '00-09': 53.54, '10-19': 51.75, '20-29': 43.48, '30-39': 59.31, '40-49': 53.52, '50-59': 48.37, '60-69': 47.8, '70-79': 41.69, '80-89': 51.76, '90-99': 57.99, '100-109': 50.16, '110-119': 45.84, '120-129': 45.61, '130-139': 50.77, '140-149': 39.14, '150-159': 46.69, '160-169': 42.86, '170-179': 42.0, '180-189': 44.95, '190-199': 37.09, 'old': 48.39, 'new': 40.55, 'harmonic': 44.12}
2026-08-10 23:51:09,972 [trainer.py] => CNN top1 curve: [58.5, 56.1, 53.54, 51.25, 49.67, 47.62]
2026-08-10 23:51:09,972 [trainer.py] => CNN top5 curve: [82.42, 80.32, 78.41, 76.07, 74.33, 73.02]
2026-08-10 23:51:09,972 [trainer.py] => Average Accuracy (CNN top1): 52.78
