2026-08-10 21:17:49,231 [trainer.py] => config: /home/team/zhaohongwei/Code/Research/Awesome-MMCL/configs/fecam/fecam_objectnet_B100_Inc20.json
2026-08-10 21:17:49,231 [trainer.py] => prefix: -
2026-08-10 21:17:49,231 [trainer.py] => dataset: objectnet
2026-08-10 21:17:49,231 [trainer.py] => memory_size: 0
2026-08-10 21:17:49,231 [trainer.py] => memory_per_class: 0
2026-08-10 21:17:49,231 [trainer.py] => fixed_memory: False
2026-08-10 21:17:49,231 [trainer.py] => shuffle: True
2026-08-10 21:17:49,231 [trainer.py] => init_cls: 100
2026-08-10 21:17:49,231 [trainer.py] => increment: 20
2026-08-10 21:17:49,231 [trainer.py] => model_name: fecam
2026-08-10 21:17:49,231 [trainer.py] => backbone_type: clip
2026-08-10 21:17:49,231 [trainer.py] => clip_pretrained: /home/team/zhaohongwei/pretrained_models/open_clip_pytorch_model_laion400m_e32.bin
2026-08-10 21:17:49,231 [trainer.py] => device: [device(type='cuda', index=0)]
2026-08-10 21:17:49,231 [trainer.py] => seed: 0
2026-08-10 21:17:49,231 [trainer.py] => tuned_epoch: 20
2026-08-10 21:17:49,231 [trainer.py] => init_lr: 0.01
2026-08-10 21:17:49,232 [trainer.py] => batch_size: 48
2026-08-10 21:17:49,232 [trainer.py] => weight_decay: 0.0005
2026-08-10 21:17:49,232 [trainer.py] => min_lr: 0.0
2026-08-10 21:17:49,232 [trainer.py] => ffn_num: 64
2026-08-10 21:17:49,232 [trainer.py] => optimizer: sgd
2026-08-10 21:17:49,232 [trainer.py] => num_workers: 8
2026-08-10 21:17:49,232 [trainer.py] => fecam_alpha: 100.0
2026-08-10 21:17:49,232 [trainer.py] => maha_batch_size: 64
2026-08-10 21:17:49,232 [trainer.py] => total_class_num: 200
2026-08-10 21:17:49,434 [data_manager.py] => [18, 170, 107, 98, 177, 182, 5, 146, 12, 152, 61, 125, 180, 154, 80, 7, 33, 130, 37, 74, 183, 145, 45, 159, 60, 123, 179, 185, 122, 44, 16, 55, 150, 111, 22, 189, 129, 4, 83, 106, 134, 66, 26, 113, 168, 63, 8, 75, 118, 143, 71, 124, 184, 97, 149, 24, 30, 160, 40, 56, 131, 96, 181, 19, 153, 92, 54, 163, 51, 86, 139, 90, 137, 101, 144, 89, 109, 14, 27, 141, 187, 46, 138, 195, 108, 62, 2, 59, 136, 197, 43, 10, 194, 73, 196, 178, 175, 126, 93, 112, 158, 191, 50, 0, 94, 110, 95, 64, 167, 41, 69, 49, 48, 85, 13, 161, 23, 186, 135, 20, 15, 78, 104, 52, 100, 76, 3, 116, 164, 198, 6, 68, 84, 121, 155, 171, 156, 91, 199, 11, 119, 102, 35, 57, 65, 1, 120, 162, 42, 105, 132, 173, 17, 38, 133, 53, 157, 128, 34, 28, 114, 151, 31, 166, 127, 176, 32, 142, 169, 147, 29, 99, 82, 79, 115, 148, 193, 72, 77, 25, 165, 81, 188, 174, 190, 39, 58, 140, 88, 70, 87, 36, 21, 9, 103, 67, 192, 117, 47, 172]
2026-08-10 21:17:50,811 [instantiator.py] => Created a temporary directory at /tmp/tmpzg_aix_i
2026-08-10 21:17:50,813 [instantiator.py] => Writing /tmp/tmpzg_aix_i/_remote_module_non_scriptable.py
2026-08-10 21:17:50,957 [factory.py] => Loaded ViT-B-16 model config.
2026-08-10 21:17:52,396 [factory.py] => Loading pretrained ViT-B-16 weights (/home/team/zhaohongwei/pretrained_models/open_clip_pytorch_model_laion400m_e32.bin).
2026-08-10 21:17:54,136 [fecam.py] => Learning on 0-100
2026-08-10 21:17:54,158 [fecam.py] => FeCAM first-session trainable parameters: 1240832
2026-08-10 22:49:47,228 [fecam.py] => Using FeCAM Mahalanobis classifier
2026-08-10 22:50:54,500 [trainer.py] => CNN: {'total': 56.87, '00-09': 57.86, '10-19': 61.54, '20-29': 53.85, '30-39': 63.35, '40-49': 55.44, '50-59': 51.17, '60-69': 56.49, '70-79': 65.76, '80-89': 53.89, '90-99': 51.03, 'old': 0, 'new': 56.87, 'harmonic': 0.0}
2026-08-10 22:50:54,501 [trainer.py] => CNN top1 curve: [56.87]
2026-08-10 22:50:54,501 [trainer.py] => CNN top5 curve: [81.29]
2026-08-10 22:50:54,501 [trainer.py] => Average Accuracy (CNN top1): 56.87
2026-08-10 22:50:54,503 [fecam.py] => Learning on 100-120
2026-08-10 22:51:54,921 [fecam.py] => Using FeCAM Mahalanobis classifier
2026-08-10 22:53:16,967 [trainer.py] => CNN: {'total': 55.98, '00-09': 56.97, '10-19': 57.69, '20-29': 51.19, '30-39': 62.73, '40-49': 53.06, '50-59': 49.5, '60-69': 54.32, '70-79': 65.08, '80-89': 52.69, '90-99': 50.15, '100-109': 60.97, '110-119': 58.43, 'old': 55.18, 'new': 59.69, 'harmonic': 57.35}
2026-08-10 22:53:16,967 [trainer.py] => CNN top1 curve: [56.87, 55.98]
2026-08-10 22:53:16,967 [trainer.py] => CNN top5 curve: [81.29, 80.09]
2026-08-10 22:53:16,967 [trainer.py] => Average Accuracy (CNN top1): 56.425
2026-08-10 22:53:16,969 [fecam.py] => Learning on 120-140
2026-08-10 22:54:11,668 [fecam.py] => Using FeCAM Mahalanobis classifier
2026-08-10 22:55:43,210 [trainer.py] => CNN: {'total': 53.57, '00-09': 56.08, '10-19': 54.9, '20-29': 50.93, '30-39': 61.8, '40-49': 50.68, '50-59': 47.83, '60-69': 50.0, '70-79': 63.05, '80-89': 48.5, '90-99': 48.97, '100-109': 60.4, '110-119': 57.87, '120-129': 50.46, '130-139': 49.24, 'old': 54.19, 'new': 49.85, 'harmonic': 51.93}
2026-08-10 22:55:43,211 [trainer.py] => CNN top1 curve: [56.87, 55.98, 53.57]
2026-08-10 22:55:43,211 [trainer.py] => CNN top5 curve: [81.29, 80.09, 78.32]
2026-08-10 22:55:43,211 [trainer.py] => Average Accuracy (CNN top1): 55.47333333333333
2026-08-10 22:55:43,212 [fecam.py] => Learning on 140-160
2026-08-10 22:56:43,191 [fecam.py] => Using FeCAM Mahalanobis classifier
2026-08-10 22:58:28,079 [trainer.py] => CNN: {'total': 52.61, '00-09': 55.49, '10-19': 53.5, '20-29': 49.87, '30-39': 60.25, '40-49': 48.98, '50-59': 46.15, '60-69': 48.65, '70-79': 62.37, '80-89': 47.9, '90-99': 47.51, '100-109': 58.97, '110-119': 57.87, '120-129': 50.15, '130-139': 45.02, '140-149': 51.51, '150-159': 57.33, 'old': 52.3, 'new': 54.62, 'harmonic': 53.43}
2026-08-10 22:58:28,080 [trainer.py] => CNN top1 curve: [56.87, 55.98, 53.57, 52.61]
2026-08-10 22:58:28,080 [trainer.py] => CNN top5 curve: [81.29, 80.09, 78.32, 77.21]
2026-08-10 22:58:28,080 [trainer.py] => Average Accuracy (CNN top1): 54.75749999999999
2026-08-10 22:58:28,082 [fecam.py] => Learning on 160-180
2026-08-10 22:59:26,042 [fecam.py] => Using FeCAM Mahalanobis classifier
2026-08-10 23:01:26,124 [trainer.py] => CNN: {'total': 50.25, '00-09': 52.82, '10-19': 52.8, '20-29': 49.34, '30-39': 60.25, '40-49': 46.6, '50-59': 44.82, '60-69': 44.86, '70-79': 61.36, '80-89': 46.71, '90-99': 45.75, '100-109': 56.98, '110-119': 56.74, '120-129': 48.31, '130-139': 42.3, '140-149': 50.6, '150-159': 56.81, '160-169': 41.8, '170-179': 45.69, 'old': 51.07, 'new': 43.95, 'harmonic': 47.24}
2026-08-10 23:01:26,124 [trainer.py] => CNN top1 curve: [56.87, 55.98, 53.57, 52.61, 50.25]
2026-08-10 23:01:26,124 [trainer.py] => CNN top5 curve: [81.29, 80.09, 78.32, 77.21, 75.17]
2026-08-10 23:01:26,124 [trainer.py] => Average Accuracy (CNN top1): 53.855999999999995
2026-08-10 23:01:26,125 [fecam.py] => Learning on 180-200
2026-08-10 23:02:22,086 [fecam.py] => Using FeCAM Mahalanobis classifier
2026-08-10 23:04:34,964 [trainer.py] => CNN: {'total': 48.58, '00-09': 52.82, '10-19': 50.7, '20-29': 46.42, '30-39': 58.7, '40-49': 45.92, '50-59': 43.48, '60-69': 43.78, '70-79': 58.98, '80-89': 45.51, '90-99': 43.11, '100-109': 56.98, '110-119': 53.37, '120-129': 46.77, '130-139': 40.79, '140-149': 48.8, '150-159': 56.02, '160-169': 41.8, '170-179': 44.39, '180-189': 54.09, '190-199': 40.87, 'old': 48.79, 'new': 46.51, 'harmonic': 47.62}
2026-08-10 23:04:34,964 [trainer.py] => CNN top1 curve: [56.87, 55.98, 53.57, 52.61, 50.25, 48.58]
2026-08-10 23:04:34,964 [trainer.py] => CNN top5 curve: [81.29, 80.09, 78.32, 77.21, 75.17, 74.02]
2026-08-10 23:04:34,964 [trainer.py] => Average Accuracy (CNN top1): 52.97666666666666
