2026-08-10 23:04:37,871 [trainer.py] => config: /home/team/zhaohongwei/Code/Research/Awesome-MMCL/configs/fecam/fecam_sun_B0_Inc30.json
2026-08-10 23:04:37,872 [trainer.py] => prefix: -
2026-08-10 23:04:37,872 [trainer.py] => dataset: sun
2026-08-10 23:04:37,872 [trainer.py] => memory_size: 0
2026-08-10 23:04:37,872 [trainer.py] => memory_per_class: 0
2026-08-10 23:04:37,872 [trainer.py] => fixed_memory: False
2026-08-10 23:04:37,872 [trainer.py] => shuffle: True
2026-08-10 23:04:37,872 [trainer.py] => init_cls: 30
2026-08-10 23:04:37,872 [trainer.py] => increment: 30
2026-08-10 23:04:37,872 [trainer.py] => model_name: fecam
2026-08-10 23:04:37,872 [trainer.py] => backbone_type: clip
2026-08-10 23:04:37,872 [trainer.py] => clip_pretrained: /home/team/zhaohongwei/pretrained_models/open_clip_pytorch_model_laion400m_e32.bin
2026-08-10 23:04:37,872 [trainer.py] => device: [device(type='cuda', index=0)]
2026-08-10 23:04:37,872 [trainer.py] => seed: 0
2026-08-10 23:04:37,872 [trainer.py] => tuned_epoch: 20
2026-08-10 23:04:37,872 [trainer.py] => init_lr: 0.01
2026-08-10 23:04:37,872 [trainer.py] => batch_size: 48
2026-08-10 23:04:37,872 [trainer.py] => weight_decay: 0.0005
2026-08-10 23:04:37,872 [trainer.py] => min_lr: 0.0
2026-08-10 23:04:37,872 [trainer.py] => ffn_num: 64
2026-08-10 23:04:37,872 [trainer.py] => optimizer: sgd
2026-08-10 23:04:37,872 [trainer.py] => num_workers: 8
2026-08-10 23:04:37,872 [trainer.py] => fecam_alpha: 100.0
2026-08-10 23:04:37,872 [trainer.py] => maha_batch_size: 64
2026-08-10 23:04:37,872 [trainer.py] => total_class_num: 300
2026-08-10 23:04:38,237 [data_manager.py] => [208, 188, 12, 221, 239, 136, 230, 206, 52, 108, 290, 15, 184, 248, 22, 74, 270, 90, 229, 164, 190, 103, 124, 129, 222, 116, 194, 286, 234, 295, 92, 66, 8, 122, 219, 150, 176, 182, 299, 5, 223, 89, 81, 34, 55, 139, 236, 64, 7, 45, 73, 213, 173, 106, 59, 253, 168, 26, 284, 153, 134, 145, 63, 293, 285, 224, 252, 111, 20, 46, 156, 228, 273, 27, 144, 259, 37, 97, 191, 135, 118, 160, 264, 214, 238, 76, 212, 225, 255, 237, 282, 44, 272, 189, 152, 158, 101, 54, 181, 18, 281, 250, 126, 171, 71, 227, 245, 205, 288, 215, 154, 159, 33, 83, 249, 60, 167, 280, 110, 21, 29, 146, 16, 56, 75, 109, 175, 201, 161, 4, 96, 166, 61, 67, 137, 198, 262, 279, 40, 268, 13, 107, 220, 3, 157, 125, 24, 30, 77, 291, 210, 19, 254, 241, 266, 80, 51, 2, 235, 104, 179, 86, 10, 199, 58, 41, 14, 155, 50, 292, 233, 123, 200, 62, 187, 226, 130, 209, 260, 43, 114, 138, 294, 218, 149, 112, 247, 98, 217, 93, 216, 162, 36, 178, 113, 0, 94, 275, 95, 296, 261, 240, 69, 49, 48, 85, 297, 141, 207, 23, 246, 148, 143, 78, 180, 100, 204, 131, 267, 298, 196, 6, 68, 203, 84, 170, 121, 140, 256, 274, 142, 257, 91, 82, 283, 11, 119, 102, 35, 57, 169, 231, 65, 1, 120, 269, 186, 42, 105, 132, 79, 17, 263, 232, 38, 133, 53, 258, 128, 28, 183, 163, 151, 244, 202, 31, 32, 127, 185, 278, 271, 147, 276, 177, 99, 197, 243, 115, 265, 72, 25, 165, 287, 174, 289, 39, 193, 88, 70, 87, 242, 277, 211, 9, 195, 251, 192, 117, 47, 172]
2026-08-10 23:04:39,822 [instantiator.py] => Created a temporary directory at /tmp/tmp4kdrl90p
2026-08-10 23:04:39,824 [instantiator.py] => Writing /tmp/tmp4kdrl90p/_remote_module_non_scriptable.py
2026-08-10 23:04:39,968 [factory.py] => Loaded ViT-B-16 model config.
2026-08-10 23:04:41,477 [factory.py] => Loading pretrained ViT-B-16 weights (/home/team/zhaohongwei/pretrained_models/open_clip_pytorch_model_laion400m_e32.bin).
2026-08-10 23:04:43,199 [fecam.py] => Learning on 0-30
2026-08-10 23:04:43,214 [fecam.py] => FeCAM first-session trainable parameters: 1204992
2026-08-10 23:21:11,258 [fecam.py] => Using FeCAM Mahalanobis classifier
2026-08-10 23:21:18,536 [trainer.py] => CNN: {'total': 95.71, '00-09': 94.48, '10-19': 97.46, '20-29': 95.52, 'old': 0, 'new': 95.71, 'harmonic': 0.0}
2026-08-10 23:21:18,536 [trainer.py] => CNN top1 curve: [95.71]
2026-08-10 23:21:18,536 [trainer.py] => CNN top5 curve: [99.88]
2026-08-10 23:21:18,537 [trainer.py] => Average Accuracy (CNN top1): 95.71
2026-08-10 23:21:18,538 [fecam.py] => Learning on 30-60
2026-08-10 23:21:50,046 [fecam.py] => Using FeCAM Mahalanobis classifier
2026-08-10 23:22:04,394 [trainer.py] => CNN: {'total': 90.16, '00-09': 90.11, '10-19': 95.69, '20-29': 90.16, '30-39': 91.15, '40-49': 85.35, '50-59': 91.25, 'old': 91.48, 'new': 89.15, 'harmonic': 90.3}
2026-08-10 23:22:04,394 [trainer.py] => CNN top1 curve: [95.71, 90.16]
2026-08-10 23:22:04,394 [trainer.py] => CNN top5 curve: [99.88, 99.66]
2026-08-10 23:22:04,394 [trainer.py] => Average Accuracy (CNN top1): 92.935
2026-08-10 23:22:04,396 [fecam.py] => Learning on 60-90
2026-08-10 23:22:35,043 [fecam.py] => Using FeCAM Mahalanobis classifier
2026-08-10 23:22:55,693 [trainer.py] => CNN: {'total': 88.36, '00-09': 85.06, '10-19': 90.86, '20-29': 87.67, '30-39': 88.99, '40-49': 84.14, '50-59': 87.35, '60-69': 91.79, '70-79': 88.65, '80-89': 89.95, 'old': 87.27, 'new': 90.38, 'harmonic': 88.8}
2026-08-10 23:22:55,693 [trainer.py] => CNN top1 curve: [95.71, 90.16, 88.36]
2026-08-10 23:22:55,693 [trainer.py] => CNN top5 curve: [99.88, 99.66, 99.1]
2026-08-10 23:22:55,693 [trainer.py] => Average Accuracy (CNN top1): 91.41000000000001
2026-08-10 23:22:55,694 [fecam.py] => Learning on 90-120
2026-08-10 23:23:27,552 [fecam.py] => Using FeCAM Mahalanobis classifier
2026-08-10 23:23:55,404 [trainer.py] => CNN: {'total': 85.61, '00-09': 80.0, '10-19': 90.36, '20-29': 85.43, '30-39': 87.74, '40-49': 83.33, '50-59': 84.63, '60-69': 88.32, '70-79': 86.31, '80-89': 88.3, '90-99': 80.18, '100-109': 86.45, '110-119': 85.36, 'old': 86.18, 'new': 84.15, 'harmonic': 85.15}
2026-08-10 23:23:55,405 [trainer.py] => CNN top1 curve: [95.71, 90.16, 88.36, 85.61]
2026-08-10 23:23:55,405 [trainer.py] => CNN top5 curve: [99.88, 99.66, 99.1, 98.56]
2026-08-10 23:23:55,405 [trainer.py] => Average Accuracy (CNN top1): 89.96000000000001
2026-08-10 23:23:55,406 [fecam.py] => Learning on 120-150
2026-08-10 23:24:26,605 [fecam.py] => Using FeCAM Mahalanobis classifier
2026-08-10 23:25:01,137 [trainer.py] => CNN: {'total': 82.97, '00-09': 77.24, '10-19': 87.82, '20-29': 85.06, '30-39': 84.11, '40-49': 82.12, '50-59': 82.68, '60-69': 80.23, '70-79': 85.59, '80-89': 87.64, '90-99': 79.58, '100-109': 85.16, '110-119': 78.64, '120-129': 86.14, '130-139': 80.73, '140-149': 84.61, 'old': 82.73, 'new': 83.94, 'harmonic': 83.33}
2026-08-10 23:25:01,138 [trainer.py] => CNN top1 curve: [95.71, 90.16, 88.36, 85.61, 82.97]
2026-08-10 23:25:01,138 [trainer.py] => CNN top5 curve: [99.88, 99.66, 99.1, 98.56, 97.96]
2026-08-10 23:25:01,138 [trainer.py] => Average Accuracy (CNN top1): 88.56200000000001
2026-08-10 23:25:01,139 [fecam.py] => Learning on 150-180
2026-08-10 23:25:21,178 [fecam.py] => Using FeCAM Mahalanobis classifier
2026-08-10 23:26:00,124 [trainer.py] => CNN: {'total': 81.71, '00-09': 75.4, '10-19': 85.53, '20-29': 84.18, '30-39': 83.2, '40-49': 81.59, '50-59': 75.1, '60-69': 78.27, '70-79': 85.23, '80-89': 86.82, '90-99': 78.52, '100-109': 82.58, '110-119': 77.23, '120-129': 85.27, '130-139': 79.17, '140-149': 83.12, '150-159': 78.91, '160-169': 88.67, '170-179': 90.0, 'old': 81.36, 'new': 84.37, 'harmonic': 82.84}
2026-08-10 23:26:00,124 [trainer.py] => CNN top1 curve: [95.71, 90.16, 88.36, 85.61, 82.97, 81.71]
2026-08-10 23:26:00,124 [trainer.py] => CNN top5 curve: [99.88, 99.66, 99.1, 98.56, 97.96, 97.75]
2026-08-10 23:26:00,124 [trainer.py] => Average Accuracy (CNN top1): 87.42000000000002
2026-08-10 23:26:00,126 [fecam.py] => Learning on 180-210
2026-08-10 23:26:31,600 [fecam.py] => Using FeCAM Mahalanobis classifier
2026-08-10 23:27:19,690 [trainer.py] => CNN: {'total': 80.18, '00-09': 74.48, '10-19': 84.26, '20-29': 83.56, '30-39': 80.7, '40-49': 80.24, '50-59': 73.15, '60-69': 77.11, '70-79': 83.06, '80-89': 86.16, '90-99': 74.13, '100-109': 81.29, '110-119': 75.63, '120-129': 84.92, '130-139': 77.26, '140-149': 79.7, '150-159': 76.52, '160-169': 87.57, '170-179': 88.48, '180-189': 76.97, '190-199': 78.14, '200-209': 85.98, 'old': 79.94, 'new': 81.52, 'harmonic': 80.72}
2026-08-10 23:27:19,690 [trainer.py] => CNN top1 curve: [95.71, 90.16, 88.36, 85.61, 82.97, 81.71, 80.18]
2026-08-10 23:27:19,690 [trainer.py] => CNN top5 curve: [99.88, 99.66, 99.1, 98.56, 97.96, 97.75, 97.41]
2026-08-10 23:27:19,690 [trainer.py] => Average Accuracy (CNN top1): 86.38571428571429
2026-08-10 23:27:19,692 [fecam.py] => Learning on 210-240
2026-08-10 23:27:42,588 [fecam.py] => Using FeCAM Mahalanobis classifier
2026-08-10 23:28:35,157 [trainer.py] => CNN: {'total': 78.82, '00-09': 72.64, '10-19': 83.5, '20-29': 82.94, '30-39': 77.07, '40-49': 79.7, '50-59': 72.96, '60-69': 74.91, '70-79': 82.34, '80-89': 85.83, '90-99': 73.68, '100-109': 80.65, '110-119': 73.02, '120-129': 83.71, '130-139': 76.91, '140-149': 78.34, '150-159': 75.88, '160-169': 86.46, '170-179': 88.18, '180-189': 76.54, '190-199': 76.37, '200-209': 80.96, '210-219': 77.27, '220-229': 81.05, '230-239': 81.45, 'old': 78.68, 'new': 80.12, 'harmonic': 79.39}
2026-08-10 23:28:35,157 [trainer.py] => CNN top1 curve: [95.71, 90.16, 88.36, 85.61, 82.97, 81.71, 80.18, 78.82]
2026-08-10 23:28:35,157 [trainer.py] => CNN top5 curve: [99.88, 99.66, 99.1, 98.56, 97.96, 97.75, 97.41, 96.96]
2026-08-10 23:28:35,157 [trainer.py] => Average Accuracy (CNN top1): 85.44
2026-08-10 23:28:35,159 [fecam.py] => Learning on 240-270
2026-08-10 23:28:58,157 [fecam.py] => Using FeCAM Mahalanobis classifier
2026-08-10 23:29:54,424 [trainer.py] => CNN: {'total': 77.28, '00-09': 70.57, '10-19': 82.99, '20-29': 82.07, '30-39': 75.14, '40-49': 79.17, '50-59': 71.98, '60-69': 74.22, '70-79': 82.16, '80-89': 85.17, '90-99': 72.62, '100-109': 79.19, '110-119': 71.72, '120-129': 83.19, '130-139': 76.04, '140-149': 77.42, '150-159': 74.6, '160-169': 86.19, '170-179': 86.06, '180-189': 76.1, '190-199': 72.53, '200-209': 80.55, '210-219': 76.14, '220-229': 80.71, '230-239': 80.69, '240-249': 76.08, '250-259': 68.13, '260-269': 73.19, 'old': 77.77, 'new': 72.15, 'harmonic': 74.85}
2026-08-10 23:29:54,424 [trainer.py] => CNN top1 curve: [95.71, 90.16, 88.36, 85.61, 82.97, 81.71, 80.18, 78.82, 77.28]
2026-08-10 23:29:54,424 [trainer.py] => CNN top5 curve: [99.88, 99.66, 99.1, 98.56, 97.96, 97.75, 97.41, 96.96, 96.32]
2026-08-10 23:29:54,424 [trainer.py] => Average Accuracy (CNN top1): 84.53333333333333
2026-08-10 23:29:54,426 [fecam.py] => Learning on 270-300
2026-08-10 23:30:18,865 [fecam.py] => Using FeCAM Mahalanobis classifier
2026-08-10 23:31:20,211 [trainer.py] => CNN: {'total': 75.53, '00-09': 69.43, '10-19': 82.74, '20-29': 70.86, '30-39': 74.01, '40-49': 77.96, '50-59': 71.01, '60-69': 73.76, '70-79': 81.26, '80-89': 85.01, '90-99': 72.01, '100-109': 78.71, '110-119': 71.41, '120-129': 78.68, '130-139': 73.26, '140-149': 76.85, '150-159': 73.64, '160-169': 86.19, '170-179': 84.85, '180-189': 75.66, '190-199': 70.01, '200-209': 80.14, '210-219': 75.23, '220-229': 79.86, '230-239': 78.78, '240-249': 74.03, '250-259': 62.27, '260-269': 71.21, '270-279': 76.76, '280-289': 63.65, '290-299': 84.84, 'old': 75.53, 'new': 75.53, 'harmonic': 75.53}
2026-08-10 23:31:20,211 [trainer.py] => CNN top1 curve: [95.71, 90.16, 88.36, 85.61, 82.97, 81.71, 80.18, 78.82, 77.28, 75.53]
2026-08-10 23:31:20,211 [trainer.py] => CNN top5 curve: [99.88, 99.66, 99.1, 98.56, 97.96, 97.75, 97.41, 96.96, 96.32, 95.76]
2026-08-10 23:31:20,211 [trainer.py] => Average Accuracy (CNN top1): 83.633
