2026-08-10 23:31:23,467 [trainer.py] => config: /home/team/zhaohongwei/Code/Research/Awesome-MMCL/configs/fecam/fecam_sun_B150_Inc30.json
2026-08-10 23:31:23,467 [trainer.py] => prefix: -
2026-08-10 23:31:23,467 [trainer.py] => dataset: sun
2026-08-10 23:31:23,467 [trainer.py] => memory_size: 0
2026-08-10 23:31:23,467 [trainer.py] => memory_per_class: 0
2026-08-10 23:31:23,467 [trainer.py] => fixed_memory: False
2026-08-10 23:31:23,467 [trainer.py] => shuffle: True
2026-08-10 23:31:23,467 [trainer.py] => init_cls: 150
2026-08-10 23:31:23,467 [trainer.py] => increment: 30
2026-08-10 23:31:23,467 [trainer.py] => model_name: fecam
2026-08-10 23:31:23,467 [trainer.py] => backbone_type: clip
2026-08-10 23:31:23,467 [trainer.py] => clip_pretrained: /home/team/zhaohongwei/pretrained_models/open_clip_pytorch_model_laion400m_e32.bin
2026-08-10 23:31:23,467 [trainer.py] => device: [device(type='cuda', index=0)]
2026-08-10 23:31:23,467 [trainer.py] => seed: 0
2026-08-10 23:31:23,467 [trainer.py] => tuned_epoch: 20
2026-08-10 23:31:23,467 [trainer.py] => init_lr: 0.01
2026-08-10 23:31:23,467 [trainer.py] => batch_size: 48
2026-08-10 23:31:23,467 [trainer.py] => weight_decay: 0.0005
2026-08-10 23:31:23,467 [trainer.py] => min_lr: 0.0
2026-08-10 23:31:23,467 [trainer.py] => ffn_num: 64
2026-08-10 23:31:23,467 [trainer.py] => optimizer: sgd
2026-08-10 23:31:23,467 [trainer.py] => num_workers: 8
2026-08-10 23:31:23,467 [trainer.py] => fecam_alpha: 100.0
2026-08-10 23:31:23,467 [trainer.py] => maha_batch_size: 64
2026-08-10 23:31:23,467 [trainer.py] => total_class_num: 300
2026-08-10 23:31:23,818 [data_manager.py] => [208, 188, 12, 221, 239, 136, 230, 206, 52, 108, 290, 15, 184, 248, 22, 74, 270, 90, 229, 164, 190, 103, 124, 129, 222, 116, 194, 286, 234, 295, 92, 66, 8, 122, 219, 150, 176, 182, 299, 5, 223, 89, 81, 34, 55, 139, 236, 64, 7, 45, 73, 213, 173, 106, 59, 253, 168, 26, 284, 153, 134, 145, 63, 293, 285, 224, 252, 111, 20, 46, 156, 228, 273, 27, 144, 259, 37, 97, 191, 135, 118, 160, 264, 214, 238, 76, 212, 225, 255, 237, 282, 44, 272, 189, 152, 158, 101, 54, 181, 18, 281, 250, 126, 171, 71, 227, 245, 205, 288, 215, 154, 159, 33, 83, 249, 60, 167, 280, 110, 21, 29, 146, 16, 56, 75, 109, 175, 201, 161, 4, 96, 166, 61, 67, 137, 198, 262, 279, 40, 268, 13, 107, 220, 3, 157, 125, 24, 30, 77, 291, 210, 19, 254, 241, 266, 80, 51, 2, 235, 104, 179, 86, 10, 199, 58, 41, 14, 155, 50, 292, 233, 123, 200, 62, 187, 226, 130, 209, 260, 43, 114, 138, 294, 218, 149, 112, 247, 98, 217, 93, 216, 162, 36, 178, 113, 0, 94, 275, 95, 296, 261, 240, 69, 49, 48, 85, 297, 141, 207, 23, 246, 148, 143, 78, 180, 100, 204, 131, 267, 298, 196, 6, 68, 203, 84, 170, 121, 140, 256, 274, 142, 257, 91, 82, 283, 11, 119, 102, 35, 57, 169, 231, 65, 1, 120, 269, 186, 42, 105, 132, 79, 17, 263, 232, 38, 133, 53, 258, 128, 28, 183, 163, 151, 244, 202, 31, 32, 127, 185, 278, 271, 147, 276, 177, 99, 197, 243, 115, 265, 72, 25, 165, 287, 174, 289, 39, 193, 88, 70, 87, 242, 277, 211, 9, 195, 251, 192, 117, 47, 172]
2026-08-10 23:31:25,521 [instantiator.py] => Created a temporary directory at /tmp/tmpyn4ytkw9
2026-08-10 23:31:25,522 [instantiator.py] => Writing /tmp/tmpyn4ytkw9/_remote_module_non_scriptable.py
2026-08-10 23:31:25,661 [factory.py] => Loaded ViT-B-16 model config.
2026-08-10 23:31:27,220 [factory.py] => Loading pretrained ViT-B-16 weights (/home/team/zhaohongwei/pretrained_models/open_clip_pytorch_model_laion400m_e32.bin).
2026-08-10 23:31:28,877 [fecam.py] => Learning on 0-150
2026-08-10 23:31:28,961 [fecam.py] => FeCAM first-session trainable parameters: 1266432
2026-08-11 01:11:40,277 [fecam.py] => Using FeCAM Mahalanobis classifier
2026-08-11 01:12:14,749 [trainer.py] => CNN: {'total': 77.55, '00-09': 67.82, '10-19': 82.49, '20-29': 81.57, '30-39': 84.79, '40-49': 79.17, '50-59': 77.43, '60-69': 73.29, '70-79': 77.3, '80-89': 79.24, '90-99': 73.83, '100-109': 79.68, '110-119': 76.93, '120-129': 80.59, '130-139': 73.61, '140-149': 73.66, 'old': 0, 'new': 77.55, 'harmonic': 0.0}
2026-08-11 01:12:14,750 [trainer.py] => CNN top1 curve: [77.55]
2026-08-11 01:12:14,750 [trainer.py] => CNN top5 curve: [95.8]
2026-08-11 01:12:14,750 [trainer.py] => Average Accuracy (CNN top1): 77.55
2026-08-11 01:12:14,751 [fecam.py] => Learning on 150-180
2026-08-11 01:12:34,242 [fecam.py] => Using FeCAM Mahalanobis classifier
2026-08-11 01:13:13,341 [trainer.py] => CNN: {'total': 75.76, '00-09': 66.67, '10-19': 80.2, '20-29': 81.2, '30-39': 82.63, '40-49': 78.9, '50-59': 71.98, '60-69': 71.79, '70-79': 76.22, '80-89': 78.09, '90-99': 72.92, '100-109': 77.58, '110-119': 75.83, '120-129': 80.42, '130-139': 72.05, '140-149': 72.18, '150-159': 65.18, '160-169': 80.11, '170-179': 80.3, 'old': 76.11, 'new': 73.07, 'harmonic': 74.56}
2026-08-11 01:13:13,341 [trainer.py] => CNN top1 curve: [77.55, 75.76]
2026-08-11 01:13:13,341 [trainer.py] => CNN top5 curve: [95.8, 95.26]
2026-08-11 01:13:13,341 [trainer.py] => Average Accuracy (CNN top1): 76.655
2026-08-11 01:13:13,342 [fecam.py] => Learning on 180-210
2026-08-11 01:13:44,514 [fecam.py] => Using FeCAM Mahalanobis classifier
2026-08-11 01:14:32,188 [trainer.py] => CNN: {'total': 74.07, '00-09': 64.83, '10-19': 79.19, '20-29': 80.45, '30-39': 78.89, '40-49': 77.02, '50-59': 71.01, '60-69': 70.4, '70-79': 74.05, '80-89': 76.77, '90-99': 71.26, '100-109': 76.13, '110-119': 74.92, '120-129': 78.34, '130-139': 71.01, '140-149': 68.87, '150-159': 62.62, '160-169': 77.62, '170-179': 79.09, '180-189': 66.67, '190-199': 69.57, '200-209': 82.09, 'old': 73.95, 'new': 74.74, 'harmonic': 74.34}
2026-08-11 01:14:32,189 [trainer.py] => CNN top1 curve: [77.55, 75.76, 74.07]
2026-08-11 01:14:32,189 [trainer.py] => CNN top5 curve: [95.8, 95.26, 94.49]
2026-08-11 01:14:32,189 [trainer.py] => Average Accuracy (CNN top1): 75.79333333333334
2026-08-11 01:14:32,191 [fecam.py] => Learning on 210-240
2026-08-11 01:14:54,467 [fecam.py] => Using FeCAM Mahalanobis classifier
2026-08-11 01:15:46,471 [trainer.py] => CNN: {'total': 72.19, '00-09': 62.76, '10-19': 78.43, '20-29': 79.58, '30-39': 77.41, '40-49': 76.48, '50-59': 70.62, '60-69': 69.94, '70-79': 72.79, '80-89': 76.77, '90-99': 71.26, '100-109': 75.65, '110-119': 71.41, '120-129': 77.3, '130-139': 69.79, '140-149': 67.16, '150-159': 61.18, '160-169': 76.8, '170-179': 78.18, '180-189': 65.57, '190-199': 67.65, '200-209': 78.3, '210-219': 65.45, '220-229': 66.67, '230-239': 70.75, 'old': 72.71, 'new': 67.7, 'harmonic': 70.12}
2026-08-11 01:15:46,472 [trainer.py] => CNN top1 curve: [77.55, 75.76, 74.07, 72.19]
2026-08-11 01:15:46,472 [trainer.py] => CNN top5 curve: [95.8, 95.26, 94.49, 93.53]
2026-08-11 01:15:46,472 [trainer.py] => Average Accuracy (CNN top1): 74.8925
2026-08-11 01:15:46,473 [fecam.py] => Learning on 240-270
2026-08-11 01:16:08,931 [fecam.py] => Using FeCAM Mahalanobis classifier
2026-08-11 01:17:04,817 [trainer.py] => CNN: {'total': 69.96, '00-09': 61.15, '10-19': 78.17, '20-29': 76.46, '30-39': 75.14, '40-49': 76.21, '50-59': 69.84, '60-69': 69.48, '70-79': 71.71, '80-89': 76.28, '90-99': 70.65, '100-109': 74.03, '110-119': 71.01, '120-129': 76.78, '130-139': 69.79, '140-149': 66.02, '150-159': 60.22, '160-169': 76.52, '170-179': 76.06, '180-189': 65.57, '190-199': 61.3, '200-209': 77.48, '210-219': 65.45, '220-229': 65.31, '230-239': 70.17, '240-249': 63.78, '250-259': 54.4, '260-269': 60.0, 'old': 71.0, 'new': 59.03, 'harmonic': 64.46}
2026-08-11 01:17:04,817 [trainer.py] => CNN top1 curve: [77.55, 75.76, 74.07, 72.19, 69.96]
2026-08-11 01:17:04,817 [trainer.py] => CNN top5 curve: [95.8, 95.26, 94.49, 93.53, 92.53]
2026-08-11 01:17:04,817 [trainer.py] => Average Accuracy (CNN top1): 73.90599999999999
2026-08-11 01:17:04,819 [fecam.py] => Learning on 270-300
2026-08-11 01:17:28,913 [fecam.py] => Using FeCAM Mahalanobis classifier
2026-08-11 01:18:30,055 [trainer.py] => CNN: {'total': 67.94, '00-09': 60.92, '10-19': 77.16, '20-29': 69.24, '30-39': 74.23, '40-49': 74.6, '50-59': 69.46, '60-69': 69.02, '70-79': 71.53, '80-89': 75.95, '90-99': 70.2, '100-109': 73.71, '110-119': 70.71, '120-129': 73.31, '130-139': 68.06, '140-149': 64.99, '150-159': 59.74, '160-169': 74.86, '170-179': 74.55, '180-189': 65.13, '190-199': 59.08, '200-209': 77.18, '210-219': 63.86, '220-229': 64.13, '230-239': 67.11, '240-249': 62.19, '250-259': 46.52, '260-269': 57.36, '270-279': 65.67, '280-289': 52.65, '290-299': 71.78, 'old': 68.36, 'new': 63.78, 'harmonic': 65.99}
2026-08-11 01:18:30,056 [trainer.py] => CNN top1 curve: [77.55, 75.76, 74.07, 72.19, 69.96, 67.94]
2026-08-11 01:18:30,056 [trainer.py] => CNN top5 curve: [95.8, 95.26, 94.49, 93.53, 92.53, 91.53]
2026-08-11 01:18:30,056 [trainer.py] => Average Accuracy (CNN top1): 72.91166666666666
