2026-08-12 18:53:06,807 [trainer.py] => config: /home/team/zhaohongwei/Code/Research/Awesome-MMCL/configs/fecam/fecam_sun_B150_Inc30.json
2026-08-12 18:53:06,808 [trainer.py] => prefix: -
2026-08-12 18:53:06,808 [trainer.py] => dataset: sun
2026-08-12 18:53:06,808 [trainer.py] => memory_size: 0
2026-08-12 18:53:06,808 [trainer.py] => memory_per_class: 0
2026-08-12 18:53:06,808 [trainer.py] => fixed_memory: False
2026-08-12 18:53:06,808 [trainer.py] => shuffle: True
2026-08-12 18:53:06,808 [trainer.py] => init_cls: 150
2026-08-12 18:53:06,808 [trainer.py] => increment: 30
2026-08-12 18:53:06,808 [trainer.py] => model_name: fecam
2026-08-12 18:53:06,808 [trainer.py] => backbone_type: clip
2026-08-12 18:53:06,808 [trainer.py] => clip_pretrained: /home/team/zhaohongwei/pretrained_models/open_clip_pytorch_model_laion400m_e32.bin
2026-08-12 18:53:06,808 [trainer.py] => device: [device(type='cuda', index=0)]
2026-08-12 18:53:06,808 [trainer.py] => seed: 2026
2026-08-12 18:53:06,808 [trainer.py] => tuned_epoch: 20
2026-08-12 18:53:06,808 [trainer.py] => init_lr: 0.01
2026-08-12 18:53:06,808 [trainer.py] => batch_size: 48
2026-08-12 18:53:06,808 [trainer.py] => weight_decay: 0.0005
2026-08-12 18:53:06,808 [trainer.py] => min_lr: 0.0
2026-08-12 18:53:06,808 [trainer.py] => ffn_num: 64
2026-08-12 18:53:06,808 [trainer.py] => optimizer: sgd
2026-08-12 18:53:06,808 [trainer.py] => num_workers: 8
2026-08-12 18:53:06,808 [trainer.py] => fecam_alpha: 100.0
2026-08-12 18:53:06,808 [trainer.py] => maha_batch_size: 64
2026-08-12 18:53:06,808 [trainer.py] => total_class_num: 300
2026-08-12 18:53:07,108 [data_manager.py] => [224, 200, 247, 134, 144, 294, 287, 225, 131, 191, 158, 138, 7, 23, 40, 155, 269, 178, 126, 44, 181, 266, 179, 275, 193, 114, 6, 235, 42, 109, 286, 230, 121, 210, 208, 102, 24, 256, 5, 254, 115, 168, 61, 184, 211, 18, 272, 227, 292, 296, 239, 107, 299, 283, 189, 202, 262, 105, 174, 206, 281, 150, 87, 265, 192, 271, 125, 74, 62, 56, 252, 197, 88, 180, 204, 46, 293, 298, 258, 146, 53, 80, 71, 37, 12, 219, 119, 4, 267, 90, 273, 65, 236, 1, 170, 100, 91, 213, 242, 209, 128, 261, 26, 50, 248, 140, 270, 185, 291, 156, 240, 199, 183, 186, 175, 81, 228, 177, 76, 52, 277, 54, 34, 94, 278, 110, 218, 99, 149, 220, 133, 234, 39, 154, 15, 233, 253, 289, 172, 187, 169, 143, 31, 198, 84, 157, 86, 173, 104, 9, 203, 147, 190, 223, 120, 30, 36, 196, 11, 288, 297, 285, 118, 129, 57, 82, 141, 241, 280, 45, 41, 151, 279, 166, 153, 217, 106, 93, 276, 123, 237, 167, 59, 48, 136, 246, 274, 244, 117, 60, 70, 229, 122, 20, 10, 63, 68, 231, 238, 171, 16, 72, 127, 232, 32, 124, 182, 0, 98, 264, 92, 38, 132, 95, 260, 97, 35, 8, 83, 163, 85, 113, 214, 13, 162, 145, 221, 33, 21, 195, 176, 215, 108, 103, 268, 165, 55, 69, 89, 2, 19, 67, 188, 284, 51, 243, 160, 222, 78, 255, 43, 142, 64, 207, 66, 161, 212, 164, 194, 14, 251, 139, 75, 79, 22, 58, 101, 73, 259, 159, 216, 226, 49, 152, 137, 3, 245, 290, 148, 47, 295, 201, 250, 17, 112, 25, 111, 135, 96, 263, 249, 27, 205, 130, 28, 116, 29, 77, 282, 257]
2026-08-12 18:53:08,858 [instantiator.py] => Created a temporary directory at /tmp/tmpsos3qd30
2026-08-12 18:53:08,858 [instantiator.py] => Writing /tmp/tmpsos3qd30/_remote_module_non_scriptable.py
2026-08-12 18:53:08,994 [factory.py] => Loaded ViT-B-16 model config.
2026-08-12 18:53:10,735 [factory.py] => Loading pretrained ViT-B-16 weights (/home/team/zhaohongwei/pretrained_models/open_clip_pytorch_model_laion400m_e32.bin).
2026-08-12 18:53:12,552 [fecam.py] => Learning on 0-150
2026-08-12 18:53:12,629 [fecam.py] => FeCAM first-session trainable parameters: 1266432
2026-08-12 20:24:12,674 [fecam.py] => Using FeCAM Mahalanobis classifier
2026-08-12 20:24:46,777 [trainer.py] => CNN: {'total': 78.34, '00-09': 76.46, '10-19': 87.73, '20-29': 83.39, '30-39': 84.58, '40-49': 68.99, '50-59': 66.9, '60-69': 73.1, '70-79': 76.5, '80-89': 75.09, '90-99': 82.36, '100-109': 81.05, '110-119': 81.2, '120-129': 81.76, '130-139': 73.29, '140-149': 71.43, 'old': 0, 'new': 78.34, 'harmonic': 0.0}
2026-08-12 20:24:46,777 [trainer.py] => CNN top1 curve: [78.34]
2026-08-12 20:24:46,777 [trainer.py] => CNN top5 curve: [95.94]
2026-08-12 20:24:46,777 [trainer.py] => Average Accuracy (CNN top1): 78.34
2026-08-12 20:24:46,779 [fecam.py] => Learning on 150-180
2026-08-12 20:25:10,817 [fecam.py] => Using FeCAM Mahalanobis classifier
2026-08-12 20:25:49,934 [trainer.py] => CNN: {'total': 76.48, '00-09': 75.55, '10-19': 82.8, '20-29': 81.95, '30-39': 83.38, '40-49': 67.87, '50-59': 64.82, '60-69': 70.85, '70-79': 74.14, '80-89': 73.4, '90-99': 80.74, '100-109': 80.69, '110-119': 80.55, '120-129': 80.33, '130-139': 73.29, '140-149': 70.41, '150-159': 76.01, '160-169': 71.12, '170-179': 82.24, 'old': 76.64, 'new': 75.58, 'harmonic': 76.11}
2026-08-12 20:25:49,934 [trainer.py] => CNN top1 curve: [78.34, 76.48]
2026-08-12 20:25:49,935 [trainer.py] => CNN top5 curve: [95.94, 95.41]
2026-08-12 20:25:49,935 [trainer.py] => Average Accuracy (CNN top1): 77.41
2026-08-12 20:25:49,936 [fecam.py] => Learning on 180-210
2026-08-12 20:26:14,223 [fecam.py] => Using FeCAM Mahalanobis classifier
2026-08-12 20:27:00,194 [trainer.py] => CNN: {'total': 74.44, '00-09': 74.45, '10-19': 81.47, '20-29': 74.91, '30-39': 82.31, '40-49': 65.39, '50-59': 63.6, '60-69': 67.04, '70-79': 72.75, '80-89': 71.13, '90-99': 79.45, '100-109': 79.96, '110-119': 79.58, '120-129': 78.78, '130-139': 72.95, '140-149': 68.11, '150-159': 72.8, '160-169': 70.13, '170-179': 81.42, '180-189': 73.16, '190-199': 76.5, '200-209': 70.66, 'old': 74.59, 'new': 73.5, 'harmonic': 74.04}
2026-08-12 20:27:00,194 [trainer.py] => CNN top1 curve: [78.34, 76.48, 74.44]
2026-08-12 20:27:00,194 [trainer.py] => CNN top5 curve: [95.94, 95.41, 94.57]
2026-08-12 20:27:00,195 [trainer.py] => Average Accuracy (CNN top1): 76.42
2026-08-12 20:27:00,197 [fecam.py] => Learning on 210-240
2026-08-12 20:27:30,961 [fecam.py] => Using FeCAM Mahalanobis classifier
2026-08-12 20:28:22,389 [trainer.py] => CNN: {'total': 72.69, '00-09': 73.54, '10-19': 80.8, '20-29': 74.19, '30-39': 81.5, '40-49': 64.49, '50-59': 62.91, '60-69': 64.37, '70-79': 71.24, '80-89': 68.68, '90-99': 79.45, '100-109': 76.35, '110-119': 78.44, '120-129': 78.19, '130-139': 71.92, '140-149': 67.86, '150-159': 72.13, '160-169': 69.14, '170-179': 77.05, '180-189': 71.74, '190-199': 75.73, '200-209': 67.67, '210-219': 76.58, '220-229': 64.81, '230-239': 68.64, 'old': 73.12, 'new': 69.85, 'harmonic': 71.45}
2026-08-12 20:28:22,389 [trainer.py] => CNN top1 curve: [78.34, 76.48, 74.44, 72.69]
2026-08-12 20:28:22,389 [trainer.py] => CNN top5 curve: [95.94, 95.41, 94.57, 93.64]
2026-08-12 20:28:22,390 [trainer.py] => Average Accuracy (CNN top1): 75.4875
2026-08-12 20:28:22,392 [fecam.py] => Learning on 240-270
2026-08-12 20:28:58,493 [fecam.py] => Using FeCAM Mahalanobis classifier
2026-08-12 20:29:55,521 [trainer.py] => CNN: {'total': 71.51, '00-09': 70.07, '10-19': 80.53, '20-29': 72.74, '30-39': 80.29, '40-49': 63.37, '50-59': 62.39, '60-69': 62.54, '70-79': 71.03, '80-89': 66.6, '90-99': 77.67, '100-109': 75.09, '110-119': 77.47, '120-129': 78.07, '130-139': 71.58, '140-149': 67.6, '150-159': 68.92, '160-169': 68.48, '170-179': 75.96, '180-189': 68.92, '190-199': 73.79, '200-209': 66.6, '210-219': 76.04, '220-229': 63.73, '230-239': 64.96, '240-249': 68.89, '250-259': 80.68, '260-269': 63.88, 'old': 71.3, 'new': 72.74, 'harmonic': 72.01}
2026-08-12 20:29:55,521 [trainer.py] => CNN top1 curve: [78.34, 76.48, 74.44, 72.69, 71.51]
2026-08-12 20:29:55,521 [trainer.py] => CNN top5 curve: [95.94, 95.41, 94.57, 93.64, 93.53]
2026-08-12 20:29:55,521 [trainer.py] => Average Accuracy (CNN top1): 74.692
2026-08-12 20:29:55,523 [fecam.py] => Learning on 270-300
2026-08-12 20:30:20,607 [fecam.py] => Using FeCAM Mahalanobis classifier
2026-08-12 20:31:25,345 [trainer.py] => CNN: {'total': 69.56, '00-09': 69.53, '10-19': 78.67, '20-29': 67.87, '30-39': 79.62, '40-49': 62.92, '50-59': 61.87, '60-69': 62.11, '70-79': 70.49, '80-89': 66.42, '90-99': 72.98, '100-109': 73.1, '110-119': 76.82, '120-129': 77.0, '130-139': 70.55, '140-149': 66.33, '150-159': 67.23, '160-169': 65.18, '170-179': 75.14, '180-189': 68.13, '190-199': 73.01, '200-209': 64.88, '210-219': 76.04, '220-229': 61.94, '230-239': 64.57, '240-249': 68.68, '250-259': 80.68, '260-269': 57.94, '270-279': 61.7, '280-289': 71.86, '290-299': 59.73, 'old': 70.09, 'new': 63.91, 'harmonic': 66.86}
2026-08-12 20:31:25,345 [trainer.py] => CNN top1 curve: [78.34, 76.48, 74.44, 72.69, 71.51, 69.56]
2026-08-12 20:31:25,345 [trainer.py] => CNN top5 curve: [95.94, 95.41, 94.57, 93.64, 93.53, 92.62]
2026-08-12 20:31:25,345 [trainer.py] => Average Accuracy (CNN top1): 73.83666666666666
