2026-08-12 18:03:55,033 [trainer.py] => config: /home/team/zhaohongwei/Code/Research/Awesome-MMCL/configs/fecam/fecam_ucf_B0_Inc10.json
2026-08-12 18:03:55,034 [trainer.py] => prefix: -
2026-08-12 18:03:55,034 [trainer.py] => dataset: ucf101
2026-08-12 18:03:55,034 [trainer.py] => memory_size: 0
2026-08-12 18:03:55,034 [trainer.py] => memory_per_class: 0
2026-08-12 18:03:55,034 [trainer.py] => fixed_memory: False
2026-08-12 18:03:55,034 [trainer.py] => shuffle: True
2026-08-12 18:03:55,034 [trainer.py] => init_cls: 10
2026-08-12 18:03:55,034 [trainer.py] => increment: 10
2026-08-12 18:03:55,034 [trainer.py] => model_name: fecam
2026-08-12 18:03:55,034 [trainer.py] => backbone_type: clip
2026-08-12 18:03:55,034 [trainer.py] => clip_pretrained: /home/team/zhaohongwei/pretrained_models/open_clip_pytorch_model_laion400m_e32.bin
2026-08-12 18:03:55,034 [trainer.py] => device: [device(type='cuda', index=0)]
2026-08-12 18:03:55,034 [trainer.py] => seed: 2026
2026-08-12 18:03:55,034 [trainer.py] => tuned_epoch: 20
2026-08-12 18:03:55,034 [trainer.py] => init_lr: 0.01
2026-08-12 18:03:55,034 [trainer.py] => batch_size: 48
2026-08-12 18:03:55,034 [trainer.py] => weight_decay: 0.0005
2026-08-12 18:03:55,034 [trainer.py] => min_lr: 0.0
2026-08-12 18:03:55,034 [trainer.py] => ffn_num: 64
2026-08-12 18:03:55,034 [trainer.py] => optimizer: sgd
2026-08-12 18:03:55,034 [trainer.py] => num_workers: 8
2026-08-12 18:03:55,034 [trainer.py] => fecam_alpha: 100.0
2026-08-12 18:03:55,034 [trainer.py] => maha_batch_size: 64
2026-08-12 18:03:55,034 [trainer.py] => total_class_num: 100
2026-08-12 18:03:55,177 [data_manager.py] => [98, 10, 4, 18, 88, 13, 8, 84, 79, 21, 85, 96, 53, 42, 52, 97, 74, 5, 58, 23, 90, 59, 16, 72, 75, 30, 43, 99, 44, 41, 0, 46, 61, 80, 65, 39, 70, 87, 89, 91, 82, 14, 12, 71, 50, 11, 15, 57, 22, 67, 45, 32, 78, 63, 66, 55, 31, 62, 35, 34, 19, 49, 24, 9, 37, 36, 3, 64, 40, 86, 81, 93, 47, 73, 17, 60, 68, 25, 38, 48, 33, 20, 83, 7, 27, 94, 54, 2, 92, 76, 69, 51, 28, 29, 95, 77, 56, 26, 6, 1]
2026-08-12 18:03:56,398 [instantiator.py] => Created a temporary directory at /tmp/tmpg_k26xxv
2026-08-12 18:03:56,398 [instantiator.py] => Writing /tmp/tmpg_k26xxv/_remote_module_non_scriptable.py
2026-08-12 18:03:56,559 [factory.py] => Loaded ViT-B-16 model config.
2026-08-12 18:03:58,271 [factory.py] => Loading pretrained ViT-B-16 weights (/home/team/zhaohongwei/pretrained_models/open_clip_pytorch_model_laion400m_e32.bin).
2026-08-12 18:04:00,212 [fecam.py] => Learning on 0-10
2026-08-12 18:04:00,216 [fecam.py] => FeCAM first-session trainable parameters: 1194752
2026-08-12 18:06:39,452 [fecam.py] => Using FeCAM Mahalanobis classifier
2026-08-12 18:06:40,769 [trainer.py] => CNN: {'total': 98.4, '00-09': 98.4, 'old': 0, 'new': 98.4, 'harmonic': 0.0}
2026-08-12 18:06:40,770 [trainer.py] => CNN top1 curve: [98.4]
2026-08-12 18:06:40,770 [trainer.py] => CNN top5 curve: [100.0]
2026-08-12 18:06:40,770 [trainer.py] => Average Accuracy (CNN top1): 98.4
2026-08-12 18:06:40,771 [fecam.py] => Learning on 10-20
2026-08-12 18:06:45,333 [fecam.py] => Using FeCAM Mahalanobis classifier
2026-08-12 18:06:47,540 [trainer.py] => CNN: {'total': 95.95, '00-09': 95.6, '10-19': 96.27, 'old': 95.6, 'new': 96.27, 'harmonic': 95.93}
2026-08-12 18:06:47,540 [trainer.py] => CNN top1 curve: [98.4, 95.95]
2026-08-12 18:06:47,540 [trainer.py] => CNN top5 curve: [100.0, 99.42]
2026-08-12 18:06:47,540 [trainer.py] => Average Accuracy (CNN top1): 97.17500000000001
2026-08-12 18:06:47,541 [fecam.py] => Learning on 20-30
2026-08-12 18:06:52,758 [fecam.py] => Using FeCAM Mahalanobis classifier
2026-08-12 18:06:55,630 [trainer.py] => CNN: {'total': 96.1, '00-09': 94.8, '10-19': 94.78, '20-29': 98.81, 'old': 94.79, 'new': 98.81, 'harmonic': 96.76}
2026-08-12 18:06:55,631 [trainer.py] => CNN top1 curve: [98.4, 95.95, 96.1]
2026-08-12 18:06:55,631 [trainer.py] => CNN top5 curve: [100.0, 99.42, 99.61]
2026-08-12 18:06:55,631 [trainer.py] => Average Accuracy (CNN top1): 96.81666666666668
2026-08-12 18:06:55,632 [fecam.py] => Learning on 30-40
2026-08-12 18:07:00,732 [fecam.py] => Using FeCAM Mahalanobis classifier
2026-08-12 18:07:04,567 [trainer.py] => CNN: {'total': 94.54, '00-09': 94.4, '10-19': 94.4, '20-29': 97.22, '30-39': 92.47, 'old': 95.32, 'new': 92.47, 'harmonic': 93.87}
2026-08-12 18:07:04,567 [trainer.py] => CNN top1 curve: [98.4, 95.95, 96.1, 94.54]
2026-08-12 18:07:04,567 [trainer.py] => CNN top5 curve: [100.0, 99.42, 99.61, 99.53]
2026-08-12 18:07:04,568 [trainer.py] => Average Accuracy (CNN top1): 96.24750000000002
2026-08-12 18:07:04,569 [fecam.py] => Learning on 40-50
2026-08-12 18:07:09,599 [fecam.py] => Using FeCAM Mahalanobis classifier
2026-08-12 18:07:14,351 [trainer.py] => CNN: {'total': 91.41, '00-09': 92.0, '10-19': 91.79, '20-29': 96.43, '30-39': 89.73, '40-49': 87.4, 'old': 92.37, 'new': 87.4, 'harmonic': 89.82}
2026-08-12 18:07:14,352 [trainer.py] => CNN top1 curve: [98.4, 95.95, 96.1, 94.54, 91.41]
2026-08-12 18:07:14,352 [trainer.py] => CNN top5 curve: [100.0, 99.42, 99.61, 99.53, 99.47]
2026-08-12 18:07:14,352 [trainer.py] => Average Accuracy (CNN top1): 95.28000000000002
2026-08-12 18:07:14,353 [fecam.py] => Learning on 50-60
2026-08-12 18:07:19,821 [fecam.py] => Using FeCAM Mahalanobis classifier
2026-08-12 18:07:25,305 [trainer.py] => CNN: {'total': 89.69, '00-09': 90.0, '10-19': 91.42, '20-29': 95.24, '30-39': 89.38, '40-49': 85.43, '50-59': 86.91, 'old': 90.27, 'new': 86.91, 'harmonic': 88.56}
2026-08-12 18:07:25,305 [trainer.py] => CNN top1 curve: [98.4, 95.95, 96.1, 94.54, 91.41, 89.69]
2026-08-12 18:07:25,305 [trainer.py] => CNN top5 curve: [100.0, 99.42, 99.61, 99.53, 99.47, 98.87]
2026-08-12 18:07:25,305 [trainer.py] => Average Accuracy (CNN top1): 94.34833333333336
2026-08-12 18:07:25,306 [fecam.py] => Learning on 60-70
2026-08-12 18:07:30,655 [fecam.py] => Using FeCAM Mahalanobis classifier
2026-08-12 18:07:37,027 [trainer.py] => CNN: {'total': 89.17, '00-09': 89.6, '10-19': 89.93, '20-29': 94.84, '30-39': 89.04, '40-49': 84.25, '50-59': 85.45, '60-69': 91.32, 'old': 88.81, 'new': 91.32, 'harmonic': 90.05}
2026-08-12 18:07:37,028 [trainer.py] => CNN top1 curve: [98.4, 95.95, 96.1, 94.54, 91.41, 89.69, 89.17]
2026-08-12 18:07:37,028 [trainer.py] => CNN top5 curve: [100.0, 99.42, 99.61, 99.53, 99.47, 98.87, 98.92]
2026-08-12 18:07:37,028 [trainer.py] => Average Accuracy (CNN top1): 93.60857142857144
2026-08-12 18:07:37,029 [fecam.py] => Learning on 70-80
2026-08-12 18:07:42,754 [fecam.py] => Using FeCAM Mahalanobis classifier
2026-08-12 18:07:49,901 [trainer.py] => CNN: {'total': 88.98, '00-09': 89.6, '10-19': 87.31, '20-29': 93.65, '30-39': 88.36, '40-49': 84.25, '50-59': 85.45, '60-69': 91.32, '70-79': 91.96, 'old': 88.52, 'new': 91.96, 'harmonic': 90.21}
2026-08-12 18:07:49,902 [trainer.py] => CNN top1 curve: [98.4, 95.95, 96.1, 94.54, 91.41, 89.69, 89.17, 88.98]
2026-08-12 18:07:49,902 [trainer.py] => CNN top5 curve: [100.0, 99.42, 99.61, 99.53, 99.47, 98.87, 98.92, 98.55]
2026-08-12 18:07:49,902 [trainer.py] => Average Accuracy (CNN top1): 93.03000000000002
2026-08-12 18:07:49,903 [fecam.py] => Learning on 80-90
2026-08-12 18:07:55,724 [fecam.py] => Using FeCAM Mahalanobis classifier
2026-08-12 18:08:03,709 [trainer.py] => CNN: {'total': 87.46, '00-09': 88.4, '10-19': 85.45, '20-29': 92.86, '30-39': 87.67, '40-49': 82.28, '50-59': 81.09, '60-69': 90.94, '70-79': 91.61, '80-89': 86.91, 'old': 87.54, 'new': 86.91, 'harmonic': 87.22}
2026-08-12 18:08:03,709 [trainer.py] => CNN top1 curve: [98.4, 95.95, 96.1, 94.54, 91.41, 89.69, 89.17, 88.98, 87.46]
2026-08-12 18:08:03,709 [trainer.py] => CNN top5 curve: [100.0, 99.42, 99.61, 99.53, 99.47, 98.87, 98.92, 98.55, 98.18]
2026-08-12 18:08:03,709 [trainer.py] => Average Accuracy (CNN top1): 92.41111111111113
2026-08-12 18:08:03,711 [fecam.py] => Learning on 90-100
2026-08-12 18:08:09,633 [fecam.py] => Using FeCAM Mahalanobis classifier
2026-08-12 18:08:18,300 [trainer.py] => CNN: {'total': 86.21, '00-09': 86.0, '10-19': 84.33, '20-29': 92.86, '30-39': 85.96, '40-49': 81.89, '50-59': 80.73, '60-69': 88.3, '70-79': 91.61, '80-89': 86.18, '90-99': 83.78, 'old': 86.43, 'new': 83.78, 'harmonic': 85.08}
2026-08-12 18:08:18,300 [trainer.py] => CNN top1 curve: [98.4, 95.95, 96.1, 94.54, 91.41, 89.69, 89.17, 88.98, 87.46, 86.21]
2026-08-12 18:08:18,300 [trainer.py] => CNN top5 curve: [100.0, 99.42, 99.61, 99.53, 99.47, 98.87, 98.92, 98.55, 98.18, 97.99]
2026-08-12 18:08:18,300 [trainer.py] => Average Accuracy (CNN top1): 91.79100000000003
