2026-08-12 18:08:21,553 [trainer.py] => config: /home/team/zhaohongwei/Code/Research/Awesome-MMCL/configs/fecam/fecam_ucf_B50_Inc10.json
2026-08-12 18:08:21,553 [trainer.py] => prefix: -
2026-08-12 18:08:21,553 [trainer.py] => dataset: ucf101
2026-08-12 18:08:21,553 [trainer.py] => memory_size: 0
2026-08-12 18:08:21,553 [trainer.py] => memory_per_class: 0
2026-08-12 18:08:21,554 [trainer.py] => fixed_memory: False
2026-08-12 18:08:21,554 [trainer.py] => shuffle: True
2026-08-12 18:08:21,554 [trainer.py] => init_cls: 50
2026-08-12 18:08:21,554 [trainer.py] => increment: 10
2026-08-12 18:08:21,554 [trainer.py] => model_name: fecam
2026-08-12 18:08:21,554 [trainer.py] => backbone_type: clip
2026-08-12 18:08:21,554 [trainer.py] => clip_pretrained: /home/team/zhaohongwei/pretrained_models/open_clip_pytorch_model_laion400m_e32.bin
2026-08-12 18:08:21,554 [trainer.py] => device: [device(type='cuda', index=0)]
2026-08-12 18:08:21,554 [trainer.py] => seed: 2026
2026-08-12 18:08:21,554 [trainer.py] => tuned_epoch: 20
2026-08-12 18:08:21,554 [trainer.py] => init_lr: 0.01
2026-08-12 18:08:21,554 [trainer.py] => batch_size: 48
2026-08-12 18:08:21,554 [trainer.py] => weight_decay: 0.0005
2026-08-12 18:08:21,554 [trainer.py] => min_lr: 0.0
2026-08-12 18:08:21,554 [trainer.py] => ffn_num: 64
2026-08-12 18:08:21,554 [trainer.py] => optimizer: sgd
2026-08-12 18:08:21,554 [trainer.py] => num_workers: 8
2026-08-12 18:08:21,554 [trainer.py] => fecam_alpha: 100.0
2026-08-12 18:08:21,554 [trainer.py] => maha_batch_size: 64
2026-08-12 18:08:21,554 [trainer.py] => total_class_num: 100
2026-08-12 18:08:21,687 [data_manager.py] => [98, 10, 4, 18, 88, 13, 8, 84, 79, 21, 85, 96, 53, 42, 52, 97, 74, 5, 58, 23, 90, 59, 16, 72, 75, 30, 43, 99, 44, 41, 0, 46, 61, 80, 65, 39, 70, 87, 89, 91, 82, 14, 12, 71, 50, 11, 15, 57, 22, 67, 45, 32, 78, 63, 66, 55, 31, 62, 35, 34, 19, 49, 24, 9, 37, 36, 3, 64, 40, 86, 81, 93, 47, 73, 17, 60, 68, 25, 38, 48, 33, 20, 83, 7, 27, 94, 54, 2, 92, 76, 69, 51, 28, 29, 95, 77, 56, 26, 6, 1]
2026-08-12 18:08:23,144 [instantiator.py] => Created a temporary directory at /tmp/tmpqqesgo5y
2026-08-12 18:08:23,145 [instantiator.py] => Writing /tmp/tmpqqesgo5y/_remote_module_non_scriptable.py
2026-08-12 18:08:23,304 [factory.py] => Loaded ViT-B-16 model config.
2026-08-12 18:08:25,513 [factory.py] => Loading pretrained ViT-B-16 weights (/home/team/zhaohongwei/pretrained_models/open_clip_pytorch_model_laion400m_e32.bin).
2026-08-12 18:08:29,394 [fecam.py] => Learning on 0-50
2026-08-12 18:08:29,406 [fecam.py] => FeCAM first-session trainable parameters: 1215232
2026-08-12 18:21:58,717 [fecam.py] => Using FeCAM Mahalanobis classifier
2026-08-12 18:22:03,169 [trainer.py] => CNN: {'total': 91.26, '00-09': 91.6, '10-19': 90.67, '20-29': 94.84, '30-39': 90.41, '40-49': 88.98, 'old': 0, 'new': 91.26, 'harmonic': 0.0}
2026-08-12 18:22:03,170 [trainer.py] => CNN top1 curve: [91.26]
2026-08-12 18:22:03,170 [trainer.py] => CNN top5 curve: [99.16]
2026-08-12 18:22:03,170 [trainer.py] => Average Accuracy (CNN top1): 91.26
2026-08-12 18:22:03,172 [fecam.py] => Learning on 50-60
2026-08-12 18:22:07,407 [fecam.py] => Using FeCAM Mahalanobis classifier
2026-08-12 18:22:12,700 [trainer.py] => CNN: {'total': 89.38, '00-09': 90.0, '10-19': 90.3, '20-29': 94.05, '30-39': 90.07, '40-49': 85.83, '50-59': 86.18, 'old': 90.05, 'new': 86.18, 'harmonic': 88.07}
2026-08-12 18:22:12,700 [trainer.py] => CNN top1 curve: [91.26, 89.38]
2026-08-12 18:22:12,700 [trainer.py] => CNN top5 curve: [99.16, 98.62]
2026-08-12 18:22:12,700 [trainer.py] => Average Accuracy (CNN top1): 90.32
2026-08-12 18:22:12,701 [fecam.py] => Learning on 60-70
2026-08-12 18:22:16,959 [fecam.py] => Using FeCAM Mahalanobis classifier
2026-08-12 18:22:23,001 [trainer.py] => CNN: {'total': 88.9, '00-09': 89.6, '10-19': 89.18, '20-29': 94.05, '30-39': 89.38, '40-49': 84.65, '50-59': 84.36, '60-69': 91.32, 'old': 88.5, 'new': 91.32, 'harmonic': 89.89}
2026-08-12 18:22:23,001 [trainer.py] => CNN top1 curve: [91.26, 89.38, 88.9]
2026-08-12 18:22:23,001 [trainer.py] => CNN top5 curve: [99.16, 98.62, 98.76]
2026-08-12 18:22:23,001 [trainer.py] => Average Accuracy (CNN top1): 89.84666666666665
2026-08-12 18:22:23,002 [fecam.py] => Learning on 70-80
2026-08-12 18:22:27,195 [fecam.py] => Using FeCAM Mahalanobis classifier
2026-08-12 18:22:34,147 [trainer.py] => CNN: {'total': 88.61, '00-09': 88.0, '10-19': 86.94, '20-29': 94.05, '30-39': 88.7, '40-49': 84.65, '50-59': 84.36, '60-69': 91.32, '70-79': 90.91, 'old': 88.25, 'new': 90.91, 'harmonic': 89.56}
2026-08-12 18:22:34,147 [trainer.py] => CNN top1 curve: [91.26, 89.38, 88.9, 88.61]
2026-08-12 18:22:34,147 [trainer.py] => CNN top5 curve: [99.16, 98.62, 98.76, 98.41]
2026-08-12 18:22:34,147 [trainer.py] => Average Accuracy (CNN top1): 89.5375
2026-08-12 18:22:34,148 [fecam.py] => Learning on 80-90
2026-08-12 18:22:38,264 [fecam.py] => Using FeCAM Mahalanobis classifier
2026-08-12 18:22:46,077 [trainer.py] => CNN: {'total': 87.26, '00-09': 87.2, '10-19': 85.07, '20-29': 93.65, '30-39': 87.67, '40-49': 83.46, '50-59': 78.91, '60-69': 91.32, '70-79': 90.21, '80-89': 88.0, 'old': 87.16, 'new': 88.0, 'harmonic': 87.58}
2026-08-12 18:22:46,077 [trainer.py] => CNN top1 curve: [91.26, 89.38, 88.9, 88.61, 87.26]
2026-08-12 18:22:46,077 [trainer.py] => CNN top5 curve: [99.16, 98.62, 98.76, 98.41, 98.1]
2026-08-12 18:22:46,077 [trainer.py] => Average Accuracy (CNN top1): 89.082
2026-08-12 18:22:46,078 [fecam.py] => Learning on 90-100
2026-08-12 18:22:50,271 [fecam.py] => Using FeCAM Mahalanobis classifier
2026-08-12 18:22:58,814 [trainer.py] => CNN: {'total': 86.06, '00-09': 85.2, '10-19': 83.96, '20-29': 93.65, '30-39': 86.64, '40-49': 83.07, '50-59': 78.91, '60-69': 88.3, '70-79': 89.86, '80-89': 86.91, '90-99': 83.78, 'old': 86.26, 'new': 83.78, 'harmonic': 85.0}
2026-08-12 18:22:58,815 [trainer.py] => CNN top1 curve: [91.26, 89.38, 88.9, 88.61, 87.26, 86.06]
2026-08-12 18:22:58,815 [trainer.py] => CNN top5 curve: [99.16, 98.62, 98.76, 98.41, 98.1, 97.95]
2026-08-12 18:22:58,815 [trainer.py] => Average Accuracy (CNN top1): 88.57833333333333
