2026-08-11 02:21:35,309 [trainer.py] => config: /home/team/zhaohongwei/Code/Research/Awesome-MMCL/configs/fecam/fecam_ucf_B50_Inc10.json
2026-08-11 02:21:35,309 [trainer.py] => prefix: -
2026-08-11 02:21:35,309 [trainer.py] => dataset: ucf101
2026-08-11 02:21:35,309 [trainer.py] => memory_size: 0
2026-08-11 02:21:35,309 [trainer.py] => memory_per_class: 0
2026-08-11 02:21:35,309 [trainer.py] => fixed_memory: False
2026-08-11 02:21:35,310 [trainer.py] => shuffle: True
2026-08-11 02:21:35,310 [trainer.py] => init_cls: 50
2026-08-11 02:21:35,310 [trainer.py] => increment: 10
2026-08-11 02:21:35,310 [trainer.py] => model_name: fecam
2026-08-11 02:21:35,310 [trainer.py] => backbone_type: clip
2026-08-11 02:21:35,310 [trainer.py] => clip_pretrained: /home/team/zhaohongwei/pretrained_models/open_clip_pytorch_model_laion400m_e32.bin
2026-08-11 02:21:35,310 [trainer.py] => device: [device(type='cuda', index=0)]
2026-08-11 02:21:35,310 [trainer.py] => seed: 1993
2026-08-11 02:21:35,310 [trainer.py] => tuned_epoch: 20
2026-08-11 02:21:35,310 [trainer.py] => init_lr: 0.01
2026-08-11 02:21:35,310 [trainer.py] => batch_size: 48
2026-08-11 02:21:35,310 [trainer.py] => weight_decay: 0.0005
2026-08-11 02:21:35,310 [trainer.py] => min_lr: 0.0
2026-08-11 02:21:35,310 [trainer.py] => ffn_num: 64
2026-08-11 02:21:35,310 [trainer.py] => optimizer: sgd
2026-08-11 02:21:35,310 [trainer.py] => num_workers: 8
2026-08-11 02:21:35,310 [trainer.py] => fecam_alpha: 100.0
2026-08-11 02:21:35,310 [trainer.py] => maha_batch_size: 64
2026-08-11 02:21:35,310 [trainer.py] => total_class_num: 100
2026-08-11 02:21:35,410 [data_manager.py] => [68, 56, 78, 8, 23, 84, 90, 65, 74, 76, 40, 89, 3, 92, 55, 9, 26, 80, 43, 38, 58, 70, 77, 1, 85, 19, 17, 50, 28, 53, 13, 81, 45, 82, 6, 59, 83, 16, 15, 44, 91, 41, 72, 60, 79, 52, 20, 10, 31, 54, 37, 95, 14, 71, 96, 98, 97, 2, 64, 66, 42, 22, 35, 86, 24, 34, 87, 21, 99, 0, 88, 27, 18, 94, 11, 12, 47, 25, 30, 46, 62, 69, 36, 61, 7, 63, 75, 5, 32, 4, 51, 48, 73, 93, 39, 67, 29, 49, 57, 33]
2026-08-11 02:21:36,537 [instantiator.py] => Created a temporary directory at /tmp/tmpl5vow8y0
2026-08-11 02:21:36,538 [instantiator.py] => Writing /tmp/tmpl5vow8y0/_remote_module_non_scriptable.py
2026-08-11 02:21:36,669 [factory.py] => Loaded ViT-B-16 model config.
2026-08-11 02:21:38,065 [factory.py] => Loading pretrained ViT-B-16 weights (/home/team/zhaohongwei/pretrained_models/open_clip_pytorch_model_laion400m_e32.bin).
2026-08-11 02:21:39,521 [fecam.py] => Learning on 0-50
2026-08-11 02:21:39,529 [fecam.py] => FeCAM first-session trainable parameters: 1215232
2026-08-11 02:36:55,395 [fecam.py] => Using FeCAM Mahalanobis classifier
2026-08-11 02:37:00,704 [trainer.py] => CNN: {'total': 91.76, '00-09': 88.54, '10-19': 94.23, '20-29': 89.45, '30-39': 91.57, '40-49': 94.89, 'old': 0, 'new': 91.76, 'harmonic': 0.0}
2026-08-11 02:37:00,704 [trainer.py] => CNN top1 curve: [91.76]
2026-08-11 02:37:00,704 [trainer.py] => CNN top5 curve: [98.86]
2026-08-11 02:37:00,705 [trainer.py] => Average Accuracy (CNN top1): 91.76
2026-08-11 02:37:00,706 [fecam.py] => Learning on 50-60
2026-08-11 02:37:05,350 [fecam.py] => Using FeCAM Mahalanobis classifier
2026-08-11 02:37:11,951 [trainer.py] => CNN: {'total': 89.18, '00-09': 85.77, '10-19': 91.92, '20-29': 88.73, '30-39': 89.16, '40-49': 94.16, '50-59': 84.65, 'old': 90.01, 'new': 84.65, 'harmonic': 87.25}
2026-08-11 02:37:11,952 [trainer.py] => CNN top1 curve: [91.76, 89.18]
2026-08-11 02:37:11,952 [trainer.py] => CNN top5 curve: [98.86, 98.65]
2026-08-11 02:37:11,952 [trainer.py] => Average Accuracy (CNN top1): 90.47
2026-08-11 02:37:11,953 [fecam.py] => Learning on 60-70
2026-08-11 02:37:17,251 [fecam.py] => Using FeCAM Mahalanobis classifier
2026-08-11 02:37:24,824 [trainer.py] => CNN: {'total': 87.95, '00-09': 81.82, '10-19': 91.54, '20-29': 87.64, '30-39': 89.16, '40-49': 93.8, '50-59': 84.65, '60-69': 86.5, 'old': 88.21, 'new': 86.5, 'harmonic': 87.35}
2026-08-11 02:37:24,824 [trainer.py] => CNN top1 curve: [91.76, 89.18, 87.95]
2026-08-11 02:37:24,824 [trainer.py] => CNN top5 curve: [98.86, 98.65, 98.69]
2026-08-11 02:37:24,824 [trainer.py] => Average Accuracy (CNN top1): 89.63
2026-08-11 02:37:24,826 [fecam.py] => Learning on 70-80
2026-08-11 02:37:30,015 [fecam.py] => Using FeCAM Mahalanobis classifier
2026-08-11 02:37:38,343 [trainer.py] => CNN: {'total': 87.39, '00-09': 81.82, '10-19': 90.38, '20-29': 86.91, '30-39': 88.76, '40-49': 92.7, '50-59': 83.4, '60-69': 85.77, '70-79': 88.85, 'old': 87.19, 'new': 88.85, 'harmonic': 88.01}
2026-08-11 02:37:38,343 [trainer.py] => CNN top1 curve: [91.76, 89.18, 87.95, 87.39]
2026-08-11 02:37:38,343 [trainer.py] => CNN top5 curve: [98.86, 98.65, 98.69, 98.42]
2026-08-11 02:37:38,343 [trainer.py] => Average Accuracy (CNN top1): 89.07
2026-08-11 02:37:38,344 [fecam.py] => Learning on 80-90
2026-08-11 02:37:43,311 [fecam.py] => Using FeCAM Mahalanobis classifier
2026-08-11 02:37:52,816 [trainer.py] => CNN: {'total': 87.28, '00-09': 80.24, '10-19': 90.38, '20-29': 86.91, '30-39': 87.95, '40-49': 92.7, '50-59': 82.57, '60-69': 85.77, '70-79': 88.46, '80-89': 89.53, 'old': 86.96, 'new': 89.53, 'harmonic': 88.23}
2026-08-11 02:37:52,816 [trainer.py] => CNN top1 curve: [91.76, 89.18, 87.95, 87.39, 87.28]
2026-08-11 02:37:52,816 [trainer.py] => CNN top5 curve: [98.86, 98.65, 98.69, 98.42, 98.36]
2026-08-11 02:37:52,816 [trainer.py] => Average Accuracy (CNN top1): 88.71199999999999
2026-08-11 02:37:52,817 [fecam.py] => Learning on 90-100
2026-08-11 02:37:57,983 [fecam.py] => Using FeCAM Mahalanobis classifier
2026-08-11 02:38:09,011 [trainer.py] => CNN: {'total': 86.24, '00-09': 79.84, '10-19': 89.62, '20-29': 86.18, '30-39': 87.15, '40-49': 92.7, '50-59': 81.74, '60-69': 85.04, '70-79': 87.69, '80-89': 88.85, '90-99': 82.49, 'old': 86.65, 'new': 82.49, 'harmonic': 84.52}
2026-08-11 02:38:09,011 [trainer.py] => CNN top1 curve: [91.76, 89.18, 87.95, 87.39, 87.28, 86.24]
2026-08-11 02:38:09,011 [trainer.py] => CNN top5 curve: [98.86, 98.65, 98.69, 98.42, 98.36, 97.88]
2026-08-11 02:38:09,011 [trainer.py] => Average Accuracy (CNN top1): 88.3
