2026-07-24 03:11:49,520 [main.py] => model_type: PF
2026-07-24 03:11:49,520 [main.py] => dataset: Cifar
2026-07-24 03:11:49,520 [main.py] => file_root: /home/team/zhaohongwei/Code/Research/Awesome-MMCL/PromptFusion-main
2026-07-24 03:11:49,520 [main.py] => data_root: /home/team/zhaohongwei/Dataset
2026-07-24 03:11:49,520 [main.py] => backbone: ViT-B-16
2026-07-24 03:11:49,520 [main.py] => herding_method: barycenter
2026-07-24 03:11:49,520 [main.py] => device: cuda
2026-07-24 03:11:49,520 [main.py] => ngpus: 1
2026-07-24 03:11:49,520 [main.py] => batch_size: 32
2026-07-24 03:11:49,520 [main.py] => memory_size: 5000
2026-07-24 03:11:49,520 [main.py] => step: 10
2026-07-24 03:11:49,520 [main.py] => initial_increment: 50
2026-07-24 03:11:49,520 [main.py] => increment: 10
2026-07-24 03:11:49,520 [main.py] => epoch: 3
2026-07-24 03:11:49,520 [main.py] => learning_rate: 0.002
2026-07-24 03:11:49,520 [main.py] => weight_decay: 0.0001
2026-07-24 03:11:49,520 [main.py] => M: 30
2026-07-24 03:11:49,520 [main.py] => vpt_prompt_length: 30
2026-07-24 03:11:49,520 [main.py] => clip_image_prompt_length: 30
2026-07-24 03:11:49,520 [main.py] => config: config/pf_cifar_50_10.json
2026-07-24 03:11:49,520 [main.py] => seed: 0
2026-07-24 03:11:49,520 [main.py] => output_folder: /home/team/zhaohongwei/Code/Research/Awesome-MMCL/PromptFusion-main/PF/Cifar/ViT-B-16/base_50_inc_10/seed_0
2026-07-24 03:11:56,172 [vision_transformer.py] => Resized position embedding: torch.Size([1, 197, 768]) to torch.Size([1, 227, 768])
2026-07-24 03:11:56,172 [vision_transformer.py] => Position embedding grid-size from [14, 14] to (14, 14)
2026-07-24 03:11:56,689 [train_pf.py] => Start Training Task 1
2026-07-24 03:11:56,695 [train_pf.py] => number of trainable params: 892581
2026-07-24 03:11:56,696 [train_pf.py] => total number of params: 211038118
2026-07-24 03:37:20,759 [train_pf.py] => Task 1 Average Accuracy is 0.934
2026-07-24 03:38:28,836 [train_pf.py] => Start Training Task 2
2026-07-24 03:38:28,843 [train_pf.py] => number of trainable params: 278501
2026-07-24 03:38:28,845 [train_pf.py] => total number of params: 210424038
2026-07-24 03:52:02,869 [train_pf.py] => Task 2 Average Accuracy is 0.925
2026-07-24 03:52:30,238 [train_pf.py] => Start Training Task 3
2026-07-24 03:52:30,245 [train_pf.py] => number of trainable params: 278821
2026-07-24 03:52:30,247 [train_pf.py] => total number of params: 210424358
2026-07-24 04:07:51,205 [train_pf.py] => Task 3 Average Accuracy is 0.911
2026-07-24 04:08:18,602 [train_pf.py] => Start Training Task 4
2026-07-24 04:08:18,609 [train_pf.py] => number of trainable params: 279141
2026-07-24 04:08:18,620 [train_pf.py] => total number of params: 210424678
2026-07-24 04:25:25,596 [train_pf.py] => Task 4 Average Accuracy is 0.902
2026-07-24 04:25:53,191 [train_pf.py] => Start Training Task 5
2026-07-24 04:25:53,210 [train_pf.py] => number of trainable params: 279461
2026-07-24 04:25:53,212 [train_pf.py] => total number of params: 210424998
2026-07-24 04:44:59,705 [train_pf.py] => Task 5 Average Accuracy is 0.908
2026-07-24 04:45:26,901 [train_pf.py] => Start Training Task 6
2026-07-24 04:45:26,909 [train_pf.py] => number of trainable params: 279781
2026-07-24 04:45:26,910 [train_pf.py] => total number of params: 210425318
2026-07-24 05:06:36,622 [train_pf.py] => Task 6 Average Accuracy is 0.892
2026-07-24 05:07:04,014 [main.py] => CNN top1 curve: [93.4, 92.5, 91.07, 90.22, 90.8, 89.17]
2026-07-24 05:07:04,018 [main.py] => Average Accuracy (CNN top1): 91.19
2026-07-24 05:07:04,018 [main.py] => Last Accuracy: 89.17
2026-07-24 05:07:04,018 [main.py] => Finished Cifar_base50_inc10 seed=0
2026-07-24 05:07:04,018 [main.py] => Backbone: ViT-B/16
