2026-07-20 03:54:55,019 [main.py] => model_type: PF
2026-07-20 03:54:55,019 [main.py] => dataset: Cifar
2026-07-20 03:54:55,019 [main.py] => file_root: /home/team/zhaohongwei/Code/Research/Awesome-MMCL/PromptFusion-main
2026-07-20 03:54:55,019 [main.py] => data_root: /home/team/zhaohongwei/Dataset
2026-07-20 03:54:55,019 [main.py] => backbone: ViT-B-16
2026-07-20 03:54:55,019 [main.py] => herding_method: barycenter
2026-07-20 03:54:55,019 [main.py] => device: cuda
2026-07-20 03:54:55,019 [main.py] => ngpus: 1
2026-07-20 03:54:55,019 [main.py] => batch_size: 32
2026-07-20 03:54:55,019 [main.py] => memory_size: 5000
2026-07-20 03:54:55,019 [main.py] => step: 5
2026-07-20 03:54:55,019 [main.py] => epoch: 3
2026-07-20 03:54:55,019 [main.py] => learning_rate: 0.002
2026-07-20 03:54:55,019 [main.py] => weight_decay: 0.0001
2026-07-20 03:54:55,019 [main.py] => M: 30
2026-07-20 03:54:55,019 [main.py] => vpt_prompt_length: 30
2026-07-20 03:54:55,019 [main.py] => clip_image_prompt_length: 30
2026-07-20 03:54:55,019 [main.py] => config: ./config/pf_cifar_20_20.json
2026-07-20 03:54:55,019 [main.py] => seed: 1993
2026-07-20 03:54:55,019 [main.py] => output_folder: /home/team/zhaohongwei/Code/Research/Awesome-MMCL/PromptFusion-main/PF/Cifar/ViT-B-16/seed_1993
2026-07-20 03:55:02,849 [vision_transformer.py] => Resized position embedding: torch.Size([1, 197, 768]) to torch.Size([1, 227, 768])
2026-07-20 03:55:02,850 [vision_transformer.py] => Position embedding grid-size from [14, 14] to (14, 14)
2026-07-20 03:55:03,698 [train_pf.py] => Start Training Task 1
2026-07-20 03:55:03,709 [train_pf.py] => number of trainable params: 430821
2026-07-20 03:55:03,710 [train_pf.py] => total number of params: 210576358
2026-07-20 04:22:49,094 [train_pf.py] => Task 1 Average Accuracy is 0.965
2026-07-20 04:24:19,833 [train_pf.py] => Start Training Task 2
2026-07-20 04:24:19,838 [train_pf.py] => number of trainable params: 431461
2026-07-20 04:24:19,839 [train_pf.py] => total number of params: 210576998
2026-07-20 05:11:27,042 [train_pf.py] => Task 2 Average Accuracy is 0.936
2026-07-20 05:13:36,393 [train_pf.py] => Start Training Task 3
2026-07-20 05:13:36,400 [train_pf.py] => number of trainable params: 432101
2026-07-20 05:13:36,401 [train_pf.py] => total number of params: 210577638
2026-07-20 06:08:59,334 [train_pf.py] => Task 3 Average Accuracy is 0.908
2026-07-20 06:11:08,141 [train_pf.py] => Start Training Task 4
2026-07-20 06:11:08,148 [train_pf.py] => number of trainable params: 432741
2026-07-20 06:11:08,150 [train_pf.py] => total number of params: 210578278
2026-07-20 07:14:34,862 [train_pf.py] => Task 4 Average Accuracy is 0.897
2026-07-20 07:16:45,350 [train_pf.py] => Start Training Task 5
2026-07-20 07:16:45,357 [train_pf.py] => number of trainable params: 433381
2026-07-20 07:16:45,359 [train_pf.py] => total number of params: 210578918
2026-07-20 08:34:41,387 [train_pf.py] => Task 5 Average Accuracy is 0.884
2026-07-20 08:36:51,066 [main.py] => CNN top1 curve: [96.5, 93.65, 90.83, 89.68, 88.42]
2026-07-20 08:36:51,074 [main.py] => Average Accuracy (CNN top1): 91.82
2026-07-20 08:36:51,074 [main.py] => Last Accuracy: 88.42
2026-07-20 08:36:51,075 [main.py] => Finished Cifar_inc20 seed=1993
2026-07-20 08:36:51,075 [main.py] => Backbone: ViT-B/16
