2026-07-24 17:19:57,172 [main.py] => model_type: PF
2026-07-24 17:19:57,172 [main.py] => dataset: CUB200
2026-07-24 17:19:57,172 [main.py] => file_root: /home/team/zhaohongwei/Code/Research/Awesome-MMCL/PromptFusion-main
2026-07-24 17:19:57,172 [main.py] => data_root: /home/team/zhaohongwei/Dataset
2026-07-24 17:19:57,172 [main.py] => backbone: ViT-B-16
2026-07-24 17:19:57,172 [main.py] => herding_method: barycenter
2026-07-24 17:19:57,172 [main.py] => device: cuda
2026-07-24 17:19:57,172 [main.py] => ngpus: 1
2026-07-24 17:19:57,172 [main.py] => batch_size: 32
2026-07-24 17:19:57,172 [main.py] => memory_size: 5000
2026-07-24 17:19:57,172 [main.py] => step: 10
2026-07-24 17:19:57,172 [main.py] => initial_increment: 20
2026-07-24 17:19:57,172 [main.py] => increment: 20
2026-07-24 17:19:57,172 [main.py] => epoch: 3
2026-07-24 17:19:57,172 [main.py] => learning_rate: 0.002
2026-07-24 17:19:57,172 [main.py] => weight_decay: 0.0001
2026-07-24 17:19:57,172 [main.py] => M: 30
2026-07-24 17:19:57,172 [main.py] => vpt_prompt_length: 30
2026-07-24 17:19:57,172 [main.py] => clip_image_prompt_length: 30
2026-07-24 17:19:57,172 [main.py] => config: config/pf_cub_20_20.json
2026-07-24 17:19:57,172 [main.py] => seed: 2026
2026-07-24 17:19:57,172 [main.py] => output_folder: /home/team/zhaohongwei/Code/Research/Awesome-MMCL/PromptFusion-main/PF/CUB200/ViT-B-16/seed_2026
2026-07-24 17:20:02,677 [vision_transformer.py] => Resized position embedding: torch.Size([1, 197, 768]) to torch.Size([1, 227, 768])
2026-07-24 17:20:02,677 [vision_transformer.py] => Position embedding grid-size from [14, 14] to (14, 14)
2026-07-24 17:20:03,097 [train_pf.py] => Start Training Task 1
2026-07-24 17:20:03,103 [train_pf.py] => number of trainable params: 507721
2026-07-24 17:20:03,104 [train_pf.py] => total number of params: 210653258
2026-07-24 17:20:45,906 [train_pf.py] => Task 1 Average Accuracy is 0.901
2026-07-24 17:20:48,631 [train_pf.py] => Start Training Task 2
2026-07-24 17:20:48,638 [train_pf.py] => number of trainable params: 508361
2026-07-24 17:20:48,640 [train_pf.py] => total number of params: 210653898
2026-07-24 17:22:30,677 [train_pf.py] => Task 2 Average Accuracy is 0.849
2026-07-24 17:22:34,921 [train_pf.py] => Start Training Task 3
2026-07-24 17:22:34,929 [train_pf.py] => number of trainable params: 509001
2026-07-24 17:22:34,931 [train_pf.py] => total number of params: 210654538
2026-07-24 17:25:31,713 [train_pf.py] => Task 3 Average Accuracy is 0.867
2026-07-24 17:25:37,668 [train_pf.py] => Start Training Task 4
2026-07-24 17:25:37,675 [train_pf.py] => number of trainable params: 509641
2026-07-24 17:25:37,677 [train_pf.py] => total number of params: 210655178
2026-07-24 17:30:11,981 [train_pf.py] => Task 4 Average Accuracy is 0.857
2026-07-24 17:30:19,508 [train_pf.py] => Start Training Task 5
2026-07-24 17:30:19,525 [train_pf.py] => number of trainable params: 510281
2026-07-24 17:30:19,527 [train_pf.py] => total number of params: 210655818
2026-07-24 17:36:45,288 [train_pf.py] => Task 5 Average Accuracy is 0.870
2026-07-24 17:36:54,360 [train_pf.py] => Start Training Task 6
2026-07-24 17:36:54,367 [train_pf.py] => number of trainable params: 510921
2026-07-24 17:36:54,369 [train_pf.py] => total number of params: 210656458
2026-07-24 17:45:09,981 [train_pf.py] => Task 6 Average Accuracy is 0.858
2026-07-24 17:45:20,725 [train_pf.py] => Start Training Task 7
2026-07-24 17:45:20,739 [train_pf.py] => number of trainable params: 511561
2026-07-24 17:45:20,740 [train_pf.py] => total number of params: 210657098
2026-07-24 17:56:01,589 [train_pf.py] => Task 7 Average Accuracy is 0.854
2026-07-24 17:56:13,982 [train_pf.py] => Start Training Task 8
2026-07-24 17:56:13,997 [train_pf.py] => number of trainable params: 512201
2026-07-24 17:56:13,999 [train_pf.py] => total number of params: 210657738
2026-07-24 18:09:21,407 [train_pf.py] => Task 8 Average Accuracy is 0.852
2026-07-24 18:09:35,293 [train_pf.py] => Start Training Task 9
2026-07-24 18:09:35,300 [train_pf.py] => number of trainable params: 512841
2026-07-24 18:09:35,302 [train_pf.py] => total number of params: 210658378
2026-07-24 18:25:29,822 [train_pf.py] => Task 9 Average Accuracy is 0.851
2026-07-24 18:25:45,492 [train_pf.py] => Start Training Task 10
2026-07-24 18:25:45,499 [train_pf.py] => number of trainable params: 513481
2026-07-24 18:25:45,501 [train_pf.py] => total number of params: 210659018
2026-07-24 18:44:07,290 [train_pf.py] => Task 10 Average Accuracy is 0.855
2026-07-24 18:44:23,051 [main.py] => CNN top1 curve: [90.1, 84.9, 86.73, 85.68, 87.0, 85.77, 85.43, 85.16, 85.07, 85.48]
2026-07-24 18:44:23,052 [main.py] => Average Accuracy (CNN top1): 86.13
2026-07-24 18:44:23,052 [main.py] => Last Accuracy: 85.48
2026-07-24 18:44:23,053 [main.py] => Finished CUB200_base0_inc20 seed=2026
2026-07-24 18:44:23,053 [main.py] => Backbone: ViT-B/16
