2026-07-24 18:44:29,324 [main.py] => model_type: PF
2026-07-24 18:44:29,324 [main.py] => dataset: CUB200
2026-07-24 18:44:29,324 [main.py] => file_root: /home/team/zhaohongwei/Code/Research/Awesome-MMCL/PromptFusion-main
2026-07-24 18:44:29,324 [main.py] => data_root: /home/team/zhaohongwei/Dataset
2026-07-24 18:44:29,324 [main.py] => backbone: ViT-B-16
2026-07-24 18:44:29,324 [main.py] => herding_method: barycenter
2026-07-24 18:44:29,324 [main.py] => device: cuda
2026-07-24 18:44:29,324 [main.py] => ngpus: 1
2026-07-24 18:44:29,324 [main.py] => batch_size: 32
2026-07-24 18:44:29,324 [main.py] => memory_size: 5000
2026-07-24 18:44:29,324 [main.py] => step: 10
2026-07-24 18:44:29,324 [main.py] => initial_increment: 20
2026-07-24 18:44:29,324 [main.py] => increment: 20
2026-07-24 18:44:29,325 [main.py] => epoch: 3
2026-07-24 18:44:29,325 [main.py] => learning_rate: 0.002
2026-07-24 18:44:29,325 [main.py] => weight_decay: 0.0001
2026-07-24 18:44:29,325 [main.py] => M: 30
2026-07-24 18:44:29,325 [main.py] => vpt_prompt_length: 30
2026-07-24 18:44:29,325 [main.py] => clip_image_prompt_length: 30
2026-07-24 18:44:29,325 [main.py] => config: config/pf_cub_20_20.json
2026-07-24 18:44:29,325 [main.py] => seed: 0
2026-07-24 18:44:29,325 [main.py] => output_folder: /home/team/zhaohongwei/Code/Research/Awesome-MMCL/PromptFusion-main/PF/CUB200/ViT-B-16/seed_0
2026-07-24 18:44:34,792 [vision_transformer.py] => Resized position embedding: torch.Size([1, 197, 768]) to torch.Size([1, 227, 768])
2026-07-24 18:44:34,792 [vision_transformer.py] => Position embedding grid-size from [14, 14] to (14, 14)
2026-07-24 18:44:35,226 [train_pf.py] => Start Training Task 1
2026-07-24 18:44:35,231 [train_pf.py] => number of trainable params: 507721
2026-07-24 18:44:35,232 [train_pf.py] => total number of params: 210653258
2026-07-24 18:45:17,912 [train_pf.py] => Task 1 Average Accuracy is 0.887
2026-07-24 18:45:20,720 [train_pf.py] => Start Training Task 2
2026-07-24 18:45:20,727 [train_pf.py] => number of trainable params: 508361
2026-07-24 18:45:20,729 [train_pf.py] => total number of params: 210653898
2026-07-24 18:47:02,202 [train_pf.py] => Task 2 Average Accuracy is 0.850
2026-07-24 18:47:06,546 [train_pf.py] => Start Training Task 3
2026-07-24 18:47:06,553 [train_pf.py] => number of trainable params: 509001
2026-07-24 18:47:06,564 [train_pf.py] => total number of params: 210654538
2026-07-24 18:50:01,674 [train_pf.py] => Task 3 Average Accuracy is 0.877
2026-07-24 18:50:07,547 [train_pf.py] => Start Training Task 4
2026-07-24 18:50:07,554 [train_pf.py] => number of trainable params: 509641
2026-07-24 18:50:07,564 [train_pf.py] => total number of params: 210655178
2026-07-24 18:54:34,777 [train_pf.py] => Task 4 Average Accuracy is 0.863
2026-07-24 18:54:42,239 [train_pf.py] => Start Training Task 5
2026-07-24 18:54:42,247 [train_pf.py] => number of trainable params: 510281
2026-07-24 18:54:42,248 [train_pf.py] => total number of params: 210655818
2026-07-24 19:00:52,195 [train_pf.py] => Task 5 Average Accuracy is 0.878
2026-07-24 19:01:01,187 [train_pf.py] => Start Training Task 6
2026-07-24 19:01:01,203 [train_pf.py] => number of trainable params: 510921
2026-07-24 19:01:01,205 [train_pf.py] => total number of params: 210656458
2026-07-24 19:09:07,993 [train_pf.py] => Task 6 Average Accuracy is 0.860
2026-07-24 19:09:18,662 [train_pf.py] => Start Training Task 7
2026-07-24 19:09:18,669 [train_pf.py] => number of trainable params: 511561
2026-07-24 19:09:18,681 [train_pf.py] => total number of params: 210657098
2026-07-24 19:19:49,974 [train_pf.py] => Task 7 Average Accuracy is 0.852
2026-07-24 19:20:02,185 [train_pf.py] => Start Training Task 8
2026-07-24 19:20:02,192 [train_pf.py] => number of trainable params: 512201
2026-07-24 19:20:02,193 [train_pf.py] => total number of params: 210657738
2026-07-24 19:32:57,834 [train_pf.py] => Task 8 Average Accuracy is 0.852
2026-07-24 19:33:11,588 [train_pf.py] => Start Training Task 9
2026-07-24 19:33:11,595 [train_pf.py] => number of trainable params: 512841
2026-07-24 19:33:11,597 [train_pf.py] => total number of params: 210658378
2026-07-24 19:48:55,953 [train_pf.py] => Task 9 Average Accuracy is 0.848
2026-07-24 19:49:11,346 [train_pf.py] => Start Training Task 10
2026-07-24 19:49:11,362 [train_pf.py] => number of trainable params: 513481
2026-07-24 19:49:11,364 [train_pf.py] => total number of params: 210659018
2026-07-24 20:07:20,437 [train_pf.py] => Task 10 Average Accuracy is 0.856
2026-07-24 20:07:36,003 [main.py] => CNN top1 curve: [88.7, 84.95, 87.73, 86.25, 87.84, 86.0, 85.24, 85.18, 84.78, 85.6]
2026-07-24 20:07:36,004 [main.py] => Average Accuracy (CNN top1): 86.23
2026-07-24 20:07:36,004 [main.py] => Last Accuracy: 85.6
2026-07-24 20:07:36,005 [main.py] => Finished CUB200_base0_inc20 seed=0
2026-07-24 20:07:36,005 [main.py] => Backbone: ViT-B/16
