2026-07-21 02:36:22,692 [main.py] => model_type: PF
2026-07-21 02:36:22,692 [main.py] => dataset: ImagenetR
2026-07-21 02:36:22,692 [main.py] => file_root: /home/team/zhaohongwei/Code/Research/Awesome-MMCL/PromptFusion-main
2026-07-21 02:36:22,692 [main.py] => data_root: /home/team/zhaohongwei/Dataset/imagenet-r
2026-07-21 02:36:22,692 [main.py] => backbone: ViT-B-16
2026-07-21 02:36:22,692 [main.py] => herding_method: barycenter
2026-07-21 02:36:22,692 [main.py] => device: cuda
2026-07-21 02:36:22,692 [main.py] => ngpus: 1
2026-07-21 02:36:22,692 [main.py] => batch_size: 32
2026-07-21 02:36:22,692 [main.py] => memory_size: 5000
2026-07-21 02:36:22,692 [main.py] => step: 5
2026-07-21 02:36:22,692 [main.py] => epoch: 5
2026-07-21 02:36:22,692 [main.py] => learning_rate: 0.003
2026-07-21 02:36:22,692 [main.py] => weight_decay: 0.01
2026-07-21 02:36:22,693 [main.py] => M: 30
2026-07-21 02:36:22,693 [main.py] => vpt_prompt_length: 20
2026-07-21 02:36:22,693 [main.py] => clip_image_prompt_length: 40
2026-07-21 02:36:22,693 [main.py] => config: ./config/pf_inr_40_40.json
2026-07-21 02:36:22,693 [main.py] => seed: 1993
2026-07-21 02:36:22,693 [main.py] => output_folder: /home/team/zhaohongwei/Code/Research/Awesome-MMCL/PromptFusion-main/PF/ImagenetR/ViT-B-16/seed_1993
2026-07-21 02:36:28,711 [vision_transformer.py] => Resized position embedding: torch.Size([1, 197, 768]) to torch.Size([1, 217, 768])
2026-07-21 02:36:28,711 [vision_transformer.py] => Position embedding grid-size from [14, 14] to (14, 14)
2026-07-21 02:36:30,824 [train_pf.py] => Start Training Task 1
2026-07-21 02:36:30,829 [train_pf.py] => number of trainable params: 815561
2026-07-21 02:36:30,830 [train_pf.py] => total number of params: 210953418
2026-07-21 02:44:57,329 [train_pf.py] => Task 1 Average Accuracy is 0.877
2026-07-21 02:45:13,961 [train_pf.py] => Start Training Task 2
2026-07-21 02:45:13,968 [train_pf.py] => number of trainable params: 816841
2026-07-21 02:45:13,970 [train_pf.py] => total number of params: 210954698
2026-07-21 02:59:52,651 [train_pf.py] => Task 2 Average Accuracy is 0.859
2026-07-21 03:00:16,815 [train_pf.py] => Start Training Task 3
2026-07-21 03:00:16,822 [train_pf.py] => number of trainable params: 818121
2026-07-21 03:00:16,823 [train_pf.py] => total number of params: 210955978
2026-07-21 03:20:57,520 [train_pf.py] => Task 3 Average Accuracy is 0.851
2026-07-21 03:21:25,894 [train_pf.py] => Start Training Task 4
2026-07-21 03:21:25,901 [train_pf.py] => number of trainable params: 819401
2026-07-21 03:21:25,911 [train_pf.py] => total number of params: 210957258
2026-07-21 03:44:39,930 [train_pf.py] => Task 4 Average Accuracy is 0.835
2026-07-21 03:45:05,839 [train_pf.py] => Start Training Task 5
2026-07-21 03:45:05,846 [train_pf.py] => number of trainable params: 820681
2026-07-21 03:45:05,848 [train_pf.py] => total number of params: 210958538
2026-07-21 04:16:11,641 [train_pf.py] => Task 5 Average Accuracy is 0.831
2026-07-21 04:16:41,357 [main.py] => CNN top1 curve: [87.7, 85.9, 85.13, 83.52, 83.12]
2026-07-21 04:16:41,358 [main.py] => Average Accuracy (CNN top1): 85.07
2026-07-21 04:16:41,358 [main.py] => Last Accuracy: 83.12
2026-07-21 04:16:41,359 [main.py] => Finished ImagenetR_inc40 seed=1993
2026-07-21 04:16:41,359 [main.py] => Backbone: ViT-B/16
