2026-07-24 11:28:30,952 [main.py] => model_type: PF
2026-07-24 11:28:30,952 [main.py] => dataset: ImagenetR
2026-07-24 11:28:30,952 [main.py] => file_root: /home/team/zhaohongwei/Code/Research/Awesome-MMCL/PromptFusion-main
2026-07-24 11:28:30,952 [main.py] => data_root: /home/team/zhaohongwei/Dataset/imagenet-r
2026-07-24 11:28:30,953 [main.py] => backbone: ViT-B-16
2026-07-24 11:28:30,953 [main.py] => herding_method: barycenter
2026-07-24 11:28:30,953 [main.py] => device: cuda
2026-07-24 11:28:30,953 [main.py] => ngpus: 1
2026-07-24 11:28:30,953 [main.py] => batch_size: 32
2026-07-24 11:28:30,953 [main.py] => memory_size: 5000
2026-07-24 11:28:30,953 [main.py] => step: 10
2026-07-24 11:28:30,953 [main.py] => initial_increment: 100
2026-07-24 11:28:30,953 [main.py] => increment: 20
2026-07-24 11:28:30,953 [main.py] => epoch: 5
2026-07-24 11:28:30,953 [main.py] => learning_rate: 0.003
2026-07-24 11:28:30,953 [main.py] => weight_decay: 0.01
2026-07-24 11:28:30,953 [main.py] => M: 30
2026-07-24 11:28:30,953 [main.py] => vpt_prompt_length: 20
2026-07-24 11:28:30,953 [main.py] => clip_image_prompt_length: 40
2026-07-24 11:28:30,953 [main.py] => config: config/pf_inr_100_20.json
2026-07-24 11:28:30,953 [main.py] => seed: 0
2026-07-24 11:28:30,953 [main.py] => output_folder: /home/team/zhaohongwei/Code/Research/Awesome-MMCL/PromptFusion-main/PF/ImagenetR/ViT-B-16/base_100_inc_20/seed_0
2026-07-24 11:28:36,025 [vision_transformer.py] => Resized position embedding: torch.Size([1, 197, 768]) to torch.Size([1, 217, 768])
2026-07-24 11:28:36,025 [vision_transformer.py] => Position embedding grid-size from [14, 14] to (14, 14)
2026-07-24 11:28:36,586 [train_pf.py] => Start Training Task 1
2026-07-24 11:28:36,592 [train_pf.py] => number of trainable params: 1739081
2026-07-24 11:28:36,593 [train_pf.py] => total number of params: 211876938
2026-07-24 11:52:31,960 [train_pf.py] => Task 1 Average Accuracy is 0.855
2026-07-24 11:53:06,847 [train_pf.py] => Start Training Task 2
2026-07-24 11:53:06,854 [train_pf.py] => number of trainable params: 510921
2026-07-24 11:53:06,856 [train_pf.py] => total number of params: 210648778
2026-07-24 12:09:46,181 [train_pf.py] => Task 2 Average Accuracy is 0.866
2026-07-24 12:10:06,547 [train_pf.py] => Start Training Task 3
2026-07-24 12:10:06,554 [train_pf.py] => number of trainable params: 511561
2026-07-24 12:10:06,567 [train_pf.py] => total number of params: 210649418
2026-07-24 12:29:03,189 [train_pf.py] => Task 3 Average Accuracy is 0.847
2026-07-24 12:29:23,628 [train_pf.py] => Start Training Task 4
2026-07-24 12:29:23,635 [train_pf.py] => number of trainable params: 512201
2026-07-24 12:29:23,637 [train_pf.py] => total number of params: 210650058
2026-07-24 12:49:26,332 [train_pf.py] => Task 4 Average Accuracy is 0.834
2026-07-24 12:49:45,628 [train_pf.py] => Start Training Task 5
2026-07-24 12:49:45,641 [train_pf.py] => number of trainable params: 512841
2026-07-24 12:49:45,643 [train_pf.py] => total number of params: 210650698
2026-07-24 13:13:38,663 [train_pf.py] => Task 5 Average Accuracy is 0.836
2026-07-24 13:13:59,563 [train_pf.py] => Start Training Task 6
2026-07-24 13:13:59,567 [train_pf.py] => number of trainable params: 513481
2026-07-24 13:13:59,568 [train_pf.py] => total number of params: 210651338
2026-07-24 13:41:11,923 [train_pf.py] => Task 6 Average Accuracy is 0.832
2026-07-24 13:41:33,641 [main.py] => CNN top1 curve: [85.5, 86.6, 84.67, 83.4, 83.6, 83.17]
2026-07-24 13:41:33,642 [main.py] => Average Accuracy (CNN top1): 84.49
2026-07-24 13:41:33,642 [main.py] => Last Accuracy: 83.17
2026-07-24 13:41:33,642 [main.py] => Finished ImagenetR_base100_inc20 seed=0
2026-07-24 13:41:33,642 [main.py] => Backbone: ViT-B/16
