2026-07-15 11:17:59,316 [main.py] => model_type: PF
2026-07-15 11:17:59,316 [main.py] => dataset: ImagenetR
2026-07-15 11:17:59,317 [main.py] => file_root: /home/team/zhaohongwei/Code/Research/Awesome-MMCL/PromptFusion-main
2026-07-15 11:17:59,317 [main.py] => data_root: /home/team/zhaohongwei/Dataset/imagenet-r
2026-07-15 11:17:59,317 [main.py] => backbone: ViT-B-16
2026-07-15 11:17:59,317 [main.py] => herding_method: barycenter
2026-07-15 11:17:59,317 [main.py] => device: cuda
2026-07-15 11:17:59,317 [main.py] => ngpus: 1
2026-07-15 11:17:59,317 [main.py] => batch_size: 32
2026-07-15 11:17:59,317 [main.py] => memory_size: 5000
2026-07-15 11:17:59,317 [main.py] => step: 10
2026-07-15 11:17:59,317 [main.py] => epoch: 5
2026-07-15 11:17:59,317 [main.py] => learning_rate: 0.003
2026-07-15 11:17:59,317 [main.py] => weight_decay: 0.01
2026-07-15 11:17:59,317 [main.py] => M: 30
2026-07-15 11:17:59,317 [main.py] => vpt_prompt_length: 20
2026-07-15 11:17:59,317 [main.py] => clip_image_prompt_length: 40
2026-07-15 11:17:59,317 [main.py] => config: ./config/pf_inr_20_20.json
2026-07-15 11:17:59,317 [main.py] => seed: 0
2026-07-15 11:17:59,317 [main.py] => output_folder: /home/team/zhaohongwei/Code/Research/Awesome-MMCL/PromptFusion-main/PF/ImagenetR/ViT-B-16/seed_0
2026-07-15 11:18:04,032 [vision_transformer.py] => Resized position embedding: torch.Size([1, 197, 768]) to torch.Size([1, 217, 768])
2026-07-15 11:18:04,032 [vision_transformer.py] => Position embedding grid-size from [14, 14] to (14, 14)
2026-07-15 11:18:04,513 [train_pf.py] => Start Training Task 1
2026-07-15 11:18:04,518 [train_pf.py] => number of trainable params: 507721
2026-07-15 11:18:04,519 [train_pf.py] => total number of params: 210645578
2026-07-15 11:22:59,338 [train_pf.py] => Task 1 Average Accuracy is 0.881
2026-07-15 11:23:15,385 [train_pf.py] => Start Training Task 2
2026-07-15 11:23:15,393 [train_pf.py] => number of trainable params: 508361
2026-07-15 11:23:15,394 [train_pf.py] => total number of params: 210646218
2026-07-15 11:34:04,314 [train_pf.py] => Task 2 Average Accuracy is 0.875
2026-07-15 11:34:22,065 [train_pf.py] => Start Training Task 3
2026-07-15 11:34:22,072 [train_pf.py] => number of trainable params: 509001
2026-07-15 11:34:22,074 [train_pf.py] => total number of params: 210646858
2026-07-15 11:49:47,008 [train_pf.py] => Task 3 Average Accuracy is 0.862
2026-07-15 11:50:14,205 [train_pf.py] => Start Training Task 4
2026-07-15 11:50:14,213 [train_pf.py] => number of trainable params: 509641
2026-07-15 11:50:14,215 [train_pf.py] => total number of params: 210647498
2026-07-15 12:06:23,523 [train_pf.py] => Task 4 Average Accuracy is 0.859
2026-07-15 12:06:43,595 [train_pf.py] => Start Training Task 5
2026-07-15 12:06:43,612 [train_pf.py] => number of trainable params: 510281
2026-07-15 12:06:43,614 [train_pf.py] => total number of params: 210648138
2026-07-15 12:21:36,603 [train_pf.py] => Task 5 Average Accuracy is 0.854
2026-07-15 12:21:58,756 [train_pf.py] => Start Training Task 6
2026-07-15 12:21:58,772 [train_pf.py] => number of trainable params: 510921
2026-07-15 12:21:58,774 [train_pf.py] => total number of params: 210648778
2026-07-15 12:38:03,769 [train_pf.py] => Task 6 Average Accuracy is 0.847
2026-07-15 12:38:24,535 [train_pf.py] => Start Training Task 7
2026-07-15 12:38:24,555 [train_pf.py] => number of trainable params: 511561
2026-07-15 12:38:24,557 [train_pf.py] => total number of params: 210649418
2026-07-15 12:56:23,154 [train_pf.py] => Task 7 Average Accuracy is 0.839
2026-07-15 12:56:43,982 [train_pf.py] => Start Training Task 8
2026-07-15 12:56:43,989 [train_pf.py] => number of trainable params: 512201
2026-07-15 12:56:43,991 [train_pf.py] => total number of params: 210650058
2026-07-15 13:15:41,463 [train_pf.py] => Task 8 Average Accuracy is 0.831
2026-07-15 13:16:01,160 [train_pf.py] => Start Training Task 9
2026-07-15 13:16:01,168 [train_pf.py] => number of trainable params: 512841
2026-07-15 13:16:01,169 [train_pf.py] => total number of params: 210650698
2026-07-15 13:38:50,764 [train_pf.py] => Task 9 Average Accuracy is 0.831
2026-07-15 13:39:12,230 [train_pf.py] => Start Training Task 10
2026-07-15 13:39:12,236 [train_pf.py] => number of trainable params: 513481
2026-07-15 13:39:12,238 [train_pf.py] => total number of params: 210651338
2026-07-15 14:05:09,251 [train_pf.py] => Task 10 Average Accuracy is 0.825
2026-07-15 14:05:32,086 [main.py] => CNN top1 curve: [88.1, 87.5, 86.17, 85.95, 85.36, 84.67, 83.91, 83.06, 83.07, 82.53]
2026-07-15 14:05:32,086 [main.py] => Average Accuracy (CNN top1): 85.03
2026-07-15 14:05:32,086 [main.py] => Last Accuracy: 82.53
