2026-07-21 11:50:44,736 [main.py] => model_type: PF
2026-07-21 11:50:44,736 [main.py] => dataset: ImagenetR
2026-07-21 11:50:44,736 [main.py] => file_root: /home/team/zhaohongwei/Code/Research/Awesome-MMCL/PromptFusion-main
2026-07-21 11:50:44,736 [main.py] => data_root: /home/team/zhaohongwei/Dataset/imagenet-r
2026-07-21 11:50:44,737 [main.py] => backbone: ViT-B-16
2026-07-21 11:50:44,737 [main.py] => herding_method: barycenter
2026-07-21 11:50:44,737 [main.py] => device: cuda
2026-07-21 11:50:44,737 [main.py] => ngpus: 1
2026-07-21 11:50:44,737 [main.py] => batch_size: 32
2026-07-21 11:50:44,737 [main.py] => memory_size: 5000
2026-07-21 11:50:44,737 [main.py] => step: 10
2026-07-21 11:50:44,737 [main.py] => epoch: 5
2026-07-21 11:50:44,737 [main.py] => learning_rate: 0.003
2026-07-21 11:50:44,737 [main.py] => weight_decay: 0.01
2026-07-21 11:50:44,737 [main.py] => M: 30
2026-07-21 11:50:44,737 [main.py] => vpt_prompt_length: 20
2026-07-21 11:50:44,737 [main.py] => clip_image_prompt_length: 40
2026-07-21 11:50:44,737 [main.py] => config: ./config/pf_inr_20_20.json
2026-07-21 11:50:44,737 [main.py] => seed: 2026
2026-07-21 11:50:44,737 [main.py] => output_folder: /home/team/zhaohongwei/Code/Research/Awesome-MMCL/PromptFusion-main/PF/ImagenetR/ViT-B-16/seed_2026
2026-07-21 11:50:50,411 [vision_transformer.py] => Resized position embedding: torch.Size([1, 197, 768]) to torch.Size([1, 217, 768])
2026-07-21 11:50:50,412 [vision_transformer.py] => Position embedding grid-size from [14, 14] to (14, 14)
2026-07-21 11:50:51,392 [train_pf.py] => Start Training Task 1
2026-07-21 11:50:51,400 [train_pf.py] => number of trainable params: 507721
2026-07-21 11:50:51,401 [train_pf.py] => total number of params: 210645578
2026-07-21 11:57:52,433 [train_pf.py] => Task 1 Average Accuracy is 0.882
2026-07-21 11:58:06,446 [train_pf.py] => Start Training Task 2
2026-07-21 11:58:06,453 [train_pf.py] => number of trainable params: 508361
2026-07-21 11:58:06,455 [train_pf.py] => total number of params: 210646218
2026-07-21 12:14:16,959 [train_pf.py] => Task 2 Average Accuracy is 0.871
2026-07-21 12:14:46,529 [train_pf.py] => Start Training Task 3
2026-07-21 12:14:46,536 [train_pf.py] => number of trainable params: 509001
2026-07-21 12:14:46,550 [train_pf.py] => total number of params: 210646858
2026-07-21 12:33:43,087 [train_pf.py] => Task 3 Average Accuracy is 0.859
2026-07-21 12:34:10,881 [train_pf.py] => Start Training Task 4
2026-07-21 12:34:10,889 [train_pf.py] => number of trainable params: 509641
2026-07-21 12:34:10,902 [train_pf.py] => total number of params: 210647498
2026-07-21 12:58:37,406 [train_pf.py] => Task 4 Average Accuracy is 0.853
2026-07-21 12:59:14,574 [train_pf.py] => Start Training Task 5
2026-07-21 12:59:14,584 [train_pf.py] => number of trainable params: 510281
2026-07-21 12:59:14,587 [train_pf.py] => total number of params: 210648138
2026-07-21 13:28:10,856 [train_pf.py] => Task 5 Average Accuracy is 0.852
2026-07-21 13:28:50,580 [train_pf.py] => Start Training Task 6
2026-07-21 13:28:50,587 [train_pf.py] => number of trainable params: 510921
2026-07-21 13:28:50,588 [train_pf.py] => total number of params: 210648778
2026-07-21 13:59:41,518 [train_pf.py] => Task 6 Average Accuracy is 0.845
2026-07-21 14:00:14,266 [train_pf.py] => Start Training Task 7
2026-07-21 14:00:14,273 [train_pf.py] => number of trainable params: 511561
2026-07-21 14:00:14,275 [train_pf.py] => total number of params: 210649418
2026-07-21 14:35:27,291 [train_pf.py] => Task 7 Average Accuracy is 0.840
2026-07-21 14:36:04,149 [train_pf.py] => Start Training Task 8
2026-07-21 14:36:04,156 [train_pf.py] => number of trainable params: 512201
2026-07-21 14:36:04,157 [train_pf.py] => total number of params: 210650058
2026-07-21 15:14:46,927 [train_pf.py] => Task 8 Average Accuracy is 0.831
2026-07-21 15:15:24,431 [train_pf.py] => Start Training Task 9
2026-07-21 15:15:24,438 [train_pf.py] => number of trainable params: 512841
2026-07-21 15:15:24,440 [train_pf.py] => total number of params: 210650698
2026-07-21 16:02:29,276 [train_pf.py] => Task 9 Average Accuracy is 0.834
2026-07-21 16:03:08,773 [train_pf.py] => Start Training Task 10
2026-07-21 16:03:08,781 [train_pf.py] => number of trainable params: 513481
2026-07-21 16:03:08,783 [train_pf.py] => total number of params: 210651338
2026-07-21 16:54:20,725 [train_pf.py] => Task 10 Average Accuracy is 0.828
2026-07-21 16:55:00,700 [main.py] => CNN top1 curve: [88.2, 87.05, 85.87, 85.35, 85.22, 84.45, 84.03, 83.11, 83.4, 82.77]
2026-07-21 16:55:00,700 [main.py] => Average Accuracy (CNN top1): 84.94
2026-07-21 16:55:00,700 [main.py] => Last Accuracy: 82.77
2026-07-21 16:55:00,701 [main.py] => Finished ImagenetR_inc20 seed=2026
2026-07-21 16:55:00,701 [main.py] => Backbone: ViT-B/16
