2026-07-21 19:52:34,736 [main.py] => model_type: PF
2026-07-21 19:52:34,736 [main.py] => dataset: ImagenetR
2026-07-21 19:52:34,737 [main.py] => file_root: /home/team/zhaohongwei/Code/Research/Awesome-MMCL/PromptFusion-main
2026-07-21 19:52:34,737 [main.py] => data_root: /home/team/zhaohongwei/Dataset/imagenet-r
2026-07-21 19:52:34,737 [main.py] => backbone: ViT-B-16
2026-07-21 19:52:34,737 [main.py] => herding_method: barycenter
2026-07-21 19:52:34,737 [main.py] => device: cuda
2026-07-21 19:52:34,737 [main.py] => ngpus: 1
2026-07-21 19:52:34,737 [main.py] => batch_size: 32
2026-07-21 19:52:34,737 [main.py] => memory_size: 5000
2026-07-21 19:52:34,737 [main.py] => step: 20
2026-07-21 19:52:34,737 [main.py] => epoch: 5
2026-07-21 19:52:34,737 [main.py] => learning_rate: 0.003
2026-07-21 19:52:34,737 [main.py] => weight_decay: 0.01
2026-07-21 19:52:34,737 [main.py] => M: 30
2026-07-21 19:52:34,737 [main.py] => vpt_prompt_length: 20
2026-07-21 19:52:34,737 [main.py] => clip_image_prompt_length: 40
2026-07-21 19:52:34,737 [main.py] => config: ./config/pf_inr_10_10.json
2026-07-21 19:52:34,737 [main.py] => seed: 2026
2026-07-21 19:52:34,737 [main.py] => output_folder: /home/team/zhaohongwei/Code/Research/Awesome-MMCL/PromptFusion-main/PF/ImagenetR/ViT-B-16/seed_2026
2026-07-21 19:52:40,942 [vision_transformer.py] => Resized position embedding: torch.Size([1, 197, 768]) to torch.Size([1, 217, 768])
2026-07-21 19:52:40,943 [vision_transformer.py] => Position embedding grid-size from [14, 14] to (14, 14)
2026-07-21 19:52:44,255 [train_pf.py] => Start Training Task 1
2026-07-21 19:52:44,260 [train_pf.py] => number of trainable params: 353801
2026-07-21 19:52:44,261 [train_pf.py] => total number of params: 210491658
2026-07-21 19:54:39,400 [train_pf.py] => Task 1 Average Accuracy is 0.887
2026-07-21 19:54:44,773 [train_pf.py] => Start Training Task 2
2026-07-21 19:54:44,780 [train_pf.py] => number of trainable params: 354121
2026-07-21 19:54:44,782 [train_pf.py] => total number of params: 210491978
2026-07-21 19:58:21,984 [train_pf.py] => Task 2 Average Accuracy is 0.877
2026-07-21 19:58:30,486 [train_pf.py] => Start Training Task 3
2026-07-21 19:58:30,493 [train_pf.py] => number of trainable params: 354441
2026-07-21 19:58:30,495 [train_pf.py] => total number of params: 210492298
2026-07-21 20:04:47,480 [train_pf.py] => Task 3 Average Accuracy is 0.876
2026-07-21 20:05:00,437 [train_pf.py] => Start Training Task 4
2026-07-21 20:05:00,444 [train_pf.py] => number of trainable params: 354761
2026-07-21 20:05:00,446 [train_pf.py] => total number of params: 210492618
2026-07-21 20:12:35,513 [train_pf.py] => Task 4 Average Accuracy is 0.866
2026-07-21 20:12:50,661 [train_pf.py] => Start Training Task 5
2026-07-21 20:12:50,668 [train_pf.py] => number of trainable params: 355081
2026-07-21 20:12:50,670 [train_pf.py] => total number of params: 210492938
2026-07-21 20:20:51,603 [train_pf.py] => Task 5 Average Accuracy is 0.859
2026-07-21 20:21:06,698 [train_pf.py] => Start Training Task 6
2026-07-21 20:21:06,705 [train_pf.py] => number of trainable params: 355401
2026-07-21 20:21:06,717 [train_pf.py] => total number of params: 210493258
2026-07-21 20:29:48,612 [train_pf.py] => Task 6 Average Accuracy is 0.855
2026-07-21 20:30:03,851 [train_pf.py] => Start Training Task 7
2026-07-21 20:30:03,858 [train_pf.py] => number of trainable params: 355721
2026-07-21 20:30:03,869 [train_pf.py] => total number of params: 210493578
2026-07-21 20:39:42,113 [train_pf.py] => Task 7 Average Accuracy is 0.845
2026-07-21 20:39:58,259 [train_pf.py] => Start Training Task 8
2026-07-21 20:39:58,266 [train_pf.py] => number of trainable params: 356041
2026-07-21 20:39:58,277 [train_pf.py] => total number of params: 210493898
2026-07-21 20:51:09,369 [train_pf.py] => Task 8 Average Accuracy is 0.851
2026-07-21 20:51:27,297 [train_pf.py] => Start Training Task 9
2026-07-21 20:51:27,304 [train_pf.py] => number of trainable params: 356361
2026-07-21 20:51:27,317 [train_pf.py] => total number of params: 210494218
2026-07-21 21:03:49,701 [train_pf.py] => Task 9 Average Accuracy is 0.848
2026-07-21 21:04:08,393 [train_pf.py] => Start Training Task 10
2026-07-21 21:04:08,408 [train_pf.py] => number of trainable params: 356681
2026-07-21 21:04:08,410 [train_pf.py] => total number of params: 210494538
2026-07-21 21:16:52,030 [train_pf.py] => Task 10 Average Accuracy is 0.843
2026-07-21 21:17:10,348 [train_pf.py] => Start Training Task 11
2026-07-21 21:17:10,355 [train_pf.py] => number of trainable params: 357001
2026-07-21 21:17:10,357 [train_pf.py] => total number of params: 210494858
2026-07-21 21:30:56,451 [train_pf.py] => Task 11 Average Accuracy is 0.831
2026-07-21 21:31:14,602 [train_pf.py] => Start Training Task 12
2026-07-21 21:31:14,614 [train_pf.py] => number of trainable params: 357321
2026-07-21 21:31:14,616 [train_pf.py] => total number of params: 210495178
2026-07-21 21:45:24,764 [train_pf.py] => Task 12 Average Accuracy is 0.835
2026-07-21 21:45:42,140 [train_pf.py] => Start Training Task 13
2026-07-21 21:45:42,159 [train_pf.py] => number of trainable params: 357641
2026-07-21 21:45:42,161 [train_pf.py] => total number of params: 210495498
2026-07-21 22:01:00,849 [train_pf.py] => Task 13 Average Accuracy is 0.831
2026-07-21 22:01:19,240 [train_pf.py] => Start Training Task 14
2026-07-21 22:01:19,257 [train_pf.py] => number of trainable params: 357961
2026-07-21 22:01:19,259 [train_pf.py] => total number of params: 210495818
2026-07-21 22:17:33,516 [train_pf.py] => Task 14 Average Accuracy is 0.832
2026-07-21 22:17:51,545 [train_pf.py] => Start Training Task 15
2026-07-21 22:17:51,561 [train_pf.py] => number of trainable params: 358281
2026-07-21 22:17:51,566 [train_pf.py] => total number of params: 210496138
2026-07-21 22:34:21,028 [train_pf.py] => Task 15 Average Accuracy is 0.826
2026-07-21 22:34:38,291 [train_pf.py] => Start Training Task 16
2026-07-21 22:34:38,298 [train_pf.py] => number of trainable params: 358601
2026-07-21 22:34:38,300 [train_pf.py] => total number of params: 210496458
2026-07-21 22:52:35,358 [train_pf.py] => Task 16 Average Accuracy is 0.822
2026-07-21 22:52:53,375 [train_pf.py] => Start Training Task 17
2026-07-21 22:52:53,383 [train_pf.py] => number of trainable params: 358921
2026-07-21 22:52:53,384 [train_pf.py] => total number of params: 210496778
2026-07-21 23:12:28,477 [train_pf.py] => Task 17 Average Accuracy is 0.823
2026-07-21 23:12:46,719 [train_pf.py] => Start Training Task 18
2026-07-21 23:12:46,738 [train_pf.py] => number of trainable params: 359241
2026-07-21 23:12:46,740 [train_pf.py] => total number of params: 210497098
2026-07-21 23:33:24,093 [train_pf.py] => Task 18 Average Accuracy is 0.823
2026-07-21 23:33:41,933 [train_pf.py] => Start Training Task 19
2026-07-21 23:33:41,941 [train_pf.py] => number of trainable params: 359561
2026-07-21 23:33:41,942 [train_pf.py] => total number of params: 210497418
2026-07-21 23:56:14,611 [train_pf.py] => Task 19 Average Accuracy is 0.820
2026-07-21 23:56:33,692 [train_pf.py] => Start Training Task 20
2026-07-21 23:56:33,710 [train_pf.py] => number of trainable params: 359881
2026-07-21 23:56:33,712 [train_pf.py] => total number of params: 210497738
2026-07-22 00:19:54,889 [train_pf.py] => Task 20 Average Accuracy is 0.818
2026-07-22 00:20:12,964 [main.py] => CNN top1 curve: [88.7, 87.75, 87.6, 86.62, 85.9, 85.53, 84.54, 85.05, 84.82, 84.31, 83.1, 83.5, 83.06, 83.19, 82.58, 82.16, 82.33, 82.34, 82.05, 81.76]
2026-07-22 00:20:12,964 [main.py] => Average Accuracy (CNN top1): 84.34
2026-07-22 00:20:12,965 [main.py] => Last Accuracy: 81.76
2026-07-22 00:20:12,965 [main.py] => Finished ImagenetR_inc10 seed=2026
2026-07-22 00:20:12,965 [main.py] => Backbone: ViT-B/16
