2026-07-15 04:43:31,934 [main.py] => model_type: PF
2026-07-15 04:43:31,934 [main.py] => dataset: ImagenetR
2026-07-15 04:43:31,935 [main.py] => file_root: /home/team/zhaohongwei/Code/Research/Awesome-MMCL/PromptFusion-main
2026-07-15 04:43:31,935 [main.py] => data_root: /home/team/zhaohongwei/Dataset/imagenet-r
2026-07-15 04:43:31,935 [main.py] => backbone: ViT-B-16
2026-07-15 04:43:31,935 [main.py] => herding_method: barycenter
2026-07-15 04:43:31,935 [main.py] => device: cuda
2026-07-15 04:43:31,935 [main.py] => ngpus: 1
2026-07-15 04:43:31,935 [main.py] => batch_size: 32
2026-07-15 04:43:31,935 [main.py] => memory_size: 5000
2026-07-15 04:43:31,935 [main.py] => step: 20
2026-07-15 04:43:31,935 [main.py] => epoch: 5
2026-07-15 04:43:31,935 [main.py] => learning_rate: 0.003
2026-07-15 04:43:31,935 [main.py] => weight_decay: 0.01
2026-07-15 04:43:31,935 [main.py] => M: 30
2026-07-15 04:43:31,935 [main.py] => vpt_prompt_length: 20
2026-07-15 04:43:31,935 [main.py] => clip_image_prompt_length: 40
2026-07-15 04:43:31,935 [main.py] => config: ./config/pf_inr_10_10.json
2026-07-15 04:43:31,935 [main.py] => seed: 0
2026-07-15 04:43:31,935 [main.py] => output_folder: /home/team/zhaohongwei/Code/Research/Awesome-MMCL/PromptFusion-main/PF/ImagenetR/ViT-B-16/seed_0
2026-07-15 04:43:37,487 [vision_transformer.py] => Resized position embedding: torch.Size([1, 197, 768]) to torch.Size([1, 217, 768])
2026-07-15 04:43:37,488 [vision_transformer.py] => Position embedding grid-size from [14, 14] to (14, 14)
2026-07-15 04:43:39,800 [train_pf.py] => Start Training Task 1
2026-07-15 04:43:39,805 [train_pf.py] => number of trainable params: 353801
2026-07-15 04:43:39,806 [train_pf.py] => total number of params: 210491658
2026-07-15 04:47:01,101 [train_pf.py] => Task 1 Average Accuracy is 0.887
2026-07-15 04:47:10,822 [train_pf.py] => Start Training Task 2
2026-07-15 04:47:10,829 [train_pf.py] => number of trainable params: 354121
2026-07-15 04:47:10,841 [train_pf.py] => total number of params: 210491978
2026-07-15 04:52:59,055 [train_pf.py] => Task 2 Average Accuracy is 0.885
2026-07-15 04:53:09,079 [train_pf.py] => Start Training Task 3
2026-07-15 04:53:09,087 [train_pf.py] => number of trainable params: 354441
2026-07-15 04:53:09,089 [train_pf.py] => total number of params: 210492298
2026-07-15 05:01:42,759 [train_pf.py] => Task 3 Average Accuracy is 0.883
2026-07-15 05:01:59,263 [train_pf.py] => Start Training Task 4
2026-07-15 05:01:59,270 [train_pf.py] => number of trainable params: 354761
2026-07-15 05:01:59,272 [train_pf.py] => total number of params: 210492618
2026-07-15 05:12:10,880 [train_pf.py] => Task 4 Average Accuracy is 0.868
2026-07-15 05:12:28,151 [train_pf.py] => Start Training Task 5
2026-07-15 05:12:28,161 [train_pf.py] => number of trainable params: 355081
2026-07-15 05:12:28,162 [train_pf.py] => total number of params: 210492938
2026-07-15 05:25:20,253 [train_pf.py] => Task 5 Average Accuracy is 0.858
2026-07-15 05:25:49,639 [train_pf.py] => Start Training Task 6
2026-07-15 05:25:49,656 [train_pf.py] => number of trainable params: 355401
2026-07-15 05:25:49,657 [train_pf.py] => total number of params: 210493258
2026-07-15 05:39:35,529 [train_pf.py] => Task 6 Average Accuracy is 0.856
2026-07-15 05:39:53,977 [train_pf.py] => Start Training Task 7
2026-07-15 05:39:53,984 [train_pf.py] => number of trainable params: 355721
2026-07-15 05:39:53,985 [train_pf.py] => total number of params: 210493578
2026-07-15 05:52:41,799 [train_pf.py] => Task 7 Average Accuracy is 0.850
2026-07-15 05:53:00,386 [train_pf.py] => Start Training Task 8
2026-07-15 05:53:00,390 [train_pf.py] => number of trainable params: 356041
2026-07-15 05:53:00,391 [train_pf.py] => total number of params: 210493898
2026-07-15 06:09:45,284 [train_pf.py] => Task 8 Average Accuracy is 0.850
2026-07-15 06:10:20,167 [train_pf.py] => Start Training Task 9
2026-07-15 06:10:20,183 [train_pf.py] => number of trainable params: 356361
2026-07-15 06:10:20,185 [train_pf.py] => total number of params: 210494218
2026-07-15 06:29:30,984 [train_pf.py] => Task 9 Average Accuracy is 0.849
2026-07-15 06:29:53,117 [train_pf.py] => Start Training Task 10
2026-07-15 06:29:53,124 [train_pf.py] => number of trainable params: 356681
2026-07-15 06:29:53,126 [train_pf.py] => total number of params: 210494538
2026-07-15 06:46:51,725 [train_pf.py] => Task 10 Average Accuracy is 0.843
2026-07-15 06:47:13,026 [train_pf.py] => Start Training Task 11
2026-07-15 06:47:13,033 [train_pf.py] => number of trainable params: 357001
2026-07-15 06:47:13,035 [train_pf.py] => total number of params: 210494858
2026-07-15 07:10:36,242 [train_pf.py] => Task 11 Average Accuracy is 0.833
2026-07-15 07:10:57,473 [train_pf.py] => Start Training Task 12
2026-07-15 07:10:57,479 [train_pf.py] => number of trainable params: 357321
2026-07-15 07:10:57,481 [train_pf.py] => total number of params: 210495178
2026-07-15 07:31:18,537 [train_pf.py] => Task 12 Average Accuracy is 0.835
2026-07-15 07:31:38,356 [train_pf.py] => Start Training Task 13
2026-07-15 07:31:38,383 [train_pf.py] => number of trainable params: 357641
2026-07-15 07:31:38,385 [train_pf.py] => total number of params: 210495498
2026-07-15 07:54:47,942 [train_pf.py] => Task 13 Average Accuracy is 0.831
2026-07-15 07:55:19,716 [train_pf.py] => Start Training Task 14
2026-07-15 07:55:19,723 [train_pf.py] => number of trainable params: 357961
2026-07-15 07:55:19,725 [train_pf.py] => total number of params: 210495818
2026-07-15 08:20:39,504 [train_pf.py] => Task 14 Average Accuracy is 0.833
2026-07-15 08:21:10,074 [train_pf.py] => Start Training Task 15
2026-07-15 08:21:10,090 [train_pf.py] => number of trainable params: 358281
2026-07-15 08:21:10,091 [train_pf.py] => total number of params: 210496138
2026-07-15 08:43:01,745 [train_pf.py] => Task 15 Average Accuracy is 0.829
2026-07-15 08:43:22,073 [train_pf.py] => Start Training Task 16
2026-07-15 08:43:22,089 [train_pf.py] => number of trainable params: 358601
2026-07-15 08:43:22,091 [train_pf.py] => total number of params: 210496458
2026-07-15 09:10:03,568 [train_pf.py] => Task 16 Average Accuracy is 0.823
2026-07-15 09:10:24,229 [train_pf.py] => Start Training Task 17
2026-07-15 09:10:24,237 [train_pf.py] => number of trainable params: 358921
2026-07-15 09:10:24,238 [train_pf.py] => total number of params: 210496778
2026-07-15 09:40:09,356 [train_pf.py] => Task 17 Average Accuracy is 0.823
2026-07-15 09:40:33,781 [train_pf.py] => Start Training Task 18
2026-07-15 09:40:33,789 [train_pf.py] => number of trainable params: 359241
2026-07-15 09:40:33,791 [train_pf.py] => total number of params: 210497098
2026-07-15 10:09:00,279 [train_pf.py] => Task 18 Average Accuracy is 0.817
2026-07-15 10:09:35,202 [train_pf.py] => Start Training Task 19
2026-07-15 10:09:35,208 [train_pf.py] => number of trainable params: 359561
2026-07-15 10:09:35,210 [train_pf.py] => total number of params: 210497418
2026-07-15 10:41:47,660 [train_pf.py] => Task 19 Average Accuracy is 0.816
2026-07-15 10:42:09,289 [train_pf.py] => Start Training Task 20
2026-07-15 10:42:09,296 [train_pf.py] => number of trainable params: 359881
2026-07-15 10:42:09,298 [train_pf.py] => total number of params: 210497738
2026-07-15 11:17:32,437 [train_pf.py] => Task 20 Average Accuracy is 0.813
2026-07-15 11:17:53,871 [main.py] => CNN top1 curve: [88.7, 88.5, 88.27, 86.8, 85.84, 85.57, 84.97, 85.02, 84.94, 84.26, 83.35, 83.52, 83.15, 83.31, 82.91, 82.28, 82.31, 81.74, 81.65, 81.28]
2026-07-15 11:17:53,871 [main.py] => Average Accuracy (CNN top1): 84.42
2026-07-15 11:17:53,871 [main.py] => Last Accuracy: 81.28
