2026-06-15 17:45:05,881 [trainer.py] => config: ./configs/zs_clip/zs_clip_aircraft_B50_Inc10.json
2026-06-15 17:45:05,881 [trainer.py] => prefix: -
2026-06-15 17:45:05,881 [trainer.py] => dataset: aircraft
2026-06-15 17:45:05,881 [trainer.py] => memory_size: 0
2026-06-15 17:45:05,881 [trainer.py] => memory_per_class: 0
2026-06-15 17:45:05,881 [trainer.py] => fixed_memory: False
2026-06-15 17:45:05,881 [trainer.py] => shuffle: True
2026-06-15 17:45:05,881 [trainer.py] => init_cls: 50
2026-06-15 17:45:05,881 [trainer.py] => increment: 10
2026-06-15 17:45:05,881 [trainer.py] => model_name: zs_clip
2026-06-15 17:45:05,881 [trainer.py] => backbone_type: clip
2026-06-15 17:45:05,881 [trainer.py] => device: [device(type='cuda', index=6)]
2026-06-15 17:45:05,881 [trainer.py] => seed: 42
2026-06-15 17:45:05,881 [trainer.py] => total_class_num: 100
2026-06-15 17:45:05,917 [data_manager.py] => [83, 53, 70, 45, 44, 39, 22, 80, 10, 0, 18, 30, 73, 33, 90, 4, 76, 77, 12, 31, 55, 88, 26, 42, 69, 15, 40, 96, 9, 72, 11, 47, 85, 28, 93, 5, 66, 65, 35, 16, 49, 34, 7, 95, 27, 19, 81, 25, 62, 13, 24, 3, 17, 38, 8, 78, 6, 64, 36, 89, 56, 99, 54, 43, 50, 67, 46, 68, 61, 97, 79, 41, 58, 48, 98, 57, 75, 32, 94, 59, 63, 84, 37, 29, 1, 52, 21, 2, 23, 87, 91, 74, 86, 82, 20, 60, 71, 14, 92, 51]
2026-06-15 17:45:05,936 [factory.py] => Loaded ViT-B-16 model config.
2026-06-15 17:45:08,351 [factory.py] => Loading pretrained ViT-B-16 weights (/home/team/zhaohongwei/pretrained_models/open_clip_pytorch_model_laion400m_e32.bin).
2026-06-15 17:45:09,362 [factory.py] => Loaded ViT-B-16 model config.
2026-06-15 17:45:11,325 [factory.py] => Loading pretrained ViT-B-16 weights (/home/team/zhaohongwei/pretrained_models/open_clip_pytorch_model_laion400m_e32.bin).
2026-06-15 17:45:13,009 [zs_clip.py] => Learning on 0-50
2026-06-15 17:45:19,251 [trainer.py] => CNN: {'total': 28.61, '00-09': 36.72, '10-19': 25.38, '20-29': 25.38, '30-39': 18.51, '40-49': 37.05, 'old': 0, 'new': 28.61, 'harmonic': 0.0}
2026-06-15 17:45:19,251 [trainer.py] => CNN top1 curve: [28.61]
2026-06-15 17:45:19,251 [trainer.py] => CNN top5 curve: [66.59]
2026-06-15 17:45:19,251 [trainer.py] => CNN top10 curve: [79.51]
2026-06-15 17:45:19,251 [trainer.py] => Average Accuracy (CNN top1): 28.61
2026-06-15 17:45:19,252 [zs_clip.py] => Learning on 50-60
2026-06-15 17:45:26,349 [trainer.py] => CNN: {'total': 24.09, '00-09': 34.33, '10-19': 24.17, '20-29': 23.87, '30-39': 18.51, '40-49': 36.75, '50-59': 6.91, 'old': 27.52, 'new': 6.91, 'harmonic': 11.05}
2026-06-15 17:45:26,349 [trainer.py] => CNN top1 curve: [28.61, 24.09]
2026-06-15 17:45:26,349 [trainer.py] => CNN top5 curve: [66.59, 57.84]
2026-06-15 17:45:26,349 [trainer.py] => CNN top10 curve: [79.51, 74.01]
2026-06-15 17:45:26,349 [trainer.py] => Average Accuracy (CNN top1): 26.35
2026-06-15 17:45:26,351 [zs_clip.py] => Learning on 60-70
2026-06-15 17:45:35,266 [trainer.py] => CNN: {'total': 19.83, '00-09': 25.67, '10-19': 22.05, '20-29': 21.15, '30-39': 16.12, '40-49': 35.24, '50-59': 5.41, '60-69': 13.21, 'old': 20.93, 'new': 13.21, 'harmonic': 16.2}
2026-06-15 17:45:35,267 [trainer.py] => CNN top1 curve: [28.61, 24.09, 19.83]
2026-06-15 17:45:35,267 [trainer.py] => CNN top5 curve: [66.59, 57.84, 55.11]
2026-06-15 17:45:35,267 [trainer.py] => CNN top10 curve: [79.51, 74.01, 71.2]
2026-06-15 17:45:35,267 [trainer.py] => Average Accuracy (CNN top1): 24.176666666666666
2026-06-15 17:45:35,269 [zs_clip.py] => Learning on 70-80
2026-06-15 17:45:45,299 [trainer.py] => CNN: {'total': 18.43, '00-09': 25.37, '10-19': 21.45, '20-29': 20.85, '30-39': 10.15, '40-49': 33.13, '50-59': 5.11, '60-69': 13.21, '70-79': 18.26, 'old': 18.45, 'new': 18.26, 'harmonic': 18.35}
2026-06-15 17:45:45,300 [trainer.py] => CNN top1 curve: [28.61, 24.09, 19.83, 18.43]
2026-06-15 17:45:45,300 [trainer.py] => CNN top5 curve: [66.59, 57.84, 55.11, 52.85]
2026-06-15 17:45:45,300 [trainer.py] => CNN top10 curve: [79.51, 74.01, 71.2, 67.98]
2026-06-15 17:45:45,300 [trainer.py] => Average Accuracy (CNN top1): 22.740000000000002
2026-06-15 17:45:45,302 [zs_clip.py] => Learning on 80-90
2026-06-15 17:45:54,537 [trainer.py] => CNN: {'total': 16.35, '00-09': 25.07, '10-19': 19.94, '20-29': 20.24, '30-39': 10.15, '40-49': 32.83, '50-59': 3.9, '60-69': 13.21, '70-79': 17.96, '80-89': 3.9, 'old': 17.91, 'new': 3.9, 'harmonic': 6.41}
2026-06-15 17:45:54,537 [trainer.py] => CNN top1 curve: [28.61, 24.09, 19.83, 18.43, 16.35]
2026-06-15 17:45:54,537 [trainer.py] => CNN top5 curve: [66.59, 57.84, 55.11, 52.85, 48.58]
2026-06-15 17:45:54,537 [trainer.py] => CNN top10 curve: [79.51, 74.01, 71.2, 67.98, 64.16]
2026-06-15 17:45:54,537 [trainer.py] => Average Accuracy (CNN top1): 21.462
2026-06-15 17:45:54,539 [zs_clip.py] => Learning on 90-100
2026-06-15 17:46:06,421 [trainer.py] => CNN: {'total': 17.16, '00-09': 24.18, '10-19': 19.94, '20-29': 18.13, '30-39': 10.15, '40-49': 30.72, '50-59': 3.9, '60-69': 13.21, '70-79': 17.07, '80-89': 3.3, '90-99': 30.95, 'old': 15.62, 'new': 30.95, 'harmonic': 20.76}
2026-06-15 17:46:06,421 [trainer.py] => CNN top1 curve: [28.61, 24.09, 19.83, 18.43, 16.35, 17.16]
2026-06-15 17:46:06,421 [trainer.py] => CNN top5 curve: [66.59, 57.84, 55.11, 52.85, 48.58, 48.87]
2026-06-15 17:46:06,421 [trainer.py] => CNN top10 curve: [79.51, 74.01, 71.2, 67.98, 64.16, 64.33]
2026-06-15 17:46:06,421 [trainer.py] => Average Accuracy (CNN top1): 20.745
