2026-06-15 17:47:04,364 [trainer.py] => config: ./configs/zs_clip/zs_clip_aircraft_B50_Inc10.json
2026-06-15 17:47:04,364 [trainer.py] => prefix: -
2026-06-15 17:47:04,364 [trainer.py] => dataset: aircraft
2026-06-15 17:47:04,364 [trainer.py] => memory_size: 0
2026-06-15 17:47:04,364 [trainer.py] => memory_per_class: 0
2026-06-15 17:47:04,364 [trainer.py] => fixed_memory: False
2026-06-15 17:47:04,364 [trainer.py] => shuffle: True
2026-06-15 17:47:04,364 [trainer.py] => init_cls: 50
2026-06-15 17:47:04,364 [trainer.py] => increment: 10
2026-06-15 17:47:04,364 [trainer.py] => model_name: zs_clip
2026-06-15 17:47:04,364 [trainer.py] => backbone_type: clip
2026-06-15 17:47:04,364 [trainer.py] => device: [device(type='cuda', index=6)]
2026-06-15 17:47:04,364 [trainer.py] => seed: 2026
2026-06-15 17:47:04,364 [trainer.py] => total_class_num: 100
2026-06-15 17:47:04,409 [data_manager.py] => [98, 10, 4, 18, 88, 13, 8, 84, 79, 21, 85, 96, 53, 42, 52, 97, 74, 5, 58, 23, 90, 59, 16, 72, 75, 30, 43, 99, 44, 41, 0, 46, 61, 80, 65, 39, 70, 87, 89, 91, 82, 14, 12, 71, 50, 11, 15, 57, 22, 67, 45, 32, 78, 63, 66, 55, 31, 62, 35, 34, 19, 49, 24, 9, 37, 36, 3, 64, 40, 86, 81, 93, 47, 73, 17, 60, 68, 25, 38, 48, 33, 20, 83, 7, 27, 94, 54, 2, 92, 76, 69, 51, 28, 29, 95, 77, 56, 26, 6, 1]
2026-06-15 17:47:04,439 [factory.py] => Loaded ViT-B-16 model config.
2026-06-15 17:47:06,396 [factory.py] => Loading pretrained ViT-B-16 weights (/home/team/zhaohongwei/pretrained_models/open_clip_pytorch_model_laion400m_e32.bin).
2026-06-15 17:47:07,355 [factory.py] => Loaded ViT-B-16 model config.
2026-06-15 17:47:08,764 [factory.py] => Loading pretrained ViT-B-16 weights (/home/team/zhaohongwei/pretrained_models/open_clip_pytorch_model_laion400m_e32.bin).
2026-06-15 17:47:09,334 [zs_clip.py] => Learning on 0-50
2026-06-15 17:47:15,072 [trainer.py] => CNN: {'total': 29.57, '00-09': 19.58, '10-19': 34.43, '20-29': 23.42, '30-39': 38.32, '40-49': 32.04, 'old': 0, 'new': 29.57, 'harmonic': 0.0}
2026-06-15 17:47:15,072 [trainer.py] => CNN top1 curve: [29.57]
2026-06-15 17:47:15,072 [trainer.py] => CNN top5 curve: [59.87]
2026-06-15 17:47:15,072 [trainer.py] => CNN top10 curve: [73.73]
2026-06-15 17:47:15,072 [trainer.py] => Average Accuracy (CNN top1): 29.57
2026-06-15 17:47:15,074 [zs_clip.py] => Learning on 50-60
2026-06-15 17:47:21,588 [trainer.py] => CNN: {'total': 26.3, '00-09': 19.28, '10-19': 32.63, '20-29': 18.32, '30-39': 26.05, '40-49': 30.54, '50-59': 30.93, 'old': 25.37, 'new': 30.93, 'harmonic': 27.88}
2026-06-15 17:47:21,588 [trainer.py] => CNN top1 curve: [29.57, 26.3]
2026-06-15 17:47:21,588 [trainer.py] => CNN top5 curve: [59.87, 58.5]
2026-06-15 17:47:21,588 [trainer.py] => CNN top10 curve: [73.73, 71.75]
2026-06-15 17:47:21,589 [trainer.py] => Average Accuracy (CNN top1): 27.935000000000002
2026-06-15 17:47:21,591 [zs_clip.py] => Learning on 60-70
2026-06-15 17:47:28,955 [trainer.py] => CNN: {'total': 22.57, '00-09': 17.17, '10-19': 29.94, '20-29': 17.72, '30-39': 23.35, '40-49': 23.65, '50-59': 30.63, '60-69': 15.41, 'old': 23.75, 'new': 15.41, 'harmonic': 18.69}
2026-06-15 17:47:28,955 [trainer.py] => CNN top1 curve: [29.57, 26.3, 22.57]
2026-06-15 17:47:28,955 [trainer.py] => CNN top5 curve: [59.87, 58.5, 54.35]
2026-06-15 17:47:28,955 [trainer.py] => CNN top10 curve: [73.73, 71.75, 68.73]
2026-06-15 17:47:28,955 [trainer.py] => Average Accuracy (CNN top1): 26.146666666666665
2026-06-15 17:47:28,957 [zs_clip.py] => Learning on 70-80
2026-06-15 17:47:37,256 [trainer.py] => CNN: {'total': 19.67, '00-09': 16.27, '10-19': 29.04, '20-29': 12.91, '30-39': 21.26, '40-49': 22.16, '50-59': 29.13, '60-69': 12.08, '70-79': 14.41, 'old': 20.42, 'new': 14.41, 'harmonic': 16.9}
2026-06-15 17:47:37,257 [trainer.py] => CNN top1 curve: [29.57, 26.3, 22.57, 19.67]
2026-06-15 17:47:37,257 [trainer.py] => CNN top5 curve: [59.87, 58.5, 54.35, 53.53]
2026-06-15 17:47:37,257 [trainer.py] => CNN top10 curve: [73.73, 71.75, 68.73, 67.68]
2026-06-15 17:47:37,258 [trainer.py] => Average Accuracy (CNN top1): 24.5275
2026-06-15 17:47:37,261 [zs_clip.py] => Learning on 80-90
2026-06-15 17:47:46,557 [trainer.py] => CNN: {'total': 17.95, '00-09': 15.96, '10-19': 25.15, '20-29': 12.61, '30-39': 20.96, '40-49': 22.16, '50-59': 24.32, '60-69': 12.08, '70-79': 13.21, '80-89': 14.97, 'old': 18.32, 'new': 14.97, 'harmonic': 16.48}
2026-06-15 17:47:46,558 [trainer.py] => CNN top1 curve: [29.57, 26.3, 22.57, 19.67, 17.95]
2026-06-15 17:47:46,558 [trainer.py] => CNN top5 curve: [59.87, 58.5, 54.35, 53.53, 50.37]
2026-06-15 17:47:46,558 [trainer.py] => CNN top10 curve: [73.73, 71.75, 68.73, 67.68, 66.11]
2026-06-15 17:47:46,558 [trainer.py] => Average Accuracy (CNN top1): 23.212
2026-06-15 17:47:46,561 [zs_clip.py] => Learning on 90-100
2026-06-15 17:47:56,913 [trainer.py] => CNN: {'total': 17.16, '00-09': 14.76, '10-19': 24.55, '20-29': 11.41, '30-39': 19.46, '40-49': 21.86, '50-59': 21.02, '60-69': 11.78, '70-79': 10.81, '80-89': 13.17, '90-99': 22.69, 'old': 16.54, 'new': 22.69, 'harmonic': 19.13}
2026-06-15 17:47:56,913 [trainer.py] => CNN top1 curve: [29.57, 26.3, 22.57, 19.67, 17.95, 17.16]
2026-06-15 17:47:56,913 [trainer.py] => CNN top5 curve: [59.87, 58.5, 54.35, 53.53, 50.37, 48.87]
2026-06-15 17:47:56,913 [trainer.py] => CNN top10 curve: [73.73, 71.75, 68.73, 67.68, 66.11, 64.33]
2026-06-15 17:47:56,913 [trainer.py] => Average Accuracy (CNN top1): 22.203333333333333
