2026-06-15 17:41:42,445 [trainer.py] => config: ./configs/zs_clip/zs_clip_aircraft_B0_Inc10.json
2026-06-15 17:41:42,445 [trainer.py] => prefix: -
2026-06-15 17:41:42,445 [trainer.py] => dataset: aircraft
2026-06-15 17:41:42,445 [trainer.py] => memory_size: 0
2026-06-15 17:41:42,445 [trainer.py] => memory_per_class: 0
2026-06-15 17:41:42,445 [trainer.py] => fixed_memory: False
2026-06-15 17:41:42,445 [trainer.py] => shuffle: True
2026-06-15 17:41:42,445 [trainer.py] => init_cls: 10
2026-06-15 17:41:42,445 [trainer.py] => increment: 10
2026-06-15 17:41:42,445 [trainer.py] => model_name: zs_clip
2026-06-15 17:41:42,445 [trainer.py] => backbone_type: clip
2026-06-15 17:41:42,445 [trainer.py] => device: [device(type='cuda', index=6)]
2026-06-15 17:41:42,445 [trainer.py] => seed: 1993
2026-06-15 17:41:42,445 [trainer.py] => total_class_num: 100
2026-06-15 17:41:42,475 [data_manager.py] => [68, 56, 78, 8, 23, 84, 90, 65, 74, 76, 40, 89, 3, 92, 55, 9, 26, 80, 43, 38, 58, 70, 77, 1, 85, 19, 17, 50, 28, 53, 13, 81, 45, 82, 6, 59, 83, 16, 15, 44, 91, 41, 72, 60, 79, 52, 20, 10, 31, 54, 37, 95, 14, 71, 96, 98, 97, 2, 64, 66, 42, 22, 35, 86, 24, 34, 87, 21, 99, 0, 88, 27, 18, 94, 11, 12, 47, 25, 30, 46, 62, 69, 36, 61, 7, 63, 75, 5, 32, 4, 51, 48, 73, 93, 39, 67, 29, 49, 57, 33]
2026-06-15 17:41:42,493 [factory.py] => Loaded ViT-B-16 model config.
2026-06-15 17:41:44,126 [factory.py] => Loading pretrained ViT-B-16 weights (/home/team/zhaohongwei/pretrained_models/open_clip_pytorch_model_laion400m_e32.bin).
2026-06-15 17:41:44,665 [factory.py] => Loaded ViT-B-16 model config.
2026-06-15 17:41:46,071 [factory.py] => Loading pretrained ViT-B-16 weights (/home/team/zhaohongwei/pretrained_models/open_clip_pytorch_model_laion400m_e32.bin).
2026-06-15 17:41:46,657 [zs_clip.py] => Learning on 0-10
2026-06-15 17:41:48,900 [trainer.py] => CNN: {'total': 43.75, '00-09': 43.75, 'old': 0, 'new': 43.75, 'harmonic': 0.0}
2026-06-15 17:41:48,901 [trainer.py] => CNN top1 curve: [43.75]
2026-06-15 17:41:48,901 [trainer.py] => CNN top5 curve: [76.79]
2026-06-15 17:41:48,901 [trainer.py] => CNN top10 curve: [100.0]
2026-06-15 17:41:48,901 [trainer.py] => Average Accuracy (CNN top1): 43.75
2026-06-15 17:41:48,902 [zs_clip.py] => Learning on 10-20
2026-06-15 17:41:51,990 [trainer.py] => CNN: {'total': 33.13, '00-09': 26.79, '10-19': 39.52, 'old': 26.79, 'new': 39.52, 'harmonic': 31.93}
2026-06-15 17:41:51,991 [trainer.py] => CNN top1 curve: [43.75, 33.13]
2026-06-15 17:41:51,991 [trainer.py] => CNN top5 curve: [76.79, 74.33]
2026-06-15 17:41:51,991 [trainer.py] => CNN top10 curve: [100.0, 88.81]
2026-06-15 17:41:51,991 [trainer.py] => Average Accuracy (CNN top1): 38.44
2026-06-15 17:41:51,992 [zs_clip.py] => Learning on 20-30
2026-06-15 17:41:56,307 [trainer.py] => CNN: {'total': 31.47, '00-09': 24.4, '10-19': 32.04, '20-29': 38.02, 'old': 28.21, 'new': 38.02, 'harmonic': 32.39}
2026-06-15 17:41:56,307 [trainer.py] => CNN top1 curve: [43.75, 33.13, 31.47]
2026-06-15 17:41:56,307 [trainer.py] => CNN top5 curve: [76.79, 74.33, 70.92]
2026-06-15 17:41:56,307 [trainer.py] => CNN top10 curve: [100.0, 88.81, 86.35]
2026-06-15 17:41:56,307 [trainer.py] => Average Accuracy (CNN top1): 36.11666666666667
2026-06-15 17:41:56,309 [zs_clip.py] => Learning on 30-40
2026-06-15 17:42:01,990 [trainer.py] => CNN: {'total': 27.82, '00-09': 19.64, '10-19': 22.46, '20-29': 34.13, '30-39': 35.14, 'old': 25.4, 'new': 35.14, 'harmonic': 29.49}
2026-06-15 17:42:01,990 [trainer.py] => CNN top1 curve: [43.75, 33.13, 31.47, 27.82]
2026-06-15 17:42:01,990 [trainer.py] => CNN top5 curve: [76.79, 74.33, 70.92, 67.02]
2026-06-15 17:42:01,991 [trainer.py] => CNN top10 curve: [100.0, 88.81, 86.35, 84.67]
2026-06-15 17:42:01,991 [trainer.py] => Average Accuracy (CNN top1): 34.0425
2026-06-15 17:42:01,992 [zs_clip.py] => Learning on 40-50
2026-06-15 17:42:08,512 [trainer.py] => CNN: {'total': 25.52, '00-09': 19.35, '10-19': 19.16, '20-29': 28.74, '30-39': 32.73, '40-49': 27.71, 'old': 24.98, 'new': 27.71, 'harmonic': 26.27}
2026-06-15 17:42:08,513 [trainer.py] => CNN top1 curve: [43.75, 33.13, 31.47, 27.82, 25.52]
2026-06-15 17:42:08,513 [trainer.py] => CNN top5 curve: [76.79, 74.33, 70.92, 67.02, 64.53]
2026-06-15 17:42:08,513 [trainer.py] => CNN top10 curve: [100.0, 88.81, 86.35, 84.67, 80.47]
2026-06-15 17:42:08,513 [trainer.py] => Average Accuracy (CNN top1): 32.338
2026-06-15 17:42:08,516 [zs_clip.py] => Learning on 50-60
2026-06-15 17:42:15,554 [trainer.py] => CNN: {'total': 24.0, '00-09': 19.05, '10-19': 17.37, '20-29': 28.14, '30-39': 32.43, '40-49': 26.51, '50-59': 20.6, 'old': 24.69, 'new': 20.6, 'harmonic': 22.46}
2026-06-15 17:42:15,554 [trainer.py] => CNN top1 curve: [43.75, 33.13, 31.47, 27.82, 25.52, 24.0]
2026-06-15 17:42:15,554 [trainer.py] => CNN top5 curve: [76.79, 74.33, 70.92, 67.02, 64.53, 59.38]
2026-06-15 17:42:15,554 [trainer.py] => CNN top10 curve: [100.0, 88.81, 86.35, 84.67, 80.47, 73.15]
2026-06-15 17:42:15,554 [trainer.py] => Average Accuracy (CNN top1): 30.948333333333334
2026-06-15 17:42:15,556 [zs_clip.py] => Learning on 60-70
2026-06-15 17:42:23,123 [trainer.py] => CNN: {'total': 22.86, '00-09': 16.96, '10-19': 17.07, '20-29': 26.65, '30-39': 31.53, '40-49': 25.3, '50-59': 20.6, '60-69': 21.99, 'old': 23.0, 'new': 21.99, 'harmonic': 22.48}
2026-06-15 17:42:23,123 [trainer.py] => CNN top1 curve: [43.75, 33.13, 31.47, 27.82, 25.52, 24.0, 22.86]
2026-06-15 17:42:23,123 [trainer.py] => CNN top5 curve: [76.79, 74.33, 70.92, 67.02, 64.53, 59.38, 55.91]
2026-06-15 17:42:23,123 [trainer.py] => CNN top10 curve: [100.0, 88.81, 86.35, 84.67, 80.47, 73.15, 69.78]
2026-06-15 17:42:23,123 [trainer.py] => Average Accuracy (CNN top1): 29.792857142857144
2026-06-15 17:42:23,125 [zs_clip.py] => Learning on 70-80
2026-06-15 17:42:33,340 [trainer.py] => CNN: {'total': 21.51, '00-09': 16.07, '10-19': 15.57, '20-29': 24.25, '30-39': 27.33, '40-49': 23.19, '50-59': 20.6, '60-69': 20.78, '70-79': 24.4, 'old': 21.1, 'new': 24.4, 'harmonic': 22.63}
2026-06-15 17:42:33,340 [trainer.py] => CNN top1 curve: [43.75, 33.13, 31.47, 27.82, 25.52, 24.0, 22.86, 21.51]
2026-06-15 17:42:33,340 [trainer.py] => CNN top5 curve: [76.79, 74.33, 70.92, 67.02, 64.53, 59.38, 55.91, 53.15]
2026-06-15 17:42:33,340 [trainer.py] => CNN top10 curve: [100.0, 88.81, 86.35, 84.67, 80.47, 73.15, 69.78, 68.22]
2026-06-15 17:42:33,340 [trainer.py] => Average Accuracy (CNN top1): 28.7575
2026-06-15 17:42:33,342 [zs_clip.py] => Learning on 80-90
2026-06-15 17:42:42,853 [trainer.py] => CNN: {'total': 18.89, '00-09': 12.5, '10-19': 12.87, '20-29': 23.05, '30-39': 24.62, '40-49': 17.17, '50-59': 20.3, '60-69': 19.58, '70-79': 22.59, '80-89': 17.42, 'old': 19.08, 'new': 17.42, 'harmonic': 18.21}
2026-06-15 17:42:42,854 [trainer.py] => CNN top1 curve: [43.75, 33.13, 31.47, 27.82, 25.52, 24.0, 22.86, 21.51, 18.89]
2026-06-15 17:42:42,854 [trainer.py] => CNN top5 curve: [76.79, 74.33, 70.92, 67.02, 64.53, 59.38, 55.91, 53.15, 49.25]
2026-06-15 17:42:42,854 [trainer.py] => CNN top10 curve: [100.0, 88.81, 86.35, 84.67, 80.47, 73.15, 69.78, 68.22, 65.21]
2026-06-15 17:42:42,854 [trainer.py] => Average Accuracy (CNN top1): 27.66111111111111
2026-06-15 17:42:42,856 [zs_clip.py] => Learning on 90-100
2026-06-15 17:42:54,077 [trainer.py] => CNN: {'total': 17.16, '00-09': 12.5, '10-19': 12.87, '20-29': 16.17, '30-39': 24.02, '40-49': 10.84, '50-59': 20.3, '60-69': 19.58, '70-79': 15.96, '80-89': 16.22, '90-99': 23.19, 'old': 16.49, 'new': 23.19, 'harmonic': 19.27}
2026-06-15 17:42:54,077 [trainer.py] => CNN top1 curve: [43.75, 33.13, 31.47, 27.82, 25.52, 24.0, 22.86, 21.51, 18.89, 17.16]
2026-06-15 17:42:54,078 [trainer.py] => CNN top5 curve: [76.79, 74.33, 70.92, 67.02, 64.53, 59.38, 55.91, 53.15, 49.25, 48.87]
2026-06-15 17:42:54,078 [trainer.py] => CNN top10 curve: [100.0, 88.81, 86.35, 84.67, 80.47, 73.15, 69.78, 68.22, 65.21, 64.33]
2026-06-15 17:42:54,078 [trainer.py] => Average Accuracy (CNN top1): 26.611
