2026-06-15 18:13:22,586 [trainer.py] => config: ./configs/zs_clip/zs_clip_cars_B50_Inc10.json
2026-06-15 18:13:22,586 [trainer.py] => prefix: -
2026-06-15 18:13:22,586 [trainer.py] => dataset: cars
2026-06-15 18:13:22,586 [trainer.py] => memory_size: 0
2026-06-15 18:13:22,586 [trainer.py] => memory_per_class: 0
2026-06-15 18:13:22,586 [trainer.py] => fixed_memory: False
2026-06-15 18:13:22,586 [trainer.py] => shuffle: True
2026-06-15 18:13:22,586 [trainer.py] => init_cls: 50
2026-06-15 18:13:22,586 [trainer.py] => increment: 10
2026-06-15 18:13:22,586 [trainer.py] => model_name: zs_clip
2026-06-15 18:13:22,586 [trainer.py] => backbone_type: clip
2026-06-15 18:13:22,587 [trainer.py] => device: [device(type='cuda', index=6)]
2026-06-15 18:13:22,587 [trainer.py] => seed: 0
2026-06-15 18:13:22,587 [trainer.py] => total_class_num: 100
2026-06-15 18:13:22,682 [data_manager.py] => [26, 86, 2, 55, 75, 93, 16, 73, 54, 95, 53, 92, 78, 13, 7, 30, 22, 24, 33, 8, 43, 62, 3, 71, 45, 48, 6, 99, 82, 76, 60, 80, 90, 68, 51, 27, 18, 56, 63, 74, 1, 61, 42, 41, 4, 15, 17, 40, 38, 5, 91, 59, 0, 34, 28, 50, 11, 35, 23, 52, 10, 31, 66, 57, 79, 85, 32, 84, 14, 89, 19, 29, 49, 97, 98, 69, 20, 94, 72, 77, 25, 37, 81, 46, 39, 65, 58, 12, 88, 70, 87, 36, 21, 83, 9, 96, 67, 64, 47, 44]
2026-06-15 18:13:23,931 [instantiator.py] => Created a temporary directory at /tmp/tmpyygx0yk2
2026-06-15 18:13:23,931 [instantiator.py] => Writing /tmp/tmpyygx0yk2/_remote_module_non_scriptable.py
2026-06-15 18:13:24,109 [factory.py] => Loaded ViT-B-16 model config.
2026-06-15 18:13:25,583 [factory.py] => Loading pretrained ViT-B-16 weights (/home/team/zhaohongwei/pretrained_models/open_clip_pytorch_model_laion400m_e32.bin).
2026-06-15 18:13:26,124 [factory.py] => Loaded ViT-B-16 model config.
2026-06-15 18:13:27,478 [factory.py] => Loading pretrained ViT-B-16 weights (/home/team/zhaohongwei/pretrained_models/open_clip_pytorch_model_laion400m_e32.bin).
2026-06-15 18:13:28,496 [zs_clip.py] => Learning on 0-50
2026-06-15 18:13:35,345 [trainer.py] => CNN: {'total': 84.73, '00-09': 85.37, '10-19': 90.45, '20-29': 80.2, '30-39': 83.0, '40-49': 84.44, 'old': 0, 'new': 84.73, 'harmonic': 0.0}
2026-06-15 18:13:35,345 [trainer.py] => CNN top1 curve: [84.73]
2026-06-15 18:13:35,345 [trainer.py] => CNN top5 curve: [97.7]
2026-06-15 18:13:35,345 [trainer.py] => CNN top10 curve: [99.07]
2026-06-15 18:13:35,345 [trainer.py] => Average Accuracy (CNN top1): 84.73
2026-06-15 18:13:35,347 [zs_clip.py] => Learning on 50-60
2026-06-15 18:13:42,912 [trainer.py] => CNN: {'total': 83.58, '00-09': 84.89, '10-19': 82.82, '20-29': 78.97, '30-39': 77.09, '40-49': 84.18, '50-59': 93.73, 'old': 81.6, 'new': 93.73, 'harmonic': 87.25}
2026-06-15 18:13:42,912 [trainer.py] => CNN top1 curve: [84.73, 83.58]
2026-06-15 18:13:42,913 [trainer.py] => CNN top5 curve: [97.7, 97.87]
2026-06-15 18:13:42,913 [trainer.py] => CNN top10 curve: [99.07, 99.22]
2026-06-15 18:13:42,913 [trainer.py] => Average Accuracy (CNN top1): 84.155
2026-06-15 18:13:42,915 [zs_clip.py] => Learning on 60-70
2026-06-15 18:13:51,124 [trainer.py] => CNN: {'total': 83.23, '00-09': 83.93, '10-19': 81.86, '20-29': 78.97, '30-39': 72.17, '40-49': 84.18, '50-59': 93.73, '60-69': 87.99, 'old': 82.43, 'new': 87.99, 'harmonic': 85.12}
2026-06-15 18:13:51,124 [trainer.py] => CNN top1 curve: [84.73, 83.58, 83.23]
2026-06-15 18:13:51,125 [trainer.py] => CNN top5 curve: [97.7, 97.87, 98.04]
2026-06-15 18:13:51,125 [trainer.py] => CNN top10 curve: [99.07, 99.22, 98.84]
2026-06-15 18:13:51,125 [trainer.py] => Average Accuracy (CNN top1): 83.84666666666668
2026-06-15 18:13:51,126 [zs_clip.py] => Learning on 70-80
2026-06-15 18:14:01,236 [trainer.py] => CNN: {'total': 80.03, '00-09': 81.77, '10-19': 75.18, '20-29': 78.0, '30-39': 70.94, '40-49': 83.67, '50-59': 93.73, '60-69': 87.75, '70-79': 70.0, 'old': 81.51, 'new': 70.0, 'harmonic': 75.32}
2026-06-15 18:14:01,237 [trainer.py] => CNN top1 curve: [84.73, 83.58, 83.23, 80.03]
2026-06-15 18:14:01,237 [trainer.py] => CNN top5 curve: [97.7, 97.87, 98.04, 97.77]
2026-06-15 18:14:01,237 [trainer.py] => CNN top10 curve: [99.07, 99.22, 98.84, 98.72]
2026-06-15 18:14:01,237 [trainer.py] => Average Accuracy (CNN top1): 82.89250000000001
2026-06-15 18:14:01,239 [zs_clip.py] => Learning on 80-90
2026-06-15 18:14:12,230 [trainer.py] => CNN: {'total': 79.29, '00-09': 81.53, '10-19': 74.22, '20-29': 77.75, '30-39': 69.46, '40-49': 83.16, '50-59': 93.48, '60-69': 86.76, '70-79': 67.38, '80-89': 80.72, 'old': 79.11, 'new': 80.72, 'harmonic': 79.91}
2026-06-15 18:14:12,231 [trainer.py] => CNN top1 curve: [84.73, 83.58, 83.23, 80.03, 79.29]
2026-06-15 18:14:12,232 [trainer.py] => CNN top5 curve: [97.7, 97.87, 98.04, 97.77, 97.53]
2026-06-15 18:14:12,232 [trainer.py] => CNN top10 curve: [99.07, 99.22, 98.84, 98.72, 98.64]
2026-06-15 18:14:12,232 [trainer.py] => Average Accuracy (CNN top1): 82.17200000000001
2026-06-15 18:14:12,235 [zs_clip.py] => Learning on 90-100
2026-06-15 18:14:24,528 [trainer.py] => CNN: {'total': 76.73, '00-09': 81.29, '10-19': 73.27, '20-29': 70.17, '30-39': 67.0, '40-49': 83.16, '50-59': 93.23, '60-69': 86.03, '70-79': 67.38, '80-89': 80.72, '90-99': 65.58, 'old': 77.94, 'new': 65.58, 'harmonic': 71.23}
2026-06-15 18:14:24,528 [trainer.py] => CNN top1 curve: [84.73, 83.58, 83.23, 80.03, 79.29, 76.73]
2026-06-15 18:14:24,528 [trainer.py] => CNN top5 curve: [97.7, 97.87, 98.04, 97.77, 97.53, 97.33]
2026-06-15 18:14:24,528 [trainer.py] => CNN top10 curve: [99.07, 99.22, 98.84, 98.72, 98.64, 98.68]
2026-06-15 18:14:24,528 [trainer.py] => Average Accuracy (CNN top1): 81.26500000000001
