2026-06-15 18:09:24,828 [trainer.py] => config: ./configs/zs_clip/zs_clip_cars_B0_Inc10.json
2026-06-15 18:09:24,828 [trainer.py] => prefix: -
2026-06-15 18:09:24,828 [trainer.py] => dataset: cars
2026-06-15 18:09:24,828 [trainer.py] => memory_size: 0
2026-06-15 18:09:24,828 [trainer.py] => memory_per_class: 0
2026-06-15 18:09:24,828 [trainer.py] => fixed_memory: False
2026-06-15 18:09:24,828 [trainer.py] => shuffle: True
2026-06-15 18:09:24,828 [trainer.py] => init_cls: 10
2026-06-15 18:09:24,829 [trainer.py] => increment: 10
2026-06-15 18:09:24,829 [trainer.py] => model_name: zs_clip
2026-06-15 18:09:24,829 [trainer.py] => backbone_type: clip
2026-06-15 18:09:24,829 [trainer.py] => device: [device(type='cuda', index=6)]
2026-06-15 18:09:24,829 [trainer.py] => seed: 42
2026-06-15 18:09:24,829 [trainer.py] => total_class_num: 100
2026-06-15 18:09:24,872 [data_manager.py] => [83, 53, 70, 45, 44, 39, 22, 80, 10, 0, 18, 30, 73, 33, 90, 4, 76, 77, 12, 31, 55, 88, 26, 42, 69, 15, 40, 96, 9, 72, 11, 47, 85, 28, 93, 5, 66, 65, 35, 16, 49, 34, 7, 95, 27, 19, 81, 25, 62, 13, 24, 3, 17, 38, 8, 78, 6, 64, 36, 89, 56, 99, 54, 43, 50, 67, 46, 68, 61, 97, 79, 41, 58, 48, 98, 57, 75, 32, 94, 59, 63, 84, 37, 29, 1, 52, 21, 2, 23, 87, 91, 74, 86, 82, 20, 60, 71, 14, 92, 51]
2026-06-15 18:09:24,886 [factory.py] => Loaded ViT-B-16 model config.
2026-06-15 18:09:26,628 [factory.py] => Loading pretrained ViT-B-16 weights (/home/team/zhaohongwei/pretrained_models/open_clip_pytorch_model_laion400m_e32.bin).
2026-06-15 18:09:28,656 [factory.py] => Loaded ViT-B-16 model config.
2026-06-15 18:09:30,403 [factory.py] => Loading pretrained ViT-B-16 weights (/home/team/zhaohongwei/pretrained_models/open_clip_pytorch_model_laion400m_e32.bin).
2026-06-15 18:09:31,418 [zs_clip.py] => Learning on 0-10
2026-06-15 18:09:33,568 [trainer.py] => CNN: {'total': 95.76, '00-09': 95.76, 'old': 0, 'new': 95.76, 'harmonic': 0.0}
2026-06-15 18:09:33,568 [trainer.py] => CNN top1 curve: [95.76]
2026-06-15 18:09:33,569 [trainer.py] => CNN top5 curve: [100.0]
2026-06-15 18:09:33,569 [trainer.py] => CNN top10 curve: [100.0]
2026-06-15 18:09:33,569 [trainer.py] => Average Accuracy (CNN top1): 95.76
2026-06-15 18:09:33,571 [zs_clip.py] => Learning on 10-20
2026-06-15 18:09:36,703 [trainer.py] => CNN: {'total': 91.43, '00-09': 95.51, '10-19': 87.5, 'old': 95.51, 'new': 87.5, 'harmonic': 91.33}
2026-06-15 18:09:36,704 [trainer.py] => CNN top1 curve: [95.76, 91.43]
2026-06-15 18:09:36,704 [trainer.py] => CNN top5 curve: [100.0, 99.88]
2026-06-15 18:09:36,704 [trainer.py] => CNN top10 curve: [100.0, 100.0]
2026-06-15 18:09:36,704 [trainer.py] => Average Accuracy (CNN top1): 93.595
2026-06-15 18:09:36,707 [zs_clip.py] => Learning on 20-30
2026-06-15 18:09:40,614 [trainer.py] => CNN: {'total': 89.16, '00-09': 93.52, '10-19': 82.21, '20-29': 92.07, 'old': 87.76, 'new': 92.07, 'harmonic': 89.86}
2026-06-15 18:09:40,614 [trainer.py] => CNN top1 curve: [95.76, 91.43, 89.16]
2026-06-15 18:09:40,614 [trainer.py] => CNN top5 curve: [100.0, 99.88, 99.75]
2026-06-15 18:09:40,614 [trainer.py] => CNN top10 curve: [100.0, 100.0, 100.0]
2026-06-15 18:09:40,615 [trainer.py] => Average Accuracy (CNN top1): 92.11666666666667
2026-06-15 18:09:40,617 [zs_clip.py] => Learning on 30-40
2026-06-15 18:09:45,854 [trainer.py] => CNN: {'total': 87.55, '00-09': 93.52, '10-19': 79.33, '20-29': 91.56, '30-39': 86.27, 'old': 88.0, 'new': 86.27, 'harmonic': 87.13}
2026-06-15 18:09:45,855 [trainer.py] => CNN top1 curve: [95.76, 91.43, 89.16, 87.55]
2026-06-15 18:09:45,855 [trainer.py] => CNN top5 curve: [100.0, 99.88, 99.75, 99.69]
2026-06-15 18:09:45,855 [trainer.py] => CNN top10 curve: [100.0, 100.0, 100.0, 99.94]
2026-06-15 18:09:45,855 [trainer.py] => Average Accuracy (CNN top1): 90.97500000000001
2026-06-15 18:09:45,856 [zs_clip.py] => Learning on 40-50
2026-06-15 18:09:52,185 [trainer.py] => CNN: {'total': 84.13, '00-09': 93.52, '10-19': 75.72, '20-29': 88.24, '30-39': 83.86, '40-49': 79.85, 'old': 85.21, 'new': 79.85, 'harmonic': 82.44}
2026-06-15 18:09:52,185 [trainer.py] => CNN top1 curve: [95.76, 91.43, 89.16, 87.55, 84.13]
2026-06-15 18:09:52,185 [trainer.py] => CNN top5 curve: [100.0, 99.88, 99.75, 99.69, 99.46]
2026-06-15 18:09:52,185 [trainer.py] => CNN top10 curve: [100.0, 100.0, 100.0, 99.94, 99.95]
2026-06-15 18:09:52,185 [trainer.py] => Average Accuracy (CNN top1): 89.60600000000001
2026-06-15 18:09:52,187 [zs_clip.py] => Learning on 50-60
2026-06-15 18:09:59,728 [trainer.py] => CNN: {'total': 81.56, '00-09': 90.77, '10-19': 74.28, '20-29': 87.47, '30-39': 79.52, '40-49': 76.46, '50-59': 81.49, 'old': 81.57, 'new': 81.49, 'harmonic': 81.53}
2026-06-15 18:09:59,728 [trainer.py] => CNN top1 curve: [95.76, 91.43, 89.16, 87.55, 84.13, 81.56]
2026-06-15 18:09:59,728 [trainer.py] => CNN top5 curve: [100.0, 99.88, 99.75, 99.69, 99.46, 99.22]
2026-06-15 18:09:59,728 [trainer.py] => CNN top10 curve: [100.0, 100.0, 100.0, 99.94, 99.95, 99.92]
2026-06-15 18:09:59,729 [trainer.py] => Average Accuracy (CNN top1): 88.265
2026-06-15 18:09:59,730 [zs_clip.py] => Learning on 60-70
2026-06-15 18:10:08,357 [trainer.py] => CNN: {'total': 80.11, '00-09': 90.02, '10-19': 74.28, '20-29': 86.19, '30-39': 78.07, '40-49': 75.97, '50-59': 80.29, '60-69': 76.59, 'old': 80.7, 'new': 76.59, 'harmonic': 78.59}
2026-06-15 18:10:08,358 [trainer.py] => CNN top1 curve: [95.76, 91.43, 89.16, 87.55, 84.13, 81.56, 80.11]
2026-06-15 18:10:08,358 [trainer.py] => CNN top5 curve: [100.0, 99.88, 99.75, 99.69, 99.46, 99.22, 97.9]
2026-06-15 18:10:08,358 [trainer.py] => CNN top10 curve: [100.0, 100.0, 100.0, 99.94, 99.95, 99.92, 98.95]
2026-06-15 18:10:08,358 [trainer.py] => Average Accuracy (CNN top1): 87.10000000000001
2026-06-15 18:10:08,361 [zs_clip.py] => Learning on 70-80
2026-06-15 18:10:18,619 [trainer.py] => CNN: {'total': 78.81, '00-09': 90.02, '10-19': 73.32, '20-29': 83.38, '30-39': 77.83, '40-49': 75.0, '50-59': 80.29, '60-69': 75.37, '70-79': 75.7, 'old': 79.24, 'new': 75.7, 'harmonic': 77.43}
2026-06-15 18:10:18,620 [trainer.py] => CNN top1 curve: [95.76, 91.43, 89.16, 87.55, 84.13, 81.56, 80.11, 78.81]
2026-06-15 18:10:18,620 [trainer.py] => CNN top5 curve: [100.0, 99.88, 99.75, 99.69, 99.46, 99.22, 97.9, 97.45]
2026-06-15 18:10:18,620 [trainer.py] => CNN top10 curve: [100.0, 100.0, 100.0, 99.94, 99.95, 99.92, 98.95, 98.55]
2026-06-15 18:10:18,620 [trainer.py] => Average Accuracy (CNN top1): 86.06375
2026-06-15 18:10:18,621 [zs_clip.py] => Learning on 80-90
2026-06-15 18:10:30,404 [trainer.py] => CNN: {'total': 77.95, '00-09': 87.28, '10-19': 70.43, '20-29': 83.12, '30-39': 77.83, '40-49': 74.76, '50-59': 79.33, '60-69': 75.12, '70-79': 75.7, '80-89': 78.47, 'old': 77.89, 'new': 78.47, 'harmonic': 78.18}
2026-06-15 18:10:30,405 [trainer.py] => CNN top1 curve: [95.76, 91.43, 89.16, 87.55, 84.13, 81.56, 80.11, 78.81, 77.95]
2026-06-15 18:10:30,405 [trainer.py] => CNN top5 curve: [100.0, 99.88, 99.75, 99.69, 99.46, 99.22, 97.9, 97.45, 97.29]
2026-06-15 18:10:30,405 [trainer.py] => CNN top10 curve: [100.0, 100.0, 100.0, 99.94, 99.95, 99.92, 98.95, 98.55, 98.58]
2026-06-15 18:10:30,405 [trainer.py] => Average Accuracy (CNN top1): 85.16222222222223
2026-06-15 18:10:30,406 [zs_clip.py] => Learning on 90-100
2026-06-15 18:10:43,051 [trainer.py] => CNN: {'total': 76.73, '00-09': 83.79, '10-19': 70.19, '20-29': 82.86, '30-39': 77.59, '40-49': 74.76, '50-59': 78.37, '60-69': 75.12, '70-79': 75.19, '80-89': 75.25, '90-99': 74.71, 'old': 76.97, 'new': 74.71, 'harmonic': 75.82}
2026-06-15 18:10:43,051 [trainer.py] => CNN top1 curve: [95.76, 91.43, 89.16, 87.55, 84.13, 81.56, 80.11, 78.81, 77.95, 76.73]
2026-06-15 18:10:43,051 [trainer.py] => CNN top5 curve: [100.0, 99.88, 99.75, 99.69, 99.46, 99.22, 97.9, 97.45, 97.29, 97.33]
2026-06-15 18:10:43,051 [trainer.py] => CNN top10 curve: [100.0, 100.0, 100.0, 99.94, 99.95, 99.92, 98.95, 98.55, 98.58, 98.68]
2026-06-15 18:10:43,051 [trainer.py] => Average Accuracy (CNN top1): 84.319
