2026-06-15 17:59:02,665 [trainer.py] => config: ./configs/zs_clip/zs_clip_cifar_B50_Inc10.json
2026-06-15 17:59:02,665 [trainer.py] => prefix: -
2026-06-15 17:59:02,665 [trainer.py] => dataset: cifar224
2026-06-15 17:59:02,665 [trainer.py] => memory_size: 0
2026-06-15 17:59:02,665 [trainer.py] => memory_per_class: 0
2026-06-15 17:59:02,665 [trainer.py] => fixed_memory: False
2026-06-15 17:59:02,665 [trainer.py] => shuffle: True
2026-06-15 17:59:02,665 [trainer.py] => init_cls: 50
2026-06-15 17:59:02,665 [trainer.py] => increment: 10
2026-06-15 17:59:02,665 [trainer.py] => model_name: zs_clip
2026-06-15 17:59:02,665 [trainer.py] => backbone_type: clip
2026-06-15 17:59:02,665 [trainer.py] => device: [device(type='cuda', index=6)]
2026-06-15 17:59:02,665 [trainer.py] => seed: 0
2026-06-15 17:59:02,665 [trainer.py] => total_class_num: 100
2026-06-15 17:59:03,811 [data_manager.py] => [26, 86, 2, 55, 75, 93, 16, 73, 54, 95, 53, 92, 78, 13, 7, 30, 22, 24, 33, 8, 43, 62, 3, 71, 45, 48, 6, 99, 82, 76, 60, 80, 90, 68, 51, 27, 18, 56, 63, 74, 1, 61, 42, 41, 4, 15, 17, 40, 38, 5, 91, 59, 0, 34, 28, 50, 11, 35, 23, 52, 10, 31, 66, 57, 79, 85, 32, 84, 14, 89, 19, 29, 49, 97, 98, 69, 20, 94, 72, 77, 25, 37, 81, 46, 39, 65, 58, 12, 88, 70, 87, 36, 21, 83, 9, 96, 67, 64, 47, 44]
2026-06-15 17:59:05,140 [instantiator.py] => Created a temporary directory at /tmp/tmp9bklcmv0
2026-06-15 17:59:05,141 [instantiator.py] => Writing /tmp/tmp9bklcmv0/_remote_module_non_scriptable.py
2026-06-15 17:59:05,275 [factory.py] => Loaded ViT-B-16 model config.
2026-06-15 17:59:06,774 [factory.py] => Loading pretrained ViT-B-16 weights (/home/team/zhaohongwei/pretrained_models/open_clip_pytorch_model_laion400m_e32.bin).
2026-06-15 17:59:07,221 [factory.py] => Loaded ViT-B-16 model config.
2026-06-15 17:59:08,474 [factory.py] => Loading pretrained ViT-B-16 weights (/home/team/zhaohongwei/pretrained_models/open_clip_pytorch_model_laion400m_e32.bin).
2026-06-15 17:59:09,400 [zs_clip.py] => Learning on 0-50
2026-06-15 17:59:22,899 [trainer.py] => CNN: {'total': 76.78, '00-09': 74.7, '10-19': 78.9, '20-29': 82.4, '30-39': 69.4, '40-49': 78.5, 'old': 0, 'new': 76.78, 'harmonic': 0.0}
2026-06-15 17:59:22,899 [trainer.py] => CNN top1 curve: [76.78]
2026-06-15 17:59:22,900 [trainer.py] => CNN top5 curve: [94.66]
2026-06-15 17:59:22,900 [trainer.py] => CNN top10 curve: [97.92]
2026-06-15 17:59:22,900 [trainer.py] => Average Accuracy (CNN top1): 76.78
2026-06-15 17:59:22,903 [zs_clip.py] => Learning on 50-60
2026-06-15 17:59:39,100 [trainer.py] => CNN: {'total': 75.83, '00-09': 71.6, '10-19': 78.2, '20-29': 81.1, '30-39': 66.6, '40-49': 77.5, '50-59': 80.0, 'old': 75.0, 'new': 80.0, 'harmonic': 77.42}
2026-06-15 17:59:39,101 [trainer.py] => CNN top1 curve: [76.78, 75.83]
2026-06-15 17:59:39,101 [trainer.py] => CNN top5 curve: [94.66, 94.43]
2026-06-15 17:59:39,101 [trainer.py] => CNN top10 curve: [97.92, 97.67]
2026-06-15 17:59:39,101 [trainer.py] => Average Accuracy (CNN top1): 76.305
2026-06-15 17:59:39,105 [zs_clip.py] => Learning on 60-70
2026-06-15 17:59:58,956 [trainer.py] => CNN: {'total': 74.01, '00-09': 69.2, '10-19': 77.4, '20-29': 80.5, '30-39': 65.6, '40-49': 73.8, '50-59': 76.0, '60-69': 75.6, 'old': 73.75, 'new': 75.6, 'harmonic': 74.66}
2026-06-15 17:59:58,956 [trainer.py] => CNN top1 curve: [76.78, 75.83, 74.01]
2026-06-15 17:59:58,956 [trainer.py] => CNN top5 curve: [94.66, 94.43, 93.6]
2026-06-15 17:59:58,957 [trainer.py] => CNN top10 curve: [97.92, 97.67, 97.07]
2026-06-15 17:59:58,957 [trainer.py] => Average Accuracy (CNN top1): 75.54
2026-06-15 17:59:58,977 [zs_clip.py] => Learning on 70-80
2026-06-15 18:00:22,712 [trainer.py] => CNN: {'total': 72.94, '00-09': 66.7, '10-19': 76.9, '20-29': 78.7, '30-39': 63.9, '40-49': 71.8, '50-59': 74.2, '60-69': 74.2, '70-79': 77.1, 'old': 72.34, 'new': 77.1, 'harmonic': 74.64}
2026-06-15 18:00:22,712 [trainer.py] => CNN top1 curve: [76.78, 75.83, 74.01, 72.94]
2026-06-15 18:00:22,712 [trainer.py] => CNN top5 curve: [94.66, 94.43, 93.6, 92.89]
2026-06-15 18:00:22,712 [trainer.py] => CNN top10 curve: [97.92, 97.67, 97.07, 96.54]
2026-06-15 18:00:22,712 [trainer.py] => Average Accuracy (CNN top1): 74.89
2026-06-15 18:00:22,724 [zs_clip.py] => Learning on 80-90
2026-06-15 18:00:48,601 [trainer.py] => CNN: {'total': 72.71, '00-09': 66.1, '10-19': 75.7, '20-29': 78.6, '30-39': 62.9, '40-49': 70.6, '50-59': 73.6, '60-69': 73.8, '70-79': 76.8, '80-89': 76.3, 'old': 72.26, 'new': 76.3, 'harmonic': 74.23}
2026-06-15 18:00:48,602 [trainer.py] => CNN top1 curve: [76.78, 75.83, 74.01, 72.94, 72.71]
2026-06-15 18:00:48,602 [trainer.py] => CNN top5 curve: [94.66, 94.43, 93.6, 92.89, 92.78]
2026-06-15 18:00:48,602 [trainer.py] => CNN top10 curve: [97.92, 97.67, 97.07, 96.54, 96.51]
2026-06-15 18:00:48,602 [trainer.py] => Average Accuracy (CNN top1): 74.454
2026-06-15 18:00:48,623 [zs_clip.py] => Learning on 90-100
2026-06-15 18:01:17,332 [trainer.py] => CNN: {'total': 71.38, '00-09': 64.7, '10-19': 75.0, '20-29': 77.5, '30-39': 61.7, '40-49': 69.9, '50-59': 69.0, '60-69': 72.6, '70-79': 76.3, '80-89': 75.5, '90-99': 71.6, 'old': 71.36, 'new': 71.6, 'harmonic': 71.48}
2026-06-15 18:01:17,333 [trainer.py] => CNN top1 curve: [76.78, 75.83, 74.01, 72.94, 72.71, 71.38]
2026-06-15 18:01:17,333 [trainer.py] => CNN top5 curve: [94.66, 94.43, 93.6, 92.89, 92.78, 92.15]
2026-06-15 18:01:17,333 [trainer.py] => CNN top10 curve: [97.92, 97.67, 97.07, 96.54, 96.51, 95.96]
2026-06-15 18:01:17,333 [trainer.py] => Average Accuracy (CNN top1): 73.94166666666666
