2026-06-15 18:35:49,269 [trainer.py] => config: ./configs/zs_clip/zs_clip_cub_B100_Inc20.json
2026-06-15 18:35:49,270 [trainer.py] => prefix: -
2026-06-15 18:35:49,270 [trainer.py] => dataset: cub
2026-06-15 18:35:49,270 [trainer.py] => memory_size: 0
2026-06-15 18:35:49,270 [trainer.py] => memory_per_class: 0
2026-06-15 18:35:49,270 [trainer.py] => fixed_memory: False
2026-06-15 18:35:49,270 [trainer.py] => shuffle: True
2026-06-15 18:35:49,270 [trainer.py] => init_cls: 100
2026-06-15 18:35:49,270 [trainer.py] => increment: 20
2026-06-15 18:35:49,270 [trainer.py] => model_name: zs_clip
2026-06-15 18:35:49,270 [trainer.py] => backbone_type: clip
2026-06-15 18:35:49,270 [trainer.py] => device: [device(type='cuda', index=6)]
2026-06-15 18:35:49,270 [trainer.py] => seed: 2026
2026-06-15 18:35:49,270 [trainer.py] => total_class_num: 200
2026-06-15 18:35:49,313 [data_manager.py] => [115, 91, 15, 57, 123, 5, 193, 196, 88, 185, 191, 168, 90, 80, 106, 146, 188, 118, 44, 151, 24, 56, 42, 127, 113, 119, 197, 194, 99, 12, 65, 71, 131, 6, 46, 186, 126, 31, 117, 30, 110, 82, 102, 165, 11, 76, 53, 138, 199, 18, 163, 149, 84, 133, 170, 189, 52, 104, 45, 114, 41, 23, 160, 171, 172, 169, 177, 142, 94, 50, 128, 39, 59, 120, 107, 162, 124, 9, 74, 198, 62, 174, 166, 122, 141, 81, 10, 63, 176, 100, 136, 187, 129, 16, 72, 147, 54, 0, 98, 150, 92, 155, 4, 167, 125, 97, 153, 8, 83, 159, 85, 86, 13, 34, 173, 93, 180, 33, 21, 132, 190, 87, 121, 108, 103, 145, 37, 158, 69, 89, 2, 19, 67, 175, 51, 78, 43, 64, 66, 143, 61, 20, 144, 154, 183, 14, 140, 139, 75, 79, 22, 58, 101, 109, 32, 178, 73, 164, 55, 35, 49, 152, 137, 36, 3, 40, 70, 95, 105, 181, 157, 47, 192, 17, 60, 112, 68, 25, 38, 48, 161, 148, 111, 135, 96, 7, 27, 182, 130, 28, 179, 156, 116, 29, 195, 77, 184, 26, 134, 1]
2026-06-15 18:35:49,351 [factory.py] => Loaded ViT-B-16 model config.
2026-06-15 18:35:50,855 [factory.py] => Loading pretrained ViT-B-16 weights (/home/team/zhaohongwei/pretrained_models/open_clip_pytorch_model_laion400m_e32.bin).
2026-06-15 18:35:51,431 [factory.py] => Loaded ViT-B-16 model config.
2026-06-15 18:35:52,868 [factory.py] => Loading pretrained ViT-B-16 weights (/home/team/zhaohongwei/pretrained_models/open_clip_pytorch_model_laion400m_e32.bin).
2026-06-15 18:35:53,419 [zs_clip.py] => Learning on 0-100
2026-06-15 18:35:57,660 [trainer.py] => CNN: {'total': 76.25, '00-09': 75.0, '10-19': 66.67, '20-29': 76.38, '30-39': 68.81, '40-49': 88.43, '50-59': 77.03, '60-69': 69.84, '70-79': 79.65, '80-89': 74.36, '90-99': 84.68, 'old': 0, 'new': 76.25, 'harmonic': 0.0}
2026-06-15 18:35:57,661 [trainer.py] => CNN top1 curve: [76.25]
2026-06-15 18:35:57,661 [trainer.py] => CNN top5 curve: [94.52]
2026-06-15 18:35:57,661 [trainer.py] => CNN top10 curve: [97.92]
2026-06-15 18:35:57,661 [trainer.py] => Average Accuracy (CNN top1): 76.25
2026-06-15 18:35:57,665 [zs_clip.py] => Learning on 100-120
2026-06-15 18:36:02,442 [trainer.py] => CNN: {'total': 73.3, '00-09': 74.07, '10-19': 65.77, '20-29': 74.8, '30-39': 67.89, '40-49': 87.6, '50-59': 73.65, '60-69': 68.25, '70-79': 78.76, '80-89': 70.94, '90-99': 83.06, '100-109': 61.21, '110-119': 72.13, 'old': 74.58, 'new': 66.81, 'harmonic': 70.48}
2026-06-15 18:36:02,442 [trainer.py] => CNN top1 curve: [76.25, 73.3]
2026-06-15 18:36:02,442 [trainer.py] => CNN top5 curve: [94.52, 92.79]
2026-06-15 18:36:02,442 [trainer.py] => CNN top10 curve: [97.92, 97.16]
2026-06-15 18:36:02,443 [trainer.py] => Average Accuracy (CNN top1): 74.775
2026-06-15 18:36:02,446 [zs_clip.py] => Learning on 120-140
2026-06-15 18:36:07,934 [trainer.py] => CNN: {'total': 71.54, '00-09': 73.15, '10-19': 61.26, '20-29': 72.44, '30-39': 62.39, '40-49': 86.78, '50-59': 71.62, '60-69': 62.7, '70-79': 77.88, '80-89': 66.67, '90-99': 81.45, '100-109': 61.21, '110-119': 71.31, '120-129': 78.57, '130-139': 73.15, 'old': 70.87, 'new': 75.91, 'harmonic': 73.3}
2026-06-15 18:36:07,934 [trainer.py] => CNN top1 curve: [76.25, 73.3, 71.54]
2026-06-15 18:36:07,934 [trainer.py] => CNN top5 curve: [94.52, 92.79, 92.6]
2026-06-15 18:36:07,934 [trainer.py] => CNN top10 curve: [97.92, 97.16, 96.99]
2026-06-15 18:36:07,934 [trainer.py] => Average Accuracy (CNN top1): 73.69666666666667
2026-06-15 18:36:07,937 [zs_clip.py] => Learning on 140-160
2026-06-15 18:36:14,021 [trainer.py] => CNN: {'total': 68.45, '00-09': 73.15, '10-19': 61.26, '20-29': 70.87, '30-39': 59.63, '40-49': 85.12, '50-59': 70.27, '60-69': 59.52, '70-79': 69.91, '80-89': 64.1, '90-99': 80.65, '100-109': 55.17, '110-119': 68.03, '120-129': 77.68, '130-139': 73.15, '140-149': 70.25, '150-159': 53.77, 'old': 69.25, 'new': 62.56, 'harmonic': 65.74}
2026-06-15 18:36:14,022 [trainer.py] => CNN top1 curve: [76.25, 73.3, 71.54, 68.45]
2026-06-15 18:36:14,022 [trainer.py] => CNN top5 curve: [94.52, 92.79, 92.6, 91.32]
2026-06-15 18:36:14,022 [trainer.py] => CNN top10 curve: [97.92, 97.16, 96.99, 96.45]
2026-06-15 18:36:14,022 [trainer.py] => Average Accuracy (CNN top1): 72.385
2026-06-15 18:36:14,025 [zs_clip.py] => Learning on 160-180
2026-06-15 18:36:20,844 [trainer.py] => CNN: {'total': 65.71, '00-09': 73.15, '10-19': 61.26, '20-29': 68.5, '30-39': 58.72, '40-49': 82.64, '50-59': 69.59, '60-69': 55.56, '70-79': 69.91, '80-89': 61.54, '90-99': 79.84, '100-109': 45.69, '110-119': 68.03, '120-129': 77.68, '130-139': 71.3, '140-149': 67.77, '150-159': 50.94, '160-169': 70.91, '170-179': 48.39, 'old': 66.54, 'new': 58.97, 'harmonic': 62.53}
2026-06-15 18:36:20,844 [trainer.py] => CNN top1 curve: [76.25, 73.3, 71.54, 68.45, 65.71]
2026-06-15 18:36:20,844 [trainer.py] => CNN top5 curve: [94.52, 92.79, 92.6, 91.32, 89.92]
2026-06-15 18:36:20,845 [trainer.py] => CNN top10 curve: [97.92, 97.16, 96.99, 96.45, 95.15]
2026-06-15 18:36:20,845 [trainer.py] => Average Accuracy (CNN top1): 71.05
2026-06-15 18:36:20,849 [zs_clip.py] => Learning on 180-200
2026-06-15 18:36:28,534 [trainer.py] => CNN: {'total': 63.06, '00-09': 73.15, '10-19': 58.56, '20-29': 66.14, '30-39': 55.96, '40-49': 80.99, '50-59': 65.54, '60-69': 52.38, '70-79': 63.72, '80-89': 58.97, '90-99': 78.23, '100-109': 44.83, '110-119': 67.21, '120-129': 77.68, '130-139': 71.3, '140-149': 67.77, '150-159': 50.94, '160-169': 70.0, '170-179': 48.39, '180-189': 56.25, '190-199': 52.85, 'old': 64.01, 'new': 54.47, 'harmonic': 58.86}
2026-06-15 18:36:28,535 [trainer.py] => CNN top1 curve: [76.25, 73.3, 71.54, 68.45, 65.71, 63.06]
2026-06-15 18:36:28,535 [trainer.py] => CNN top5 curve: [94.52, 92.79, 92.6, 91.32, 89.92, 89.06]
2026-06-15 18:36:28,535 [trainer.py] => CNN top10 curve: [97.92, 97.16, 96.99, 96.45, 95.15, 94.7]
2026-06-15 18:36:28,535 [trainer.py] => Average Accuracy (CNN top1): 69.71833333333333
