2026-06-15 18:31:22,938 [trainer.py] => config: ./configs/zs_clip/zs_clip_cub_B0_Inc20.json
2026-06-15 18:31:22,938 [trainer.py] => prefix: -
2026-06-15 18:31:22,938 [trainer.py] => dataset: cub
2026-06-15 18:31:22,938 [trainer.py] => memory_size: 0
2026-06-15 18:31:22,938 [trainer.py] => memory_per_class: 0
2026-06-15 18:31:22,938 [trainer.py] => fixed_memory: False
2026-06-15 18:31:22,938 [trainer.py] => shuffle: True
2026-06-15 18:31:22,938 [trainer.py] => init_cls: 20
2026-06-15 18:31:22,938 [trainer.py] => increment: 20
2026-06-15 18:31:22,938 [trainer.py] => model_name: zs_clip
2026-06-15 18:31:22,938 [trainer.py] => backbone_type: clip
2026-06-15 18:31:22,938 [trainer.py] => device: [device(type='cuda', index=6)]
2026-06-15 18:31:22,938 [trainer.py] => seed: 42
2026-06-15 18:31:22,939 [trainer.py] => total_class_num: 200
2026-06-15 18:31:22,984 [data_manager.py] => [95, 15, 30, 158, 128, 115, 69, 170, 174, 45, 66, 182, 165, 78, 186, 177, 56, 152, 82, 68, 124, 16, 148, 93, 65, 60, 84, 67, 125, 132, 9, 18, 55, 75, 150, 104, 135, 137, 164, 76, 79, 197, 38, 24, 122, 195, 29, 19, 143, 86, 114, 173, 5, 126, 117, 73, 140, 98, 172, 96, 169, 97, 31, 12, 35, 119, 42, 189, 90, 136, 51, 127, 162, 41, 118, 113, 26, 139, 100, 111, 2, 77, 46, 187, 191, 85, 161, 36, 190, 61, 22, 141, 101, 33, 11, 194, 159, 6, 27, 120, 4, 32, 142, 145, 109, 144, 10, 62, 112, 146, 166, 0, 198, 153, 70, 123, 64, 44, 163, 28, 40, 108, 155, 156, 25, 23, 184, 147, 81, 39, 168, 47, 94, 154, 43, 138, 3, 105, 53, 133, 180, 178, 185, 49, 80, 34, 7, 110, 91, 83, 176, 181, 89, 8, 13, 59, 171, 131, 17, 72, 175, 134, 167, 183, 63, 54, 107, 50, 196, 58, 48, 88, 21, 57, 160, 192, 129, 37, 157, 193, 1, 52, 149, 130, 151, 103, 99, 116, 87, 74, 121, 199, 20, 188, 71, 106, 14, 92, 179, 102]
2026-06-15 18:31:23,024 [factory.py] => Loaded ViT-B-16 model config.
2026-06-15 18:31:24,551 [factory.py] => Loading pretrained ViT-B-16 weights (/home/team/zhaohongwei/pretrained_models/open_clip_pytorch_model_laion400m_e32.bin).
2026-06-15 18:31:25,040 [factory.py] => Loaded ViT-B-16 model config.
2026-06-15 18:31:26,427 [factory.py] => Loading pretrained ViT-B-16 weights (/home/team/zhaohongwei/pretrained_models/open_clip_pytorch_model_laion400m_e32.bin).
2026-06-15 18:31:26,916 [zs_clip.py] => Learning on 0-20
2026-06-15 18:31:28,369 [trainer.py] => CNN: {'total': 89.32, '00-09': 89.6, '10-19': 88.99, 'old': 0, 'new': 89.32, 'harmonic': 0.0}
2026-06-15 18:31:28,369 [trainer.py] => CNN top1 curve: [89.32]
2026-06-15 18:31:28,369 [trainer.py] => CNN top5 curve: [99.57]
2026-06-15 18:31:28,369 [trainer.py] => CNN top10 curve: [100.0]
2026-06-15 18:31:28,369 [trainer.py] => Average Accuracy (CNN top1): 89.32
2026-06-15 18:31:28,372 [zs_clip.py] => Learning on 20-40
2026-06-15 18:31:30,383 [trainer.py] => CNN: {'total': 87.79, '00-09': 85.6, '10-19': 87.16, '20-29': 87.79, '30-39': 90.91, 'old': 86.32, 'new': 89.21, 'harmonic': 87.74}
2026-06-15 18:31:30,383 [trainer.py] => CNN top1 curve: [89.32, 87.79]
2026-06-15 18:31:30,383 [trainer.py] => CNN top5 curve: [99.57, 99.37]
2026-06-15 18:31:30,384 [trainer.py] => CNN top10 curve: [100.0, 99.79]
2026-06-15 18:31:30,384 [trainer.py] => Average Accuracy (CNN top1): 88.555
2026-06-15 18:31:30,385 [zs_clip.py] => Learning on 40-60
2026-06-15 18:31:33,026 [trainer.py] => CNN: {'total': 83.86, '00-09': 84.0, '10-19': 85.32, '20-29': 87.02, '30-39': 90.91, '40-49': 80.37, '50-59': 75.0, 'old': 86.74, 'new': 77.63, 'harmonic': 81.93}
2026-06-15 18:31:33,026 [trainer.py] => CNN top1 curve: [89.32, 87.79, 83.86]
2026-06-15 18:31:33,026 [trainer.py] => CNN top5 curve: [99.57, 99.37, 96.83]
2026-06-15 18:31:33,026 [trainer.py] => CNN top10 curve: [100.0, 99.79, 99.14]
2026-06-15 18:31:33,026 [trainer.py] => Average Accuracy (CNN top1): 86.99000000000001
2026-06-15 18:31:33,028 [zs_clip.py] => Learning on 60-80
2026-06-15 18:31:36,420 [trainer.py] => CNN: {'total': 78.63, '00-09': 81.6, '10-19': 80.73, '20-29': 85.5, '30-39': 87.27, '40-49': 78.5, '50-59': 70.54, '60-69': 64.46, '70-79': 80.17, 'old': 80.84, 'new': 72.31, 'harmonic': 76.34}
2026-06-15 18:31:36,421 [trainer.py] => CNN top1 curve: [89.32, 87.79, 83.86, 78.63]
2026-06-15 18:31:36,421 [trainer.py] => CNN top5 curve: [99.57, 99.37, 96.83, 95.51]
2026-06-15 18:31:36,421 [trainer.py] => CNN top10 curve: [100.0, 99.79, 99.14, 98.61]
2026-06-15 18:31:36,421 [trainer.py] => Average Accuracy (CNN top1): 84.9
2026-06-15 18:31:36,424 [zs_clip.py] => Learning on 80-100
2026-06-15 18:31:40,496 [trainer.py] => CNN: {'total': 76.45, '00-09': 79.2, '10-19': 80.73, '20-29': 81.68, '30-39': 84.55, '40-49': 64.49, '50-59': 68.75, '60-69': 62.81, '70-79': 80.17, '80-89': 82.26, '90-99': 78.57, 'old': 75.43, 'new': 80.51, 'harmonic': 77.89}
2026-06-15 18:31:40,496 [trainer.py] => CNN top1 curve: [89.32, 87.79, 83.86, 78.63, 76.45]
2026-06-15 18:31:40,497 [trainer.py] => CNN top5 curve: [99.57, 99.37, 96.83, 95.51, 95.05]
2026-06-15 18:31:40,497 [trainer.py] => CNN top10 curve: [100.0, 99.79, 99.14, 98.61, 98.55]
2026-06-15 18:31:40,497 [trainer.py] => Average Accuracy (CNN top1): 83.21000000000001
2026-06-15 18:31:40,499 [zs_clip.py] => Learning on 100-120
2026-06-15 18:31:45,248 [trainer.py] => CNN: {'total': 70.8, '00-09': 78.4, '10-19': 80.73, '20-29': 80.92, '30-39': 84.55, '40-49': 59.81, '50-59': 66.96, '60-69': 61.16, '70-79': 76.03, '80-89': 78.23, '90-99': 72.32, '100-109': 50.47, '110-119': 57.6, 'old': 74.06, 'new': 54.31, 'harmonic': 62.67}
2026-06-15 18:31:45,249 [trainer.py] => CNN top1 curve: [89.32, 87.79, 83.86, 78.63, 76.45, 70.8]
2026-06-15 18:31:45,249 [trainer.py] => CNN top5 curve: [99.57, 99.37, 96.83, 95.51, 95.05, 93.52]
2026-06-15 18:31:45,249 [trainer.py] => CNN top10 curve: [100.0, 99.79, 99.14, 98.61, 98.55, 98.01]
2026-06-15 18:31:45,250 [trainer.py] => Average Accuracy (CNN top1): 81.14166666666667
2026-06-15 18:31:45,253 [zs_clip.py] => Learning on 120-140
2026-06-15 18:31:50,613 [trainer.py] => CNN: {'total': 69.45, '00-09': 75.2, '10-19': 77.98, '20-29': 80.92, '30-39': 84.55, '40-49': 56.07, '50-59': 66.07, '60-69': 59.5, '70-79': 71.07, '80-89': 77.42, '90-99': 71.43, '100-109': 48.6, '110-119': 54.4, '120-129': 65.22, '130-139': 80.99, 'old': 68.8, 'new': 73.31, 'harmonic': 70.98}
2026-06-15 18:31:50,614 [trainer.py] => CNN top1 curve: [89.32, 87.79, 83.86, 78.63, 76.45, 70.8, 69.45]
2026-06-15 18:31:50,614 [trainer.py] => CNN top5 curve: [99.57, 99.37, 96.83, 95.51, 95.05, 93.52, 92.87]
2026-06-15 18:31:50,614 [trainer.py] => CNN top10 curve: [100.0, 99.79, 99.14, 98.61, 98.55, 98.01, 97.74]
2026-06-15 18:31:50,614 [trainer.py] => Average Accuracy (CNN top1): 79.47142857142858
2026-06-15 18:31:50,619 [zs_clip.py] => Learning on 140-160
2026-06-15 18:31:56,625 [trainer.py] => CNN: {'total': 66.86, '00-09': 74.4, '10-19': 77.06, '20-29': 80.92, '30-39': 80.0, '40-49': 55.14, '50-59': 62.5, '60-69': 57.02, '70-79': 67.77, '80-89': 76.61, '90-99': 70.54, '100-109': 45.79, '110-119': 51.2, '120-129': 59.13, '130-139': 79.34, '140-149': 63.73, '150-159': 64.81, 'old': 67.2, 'new': 64.29, 'harmonic': 65.71}
2026-06-15 18:31:56,625 [trainer.py] => CNN top1 curve: [89.32, 87.79, 83.86, 78.63, 76.45, 70.8, 69.45, 66.86]
2026-06-15 18:31:56,625 [trainer.py] => CNN top5 curve: [99.57, 99.37, 96.83, 95.51, 95.05, 93.52, 92.87, 91.14]
2026-06-15 18:31:56,626 [trainer.py] => CNN top10 curve: [100.0, 99.79, 99.14, 98.61, 98.55, 98.01, 97.74, 96.38]
2026-06-15 18:31:56,626 [trainer.py] => Average Accuracy (CNN top1): 77.89500000000001
2026-06-15 18:31:56,629 [zs_clip.py] => Learning on 160-180
2026-06-15 18:32:03,336 [trainer.py] => CNN: {'total': 64.03, '00-09': 73.6, '10-19': 69.72, '20-29': 79.39, '30-39': 78.18, '40-49': 52.34, '50-59': 58.93, '60-69': 57.02, '70-79': 66.94, '80-89': 75.81, '90-99': 67.86, '100-109': 45.79, '110-119': 47.2, '120-129': 59.13, '130-139': 78.51, '140-149': 59.8, '150-159': 62.96, '160-169': 67.77, '170-179': 47.01, 'old': 64.86, 'new': 57.56, 'harmonic': 60.99}
2026-06-15 18:32:03,337 [trainer.py] => CNN top1 curve: [89.32, 87.79, 83.86, 78.63, 76.45, 70.8, 69.45, 66.86, 64.03]
2026-06-15 18:32:03,337 [trainer.py] => CNN top5 curve: [99.57, 99.37, 96.83, 95.51, 95.05, 93.52, 92.87, 91.14, 89.75]
2026-06-15 18:32:03,337 [trainer.py] => CNN top10 curve: [100.0, 99.79, 99.14, 98.61, 98.55, 98.01, 97.74, 96.38, 95.4]
2026-06-15 18:32:03,337 [trainer.py] => Average Accuracy (CNN top1): 76.35444444444445
2026-06-15 18:32:03,340 [zs_clip.py] => Learning on 180-200
2026-06-15 18:32:10,800 [trainer.py] => CNN: {'total': 63.06, '00-09': 72.8, '10-19': 69.72, '20-29': 76.34, '30-39': 77.27, '40-49': 52.34, '50-59': 49.11, '60-69': 57.02, '70-79': 64.46, '80-89': 75.0, '90-99': 66.96, '100-109': 44.86, '110-119': 46.4, '120-129': 57.39, '130-139': 78.51, '140-149': 58.82, '150-159': 58.33, '160-169': 67.77, '170-179': 47.01, '180-189': 72.54, '190-199': 61.72, 'old': 62.5, 'new': 67.41, 'harmonic': 64.86}
2026-06-15 18:32:10,801 [trainer.py] => CNN top1 curve: [89.32, 87.79, 83.86, 78.63, 76.45, 70.8, 69.45, 66.86, 64.03, 63.06]
2026-06-15 18:32:10,801 [trainer.py] => CNN top5 curve: [99.57, 99.37, 96.83, 95.51, 95.05, 93.52, 92.87, 91.14, 89.75, 89.06]
2026-06-15 18:32:10,801 [trainer.py] => CNN top10 curve: [100.0, 99.79, 99.14, 98.61, 98.55, 98.01, 97.74, 96.38, 95.4, 94.7]
2026-06-15 18:32:10,801 [trainer.py] => Average Accuracy (CNN top1): 75.025
