2026-06-15 18:35:10,012 [trainer.py] => config: ./configs/zs_clip/zs_clip_cub_B100_Inc20.json
2026-06-15 18:35:10,012 [trainer.py] => prefix: -
2026-06-15 18:35:10,012 [trainer.py] => dataset: cub
2026-06-15 18:35:10,012 [trainer.py] => memory_size: 0
2026-06-15 18:35:10,012 [trainer.py] => memory_per_class: 0
2026-06-15 18:35:10,012 [trainer.py] => fixed_memory: False
2026-06-15 18:35:10,012 [trainer.py] => shuffle: True
2026-06-15 18:35:10,012 [trainer.py] => init_cls: 100
2026-06-15 18:35:10,012 [trainer.py] => increment: 20
2026-06-15 18:35:10,012 [trainer.py] => model_name: zs_clip
2026-06-15 18:35:10,012 [trainer.py] => backbone_type: clip
2026-06-15 18:35:10,012 [trainer.py] => device: [device(type='cuda', index=6)]
2026-06-15 18:35:10,012 [trainer.py] => seed: 1993
2026-06-15 18:35:10,012 [trainer.py] => total_class_num: 200
2026-06-15 18:35:10,051 [data_manager.py] => [168, 136, 51, 9, 183, 101, 171, 99, 42, 159, 191, 70, 16, 188, 27, 10, 175, 26, 68, 187, 98, 6, 85, 35, 112, 43, 100, 0, 103, 181, 88, 59, 4, 2, 116, 174, 94, 80, 106, 1, 147, 17, 141, 131, 72, 23, 173, 54, 197, 118, 87, 32, 79, 104, 91, 19, 135, 107, 178, 36, 11, 199, 142, 8, 122, 3, 28, 57, 153, 172, 190, 56, 49, 44, 97, 62, 151, 169, 194, 55, 192, 12, 189, 78, 66, 180, 15, 137, 109, 134, 92, 119, 126, 52, 170, 40, 148, 65, 144, 64, 138, 45, 77, 89, 154, 90, 71, 193, 74, 30, 113, 143, 96, 84, 67, 50, 186, 156, 69, 21, 18, 111, 108, 58, 125, 157, 150, 110, 182, 129, 166, 83, 81, 60, 13, 165, 14, 176, 63, 117, 5, 22, 145, 121, 38, 41, 82, 127, 114, 20, 31, 53, 37, 163, 196, 130, 152, 162, 86, 76, 24, 34, 184, 149, 33, 128, 198, 155, 146, 167, 139, 120, 140, 102, 47, 25, 158, 123, 46, 164, 61, 7, 115, 75, 133, 160, 105, 132, 179, 124, 48, 73, 93, 39, 95, 195, 29, 177, 185, 161]
2026-06-15 18:35:10,090 [factory.py] => Loaded ViT-B-16 model config.
2026-06-15 18:35:11,577 [factory.py] => Loading pretrained ViT-B-16 weights (/home/team/zhaohongwei/pretrained_models/open_clip_pytorch_model_laion400m_e32.bin).
2026-06-15 18:35:12,067 [factory.py] => Loaded ViT-B-16 model config.
2026-06-15 18:35:13,486 [factory.py] => Loading pretrained ViT-B-16 weights (/home/team/zhaohongwei/pretrained_models/open_clip_pytorch_model_laion400m_e32.bin).
2026-06-15 18:35:14,040 [zs_clip.py] => Learning on 0-100
2026-06-15 18:35:18,288 [trainer.py] => CNN: {'total': 73.23, '00-09': 68.64, '10-19': 77.52, '20-29': 78.35, '30-39': 60.0, '40-49': 71.03, '50-59': 68.47, '60-69': 73.58, '70-79': 79.43, '80-89': 66.92, '90-99': 85.29, 'old': 0, 'new': 73.23, 'harmonic': 0.0}
2026-06-15 18:35:18,288 [trainer.py] => CNN top1 curve: [73.23]
2026-06-15 18:35:18,288 [trainer.py] => CNN top5 curve: [93.69]
2026-06-15 18:35:18,288 [trainer.py] => CNN top10 curve: [97.05]
2026-06-15 18:35:18,289 [trainer.py] => Average Accuracy (CNN top1): 73.23
2026-06-15 18:35:18,291 [zs_clip.py] => Learning on 100-120
2026-06-15 18:35:23,201 [trainer.py] => CNN: {'total': 71.05, '00-09': 67.8, '10-19': 77.52, '20-29': 78.35, '30-39': 55.45, '40-49': 71.03, '50-59': 63.06, '60-69': 63.21, '70-79': 75.89, '80-89': 63.91, '90-99': 82.35, '100-109': 77.39, '110-119': 73.45, 'old': 70.2, 'new': 75.44, 'harmonic': 72.73}
2026-06-15 18:35:23,201 [trainer.py] => CNN top1 curve: [73.23, 71.05]
2026-06-15 18:35:23,201 [trainer.py] => CNN top5 curve: [93.69, 93.15]
2026-06-15 18:35:23,201 [trainer.py] => CNN top10 curve: [97.05, 96.68]
2026-06-15 18:35:23,201 [trainer.py] => Average Accuracy (CNN top1): 72.14
2026-06-15 18:35:23,203 [zs_clip.py] => Learning on 120-140
2026-06-15 18:35:28,725 [trainer.py] => CNN: {'total': 68.68, '00-09': 67.8, '10-19': 77.52, '20-29': 78.35, '30-39': 54.55, '40-49': 69.16, '50-59': 61.26, '60-69': 61.32, '70-79': 71.63, '80-89': 61.65, '90-99': 80.15, '100-109': 76.52, '110-119': 70.8, '120-129': 57.94, '130-139': 69.49, 'old': 69.42, 'new': 64.0, 'harmonic': 66.6}
2026-06-15 18:35:28,725 [trainer.py] => CNN top1 curve: [73.23, 71.05, 68.68]
2026-06-15 18:35:28,725 [trainer.py] => CNN top5 curve: [93.69, 93.15, 92.2]
2026-06-15 18:35:28,725 [trainer.py] => CNN top10 curve: [97.05, 96.68, 96.65]
2026-06-15 18:35:28,726 [trainer.py] => Average Accuracy (CNN top1): 70.98666666666666
2026-06-15 18:35:28,727 [zs_clip.py] => Learning on 140-160
2026-06-15 18:35:34,899 [trainer.py] => CNN: {'total': 66.31, '00-09': 66.95, '10-19': 74.42, '20-29': 78.35, '30-39': 51.82, '40-49': 62.62, '50-59': 59.46, '60-69': 56.6, '70-79': 70.92, '80-89': 58.65, '90-99': 77.94, '100-109': 74.78, '110-119': 69.03, '120-129': 53.27, '130-139': 66.1, '140-149': 56.35, '150-159': 79.84, 'old': 66.06, 'new': 68.0, 'harmonic': 67.02}
2026-06-15 18:35:34,900 [trainer.py] => CNN top1 curve: [73.23, 71.05, 68.68, 66.31]
2026-06-15 18:35:34,900 [trainer.py] => CNN top5 curve: [93.69, 93.15, 92.2, 91.17]
2026-06-15 18:35:34,900 [trainer.py] => CNN top10 curve: [97.05, 96.68, 96.65, 96.25]
2026-06-15 18:35:34,900 [trainer.py] => Average Accuracy (CNN top1): 69.8175
2026-06-15 18:35:34,902 [zs_clip.py] => Learning on 160-180
2026-06-15 18:35:41,688 [trainer.py] => CNN: {'total': 64.71, '00-09': 66.95, '10-19': 72.87, '20-29': 75.26, '30-39': 50.0, '40-49': 61.68, '50-59': 59.46, '60-69': 55.66, '70-79': 69.5, '80-89': 58.65, '90-99': 76.47, '100-109': 73.91, '110-119': 69.03, '120-129': 52.34, '130-139': 65.25, '140-149': 48.41, '150-159': 75.81, '160-169': 70.15, '170-179': 58.25, 'old': 64.67, 'new': 64.98, 'harmonic': 64.82}
2026-06-15 18:35:41,689 [trainer.py] => CNN top1 curve: [73.23, 71.05, 68.68, 66.31, 64.71]
2026-06-15 18:35:41,689 [trainer.py] => CNN top5 curve: [93.69, 93.15, 92.2, 91.17, 90.18]
2026-06-15 18:35:41,689 [trainer.py] => CNN top10 curve: [97.05, 96.68, 96.65, 96.25, 95.49]
2026-06-15 18:35:41,690 [trainer.py] => Average Accuracy (CNN top1): 68.79599999999999
2026-06-15 18:35:41,693 [zs_clip.py] => Learning on 180-200
2026-06-15 18:35:49,211 [trainer.py] => CNN: {'total': 63.06, '00-09': 62.71, '10-19': 71.32, '20-29': 75.26, '30-39': 49.09, '40-49': 60.75, '50-59': 59.46, '60-69': 54.72, '70-79': 65.96, '80-89': 58.65, '90-99': 76.47, '100-109': 73.91, '110-119': 69.03, '120-129': 50.47, '130-139': 64.41, '140-149': 47.62, '150-159': 75.81, '160-169': 62.69, '170-179': 58.25, '180-189': 59.09, '190-199': 62.24, 'old': 63.35, 'new': 60.43, 'harmonic': 61.86}
2026-06-15 18:35:49,211 [trainer.py] => CNN top1 curve: [73.23, 71.05, 68.68, 66.31, 64.71, 63.06]
2026-06-15 18:35:49,211 [trainer.py] => CNN top5 curve: [93.69, 93.15, 92.2, 91.17, 90.18, 89.06]
2026-06-15 18:35:49,211 [trainer.py] => CNN top10 curve: [97.05, 96.68, 96.65, 96.25, 95.49, 94.7]
2026-06-15 18:35:49,211 [trainer.py] => Average Accuracy (CNN top1): 67.83999999999999
