2026-06-15 19:35:27,417 [trainer.py] => config: ./configs/zs_clip/zs_clip_food_B0_Inc10.json
2026-06-15 19:35:27,417 [trainer.py] => prefix: -
2026-06-15 19:35:27,417 [trainer.py] => dataset: food101
2026-06-15 19:35:27,417 [trainer.py] => memory_size: 0
2026-06-15 19:35:27,417 [trainer.py] => memory_per_class: 0
2026-06-15 19:35:27,417 [trainer.py] => fixed_memory: False
2026-06-15 19:35:27,417 [trainer.py] => shuffle: True
2026-06-15 19:35:27,417 [trainer.py] => init_cls: 10
2026-06-15 19:35:27,417 [trainer.py] => increment: 10
2026-06-15 19:35:27,417 [trainer.py] => model_name: zs_clip
2026-06-15 19:35:27,418 [trainer.py] => backbone_type: clip
2026-06-15 19:35:27,418 [trainer.py] => device: [device(type='cuda', index=6)]
2026-06-15 19:35:27,418 [trainer.py] => seed: 0
2026-06-15 19:35:27,418 [trainer.py] => total_class_num: 100
2026-06-15 19:35:27,766 [data_manager.py] => [26, 86, 2, 55, 75, 93, 16, 73, 54, 95, 53, 92, 78, 13, 7, 30, 22, 24, 33, 8, 43, 62, 3, 71, 45, 48, 6, 99, 82, 76, 60, 80, 90, 68, 51, 27, 18, 56, 63, 74, 1, 61, 42, 41, 4, 15, 17, 40, 38, 5, 91, 59, 0, 34, 28, 50, 11, 35, 23, 52, 10, 31, 66, 57, 79, 85, 32, 84, 14, 89, 19, 29, 49, 97, 98, 69, 20, 94, 72, 77, 25, 37, 81, 46, 39, 65, 58, 12, 88, 70, 87, 36, 21, 83, 9, 96, 67, 64, 47, 44]
2026-06-15 19:35:29,252 [instantiator.py] => Created a temporary directory at /tmp/tmpq0_pr_ob
2026-06-15 19:35:29,252 [instantiator.py] => Writing /tmp/tmpq0_pr_ob/_remote_module_non_scriptable.py
2026-06-15 19:35:29,405 [factory.py] => Loaded ViT-B-16 model config.
2026-06-15 19:35:31,121 [factory.py] => Loading pretrained ViT-B-16 weights (/home/team/zhaohongwei/pretrained_models/open_clip_pytorch_model_laion400m_e32.bin).
2026-06-15 19:35:31,602 [factory.py] => Loaded ViT-B-16 model config.
2026-06-15 19:35:33,133 [factory.py] => Loading pretrained ViT-B-16 weights (/home/team/zhaohongwei/pretrained_models/open_clip_pytorch_model_laion400m_e32.bin).
2026-06-15 19:35:34,161 [zs_clip.py] => Learning on 0-10
2026-06-15 19:35:44,178 [trainer.py] => CNN: {'total': 95.74, '00-09': 95.74, 'old': 0, 'new': 95.74, 'harmonic': 0.0}
2026-06-15 19:35:44,178 [trainer.py] => CNN top1 curve: [95.74]
2026-06-15 19:35:44,178 [trainer.py] => CNN top5 curve: [99.75]
2026-06-15 19:35:44,178 [trainer.py] => CNN top10 curve: [100.0]
2026-06-15 19:35:44,178 [trainer.py] => Average Accuracy (CNN top1): 95.74
2026-06-15 19:35:44,180 [zs_clip.py] => Learning on 10-20
2026-06-15 19:35:57,347 [trainer.py] => CNN: {'total': 93.98, '00-09': 94.13, '10-19': 93.82, 'old': 94.13, 'new': 93.82, 'harmonic': 93.97}
2026-06-15 19:35:57,348 [trainer.py] => CNN top1 curve: [95.74, 93.98]
2026-06-15 19:35:57,348 [trainer.py] => CNN top5 curve: [99.75, 99.42]
2026-06-15 19:35:57,348 [trainer.py] => CNN top10 curve: [100.0, 99.75]
2026-06-15 19:35:57,348 [trainer.py] => Average Accuracy (CNN top1): 94.86
2026-06-15 19:35:57,350 [zs_clip.py] => Learning on 20-30
2026-06-15 19:36:12,879 [trainer.py] => CNN: {'total': 91.91, '00-09': 92.98, '10-19': 92.2, '20-29': 90.62, 'old': 92.59, 'new': 90.62, 'harmonic': 91.59}
2026-06-15 19:36:12,880 [trainer.py] => CNN top1 curve: [95.74, 93.98, 91.91]
2026-06-15 19:36:12,880 [trainer.py] => CNN top5 curve: [99.75, 99.42, 98.97]
2026-06-15 19:36:12,880 [trainer.py] => CNN top10 curve: [100.0, 99.75, 99.64]
2026-06-15 19:36:12,880 [trainer.py] => Average Accuracy (CNN top1): 93.87666666666667
2026-06-15 19:36:12,884 [zs_clip.py] => Learning on 30-40
2026-06-15 19:36:34,075 [trainer.py] => CNN: {'total': 90.52, '00-09': 92.42, '10-19': 90.37, '20-29': 88.49, '30-39': 90.85, 'old': 90.41, 'new': 90.85, 'harmonic': 90.63}
2026-06-15 19:36:34,076 [trainer.py] => CNN top1 curve: [95.74, 93.98, 91.91, 90.52]
2026-06-15 19:36:34,076 [trainer.py] => CNN top5 curve: [99.75, 99.42, 98.97, 98.81]
2026-06-15 19:36:34,076 [trainer.py] => CNN top10 curve: [100.0, 99.75, 99.64, 99.46]
2026-06-15 19:36:34,076 [trainer.py] => Average Accuracy (CNN top1): 93.0375
2026-06-15 19:36:34,096 [zs_clip.py] => Learning on 40-50
2026-06-15 19:37:03,864 [trainer.py] => CNN: {'total': 87.92, '00-09': 91.22, '10-19': 89.51, '20-29': 85.59, '30-39': 89.62, '40-49': 83.76, 'old': 88.96, 'new': 83.76, 'harmonic': 86.28}
2026-06-15 19:37:03,864 [trainer.py] => CNN top1 curve: [95.74, 93.98, 91.91, 90.52, 87.92]
2026-06-15 19:37:03,865 [trainer.py] => CNN top5 curve: [99.75, 99.42, 98.97, 98.81, 98.13]
2026-06-15 19:37:03,865 [trainer.py] => CNN top10 curve: [100.0, 99.75, 99.64, 99.46, 99.25]
2026-06-15 19:37:03,865 [trainer.py] => Average Accuracy (CNN top1): 92.014
2026-06-15 19:37:03,884 [zs_clip.py] => Learning on 50-60
2026-06-15 19:37:38,369 [trainer.py] => CNN: {'total': 86.66, '00-09': 90.77, '10-19': 88.7, '20-29': 84.28, '30-39': 87.86, '40-49': 82.76, '50-59': 85.71, 'old': 86.85, 'new': 85.71, 'harmonic': 86.28}
2026-06-15 19:37:38,369 [trainer.py] => CNN top1 curve: [95.74, 93.98, 91.91, 90.52, 87.92, 86.66]
2026-06-15 19:37:38,369 [trainer.py] => CNN top5 curve: [99.75, 99.42, 98.97, 98.81, 98.13, 97.66]
2026-06-15 19:37:38,369 [trainer.py] => CNN top10 curve: [100.0, 99.75, 99.64, 99.46, 99.25, 98.94]
2026-06-15 19:37:38,369 [trainer.py] => Average Accuracy (CNN top1): 91.12166666666667
2026-06-15 19:37:38,390 [zs_clip.py] => Learning on 60-70
2026-06-15 19:38:17,312 [trainer.py] => CNN: {'total': 85.5, '00-09': 89.81, '10-19': 88.1, '20-29': 83.27, '30-39': 86.83, '40-49': 82.26, '50-59': 84.3, '60-69': 84.05, 'old': 85.74, 'new': 84.05, 'harmonic': 84.89}
2026-06-15 19:38:17,313 [trainer.py] => CNN top1 curve: [95.74, 93.98, 91.91, 90.52, 87.92, 86.66, 85.5]
2026-06-15 19:38:17,313 [trainer.py] => CNN top5 curve: [99.75, 99.42, 98.97, 98.81, 98.13, 97.66, 97.27]
2026-06-15 19:38:17,313 [trainer.py] => CNN top10 curve: [100.0, 99.75, 99.64, 99.46, 99.25, 98.94, 98.66]
2026-06-15 19:38:17,313 [trainer.py] => Average Accuracy (CNN top1): 90.31857142857143
2026-06-15 19:38:17,332 [zs_clip.py] => Learning on 70-80
2026-06-15 19:39:02,001 [trainer.py] => CNN: {'total': 84.39, '00-09': 87.76, '10-19': 86.52, '20-29': 83.03, '30-39': 86.2, '40-49': 80.62, '50-59': 82.74, '60-69': 82.5, '70-79': 85.85, 'old': 84.19, 'new': 85.85, 'harmonic': 85.01}
2026-06-15 19:39:02,002 [trainer.py] => CNN top1 curve: [95.74, 93.98, 91.91, 90.52, 87.92, 86.66, 85.5, 84.39]
2026-06-15 19:39:02,002 [trainer.py] => CNN top5 curve: [99.75, 99.42, 98.97, 98.81, 98.13, 97.66, 97.27, 96.87]
2026-06-15 19:39:02,002 [trainer.py] => CNN top10 curve: [100.0, 99.75, 99.64, 99.46, 99.25, 98.94, 98.66, 98.48]
2026-06-15 19:39:02,002 [trainer.py] => Average Accuracy (CNN top1): 89.5775
2026-06-15 19:39:02,027 [zs_clip.py] => Learning on 80-90
2026-06-15 19:39:54,070 [trainer.py] => CNN: {'total': 83.26, '00-09': 85.5, '10-19': 85.71, '20-29': 81.09, '30-39': 85.85, '40-49': 80.27, '50-59': 81.98, '60-69': 81.8, '70-79': 85.03, '80-89': 82.24, 'old': 83.39, 'new': 82.24, 'harmonic': 82.81}
2026-06-15 19:39:54,070 [trainer.py] => CNN top1 curve: [95.74, 93.98, 91.91, 90.52, 87.92, 86.66, 85.5, 84.39, 83.26]
2026-06-15 19:39:54,070 [trainer.py] => CNN top5 curve: [99.75, 99.42, 98.97, 98.81, 98.13, 97.66, 97.27, 96.87, 96.52]
2026-06-15 19:39:54,070 [trainer.py] => CNN top10 curve: [100.0, 99.75, 99.64, 99.46, 99.25, 98.94, 98.66, 98.48, 98.33]
2026-06-15 19:39:54,070 [trainer.py] => Average Accuracy (CNN top1): 88.87555555555555
2026-06-15 19:39:54,090 [zs_clip.py] => Learning on 90-100
2026-06-15 19:40:50,961 [trainer.py] => CNN: {'total': 81.99, '00-09': 84.8, '10-19': 84.25, '20-29': 79.93, '30-39': 85.27, '40-49': 79.87, '50-59': 81.48, '60-69': 80.69, '70-79': 82.91, '80-89': 81.38, '90-99': 79.44, 'old': 82.28, 'new': 79.44, 'harmonic': 80.84}
2026-06-15 19:40:50,962 [trainer.py] => CNN top1 curve: [95.74, 93.98, 91.91, 90.52, 87.92, 86.66, 85.5, 84.39, 83.26, 81.99]
2026-06-15 19:40:50,962 [trainer.py] => CNN top5 curve: [99.75, 99.42, 98.97, 98.81, 98.13, 97.66, 97.27, 96.87, 96.52, 96.07]
2026-06-15 19:40:50,962 [trainer.py] => CNN top10 curve: [100.0, 99.75, 99.64, 99.46, 99.25, 98.94, 98.66, 98.48, 98.33, 98.07]
2026-06-15 19:40:50,962 [trainer.py] => Average Accuracy (CNN top1): 88.187
