2026-06-15 18:19:12,258 [trainer.py] => config: ./configs/zs_clip/zs_clip_inr_B0_Inc20.json
2026-06-15 18:19:12,258 [trainer.py] => prefix: -
2026-06-15 18:19:12,258 [trainer.py] => dataset: imagenetr
2026-06-15 18:19:12,258 [trainer.py] => memory_size: 0
2026-06-15 18:19:12,258 [trainer.py] => memory_per_class: 0
2026-06-15 18:19:12,258 [trainer.py] => fixed_memory: False
2026-06-15 18:19:12,258 [trainer.py] => shuffle: True
2026-06-15 18:19:12,258 [trainer.py] => init_cls: 20
2026-06-15 18:19:12,258 [trainer.py] => increment: 20
2026-06-15 18:19:12,258 [trainer.py] => model_name: zs_clip
2026-06-15 18:19:12,258 [trainer.py] => backbone_type: clip
2026-06-15 18:19:12,258 [trainer.py] => device: [device(type='cuda', index=6)]
2026-06-15 18:19:12,259 [trainer.py] => seed: 42
2026-06-15 18:19:12,259 [trainer.py] => total_class_num: 200
2026-06-15 18:19:12,371 [data_manager.py] => [95, 15, 30, 158, 128, 115, 69, 170, 174, 45, 66, 182, 165, 78, 186, 177, 56, 152, 82, 68, 124, 16, 148, 93, 65, 60, 84, 67, 125, 132, 9, 18, 55, 75, 150, 104, 135, 137, 164, 76, 79, 197, 38, 24, 122, 195, 29, 19, 143, 86, 114, 173, 5, 126, 117, 73, 140, 98, 172, 96, 169, 97, 31, 12, 35, 119, 42, 189, 90, 136, 51, 127, 162, 41, 118, 113, 26, 139, 100, 111, 2, 77, 46, 187, 191, 85, 161, 36, 190, 61, 22, 141, 101, 33, 11, 194, 159, 6, 27, 120, 4, 32, 142, 145, 109, 144, 10, 62, 112, 146, 166, 0, 198, 153, 70, 123, 64, 44, 163, 28, 40, 108, 155, 156, 25, 23, 184, 147, 81, 39, 168, 47, 94, 154, 43, 138, 3, 105, 53, 133, 180, 178, 185, 49, 80, 34, 7, 110, 91, 83, 176, 181, 89, 8, 13, 59, 171, 131, 17, 72, 175, 134, 167, 183, 63, 54, 107, 50, 196, 58, 48, 88, 21, 57, 160, 192, 129, 37, 157, 193, 1, 52, 149, 130, 151, 103, 99, 116, 87, 74, 121, 199, 20, 188, 71, 106, 14, 92, 179, 102]
2026-06-15 18:19:12,465 [factory.py] => Loaded ViT-B-16 model config.
2026-06-15 18:19:13,894 [factory.py] => Loading pretrained ViT-B-16 weights (/home/team/zhaohongwei/pretrained_models/open_clip_pytorch_model_laion400m_e32.bin).
2026-06-15 18:19:14,336 [factory.py] => Loaded ViT-B-16 model config.
2026-06-15 18:19:15,743 [factory.py] => Loading pretrained ViT-B-16 weights (/home/team/zhaohongwei/pretrained_models/open_clip_pytorch_model_laion400m_e32.bin).
2026-06-15 18:19:16,318 [zs_clip.py] => Learning on 0-20
2026-06-15 18:19:18,892 [trainer.py] => CNN: {'total': 92.86, '00-09': 93.4, '10-19': 92.42, 'old': 0, 'new': 92.86, 'harmonic': 0.0}
2026-06-15 18:19:18,892 [trainer.py] => CNN top1 curve: [92.86]
2026-06-15 18:19:18,892 [trainer.py] => CNN top5 curve: [99.38]
2026-06-15 18:19:18,892 [trainer.py] => CNN top10 curve: [99.84]
2026-06-15 18:19:18,892 [trainer.py] => Average Accuracy (CNN top1): 92.86
2026-06-15 18:19:18,894 [zs_clip.py] => Learning on 20-40
2026-06-15 18:19:22,919 [trainer.py] => CNN: {'total': 88.6, '00-09': 89.58, '10-19': 89.89, '20-29': 81.64, '30-39': 91.53, 'old': 89.75, 'new': 87.38, 'harmonic': 88.55}
2026-06-15 18:19:22,920 [trainer.py] => CNN top1 curve: [92.86, 88.6]
2026-06-15 18:19:22,920 [trainer.py] => CNN top5 curve: [99.38, 97.77]
2026-06-15 18:19:22,920 [trainer.py] => CNN top10 curve: [99.84, 99.12]
2026-06-15 18:19:22,920 [trainer.py] => Average Accuracy (CNN top1): 90.72999999999999
2026-06-15 18:19:22,923 [zs_clip.py] => Learning on 40-60
2026-06-15 18:19:28,722 [trainer.py] => CNN: {'total': 84.11, '00-09': 85.42, '10-19': 88.76, '20-29': 75.78, '30-39': 88.98, '40-49': 77.5, '50-59': 85.67, 'old': 85.41, 'new': 81.55, 'harmonic': 83.44}
2026-06-15 18:19:28,723 [trainer.py] => CNN top1 curve: [92.86, 88.6, 84.11]
2026-06-15 18:19:28,723 [trainer.py] => CNN top5 curve: [99.38, 97.77, 95.92]
2026-06-15 18:19:28,723 [trainer.py] => CNN top10 curve: [99.84, 99.12, 98.62]
2026-06-15 18:19:28,723 [trainer.py] => Average Accuracy (CNN top1): 88.52333333333333
2026-06-15 18:19:28,724 [zs_clip.py] => Learning on 60-80
2026-06-15 18:19:36,112 [trainer.py] => CNN: {'total': 83.5, '00-09': 84.03, '10-19': 86.8, '20-29': 74.22, '30-39': 88.98, '40-49': 76.56, '50-59': 82.48, '60-69': 85.4, '70-79': 86.93, 'old': 82.63, 'new': 86.15, 'harmonic': 84.35}
2026-06-15 18:19:36,113 [trainer.py] => CNN top1 curve: [92.86, 88.6, 84.11, 83.5]
2026-06-15 18:19:36,113 [trainer.py] => CNN top5 curve: [99.38, 97.77, 95.92, 95.54]
2026-06-15 18:19:36,113 [trainer.py] => CNN top10 curve: [99.84, 99.12, 98.62, 98.09]
2026-06-15 18:19:36,113 [trainer.py] => Average Accuracy (CNN top1): 87.2675
2026-06-15 18:19:36,116 [zs_clip.py] => Learning on 80-100
2026-06-15 18:19:45,651 [trainer.py] => CNN: {'total': 81.82, '00-09': 82.29, '10-19': 85.96, '20-29': 72.27, '30-39': 84.18, '40-49': 75.0, '50-59': 80.89, '60-69': 83.49, '70-79': 84.97, '80-89': 84.69, '90-99': 82.13, 'old': 81.43, 'new': 83.17, 'harmonic': 82.29}
2026-06-15 18:19:45,652 [trainer.py] => CNN top1 curve: [92.86, 88.6, 84.11, 83.5, 81.82]
2026-06-15 18:19:45,652 [trainer.py] => CNN top5 curve: [99.38, 97.77, 95.92, 95.54, 94.93]
2026-06-15 18:19:45,652 [trainer.py] => CNN top10 curve: [99.84, 99.12, 98.62, 98.09, 97.37]
2026-06-15 18:19:45,652 [trainer.py] => Average Accuracy (CNN top1): 86.178
2026-06-15 18:19:45,655 [zs_clip.py] => Learning on 100-120
2026-06-15 18:19:57,242 [trainer.py] => CNN: {'total': 80.87, '00-09': 79.17, '10-19': 85.67, '20-29': 70.31, '30-39': 83.05, '40-49': 73.44, '50-59': 79.3, '60-69': 83.49, '70-79': 83.99, '80-89': 82.31, '90-99': 81.21, '100-109': 79.56, '110-119': 85.76, 'old': 80.49, 'new': 83.15, 'harmonic': 81.8}
2026-06-15 18:19:57,242 [trainer.py] => CNN top1 curve: [92.86, 88.6, 84.11, 83.5, 81.82, 80.87]
2026-06-15 18:19:57,242 [trainer.py] => CNN top5 curve: [99.38, 97.77, 95.92, 95.54, 94.93, 94.56]
2026-06-15 18:19:57,242 [trainer.py] => CNN top10 curve: [99.84, 99.12, 98.62, 98.09, 97.37, 96.74]
2026-06-15 18:19:57,243 [trainer.py] => Average Accuracy (CNN top1): 85.29333333333334
2026-06-15 18:19:57,245 [zs_clip.py] => Learning on 120-140
2026-06-15 18:20:10,433 [trainer.py] => CNN: {'total': 79.31, '00-09': 78.82, '10-19': 85.67, '20-29': 69.53, '30-39': 81.64, '40-49': 70.31, '50-59': 78.98, '60-69': 82.86, '70-79': 82.68, '80-89': 81.97, '90-99': 80.28, '100-109': 79.11, '110-119': 84.47, '120-129': 80.59, '130-139': 69.68, 'old': 79.94, 'new': 74.71, 'harmonic': 77.24}
2026-06-15 18:20:10,434 [trainer.py] => CNN top1 curve: [92.86, 88.6, 84.11, 83.5, 81.82, 80.87, 79.31]
2026-06-15 18:20:10,434 [trainer.py] => CNN top5 curve: [99.38, 97.77, 95.92, 95.54, 94.93, 94.56, 93.88]
2026-06-15 18:20:10,434 [trainer.py] => CNN top10 curve: [99.84, 99.12, 98.62, 98.09, 97.37, 96.74, 96.36]
2026-06-15 18:20:10,434 [trainer.py] => Average Accuracy (CNN top1): 84.43857142857142
2026-06-15 18:20:10,437 [zs_clip.py] => Learning on 140-160
2026-06-15 18:20:25,595 [trainer.py] => CNN: {'total': 78.91, '00-09': 78.12, '10-19': 84.55, '20-29': 68.36, '30-39': 81.07, '40-49': 70.31, '50-59': 78.34, '60-69': 82.86, '70-79': 81.05, '80-89': 80.27, '90-99': 80.05, '100-109': 77.78, '110-119': 84.14, '120-129': 78.9, '130-139': 68.59, '140-149': 78.7, '150-159': 85.1, 'old': 78.49, 'new': 82.04, 'harmonic': 80.23}
2026-06-15 18:20:25,596 [trainer.py] => CNN top1 curve: [92.86, 88.6, 84.11, 83.5, 81.82, 80.87, 79.31, 78.91]
2026-06-15 18:20:25,596 [trainer.py] => CNN top5 curve: [99.38, 97.77, 95.92, 95.54, 94.93, 94.56, 93.88, 93.66]
2026-06-15 18:20:25,596 [trainer.py] => CNN top10 curve: [99.84, 99.12, 98.62, 98.09, 97.37, 96.74, 96.36, 96.32]
2026-06-15 18:20:25,596 [trainer.py] => Average Accuracy (CNN top1): 83.74749999999999
2026-06-15 18:20:25,601 [zs_clip.py] => Learning on 160-180
2026-06-15 18:20:42,050 [trainer.py] => CNN: {'total': 78.36, '00-09': 76.39, '10-19': 83.99, '20-29': 67.97, '30-39': 79.94, '40-49': 69.38, '50-59': 78.34, '60-69': 82.86, '70-79': 80.39, '80-89': 79.93, '90-99': 79.81, '100-109': 76.89, '110-119': 83.5, '120-129': 78.48, '130-139': 67.51, '140-149': 77.98, '150-159': 83.44, '160-169': 76.17, '170-179': 82.65, 'old': 78.21, 'new': 79.51, 'harmonic': 78.85}
2026-06-15 18:20:42,051 [trainer.py] => CNN top1 curve: [92.86, 88.6, 84.11, 83.5, 81.82, 80.87, 79.31, 78.91, 78.36]
2026-06-15 18:20:42,051 [trainer.py] => CNN top5 curve: [99.38, 97.77, 95.92, 95.54, 94.93, 94.56, 93.88, 93.66, 93.32]
2026-06-15 18:20:42,051 [trainer.py] => CNN top10 curve: [99.84, 99.12, 98.62, 98.09, 97.37, 96.74, 96.36, 96.32, 96.07]
2026-06-15 18:20:42,051 [trainer.py] => Average Accuracy (CNN top1): 83.14888888888888
2026-06-15 18:20:42,056 [zs_clip.py] => Learning on 180-200
2026-06-15 18:20:59,895 [trainer.py] => CNN: {'total': 77.32, '00-09': 76.39, '10-19': 83.15, '20-29': 67.97, '30-39': 79.38, '40-49': 67.81, '50-59': 78.03, '60-69': 82.54, '70-79': 79.74, '80-89': 77.89, '90-99': 79.12, '100-109': 76.44, '110-119': 83.17, '120-129': 77.64, '130-139': 66.06, '140-149': 77.98, '150-159': 82.12, '160-169': 75.84, '170-179': 82.33, '180-189': 69.92, '190-199': 76.39, 'old': 77.68, 'new': 73.47, 'harmonic': 75.52}
2026-06-15 18:20:59,896 [trainer.py] => CNN top1 curve: [92.86, 88.6, 84.11, 83.5, 81.82, 80.87, 79.31, 78.91, 78.36, 77.32]
2026-06-15 18:20:59,896 [trainer.py] => CNN top5 curve: [99.38, 97.77, 95.92, 95.54, 94.93, 94.56, 93.88, 93.66, 93.32, 92.82]
2026-06-15 18:20:59,896 [trainer.py] => CNN top10 curve: [99.84, 99.12, 98.62, 98.09, 97.37, 96.74, 96.36, 96.32, 96.07, 95.78]
2026-06-15 18:20:59,896 [trainer.py] => Average Accuracy (CNN top1): 82.56599999999999
