2026-06-15 18:29:04,345 [trainer.py] => config: ./configs/zs_clip/zs_clip_inr_B100_Inc20.json
2026-06-15 18:29:04,345 [trainer.py] => prefix: -
2026-06-15 18:29:04,345 [trainer.py] => dataset: imagenetr
2026-06-15 18:29:04,345 [trainer.py] => memory_size: 0
2026-06-15 18:29:04,345 [trainer.py] => memory_per_class: 0
2026-06-15 18:29:04,345 [trainer.py] => fixed_memory: False
2026-06-15 18:29:04,345 [trainer.py] => shuffle: True
2026-06-15 18:29:04,346 [trainer.py] => init_cls: 100
2026-06-15 18:29:04,346 [trainer.py] => increment: 20
2026-06-15 18:29:04,346 [trainer.py] => model_name: zs_clip
2026-06-15 18:29:04,346 [trainer.py] => backbone_type: clip
2026-06-15 18:29:04,346 [trainer.py] => device: [device(type='cuda', index=6)]
2026-06-15 18:29:04,346 [trainer.py] => seed: 2026
2026-06-15 18:29:04,346 [trainer.py] => total_class_num: 200
2026-06-15 18:29:04,446 [data_manager.py] => [115, 91, 15, 57, 123, 5, 193, 196, 88, 185, 191, 168, 90, 80, 106, 146, 188, 118, 44, 151, 24, 56, 42, 127, 113, 119, 197, 194, 99, 12, 65, 71, 131, 6, 46, 186, 126, 31, 117, 30, 110, 82, 102, 165, 11, 76, 53, 138, 199, 18, 163, 149, 84, 133, 170, 189, 52, 104, 45, 114, 41, 23, 160, 171, 172, 169, 177, 142, 94, 50, 128, 39, 59, 120, 107, 162, 124, 9, 74, 198, 62, 174, 166, 122, 141, 81, 10, 63, 176, 100, 136, 187, 129, 16, 72, 147, 54, 0, 98, 150, 92, 155, 4, 167, 125, 97, 153, 8, 83, 159, 85, 86, 13, 34, 173, 93, 180, 33, 21, 132, 190, 87, 121, 108, 103, 145, 37, 158, 69, 89, 2, 19, 67, 175, 51, 78, 43, 64, 66, 143, 61, 20, 144, 154, 183, 14, 140, 139, 75, 79, 22, 58, 101, 109, 32, 178, 73, 164, 55, 35, 49, 152, 137, 36, 3, 40, 70, 95, 105, 181, 157, 47, 192, 17, 60, 112, 68, 25, 38, 48, 161, 148, 111, 135, 96, 7, 27, 182, 130, 28, 179, 156, 116, 29, 195, 77, 184, 26, 134, 1]
2026-06-15 18:29:04,543 [factory.py] => Loaded ViT-B-16 model config.
2026-06-15 18:29:06,236 [factory.py] => Loading pretrained ViT-B-16 weights (/home/team/zhaohongwei/pretrained_models/open_clip_pytorch_model_laion400m_e32.bin).
2026-06-15 18:29:06,897 [factory.py] => Loaded ViT-B-16 model config.
2026-06-15 18:29:08,195 [factory.py] => Loading pretrained ViT-B-16 weights (/home/team/zhaohongwei/pretrained_models/open_clip_pytorch_model_laion400m_e32.bin).
2026-06-15 18:29:08,796 [zs_clip.py] => Learning on 0-100
2026-06-15 18:29:17,761 [trainer.py] => CNN: {'total': 82.61, '00-09': 80.59, '10-19': 84.08, '20-29': 78.51, '30-39': 84.24, '40-49': 82.41, '50-59': 82.21, '60-69': 87.0, '70-79': 79.39, '80-89': 81.12, '90-99': 85.66, 'old': 0, 'new': 82.61, 'harmonic': 0.0}
2026-06-15 18:29:17,761 [trainer.py] => CNN top1 curve: [82.61]
2026-06-15 18:29:17,761 [trainer.py] => CNN top5 curve: [95.1]
2026-06-15 18:29:17,761 [trainer.py] => CNN top10 curve: [97.7]
2026-06-15 18:29:17,762 [trainer.py] => Average Accuracy (CNN top1): 82.61
2026-06-15 18:29:17,763 [zs_clip.py] => Learning on 100-120
2026-06-15 18:29:28,781 [trainer.py] => CNN: {'total': 80.57, '00-09': 79.61, '10-19': 83.44, '20-29': 77.69, '30-39': 82.88, '40-49': 81.36, '50-59': 79.45, '60-69': 85.33, '70-79': 74.66, '80-89': 79.65, '90-99': 85.31, '100-109': 74.77, '110-119': 81.64, 'old': 81.06, 'new': 78.35, 'harmonic': 79.68}
2026-06-15 18:29:28,782 [trainer.py] => CNN top1 curve: [82.61, 80.57]
2026-06-15 18:29:28,782 [trainer.py] => CNN top5 curve: [95.1, 94.23]
2026-06-15 18:29:28,782 [trainer.py] => CNN top10 curve: [97.7, 96.84]
2026-06-15 18:29:28,782 [trainer.py] => Average Accuracy (CNN top1): 81.59
2026-06-15 18:29:28,785 [zs_clip.py] => Learning on 120-140
2026-06-15 18:29:41,754 [trainer.py] => CNN: {'total': 80.12, '00-09': 78.29, '10-19': 83.12, '20-29': 77.27, '30-39': 82.34, '40-49': 79.0, '50-59': 76.68, '60-69': 85.0, '70-79': 74.32, '80-89': 79.65, '90-99': 84.97, '100-109': 73.54, '110-119': 81.07, '120-129': 84.27, '130-139': 82.61, 'old': 79.69, 'new': 83.54, 'harmonic': 81.57}
2026-06-15 18:29:41,754 [trainer.py] => CNN top1 curve: [82.61, 80.57, 80.12]
2026-06-15 18:29:41,754 [trainer.py] => CNN top5 curve: [95.1, 94.23, 94.19]
2026-06-15 18:29:41,754 [trainer.py] => CNN top10 curve: [97.7, 96.84, 96.72]
2026-06-15 18:29:41,755 [trainer.py] => Average Accuracy (CNN top1): 81.10000000000001
2026-06-15 18:29:41,756 [zs_clip.py] => Learning on 140-160
2026-06-15 18:29:56,405 [trainer.py] => CNN: {'total': 79.3, '00-09': 76.64, '10-19': 82.17, '20-29': 76.03, '30-39': 82.34, '40-49': 78.74, '50-59': 76.68, '60-69': 84.67, '70-79': 71.28, '80-89': 78.76, '90-99': 81.82, '100-109': 73.54, '110-119': 80.23, '120-129': 83.15, '130-139': 79.71, '140-149': 81.42, '150-159': 81.13, 'old': 79.04, 'new': 81.28, 'harmonic': 80.14}
2026-06-15 18:29:56,406 [trainer.py] => CNN top1 curve: [82.61, 80.57, 80.12, 79.3]
2026-06-15 18:29:56,406 [trainer.py] => CNN top5 curve: [95.1, 94.23, 94.19, 93.52]
2026-06-15 18:29:56,406 [trainer.py] => CNN top10 curve: [97.7, 96.84, 96.72, 96.14]
2026-06-15 18:29:56,406 [trainer.py] => Average Accuracy (CNN top1): 80.65
2026-06-15 18:29:56,409 [zs_clip.py] => Learning on 160-180
2026-06-15 18:30:12,452 [trainer.py] => CNN: {'total': 77.69, '00-09': 76.64, '10-19': 80.89, '20-29': 74.79, '30-39': 81.79, '40-49': 76.9, '50-59': 75.1, '60-69': 83.33, '70-79': 69.26, '80-89': 76.99, '90-99': 80.77, '100-109': 72.31, '110-119': 78.25, '120-129': 83.15, '130-139': 75.36, '140-149': 80.41, '150-159': 79.25, '160-169': 72.57, '170-179': 79.65, 'old': 77.9, 'new': 75.72, 'harmonic': 76.79}
2026-06-15 18:30:12,453 [trainer.py] => CNN top1 curve: [82.61, 80.57, 80.12, 79.3, 77.69]
2026-06-15 18:30:12,453 [trainer.py] => CNN top5 curve: [95.1, 94.23, 94.19, 93.52, 92.89]
2026-06-15 18:30:12,453 [trainer.py] => CNN top10 curve: [97.7, 96.84, 96.72, 96.14, 95.86]
2026-06-15 18:30:12,453 [trainer.py] => Average Accuracy (CNN top1): 80.058
2026-06-15 18:30:12,458 [zs_clip.py] => Learning on 180-200
2026-06-15 18:30:30,257 [trainer.py] => CNN: {'total': 77.32, '00-09': 76.32, '10-19': 80.25, '20-29': 74.79, '30-39': 79.89, '40-49': 76.9, '50-59': 74.31, '60-69': 83.0, '70-79': 67.91, '80-89': 76.7, '90-99': 79.37, '100-109': 70.46, '110-119': 78.25, '120-129': 82.4, '130-139': 73.91, '140-149': 80.07, '150-159': 78.11, '160-169': 72.22, '170-179': 79.65, '180-189': 84.18, '190-199': 75.45, 'old': 76.98, 'new': 79.97, 'harmonic': 78.45}
2026-06-15 18:30:30,258 [trainer.py] => CNN top1 curve: [82.61, 80.57, 80.12, 79.3, 77.69, 77.32]
2026-06-15 18:30:30,258 [trainer.py] => CNN top5 curve: [95.1, 94.23, 94.19, 93.52, 92.89, 92.82]
2026-06-15 18:30:30,258 [trainer.py] => CNN top10 curve: [97.7, 96.84, 96.72, 96.14, 95.86, 95.78]
2026-06-15 18:30:30,258 [trainer.py] => Average Accuracy (CNN top1): 79.60166666666667
