2026-06-15 18:17:26,099 [trainer.py] => config: ./configs/zs_clip/zs_clip_inr_B0_Inc20.json
2026-06-15 18:17:26,099 [trainer.py] => prefix: -
2026-06-15 18:17:26,099 [trainer.py] => dataset: imagenetr
2026-06-15 18:17:26,099 [trainer.py] => memory_size: 0
2026-06-15 18:17:26,099 [trainer.py] => memory_per_class: 0
2026-06-15 18:17:26,099 [trainer.py] => fixed_memory: False
2026-06-15 18:17:26,099 [trainer.py] => shuffle: True
2026-06-15 18:17:26,099 [trainer.py] => init_cls: 20
2026-06-15 18:17:26,099 [trainer.py] => increment: 20
2026-06-15 18:17:26,099 [trainer.py] => model_name: zs_clip
2026-06-15 18:17:26,099 [trainer.py] => backbone_type: clip
2026-06-15 18:17:26,099 [trainer.py] => device: [device(type='cuda', index=6)]
2026-06-15 18:17:26,099 [trainer.py] => seed: 0
2026-06-15 18:17:26,099 [trainer.py] => total_class_num: 200
2026-06-15 18:17:26,254 [data_manager.py] => [18, 170, 107, 98, 177, 182, 5, 146, 12, 152, 61, 125, 180, 154, 80, 7, 33, 130, 37, 74, 183, 145, 45, 159, 60, 123, 179, 185, 122, 44, 16, 55, 150, 111, 22, 189, 129, 4, 83, 106, 134, 66, 26, 113, 168, 63, 8, 75, 118, 143, 71, 124, 184, 97, 149, 24, 30, 160, 40, 56, 131, 96, 181, 19, 153, 92, 54, 163, 51, 86, 139, 90, 137, 101, 144, 89, 109, 14, 27, 141, 187, 46, 138, 195, 108, 62, 2, 59, 136, 197, 43, 10, 194, 73, 196, 178, 175, 126, 93, 112, 158, 191, 50, 0, 94, 110, 95, 64, 167, 41, 69, 49, 48, 85, 13, 161, 23, 186, 135, 20, 15, 78, 104, 52, 100, 76, 3, 116, 164, 198, 6, 68, 84, 121, 155, 171, 156, 91, 199, 11, 119, 102, 35, 57, 65, 1, 120, 162, 42, 105, 132, 173, 17, 38, 133, 53, 157, 128, 34, 28, 114, 151, 31, 166, 127, 176, 32, 142, 169, 147, 29, 99, 82, 79, 115, 148, 193, 72, 77, 25, 165, 81, 188, 174, 190, 39, 58, 140, 88, 70, 87, 36, 21, 9, 103, 67, 192, 117, 47, 172]
2026-06-15 18:17:27,531 [instantiator.py] => Created a temporary directory at /tmp/tmplf7j4cqn
2026-06-15 18:17:27,532 [instantiator.py] => Writing /tmp/tmplf7j4cqn/_remote_module_non_scriptable.py
2026-06-15 18:17:27,670 [factory.py] => Loaded ViT-B-16 model config.
2026-06-15 18:17:29,161 [factory.py] => Loading pretrained ViT-B-16 weights (/home/team/zhaohongwei/pretrained_models/open_clip_pytorch_model_laion400m_e32.bin).
2026-06-15 18:17:29,662 [factory.py] => Loaded ViT-B-16 model config.
2026-06-15 18:17:31,104 [factory.py] => Loading pretrained ViT-B-16 weights (/home/team/zhaohongwei/pretrained_models/open_clip_pytorch_model_laion400m_e32.bin).
2026-06-15 18:17:32,054 [zs_clip.py] => Learning on 0-20
2026-06-15 18:17:35,952 [trainer.py] => CNN: {'total': 92.86, '00-09': 94.01, '10-19': 91.51, 'old': 0, 'new': 92.86, 'harmonic': 0.0}
2026-06-15 18:17:35,952 [trainer.py] => CNN top1 curve: [92.86]
2026-06-15 18:17:35,953 [trainer.py] => CNN top5 curve: [98.98]
2026-06-15 18:17:35,953 [trainer.py] => CNN top10 curve: [100.0]
2026-06-15 18:17:35,953 [trainer.py] => Average Accuracy (CNN top1): 92.86
2026-06-15 18:17:35,956 [zs_clip.py] => Learning on 20-40
2026-06-15 18:17:39,757 [trainer.py] => CNN: {'total': 87.6, '00-09': 89.91, '10-19': 87.08, '20-29': 83.33, '30-39': 89.06, 'old': 88.61, 'new': 86.57, 'harmonic': 87.58}
2026-06-15 18:17:39,757 [trainer.py] => CNN top1 curve: [92.86, 87.6]
2026-06-15 18:17:39,757 [trainer.py] => CNN top5 curve: [98.98, 97.18]
2026-06-15 18:17:39,757 [trainer.py] => CNN top10 curve: [100.0, 99.23]
2026-06-15 18:17:39,758 [trainer.py] => Average Accuracy (CNN top1): 90.22999999999999
2026-06-15 18:17:39,759 [zs_clip.py] => Learning on 40-60
2026-06-15 18:17:45,262 [trainer.py] => CNN: {'total': 86.43, '00-09': 86.44, '10-19': 85.24, '20-29': 82.54, '30-39': 88.75, '40-49': 89.74, '50-59': 83.07, 'old': 85.97, 'new': 87.22, 'harmonic': 86.59}
2026-06-15 18:17:45,263 [trainer.py] => CNN top1 curve: [92.86, 87.6, 86.43]
2026-06-15 18:17:45,263 [trainer.py] => CNN top5 curve: [98.98, 97.18, 96.85]
2026-06-15 18:17:45,263 [trainer.py] => CNN top10 curve: [100.0, 99.23, 98.48]
2026-06-15 18:17:45,263 [trainer.py] => Average Accuracy (CNN top1): 88.96333333333332
2026-06-15 18:17:45,266 [zs_clip.py] => Learning on 60-80
2026-06-15 18:17:52,456 [trainer.py] => CNN: {'total': 84.13, '00-09': 85.17, '10-19': 82.29, '20-29': 80.56, '30-39': 85.71, '40-49': 88.07, '50-59': 79.13, '60-69': 86.75, '70-79': 81.94, 'old': 84.04, 'new': 84.42, 'harmonic': 84.23}
2026-06-15 18:17:52,457 [trainer.py] => CNN top1 curve: [92.86, 87.6, 86.43, 84.13]
2026-06-15 18:17:52,457 [trainer.py] => CNN top5 curve: [98.98, 97.18, 96.85, 95.85]
2026-06-15 18:17:52,457 [trainer.py] => CNN top10 curve: [100.0, 99.23, 98.48, 97.64]
2026-06-15 18:17:52,457 [trainer.py] => Average Accuracy (CNN top1): 87.755
2026-06-15 18:17:52,458 [zs_clip.py] => Learning on 80-100
2026-06-15 18:18:01,078 [trainer.py] => CNN: {'total': 82.23, '00-09': 84.23, '10-19': 81.55, '20-29': 78.17, '30-39': 85.41, '40-49': 85.92, '50-59': 78.35, '60-69': 85.17, '70-79': 80.94, '80-89': 85.58, '90-99': 70.87, 'old': 82.87, 'new': 79.34, 'harmonic': 81.07}
2026-06-15 18:18:01,078 [trainer.py] => CNN top1 curve: [92.86, 87.6, 86.43, 84.13, 82.23]
2026-06-15 18:18:01,079 [trainer.py] => CNN top5 curve: [98.98, 97.18, 96.85, 95.85, 94.43]
2026-06-15 18:18:01,079 [trainer.py] => CNN top10 curve: [100.0, 99.23, 98.48, 97.64, 97.07]
2026-06-15 18:18:01,079 [trainer.py] => Average Accuracy (CNN top1): 86.65
2026-06-15 18:18:01,081 [zs_clip.py] => Learning on 100-120
2026-06-15 18:18:11,552 [trainer.py] => CNN: {'total': 80.99, '00-09': 83.28, '10-19': 80.07, '20-29': 77.38, '30-39': 83.89, '40-49': 85.44, '50-59': 74.8, '60-69': 84.86, '70-79': 79.6, '80-89': 84.62, '90-99': 68.7, '100-109': 79.71, '110-119': 82.26, 'old': 80.97, 'new': 81.09, 'harmonic': 81.03}
2026-06-15 18:18:11,552 [trainer.py] => CNN top1 curve: [92.86, 87.6, 86.43, 84.13, 82.23, 80.99]
2026-06-15 18:18:11,552 [trainer.py] => CNN top5 curve: [98.98, 97.18, 96.85, 95.85, 94.43, 94.17]
2026-06-15 18:18:11,552 [trainer.py] => CNN top10 curve: [100.0, 99.23, 98.48, 97.64, 97.07, 96.92]
2026-06-15 18:18:11,552 [trainer.py] => Average Accuracy (CNN top1): 85.70666666666666
2026-06-15 18:18:11,554 [zs_clip.py] => Learning on 120-140
2026-06-15 18:18:24,095 [trainer.py] => CNN: {'total': 79.51, '00-09': 81.39, '10-19': 78.6, '20-29': 76.19, '30-39': 81.16, '40-49': 84.73, '50-59': 73.62, '60-69': 81.07, '70-79': 78.93, '80-89': 83.65, '90-99': 66.52, '100-109': 79.35, '110-119': 81.35, '120-129': 78.79, '130-139': 80.55, 'old': 79.49, 'new': 79.66, 'harmonic': 79.57}
2026-06-15 18:18:24,096 [trainer.py] => CNN top1 curve: [92.86, 87.6, 86.43, 84.13, 82.23, 80.99, 79.51]
2026-06-15 18:18:24,096 [trainer.py] => CNN top5 curve: [98.98, 97.18, 96.85, 95.85, 94.43, 94.17, 93.68]
2026-06-15 18:18:24,096 [trainer.py] => CNN top10 curve: [100.0, 99.23, 98.48, 97.64, 97.07, 96.92, 96.52]
2026-06-15 18:18:24,096 [trainer.py] => Average Accuracy (CNN top1): 84.82142857142857
2026-06-15 18:18:24,100 [zs_clip.py] => Learning on 140-160
2026-06-15 18:18:38,257 [trainer.py] => CNN: {'total': 77.85, '00-09': 80.76, '10-19': 77.86, '20-29': 75.4, '30-39': 81.16, '40-49': 84.25, '50-59': 72.83, '60-69': 80.76, '70-79': 77.93, '80-89': 81.09, '90-99': 64.35, '100-109': 77.17, '110-119': 81.04, '120-129': 77.44, '130-139': 79.52, '140-149': 68.23, '150-159': 77.89, 'old': 78.54, 'new': 73.09, 'harmonic': 75.72}
2026-06-15 18:18:38,257 [trainer.py] => CNN top1 curve: [92.86, 87.6, 86.43, 84.13, 82.23, 80.99, 79.51, 77.85]
2026-06-15 18:18:38,257 [trainer.py] => CNN top5 curve: [98.98, 97.18, 96.85, 95.85, 94.43, 94.17, 93.68, 93.18]
2026-06-15 18:18:38,258 [trainer.py] => CNN top10 curve: [100.0, 99.23, 98.48, 97.64, 97.07, 96.92, 96.52, 96.18]
2026-06-15 18:18:38,258 [trainer.py] => Average Accuracy (CNN top1): 83.95
2026-06-15 18:18:38,261 [zs_clip.py] => Learning on 160-180
2026-06-15 18:18:54,387 [trainer.py] => CNN: {'total': 77.5, '00-09': 80.44, '10-19': 76.75, '20-29': 74.6, '30-39': 79.64, '40-49': 83.77, '50-59': 70.87, '60-69': 79.5, '70-79': 76.92, '80-89': 80.77, '90-99': 62.61, '100-109': 76.81, '110-119': 80.12, '120-129': 76.77, '130-139': 78.16, '140-149': 67.89, '150-159': 76.9, '160-169': 84.91, '170-179': 79.43, 'old': 76.93, 'new': 82.03, 'harmonic': 79.4}
2026-06-15 18:18:54,387 [trainer.py] => CNN top1 curve: [92.86, 87.6, 86.43, 84.13, 82.23, 80.99, 79.51, 77.85, 77.5]
2026-06-15 18:18:54,387 [trainer.py] => CNN top5 curve: [98.98, 97.18, 96.85, 95.85, 94.43, 94.17, 93.68, 93.18, 92.99]
2026-06-15 18:18:54,387 [trainer.py] => CNN top10 curve: [100.0, 99.23, 98.48, 97.64, 97.07, 96.92, 96.52, 96.18, 95.92]
2026-06-15 18:18:54,388 [trainer.py] => Average Accuracy (CNN top1): 83.23333333333333
2026-06-15 18:18:54,392 [zs_clip.py] => Learning on 180-200
2026-06-15 18:19:12,239 [trainer.py] => CNN: {'total': 77.32, '00-09': 79.5, '10-19': 75.65, '20-29': 73.02, '30-39': 79.64, '40-49': 83.53, '50-59': 70.87, '60-69': 79.5, '70-79': 76.25, '80-89': 80.13, '90-99': 62.17, '100-109': 76.45, '110-119': 79.51, '120-129': 76.77, '130-139': 77.13, '140-149': 65.55, '150-159': 76.24, '160-169': 84.56, '170-179': 78.48, '180-189': 81.52, '190-199': 81.4, 'old': 76.85, 'new': 81.46, 'harmonic': 79.09}
2026-06-15 18:19:12,239 [trainer.py] => CNN top1 curve: [92.86, 87.6, 86.43, 84.13, 82.23, 80.99, 79.51, 77.85, 77.5, 77.32]
2026-06-15 18:19:12,239 [trainer.py] => CNN top5 curve: [98.98, 97.18, 96.85, 95.85, 94.43, 94.17, 93.68, 93.18, 92.99, 92.82]
2026-06-15 18:19:12,239 [trainer.py] => CNN top10 curve: [100.0, 99.23, 98.48, 97.64, 97.07, 96.92, 96.52, 96.18, 95.92, 95.78]
2026-06-15 18:19:12,239 [trainer.py] => Average Accuracy (CNN top1): 82.64200000000001
