2026-06-15 20:30:20,864 [trainer.py] => config: ./configs/zs_clip/zs_clip_objectnet_B0_Inc20.json
2026-06-15 20:30:20,864 [trainer.py] => prefix: -
2026-06-15 20:30:20,864 [trainer.py] => dataset: objectnet
2026-06-15 20:30:20,864 [trainer.py] => memory_size: 0
2026-06-15 20:30:20,864 [trainer.py] => memory_per_class: 0
2026-06-15 20:30:20,864 [trainer.py] => fixed_memory: False
2026-06-15 20:30:20,864 [trainer.py] => shuffle: True
2026-06-15 20:30:20,864 [trainer.py] => init_cls: 20
2026-06-15 20:30:20,864 [trainer.py] => increment: 20
2026-06-15 20:30:20,864 [trainer.py] => model_name: zs_clip
2026-06-15 20:30:20,864 [trainer.py] => backbone_type: clip
2026-06-15 20:30:20,864 [trainer.py] => device: [device(type='cuda', index=6)]
2026-06-15 20:30:20,864 [trainer.py] => seed: 42
2026-06-15 20:30:20,864 [trainer.py] => total_class_num: 200
2026-06-15 20:30:20,971 [data_manager.py] => [95, 15, 30, 158, 128, 115, 69, 170, 174, 45, 66, 182, 165, 78, 186, 177, 56, 152, 82, 68, 124, 16, 148, 93, 65, 60, 84, 67, 125, 132, 9, 18, 55, 75, 150, 104, 135, 137, 164, 76, 79, 197, 38, 24, 122, 195, 29, 19, 143, 86, 114, 173, 5, 126, 117, 73, 140, 98, 172, 96, 169, 97, 31, 12, 35, 119, 42, 189, 90, 136, 51, 127, 162, 41, 118, 113, 26, 139, 100, 111, 2, 77, 46, 187, 191, 85, 161, 36, 190, 61, 22, 141, 101, 33, 11, 194, 159, 6, 27, 120, 4, 32, 142, 145, 109, 144, 10, 62, 112, 146, 166, 0, 198, 153, 70, 123, 64, 44, 163, 28, 40, 108, 155, 156, 25, 23, 184, 147, 81, 39, 168, 47, 94, 154, 43, 138, 3, 105, 53, 133, 180, 178, 185, 49, 80, 34, 7, 110, 91, 83, 176, 181, 89, 8, 13, 59, 171, 131, 17, 72, 175, 134, 167, 183, 63, 54, 107, 50, 196, 58, 48, 88, 21, 57, 160, 192, 129, 37, 157, 193, 1, 52, 149, 130, 151, 103, 99, 116, 87, 74, 121, 199, 20, 188, 71, 106, 14, 92, 179, 102]
2026-06-15 20:30:21,131 [factory.py] => Loaded ViT-B-16 model config.
2026-06-15 20:30:23,229 [factory.py] => Loading pretrained ViT-B-16 weights (/home/team/zhaohongwei/pretrained_models/open_clip_pytorch_model_laion400m_e32.bin).
2026-06-15 20:30:24,555 [factory.py] => Loaded ViT-B-16 model config.
2026-06-15 20:30:26,243 [factory.py] => Loading pretrained ViT-B-16 weights (/home/team/zhaohongwei/pretrained_models/open_clip_pytorch_model_laion400m_e32.bin).
2026-06-15 20:30:27,387 [zs_clip.py] => Learning on 0-20
2026-06-15 20:30:46,790 [trainer.py] => CNN: {'total': 56.36, '00-09': 53.05, '10-19': 59.68, 'old': 0, 'new': 56.36, 'harmonic': 0.0}
2026-06-15 20:30:46,790 [trainer.py] => CNN top1 curve: [56.36]
2026-06-15 20:30:46,790 [trainer.py] => CNN top5 curve: [88.08]
2026-06-15 20:30:46,790 [trainer.py] => CNN top10 curve: [96.46]
2026-06-15 20:30:46,790 [trainer.py] => Average Accuracy (CNN top1): 56.36
2026-06-15 20:30:46,810 [zs_clip.py] => Learning on 20-40
2026-06-15 20:31:24,101 [trainer.py] => CNN: {'total': 45.78, '00-09': 41.48, '10-19': 43.23, '20-29': 50.14, '30-39': 47.85, 'old': 42.35, 'new': 49.07, 'harmonic': 45.46}
2026-06-15 20:31:24,101 [trainer.py] => CNN top1 curve: [56.36, 45.78]
2026-06-15 20:31:24,101 [trainer.py] => CNN top5 curve: [88.08, 77.38]
2026-06-15 20:31:24,101 [trainer.py] => CNN top10 curve: [96.46, 88.02]
2026-06-15 20:31:24,101 [trainer.py] => Average Accuracy (CNN top1): 51.07
2026-06-15 20:31:24,129 [zs_clip.py] => Learning on 40-60
2026-06-15 20:32:15,005 [trainer.py] => CNN: {'total': 39.19, '00-09': 39.55, '10-19': 38.39, '20-29': 48.99, '30-39': 43.56, '40-49': 31.67, '50-59': 33.44, 'old': 42.79, 'new': 32.5, 'harmonic': 36.94}
2026-06-15 20:32:15,006 [trainer.py] => CNN top1 curve: [56.36, 45.78, 39.19]
2026-06-15 20:32:15,006 [trainer.py] => CNN top5 curve: [88.08, 77.38, 69.16]
2026-06-15 20:32:15,006 [trainer.py] => CNN top10 curve: [96.46, 88.02, 80.64]
2026-06-15 20:32:15,006 [trainer.py] => Average Accuracy (CNN top1): 47.10999999999999
2026-06-15 20:32:15,026 [zs_clip.py] => Learning on 60-80
2026-06-15 20:33:18,979 [trainer.py] => CNN: {'total': 36.34, '00-09': 36.98, '10-19': 35.48, '20-29': 44.64, '30-39': 41.58, '40-49': 28.06, '50-59': 29.72, '60-69': 38.16, '70-79': 36.89, 'old': 35.96, 'new': 37.52, 'harmonic': 36.72}
2026-06-15 20:33:18,980 [trainer.py] => CNN top1 curve: [56.36, 45.78, 39.19, 36.34]
2026-06-15 20:33:18,980 [trainer.py] => CNN top5 curve: [88.08, 77.38, 69.16, 63.35]
2026-06-15 20:33:18,980 [trainer.py] => CNN top10 curve: [96.46, 88.02, 80.64, 74.89]
2026-06-15 20:33:18,980 [trainer.py] => Average Accuracy (CNN top1): 44.4175
2026-06-15 20:33:19,000 [zs_clip.py] => Learning on 80-100
2026-06-15 20:34:36,392 [trainer.py] => CNN: {'total': 32.5, '00-09': 35.05, '10-19': 32.58, '20-29': 41.74, '30-39': 38.61, '40-49': 24.17, '50-59': 27.86, '60-69': 34.87, '70-79': 35.6, '80-89': 28.14, '90-99': 28.1, 'old': 33.68, 'new': 28.12, 'harmonic': 30.65}
2026-06-15 20:34:36,392 [trainer.py] => CNN top1 curve: [56.36, 45.78, 39.19, 36.34, 32.5]
2026-06-15 20:34:36,392 [trainer.py] => CNN top5 curve: [88.08, 77.38, 69.16, 63.35, 58.55]
2026-06-15 20:34:36,393 [trainer.py] => CNN top10 curve: [96.46, 88.02, 80.64, 74.89, 70.51]
2026-06-15 20:34:36,393 [trainer.py] => Average Accuracy (CNN top1): 42.034
2026-06-15 20:34:36,413 [zs_clip.py] => Learning on 100-120
2026-06-15 20:36:06,825 [trainer.py] => CNN: {'total': 31.09, '00-09': 32.48, '10-19': 30.65, '20-29': 41.45, '30-39': 35.31, '40-49': 23.06, '50-59': 26.63, '60-69': 34.21, '70-79': 33.01, '80-89': 27.25, '90-99': 26.17, '100-109': 33.63, '110-119': 30.7, 'old': 30.87, 'new': 32.13, 'harmonic': 31.49}
2026-06-15 20:36:06,825 [trainer.py] => CNN top1 curve: [56.36, 45.78, 39.19, 36.34, 32.5, 31.09]
2026-06-15 20:36:06,826 [trainer.py] => CNN top5 curve: [88.08, 77.38, 69.16, 63.35, 58.55, 55.76]
2026-06-15 20:36:06,826 [trainer.py] => CNN top10 curve: [96.46, 88.02, 80.64, 74.89, 70.51, 67.77]
2026-06-15 20:36:06,826 [trainer.py] => Average Accuracy (CNN top1): 40.21
2026-06-15 20:36:06,846 [zs_clip.py] => Learning on 120-140
2026-06-15 20:37:53,438 [trainer.py] => CNN: {'total': 29.56, '00-09': 31.51, '10-19': 27.74, '20-29': 38.26, '30-39': 33.33, '40-49': 21.94, '50-59': 25.39, '60-69': 32.89, '70-79': 32.69, '80-89': 25.75, '90-99': 23.69, '100-109': 33.63, '110-119': 29.3, '120-129': 26.61, '130-139': 32.92, 'old': 29.55, 'new': 29.67, 'harmonic': 29.61}
2026-06-15 20:37:53,438 [trainer.py] => CNN top1 curve: [56.36, 45.78, 39.19, 36.34, 32.5, 31.09, 29.56]
2026-06-15 20:37:53,438 [trainer.py] => CNN top5 curve: [88.08, 77.38, 69.16, 63.35, 58.55, 55.76, 52.83]
2026-06-15 20:37:53,438 [trainer.py] => CNN top10 curve: [96.46, 88.02, 80.64, 74.89, 70.51, 67.77, 64.91]
2026-06-15 20:37:53,438 [trainer.py] => Average Accuracy (CNN top1): 38.68857142857143
2026-06-15 20:37:53,459 [zs_clip.py] => Learning on 140-160
2026-06-15 20:39:57,009 [trainer.py] => CNN: {'total': 28.53, '00-09': 31.19, '10-19': 27.42, '20-29': 35.65, '30-39': 32.67, '40-49': 21.94, '50-59': 24.15, '60-69': 32.57, '70-79': 32.36, '80-89': 25.45, '90-99': 23.42, '100-109': 32.14, '110-119': 28.45, '120-129': 26.61, '130-139': 31.37, '140-149': 31.1, '150-159': 21.5, 'old': 28.83, 'new': 26.47, 'harmonic': 27.6}
2026-06-15 20:39:57,009 [trainer.py] => CNN top1 curve: [56.36, 45.78, 39.19, 36.34, 32.5, 31.09, 29.56, 28.53]
2026-06-15 20:39:57,009 [trainer.py] => CNN top5 curve: [88.08, 77.38, 69.16, 63.35, 58.55, 55.76, 52.83, 51.67]
2026-06-15 20:39:57,010 [trainer.py] => CNN top10 curve: [96.46, 88.02, 80.64, 74.89, 70.51, 67.77, 64.91, 63.42]
2026-06-15 20:39:57,010 [trainer.py] => Average Accuracy (CNN top1): 37.41875
2026-06-15 20:39:57,035 [zs_clip.py] => Learning on 160-180
2026-06-15 20:42:19,866 [trainer.py] => CNN: {'total': 27.33, '00-09': 28.62, '10-19': 25.48, '20-29': 33.62, '30-39': 31.68, '40-49': 19.72, '50-59': 22.6, '60-69': 31.58, '70-79': 30.42, '80-89': 25.15, '90-99': 21.76, '100-109': 30.95, '110-119': 27.32, '120-129': 24.56, '130-139': 30.43, '140-149': 26.16, '150-159': 20.56, '160-169': 32.41, '170-179': 30.48, 'old': 26.81, 'new': 31.41, 'harmonic': 28.93}
2026-06-15 20:42:19,866 [trainer.py] => CNN top1 curve: [56.36, 45.78, 39.19, 36.34, 32.5, 31.09, 29.56, 28.53, 27.33]
2026-06-15 20:42:19,866 [trainer.py] => CNN top5 curve: [88.08, 77.38, 69.16, 63.35, 58.55, 55.76, 52.83, 51.67, 50.44]
2026-06-15 20:42:19,866 [trainer.py] => CNN top10 curve: [96.46, 88.02, 80.64, 74.89, 70.51, 67.77, 64.91, 63.42, 61.76]
2026-06-15 20:42:19,866 [trainer.py] => Average Accuracy (CNN top1): 36.29777777777778
2026-06-15 20:42:19,887 [zs_clip.py] => Learning on 180-200
2026-06-15 20:45:02,531 [trainer.py] => CNN: {'total': 26.43, '00-09': 27.97, '10-19': 25.16, '20-29': 32.46, '30-39': 31.02, '40-49': 19.72, '50-59': 21.98, '60-69': 30.26, '70-79': 29.77, '80-89': 24.85, '90-99': 21.49, '100-109': 29.46, '110-119': 25.63, '120-129': 23.68, '130-139': 30.12, '140-149': 25.87, '150-159': 19.63, '160-169': 31.17, '170-179': 29.91, '180-189': 23.15, '190-199': 26.8, 'old': 26.59, 'new': 25.04, 'harmonic': 25.79}
2026-06-15 20:45:02,531 [trainer.py] => CNN top1 curve: [56.36, 45.78, 39.19, 36.34, 32.5, 31.09, 29.56, 28.53, 27.33, 26.43]
2026-06-15 20:45:02,531 [trainer.py] => CNN top5 curve: [88.08, 77.38, 69.16, 63.35, 58.55, 55.76, 52.83, 51.67, 50.44, 48.97]
2026-06-15 20:45:02,531 [trainer.py] => CNN top10 curve: [96.46, 88.02, 80.64, 74.89, 70.51, 67.77, 64.91, 63.42, 61.76, 60.03]
2026-06-15 20:45:02,531 [trainer.py] => Average Accuracy (CNN top1): 35.311
