2026-06-15 21:36:21,454 [trainer.py] => config: ./configs/zs_clip/zs_clip_objectnet_B100_Inc20.json
2026-06-15 21:36:21,454 [trainer.py] => prefix: -
2026-06-15 21:36:21,454 [trainer.py] => dataset: objectnet
2026-06-15 21:36:21,454 [trainer.py] => memory_size: 0
2026-06-15 21:36:21,454 [trainer.py] => memory_per_class: 0
2026-06-15 21:36:21,454 [trainer.py] => fixed_memory: False
2026-06-15 21:36:21,454 [trainer.py] => shuffle: True
2026-06-15 21:36:21,454 [trainer.py] => init_cls: 100
2026-06-15 21:36:21,454 [trainer.py] => increment: 20
2026-06-15 21:36:21,454 [trainer.py] => model_name: zs_clip
2026-06-15 21:36:21,454 [trainer.py] => backbone_type: clip
2026-06-15 21:36:21,454 [trainer.py] => device: [device(type='cuda', index=6)]
2026-06-15 21:36:21,454 [trainer.py] => seed: 1993
2026-06-15 21:36:21,455 [trainer.py] => total_class_num: 200
2026-06-15 21:36:21,553 [data_manager.py] => [168, 136, 51, 9, 183, 101, 171, 99, 42, 159, 191, 70, 16, 188, 27, 10, 175, 26, 68, 187, 98, 6, 85, 35, 112, 43, 100, 0, 103, 181, 88, 59, 4, 2, 116, 174, 94, 80, 106, 1, 147, 17, 141, 131, 72, 23, 173, 54, 197, 118, 87, 32, 79, 104, 91, 19, 135, 107, 178, 36, 11, 199, 142, 8, 122, 3, 28, 57, 153, 172, 190, 56, 49, 44, 97, 62, 151, 169, 194, 55, 192, 12, 189, 78, 66, 180, 15, 137, 109, 134, 92, 119, 126, 52, 170, 40, 148, 65, 144, 64, 138, 45, 77, 89, 154, 90, 71, 193, 74, 30, 113, 143, 96, 84, 67, 50, 186, 156, 69, 21, 18, 111, 108, 58, 125, 157, 150, 110, 182, 129, 166, 83, 81, 60, 13, 165, 14, 176, 63, 117, 5, 22, 145, 121, 38, 41, 82, 127, 114, 20, 31, 53, 37, 163, 196, 130, 152, 162, 86, 76, 24, 34, 184, 149, 33, 128, 198, 155, 146, 167, 139, 120, 140, 102, 47, 25, 158, 123, 46, 164, 61, 7, 115, 75, 133, 160, 105, 132, 179, 124, 48, 73, 93, 39, 95, 195, 29, 177, 185, 161]
2026-06-15 21:36:21,666 [factory.py] => Loaded ViT-B-16 model config.
2026-06-15 21:36:23,271 [factory.py] => Loading pretrained ViT-B-16 weights (/home/team/zhaohongwei/pretrained_models/open_clip_pytorch_model_laion400m_e32.bin).
2026-06-15 21:36:23,808 [factory.py] => Loaded ViT-B-16 model config.
2026-06-15 21:36:25,313 [factory.py] => Loading pretrained ViT-B-16 weights (/home/team/zhaohongwei/pretrained_models/open_clip_pytorch_model_laion400m_e32.bin).
2026-06-15 21:36:25,849 [zs_clip.py] => Learning on 0-100
2026-06-15 21:37:36,438 [trainer.py] => CNN: {'total': 36.02, '00-09': 36.32, '10-19': 36.36, '20-29': 30.43, '30-39': 52.37, '40-49': 35.78, '50-59': 39.87, '60-69': 32.69, '70-79': 28.7, '80-89': 34.51, '90-99': 34.02, 'old': 0, 'new': 36.02, 'harmonic': 0.0}
2026-06-15 21:37:36,439 [trainer.py] => CNN top1 curve: [36.02]
2026-06-15 21:37:36,439 [trainer.py] => CNN top5 curve: [62.05]
2026-06-15 21:37:36,439 [trainer.py] => CNN top10 curve: [72.66]
2026-06-15 21:37:36,439 [trainer.py] => Average Accuracy (CNN top1): 36.02
2026-06-15 21:37:36,452 [zs_clip.py] => Learning on 100-120
2026-06-15 21:39:00,305 [trainer.py] => CNN: {'total': 34.12, '00-09': 34.2, '10-19': 34.27, '20-29': 28.57, '30-39': 49.53, '40-49': 34.25, '50-59': 38.24, '60-69': 28.85, '70-79': 25.98, '80-89': 31.37, '90-99': 31.66, '100-109': 38.69, '110-119': 34.85, 'old': 33.61, 'new': 36.58, 'harmonic': 35.03}
2026-06-15 21:39:00,305 [trainer.py] => CNN top1 curve: [36.02, 34.12]
2026-06-15 21:39:00,305 [trainer.py] => CNN top5 curve: [62.05, 59.32]
2026-06-15 21:39:00,305 [trainer.py] => CNN top10 curve: [72.66, 70.24]
2026-06-15 21:39:00,305 [trainer.py] => Average Accuracy (CNN top1): 35.07
2026-06-15 21:39:00,325 [zs_clip.py] => Learning on 120-140
2026-06-15 21:40:35,136 [trainer.py] => CNN: {'total': 32.1, '00-09': 29.72, '10-19': 32.87, '20-29': 25.78, '30-39': 47.32, '40-49': 32.11, '50-59': 36.6, '60-69': 28.02, '70-79': 23.56, '80-89': 30.2, '90-99': 29.59, '100-109': 37.05, '110-119': 32.71, '120-129': 37.72, '130-139': 27.86, 'old': 31.97, 'new': 32.93, 'harmonic': 32.44}
2026-06-15 21:40:35,136 [trainer.py] => CNN top1 curve: [36.02, 34.12, 32.1]
2026-06-15 21:40:35,136 [trainer.py] => CNN top5 curve: [62.05, 59.32, 56.62]
2026-06-15 21:40:35,136 [trainer.py] => CNN top10 curve: [72.66, 70.24, 68.03]
2026-06-15 21:40:35,136 [trainer.py] => Average Accuracy (CNN top1): 34.080000000000005
2026-06-15 21:40:35,156 [zs_clip.py] => Learning on 140-160
2026-06-15 21:42:22,769 [trainer.py] => CNN: {'total': 29.9, '00-09': 29.01, '10-19': 32.17, '20-29': 25.47, '30-39': 46.06, '40-49': 31.8, '50-59': 33.66, '60-69': 25.0, '70-79': 22.96, '80-89': 30.2, '90-99': 28.4, '100-109': 36.39, '110-119': 31.1, '120-129': 36.55, '130-139': 26.01, '140-149': 19.57, '150-159': 27.62, 'old': 30.91, 'new': 23.54, 'harmonic': 26.73}
2026-06-15 21:42:22,769 [trainer.py] => CNN top1 curve: [36.02, 34.12, 32.1, 29.9]
2026-06-15 21:42:22,769 [trainer.py] => CNN top5 curve: [62.05, 59.32, 56.62, 53.63]
2026-06-15 21:42:22,769 [trainer.py] => CNN top10 curve: [72.66, 70.24, 68.03, 65.2]
2026-06-15 21:42:22,770 [trainer.py] => Average Accuracy (CNN top1): 33.035000000000004
2026-06-15 21:42:22,790 [zs_clip.py] => Learning on 160-180
2026-06-15 21:44:24,339 [trainer.py] => CNN: {'total': 28.12, '00-09': 27.36, '10-19': 30.42, '20-29': 23.91, '30-39': 45.11, '40-49': 30.89, '50-59': 32.35, '60-69': 24.18, '70-79': 22.36, '80-89': 30.2, '90-99': 28.11, '100-109': 35.08, '110-119': 27.88, '120-129': 35.67, '130-139': 25.39, '140-149': 19.03, '150-159': 26.8, '160-169': 24.32, '170-179': 20.33, 'old': 28.8, 'new': 22.42, 'harmonic': 25.21}
2026-06-15 21:44:24,339 [trainer.py] => CNN top1 curve: [36.02, 34.12, 32.1, 29.9, 28.12]
2026-06-15 21:44:24,340 [trainer.py] => CNN top5 curve: [62.05, 59.32, 56.62, 53.63, 51.23]
2026-06-15 21:44:24,340 [trainer.py] => CNN top10 curve: [72.66, 70.24, 68.03, 65.2, 62.39]
2026-06-15 21:44:24,340 [trainer.py] => Average Accuracy (CNN top1): 32.05200000000001
2026-06-15 21:44:24,360 [zs_clip.py] => Learning on 180-200
2026-06-15 21:46:41,149 [trainer.py] => CNN: {'total': 26.43, '00-09': 25.94, '10-19': 29.02, '20-29': 22.67, '30-39': 44.48, '40-49': 29.97, '50-59': 30.07, '60-69': 23.08, '70-79': 21.75, '80-89': 27.45, '90-99': 23.96, '100-109': 31.8, '110-119': 26.54, '120-129': 34.5, '130-139': 24.15, '140-149': 17.16, '150-159': 25.69, '160-169': 21.28, '170-179': 18.33, '180-189': 29.62, '190-199': 24.45, 'old': 26.4, 'new': 26.73, 'harmonic': 26.56}
2026-06-15 21:46:41,149 [trainer.py] => CNN top1 curve: [36.02, 34.12, 32.1, 29.9, 28.12, 26.43]
2026-06-15 21:46:41,149 [trainer.py] => CNN top5 curve: [62.05, 59.32, 56.62, 53.63, 51.23, 48.97]
2026-06-15 21:46:41,150 [trainer.py] => CNN top10 curve: [72.66, 70.24, 68.03, 65.2, 62.39, 60.03]
2026-06-15 21:46:41,150 [trainer.py] => Average Accuracy (CNN top1): 31.115000000000006
