2026-06-15 21:24:58,189 [trainer.py] => config: ./configs/zs_clip/zs_clip_objectnet_B100_Inc20.json
2026-06-15 21:24:58,189 [trainer.py] => prefix: -
2026-06-15 21:24:58,189 [trainer.py] => dataset: objectnet
2026-06-15 21:24:58,189 [trainer.py] => memory_size: 0
2026-06-15 21:24:58,189 [trainer.py] => memory_per_class: 0
2026-06-15 21:24:58,190 [trainer.py] => fixed_memory: False
2026-06-15 21:24:58,190 [trainer.py] => shuffle: True
2026-06-15 21:24:58,190 [trainer.py] => init_cls: 100
2026-06-15 21:24:58,190 [trainer.py] => increment: 20
2026-06-15 21:24:58,190 [trainer.py] => model_name: zs_clip
2026-06-15 21:24:58,190 [trainer.py] => backbone_type: clip
2026-06-15 21:24:58,190 [trainer.py] => device: [device(type='cuda', index=6)]
2026-06-15 21:24:58,190 [trainer.py] => seed: 42
2026-06-15 21:24:58,190 [trainer.py] => total_class_num: 200
2026-06-15 21:24:58,287 [data_manager.py] => [95, 15, 30, 158, 128, 115, 69, 170, 174, 45, 66, 182, 165, 78, 186, 177, 56, 152, 82, 68, 124, 16, 148, 93, 65, 60, 84, 67, 125, 132, 9, 18, 55, 75, 150, 104, 135, 137, 164, 76, 79, 197, 38, 24, 122, 195, 29, 19, 143, 86, 114, 173, 5, 126, 117, 73, 140, 98, 172, 96, 169, 97, 31, 12, 35, 119, 42, 189, 90, 136, 51, 127, 162, 41, 118, 113, 26, 139, 100, 111, 2, 77, 46, 187, 191, 85, 161, 36, 190, 61, 22, 141, 101, 33, 11, 194, 159, 6, 27, 120, 4, 32, 142, 145, 109, 144, 10, 62, 112, 146, 166, 0, 198, 153, 70, 123, 64, 44, 163, 28, 40, 108, 155, 156, 25, 23, 184, 147, 81, 39, 168, 47, 94, 154, 43, 138, 3, 105, 53, 133, 180, 178, 185, 49, 80, 34, 7, 110, 91, 83, 176, 181, 89, 8, 13, 59, 171, 131, 17, 72, 175, 134, 167, 183, 63, 54, 107, 50, 196, 58, 48, 88, 21, 57, 160, 192, 129, 37, 157, 193, 1, 52, 149, 130, 151, 103, 99, 116, 87, 74, 121, 199, 20, 188, 71, 106, 14, 92, 179, 102]
2026-06-15 21:24:58,395 [factory.py] => Loaded ViT-B-16 model config.
2026-06-15 21:24:59,964 [factory.py] => Loading pretrained ViT-B-16 weights (/home/team/zhaohongwei/pretrained_models/open_clip_pytorch_model_laion400m_e32.bin).
2026-06-15 21:25:00,455 [factory.py] => Loaded ViT-B-16 model config.
2026-06-15 21:25:01,818 [factory.py] => Loading pretrained ViT-B-16 weights (/home/team/zhaohongwei/pretrained_models/open_clip_pytorch_model_laion400m_e32.bin).
2026-06-15 21:25:02,475 [zs_clip.py] => Learning on 0-100
2026-06-15 21:26:14,606 [trainer.py] => CNN: {'total': 32.5, '00-09': 35.05, '10-19': 32.58, '20-29': 41.74, '30-39': 38.61, '40-49': 24.17, '50-59': 27.86, '60-69': 34.87, '70-79': 35.6, '80-89': 28.14, '90-99': 28.1, 'old': 0, 'new': 32.5, 'harmonic': 0.0}
2026-06-15 21:26:14,606 [trainer.py] => CNN top1 curve: [32.5]
2026-06-15 21:26:14,606 [trainer.py] => CNN top5 curve: [58.55]
2026-06-15 21:26:14,606 [trainer.py] => CNN top10 curve: [70.51]
2026-06-15 21:26:14,606 [trainer.py] => Average Accuracy (CNN top1): 32.5
2026-06-15 21:26:14,626 [zs_clip.py] => Learning on 100-120
2026-06-15 21:27:41,281 [trainer.py] => CNN: {'total': 31.09, '00-09': 32.48, '10-19': 30.65, '20-29': 41.45, '30-39': 35.31, '40-49': 23.06, '50-59': 26.63, '60-69': 34.21, '70-79': 33.01, '80-89': 27.25, '90-99': 26.17, '100-109': 33.63, '110-119': 30.7, 'old': 30.87, 'new': 32.13, 'harmonic': 31.49}
2026-06-15 21:27:41,282 [trainer.py] => CNN top1 curve: [32.5, 31.09]
2026-06-15 21:27:41,282 [trainer.py] => CNN top5 curve: [58.55, 55.76]
2026-06-15 21:27:41,282 [trainer.py] => CNN top10 curve: [70.51, 67.77]
2026-06-15 21:27:41,282 [trainer.py] => Average Accuracy (CNN top1): 31.795
2026-06-15 21:27:41,306 [zs_clip.py] => Learning on 120-140
2026-06-15 21:29:28,686 [trainer.py] => CNN: {'total': 29.56, '00-09': 31.51, '10-19': 27.74, '20-29': 38.26, '30-39': 33.33, '40-49': 21.94, '50-59': 25.39, '60-69': 32.89, '70-79': 32.69, '80-89': 25.75, '90-99': 23.69, '100-109': 33.63, '110-119': 29.3, '120-129': 26.61, '130-139': 32.92, 'old': 29.55, 'new': 29.67, 'harmonic': 29.61}
2026-06-15 21:29:28,686 [trainer.py] => CNN top1 curve: [32.5, 31.09, 29.56]
2026-06-15 21:29:28,686 [trainer.py] => CNN top5 curve: [58.55, 55.76, 52.83]
2026-06-15 21:29:28,687 [trainer.py] => CNN top10 curve: [70.51, 67.77, 64.91]
2026-06-15 21:29:28,687 [trainer.py] => Average Accuracy (CNN top1): 31.05
2026-06-15 21:29:28,707 [zs_clip.py] => Learning on 140-160
2026-06-15 21:31:37,763 [trainer.py] => CNN: {'total': 28.53, '00-09': 31.19, '10-19': 27.42, '20-29': 35.65, '30-39': 32.67, '40-49': 21.94, '50-59': 24.15, '60-69': 32.57, '70-79': 32.36, '80-89': 25.45, '90-99': 23.42, '100-109': 32.14, '110-119': 28.45, '120-129': 26.61, '130-139': 31.37, '140-149': 31.1, '150-159': 21.5, 'old': 28.83, 'new': 26.47, 'harmonic': 27.6}
2026-06-15 21:31:37,764 [trainer.py] => CNN top1 curve: [32.5, 31.09, 29.56, 28.53]
2026-06-15 21:31:37,764 [trainer.py] => CNN top5 curve: [58.55, 55.76, 52.83, 51.67]
2026-06-15 21:31:37,764 [trainer.py] => CNN top10 curve: [70.51, 67.77, 64.91, 63.42]
2026-06-15 21:31:37,764 [trainer.py] => Average Accuracy (CNN top1): 30.42
2026-06-15 21:31:37,788 [zs_clip.py] => Learning on 160-180
2026-06-15 21:33:57,568 [trainer.py] => CNN: {'total': 27.33, '00-09': 28.62, '10-19': 25.48, '20-29': 33.62, '30-39': 31.68, '40-49': 19.72, '50-59': 22.6, '60-69': 31.58, '70-79': 30.42, '80-89': 25.15, '90-99': 21.76, '100-109': 30.95, '110-119': 27.32, '120-129': 24.56, '130-139': 30.43, '140-149': 26.16, '150-159': 20.56, '160-169': 32.41, '170-179': 30.48, 'old': 26.81, 'new': 31.41, 'harmonic': 28.93}
2026-06-15 21:33:57,569 [trainer.py] => CNN top1 curve: [32.5, 31.09, 29.56, 28.53, 27.33]
2026-06-15 21:33:57,569 [trainer.py] => CNN top5 curve: [58.55, 55.76, 52.83, 51.67, 50.44]
2026-06-15 21:33:57,569 [trainer.py] => CNN top10 curve: [70.51, 67.77, 64.91, 63.42, 61.76]
2026-06-15 21:33:57,569 [trainer.py] => Average Accuracy (CNN top1): 29.802
2026-06-15 21:33:57,590 [zs_clip.py] => Learning on 180-200
2026-06-15 21:36:21,426 [trainer.py] => CNN: {'total': 26.43, '00-09': 27.97, '10-19': 25.16, '20-29': 32.46, '30-39': 31.02, '40-49': 19.72, '50-59': 21.98, '60-69': 30.26, '70-79': 29.77, '80-89': 24.85, '90-99': 21.49, '100-109': 29.46, '110-119': 25.63, '120-129': 23.68, '130-139': 30.12, '140-149': 25.87, '150-159': 19.63, '160-169': 31.17, '170-179': 29.91, '180-189': 23.15, '190-199': 26.8, 'old': 26.59, 'new': 25.04, 'harmonic': 25.79}
2026-06-15 21:36:21,426 [trainer.py] => CNN top1 curve: [32.5, 31.09, 29.56, 28.53, 27.33, 26.43]
2026-06-15 21:36:21,426 [trainer.py] => CNN top5 curve: [58.55, 55.76, 52.83, 51.67, 50.44, 48.97]
2026-06-15 21:36:21,427 [trainer.py] => CNN top10 curve: [70.51, 67.77, 64.91, 63.42, 61.76, 60.03]
2026-06-15 21:36:21,427 [trainer.py] => Average Accuracy (CNN top1): 29.24
