2026-06-15 18:53:21,652 [trainer.py] => config: ./configs/zs_clip/zs_clip_sun_B0_Inc30.json
2026-06-15 18:53:21,652 [trainer.py] => prefix: -
2026-06-15 18:53:21,652 [trainer.py] => dataset: sun
2026-06-15 18:53:21,652 [trainer.py] => memory_size: 0
2026-06-15 18:53:21,652 [trainer.py] => memory_per_class: 0
2026-06-15 18:53:21,652 [trainer.py] => fixed_memory: False
2026-06-15 18:53:21,652 [trainer.py] => shuffle: True
2026-06-15 18:53:21,652 [trainer.py] => init_cls: 30
2026-06-15 18:53:21,652 [trainer.py] => increment: 30
2026-06-15 18:53:21,652 [trainer.py] => model_name: zs_clip
2026-06-15 18:53:21,652 [trainer.py] => backbone_type: clip
2026-06-15 18:53:21,652 [trainer.py] => device: [device(type='cuda', index=6)]
2026-06-15 18:53:21,652 [trainer.py] => seed: 42
2026-06-15 18:53:21,652 [trainer.py] => total_class_num: 300
2026-06-15 18:53:21,953 [data_manager.py] => [203, 266, 152, 9, 233, 226, 196, 109, 5, 175, 237, 57, 218, 45, 182, 221, 289, 211, 148, 165, 78, 113, 249, 250, 104, 42, 281, 295, 157, 238, 17, 164, 33, 24, 215, 119, 7, 90, 46, 73, 93, 76, 286, 60, 77, 63, 234, 229, 111, 231, 180, 144, 239, 75, 297, 278, 97, 92, 192, 25, 232, 59, 6, 185, 173, 30, 22, 256, 56, 186, 108, 126, 230, 193, 129, 282, 82, 84, 66, 288, 163, 154, 19, 124, 79, 114, 118, 72, 15, 10, 194, 101, 68, 224, 37, 16, 179, 147, 274, 67, 228, 69, 31, 183, 265, 225, 140, 18, 181, 96, 132, 262, 86, 248, 245, 116, 146, 292, 197, 206, 55, 172, 184, 167, 139, 253, 38, 125, 195, 283, 137, 112, 168, 117, 277, 271, 155, 176, 178, 2, 115, 143, 177, 120, 210, 260, 127, 74, 29, 83, 269, 107, 223, 158, 280, 246, 222, 65, 198, 85, 213, 159, 12, 35, 28, 142, 284, 254, 170, 51, 95, 208, 247, 41, 89, 244, 136, 26, 293, 141, 200, 0, 268, 272, 100, 259, 255, 171, 98, 36, 61, 150, 236, 202, 242, 11, 296, 267, 27, 219, 4, 122, 32, 204, 162, 209, 285, 138, 62, 135, 128, 290, 8, 70, 264, 64, 44, 279, 156, 40, 123, 275, 216, 153, 23, 261, 110, 81, 207, 212, 39, 240, 291, 258, 199, 14, 47, 94, 263, 227, 273, 201, 161, 43, 217, 145, 190, 220, 251, 3, 105, 53, 133, 1, 131, 103, 49, 80, 205, 34, 91, 52, 241, 13, 88, 166, 294, 134, 287, 243, 54, 50, 174, 189, 298, 187, 169, 58, 48, 235, 252, 21, 160, 276, 191, 257, 149, 130, 151, 99, 87, 214, 121, 299, 20, 188, 71, 106, 270, 102]
2026-06-15 18:53:22,416 [factory.py] => Loaded ViT-B-16 model config.
2026-06-15 18:53:24,381 [factory.py] => Loading pretrained ViT-B-16 weights (/home/team/zhaohongwei/pretrained_models/open_clip_pytorch_model_laion400m_e32.bin).
2026-06-15 18:53:25,729 [factory.py] => Loaded ViT-B-16 model config.
2026-06-15 18:53:27,911 [factory.py] => Loading pretrained ViT-B-16 weights (/home/team/zhaohongwei/pretrained_models/open_clip_pytorch_model_laion400m_e32.bin).
2026-06-15 18:53:29,326 [zs_clip.py] => Learning on 0-30
2026-06-15 18:53:37,364 [trainer.py] => CNN: {'total': 95.91, '00-09': 96.85, '10-19': 97.07, '20-29': 93.17, 'old': 0, 'new': 95.91, 'harmonic': 0.0}
2026-06-15 18:53:37,365 [trainer.py] => CNN top1 curve: [95.91]
2026-06-15 18:53:37,365 [trainer.py] => CNN top5 curve: [99.85]
2026-06-15 18:53:37,365 [trainer.py] => CNN top10 curve: [99.92]
2026-06-15 18:53:37,365 [trainer.py] => Average Accuracy (CNN top1): 95.91
2026-06-15 18:53:37,368 [zs_clip.py] => Learning on 30-60
2026-06-15 18:53:54,509 [trainer.py] => CNN: {'total': 88.7, '00-09': 87.11, '10-19': 89.5, '20-29': 85.25, '30-39': 87.99, '40-49': 88.03, '50-59': 93.96, 'old': 87.65, 'new': 89.27, 'harmonic': 88.45}
2026-06-15 18:53:54,509 [trainer.py] => CNN top1 curve: [95.91, 88.7]
2026-06-15 18:53:54,509 [trainer.py] => CNN top5 curve: [99.85, 99.31]
2026-06-15 18:53:54,509 [trainer.py] => CNN top10 curve: [99.92, 99.78]
2026-06-15 18:53:54,509 [trainer.py] => Average Accuracy (CNN top1): 92.305
2026-06-15 18:53:54,513 [zs_clip.py] => Learning on 60-90
2026-06-15 18:54:17,346 [trainer.py] => CNN: {'total': 86.3, '00-09': 83.67, '10-19': 85.89, '20-29': 84.15, '30-39': 84.37, '40-49': 85.86, '50-59': 93.16, '60-69': 86.68, '70-79': 78.93, '80-89': 91.8, 'old': 86.08, 'new': 86.81, 'harmonic': 86.44}
2026-06-15 18:54:17,346 [trainer.py] => CNN top1 curve: [95.91, 88.7, 86.3]
2026-06-15 18:54:17,346 [trainer.py] => CNN top5 curve: [99.85, 99.31, 98.62]
2026-06-15 18:54:17,347 [trainer.py] => CNN top10 curve: [99.92, 99.78, 99.56]
2026-06-15 18:54:17,347 [trainer.py] => Average Accuracy (CNN top1): 90.30333333333334
2026-06-15 18:54:17,368 [zs_clip.py] => Learning on 90-120
2026-06-15 18:54:49,314 [trainer.py] => CNN: {'total': 84.16, '00-09': 81.95, '10-19': 82.62, '20-29': 82.79, '30-39': 80.43, '40-49': 84.83, '50-59': 92.15, '60-69': 85.24, '70-79': 75.96, '80-89': 89.44, '90-99': 87.04, '100-109': 84.25, '110-119': 80.66, 'old': 84.1, 'new': 84.34, 'harmonic': 84.22}
2026-06-15 18:54:49,314 [trainer.py] => CNN top1 curve: [95.91, 88.7, 86.3, 84.16]
2026-06-15 18:54:49,314 [trainer.py] => CNN top5 curve: [99.85, 99.31, 98.62, 98.24]
2026-06-15 18:54:49,314 [trainer.py] => CNN top10 curve: [99.92, 99.78, 99.56, 99.29]
2026-06-15 18:54:49,314 [trainer.py] => Average Accuracy (CNN top1): 88.76750000000001
2026-06-15 18:54:49,335 [zs_clip.py] => Learning on 120-150
2026-06-15 18:55:27,737 [trainer.py] => CNN: {'total': 79.83, '00-09': 79.94, '10-19': 79.86, '20-29': 77.87, '30-39': 79.3, '40-49': 82.55, '50-59': 91.95, '60-69': 83.67, '70-79': 75.37, '80-89': 82.7, '90-99': 77.61, '100-109': 82.0, '110-119': 75.0, '120-129': 71.84, '130-139': 78.54, '140-149': 78.22, 'old': 80.84, 'new': 76.09, 'harmonic': 78.39}
2026-06-15 18:55:27,737 [trainer.py] => CNN top1 curve: [95.91, 88.7, 86.3, 84.16, 79.83]
2026-06-15 18:55:27,737 [trainer.py] => CNN top5 curve: [99.85, 99.31, 98.62, 98.24, 97.34]
2026-06-15 18:55:27,737 [trainer.py] => CNN top10 curve: [99.92, 99.78, 99.56, 99.29, 98.83]
2026-06-15 18:55:27,737 [trainer.py] => Average Accuracy (CNN top1): 86.98
2026-06-15 18:55:27,762 [zs_clip.py] => Learning on 150-180
2026-06-15 18:56:14,442 [trainer.py] => CNN: {'total': 77.01, '00-09': 79.37, '10-19': 77.8, '20-29': 70.22, '30-39': 77.95, '40-49': 78.68, '50-59': 90.95, '60-69': 82.52, '70-79': 71.51, '80-89': 78.69, '90-99': 77.32, '100-109': 79.55, '110-119': 71.68, '120-129': 68.67, '130-139': 72.41, '140-149': 76.11, '150-159': 72.89, '160-169': 75.24, '170-179': 82.71, 'old': 77.04, 'new': 76.91, 'harmonic': 76.97}
2026-06-15 18:56:14,443 [trainer.py] => CNN top1 curve: [95.91, 88.7, 86.3, 84.16, 79.83, 77.01]
2026-06-15 18:56:14,443 [trainer.py] => CNN top5 curve: [99.85, 99.31, 98.62, 98.24, 97.34, 96.82]
2026-06-15 18:56:14,443 [trainer.py] => CNN top10 curve: [99.92, 99.78, 99.56, 99.29, 98.83, 98.63]
2026-06-15 18:56:14,443 [trainer.py] => Average Accuracy (CNN top1): 85.31833333333334
2026-06-15 18:56:14,457 [zs_clip.py] => Learning on 180-210
2026-06-15 18:57:09,984 [trainer.py] => CNN: {'total': 75.19, '00-09': 78.51, '10-19': 76.59, '20-29': 69.67, '30-39': 77.23, '40-49': 75.71, '50-59': 90.95, '60-69': 78.51, '70-79': 70.92, '80-89': 74.32, '90-99': 76.9, '100-109': 78.32, '110-119': 70.12, '120-129': 66.11, '130-139': 71.39, '140-149': 73.77, '150-159': 72.61, '160-169': 74.27, '170-179': 81.07, '180-189': 68.71, '190-199': 75.16, '200-209': 76.41, 'old': 75.44, 'new': 73.64, 'harmonic': 74.53}
2026-06-15 18:57:09,984 [trainer.py] => CNN top1 curve: [95.91, 88.7, 86.3, 84.16, 79.83, 77.01, 75.19]
2026-06-15 18:57:09,984 [trainer.py] => CNN top5 curve: [99.85, 99.31, 98.62, 98.24, 97.34, 96.82, 96.04]
2026-06-15 18:57:09,984 [trainer.py] => CNN top10 curve: [99.92, 99.78, 99.56, 99.29, 98.83, 98.63, 98.28]
2026-06-15 18:57:09,984 [trainer.py] => Average Accuracy (CNN top1): 83.87142857142858
2026-06-15 18:57:10,012 [zs_clip.py] => Learning on 210-240
2026-06-15 18:58:12,826 [trainer.py] => CNN: {'total': 74.28, '00-09': 73.35, '10-19': 75.39, '20-29': 67.76, '30-39': 75.78, '40-49': 74.12, '50-59': 90.34, '60-69': 76.5, '70-79': 70.62, '80-89': 73.59, '90-99': 76.34, '100-109': 77.1, '110-119': 68.75, '120-129': 65.06, '130-139': 69.22, '140-149': 72.83, '150-159': 71.91, '160-169': 71.36, '170-179': 80.18, '180-189': 67.56, '190-199': 74.2, '200-209': 72.31, '210-219': 73.95, '220-229': 82.81, '230-239': 70.27, 'old': 73.66, 'new': 77.35, 'harmonic': 75.46}
2026-06-15 18:58:12,827 [trainer.py] => CNN top1 curve: [95.91, 88.7, 86.3, 84.16, 79.83, 77.01, 75.19, 74.28]
2026-06-15 18:58:12,827 [trainer.py] => CNN top5 curve: [99.85, 99.31, 98.62, 98.24, 97.34, 96.82, 96.04, 95.87]
2026-06-15 18:58:12,827 [trainer.py] => CNN top10 curve: [99.92, 99.78, 99.56, 99.29, 98.83, 98.63, 98.28, 98.13]
2026-06-15 18:58:12,827 [trainer.py] => Average Accuracy (CNN top1): 82.6725
2026-06-15 18:58:12,848 [zs_clip.py] => Learning on 240-270
2026-06-15 18:59:25,482 [trainer.py] => CNN: {'total': 73.07, '00-09': 71.63, '10-19': 74.01, '20-29': 66.39, '30-39': 75.57, '40-49': 73.55, '50-59': 89.13, '60-69': 73.5, '70-79': 70.03, '80-89': 73.04, '90-99': 75.35, '100-109': 75.46, '110-119': 68.36, '120-129': 62.95, '130-139': 65.13, '140-149': 72.37, '150-159': 71.77, '160-169': 68.93, '170-179': 77.94, '180-189': 67.18, '190-199': 71.97, '200-209': 71.97, '210-219': 73.05, '220-229': 80.34, '230-239': 69.23, '240-249': 65.49, '250-259': 79.92, '260-269': 80.55, 'old': 72.86, 'new': 75.14, 'harmonic': 73.98}
2026-06-15 18:59:25,483 [trainer.py] => CNN top1 curve: [95.91, 88.7, 86.3, 84.16, 79.83, 77.01, 75.19, 74.28, 73.07]
2026-06-15 18:59:25,483 [trainer.py] => CNN top5 curve: [99.85, 99.31, 98.62, 98.24, 97.34, 96.82, 96.04, 95.87, 95.37]
2026-06-15 18:59:25,483 [trainer.py] => CNN top10 curve: [99.92, 99.78, 99.56, 99.29, 98.83, 98.63, 98.28, 98.13, 97.95]
2026-06-15 18:59:25,483 [trainer.py] => Average Accuracy (CNN top1): 81.60555555555555
2026-06-15 18:59:25,505 [zs_clip.py] => Learning on 270-300
2026-06-15 19:00:38,890 [trainer.py] => CNN: {'total': 72.14, '00-09': 69.63, '10-19': 73.67, '20-29': 65.85, '30-39': 74.74, '40-49': 72.18, '50-59': 88.73, '60-69': 71.92, '70-79': 65.58, '80-89': 71.22, '90-99': 73.94, '100-109': 74.23, '110-119': 66.8, '120-129': 60.54, '130-139': 64.5, '140-149': 69.79, '150-159': 69.24, '160-169': 68.28, '170-179': 77.05, '180-189': 66.22, '190-199': 71.82, '200-209': 71.11, '210-219': 72.25, '220-229': 79.91, '230-239': 69.23, '240-249': 64.12, '250-259': 79.74, '260-269': 78.26, '270-279': 78.95, '280-289': 78.65, '290-299': 69.11, 'old': 71.89, 'new': 74.69, 'harmonic': 73.26}
2026-06-15 19:00:38,891 [trainer.py] => CNN top1 curve: [95.91, 88.7, 86.3, 84.16, 79.83, 77.01, 75.19, 74.28, 73.07, 72.14]
2026-06-15 19:00:38,891 [trainer.py] => CNN top5 curve: [99.85, 99.31, 98.62, 98.24, 97.34, 96.82, 96.04, 95.87, 95.37, 95.09]
2026-06-15 19:00:38,891 [trainer.py] => CNN top10 curve: [99.92, 99.78, 99.56, 99.29, 98.83, 98.63, 98.28, 98.13, 97.95, 97.79]
2026-06-15 19:00:38,891 [trainer.py] => Average Accuracy (CNN top1): 80.659
