2026-06-15 18:37:33,397 [trainer.py] => config: ./configs/zs_clip/zs_clip_ucf_B0_Inc10.json
2026-06-15 18:37:33,398 [trainer.py] => prefix: -
2026-06-15 18:37:33,398 [trainer.py] => dataset: ucf101
2026-06-15 18:37:33,398 [trainer.py] => memory_size: 0
2026-06-15 18:37:33,398 [trainer.py] => memory_per_class: 0
2026-06-15 18:37:33,398 [trainer.py] => fixed_memory: False
2026-06-15 18:37:33,398 [trainer.py] => shuffle: True
2026-06-15 18:37:33,398 [trainer.py] => init_cls: 10
2026-06-15 18:37:33,398 [trainer.py] => increment: 10
2026-06-15 18:37:33,398 [trainer.py] => model_name: zs_clip
2026-06-15 18:37:33,398 [trainer.py] => backbone_type: clip
2026-06-15 18:37:33,398 [trainer.py] => device: [device(type='cuda', index=6)]
2026-06-15 18:37:33,398 [trainer.py] => seed: 42
2026-06-15 18:37:33,398 [trainer.py] => total_class_num: 100
2026-06-15 18:37:33,443 [data_manager.py] => [83, 53, 70, 45, 44, 39, 22, 80, 10, 0, 18, 30, 73, 33, 90, 4, 76, 77, 12, 31, 55, 88, 26, 42, 69, 15, 40, 96, 9, 72, 11, 47, 85, 28, 93, 5, 66, 65, 35, 16, 49, 34, 7, 95, 27, 19, 81, 25, 62, 13, 24, 3, 17, 38, 8, 78, 6, 64, 36, 89, 56, 99, 54, 43, 50, 67, 46, 68, 61, 97, 79, 41, 58, 48, 98, 57, 75, 32, 94, 59, 63, 84, 37, 29, 1, 52, 21, 2, 23, 87, 91, 74, 86, 82, 20, 60, 71, 14, 92, 51]
2026-06-15 18:37:33,466 [factory.py] => Loaded ViT-B-16 model config.
2026-06-15 18:37:35,275 [factory.py] => Loading pretrained ViT-B-16 weights (/home/team/zhaohongwei/pretrained_models/open_clip_pytorch_model_laion400m_e32.bin).
2026-06-15 18:37:36,210 [factory.py] => Loaded ViT-B-16 model config.
2026-06-15 18:37:37,806 [factory.py] => Loading pretrained ViT-B-16 weights (/home/team/zhaohongwei/pretrained_models/open_clip_pytorch_model_laion400m_e32.bin).
2026-06-15 18:37:38,833 [zs_clip.py] => Learning on 0-10
2026-06-15 18:37:40,659 [trainer.py] => CNN: {'total': 87.21, '00-09': 87.21, 'old': 0, 'new': 87.21, 'harmonic': 0.0}
2026-06-15 18:37:40,660 [trainer.py] => CNN top1 curve: [87.21]
2026-06-15 18:37:40,660 [trainer.py] => CNN top5 curve: [100.0]
2026-06-15 18:37:40,660 [trainer.py] => CNN top10 curve: [100.0]
2026-06-15 18:37:40,660 [trainer.py] => Average Accuracy (CNN top1): 87.21
2026-06-15 18:37:40,661 [zs_clip.py] => Learning on 10-20
2026-06-15 18:37:43,301 [trainer.py] => CNN: {'total': 81.95, '00-09': 83.5, '10-19': 80.08, 'old': 83.5, 'new': 80.08, 'harmonic': 81.75}
2026-06-15 18:37:43,301 [trainer.py] => CNN top1 curve: [87.21, 81.95]
2026-06-15 18:37:43,302 [trainer.py] => CNN top5 curve: [100.0, 99.45]
2026-06-15 18:37:43,302 [trainer.py] => CNN top10 curve: [100.0, 100.0]
2026-06-15 18:37:43,302 [trainer.py] => Average Accuracy (CNN top1): 84.58
2026-06-15 18:37:43,303 [zs_clip.py] => Learning on 20-30
2026-06-15 18:37:46,708 [trainer.py] => CNN: {'total': 79.73, '00-09': 81.14, '10-19': 79.27, '20-29': 78.54, 'old': 80.29, 'new': 78.54, 'harmonic': 79.41}
2026-06-15 18:37:46,709 [trainer.py] => CNN top1 curve: [87.21, 81.95, 79.73]
2026-06-15 18:37:46,709 [trainer.py] => CNN top5 curve: [100.0, 99.45, 97.39]
2026-06-15 18:37:46,709 [trainer.py] => CNN top10 curve: [100.0, 100.0, 99.5]
2026-06-15 18:37:46,709 [trainer.py] => Average Accuracy (CNN top1): 82.96333333333332
2026-06-15 18:37:46,711 [zs_clip.py] => Learning on 30-40
2026-06-15 18:37:50,987 [trainer.py] => CNN: {'total': 77.67, '00-09': 77.78, '10-19': 78.05, '20-29': 77.39, '30-39': 77.49, 'old': 77.74, 'new': 77.49, 'harmonic': 77.61}
2026-06-15 18:37:50,988 [trainer.py] => CNN top1 curve: [87.21, 81.95, 79.73, 77.67]
2026-06-15 18:37:50,988 [trainer.py] => CNN top5 curve: [100.0, 99.45, 97.39, 95.53]
2026-06-15 18:37:50,988 [trainer.py] => CNN top10 curve: [100.0, 100.0, 99.5, 98.6]
2026-06-15 18:37:50,988 [trainer.py] => Average Accuracy (CNN top1): 81.64
2026-06-15 18:37:50,990 [zs_clip.py] => Learning on 40-50
2026-06-15 18:37:56,169 [trainer.py] => CNN: {'total': 77.28, '00-09': 74.75, '10-19': 72.76, '20-29': 75.48, '30-39': 76.01, '40-49': 87.8, 'old': 74.79, 'new': 87.8, 'harmonic': 80.77}
2026-06-15 18:37:56,170 [trainer.py] => CNN top1 curve: [87.21, 81.95, 79.73, 77.67, 77.28]
2026-06-15 18:37:56,170 [trainer.py] => CNN top5 curve: [100.0, 99.45, 97.39, 95.53, 95.49]
2026-06-15 18:37:56,170 [trainer.py] => CNN top10 curve: [100.0, 100.0, 99.5, 98.6, 98.27]
2026-06-15 18:37:56,170 [trainer.py] => Average Accuracy (CNN top1): 80.768
2026-06-15 18:37:56,171 [zs_clip.py] => Learning on 50-60
2026-06-15 18:38:02,250 [trainer.py] => CNN: {'total': 73.08, '00-09': 70.37, '10-19': 72.76, '20-29': 75.48, '30-39': 66.42, '40-49': 81.5, '50-59': 72.79, 'old': 73.14, 'new': 72.79, 'harmonic': 72.96}
2026-06-15 18:38:02,250 [trainer.py] => CNN top1 curve: [87.21, 81.95, 79.73, 77.67, 77.28, 73.08]
2026-06-15 18:38:02,251 [trainer.py] => CNN top5 curve: [100.0, 99.45, 97.39, 95.53, 95.49, 95.1]
2026-06-15 18:38:02,251 [trainer.py] => CNN top10 curve: [100.0, 100.0, 99.5, 98.6, 98.27, 98.08]
2026-06-15 18:38:02,251 [trainer.py] => Average Accuracy (CNN top1): 79.48666666666666
2026-06-15 18:38:02,254 [zs_clip.py] => Learning on 60-70
2026-06-15 18:38:09,541 [trainer.py] => CNN: {'total': 71.06, '00-09': 68.35, '10-19': 71.54, '20-29': 74.71, '30-39': 64.94, '40-49': 80.71, '50-59': 72.08, '60-69': 66.04, 'old': 71.9, 'new': 66.04, 'harmonic': 68.85}
2026-06-15 18:38:09,541 [trainer.py] => CNN top1 curve: [87.21, 81.95, 79.73, 77.67, 77.28, 73.08, 71.06]
2026-06-15 18:38:09,541 [trainer.py] => CNN top5 curve: [100.0, 99.45, 97.39, 95.53, 95.49, 95.1, 94.41]
2026-06-15 18:38:09,542 [trainer.py] => CNN top10 curve: [100.0, 100.0, 99.5, 98.6, 98.27, 98.08, 97.82]
2026-06-15 18:38:09,542 [trainer.py] => Average Accuracy (CNN top1): 78.28285714285714
2026-06-15 18:38:09,543 [zs_clip.py] => Learning on 70-80
2026-06-15 18:38:18,325 [trainer.py] => CNN: {'total': 70.8, '00-09': 68.01, '10-19': 71.54, '20-29': 74.71, '30-39': 64.58, '40-49': 80.71, '50-59': 71.38, '60-69': 65.67, '70-79': 70.8, 'old': 70.8, 'new': 70.8, 'harmonic': 70.8}
2026-06-15 18:38:18,326 [trainer.py] => CNN top1 curve: [87.21, 81.95, 79.73, 77.67, 77.28, 73.08, 71.06, 70.8]
2026-06-15 18:38:18,326 [trainer.py] => CNN top5 curve: [100.0, 99.45, 97.39, 95.53, 95.49, 95.1, 94.41, 93.13]
2026-06-15 18:38:18,326 [trainer.py] => CNN top10 curve: [100.0, 100.0, 99.5, 98.6, 98.27, 98.08, 97.82, 97.03]
2026-06-15 18:38:18,326 [trainer.py] => Average Accuracy (CNN top1): 77.3475
2026-06-15 18:38:18,327 [zs_clip.py] => Learning on 80-90
2026-06-15 18:38:28,004 [trainer.py] => CNN: {'total': 68.83, '00-09': 60.27, '10-19': 69.11, '20-29': 74.33, '30-39': 62.73, '40-49': 77.17, '50-59': 67.49, '60-69': 63.06, '70-79': 70.07, '80-89': 77.25, 'old': 67.83, 'new': 77.25, 'harmonic': 72.23}
2026-06-15 18:38:28,005 [trainer.py] => CNN top1 curve: [87.21, 81.95, 79.73, 77.67, 77.28, 73.08, 71.06, 70.8, 68.83]
2026-06-15 18:38:28,005 [trainer.py] => CNN top5 curve: [100.0, 99.45, 97.39, 95.53, 95.49, 95.1, 94.41, 93.13, 93.15]
2026-06-15 18:38:28,005 [trainer.py] => CNN top10 curve: [100.0, 100.0, 99.5, 98.6, 98.27, 98.08, 97.82, 97.03, 96.72]
2026-06-15 18:38:28,005 [trainer.py] => Average Accuracy (CNN top1): 76.4011111111111
2026-06-15 18:38:28,006 [zs_clip.py] => Learning on 90-100
2026-06-15 18:38:38,309 [trainer.py] => CNN: {'total': 67.79, '00-09': 60.27, '10-19': 69.11, '20-29': 73.95, '30-39': 61.99, '40-49': 76.38, '50-59': 66.78, '60-69': 61.94, '70-79': 70.07, '80-89': 77.25, '90-99': 61.3, 'old': 68.41, 'new': 61.3, 'harmonic': 64.66}
2026-06-15 18:38:38,310 [trainer.py] => CNN top1 curve: [87.21, 81.95, 79.73, 77.67, 77.28, 73.08, 71.06, 70.8, 68.83, 67.79]
2026-06-15 18:38:38,310 [trainer.py] => CNN top5 curve: [100.0, 99.45, 97.39, 95.53, 95.49, 95.1, 94.41, 93.13, 93.15, 91.66]
2026-06-15 18:38:38,310 [trainer.py] => CNN top10 curve: [100.0, 100.0, 99.5, 98.6, 98.27, 98.08, 97.82, 97.03, 96.72, 95.83]
2026-06-15 18:38:38,310 [trainer.py] => Average Accuracy (CNN top1): 75.53999999999999
