2026-06-15 18:42:38,595 [trainer.py] => config: ./configs/zs_clip/zs_clip_ucf_B50_Inc10.json
2026-06-15 18:42:38,595 [trainer.py] => prefix: -
2026-06-15 18:42:38,595 [trainer.py] => dataset: ucf101
2026-06-15 18:42:38,595 [trainer.py] => memory_size: 0
2026-06-15 18:42:38,595 [trainer.py] => memory_per_class: 0
2026-06-15 18:42:38,595 [trainer.py] => fixed_memory: False
2026-06-15 18:42:38,595 [trainer.py] => shuffle: True
2026-06-15 18:42:38,595 [trainer.py] => init_cls: 50
2026-06-15 18:42:38,595 [trainer.py] => increment: 10
2026-06-15 18:42:38,595 [trainer.py] => model_name: zs_clip
2026-06-15 18:42:38,595 [trainer.py] => backbone_type: clip
2026-06-15 18:42:38,595 [trainer.py] => device: [device(type='cuda', index=6)]
2026-06-15 18:42:38,595 [trainer.py] => seed: 1993
2026-06-15 18:42:38,595 [trainer.py] => total_class_num: 100
2026-06-15 18:42:38,642 [data_manager.py] => [68, 56, 78, 8, 23, 84, 90, 65, 74, 76, 40, 89, 3, 92, 55, 9, 26, 80, 43, 38, 58, 70, 77, 1, 85, 19, 17, 50, 28, 53, 13, 81, 45, 82, 6, 59, 83, 16, 15, 44, 91, 41, 72, 60, 79, 52, 20, 10, 31, 54, 37, 95, 14, 71, 96, 98, 97, 2, 64, 66, 42, 22, 35, 86, 24, 34, 87, 21, 99, 0, 88, 27, 18, 94, 11, 12, 47, 25, 30, 46, 62, 69, 36, 61, 7, 63, 75, 5, 32, 4, 51, 48, 73, 93, 39, 67, 29, 49, 57, 33]
2026-06-15 18:42:38,665 [factory.py] => Loaded ViT-B-16 model config.
2026-06-15 18:42:41,351 [factory.py] => Loading pretrained ViT-B-16 weights (/home/team/zhaohongwei/pretrained_models/open_clip_pytorch_model_laion400m_e32.bin).
2026-06-15 18:42:42,891 [factory.py] => Loaded ViT-B-16 model config.
2026-06-15 18:42:45,316 [factory.py] => Loading pretrained ViT-B-16 weights (/home/team/zhaohongwei/pretrained_models/open_clip_pytorch_model_laion400m_e32.bin).
2026-06-15 18:42:46,351 [zs_clip.py] => Learning on 0-50
2026-06-15 18:42:51,812 [trainer.py] => CNN: {'total': 76.81, '00-09': 75.1, '10-19': 74.62, '20-29': 76.0, '30-39': 66.67, '40-49': 90.51, 'old': 0, 'new': 76.81, 'harmonic': 0.0}
2026-06-15 18:42:51,812 [trainer.py] => CNN top1 curve: [76.81]
2026-06-15 18:42:51,812 [trainer.py] => CNN top5 curve: [95.19]
2026-06-15 18:42:51,812 [trainer.py] => CNN top10 curve: [97.86]
2026-06-15 18:42:51,812 [trainer.py] => Average Accuracy (CNN top1): 76.81
2026-06-15 18:42:51,814 [zs_clip.py] => Learning on 50-60
2026-06-15 18:42:57,939 [trainer.py] => CNN: {'total': 73.39, '00-09': 64.82, '10-19': 74.23, '20-29': 74.18, '30-39': 65.46, '40-49': 90.15, '50-59': 69.71, 'old': 74.07, 'new': 69.71, 'harmonic': 71.82}
2026-06-15 18:42:57,939 [trainer.py] => CNN top1 curve: [76.81, 73.39]
2026-06-15 18:42:57,939 [trainer.py] => CNN top5 curve: [95.19, 94.07]
2026-06-15 18:42:57,939 [trainer.py] => CNN top10 curve: [97.86, 97.1]
2026-06-15 18:42:57,939 [trainer.py] => Average Accuracy (CNN top1): 75.1
2026-06-15 18:42:57,940 [zs_clip.py] => Learning on 60-70
2026-06-15 18:43:04,970 [trainer.py] => CNN: {'total': 71.74, '00-09': 63.64, '10-19': 72.31, '20-29': 68.73, '30-39': 63.45, '40-49': 89.42, '50-59': 68.46, '60-69': 74.45, 'old': 71.26, 'new': 74.45, 'harmonic': 72.82}
2026-06-15 18:43:04,970 [trainer.py] => CNN top1 curve: [76.81, 73.39, 71.74]
2026-06-15 18:43:04,970 [trainer.py] => CNN top5 curve: [95.19, 94.07, 93.92]
2026-06-15 18:43:04,970 [trainer.py] => CNN top10 curve: [97.86, 97.1, 96.99]
2026-06-15 18:43:04,970 [trainer.py] => Average Accuracy (CNN top1): 73.98
2026-06-15 18:43:04,972 [zs_clip.py] => Learning on 70-80
2026-06-15 18:43:12,904 [trainer.py] => CNN: {'total': 70.04, '00-09': 62.85, '10-19': 71.54, '20-29': 67.64, '30-39': 61.45, '40-49': 84.31, '50-59': 67.63, '60-69': 72.63, '70-79': 70.77, 'old': 69.93, 'new': 70.77, 'harmonic': 70.35}
2026-06-15 18:43:12,904 [trainer.py] => CNN top1 curve: [76.81, 73.39, 71.74, 70.04]
2026-06-15 18:43:12,904 [trainer.py] => CNN top5 curve: [95.19, 94.07, 93.92, 92.67]
2026-06-15 18:43:12,905 [trainer.py] => CNN top10 curve: [97.86, 97.1, 96.99, 96.69]
2026-06-15 18:43:12,905 [trainer.py] => Average Accuracy (CNN top1): 72.995
2026-06-15 18:43:12,906 [zs_clip.py] => Learning on 80-90
2026-06-15 18:43:22,346 [trainer.py] => CNN: {'total': 70.32, '00-09': 61.66, '10-19': 71.54, '20-29': 67.27, '30-39': 61.45, '40-49': 83.21, '50-59': 62.24, '60-69': 71.9, '70-79': 70.38, '80-89': 80.07, 'old': 68.94, 'new': 80.07, 'harmonic': 74.09}
2026-06-15 18:43:22,347 [trainer.py] => CNN top1 curve: [76.81, 73.39, 71.74, 70.04, 70.32]
2026-06-15 18:43:22,347 [trainer.py] => CNN top5 curve: [95.19, 94.07, 93.92, 92.67, 93.07]
2026-06-15 18:43:22,347 [trainer.py] => CNN top10 curve: [97.86, 97.1, 96.99, 96.69, 96.73]
2026-06-15 18:43:22,347 [trainer.py] => Average Accuracy (CNN top1): 72.46000000000001
2026-06-15 18:43:22,350 [zs_clip.py] => Learning on 90-100
2026-06-15 18:43:32,902 [trainer.py] => CNN: {'total': 67.79, '00-09': 59.68, '10-19': 66.15, '20-29': 66.18, '30-39': 61.04, '40-49': 82.85, '50-59': 60.17, '60-69': 71.9, '70-79': 69.23, '80-89': 79.39, '90-99': 57.59, 'old': 68.89, 'new': 57.59, 'harmonic': 62.74}
2026-06-15 18:43:32,902 [trainer.py] => CNN top1 curve: [76.81, 73.39, 71.74, 70.04, 70.32, 67.79]
2026-06-15 18:43:32,902 [trainer.py] => CNN top5 curve: [95.19, 94.07, 93.92, 92.67, 93.07, 91.66]
2026-06-15 18:43:32,902 [trainer.py] => CNN top10 curve: [97.86, 97.1, 96.99, 96.69, 96.73, 95.83]
2026-06-15 18:43:32,903 [trainer.py] => Average Accuracy (CNN top1): 71.68166666666667
