2026-06-15 18:40:53,445 [trainer.py] => config: ./configs/zs_clip/zs_clip_ucf_B50_Inc10.json
2026-06-15 18:40:53,446 [trainer.py] => prefix: -
2026-06-15 18:40:53,446 [trainer.py] => dataset: ucf101
2026-06-15 18:40:53,446 [trainer.py] => memory_size: 0
2026-06-15 18:40:53,446 [trainer.py] => memory_per_class: 0
2026-06-15 18:40:53,446 [trainer.py] => fixed_memory: False
2026-06-15 18:40:53,446 [trainer.py] => shuffle: True
2026-06-15 18:40:53,446 [trainer.py] => init_cls: 50
2026-06-15 18:40:53,446 [trainer.py] => increment: 10
2026-06-15 18:40:53,446 [trainer.py] => model_name: zs_clip
2026-06-15 18:40:53,446 [trainer.py] => backbone_type: clip
2026-06-15 18:40:53,446 [trainer.py] => device: [device(type='cuda', index=6)]
2026-06-15 18:40:53,446 [trainer.py] => seed: 0
2026-06-15 18:40:53,446 [trainer.py] => total_class_num: 100
2026-06-15 18:40:53,559 [data_manager.py] => [26, 86, 2, 55, 75, 93, 16, 73, 54, 95, 53, 92, 78, 13, 7, 30, 22, 24, 33, 8, 43, 62, 3, 71, 45, 48, 6, 99, 82, 76, 60, 80, 90, 68, 51, 27, 18, 56, 63, 74, 1, 61, 42, 41, 4, 15, 17, 40, 38, 5, 91, 59, 0, 34, 28, 50, 11, 35, 23, 52, 10, 31, 66, 57, 79, 85, 32, 84, 14, 89, 19, 29, 49, 97, 98, 69, 20, 94, 72, 77, 25, 37, 81, 46, 39, 65, 58, 12, 88, 70, 87, 36, 21, 83, 9, 96, 67, 64, 47, 44]
2026-06-15 18:40:55,015 [instantiator.py] => Created a temporary directory at /tmp/tmpxzvsilkd
2026-06-15 18:40:55,019 [instantiator.py] => Writing /tmp/tmpxzvsilkd/_remote_module_non_scriptable.py
2026-06-15 18:40:55,211 [factory.py] => Loaded ViT-B-16 model config.
2026-06-15 18:40:57,288 [factory.py] => Loading pretrained ViT-B-16 weights (/home/team/zhaohongwei/pretrained_models/open_clip_pytorch_model_laion400m_e32.bin).
2026-06-15 18:40:58,213 [factory.py] => Loaded ViT-B-16 model config.
2026-06-15 18:41:00,156 [factory.py] => Loading pretrained ViT-B-16 weights (/home/team/zhaohongwei/pretrained_models/open_clip_pytorch_model_laion400m_e32.bin).
2026-06-15 18:41:01,207 [zs_clip.py] => Learning on 0-50
2026-06-15 18:41:06,863 [trainer.py] => CNN: {'total': 76.37, '00-09': 64.48, '10-19': 75.68, '20-29': 91.58, '30-39': 73.21, '40-49': 75.76, 'old': 0, 'new': 76.37, 'harmonic': 0.0}
2026-06-15 18:41:06,864 [trainer.py] => CNN top1 curve: [76.37]
2026-06-15 18:41:06,864 [trainer.py] => CNN top5 curve: [96.65]
2026-06-15 18:41:06,864 [trainer.py] => CNN top10 curve: [98.86]
2026-06-15 18:41:06,864 [trainer.py] => Average Accuracy (CNN top1): 76.37
2026-06-15 18:41:06,866 [zs_clip.py] => Learning on 50-60
2026-06-15 18:41:13,069 [trainer.py] => CNN: {'total': 72.97, '00-09': 63.71, '10-19': 61.78, '20-29': 90.11, '30-39': 72.77, '40-49': 73.06, '50-59': 75.27, 'old': 72.48, 'new': 75.27, 'harmonic': 73.85}
2026-06-15 18:41:13,070 [trainer.py] => CNN top1 curve: [76.37, 72.97]
2026-06-15 18:41:13,070 [trainer.py] => CNN top5 curve: [96.65, 95.47]
2026-06-15 18:41:13,070 [trainer.py] => CNN top10 curve: [98.86, 98.43]
2026-06-15 18:41:13,070 [trainer.py] => Average Accuracy (CNN top1): 74.67
2026-06-15 18:41:13,073 [zs_clip.py] => Learning on 60-70
2026-06-15 18:41:19,793 [trainer.py] => CNN: {'total': 71.71, '00-09': 62.93, '10-19': 61.0, '20-29': 89.01, '30-39': 68.75, '40-49': 73.06, '50-59': 74.55, '60-69': 70.85, 'old': 71.84, 'new': 70.85, 'harmonic': 71.34}
2026-06-15 18:41:19,793 [trainer.py] => CNN top1 curve: [76.37, 72.97, 71.71]
2026-06-15 18:41:19,793 [trainer.py] => CNN top5 curve: [96.65, 95.47, 93.91]
2026-06-15 18:41:19,793 [trainer.py] => CNN top10 curve: [98.86, 98.43, 97.39]
2026-06-15 18:41:19,793 [trainer.py] => Average Accuracy (CNN top1): 73.68333333333334
2026-06-15 18:41:19,795 [zs_clip.py] => Learning on 70-80
2026-06-15 18:41:27,799 [trainer.py] => CNN: {'total': 71.24, '00-09': 62.93, '10-19': 60.62, '20-29': 82.78, '30-39': 63.39, '40-49': 71.72, '50-59': 74.19, '60-69': 70.45, '70-79': 82.26, 'old': 69.75, 'new': 82.26, 'harmonic': 75.49}
2026-06-15 18:41:27,799 [trainer.py] => CNN top1 curve: [76.37, 72.97, 71.71, 71.24]
2026-06-15 18:41:27,799 [trainer.py] => CNN top5 curve: [96.65, 95.47, 93.91, 93.67]
2026-06-15 18:41:27,799 [trainer.py] => CNN top10 curve: [98.86, 98.43, 97.39, 97.03]
2026-06-15 18:41:27,799 [trainer.py] => Average Accuracy (CNN top1): 73.0725
2026-06-15 18:41:27,801 [zs_clip.py] => Learning on 80-90
2026-06-15 18:41:36,628 [trainer.py] => CNN: {'total': 69.86, '00-09': 61.0, '10-19': 57.53, '20-29': 80.95, '30-39': 61.16, '40-49': 71.38, '50-59': 73.48, '60-69': 70.04, '70-79': 80.24, '80-89': 71.06, 'old': 69.7, 'new': 71.06, 'harmonic': 70.37}
2026-06-15 18:41:36,628 [trainer.py] => CNN top1 curve: [76.37, 72.97, 71.71, 71.24, 69.86]
2026-06-15 18:41:36,628 [trainer.py] => CNN top5 curve: [96.65, 95.47, 93.91, 93.67, 93.13]
2026-06-15 18:41:36,628 [trainer.py] => CNN top10 curve: [98.86, 98.43, 97.39, 97.03, 96.23]
2026-06-15 18:41:36,628 [trainer.py] => Average Accuracy (CNN top1): 72.43
2026-06-15 18:41:36,629 [zs_clip.py] => Learning on 90-100
2026-06-15 18:41:46,609 [trainer.py] => CNN: {'total': 67.79, '00-09': 59.07, '10-19': 55.21, '20-29': 78.75, '30-39': 59.82, '40-49': 70.71, '50-59': 68.82, '60-69': 69.64, '70-79': 79.84, '80-89': 65.57, '90-99': 68.93, 'old': 67.66, 'new': 68.93, 'harmonic': 68.29}
2026-06-15 18:41:46,610 [trainer.py] => CNN top1 curve: [76.37, 72.97, 71.71, 71.24, 69.86, 67.79]
2026-06-15 18:41:46,610 [trainer.py] => CNN top5 curve: [96.65, 95.47, 93.91, 93.67, 93.13, 91.66]
2026-06-15 18:41:46,610 [trainer.py] => CNN top10 curve: [98.86, 98.43, 97.39, 97.03, 96.23, 95.83]
2026-06-15 18:41:46,610 [trainer.py] => Average Accuracy (CNN top1): 71.65666666666668
