2026-06-15 18:36:31,580 [trainer.py] => config: ./configs/zs_clip/zs_clip_ucf_B0_Inc10.json
2026-06-15 18:36:31,580 [trainer.py] => prefix: -
2026-06-15 18:36:31,580 [trainer.py] => dataset: ucf101
2026-06-15 18:36:31,580 [trainer.py] => memory_size: 0
2026-06-15 18:36:31,580 [trainer.py] => memory_per_class: 0
2026-06-15 18:36:31,580 [trainer.py] => fixed_memory: False
2026-06-15 18:36:31,580 [trainer.py] => shuffle: True
2026-06-15 18:36:31,580 [trainer.py] => init_cls: 10
2026-06-15 18:36:31,580 [trainer.py] => increment: 10
2026-06-15 18:36:31,580 [trainer.py] => model_name: zs_clip
2026-06-15 18:36:31,580 [trainer.py] => backbone_type: clip
2026-06-15 18:36:31,580 [trainer.py] => device: [device(type='cuda', index=6)]
2026-06-15 18:36:31,580 [trainer.py] => seed: 0
2026-06-15 18:36:31,580 [trainer.py] => total_class_num: 100
2026-06-15 18:36:31,691 [data_manager.py] => [26, 86, 2, 55, 75, 93, 16, 73, 54, 95, 53, 92, 78, 13, 7, 30, 22, 24, 33, 8, 43, 62, 3, 71, 45, 48, 6, 99, 82, 76, 60, 80, 90, 68, 51, 27, 18, 56, 63, 74, 1, 61, 42, 41, 4, 15, 17, 40, 38, 5, 91, 59, 0, 34, 28, 50, 11, 35, 23, 52, 10, 31, 66, 57, 79, 85, 32, 84, 14, 89, 19, 29, 49, 97, 98, 69, 20, 94, 72, 77, 25, 37, 81, 46, 39, 65, 58, 12, 88, 70, 87, 36, 21, 83, 9, 96, 67, 64, 47, 44]
2026-06-15 18:36:32,975 [instantiator.py] => Created a temporary directory at /tmp/tmp5cv1984l
2026-06-15 18:36:32,975 [instantiator.py] => Writing /tmp/tmp5cv1984l/_remote_module_non_scriptable.py
2026-06-15 18:36:33,153 [factory.py] => Loaded ViT-B-16 model config.
2026-06-15 18:36:34,721 [factory.py] => Loading pretrained ViT-B-16 weights (/home/team/zhaohongwei/pretrained_models/open_clip_pytorch_model_laion400m_e32.bin).
2026-06-15 18:36:35,213 [factory.py] => Loaded ViT-B-16 model config.
2026-06-15 18:36:36,707 [factory.py] => Loading pretrained ViT-B-16 weights (/home/team/zhaohongwei/pretrained_models/open_clip_pytorch_model_laion400m_e32.bin).
2026-06-15 18:36:37,743 [zs_clip.py] => Learning on 0-10
2026-06-15 18:36:39,626 [trainer.py] => CNN: {'total': 91.51, '00-09': 91.51, 'old': 0, 'new': 91.51, 'harmonic': 0.0}
2026-06-15 18:36:39,626 [trainer.py] => CNN top1 curve: [91.51]
2026-06-15 18:36:39,627 [trainer.py] => CNN top5 curve: [100.0]
2026-06-15 18:36:39,627 [trainer.py] => CNN top10 curve: [100.0]
2026-06-15 18:36:39,627 [trainer.py] => Average Accuracy (CNN top1): 91.51
2026-06-15 18:36:39,628 [zs_clip.py] => Learning on 10-20
2026-06-15 18:36:41,857 [trainer.py] => CNN: {'total': 77.8, '00-09': 77.61, '10-19': 77.99, 'old': 77.61, 'new': 77.99, 'harmonic': 77.8}
2026-06-15 18:36:41,857 [trainer.py] => CNN top1 curve: [91.51, 77.8]
2026-06-15 18:36:41,858 [trainer.py] => CNN top5 curve: [100.0, 99.03]
2026-06-15 18:36:41,858 [trainer.py] => CNN top10 curve: [100.0, 100.0]
2026-06-15 18:36:41,858 [trainer.py] => Average Accuracy (CNN top1): 84.655
2026-06-15 18:36:41,860 [zs_clip.py] => Learning on 20-30
2026-06-15 18:36:45,060 [trainer.py] => CNN: {'total': 82.05, '00-09': 75.29, '10-19': 77.61, '20-29': 92.67, 'old': 76.45, 'new': 92.67, 'harmonic': 83.78}
2026-06-15 18:36:45,061 [trainer.py] => CNN top1 curve: [91.51, 77.8, 82.05]
2026-06-15 18:36:45,061 [trainer.py] => CNN top5 curve: [100.0, 99.03, 98.23]
2026-06-15 18:36:45,061 [trainer.py] => CNN top10 curve: [100.0, 100.0, 99.87]
2026-06-15 18:36:45,061 [trainer.py] => Average Accuracy (CNN top1): 83.78666666666668
2026-06-15 18:36:45,063 [zs_clip.py] => Learning on 30-40
2026-06-15 18:36:48,959 [trainer.py] => CNN: {'total': 79.61, '00-09': 73.75, '10-19': 76.83, '20-29': 91.94, '30-39': 74.55, 'old': 81.04, 'new': 74.55, 'harmonic': 77.66}
2026-06-15 18:36:48,960 [trainer.py] => CNN top1 curve: [91.51, 77.8, 82.05, 79.61]
2026-06-15 18:36:48,960 [trainer.py] => CNN top5 curve: [100.0, 99.03, 98.23, 97.14]
2026-06-15 18:36:48,960 [trainer.py] => CNN top10 curve: [100.0, 100.0, 99.87, 98.92]
2026-06-15 18:36:48,960 [trainer.py] => Average Accuracy (CNN top1): 82.7425
2026-06-15 18:36:48,961 [zs_clip.py] => Learning on 40-50
2026-06-15 18:36:53,882 [trainer.py] => CNN: {'total': 76.37, '00-09': 64.48, '10-19': 75.68, '20-29': 91.58, '30-39': 73.21, '40-49': 75.76, 'old': 76.55, 'new': 75.76, 'harmonic': 76.15}
2026-06-15 18:36:53,882 [trainer.py] => CNN top1 curve: [91.51, 77.8, 82.05, 79.61, 76.37]
2026-06-15 18:36:53,883 [trainer.py] => CNN top5 curve: [100.0, 99.03, 98.23, 97.14, 96.65]
2026-06-15 18:36:53,883 [trainer.py] => CNN top10 curve: [100.0, 100.0, 99.87, 98.92, 98.86]
2026-06-15 18:36:53,883 [trainer.py] => Average Accuracy (CNN top1): 81.468
2026-06-15 18:36:53,885 [zs_clip.py] => Learning on 50-60
2026-06-15 18:36:59,751 [trainer.py] => CNN: {'total': 72.97, '00-09': 63.71, '10-19': 61.78, '20-29': 90.11, '30-39': 72.77, '40-49': 73.06, '50-59': 75.27, 'old': 72.48, 'new': 75.27, 'harmonic': 73.85}
2026-06-15 18:36:59,751 [trainer.py] => CNN top1 curve: [91.51, 77.8, 82.05, 79.61, 76.37, 72.97]
2026-06-15 18:36:59,752 [trainer.py] => CNN top5 curve: [100.0, 99.03, 98.23, 97.14, 96.65, 95.47]
2026-06-15 18:36:59,752 [trainer.py] => CNN top10 curve: [100.0, 100.0, 99.87, 98.92, 98.86, 98.43]
2026-06-15 18:36:59,752 [trainer.py] => Average Accuracy (CNN top1): 80.05166666666668
2026-06-15 18:36:59,754 [zs_clip.py] => Learning on 60-70
2026-06-15 18:37:06,445 [trainer.py] => CNN: {'total': 71.71, '00-09': 62.93, '10-19': 61.0, '20-29': 89.01, '30-39': 68.75, '40-49': 73.06, '50-59': 74.55, '60-69': 70.85, 'old': 71.84, 'new': 70.85, 'harmonic': 71.34}
2026-06-15 18:37:06,446 [trainer.py] => CNN top1 curve: [91.51, 77.8, 82.05, 79.61, 76.37, 72.97, 71.71]
2026-06-15 18:37:06,446 [trainer.py] => CNN top5 curve: [100.0, 99.03, 98.23, 97.14, 96.65, 95.47, 93.91]
2026-06-15 18:37:06,446 [trainer.py] => CNN top10 curve: [100.0, 100.0, 99.87, 98.92, 98.86, 98.43, 97.39]
2026-06-15 18:37:06,446 [trainer.py] => Average Accuracy (CNN top1): 78.86000000000001
2026-06-15 18:37:06,448 [zs_clip.py] => Learning on 70-80
2026-06-15 18:37:14,090 [trainer.py] => CNN: {'total': 71.24, '00-09': 62.93, '10-19': 60.62, '20-29': 82.78, '30-39': 63.39, '40-49': 71.72, '50-59': 74.19, '60-69': 70.45, '70-79': 82.26, 'old': 69.75, 'new': 82.26, 'harmonic': 75.49}
2026-06-15 18:37:14,091 [trainer.py] => CNN top1 curve: [91.51, 77.8, 82.05, 79.61, 76.37, 72.97, 71.71, 71.24]
2026-06-15 18:37:14,091 [trainer.py] => CNN top5 curve: [100.0, 99.03, 98.23, 97.14, 96.65, 95.47, 93.91, 93.67]
2026-06-15 18:37:14,091 [trainer.py] => CNN top10 curve: [100.0, 100.0, 99.87, 98.92, 98.86, 98.43, 97.39, 97.03]
2026-06-15 18:37:14,091 [trainer.py] => Average Accuracy (CNN top1): 77.90750000000001
2026-06-15 18:37:14,093 [zs_clip.py] => Learning on 80-90
2026-06-15 18:37:23,103 [trainer.py] => CNN: {'total': 69.86, '00-09': 61.0, '10-19': 57.53, '20-29': 80.95, '30-39': 61.16, '40-49': 71.38, '50-59': 73.48, '60-69': 70.04, '70-79': 80.24, '80-89': 71.06, 'old': 69.7, 'new': 71.06, 'harmonic': 70.37}
2026-06-15 18:37:23,104 [trainer.py] => CNN top1 curve: [91.51, 77.8, 82.05, 79.61, 76.37, 72.97, 71.71, 71.24, 69.86]
2026-06-15 18:37:23,104 [trainer.py] => CNN top5 curve: [100.0, 99.03, 98.23, 97.14, 96.65, 95.47, 93.91, 93.67, 93.13]
2026-06-15 18:37:23,104 [trainer.py] => CNN top10 curve: [100.0, 100.0, 99.87, 98.92, 98.86, 98.43, 97.39, 97.03, 96.23]
2026-06-15 18:37:23,104 [trainer.py] => Average Accuracy (CNN top1): 77.01333333333335
2026-06-15 18:37:23,107 [zs_clip.py] => Learning on 90-100
2026-06-15 18:37:33,368 [trainer.py] => CNN: {'total': 67.79, '00-09': 59.07, '10-19': 55.21, '20-29': 78.75, '30-39': 59.82, '40-49': 70.71, '50-59': 68.82, '60-69': 69.64, '70-79': 79.84, '80-89': 65.57, '90-99': 68.93, 'old': 67.66, 'new': 68.93, 'harmonic': 68.29}
2026-06-15 18:37:33,368 [trainer.py] => CNN top1 curve: [91.51, 77.8, 82.05, 79.61, 76.37, 72.97, 71.71, 71.24, 69.86, 67.79]
2026-06-15 18:37:33,368 [trainer.py] => CNN top5 curve: [100.0, 99.03, 98.23, 97.14, 96.65, 95.47, 93.91, 93.67, 93.13, 91.66]
2026-06-15 18:37:33,368 [trainer.py] => CNN top10 curve: [100.0, 100.0, 99.87, 98.92, 98.86, 98.43, 97.39, 97.03, 96.23, 95.83]
2026-06-15 18:37:33,368 [trainer.py] => Average Accuracy (CNN top1): 76.09100000000001
