2026-07-31 20:42:00,119 [trainer.py] => config: configs/zs_clip/zs_clip_aircraft_B0_Inc10.json
2026-07-31 20:42:00,119 [trainer.py] => prefix: -
2026-07-31 20:42:00,120 [trainer.py] => dataset: aircraft
2026-07-31 20:42:00,120 [trainer.py] => memory_size: 0
2026-07-31 20:42:00,120 [trainer.py] => memory_per_class: 0
2026-07-31 20:42:00,120 [trainer.py] => fixed_memory: False
2026-07-31 20:42:00,120 [trainer.py] => shuffle: True
2026-07-31 20:42:00,120 [trainer.py] => init_cls: 10
2026-07-31 20:42:00,120 [trainer.py] => increment: 10
2026-07-31 20:42:00,121 [trainer.py] => model_name: zs_clip
2026-07-31 20:42:00,121 [trainer.py] => backbone_type: clip
2026-07-31 20:42:00,121 [trainer.py] => device: [device(type='cuda', index=2)]
2026-07-31 20:42:00,121 [trainer.py] => seed: 1993
2026-07-31 20:42:00,121 [trainer.py] => total_class_num: 100
['707-320', '727-200', '737-200', '737-300', '737-400', '737-500', '737-600', '737-700', '737-800', '737-900', '747-100', '747-200', '747-300', '747-400', '757-200', '757-300', '767-200', '767-300', '767-400', '777-200', '777-300', 'A300B4', 'A310', 'A318', 'A319', 'A320', 'A321', 'A330-200', 'A330-300', 'A340-200', 'A340-300', 'A340-500', 'A340-600', 'A380', 'ATR-42', 'ATR-72', 'An-12', 'BAE 146-200', 'BAE 146-300', 'BAE-125', 'Beechcraft 1900', 'Boeing 717', 'C-130', 'C-47', 'CRJ-200', 'CRJ-700', 'CRJ-900', 'Cessna 172', 'Cessna 208', 'Cessna 525', 'Cessna 560', 'Challenger 600', 'DC-10', 'DC-3', 'DC-6', 'DC-8', 'DC-9-30', 'DH-82', 'DHC-1', 'DHC-6', 'DHC-8-100', 'DHC-8-300', 'DR-400', 'Dornier 328', 'E-170', 'E-190', 'E-195', 'EMB-120', 'ERJ 135', 'ERJ 145', 'Embraer Legacy 600', 'Eurofighter Typhoon', 'F-16A/B', 'F/A-18', 'Falcon 2000', 'Falcon 900', 'Fokker 100', 'Fokker 50', 'Fokker 70', 'Global Express', 'Gulfstream IV', 'Gulfstream V', 'Hawk T1', 'Il-76', 'L-1011', 'MD-11', 'MD-80', 'MD-87', 'MD-90', 'Metroliner', 'Model B200', 'PA-28', 'SR-20', 'Saab 2000', 'Saab 340', 'Spitfire', 'Tornado', 'Tu-134', 'Tu-154', 'Yak-42']
['a photo of a {}, a type of aircraft.', 'a photo of the {}, a type of aircraft.']
{'707-320': 0, '727-200': 1, '737-200': 2, '737-300': 3, '737-400': 4, '737-500': 5, '737-600': 6, '737-700': 7, '737-800': 8, '737-900': 9, '747-100': 10, '747-200': 11, '747-300': 12, '747-400': 13, '757-200': 14, '757-300': 15, '767-200': 16, '767-300': 17, '767-400': 18, '777-200': 19, '777-300': 20, 'A300B4': 21, 'A310': 22, 'A318': 23, 'A319': 24, 'A320': 25, 'A321': 26, 'A330-200': 27, 'A330-300': 28, 'A340-200': 29, 'A340-300': 30, 'A340-500': 31, 'A340-600': 32, 'A380': 33, 'ATR-42': 34, 'ATR-72': 35, 'An-12': 36, 'BAE-125': 37, 'BAE-146-200': 38, 'BAE-146-300': 39, 'Beechcraft-1900': 40, 'Boeing-717': 41, 'C-130': 42, 'C-47': 43, 'CRJ-200': 44, 'CRJ-700': 45, 'CRJ-900': 46, 'Cessna-172': 47, 'Cessna-208': 48, 'Cessna-525': 49, 'Cessna-560': 50, 'Challenger-600': 51, 'DC-10': 52, 'DC-3': 53, 'DC-6': 54, 'DC-8': 55, 'DC-9-30': 56, 'DH-82': 57, 'DHC-1': 58, 'DHC-6': 59, 'DHC-8-100': 60, 'DHC-8-300': 61, 'DR-400': 62, 'Dornier-328': 63, 'E-170': 64, 'E-190': 65, 'E-195': 66, 'EMB-120': 67, 'ERJ-135': 68, 'ERJ-145': 69, 'Embraer-Legacy-600': 70, 'Eurofighter-Typhoon': 71, 'F': 72, 'F-16A': 73, 'Falcon-2000': 74, 'Falcon-900': 75, 'Fokker-100': 76, 'Fokker-50': 77, 'Fokker-70': 78, 'Global-Express': 79, 'Gulfstream-IV': 80, 'Gulfstream-V': 81, 'Hawk-T1': 82, 'Il-76': 83, 'L-1011': 84, 'MD-11': 85, 'MD-80': 86, 'MD-87': 87, 'MD-90': 88, 'Metroliner': 89, 'Model-B200': 90, 'PA-28': 91, 'SR-20': 92, 'Saab-2000': 93, 'Saab-340': 94, 'Spitfire': 95, 'Tornado': 96, 'Tu-134': 97, 'Tu-154': 98, 'Yak-42': 99}
2026-07-31 20:42:00,396 [data_manager.py] => [68, 56, 78, 8, 23, 84, 90, 65, 74, 76, 40, 89, 3, 92, 55, 9, 26, 80, 43, 38, 58, 70, 77, 1, 85, 19, 17, 50, 28, 53, 13, 81, 45, 82, 6, 59, 83, 16, 15, 44, 91, 41, 72, 60, 79, 52, 20, 10, 31, 54, 37, 95, 14, 71, 96, 98, 97, 2, 64, 66, 42, 22, 35, 86, 24, 34, 87, 21, 99, 0, 88, 27, 18, 94, 11, 12, 47, 25, 30, 46, 62, 69, 36, 61, 7, 63, 75, 5, 32, 4, 51, 48, 73, 93, 39, 67, 29, 49, 57, 33]
After shuffle, class_to_label is:  ['ERJ 135', 'DC-9-30', 'Fokker 70', '737-800', 'A318', 'L-1011', 'Model B200', 'E-190', 'Falcon 2000', 'Fokker 100', 'Beechcraft 1900', 'Metroliner', '737-300', 'SR-20', 'DC-8', '737-900', 'A321', 'Gulfstream IV', 'C-47', 'BAE 146-300', 'DHC-1', 'Embraer Legacy 600', 'Fokker 50', '727-200', 'MD-11', '777-200', '767-300', 'Cessna 560', 'A330-300', 'DC-3', '747-400', 'Gulfstream V', 'CRJ-700', 'Hawk T1', '737-600', 'DHC-6', 'Il-76', '767-200', '757-300', 'CRJ-200', 'PA-28', 'Boeing 717', 'F-16A/B', 'DHC-8-100', 'Global Express', 'DC-10', '777-300', '747-100', 'A340-500', 'DC-6', 'BAE 146-200', 'Spitfire', '757-200', 'Eurofighter Typhoon', 'Tornado', 'Tu-154', 'Tu-134', '737-200', 'E-170', 'E-195', 'C-130', 'A310', 'ATR-72', 'MD-80', 'A319', 'ATR-42', 'MD-87', 'A300B4', 'Yak-42', '707-320', 'MD-90', 'A330-200', '767-400', 'Saab 340', '747-200', '747-300', 'Cessna 172', 'A320', 'A340-300', 'CRJ-900', 'DR-400', 'ERJ 145', 'An-12', 'DHC-8-300', '737-700', 'Dornier 328', 'Falcon 900', '737-500', 'A340-600', '737-400', 'Challenger 600', 'Cessna 208', 'F/A-18', 'Saab 2000', 'BAE-125', 'EMB-120', 'A340-200', 'Cessna 525', 'DH-82', 'A380']
Training class stages: [10, 10, 10, 10, 10, 10, 10, 10, 10, 10]
Using CLIP model as the backbone
2026-07-31 20:42:15,795 [instantiator.py] => Created a temporary directory at /tmp/tmpsipdz1ka
2026-07-31 20:42:15,796 [instantiator.py] => Writing /tmp/tmpsipdz1ka/_remote_module_non_scriptable.py
2026-07-31 20:42:17,694 [factory.py] => Loaded ViT-B-16 model config.
2026-07-31 20:42:19,033 [factory.py] => Loading pretrained ViT-B-16 weights (/public/home/hanlida/Dr.1/pretrained_models/open_clip_pytorch_model_laion400m_e32.bin).
/public/home/hanlida/ld/envs/mmcl/lib/python3.10/site-packages/torch/_utils.py:776: UserWarning: TypedStorage is deprecated. It will be removed in the future and UntypedStorage will be the only storage class. This should only matter to you if you are using storages directly.  To access UntypedStorage directly, use tensor.untyped_storage() instead of tensor.storage()
  return self.fget.__get__(instance, owner)()
Using CLIP model as the backbone
2026-07-31 20:42:21,645 [factory.py] => Loaded ViT-B-16 model config.
2026-07-31 20:42:22,802 [factory.py] => Loading pretrained ViT-B-16 weights (/public/home/hanlida/Dr.1/pretrained_models/open_clip_pytorch_model_laion400m_e32.bin).
batch_size not in args, set to 48  as default
init_lr not in args, set to 0.01  as default
weight_decay not in args, set to 0.0005  as default
min_lr not in args, set to 1e-08  as default
2026-07-31 20:42:25,208 [zs_clip.py] => Learning on 0-10
/public/home/hanlida/ld/envs/mmcl/lib/python3.10/site-packages/torch/nn/modules/activation.py:1160: UserWarning: Converting mask without torch.bool dtype to bool; this will negatively affect performance. Prefer to use a boolean mask directly. (Triggered internally at ../aten/src/ATen/native/transformers/attention.cpp:150.)
  return torch._native_multi_head_attention(
2026-07-31 20:42:29,056 [trainer.py] => CNN: {'total': 43.75, '00-09': 43.75, 'old': 0, 'new': 43.75, 'harmonic': 0.0}
2026-07-31 20:42:29,057 [trainer.py] => CNN top1 curve: [43.75]
2026-07-31 20:42:29,057 [trainer.py] => CNN top5 curve: [76.79]
2026-07-31 20:42:29,057 [trainer.py] => CNN top10 curve: [100.0]
2026-07-31 20:42:29,057 [trainer.py] => Average Accuracy (CNN top1): 43.75
2026-07-31 20:42:29,059 [zs_clip.py] => Learning on 10-20
2026-07-31 20:42:32,254 [trainer.py] => CNN: {'total': 33.13, '00-09': 26.79, '10-19': 39.52, 'old': 26.79, 'new': 39.52, 'harmonic': 31.93}
2026-07-31 20:42:32,254 [trainer.py] => CNN top1 curve: [43.75, 33.13]
2026-07-31 20:42:32,254 [trainer.py] => CNN top5 curve: [76.79, 74.33]
2026-07-31 20:42:32,254 [trainer.py] => CNN top10 curve: [100.0, 88.81]
2026-07-31 20:42:32,254 [trainer.py] => Average Accuracy (CNN top1): 38.44
2026-07-31 20:42:32,256 [zs_clip.py] => Learning on 20-30
2026-07-31 20:42:36,322 [trainer.py] => CNN: {'total': 31.47, '00-09': 24.4, '10-19': 32.04, '20-29': 38.02, 'old': 28.21, 'new': 38.02, 'harmonic': 32.39}
2026-07-31 20:42:36,323 [trainer.py] => CNN top1 curve: [43.75, 33.13, 31.47]
2026-07-31 20:42:36,323 [trainer.py] => CNN top5 curve: [76.79, 74.33, 71.02]
2026-07-31 20:42:36,323 [trainer.py] => CNN top10 curve: [100.0, 88.81, 86.35]
2026-07-31 20:42:36,323 [trainer.py] => Average Accuracy (CNN top1): 36.11666666666667
2026-07-31 20:42:36,326 [zs_clip.py] => Learning on 30-40
2026-07-31 20:42:41,071 [trainer.py] => CNN: {'total': 27.82, '00-09': 19.64, '10-19': 22.46, '20-29': 34.13, '30-39': 35.14, 'old': 25.4, 'new': 35.14, 'harmonic': 29.49}
2026-07-31 20:42:41,072 [trainer.py] => CNN top1 curve: [43.75, 33.13, 31.47, 27.82]
2026-07-31 20:42:41,072 [trainer.py] => CNN top5 curve: [76.79, 74.33, 71.02, 67.09]
2026-07-31 20:42:41,072 [trainer.py] => CNN top10 curve: [100.0, 88.81, 86.35, 84.74]
2026-07-31 20:42:41,072 [trainer.py] => Average Accuracy (CNN top1): 34.0425
2026-07-31 20:42:41,074 [zs_clip.py] => Learning on 40-50
2026-07-31 20:42:46,646 [trainer.py] => CNN: {'total': 25.52, '00-09': 19.35, '10-19': 19.16, '20-29': 28.74, '30-39': 32.73, '40-49': 27.71, 'old': 24.98, 'new': 27.71, 'harmonic': 26.27}
2026-07-31 20:42:46,646 [trainer.py] => CNN top1 curve: [43.75, 33.13, 31.47, 27.82, 25.52]
2026-07-31 20:42:46,646 [trainer.py] => CNN top5 curve: [76.79, 74.33, 71.02, 67.09, 64.53]
2026-07-31 20:42:46,646 [trainer.py] => CNN top10 curve: [100.0, 88.81, 86.35, 84.74, 80.47]
2026-07-31 20:42:46,646 [trainer.py] => Average Accuracy (CNN top1): 32.338
2026-07-31 20:42:46,648 [zs_clip.py] => Learning on 50-60
2026-07-31 20:42:53,071 [trainer.py] => CNN: {'total': 24.0, '00-09': 19.05, '10-19': 17.37, '20-29': 28.14, '30-39': 32.43, '40-49': 26.51, '50-59': 20.6, 'old': 24.69, 'new': 20.6, 'harmonic': 22.46}
2026-07-31 20:42:53,071 [trainer.py] => CNN top1 curve: [43.75, 33.13, 31.47, 27.82, 25.52, 24.0]
2026-07-31 20:42:53,071 [trainer.py] => CNN top5 curve: [76.79, 74.33, 71.02, 67.09, 64.53, 59.38]
2026-07-31 20:42:53,071 [trainer.py] => CNN top10 curve: [100.0, 88.81, 86.35, 84.74, 80.47, 73.15]
2026-07-31 20:42:53,071 [trainer.py] => Average Accuracy (CNN top1): 30.948333333333334
2026-07-31 20:42:53,074 [zs_clip.py] => Learning on 60-70
2026-07-31 20:43:00,564 [trainer.py] => CNN: {'total': 22.86, '00-09': 16.96, '10-19': 17.07, '20-29': 26.65, '30-39': 31.53, '40-49': 25.3, '50-59': 20.6, '60-69': 21.99, 'old': 23.0, 'new': 21.99, 'harmonic': 22.48}
2026-07-31 20:43:00,565 [trainer.py] => CNN top1 curve: [43.75, 33.13, 31.47, 27.82, 25.52, 24.0, 22.86]
2026-07-31 20:43:00,565 [trainer.py] => CNN top5 curve: [76.79, 74.33, 71.02, 67.09, 64.53, 59.38, 55.91]
2026-07-31 20:43:00,565 [trainer.py] => CNN top10 curve: [100.0, 88.81, 86.35, 84.74, 80.47, 73.15, 69.78]
2026-07-31 20:43:00,567 [trainer.py] => Average Accuracy (CNN top1): 29.792857142857144
2026-07-31 20:43:00,571 [zs_clip.py] => Learning on 70-80
2026-07-31 20:43:09,130 [trainer.py] => CNN: {'total': 21.51, '00-09': 16.07, '10-19': 15.57, '20-29': 24.25, '30-39': 27.33, '40-49': 23.19, '50-59': 20.6, '60-69': 20.78, '70-79': 24.4, 'old': 21.1, 'new': 24.4, 'harmonic': 22.63}
2026-07-31 20:43:09,131 [trainer.py] => CNN top1 curve: [43.75, 33.13, 31.47, 27.82, 25.52, 24.0, 22.86, 21.51]
2026-07-31 20:43:09,131 [trainer.py] => CNN top5 curve: [76.79, 74.33, 71.02, 67.09, 64.53, 59.38, 55.91, 53.15]
2026-07-31 20:43:09,131 [trainer.py] => CNN top10 curve: [100.0, 88.81, 86.35, 84.74, 80.47, 73.15, 69.78, 68.22]
2026-07-31 20:43:09,131 [trainer.py] => Average Accuracy (CNN top1): 28.7575
2026-07-31 20:43:09,133 [zs_clip.py] => Learning on 80-90
2026-07-31 20:43:18,404 [trainer.py] => CNN: {'total': 18.93, '00-09': 12.5, '10-19': 12.87, '20-29': 23.05, '30-39': 24.62, '40-49': 17.47, '50-59': 20.3, '60-69': 19.58, '70-79': 22.59, '80-89': 17.42, 'old': 19.12, 'new': 17.42, 'harmonic': 18.23}
2026-07-31 20:43:18,404 [trainer.py] => CNN top1 curve: [43.75, 33.13, 31.47, 27.82, 25.52, 24.0, 22.86, 21.51, 18.93]
2026-07-31 20:43:18,404 [trainer.py] => CNN top5 curve: [76.79, 74.33, 71.02, 67.09, 64.53, 59.38, 55.91, 53.15, 49.22]
2026-07-31 20:43:18,404 [trainer.py] => CNN top10 curve: [100.0, 88.81, 86.35, 84.74, 80.47, 73.15, 69.78, 68.22, 65.21]
2026-07-31 20:43:18,404 [trainer.py] => Average Accuracy (CNN top1): 27.665555555555557
2026-07-31 20:43:18,406 [zs_clip.py] => Learning on 90-100
2026-07-31 20:44:00,698 [trainer.py] => CNN: {'total': 17.19, '00-09': 12.5, '10-19': 12.87, '20-29': 16.17, '30-39': 24.02, '40-49': 11.14, '50-59': 20.3, '60-69': 19.58, '70-79': 15.96, '80-89': 16.22, '90-99': 23.19, 'old': 16.53, 'new': 23.19, 'harmonic': 19.3}
2026-07-31 20:44:00,698 [trainer.py] => CNN top1 curve: [43.75, 33.13, 31.47, 27.82, 25.52, 24.0, 22.86, 21.51, 18.93, 17.19]
2026-07-31 20:44:00,698 [trainer.py] => CNN top5 curve: [76.79, 74.33, 71.02, 67.09, 64.53, 59.38, 55.91, 53.15, 49.22, 48.84]
2026-07-31 20:44:00,698 [trainer.py] => CNN top10 curve: [100.0, 88.81, 86.35, 84.74, 80.47, 73.15, 69.78, 68.22, 65.21, 64.33]
2026-07-31 20:44:00,698 [trainer.py] => Average Accuracy (CNN top1): 26.618000000000002

========================================
Finished aircraft_init10_inc10 seed=1993
Backbone: OpenCLIP_LAION400M
Average Accuracy (Top1): 26.62
Last Accuracy: 17.19
Average Accuracy (Top5): 62.03
Last Top5: 48.84
Average Accuracy (Top10): 78.11
Last Top10: 64.33
========================================

