2026-07-24 23:39:53,292 [trainer.py] => config: configs/validation/coda_objectnet_B0_Inc20_seed1993_gpu5.json
2026-07-24 23:39:53,293 [trainer.py] => prefix: -
2026-07-24 23:39:53,293 [trainer.py] => dataset: objectnet
2026-07-24 23:39:53,293 [trainer.py] => memory_size: 0
2026-07-24 23:39:53,293 [trainer.py] => memory_per_class: 0
2026-07-24 23:39:53,293 [trainer.py] => fixed_memory: False
2026-07-24 23:39:53,293 [trainer.py] => shuffle: True
2026-07-24 23:39:53,293 [trainer.py] => init_cls: 20
2026-07-24 23:39:53,293 [trainer.py] => increment: 20
2026-07-24 23:39:53,293 [trainer.py] => model_name: coda
2026-07-24 23:39:53,293 [trainer.py] => class_num: 200
2026-07-24 23:39:53,293 [trainer.py] => nb_tasks: 10
2026-07-24 23:39:53,293 [trainer.py] => backbone_type: clip
2026-07-24 23:39:53,293 [trainer.py] => device: [device(type='cuda', index=5)]
2026-07-24 23:39:53,293 [trainer.py] => seed: 1993
2026-07-24 23:39:53,293 [trainer.py] => tuned_epoch: 10
2026-07-24 23:39:53,293 [trainer.py] => init_lr: 0.001
2026-07-24 23:39:53,293 [trainer.py] => batch_size: 48
2026-07-24 23:39:53,293 [trainer.py] => weight_decay: 0
2026-07-24 23:39:53,293 [trainer.py] => min_lr: 1e-05
2026-07-24 23:39:53,293 [trainer.py] => optimizer: adam
2026-07-24 23:39:53,294 [trainer.py] => scheduler: cosine
2026-07-24 23:39:53,294 [trainer.py] => reinit_optimizer: True
2026-07-24 23:39:53,294 [trainer.py] => pretrained: True
2026-07-24 23:39:53,294 [trainer.py] => drop: 0.0
2026-07-24 23:39:53,294 [trainer.py] => drop_path: 0.0
2026-07-24 23:39:53,294 [trainer.py] => prompt_param: [100, 8.0, 0.0]
2026-07-24 23:39:53,294 [trainer.py] => total_class_num: 200
2026-07-24 23:39:53,640 [data_manager.py] => [168, 136, 51, 9, 183, 101, 171, 99, 42, 159, 191, 70, 16, 188, 27, 10, 175, 26, 68, 187, 98, 6, 85, 35, 112, 43, 100, 0, 103, 181, 88, 59, 4, 2, 116, 174, 94, 80, 106, 1, 147, 17, 141, 131, 72, 23, 173, 54, 197, 118, 87, 32, 79, 104, 91, 19, 135, 107, 178, 36, 11, 199, 142, 8, 122, 3, 28, 57, 153, 172, 190, 56, 49, 44, 97, 62, 151, 169, 194, 55, 192, 12, 189, 78, 66, 180, 15, 137, 109, 134, 92, 119, 126, 52, 170, 40, 148, 65, 144, 64, 138, 45, 77, 89, 154, 90, 71, 193, 74, 30, 113, 143, 96, 84, 67, 50, 186, 156, 69, 21, 18, 111, 108, 58, 125, 157, 150, 110, 182, 129, 166, 83, 81, 60, 13, 165, 14, 176, 63, 117, 5, 22, 145, 121, 38, 41, 82, 127, 114, 20, 31, 53, 37, 163, 196, 130, 152, 162, 86, 76, 24, 34, 184, 149, 33, 128, 198, 155, 146, 167, 139, 120, 140, 102, 47, 25, 158, 123, 46, 164, 61, 7, 115, 75, 133, 160, 105, 132, 179, 124, 48, 73, 93, 39, 95, 195, 29, 177, 185, 161]
2026-07-24 23:43:22,946 [trainer.py] => config: configs/validation/coda_objectnet_B0_Inc20_seed1993_gpu5.json
2026-07-24 23:43:22,946 [trainer.py] => prefix: -
2026-07-24 23:43:22,946 [trainer.py] => dataset: objectnet
2026-07-24 23:43:22,946 [trainer.py] => memory_size: 0
2026-07-24 23:43:22,946 [trainer.py] => memory_per_class: 0
2026-07-24 23:43:22,947 [trainer.py] => fixed_memory: False
2026-07-24 23:43:22,947 [trainer.py] => shuffle: True
2026-07-24 23:43:22,947 [trainer.py] => init_cls: 20
2026-07-24 23:43:22,947 [trainer.py] => increment: 20
2026-07-24 23:43:22,947 [trainer.py] => model_name: coda
2026-07-24 23:43:22,947 [trainer.py] => class_num: 200
2026-07-24 23:43:22,947 [trainer.py] => nb_tasks: 10
2026-07-24 23:43:22,947 [trainer.py] => backbone_type: clip
2026-07-24 23:43:22,947 [trainer.py] => device: [device(type='cuda', index=5)]
2026-07-24 23:43:22,947 [trainer.py] => seed: 1993
2026-07-24 23:43:22,947 [trainer.py] => tuned_epoch: 10
2026-07-24 23:43:22,947 [trainer.py] => init_lr: 0.001
2026-07-24 23:43:22,947 [trainer.py] => batch_size: 48
2026-07-24 23:43:22,947 [trainer.py] => weight_decay: 0
2026-07-24 23:43:22,947 [trainer.py] => min_lr: 1e-05
2026-07-24 23:43:22,947 [trainer.py] => optimizer: adam
2026-07-24 23:43:22,947 [trainer.py] => scheduler: cosine
2026-07-24 23:43:22,947 [trainer.py] => reinit_optimizer: True
2026-07-24 23:43:22,947 [trainer.py] => pretrained: True
2026-07-24 23:43:22,947 [trainer.py] => drop: 0.0
2026-07-24 23:43:22,947 [trainer.py] => drop_path: 0.0
2026-07-24 23:43:22,947 [trainer.py] => prompt_param: [100, 8.0, 0.0]
2026-07-24 23:43:22,947 [trainer.py] => total_class_num: 200
2026-07-24 23:43:23,319 [data_manager.py] => [168, 136, 51, 9, 183, 101, 171, 99, 42, 159, 191, 70, 16, 188, 27, 10, 175, 26, 68, 187, 98, 6, 85, 35, 112, 43, 100, 0, 103, 181, 88, 59, 4, 2, 116, 174, 94, 80, 106, 1, 147, 17, 141, 131, 72, 23, 173, 54, 197, 118, 87, 32, 79, 104, 91, 19, 135, 107, 178, 36, 11, 199, 142, 8, 122, 3, 28, 57, 153, 172, 190, 56, 49, 44, 97, 62, 151, 169, 194, 55, 192, 12, 189, 78, 66, 180, 15, 137, 109, 134, 92, 119, 126, 52, 170, 40, 148, 65, 144, 64, 138, 45, 77, 89, 154, 90, 71, 193, 74, 30, 113, 143, 96, 84, 67, 50, 186, 156, 69, 21, 18, 111, 108, 58, 125, 157, 150, 110, 182, 129, 166, 83, 81, 60, 13, 165, 14, 176, 63, 117, 5, 22, 145, 121, 38, 41, 82, 127, 114, 20, 31, 53, 37, 163, 196, 130, 152, 162, 86, 76, 24, 34, 184, 149, 33, 128, 198, 155, 146, 167, 139, 120, 140, 102, 47, 25, 158, 123, 46, 164, 61, 7, 115, 75, 133, 160, 105, 132, 179, 124, 48, 73, 93, 39, 95, 195, 29, 177, 185, 161]
2026-07-24 23:43:26,634 [instantiator.py] => Created a temporary directory at /tmp/tmp9xjj2_y7
2026-07-24 23:43:26,635 [instantiator.py] => Writing /tmp/tmp9xjj2_y7/_remote_module_non_scriptable.py
2026-07-24 23:43:27,060 [factory.py] => Loaded ViT-B-16 model config.
2026-07-24 23:43:38,215 [factory.py] => Loading pretrained ViT-B-16 weights (laion400m_e32).
2026-07-24 23:46:46,173 [trainer.py] => config: configs/validation/coda_objectnet_B0_Inc20_seed1993_gpu5.json
2026-07-24 23:46:46,173 [trainer.py] => prefix: -
2026-07-24 23:46:46,173 [trainer.py] => dataset: objectnet
2026-07-24 23:46:46,173 [trainer.py] => memory_size: 0
2026-07-24 23:46:46,173 [trainer.py] => memory_per_class: 0
2026-07-24 23:46:46,173 [trainer.py] => fixed_memory: False
2026-07-24 23:46:46,173 [trainer.py] => shuffle: True
2026-07-24 23:46:46,173 [trainer.py] => init_cls: 20
2026-07-24 23:46:46,174 [trainer.py] => increment: 20
2026-07-24 23:46:46,174 [trainer.py] => model_name: coda
2026-07-24 23:46:46,174 [trainer.py] => class_num: 200
2026-07-24 23:46:46,174 [trainer.py] => nb_tasks: 10
2026-07-24 23:46:46,174 [trainer.py] => backbone_type: clip
2026-07-24 23:46:46,174 [trainer.py] => device: [device(type='cuda', index=5)]
2026-07-24 23:46:46,174 [trainer.py] => seed: 1993
2026-07-24 23:46:46,174 [trainer.py] => tuned_epoch: 10
2026-07-24 23:46:46,174 [trainer.py] => init_lr: 0.001
2026-07-24 23:46:46,174 [trainer.py] => batch_size: 48
2026-07-24 23:46:46,174 [trainer.py] => weight_decay: 0
2026-07-24 23:46:46,174 [trainer.py] => min_lr: 1e-05
2026-07-24 23:46:46,174 [trainer.py] => optimizer: adam
2026-07-24 23:46:46,174 [trainer.py] => scheduler: cosine
2026-07-24 23:46:46,174 [trainer.py] => reinit_optimizer: True
2026-07-24 23:46:46,174 [trainer.py] => pretrained: True
2026-07-24 23:46:46,174 [trainer.py] => drop: 0.0
2026-07-24 23:46:46,174 [trainer.py] => drop_path: 0.0
2026-07-24 23:46:46,174 [trainer.py] => prompt_param: [100, 8.0, 0.0]
2026-07-24 23:46:46,174 [trainer.py] => total_class_num: 200
2026-07-24 23:46:46,465 [data_manager.py] => [168, 136, 51, 9, 183, 101, 171, 99, 42, 159, 191, 70, 16, 188, 27, 10, 175, 26, 68, 187, 98, 6, 85, 35, 112, 43, 100, 0, 103, 181, 88, 59, 4, 2, 116, 174, 94, 80, 106, 1, 147, 17, 141, 131, 72, 23, 173, 54, 197, 118, 87, 32, 79, 104, 91, 19, 135, 107, 178, 36, 11, 199, 142, 8, 122, 3, 28, 57, 153, 172, 190, 56, 49, 44, 97, 62, 151, 169, 194, 55, 192, 12, 189, 78, 66, 180, 15, 137, 109, 134, 92, 119, 126, 52, 170, 40, 148, 65, 144, 64, 138, 45, 77, 89, 154, 90, 71, 193, 74, 30, 113, 143, 96, 84, 67, 50, 186, 156, 69, 21, 18, 111, 108, 58, 125, 157, 150, 110, 182, 129, 166, 83, 81, 60, 13, 165, 14, 176, 63, 117, 5, 22, 145, 121, 38, 41, 82, 127, 114, 20, 31, 53, 37, 163, 196, 130, 152, 162, 86, 76, 24, 34, 184, 149, 33, 128, 198, 155, 146, 167, 139, 120, 140, 102, 47, 25, 158, 123, 46, 164, 61, 7, 115, 75, 133, 160, 105, 132, 179, 124, 48, 73, 93, 39, 95, 195, 29, 177, 185, 161]
2026-07-24 23:46:48,927 [instantiator.py] => Created a temporary directory at /tmp/tmp1_ohl_f4
2026-07-24 23:46:48,928 [instantiator.py] => Writing /tmp/tmp1_ohl_f4/_remote_module_non_scriptable.py
2026-07-24 23:46:49,371 [factory.py] => Loaded ViT-B-16 model config.
2026-07-24 23:47:00,214 [factory.py] => Loading pretrained ViT-B-16 weights (laion400m_e32).
2026-07-24 23:47:17,708 [coda_prompt.py] => 89,879,240 total parameters.
2026-07-24 23:47:17,709 [coda_prompt.py] => 3,686,600 fc and prompt training parameters.
2026-07-24 23:47:17,709 [coda_prompt.py] => Learning on 0-20
2026-07-25 00:19:34,853 [coda_prompt.py] => Task 0, Epoch 10/10 => Loss 0.519, Train_accy 88.47, Test_accy 86.34
2026-07-25 00:19:34,854 [base.py] => Reducing exemplars...(0 per classes)
2026-07-25 00:19:34,855 [base.py] => Constructing exemplars...(0 per classes)
