2026-07-24 20:34:35,688 [trainer.py] => config: ./configs/dualprompt/dualprompt_aircraft_B50_Inc10.json
2026-07-24 20:34:35,688 [trainer.py] => prefix: -
2026-07-24 20:34:35,688 [trainer.py] => dataset: aircraft
2026-07-24 20:34:35,688 [trainer.py] => memory_size: 0
2026-07-24 20:34:35,688 [trainer.py] => memory_per_class: 0
2026-07-24 20:34:35,688 [trainer.py] => fixed_memory: False
2026-07-24 20:34:35,688 [trainer.py] => shuffle: True
2026-07-24 20:34:35,689 [trainer.py] => init_cls: 50
2026-07-24 20:34:35,689 [trainer.py] => increment: 10
2026-07-24 20:34:35,689 [trainer.py] => model_name: dualprompt
2026-07-24 20:34:35,689 [trainer.py] => backbone_type: clip
2026-07-24 20:34:35,689 [trainer.py] => get_original_backbone: True
2026-07-24 20:34:35,689 [trainer.py] => device: [device(type='cuda', index=2)]
2026-07-24 20:34:35,689 [trainer.py] => seed: 42
2026-07-24 20:34:35,689 [trainer.py] => nb_classes: 100
2026-07-24 20:34:35,689 [trainer.py] => tuned_epoch: 10
2026-07-24 20:34:35,689 [trainer.py] => init_lr: 0.001
2026-07-24 20:34:35,689 [trainer.py] => batch_size: 64
2026-07-24 20:34:35,689 [trainer.py] => weight_decay: 0
2026-07-24 20:34:35,689 [trainer.py] => min_lr: 1e-05
2026-07-24 20:34:35,689 [trainer.py] => optimizer: adam
2026-07-24 20:34:35,689 [trainer.py] => scheduler: constant
2026-07-24 20:34:35,689 [trainer.py] => reinit_optimizer: True
2026-07-24 20:34:35,689 [trainer.py] => global_pool: token
2026-07-24 20:34:35,689 [trainer.py] => head_type: token
2026-07-24 20:34:35,689 [trainer.py] => freeze: ['blocks', 'patch_embed', 'cls_token', 'norm', 'pos_embed']
2026-07-24 20:34:35,689 [trainer.py] => pretrained: True
2026-07-24 20:34:35,689 [trainer.py] => drop: 0.0
2026-07-24 20:34:35,689 [trainer.py] => drop_path: 0.0
2026-07-24 20:34:35,689 [trainer.py] => use_g_prompt: True
2026-07-24 20:34:35,690 [trainer.py] => g_prompt_length: 5
2026-07-24 20:34:35,690 [trainer.py] => g_prompt_layer_idx: [0, 1]
2026-07-24 20:34:35,690 [trainer.py] => use_prefix_tune_for_g_prompt: True
2026-07-24 20:34:35,690 [trainer.py] => use_e_prompt: True
2026-07-24 20:34:35,690 [trainer.py] => e_prompt_layer_idx: [2, 3, 4]
2026-07-24 20:34:35,690 [trainer.py] => use_prefix_tune_for_e_prompt: True
2026-07-24 20:34:35,690 [trainer.py] => prompt_pool: True
2026-07-24 20:34:35,690 [trainer.py] => size: 10
2026-07-24 20:34:35,690 [trainer.py] => length: 5
2026-07-24 20:34:35,690 [trainer.py] => top_k: 1
2026-07-24 20:34:35,690 [trainer.py] => initializer: uniform
2026-07-24 20:34:35,690 [trainer.py] => prompt_key: True
2026-07-24 20:34:35,690 [trainer.py] => prompt_key_init: uniform
2026-07-24 20:34:35,690 [trainer.py] => use_prompt_mask: True
2026-07-24 20:34:35,690 [trainer.py] => shared_prompt_pool: True
2026-07-24 20:34:35,690 [trainer.py] => shared_prompt_key: False
2026-07-24 20:34:35,690 [trainer.py] => batchwise_prompt: True
2026-07-24 20:34:35,690 [trainer.py] => embedding_key: cls
2026-07-24 20:34:35,690 [trainer.py] => predefined_key: 
2026-07-24 20:34:35,690 [trainer.py] => pull_constraint: True
2026-07-24 20:34:35,690 [trainer.py] => pull_constraint_coeff: 0.1
2026-07-24 20:34:35,690 [trainer.py] => same_key_value: False
2026-07-24 20:34:35,690 [trainer.py] => total_class_num: 100
2026-07-24 20:34:35,824 [data_manager.py] => [83, 53, 70, 45, 44, 39, 22, 80, 10, 0, 18, 30, 73, 33, 90, 4, 76, 77, 12, 31, 55, 88, 26, 42, 69, 15, 40, 96, 9, 72, 11, 47, 85, 28, 93, 5, 66, 65, 35, 16, 49, 34, 7, 95, 27, 19, 81, 25, 62, 13, 24, 3, 17, 38, 8, 78, 6, 64, 36, 89, 56, 99, 54, 43, 50, 67, 46, 68, 61, 97, 79, 41, 58, 48, 98, 57, 75, 32, 94, 59, 63, 84, 37, 29, 1, 52, 21, 2, 23, 87, 91, 74, 86, 82, 20, 60, 71, 14, 92, 51]
2026-07-24 20:34:35,876 [factory.py] => Loaded ViT-B-16 model config.
2026-07-24 20:34:37,072 [factory.py] => Loading pretrained ViT-B-16 weights (/public/home/hanlida/Dr.1/pretrained_models/open_clip_pytorch_model_laion400m_e32.bin).
2026-07-24 20:34:40,430 [dual_prompt.py] => 86,494,820 model total parameters.
2026-07-24 20:34:40,431 [dual_prompt.py] => 286,820 model training parameters.
2026-07-24 20:34:40,431 [dual_prompt.py] => e_prompt.prompt: 230400
2026-07-24 20:34:40,431 [dual_prompt.py] => e_prompt.prompt_key: 5120
2026-07-24 20:34:40,431 [dual_prompt.py] => head.weight: 51200
2026-07-24 20:34:40,431 [dual_prompt.py] => head.bias: 100
2026-07-24 20:34:40,431 [dual_prompt.py] => Learning on 0-50
2026-07-24 20:45:55,321 [dual_prompt.py] => Task 0, Epoch 10/10 => Loss 1.158, Train_accy 73.92, Test_accy 59.01
2026-07-24 20:46:12,490 [trainer.py] => CNN: {'total': 59.01, '00-09': 61.79, '10-19': 60.42, '20-29': 63.44, '30-39': 55.22, '40-49': 54.22, 'old': 0, 'new': 59.01, 'harmonic': 0.0}
2026-07-24 20:46:12,490 [trainer.py] => CNN top1 curve: [59.01]
2026-07-24 20:46:12,490 [trainer.py] => CNN top5 curve: [88.22]
2026-07-24 20:46:12,490 [trainer.py] => Average Accuracy (CNN top1): 59.01
2026-07-24 20:46:12,490 [dual_prompt.py] => Learning on 50-60
2026-07-24 20:51:30,575 [dual_prompt.py] => Task 1, Epoch 10/10 => Loss 1.025, Train_accy 79.16, Test_accy 49.67
2026-07-24 20:51:50,755 [trainer.py] => CNN: {'total': 49.67, '00-09': 61.49, '10-19': 60.12, '20-29': 63.44, '30-39': 55.22, '40-49': 53.61, '50-59': 4.2, 'old': 58.77, 'new': 4.2, 'harmonic': 7.84}
2026-07-24 20:51:50,755 [trainer.py] => CNN top1 curve: [59.01, 49.67]
2026-07-24 20:51:50,755 [trainer.py] => CNN top5 curve: [88.22, 80.12]
2026-07-24 20:51:50,755 [trainer.py] => Average Accuracy (CNN top1): 54.34
2026-07-24 20:51:50,755 [dual_prompt.py] => Learning on 60-70
2026-07-24 20:57:41,537 [dual_prompt.py] => Task 2, Epoch 10/10 => Loss 0.906, Train_accy 83.51, Test_accy 42.83
2026-07-24 20:58:05,289 [trainer.py] => CNN: {'total': 42.83, '00-09': 60.9, '10-19': 59.82, '20-29': 63.44, '30-39': 54.63, '40-49': 53.61, '50-59': 3.9, '60-69': 3.6, 'old': 49.37, 'new': 3.6, 'harmonic': 6.71}
2026-07-24 20:58:05,289 [trainer.py] => CNN top1 curve: [59.01, 49.67, 42.83]
2026-07-24 20:58:05,289 [trainer.py] => CNN top5 curve: [88.22, 80.12, 73.39]
2026-07-24 20:58:05,290 [trainer.py] => Average Accuracy (CNN top1): 50.50333333333333
2026-07-24 20:58:05,290 [dual_prompt.py] => Learning on 70-80
2026-07-24 21:04:28,461 [dual_prompt.py] => Task 3, Epoch 10/10 => Loss 0.537, Train_accy 95.05, Test_accy 37.69
2026-07-24 21:04:55,091 [trainer.py] => CNN: {'total': 37.69, '00-09': 60.0, '10-19': 58.61, '20-29': 62.24, '30-39': 51.94, '40-49': 51.2, '50-59': 3.9, '60-69': 3.0, '70-79': 10.78, 'old': 41.55, 'new': 10.78, 'harmonic': 17.12}
2026-07-24 21:04:55,091 [trainer.py] => CNN top1 curve: [59.01, 49.67, 42.83, 37.69]
2026-07-24 21:04:55,092 [trainer.py] => CNN top5 curve: [88.22, 80.12, 73.39, 69.59]
2026-07-24 21:04:55,092 [trainer.py] => Average Accuracy (CNN top1): 47.3
2026-07-24 21:04:55,092 [dual_prompt.py] => Learning on 80-90
2026-07-24 21:11:49,591 [dual_prompt.py] => Task 4, Epoch 10/10 => Loss 0.942, Train_accy 79.76, Test_accy 33.97
2026-07-24 21:12:21,109 [trainer.py] => CNN: {'total': 33.97, '00-09': 60.0, '10-19': 58.61, '20-29': 62.24, '30-39': 51.94, '40-49': 51.2, '50-59': 3.9, '60-69': 2.4, '70-79': 10.78, '80-89': 4.8, 'old': 37.61, 'new': 4.8, 'harmonic': 8.51}
2026-07-24 21:12:21,109 [trainer.py] => CNN top1 curve: [59.01, 49.67, 42.83, 37.69, 33.97]
2026-07-24 21:12:21,109 [trainer.py] => CNN top5 curve: [88.22, 80.12, 73.39, 69.59, 64.93]
2026-07-24 21:12:21,109 [trainer.py] => Average Accuracy (CNN top1): 44.634
2026-07-24 21:12:21,109 [dual_prompt.py] => Learning on 90-100
2026-07-24 21:19:54,899 [dual_prompt.py] => Task 5, Epoch 10/10 => Loss 0.428, Train_accy 95.63, Test_accy 30.60
2026-07-24 21:20:28,918 [trainer.py] => CNN: {'total': 30.6, '00-09': 59.4, '10-19': 58.31, '20-29': 60.12, '30-39': 50.75, '40-49': 50.9, '50-59': 3.6, '60-69': 1.2, '70-79': 10.48, '80-89': 4.2, '90-99': 7.44, 'old': 33.2, 'new': 7.44, 'harmonic': 12.16}
2026-07-24 21:20:28,918 [trainer.py] => CNN top1 curve: [59.01, 49.67, 42.83, 37.69, 33.97, 30.6]
2026-07-24 21:20:28,918 [trainer.py] => CNN top5 curve: [88.22, 80.12, 73.39, 69.59, 64.93, 61.93]
2026-07-24 21:20:28,918 [trainer.py] => Average Accuracy (CNN top1): 42.294999999999995
