2026-07-31 20:01:21,253 [trainer.py] => config: configs/dualprompt/dualprompt_aircraft_B0_Inc10.json
2026-07-31 20:01:21,253 [trainer.py] => prefix: -
2026-07-31 20:01:21,253 [trainer.py] => dataset: aircraft
2026-07-31 20:01:21,253 [trainer.py] => memory_size: 0
2026-07-31 20:01:21,253 [trainer.py] => memory_per_class: 0
2026-07-31 20:01:21,254 [trainer.py] => fixed_memory: False
2026-07-31 20:01:21,254 [trainer.py] => shuffle: True
2026-07-31 20:01:21,254 [trainer.py] => init_cls: 10
2026-07-31 20:01:21,254 [trainer.py] => increment: 10
2026-07-31 20:01:21,254 [trainer.py] => model_name: dualprompt
2026-07-31 20:01:21,254 [trainer.py] => backbone_type: clip
2026-07-31 20:01:21,254 [trainer.py] => get_original_backbone: True
2026-07-31 20:01:21,254 [trainer.py] => device: [device(type='cuda', index=2)]
2026-07-31 20:01:21,254 [trainer.py] => seed: 1993
2026-07-31 20:01:21,254 [trainer.py] => nb_classes: 100
2026-07-31 20:01:21,254 [trainer.py] => tuned_epoch: 10
2026-07-31 20:01:21,254 [trainer.py] => init_lr: 0.001
2026-07-31 20:01:21,254 [trainer.py] => batch_size: 64
2026-07-31 20:01:21,254 [trainer.py] => weight_decay: 0
2026-07-31 20:01:21,254 [trainer.py] => min_lr: 1e-05
2026-07-31 20:01:21,254 [trainer.py] => optimizer: adam
2026-07-31 20:01:21,254 [trainer.py] => scheduler: constant
2026-07-31 20:01:21,255 [trainer.py] => reinit_optimizer: True
2026-07-31 20:01:21,255 [trainer.py] => global_pool: token
2026-07-31 20:01:21,255 [trainer.py] => head_type: token
2026-07-31 20:01:21,255 [trainer.py] => freeze: ['blocks', 'patch_embed', 'cls_token', 'norm', 'pos_embed']
2026-07-31 20:01:21,255 [trainer.py] => pretrained: True
2026-07-31 20:01:21,255 [trainer.py] => drop: 0.0
2026-07-31 20:01:21,255 [trainer.py] => drop_path: 0.0
2026-07-31 20:01:21,255 [trainer.py] => use_g_prompt: True
2026-07-31 20:01:21,255 [trainer.py] => g_prompt_length: 5
2026-07-31 20:01:21,255 [trainer.py] => g_prompt_layer_idx: [0, 1]
2026-07-31 20:01:21,255 [trainer.py] => use_prefix_tune_for_g_prompt: True
2026-07-31 20:01:21,255 [trainer.py] => use_e_prompt: True
2026-07-31 20:01:21,255 [trainer.py] => e_prompt_layer_idx: [2, 3, 4]
2026-07-31 20:01:21,255 [trainer.py] => use_prefix_tune_for_e_prompt: True
2026-07-31 20:01:21,255 [trainer.py] => prompt_pool: True
2026-07-31 20:01:21,255 [trainer.py] => size: 10
2026-07-31 20:01:21,255 [trainer.py] => length: 5
2026-07-31 20:01:21,255 [trainer.py] => top_k: 1
2026-07-31 20:01:21,255 [trainer.py] => initializer: uniform
2026-07-31 20:01:21,256 [trainer.py] => prompt_key: True
2026-07-31 20:01:21,256 [trainer.py] => prompt_key_init: uniform
2026-07-31 20:01:21,256 [trainer.py] => use_prompt_mask: True
2026-07-31 20:01:21,256 [trainer.py] => shared_prompt_pool: True
2026-07-31 20:01:21,256 [trainer.py] => shared_prompt_key: False
2026-07-31 20:01:21,256 [trainer.py] => batchwise_prompt: True
2026-07-31 20:01:21,256 [trainer.py] => embedding_key: cls
2026-07-31 20:01:21,256 [trainer.py] => predefined_key: 
2026-07-31 20:01:21,256 [trainer.py] => pull_constraint: True
2026-07-31 20:01:21,256 [trainer.py] => pull_constraint_coeff: 0.1
2026-07-31 20:01:21,256 [trainer.py] => same_key_value: False
2026-07-31 20:01:21,256 [trainer.py] => total_class_num: 100
2026-07-31 20:01:21,511 [data_manager.py] => [68, 56, 78, 8, 23, 84, 90, 65, 74, 76, 40, 89, 3, 92, 55, 9, 26, 80, 43, 38, 58, 70, 77, 1, 85, 19, 17, 50, 28, 53, 13, 81, 45, 82, 6, 59, 83, 16, 15, 44, 91, 41, 72, 60, 79, 52, 20, 10, 31, 54, 37, 95, 14, 71, 96, 98, 97, 2, 64, 66, 42, 22, 35, 86, 24, 34, 87, 21, 99, 0, 88, 27, 18, 94, 11, 12, 47, 25, 30, 46, 62, 69, 36, 61, 7, 63, 75, 5, 32, 4, 51, 48, 73, 93, 39, 67, 29, 49, 57, 33]
2026-07-31 20:01:34,246 [instantiator.py] => Created a temporary directory at /tmp/tmpxex5lxar
2026-07-31 20:01:34,247 [instantiator.py] => Writing /tmp/tmpxex5lxar/_remote_module_non_scriptable.py
2026-07-31 20:01:36,090 [factory.py] => Loaded ViT-B-16 model config.
2026-07-31 20:01:37,384 [factory.py] => Loading pretrained ViT-B-16 weights (/public/home/hanlida/Dr.1/pretrained_models/open_clip_pytorch_model_laion400m_e32.bin).
2026-07-31 20:01:41,029 [dual_prompt.py] => 86,494,820 model total parameters.
2026-07-31 20:01:41,030 [dual_prompt.py] => 286,820 model training parameters.
2026-07-31 20:01:41,030 [dual_prompt.py] => e_prompt.prompt: 230400
2026-07-31 20:01:41,030 [dual_prompt.py] => e_prompt.prompt_key: 5120
2026-07-31 20:01:41,030 [dual_prompt.py] => head.weight: 51200
2026-07-31 20:01:41,031 [dual_prompt.py] => head.bias: 100
2026-07-31 20:01:41,369 [dual_prompt.py] => Learning on 0-10
2026-07-31 20:02:45,350 [dual_prompt.py] => Task 0, Epoch 10/10 => Loss 0.895, Train_accy 83.73, Test_accy nan
2026-07-31 20:02:49,584 [trainer.py] => CNN: {'total': 78.87, '00-09': 78.87, 'old': 0, 'new': 78.87, 'harmonic': 0.0}
2026-07-31 20:02:49,584 [trainer.py] => CNN top1 curve: [78.87]
2026-07-31 20:02:49,584 [trainer.py] => CNN top5 curve: [99.7]
2026-07-31 20:02:49,584 [trainer.py] => Average Accuracy (CNN top1): 78.87
2026-07-31 20:02:49,585 [dual_prompt.py] => Learning on 10-20
2026-07-31 20:03:51,763 [dual_prompt.py] => Task 1, Epoch 10/10 => Loss 0.724, Train_accy 88.14, Test_accy nan
2026-07-31 20:03:57,406 [trainer.py] => CNN: {'total': 57.61, '00-09': 51.19, '10-19': 64.07, 'old': 51.19, 'new': 64.07, 'harmonic': 56.91}
2026-07-31 20:03:57,407 [trainer.py] => CNN top1 curve: [78.87, 57.61]
2026-07-31 20:03:57,407 [trainer.py] => CNN top5 curve: [99.7, 95.37]
2026-07-31 20:03:57,407 [trainer.py] => Average Accuracy (CNN top1): 68.24000000000001
2026-07-31 20:03:57,408 [dual_prompt.py] => Learning on 20-30
2026-07-31 20:04:59,209 [dual_prompt.py] => Task 2, Epoch 10/10 => Loss 0.751, Train_accy 82.28, Test_accy nan
2026-07-31 20:05:05,377 [trainer.py] => CNN: {'total': 48.11, '00-09': 37.8, '10-19': 49.1, '20-29': 57.49, 'old': 43.43, 'new': 57.49, 'harmonic': 49.48}
2026-07-31 20:05:05,377 [trainer.py] => CNN top1 curve: [78.87, 57.61, 48.11]
2026-07-31 20:05:05,377 [trainer.py] => CNN top5 curve: [99.7, 95.37, 90.34]
2026-07-31 20:05:05,377 [trainer.py] => Average Accuracy (CNN top1): 61.53000000000001
2026-07-31 20:05:05,378 [dual_prompt.py] => Learning on 30-40
2026-07-31 20:06:08,027 [dual_prompt.py] => Task 3, Epoch 10/10 => Loss 0.598, Train_accy 91.45, Test_accy nan
2026-07-31 20:06:15,837 [trainer.py] => CNN: {'total': 46.07, '00-09': 35.42, '10-19': 41.62, '20-29': 54.79, '30-39': 52.55, 'old': 43.92, 'new': 52.55, 'harmonic': 47.85}
2026-07-31 20:06:15,838 [trainer.py] => CNN top1 curve: [78.87, 57.61, 48.11, 46.07]
2026-07-31 20:06:15,838 [trainer.py] => CNN top5 curve: [99.7, 95.37, 90.34, 85.42]
2026-07-31 20:06:15,838 [trainer.py] => Average Accuracy (CNN top1): 57.665000000000006
2026-07-31 20:06:15,839 [dual_prompt.py] => Learning on 40-50
2026-07-31 20:07:19,131 [dual_prompt.py] => Task 4, Epoch 10/10 => Loss 0.558, Train_accy 89.97, Test_accy nan
2026-07-31 20:07:28,756 [trainer.py] => CNN: {'total': 43.08, '00-09': 29.76, '10-19': 39.82, '20-29': 50.3, '30-39': 51.05, '40-49': 44.58, 'old': 42.71, 'new': 44.58, 'harmonic': 43.62}
2026-07-31 20:07:28,757 [trainer.py] => CNN top1 curve: [78.87, 57.61, 48.11, 46.07, 43.08]
2026-07-31 20:07:28,758 [trainer.py] => CNN top5 curve: [99.7, 95.37, 90.34, 85.42, 81.19]
2026-07-31 20:07:28,758 [trainer.py] => Average Accuracy (CNN top1): 54.748000000000005
2026-07-31 20:07:28,759 [dual_prompt.py] => Learning on 50-60
2026-07-31 20:08:31,392 [dual_prompt.py] => Task 5, Epoch 10/10 => Loss 0.619, Train_accy 89.77, Test_accy nan
2026-07-31 20:08:42,596 [trainer.py] => CNN: {'total': 38.57, '00-09': 27.38, '10-19': 38.62, '20-29': 43.11, '30-39': 48.05, '40-49': 43.98, '50-59': 30.45, 'old': 40.2, 'new': 30.45, 'harmonic': 34.65}
2026-07-31 20:08:42,596 [trainer.py] => CNN top1 curve: [78.87, 57.61, 48.11, 46.07, 43.08, 38.57]
2026-07-31 20:08:42,596 [trainer.py] => CNN top5 curve: [99.7, 95.37, 90.34, 85.42, 81.19, 78.49]
2026-07-31 20:08:42,596 [trainer.py] => Average Accuracy (CNN top1): 52.05166666666667
2026-07-31 20:08:42,596 [dual_prompt.py] => Learning on 60-70
2026-07-31 20:09:45,656 [dual_prompt.py] => Task 6, Epoch 10/10 => Loss 0.961, Train_accy 79.79, Test_accy nan
2026-07-31 20:09:59,719 [trainer.py] => CNN: {'total': 34.76, '00-09': 26.49, '10-19': 35.93, '20-29': 42.81, '30-39': 47.45, '40-49': 43.67, '50-59': 30.15, '60-69': 16.87, 'old': 37.72, 'new': 16.87, 'harmonic': 23.31}
2026-07-31 20:09:59,719 [trainer.py] => CNN top1 curve: [78.87, 57.61, 48.11, 46.07, 43.08, 38.57, 34.76]
2026-07-31 20:09:59,720 [trainer.py] => CNN top5 curve: [99.7, 95.37, 90.34, 85.42, 81.19, 78.49, 73.46]
2026-07-31 20:09:59,720 [trainer.py] => Average Accuracy (CNN top1): 49.58142857142857
2026-07-31 20:09:59,720 [dual_prompt.py] => Learning on 70-80
2026-07-31 20:11:03,169 [dual_prompt.py] => Task 7, Epoch 10/10 => Loss 0.860, Train_accy 83.83, Test_accy nan
2026-07-31 20:11:17,639 [trainer.py] => CNN: {'total': 30.66, '00-09': 24.7, '10-19': 31.14, '20-29': 39.82, '30-39': 43.84, '40-49': 39.76, '50-59': 29.25, '60-69': 15.66, '70-79': 21.08, 'old': 32.02, 'new': 21.08, 'harmonic': 25.42}
2026-07-31 20:11:17,639 [trainer.py] => CNN top1 curve: [78.87, 57.61, 48.11, 46.07, 43.08, 38.57, 34.76, 30.66]
2026-07-31 20:11:17,639 [trainer.py] => CNN top5 curve: [99.7, 95.37, 90.34, 85.42, 81.19, 78.49, 73.46, 68.25]
2026-07-31 20:11:17,639 [trainer.py] => Average Accuracy (CNN top1): 47.21625
2026-07-31 20:11:17,639 [dual_prompt.py] => Learning on 80-90
2026-07-31 20:12:19,347 [dual_prompt.py] => Task 8, Epoch 10/10 => Loss 0.712, Train_accy 85.91, Test_accy nan
2026-07-31 20:12:36,781 [trainer.py] => CNN: {'total': 28.52, '00-09': 22.92, '10-19': 30.84, '20-29': 39.82, '30-39': 43.54, '40-49': 39.16, '50-59': 28.66, '60-69': 15.36, '70-79': 21.08, '80-89': 15.32, 'old': 30.17, 'new': 15.32, 'harmonic': 20.32}
2026-07-31 20:12:36,795 [trainer.py] => CNN top1 curve: [78.87, 57.61, 48.11, 46.07, 43.08, 38.57, 34.76, 30.66, 28.52]
2026-07-31 20:12:36,796 [trainer.py] => CNN top5 curve: [99.7, 95.37, 90.34, 85.42, 81.19, 78.49, 73.46, 68.25, 66.18]
2026-07-31 20:12:36,796 [trainer.py] => Average Accuracy (CNN top1): 45.138888888888886
2026-07-31 20:12:36,796 [dual_prompt.py] => Learning on 90-100
2026-07-31 20:13:39,246 [dual_prompt.py] => Task 9, Epoch 10/10 => Loss 0.473, Train_accy 94.76, Test_accy nan
2026-07-31 20:14:51,158 [trainer.py] => CNN: {'total': 26.13, '00-09': 21.13, '10-19': 25.45, '20-29': 35.63, '30-39': 40.84, '40-49': 31.93, '50-59': 24.48, '60-69': 11.75, '70-79': 18.37, '80-89': 13.21, '90-99': 38.55, 'old': 24.76, 'new': 38.55, 'harmonic': 30.15}
2026-07-31 20:14:51,190 [trainer.py] => CNN top1 curve: [78.87, 57.61, 48.11, 46.07, 43.08, 38.57, 34.76, 30.66, 28.52, 26.13]
2026-07-31 20:14:51,190 [trainer.py] => CNN top5 curve: [99.7, 95.37, 90.34, 85.42, 81.19, 78.49, 73.46, 68.25, 66.18, 64.39]
2026-07-31 20:14:51,190 [trainer.py] => Average Accuracy (CNN top1): 43.238
2026-08-01 01:00:25,481 [trainer.py] => config: configs/dualprompt/dualprompt_aircraft_B0_Inc10.json
2026-08-01 01:00:25,493 [trainer.py] => prefix: -
2026-08-01 01:00:25,493 [trainer.py] => dataset: aircraft
2026-08-01 01:00:25,493 [trainer.py] => memory_size: 0
2026-08-01 01:00:25,493 [trainer.py] => memory_per_class: 0
2026-08-01 01:00:25,493 [trainer.py] => fixed_memory: False
2026-08-01 01:00:25,493 [trainer.py] => shuffle: True
2026-08-01 01:00:25,493 [trainer.py] => init_cls: 10
2026-08-01 01:00:25,493 [trainer.py] => increment: 10
2026-08-01 01:00:25,494 [trainer.py] => model_name: dualprompt
2026-08-01 01:00:25,494 [trainer.py] => backbone_type: clip
2026-08-01 01:00:25,494 [trainer.py] => get_original_backbone: True
2026-08-01 01:00:25,494 [trainer.py] => device: [device(type='cuda', index=2)]
2026-08-01 01:00:25,494 [trainer.py] => seed: 1993
2026-08-01 01:00:25,494 [trainer.py] => nb_classes: 100
2026-08-01 01:00:25,494 [trainer.py] => tuned_epoch: 10
2026-08-01 01:00:25,494 [trainer.py] => init_lr: 0.001
2026-08-01 01:00:25,494 [trainer.py] => batch_size: 64
2026-08-01 01:00:25,494 [trainer.py] => weight_decay: 0
2026-08-01 01:00:25,494 [trainer.py] => min_lr: 1e-05
2026-08-01 01:00:25,494 [trainer.py] => optimizer: adam
2026-08-01 01:00:25,494 [trainer.py] => scheduler: constant
2026-08-01 01:00:25,494 [trainer.py] => reinit_optimizer: True
2026-08-01 01:00:25,494 [trainer.py] => global_pool: token
2026-08-01 01:00:25,494 [trainer.py] => head_type: token
2026-08-01 01:00:25,494 [trainer.py] => freeze: ['blocks', 'patch_embed', 'cls_token', 'norm', 'pos_embed']
2026-08-01 01:00:25,494 [trainer.py] => pretrained: True
2026-08-01 01:00:25,494 [trainer.py] => drop: 0.0
2026-08-01 01:00:25,494 [trainer.py] => drop_path: 0.0
2026-08-01 01:00:25,494 [trainer.py] => use_g_prompt: True
2026-08-01 01:00:25,495 [trainer.py] => g_prompt_length: 5
2026-08-01 01:00:25,495 [trainer.py] => g_prompt_layer_idx: [0, 1]
2026-08-01 01:00:25,495 [trainer.py] => use_prefix_tune_for_g_prompt: True
2026-08-01 01:00:25,495 [trainer.py] => use_e_prompt: True
2026-08-01 01:00:25,495 [trainer.py] => e_prompt_layer_idx: [2, 3, 4]
2026-08-01 01:00:25,495 [trainer.py] => use_prefix_tune_for_e_prompt: True
2026-08-01 01:00:25,495 [trainer.py] => prompt_pool: True
2026-08-01 01:00:25,495 [trainer.py] => size: 10
2026-08-01 01:00:25,495 [trainer.py] => length: 5
2026-08-01 01:00:25,495 [trainer.py] => top_k: 1
2026-08-01 01:00:25,495 [trainer.py] => initializer: uniform
2026-08-01 01:00:25,495 [trainer.py] => prompt_key: True
2026-08-01 01:00:25,495 [trainer.py] => prompt_key_init: uniform
2026-08-01 01:00:25,495 [trainer.py] => use_prompt_mask: True
2026-08-01 01:00:25,495 [trainer.py] => shared_prompt_pool: True
2026-08-01 01:00:25,495 [trainer.py] => shared_prompt_key: False
2026-08-01 01:00:25,495 [trainer.py] => batchwise_prompt: True
2026-08-01 01:00:25,495 [trainer.py] => embedding_key: cls
2026-08-01 01:00:25,495 [trainer.py] => predefined_key: 
2026-08-01 01:00:25,495 [trainer.py] => pull_constraint: True
2026-08-01 01:00:25,495 [trainer.py] => pull_constraint_coeff: 0.1
2026-08-01 01:00:25,495 [trainer.py] => same_key_value: False
2026-08-01 01:00:25,496 [trainer.py] => total_class_num: 100
2026-08-01 01:00:25,697 [data_manager.py] => [68, 56, 78, 8, 23, 84, 90, 65, 74, 76, 40, 89, 3, 92, 55, 9, 26, 80, 43, 38, 58, 70, 77, 1, 85, 19, 17, 50, 28, 53, 13, 81, 45, 82, 6, 59, 83, 16, 15, 44, 91, 41, 72, 60, 79, 52, 20, 10, 31, 54, 37, 95, 14, 71, 96, 98, 97, 2, 64, 66, 42, 22, 35, 86, 24, 34, 87, 21, 99, 0, 88, 27, 18, 94, 11, 12, 47, 25, 30, 46, 62, 69, 36, 61, 7, 63, 75, 5, 32, 4, 51, 48, 73, 93, 39, 67, 29, 49, 57, 33]
2026-08-01 01:00:34,784 [instantiator.py] => Created a temporary directory at /tmp/tmpggwyb30v
2026-08-01 01:00:34,785 [instantiator.py] => Writing /tmp/tmpggwyb30v/_remote_module_non_scriptable.py
2026-08-01 01:00:36,281 [factory.py] => Loaded ViT-B-16 model config.
2026-08-01 01:00:37,748 [factory.py] => Loading pretrained ViT-B-16 weights (/public/home/hanlida/Dr.1/pretrained_models/open_clip_pytorch_model_laion400m_e32.bin).
2026-08-01 01:00:41,096 [dual_prompt.py] => 86,494,820 model total parameters.
2026-08-01 01:00:41,096 [dual_prompt.py] => 286,820 model training parameters.
2026-08-01 01:00:41,097 [dual_prompt.py] => e_prompt.prompt: 230400
2026-08-01 01:00:41,097 [dual_prompt.py] => e_prompt.prompt_key: 5120
2026-08-01 01:00:41,097 [dual_prompt.py] => head.weight: 51200
2026-08-01 01:00:41,097 [dual_prompt.py] => head.bias: 100
2026-08-01 01:00:41,400 [dual_prompt.py] => Learning on 0-10
2026-08-01 01:01:44,758 [dual_prompt.py] => Task 0, Epoch 10/10 => Loss 0.895, Train_accy 83.73, Test_accy nan
2026-08-01 01:01:48,075 [trainer.py] => CNN: {'total': 78.87, '00-09': 78.87, 'old': 0, 'new': 78.87, 'harmonic': 0.0}
2026-08-01 01:01:48,075 [trainer.py] => CNN top1 curve: [78.87]
2026-08-01 01:01:48,075 [trainer.py] => CNN top5 curve: [99.7]
2026-08-01 01:01:48,076 [trainer.py] => Average Accuracy (CNN top1): 78.87
2026-08-01 01:01:48,076 [dual_prompt.py] => Learning on 10-20
2026-08-01 01:02:51,730 [dual_prompt.py] => Task 1, Epoch 10/10 => Loss 0.724, Train_accy 88.14, Test_accy nan
2026-08-01 01:02:56,295 [trainer.py] => CNN: {'total': 57.61, '00-09': 51.19, '10-19': 64.07, 'old': 51.19, 'new': 64.07, 'harmonic': 56.91}
2026-08-01 01:02:56,296 [trainer.py] => CNN top1 curve: [78.87, 57.61]
2026-08-01 01:02:56,296 [trainer.py] => CNN top5 curve: [99.7, 95.37]
2026-08-01 01:02:56,296 [trainer.py] => Average Accuracy (CNN top1): 68.24000000000001
2026-08-01 01:02:56,296 [dual_prompt.py] => Learning on 20-30
2026-08-01 01:03:57,074 [dual_prompt.py] => Task 2, Epoch 10/10 => Loss 0.751, Train_accy 82.28, Test_accy nan
2026-08-01 01:04:03,059 [trainer.py] => CNN: {'total': 48.11, '00-09': 37.8, '10-19': 49.1, '20-29': 57.49, 'old': 43.43, 'new': 57.49, 'harmonic': 49.48}
2026-08-01 01:04:03,059 [trainer.py] => CNN top1 curve: [78.87, 57.61, 48.11]
2026-08-01 01:04:03,059 [trainer.py] => CNN top5 curve: [99.7, 95.37, 90.34]
2026-08-01 01:04:03,060 [trainer.py] => Average Accuracy (CNN top1): 61.53000000000001
2026-08-01 01:04:03,060 [dual_prompt.py] => Learning on 30-40
2026-08-01 01:05:04,763 [dual_prompt.py] => Task 3, Epoch 10/10 => Loss 0.598, Train_accy 91.45, Test_accy nan
2026-08-01 01:05:14,664 [trainer.py] => CNN: {'total': 46.07, '00-09': 35.42, '10-19': 41.62, '20-29': 54.79, '30-39': 52.55, 'old': 43.92, 'new': 52.55, 'harmonic': 47.85}
2026-08-01 01:05:14,665 [trainer.py] => CNN top1 curve: [78.87, 57.61, 48.11, 46.07]
2026-08-01 01:05:14,665 [trainer.py] => CNN top5 curve: [99.7, 95.37, 90.34, 85.42]
2026-08-01 01:05:14,665 [trainer.py] => Average Accuracy (CNN top1): 57.665000000000006
2026-08-01 01:05:14,665 [dual_prompt.py] => Learning on 40-50
2026-08-01 01:06:18,561 [dual_prompt.py] => Task 4, Epoch 10/10 => Loss 0.558, Train_accy 89.97, Test_accy nan
2026-08-01 01:06:27,802 [trainer.py] => CNN: {'total': 43.08, '00-09': 29.76, '10-19': 39.82, '20-29': 50.3, '30-39': 51.05, '40-49': 44.58, 'old': 42.71, 'new': 44.58, 'harmonic': 43.62}
2026-08-01 01:06:27,802 [trainer.py] => CNN top1 curve: [78.87, 57.61, 48.11, 46.07, 43.08]
2026-08-01 01:06:27,802 [trainer.py] => CNN top5 curve: [99.7, 95.37, 90.34, 85.42, 81.19]
2026-08-01 01:06:27,802 [trainer.py] => Average Accuracy (CNN top1): 54.748000000000005
2026-08-01 01:06:27,802 [dual_prompt.py] => Learning on 50-60
2026-08-01 01:07:29,138 [dual_prompt.py] => Task 5, Epoch 10/10 => Loss 0.619, Train_accy 89.77, Test_accy nan
2026-08-01 01:07:40,487 [trainer.py] => CNN: {'total': 38.57, '00-09': 27.38, '10-19': 38.62, '20-29': 43.11, '30-39': 48.05, '40-49': 43.98, '50-59': 30.45, 'old': 40.2, 'new': 30.45, 'harmonic': 34.65}
2026-08-01 01:07:40,487 [trainer.py] => CNN top1 curve: [78.87, 57.61, 48.11, 46.07, 43.08, 38.57]
2026-08-01 01:07:40,487 [trainer.py] => CNN top5 curve: [99.7, 95.37, 90.34, 85.42, 81.19, 78.49]
2026-08-01 01:07:40,487 [trainer.py] => Average Accuracy (CNN top1): 52.05166666666667
2026-08-01 01:07:40,488 [dual_prompt.py] => Learning on 60-70
2026-08-01 01:08:42,547 [dual_prompt.py] => Task 6, Epoch 10/10 => Loss 0.961, Train_accy 79.79, Test_accy nan
2026-08-01 01:08:54,957 [trainer.py] => CNN: {'total': 34.76, '00-09': 26.49, '10-19': 35.93, '20-29': 42.81, '30-39': 47.45, '40-49': 43.67, '50-59': 30.15, '60-69': 16.87, 'old': 37.72, 'new': 16.87, 'harmonic': 23.31}
2026-08-01 01:08:54,958 [trainer.py] => CNN top1 curve: [78.87, 57.61, 48.11, 46.07, 43.08, 38.57, 34.76]
2026-08-01 01:08:54,958 [trainer.py] => CNN top5 curve: [99.7, 95.37, 90.34, 85.42, 81.19, 78.49, 73.46]
2026-08-01 01:08:54,958 [trainer.py] => Average Accuracy (CNN top1): 49.58142857142857
2026-08-01 01:08:54,958 [dual_prompt.py] => Learning on 70-80
2026-08-01 01:09:57,458 [dual_prompt.py] => Task 7, Epoch 10/10 => Loss 0.860, Train_accy 83.83, Test_accy nan
2026-08-01 01:10:11,565 [trainer.py] => CNN: {'total': 30.66, '00-09': 24.7, '10-19': 31.14, '20-29': 39.82, '30-39': 43.84, '40-49': 39.76, '50-59': 29.25, '60-69': 15.66, '70-79': 21.08, 'old': 32.02, 'new': 21.08, 'harmonic': 25.42}
2026-08-01 01:10:11,565 [trainer.py] => CNN top1 curve: [78.87, 57.61, 48.11, 46.07, 43.08, 38.57, 34.76, 30.66]
2026-08-01 01:10:11,565 [trainer.py] => CNN top5 curve: [99.7, 95.37, 90.34, 85.42, 81.19, 78.49, 73.46, 68.25]
2026-08-01 01:10:11,565 [trainer.py] => Average Accuracy (CNN top1): 47.21625
2026-08-01 01:10:11,566 [dual_prompt.py] => Learning on 80-90
2026-08-01 01:11:12,937 [dual_prompt.py] => Task 8, Epoch 10/10 => Loss 0.712, Train_accy 85.91, Test_accy nan
2026-08-01 01:11:28,744 [trainer.py] => CNN: {'total': 28.52, '00-09': 22.92, '10-19': 30.84, '20-29': 39.82, '30-39': 43.54, '40-49': 39.16, '50-59': 28.66, '60-69': 15.36, '70-79': 21.08, '80-89': 15.32, 'old': 30.17, 'new': 15.32, 'harmonic': 20.32}
2026-08-01 01:11:28,744 [trainer.py] => CNN top1 curve: [78.87, 57.61, 48.11, 46.07, 43.08, 38.57, 34.76, 30.66, 28.52]
2026-08-01 01:11:28,744 [trainer.py] => CNN top5 curve: [99.7, 95.37, 90.34, 85.42, 81.19, 78.49, 73.46, 68.25, 66.18]
2026-08-01 01:11:28,745 [trainer.py] => Average Accuracy (CNN top1): 45.138888888888886
2026-08-01 01:11:28,745 [dual_prompt.py] => Learning on 90-100
2026-08-01 01:12:29,445 [dual_prompt.py] => Task 9, Epoch 10/10 => Loss 0.473, Train_accy 94.76, Test_accy nan
2026-08-01 01:13:39,202 [trainer.py] => CNN: {'total': 26.13, '00-09': 21.13, '10-19': 25.45, '20-29': 35.63, '30-39': 40.84, '40-49': 31.93, '50-59': 24.48, '60-69': 11.75, '70-79': 18.37, '80-89': 13.21, '90-99': 38.55, 'old': 24.76, 'new': 38.55, 'harmonic': 30.15}
2026-08-01 01:13:39,202 [trainer.py] => CNN top1 curve: [78.87, 57.61, 48.11, 46.07, 43.08, 38.57, 34.76, 30.66, 28.52, 26.13]
2026-08-01 01:13:39,202 [trainer.py] => CNN top5 curve: [99.7, 95.37, 90.34, 85.42, 81.19, 78.49, 73.46, 68.25, 66.18, 64.39]
2026-08-01 01:13:39,202 [trainer.py] => Average Accuracy (CNN top1): 43.238
2026-08-01 01:54:44,746 [trainer.py] => config: configs/dualprompt/dualprompt_aircraft_B0_Inc10.json
2026-08-01 01:54:44,757 [trainer.py] => prefix: -
2026-08-01 01:54:44,757 [trainer.py] => dataset: aircraft
2026-08-01 01:54:44,757 [trainer.py] => memory_size: 0
2026-08-01 01:54:44,757 [trainer.py] => memory_per_class: 0
2026-08-01 01:54:44,757 [trainer.py] => fixed_memory: False
2026-08-01 01:54:44,757 [trainer.py] => shuffle: True
2026-08-01 01:54:44,757 [trainer.py] => init_cls: 10
2026-08-01 01:54:44,757 [trainer.py] => increment: 10
2026-08-01 01:54:44,757 [trainer.py] => model_name: dualprompt
2026-08-01 01:54:44,757 [trainer.py] => backbone_type: clip
2026-08-01 01:54:44,757 [trainer.py] => get_original_backbone: True
2026-08-01 01:54:44,758 [trainer.py] => device: [device(type='cuda', index=2)]
2026-08-01 01:54:44,758 [trainer.py] => seed: 1993
2026-08-01 01:54:44,758 [trainer.py] => nb_classes: 100
2026-08-01 01:54:44,758 [trainer.py] => tuned_epoch: 10
2026-08-01 01:54:44,758 [trainer.py] => init_lr: 0.001
2026-08-01 01:54:44,758 [trainer.py] => batch_size: 64
2026-08-01 01:54:44,758 [trainer.py] => weight_decay: 0
2026-08-01 01:54:44,758 [trainer.py] => min_lr: 1e-05
2026-08-01 01:54:44,758 [trainer.py] => optimizer: adam
2026-08-01 01:54:44,758 [trainer.py] => scheduler: constant
2026-08-01 01:54:44,758 [trainer.py] => reinit_optimizer: True
2026-08-01 01:54:44,758 [trainer.py] => global_pool: token
2026-08-01 01:54:44,759 [trainer.py] => head_type: token
2026-08-01 01:54:44,759 [trainer.py] => freeze: ['blocks', 'patch_embed', 'cls_token', 'norm', 'pos_embed']
2026-08-01 01:54:44,759 [trainer.py] => pretrained: True
2026-08-01 01:54:44,759 [trainer.py] => drop: 0.0
2026-08-01 01:54:44,759 [trainer.py] => drop_path: 0.0
2026-08-01 01:54:44,759 [trainer.py] => use_g_prompt: True
2026-08-01 01:54:44,759 [trainer.py] => g_prompt_length: 5
2026-08-01 01:54:44,759 [trainer.py] => g_prompt_layer_idx: [0, 1]
2026-08-01 01:54:44,759 [trainer.py] => use_prefix_tune_for_g_prompt: True
2026-08-01 01:54:44,759 [trainer.py] => use_e_prompt: True
2026-08-01 01:54:44,759 [trainer.py] => e_prompt_layer_idx: [2, 3, 4]
2026-08-01 01:54:44,759 [trainer.py] => use_prefix_tune_for_e_prompt: True
2026-08-01 01:54:44,759 [trainer.py] => prompt_pool: True
2026-08-01 01:54:44,760 [trainer.py] => size: 10
2026-08-01 01:54:44,760 [trainer.py] => length: 5
2026-08-01 01:54:44,760 [trainer.py] => top_k: 1
2026-08-01 01:54:44,760 [trainer.py] => initializer: uniform
2026-08-01 01:54:44,760 [trainer.py] => prompt_key: True
2026-08-01 01:54:44,760 [trainer.py] => prompt_key_init: uniform
2026-08-01 01:54:44,760 [trainer.py] => use_prompt_mask: True
2026-08-01 01:54:44,760 [trainer.py] => shared_prompt_pool: True
2026-08-01 01:54:44,760 [trainer.py] => shared_prompt_key: False
2026-08-01 01:54:44,760 [trainer.py] => batchwise_prompt: True
2026-08-01 01:54:44,760 [trainer.py] => embedding_key: cls
2026-08-01 01:54:44,760 [trainer.py] => predefined_key: 
2026-08-01 01:54:44,760 [trainer.py] => pull_constraint: True
2026-08-01 01:54:44,760 [trainer.py] => pull_constraint_coeff: 0.1
2026-08-01 01:54:44,761 [trainer.py] => same_key_value: False
2026-08-01 01:54:44,761 [trainer.py] => total_class_num: 100
2026-08-01 01:54:44,992 [data_manager.py] => [68, 56, 78, 8, 23, 84, 90, 65, 74, 76, 40, 89, 3, 92, 55, 9, 26, 80, 43, 38, 58, 70, 77, 1, 85, 19, 17, 50, 28, 53, 13, 81, 45, 82, 6, 59, 83, 16, 15, 44, 91, 41, 72, 60, 79, 52, 20, 10, 31, 54, 37, 95, 14, 71, 96, 98, 97, 2, 64, 66, 42, 22, 35, 86, 24, 34, 87, 21, 99, 0, 88, 27, 18, 94, 11, 12, 47, 25, 30, 46, 62, 69, 36, 61, 7, 63, 75, 5, 32, 4, 51, 48, 73, 93, 39, 67, 29, 49, 57, 33]
2026-08-01 01:54:53,883 [instantiator.py] => Created a temporary directory at /tmp/tmp96ar_wrq
2026-08-01 01:54:53,884 [instantiator.py] => Writing /tmp/tmp96ar_wrq/_remote_module_non_scriptable.py
2026-08-01 01:54:55,295 [factory.py] => Loaded ViT-B-16 model config.
2026-08-01 01:54:56,697 [factory.py] => Loading pretrained ViT-B-16 weights (/public/home/hanlida/Dr.1/pretrained_models/open_clip_pytorch_model_laion400m_e32.bin).
2026-08-01 01:54:59,167 [dual_prompt.py] => 86,494,820 model total parameters.
2026-08-01 01:54:59,167 [dual_prompt.py] => 286,820 model training parameters.
2026-08-01 01:54:59,167 [dual_prompt.py] => e_prompt.prompt: 230400
2026-08-01 01:54:59,167 [dual_prompt.py] => e_prompt.prompt_key: 5120
2026-08-01 01:54:59,167 [dual_prompt.py] => head.weight: 51200
2026-08-01 01:54:59,168 [dual_prompt.py] => head.bias: 100
2026-08-01 01:54:59,466 [dual_prompt.py] => Learning on 0-10
2026-08-01 01:56:01,901 [dual_prompt.py] => Task 0, Epoch 10/10 => Loss 0.895, Train_accy 83.73, Test_accy nan
2026-08-01 01:56:05,809 [trainer.py] => CNN: {'total': 78.87, '00-09': 78.87, 'old': 0, 'new': 78.87, 'harmonic': 0.0}
2026-08-01 01:56:05,810 [trainer.py] => CNN top1 curve: [78.87]
2026-08-01 01:56:05,810 [trainer.py] => CNN top5 curve: [99.7]
2026-08-01 01:56:05,811 [trainer.py] => Average Accuracy (CNN top1): 78.87
2026-08-01 01:56:05,828 [dual_prompt.py] => Learning on 10-20
2026-08-01 01:57:05,801 [dual_prompt.py] => Task 1, Epoch 10/10 => Loss 0.724, Train_accy 88.14, Test_accy nan
2026-08-01 01:57:10,238 [trainer.py] => CNN: {'total': 57.61, '00-09': 51.19, '10-19': 64.07, 'old': 51.19, 'new': 64.07, 'harmonic': 56.91}
2026-08-01 01:57:10,239 [trainer.py] => CNN top1 curve: [78.87, 57.61]
2026-08-01 01:57:10,239 [trainer.py] => CNN top5 curve: [99.7, 95.37]
2026-08-01 01:57:10,239 [trainer.py] => Average Accuracy (CNN top1): 68.24000000000001
2026-08-01 01:57:10,239 [dual_prompt.py] => Learning on 20-30
2026-08-01 01:58:13,008 [dual_prompt.py] => Task 2, Epoch 10/10 => Loss 0.751, Train_accy 82.28, Test_accy nan
2026-08-01 01:58:19,178 [trainer.py] => CNN: {'total': 48.11, '00-09': 37.8, '10-19': 49.1, '20-29': 57.49, 'old': 43.43, 'new': 57.49, 'harmonic': 49.48}
2026-08-01 01:58:19,179 [trainer.py] => CNN top1 curve: [78.87, 57.61, 48.11]
2026-08-01 01:58:19,179 [trainer.py] => CNN top5 curve: [99.7, 95.37, 90.34]
2026-08-01 01:58:19,179 [trainer.py] => Average Accuracy (CNN top1): 61.53000000000001
2026-08-01 01:58:19,180 [dual_prompt.py] => Learning on 30-40
2026-08-01 01:59:23,234 [dual_prompt.py] => Task 3, Epoch 10/10 => Loss 0.598, Train_accy 91.45, Test_accy nan
2026-08-01 01:59:30,991 [trainer.py] => CNN: {'total': 46.07, '00-09': 35.42, '10-19': 41.62, '20-29': 54.79, '30-39': 52.55, 'old': 43.92, 'new': 52.55, 'harmonic': 47.85}
2026-08-01 01:59:30,992 [trainer.py] => CNN top1 curve: [78.87, 57.61, 48.11, 46.07]
2026-08-01 01:59:30,992 [trainer.py] => CNN top5 curve: [99.7, 95.37, 90.34, 85.42]
2026-08-01 01:59:30,992 [trainer.py] => Average Accuracy (CNN top1): 57.665000000000006
2026-08-01 01:59:30,992 [dual_prompt.py] => Learning on 40-50
2026-08-01 02:00:32,432 [dual_prompt.py] => Task 4, Epoch 10/10 => Loss 0.558, Train_accy 89.97, Test_accy nan
2026-08-01 02:00:41,675 [trainer.py] => CNN: {'total': 43.08, '00-09': 29.76, '10-19': 39.82, '20-29': 50.3, '30-39': 51.05, '40-49': 44.58, 'old': 42.71, 'new': 44.58, 'harmonic': 43.62}
2026-08-01 02:00:41,675 [trainer.py] => CNN top1 curve: [78.87, 57.61, 48.11, 46.07, 43.08]
2026-08-01 02:00:41,675 [trainer.py] => CNN top5 curve: [99.7, 95.37, 90.34, 85.42, 81.19]
2026-08-01 02:00:41,675 [trainer.py] => Average Accuracy (CNN top1): 54.748000000000005
2026-08-01 02:00:41,676 [dual_prompt.py] => Learning on 50-60
2026-08-01 02:01:44,334 [dual_prompt.py] => Task 5, Epoch 10/10 => Loss 0.619, Train_accy 89.77, Test_accy nan
2026-08-01 02:01:56,283 [trainer.py] => CNN: {'total': 38.57, '00-09': 27.38, '10-19': 38.62, '20-29': 43.11, '30-39': 48.05, '40-49': 43.98, '50-59': 30.45, 'old': 40.2, 'new': 30.45, 'harmonic': 34.65}
2026-08-01 02:01:56,284 [trainer.py] => CNN top1 curve: [78.87, 57.61, 48.11, 46.07, 43.08, 38.57]
2026-08-01 02:01:56,284 [trainer.py] => CNN top5 curve: [99.7, 95.37, 90.34, 85.42, 81.19, 78.49]
2026-08-01 02:01:56,284 [trainer.py] => Average Accuracy (CNN top1): 52.05166666666667
2026-08-01 02:01:56,284 [dual_prompt.py] => Learning on 60-70
2026-08-01 02:02:57,805 [dual_prompt.py] => Task 6, Epoch 10/10 => Loss 0.961, Train_accy 79.79, Test_accy nan
2026-08-01 02:03:10,562 [trainer.py] => CNN: {'total': 34.76, '00-09': 26.49, '10-19': 35.93, '20-29': 42.81, '30-39': 47.45, '40-49': 43.67, '50-59': 30.15, '60-69': 16.87, 'old': 37.72, 'new': 16.87, 'harmonic': 23.31}
2026-08-01 02:03:10,563 [trainer.py] => CNN top1 curve: [78.87, 57.61, 48.11, 46.07, 43.08, 38.57, 34.76]
2026-08-01 02:03:10,563 [trainer.py] => CNN top5 curve: [99.7, 95.37, 90.34, 85.42, 81.19, 78.49, 73.46]
2026-08-01 02:03:10,563 [trainer.py] => Average Accuracy (CNN top1): 49.58142857142857
2026-08-01 02:03:10,563 [dual_prompt.py] => Learning on 70-80
2026-08-01 02:04:12,517 [dual_prompt.py] => Task 7, Epoch 10/10 => Loss 0.860, Train_accy 83.83, Test_accy nan
2026-08-01 02:04:26,661 [trainer.py] => CNN: {'total': 30.66, '00-09': 24.7, '10-19': 31.14, '20-29': 39.82, '30-39': 43.84, '40-49': 39.76, '50-59': 29.25, '60-69': 15.66, '70-79': 21.08, 'old': 32.02, 'new': 21.08, 'harmonic': 25.42}
2026-08-01 02:04:26,661 [trainer.py] => CNN top1 curve: [78.87, 57.61, 48.11, 46.07, 43.08, 38.57, 34.76, 30.66]
2026-08-01 02:04:26,661 [trainer.py] => CNN top5 curve: [99.7, 95.37, 90.34, 85.42, 81.19, 78.49, 73.46, 68.25]
2026-08-01 02:04:26,661 [trainer.py] => Average Accuracy (CNN top1): 47.21625
2026-08-01 02:04:26,661 [dual_prompt.py] => Learning on 80-90
2026-08-01 02:05:28,428 [dual_prompt.py] => Task 8, Epoch 10/10 => Loss 0.712, Train_accy 85.91, Test_accy nan
2026-08-01 02:05:44,468 [trainer.py] => CNN: {'total': 28.52, '00-09': 22.92, '10-19': 30.84, '20-29': 39.82, '30-39': 43.54, '40-49': 39.16, '50-59': 28.66, '60-69': 15.36, '70-79': 21.08, '80-89': 15.32, 'old': 30.17, 'new': 15.32, 'harmonic': 20.32}
2026-08-01 02:05:44,469 [trainer.py] => CNN top1 curve: [78.87, 57.61, 48.11, 46.07, 43.08, 38.57, 34.76, 30.66, 28.52]
2026-08-01 02:05:44,469 [trainer.py] => CNN top5 curve: [99.7, 95.37, 90.34, 85.42, 81.19, 78.49, 73.46, 68.25, 66.18]
2026-08-01 02:05:44,470 [trainer.py] => Average Accuracy (CNN top1): 45.138888888888886
2026-08-01 02:05:44,470 [dual_prompt.py] => Learning on 90-100
2026-08-01 02:06:47,456 [dual_prompt.py] => Task 9, Epoch 10/10 => Loss 0.473, Train_accy 94.76, Test_accy nan
2026-08-01 02:07:57,012 [trainer.py] => CNN: {'total': 26.13, '00-09': 21.13, '10-19': 25.45, '20-29': 35.63, '30-39': 40.84, '40-49': 31.93, '50-59': 24.48, '60-69': 11.75, '70-79': 18.37, '80-89': 13.21, '90-99': 38.55, 'old': 24.76, 'new': 38.55, 'harmonic': 30.15}
2026-08-01 02:07:57,013 [trainer.py] => CNN top1 curve: [78.87, 57.61, 48.11, 46.07, 43.08, 38.57, 34.76, 30.66, 28.52, 26.13]
2026-08-01 02:07:57,013 [trainer.py] => CNN top5 curve: [99.7, 95.37, 90.34, 85.42, 81.19, 78.49, 73.46, 68.25, 66.18, 64.39]
2026-08-01 02:07:57,013 [trainer.py] => Average Accuracy (CNN top1): 43.238
