2026-07-31 19:44:50,671 [trainer.py] => config: configs/dualprompt/dualprompt_cars_B0_Inc10.json
2026-07-31 19:44:50,672 [trainer.py] => prefix: -
2026-07-31 19:44:50,672 [trainer.py] => dataset: cars
2026-07-31 19:44:50,672 [trainer.py] => memory_size: 0
2026-07-31 19:44:50,672 [trainer.py] => memory_per_class: 0
2026-07-31 19:44:50,672 [trainer.py] => fixed_memory: False
2026-07-31 19:44:50,672 [trainer.py] => shuffle: True
2026-07-31 19:44:50,672 [trainer.py] => init_cls: 10
2026-07-31 19:44:50,672 [trainer.py] => increment: 10
2026-07-31 19:44:50,672 [trainer.py] => model_name: dualprompt
2026-07-31 19:44:50,672 [trainer.py] => backbone_type: clip
2026-07-31 19:44:50,672 [trainer.py] => get_original_backbone: True
2026-07-31 19:44:50,672 [trainer.py] => device: [device(type='cuda', index=2)]
2026-07-31 19:44:50,672 [trainer.py] => seed: 1993
2026-07-31 19:44:50,672 [trainer.py] => nb_classes: 100
2026-07-31 19:44:50,673 [trainer.py] => tuned_epoch: 10
2026-07-31 19:44:50,673 [trainer.py] => init_lr: 0.001
2026-07-31 19:44:50,673 [trainer.py] => batch_size: 64
2026-07-31 19:44:50,673 [trainer.py] => weight_decay: 0
2026-07-31 19:44:50,673 [trainer.py] => min_lr: 1e-05
2026-07-31 19:44:50,673 [trainer.py] => optimizer: adam
2026-07-31 19:44:50,673 [trainer.py] => scheduler: constant
2026-07-31 19:44:50,673 [trainer.py] => reinit_optimizer: True
2026-07-31 19:44:50,673 [trainer.py] => global_pool: token
2026-07-31 19:44:50,673 [trainer.py] => head_type: token
2026-07-31 19:44:50,673 [trainer.py] => freeze: ['blocks', 'patch_embed', 'cls_token', 'norm', 'pos_embed']
2026-07-31 19:44:50,673 [trainer.py] => pretrained: True
2026-07-31 19:44:50,673 [trainer.py] => drop: 0.0
2026-07-31 19:44:50,673 [trainer.py] => drop_path: 0.0
2026-07-31 19:44:50,674 [trainer.py] => use_g_prompt: True
2026-07-31 19:44:50,674 [trainer.py] => g_prompt_length: 5
2026-07-31 19:44:50,674 [trainer.py] => g_prompt_layer_idx: [0, 1]
2026-07-31 19:44:50,674 [trainer.py] => use_prefix_tune_for_g_prompt: True
2026-07-31 19:44:50,674 [trainer.py] => use_e_prompt: True
2026-07-31 19:44:50,674 [trainer.py] => e_prompt_layer_idx: [2, 3, 4]
2026-07-31 19:44:50,674 [trainer.py] => use_prefix_tune_for_e_prompt: True
2026-07-31 19:44:50,674 [trainer.py] => prompt_pool: True
2026-07-31 19:44:50,674 [trainer.py] => size: 10
2026-07-31 19:44:50,674 [trainer.py] => length: 5
2026-07-31 19:44:50,674 [trainer.py] => top_k: 1
2026-07-31 19:44:50,674 [trainer.py] => initializer: uniform
2026-07-31 19:44:50,674 [trainer.py] => prompt_key: True
2026-07-31 19:44:50,674 [trainer.py] => prompt_key_init: uniform
2026-07-31 19:44:50,674 [trainer.py] => use_prompt_mask: True
2026-07-31 19:44:50,674 [trainer.py] => shared_prompt_pool: True
2026-07-31 19:44:50,675 [trainer.py] => shared_prompt_key: False
2026-07-31 19:44:50,675 [trainer.py] => batchwise_prompt: True
2026-07-31 19:44:50,675 [trainer.py] => embedding_key: cls
2026-07-31 19:44:50,675 [trainer.py] => predefined_key: 
2026-07-31 19:44:50,675 [trainer.py] => pull_constraint: True
2026-07-31 19:44:50,675 [trainer.py] => pull_constraint_coeff: 0.1
2026-07-31 19:44:50,675 [trainer.py] => same_key_value: False
2026-07-31 19:44:50,675 [trainer.py] => total_class_num: 100
2026-07-31 19:44:50,993 [data_manager.py] => [68, 56, 78, 8, 23, 84, 90, 65, 74, 76, 40, 89, 3, 92, 55, 9, 26, 80, 43, 38, 58, 70, 77, 1, 85, 19, 17, 50, 28, 53, 13, 81, 45, 82, 6, 59, 83, 16, 15, 44, 91, 41, 72, 60, 79, 52, 20, 10, 31, 54, 37, 95, 14, 71, 96, 98, 97, 2, 64, 66, 42, 22, 35, 86, 24, 34, 87, 21, 99, 0, 88, 27, 18, 94, 11, 12, 47, 25, 30, 46, 62, 69, 36, 61, 7, 63, 75, 5, 32, 4, 51, 48, 73, 93, 39, 67, 29, 49, 57, 33]
2026-07-31 19:45:02,254 [instantiator.py] => Created a temporary directory at /tmp/tmpn9l_l1d2
2026-07-31 19:45:02,255 [instantiator.py] => Writing /tmp/tmpn9l_l1d2/_remote_module_non_scriptable.py
2026-07-31 19:45:04,086 [factory.py] => Loaded ViT-B-16 model config.
2026-07-31 19:45:05,511 [factory.py] => Loading pretrained ViT-B-16 weights (/public/home/hanlida/Dr.1/pretrained_models/open_clip_pytorch_model_laion400m_e32.bin).
2026-07-31 19:45:10,320 [dual_prompt.py] => 86,494,820 model total parameters.
2026-07-31 19:45:10,320 [dual_prompt.py] => 286,820 model training parameters.
2026-07-31 19:45:10,321 [dual_prompt.py] => e_prompt.prompt: 230400
2026-07-31 19:45:10,321 [dual_prompt.py] => e_prompt.prompt_key: 5120
2026-07-31 19:45:10,321 [dual_prompt.py] => head.weight: 51200
2026-07-31 19:45:10,321 [dual_prompt.py] => head.bias: 100
2026-07-31 19:45:10,761 [dual_prompt.py] => Learning on 0-10
2026-07-31 19:46:18,285 [dual_prompt.py] => Task 0, Epoch 10/10 => Loss 0.321, Train_accy 99.07, Test_accy 98.35
2026-07-31 19:46:21,015 [trainer.py] => CNN: {'total': 98.35, '00-09': 98.35, 'old': 0, 'new': 98.35, 'harmonic': 0.0}
2026-07-31 19:46:21,015 [trainer.py] => CNN top1 curve: [98.35]
2026-07-31 19:46:21,015 [trainer.py] => CNN top5 curve: [100.0]
2026-07-31 19:46:21,015 [trainer.py] => Average Accuracy (CNN top1): 98.35
2026-07-31 19:46:21,015 [dual_prompt.py] => Learning on 10-20
2026-07-31 19:47:46,770 [dual_prompt.py] => Task 1, Epoch 10/10 => Loss 0.326, Train_accy 99.75, Test_accy 95.39
2026-07-31 19:47:51,554 [trainer.py] => CNN: {'total': 95.39, '00-09': 96.46, '10-19': 94.25, 'old': 96.46, 'new': 94.25, 'harmonic': 95.34}
2026-07-31 19:47:51,555 [trainer.py] => CNN top1 curve: [98.35, 95.39]
2026-07-31 19:47:51,555 [trainer.py] => CNN top5 curve: [100.0, 99.88]
2026-07-31 19:47:51,556 [trainer.py] => Average Accuracy (CNN top1): 96.87
2026-07-31 19:47:51,556 [dual_prompt.py] => Learning on 20-30
2026-07-31 19:50:12,423 [trainer.py] => config: configs/dualprompt/dualprompt_cars_B0_Inc10.json
2026-07-31 19:50:12,424 [trainer.py] => prefix: -
2026-07-31 19:50:12,424 [trainer.py] => dataset: cars
2026-07-31 19:50:12,424 [trainer.py] => memory_size: 0
2026-07-31 19:50:12,424 [trainer.py] => memory_per_class: 0
2026-07-31 19:50:12,425 [trainer.py] => fixed_memory: False
2026-07-31 19:50:12,425 [trainer.py] => shuffle: True
2026-07-31 19:50:12,425 [trainer.py] => init_cls: 10
2026-07-31 19:50:12,425 [trainer.py] => increment: 10
2026-07-31 19:50:12,425 [trainer.py] => model_name: dualprompt
2026-07-31 19:50:12,425 [trainer.py] => backbone_type: clip
2026-07-31 19:50:12,425 [trainer.py] => get_original_backbone: True
2026-07-31 19:50:12,426 [trainer.py] => device: [device(type='cuda', index=2)]
2026-07-31 19:50:12,426 [trainer.py] => seed: 1993
2026-07-31 19:50:12,426 [trainer.py] => nb_classes: 100
2026-07-31 19:50:12,426 [trainer.py] => tuned_epoch: 10
2026-07-31 19:50:12,426 [trainer.py] => init_lr: 0.001
2026-07-31 19:50:12,426 [trainer.py] => batch_size: 64
2026-07-31 19:50:12,426 [trainer.py] => weight_decay: 0
2026-07-31 19:50:12,427 [trainer.py] => min_lr: 1e-05
2026-07-31 19:50:12,427 [trainer.py] => optimizer: adam
2026-07-31 19:50:12,427 [trainer.py] => scheduler: constant
2026-07-31 19:50:12,427 [trainer.py] => reinit_optimizer: True
2026-07-31 19:50:12,427 [trainer.py] => global_pool: token
2026-07-31 19:50:12,427 [trainer.py] => head_type: token
2026-07-31 19:50:12,427 [trainer.py] => freeze: ['blocks', 'patch_embed', 'cls_token', 'norm', 'pos_embed']
2026-07-31 19:50:12,428 [trainer.py] => pretrained: True
2026-07-31 19:50:12,428 [trainer.py] => drop: 0.0
2026-07-31 19:50:12,428 [trainer.py] => drop_path: 0.0
2026-07-31 19:50:12,428 [trainer.py] => use_g_prompt: True
2026-07-31 19:50:12,428 [trainer.py] => g_prompt_length: 5
2026-07-31 19:50:12,428 [trainer.py] => g_prompt_layer_idx: [0, 1]
2026-07-31 19:50:12,428 [trainer.py] => use_prefix_tune_for_g_prompt: True
2026-07-31 19:50:12,428 [trainer.py] => use_e_prompt: True
2026-07-31 19:50:12,429 [trainer.py] => e_prompt_layer_idx: [2, 3, 4]
2026-07-31 19:50:12,429 [trainer.py] => use_prefix_tune_for_e_prompt: True
2026-07-31 19:50:12,429 [trainer.py] => prompt_pool: True
2026-07-31 19:50:12,429 [trainer.py] => size: 10
2026-07-31 19:50:12,429 [trainer.py] => length: 5
2026-07-31 19:50:12,429 [trainer.py] => top_k: 1
2026-07-31 19:50:12,429 [trainer.py] => initializer: uniform
2026-07-31 19:50:12,430 [trainer.py] => prompt_key: True
2026-07-31 19:50:12,430 [trainer.py] => prompt_key_init: uniform
2026-07-31 19:50:12,430 [trainer.py] => use_prompt_mask: True
2026-07-31 19:50:12,430 [trainer.py] => shared_prompt_pool: True
2026-07-31 19:50:12,430 [trainer.py] => shared_prompt_key: False
2026-07-31 19:50:12,430 [trainer.py] => batchwise_prompt: True
2026-07-31 19:50:12,430 [trainer.py] => embedding_key: cls
2026-07-31 19:50:12,430 [trainer.py] => predefined_key: 
2026-07-31 19:50:12,431 [trainer.py] => pull_constraint: True
2026-07-31 19:50:12,431 [trainer.py] => pull_constraint_coeff: 0.1
2026-07-31 19:50:12,431 [trainer.py] => same_key_value: False
2026-07-31 19:50:12,431 [trainer.py] => total_class_num: 100
2026-07-31 19:50:12,684 [data_manager.py] => [68, 56, 78, 8, 23, 84, 90, 65, 74, 76, 40, 89, 3, 92, 55, 9, 26, 80, 43, 38, 58, 70, 77, 1, 85, 19, 17, 50, 28, 53, 13, 81, 45, 82, 6, 59, 83, 16, 15, 44, 91, 41, 72, 60, 79, 52, 20, 10, 31, 54, 37, 95, 14, 71, 96, 98, 97, 2, 64, 66, 42, 22, 35, 86, 24, 34, 87, 21, 99, 0, 88, 27, 18, 94, 11, 12, 47, 25, 30, 46, 62, 69, 36, 61, 7, 63, 75, 5, 32, 4, 51, 48, 73, 93, 39, 67, 29, 49, 57, 33]
2026-07-31 19:50:26,233 [instantiator.py] => Created a temporary directory at /tmp/tmpfzpvayxi
2026-07-31 19:50:26,234 [instantiator.py] => Writing /tmp/tmpfzpvayxi/_remote_module_non_scriptable.py
2026-07-31 19:50:28,019 [factory.py] => Loaded ViT-B-16 model config.
2026-07-31 19:51:11,411 [trainer.py] => config: configs/dualprompt/dualprompt_cars_B0_Inc10.json
2026-07-31 19:51:11,412 [trainer.py] => prefix: -
2026-07-31 19:51:11,412 [trainer.py] => dataset: cars
2026-07-31 19:51:11,412 [trainer.py] => memory_size: 0
2026-07-31 19:51:11,412 [trainer.py] => memory_per_class: 0
2026-07-31 19:51:11,412 [trainer.py] => fixed_memory: False
2026-07-31 19:51:11,412 [trainer.py] => shuffle: True
2026-07-31 19:51:11,412 [trainer.py] => init_cls: 10
2026-07-31 19:51:11,412 [trainer.py] => increment: 10
2026-07-31 19:51:11,412 [trainer.py] => model_name: dualprompt
2026-07-31 19:51:11,412 [trainer.py] => backbone_type: clip
2026-07-31 19:51:11,412 [trainer.py] => get_original_backbone: True
2026-07-31 19:51:11,412 [trainer.py] => device: [device(type='cuda', index=2)]
2026-07-31 19:51:11,412 [trainer.py] => seed: 1993
2026-07-31 19:51:11,412 [trainer.py] => nb_classes: 100
2026-07-31 19:51:11,412 [trainer.py] => tuned_epoch: 10
2026-07-31 19:51:11,413 [trainer.py] => init_lr: 0.001
2026-07-31 19:51:11,413 [trainer.py] => batch_size: 64
2026-07-31 19:51:11,413 [trainer.py] => weight_decay: 0
2026-07-31 19:51:11,413 [trainer.py] => min_lr: 1e-05
2026-07-31 19:51:11,413 [trainer.py] => optimizer: adam
2026-07-31 19:51:11,413 [trainer.py] => scheduler: constant
2026-07-31 19:51:11,413 [trainer.py] => reinit_optimizer: True
2026-07-31 19:51:11,413 [trainer.py] => global_pool: token
2026-07-31 19:51:11,413 [trainer.py] => head_type: token
2026-07-31 19:51:11,413 [trainer.py] => freeze: ['blocks', 'patch_embed', 'cls_token', 'norm', 'pos_embed']
2026-07-31 19:51:11,413 [trainer.py] => pretrained: True
2026-07-31 19:51:11,413 [trainer.py] => drop: 0.0
2026-07-31 19:51:11,413 [trainer.py] => drop_path: 0.0
2026-07-31 19:51:11,413 [trainer.py] => use_g_prompt: True
2026-07-31 19:51:11,413 [trainer.py] => g_prompt_length: 5
2026-07-31 19:51:11,413 [trainer.py] => g_prompt_layer_idx: [0, 1]
2026-07-31 19:51:11,413 [trainer.py] => use_prefix_tune_for_g_prompt: True
2026-07-31 19:51:11,414 [trainer.py] => use_e_prompt: True
2026-07-31 19:51:11,414 [trainer.py] => e_prompt_layer_idx: [2, 3, 4]
2026-07-31 19:51:11,414 [trainer.py] => use_prefix_tune_for_e_prompt: True
2026-07-31 19:51:11,414 [trainer.py] => prompt_pool: True
2026-07-31 19:51:11,414 [trainer.py] => size: 10
2026-07-31 19:51:11,414 [trainer.py] => length: 5
2026-07-31 19:51:11,414 [trainer.py] => top_k: 1
2026-07-31 19:51:11,414 [trainer.py] => initializer: uniform
2026-07-31 19:51:11,414 [trainer.py] => prompt_key: True
2026-07-31 19:51:11,414 [trainer.py] => prompt_key_init: uniform
2026-07-31 19:51:11,414 [trainer.py] => use_prompt_mask: True
2026-07-31 19:51:11,414 [trainer.py] => shared_prompt_pool: True
2026-07-31 19:51:11,414 [trainer.py] => shared_prompt_key: False
2026-07-31 19:51:11,414 [trainer.py] => batchwise_prompt: True
2026-07-31 19:51:11,414 [trainer.py] => embedding_key: cls
2026-07-31 19:51:11,414 [trainer.py] => predefined_key: 
2026-07-31 19:51:11,414 [trainer.py] => pull_constraint: True
2026-07-31 19:51:11,415 [trainer.py] => pull_constraint_coeff: 0.1
2026-07-31 19:51:11,415 [trainer.py] => same_key_value: False
2026-07-31 19:51:11,415 [trainer.py] => total_class_num: 100
2026-07-31 19:51:11,720 [data_manager.py] => [68, 56, 78, 8, 23, 84, 90, 65, 74, 76, 40, 89, 3, 92, 55, 9, 26, 80, 43, 38, 58, 70, 77, 1, 85, 19, 17, 50, 28, 53, 13, 81, 45, 82, 6, 59, 83, 16, 15, 44, 91, 41, 72, 60, 79, 52, 20, 10, 31, 54, 37, 95, 14, 71, 96, 98, 97, 2, 64, 66, 42, 22, 35, 86, 24, 34, 87, 21, 99, 0, 88, 27, 18, 94, 11, 12, 47, 25, 30, 46, 62, 69, 36, 61, 7, 63, 75, 5, 32, 4, 51, 48, 73, 93, 39, 67, 29, 49, 57, 33]
2026-07-31 19:51:23,217 [instantiator.py] => Created a temporary directory at /tmp/tmp14bxa9ci
2026-07-31 19:51:23,218 [instantiator.py] => Writing /tmp/tmp14bxa9ci/_remote_module_non_scriptable.py
2026-07-31 19:51:24,872 [factory.py] => Loaded ViT-B-16 model config.
2026-07-31 19:51:26,494 [factory.py] => Loading pretrained ViT-B-16 weights (/public/home/hanlida/Dr.1/pretrained_models/open_clip_pytorch_model_laion400m_e32.bin).
2026-07-31 19:51:31,049 [dual_prompt.py] => 86,494,820 model total parameters.
2026-07-31 19:51:31,049 [dual_prompt.py] => 286,820 model training parameters.
2026-07-31 19:51:31,050 [dual_prompt.py] => e_prompt.prompt: 230400
2026-07-31 19:51:31,050 [dual_prompt.py] => e_prompt.prompt_key: 5120
2026-07-31 19:51:31,050 [dual_prompt.py] => head.weight: 51200
2026-07-31 19:51:31,050 [dual_prompt.py] => head.bias: 100
2026-07-31 19:51:31,449 [dual_prompt.py] => Learning on 0-10
2026-07-31 19:52:10,945 [dual_prompt.py] => Task 0, Epoch 10/10 => Loss 0.317, Train_accy 99.07, Test_accy nan
2026-07-31 19:52:13,691 [trainer.py] => CNN: {'total': 97.41, '00-09': 97.41, 'old': 0, 'new': 97.41, 'harmonic': 0.0}
2026-07-31 19:52:13,691 [trainer.py] => CNN top1 curve: [97.41]
2026-07-31 19:52:13,691 [trainer.py] => CNN top5 curve: [100.0]
2026-07-31 19:52:13,692 [trainer.py] => Average Accuracy (CNN top1): 97.41
2026-07-31 19:52:13,692 [dual_prompt.py] => Learning on 10-20
2026-07-31 19:52:51,956 [dual_prompt.py] => Task 1, Epoch 10/10 => Loss 0.322, Train_accy 100.00, Test_accy nan
2026-07-31 19:52:56,655 [trainer.py] => CNN: {'total': 94.66, '00-09': 95.75, '10-19': 93.5, 'old': 95.75, 'new': 93.5, 'harmonic': 94.61}
2026-07-31 19:52:56,656 [trainer.py] => CNN top1 curve: [97.41, 94.66]
2026-07-31 19:52:56,656 [trainer.py] => CNN top5 curve: [100.0, 99.88]
2026-07-31 19:52:56,656 [trainer.py] => Average Accuracy (CNN top1): 96.035
2026-07-31 19:52:56,656 [dual_prompt.py] => Learning on 20-30
2026-07-31 19:53:35,324 [dual_prompt.py] => Task 2, Epoch 10/10 => Loss 0.322, Train_accy 97.65, Test_accy nan
2026-07-31 19:53:42,022 [trainer.py] => CNN: {'total': 89.87, '00-09': 93.63, '10-19': 93.5, '20-29': 82.62, 'old': 93.57, 'new': 82.62, 'harmonic': 87.75}
2026-07-31 19:53:42,022 [trainer.py] => CNN top1 curve: [97.41, 94.66, 89.87]
2026-07-31 19:53:42,023 [trainer.py] => CNN top5 curve: [100.0, 99.88, 99.92]
2026-07-31 19:53:42,023 [trainer.py] => Average Accuracy (CNN top1): 93.98
2026-07-31 19:53:42,023 [dual_prompt.py] => Learning on 30-40
2026-07-31 19:54:19,251 [dual_prompt.py] => Task 3, Epoch 10/10 => Loss 0.482, Train_accy 90.68, Test_accy nan
2026-07-31 19:54:27,957 [trainer.py] => CNN: {'total': 84.78, '00-09': 93.4, '10-19': 93.0, '20-29': 80.48, '30-39': 71.68, 'old': 88.91, 'new': 71.68, 'harmonic': 79.37}
2026-07-31 19:54:27,958 [trainer.py] => CNN top1 curve: [97.41, 94.66, 89.87, 84.78]
2026-07-31 19:54:27,958 [trainer.py] => CNN top5 curve: [100.0, 99.88, 99.92, 99.76]
2026-07-31 19:54:27,959 [trainer.py] => Average Accuracy (CNN top1): 91.68
2026-07-31 19:54:27,959 [dual_prompt.py] => Learning on 40-50
2026-07-31 19:55:06,079 [dual_prompt.py] => Task 4, Epoch 10/10 => Loss 0.291, Train_accy 100.00, Test_accy nan
2026-07-31 19:55:16,613 [trainer.py] => CNN: {'total': 79.1, '00-09': 90.8, '10-19': 75.5, '20-29': 78.33, '30-39': 64.03, '40-49': 85.82, 'old': 77.44, 'new': 85.82, 'harmonic': 81.41}
2026-07-31 19:55:16,615 [trainer.py] => CNN top1 curve: [97.41, 94.66, 89.87, 84.78, 79.1]
2026-07-31 19:55:16,615 [trainer.py] => CNN top5 curve: [100.0, 99.88, 99.92, 99.76, 99.36]
2026-07-31 19:55:16,615 [trainer.py] => Average Accuracy (CNN top1): 89.16400000000002
2026-07-31 19:55:16,616 [dual_prompt.py] => Learning on 50-60
2026-07-31 19:55:56,643 [dual_prompt.py] => Task 5, Epoch 10/10 => Loss 0.222, Train_accy 99.52, Test_accy nan
2026-07-31 19:56:09,269 [trainer.py] => CNN: {'total': 79.76, '00-09': 90.57, '10-19': 72.5, '20-29': 77.86, '30-39': 63.01, '40-49': 85.57, '50-59': 87.89, 'old': 78.12, 'new': 87.89, 'harmonic': 82.72}
2026-07-31 19:56:09,270 [trainer.py] => CNN top1 curve: [97.41, 94.66, 89.87, 84.78, 79.1, 79.76]
2026-07-31 19:56:09,270 [trainer.py] => CNN top5 curve: [100.0, 99.88, 99.92, 99.76, 99.36, 99.1]
2026-07-31 19:56:09,270 [trainer.py] => Average Accuracy (CNN top1): 87.59666666666668
2026-07-31 19:56:09,271 [dual_prompt.py] => Learning on 60-70
2026-07-31 19:56:48,513 [dual_prompt.py] => Task 6, Epoch 10/10 => Loss 0.413, Train_accy 94.00, Test_accy nan
2026-07-31 19:57:03,122 [trainer.py] => CNN: {'total': 78.08, '00-09': 90.57, '10-19': 72.0, '20-29': 77.14, '30-39': 63.01, '40-49': 85.57, '50-59': 84.75, '60-69': 72.37, 'old': 79.03, 'new': 72.37, 'harmonic': 75.55}
2026-07-31 19:57:03,123 [trainer.py] => CNN top1 curve: [97.41, 94.66, 89.87, 84.78, 79.1, 79.76, 78.08]
2026-07-31 19:57:03,123 [trainer.py] => CNN top5 curve: [100.0, 99.88, 99.92, 99.76, 99.36, 99.1, 98.81]
2026-07-31 19:57:03,124 [trainer.py] => Average Accuracy (CNN top1): 86.23714285714287
2026-07-31 19:57:03,124 [dual_prompt.py] => Learning on 70-80
2026-07-31 19:57:40,412 [dual_prompt.py] => Task 7, Epoch 10/10 => Loss 0.395, Train_accy 97.78, Test_accy nan
2026-07-31 19:57:56,955 [trainer.py] => CNN: {'total': 73.7, '00-09': 88.44, '10-19': 71.0, '20-29': 76.43, '30-39': 62.5, '40-49': 85.32, '50-59': 84.02, '60-69': 72.37, '70-79': 47.87, 'old': 77.31, 'new': 47.87, 'harmonic': 59.13}
2026-07-31 19:57:56,974 [trainer.py] => CNN top1 curve: [97.41, 94.66, 89.87, 84.78, 79.1, 79.76, 78.08, 73.7]
2026-07-31 19:57:56,974 [trainer.py] => CNN top5 curve: [100.0, 99.88, 99.92, 99.76, 99.36, 99.1, 98.81, 98.25]
2026-07-31 19:57:56,975 [trainer.py] => Average Accuracy (CNN top1): 84.67000000000002
2026-07-31 19:57:56,975 [dual_prompt.py] => Learning on 80-90
2026-07-31 19:58:37,565 [dual_prompt.py] => Task 8, Epoch 10/10 => Loss 0.335, Train_accy 99.29, Test_accy nan
2026-07-31 19:58:56,136 [trainer.py] => CNN: {'total': 71.59, '00-09': 86.56, '10-19': 61.25, '20-29': 72.14, '30-39': 63.01, '40-49': 84.83, '50-59': 83.78, '60-69': 66.26, '70-79': 47.37, '80-89': 77.33, 'old': 70.85, 'new': 77.33, 'harmonic': 73.95}
2026-07-31 19:58:56,148 [trainer.py] => CNN top1 curve: [97.41, 94.66, 89.87, 84.78, 79.1, 79.76, 78.08, 73.7, 71.59]
2026-07-31 19:58:56,148 [trainer.py] => CNN top5 curve: [100.0, 99.88, 99.92, 99.76, 99.36, 99.1, 98.81, 98.25, 98.04]
2026-07-31 19:58:56,148 [trainer.py] => Average Accuracy (CNN top1): 83.21666666666668
2026-07-31 19:58:56,149 [dual_prompt.py] => Learning on 90-100
2026-07-31 19:59:34,974 [dual_prompt.py] => Task 9, Epoch 10/10 => Loss 0.388, Train_accy 95.85, Test_accy nan
2026-07-31 20:00:57,419 [trainer.py] => CNN: {'total': 70.61, '00-09': 85.38, '10-19': 61.0, '20-29': 70.48, '30-39': 62.76, '40-49': 84.83, '50-59': 83.05, '60-69': 66.26, '70-79': 46.87, '80-89': 77.09, '90-99': 66.67, 'old': 71.04, 'new': 66.67, 'harmonic': 68.79}
2026-07-31 20:00:57,451 [trainer.py] => CNN top1 curve: [97.41, 94.66, 89.87, 84.78, 79.1, 79.76, 78.08, 73.7, 71.59, 70.61]
2026-07-31 20:00:57,451 [trainer.py] => CNN top5 curve: [100.0, 99.88, 99.92, 99.76, 99.36, 99.1, 98.81, 98.25, 98.04, 97.89]
2026-07-31 20:00:57,451 [trainer.py] => Average Accuracy (CNN top1): 81.95600000000002
2026-08-01 00:50:12,141 [trainer.py] => config: configs/dualprompt/dualprompt_cars_B0_Inc10.json
2026-08-01 00:50:12,161 [trainer.py] => prefix: -
2026-08-01 00:50:12,161 [trainer.py] => dataset: cars
2026-08-01 00:50:12,161 [trainer.py] => memory_size: 0
2026-08-01 00:50:12,161 [trainer.py] => memory_per_class: 0
2026-08-01 00:50:12,161 [trainer.py] => fixed_memory: False
2026-08-01 00:50:12,161 [trainer.py] => shuffle: True
2026-08-01 00:50:12,161 [trainer.py] => init_cls: 10
2026-08-01 00:50:12,161 [trainer.py] => increment: 10
2026-08-01 00:50:12,162 [trainer.py] => model_name: dualprompt
2026-08-01 00:50:12,162 [trainer.py] => backbone_type: clip
2026-08-01 00:50:12,162 [trainer.py] => get_original_backbone: True
2026-08-01 00:50:12,162 [trainer.py] => device: [device(type='cuda', index=2)]
2026-08-01 00:50:12,162 [trainer.py] => seed: 1993
2026-08-01 00:50:12,162 [trainer.py] => nb_classes: 100
2026-08-01 00:50:12,162 [trainer.py] => tuned_epoch: 10
2026-08-01 00:50:12,162 [trainer.py] => init_lr: 0.001
2026-08-01 00:50:12,162 [trainer.py] => batch_size: 64
2026-08-01 00:50:12,163 [trainer.py] => weight_decay: 0
2026-08-01 00:50:12,163 [trainer.py] => min_lr: 1e-05
2026-08-01 00:50:12,163 [trainer.py] => optimizer: adam
2026-08-01 00:50:12,163 [trainer.py] => scheduler: constant
2026-08-01 00:50:12,163 [trainer.py] => reinit_optimizer: True
2026-08-01 00:50:12,163 [trainer.py] => global_pool: token
2026-08-01 00:50:12,163 [trainer.py] => head_type: token
2026-08-01 00:50:12,163 [trainer.py] => freeze: ['blocks', 'patch_embed', 'cls_token', 'norm', 'pos_embed']
2026-08-01 00:50:12,163 [trainer.py] => pretrained: True
2026-08-01 00:50:12,163 [trainer.py] => drop: 0.0
2026-08-01 00:50:12,164 [trainer.py] => drop_path: 0.0
2026-08-01 00:50:12,164 [trainer.py] => use_g_prompt: True
2026-08-01 00:50:12,164 [trainer.py] => g_prompt_length: 5
2026-08-01 00:50:12,164 [trainer.py] => g_prompt_layer_idx: [0, 1]
2026-08-01 00:50:12,164 [trainer.py] => use_prefix_tune_for_g_prompt: True
2026-08-01 00:50:12,164 [trainer.py] => use_e_prompt: True
2026-08-01 00:50:12,164 [trainer.py] => e_prompt_layer_idx: [2, 3, 4]
2026-08-01 00:50:12,164 [trainer.py] => use_prefix_tune_for_e_prompt: True
2026-08-01 00:50:12,164 [trainer.py] => prompt_pool: True
2026-08-01 00:50:12,164 [trainer.py] => size: 10
2026-08-01 00:50:12,164 [trainer.py] => length: 5
2026-08-01 00:50:12,165 [trainer.py] => top_k: 1
2026-08-01 00:50:12,165 [trainer.py] => initializer: uniform
2026-08-01 00:50:12,165 [trainer.py] => prompt_key: True
2026-08-01 00:50:12,165 [trainer.py] => prompt_key_init: uniform
2026-08-01 00:50:12,165 [trainer.py] => use_prompt_mask: True
2026-08-01 00:50:12,165 [trainer.py] => shared_prompt_pool: True
2026-08-01 00:50:12,165 [trainer.py] => shared_prompt_key: False
2026-08-01 00:50:12,165 [trainer.py] => batchwise_prompt: True
2026-08-01 00:50:12,165 [trainer.py] => embedding_key: cls
2026-08-01 00:50:12,165 [trainer.py] => predefined_key: 
2026-08-01 00:50:12,166 [trainer.py] => pull_constraint: True
2026-08-01 00:50:12,166 [trainer.py] => pull_constraint_coeff: 0.1
2026-08-01 00:50:12,166 [trainer.py] => same_key_value: False
2026-08-01 00:50:12,166 [trainer.py] => total_class_num: 100
2026-08-01 00:50:12,510 [data_manager.py] => [68, 56, 78, 8, 23, 84, 90, 65, 74, 76, 40, 89, 3, 92, 55, 9, 26, 80, 43, 38, 58, 70, 77, 1, 85, 19, 17, 50, 28, 53, 13, 81, 45, 82, 6, 59, 83, 16, 15, 44, 91, 41, 72, 60, 79, 52, 20, 10, 31, 54, 37, 95, 14, 71, 96, 98, 97, 2, 64, 66, 42, 22, 35, 86, 24, 34, 87, 21, 99, 0, 88, 27, 18, 94, 11, 12, 47, 25, 30, 46, 62, 69, 36, 61, 7, 63, 75, 5, 32, 4, 51, 48, 73, 93, 39, 67, 29, 49, 57, 33]
2026-08-01 00:50:25,637 [instantiator.py] => Created a temporary directory at /tmp/tmpwb1rvdvl
2026-08-01 00:50:25,638 [instantiator.py] => Writing /tmp/tmpwb1rvdvl/_remote_module_non_scriptable.py
2026-08-01 00:50:27,446 [factory.py] => Loaded ViT-B-16 model config.
2026-08-01 00:50:29,023 [factory.py] => Loading pretrained ViT-B-16 weights (/public/home/hanlida/Dr.1/pretrained_models/open_clip_pytorch_model_laion400m_e32.bin).
2026-08-01 00:50:34,382 [dual_prompt.py] => 86,494,820 model total parameters.
2026-08-01 00:50:34,382 [dual_prompt.py] => 286,820 model training parameters.
2026-08-01 00:50:34,383 [dual_prompt.py] => e_prompt.prompt: 230400
2026-08-01 00:50:34,383 [dual_prompt.py] => e_prompt.prompt_key: 5120
2026-08-01 00:50:34,383 [dual_prompt.py] => head.weight: 51200
2026-08-01 00:50:34,383 [dual_prompt.py] => head.bias: 100
2026-08-01 00:50:35,496 [dual_prompt.py] => Learning on 0-10
2026-08-01 00:51:16,378 [dual_prompt.py] => Task 0, Epoch 10/10 => Loss 0.317, Train_accy 99.07, Test_accy nan
2026-08-01 00:51:19,151 [trainer.py] => CNN: {'total': 97.41, '00-09': 97.41, 'old': 0, 'new': 97.41, 'harmonic': 0.0}
2026-08-01 00:51:19,152 [trainer.py] => CNN top1 curve: [97.41]
2026-08-01 00:51:19,152 [trainer.py] => CNN top5 curve: [100.0]
2026-08-01 00:51:19,152 [trainer.py] => Average Accuracy (CNN top1): 97.41
2026-08-01 00:51:19,152 [dual_prompt.py] => Learning on 10-20
2026-08-01 00:51:58,496 [dual_prompt.py] => Task 1, Epoch 10/10 => Loss 0.322, Train_accy 100.00, Test_accy nan
2026-08-01 00:52:03,320 [trainer.py] => CNN: {'total': 94.66, '00-09': 95.75, '10-19': 93.5, 'old': 95.75, 'new': 93.5, 'harmonic': 94.61}
2026-08-01 00:52:03,321 [trainer.py] => CNN top1 curve: [97.41, 94.66]
2026-08-01 00:52:03,321 [trainer.py] => CNN top5 curve: [100.0, 99.88]
2026-08-01 00:52:03,321 [trainer.py] => Average Accuracy (CNN top1): 96.035
2026-08-01 00:52:03,321 [dual_prompt.py] => Learning on 20-30
2026-08-01 00:52:42,888 [dual_prompt.py] => Task 2, Epoch 10/10 => Loss 0.322, Train_accy 97.65, Test_accy nan
2026-08-01 00:52:49,668 [trainer.py] => CNN: {'total': 89.87, '00-09': 93.63, '10-19': 93.5, '20-29': 82.62, 'old': 93.57, 'new': 82.62, 'harmonic': 87.75}
2026-08-01 00:52:49,668 [trainer.py] => CNN top1 curve: [97.41, 94.66, 89.87]
2026-08-01 00:52:49,668 [trainer.py] => CNN top5 curve: [100.0, 99.88, 99.92]
2026-08-01 00:52:49,669 [trainer.py] => Average Accuracy (CNN top1): 93.98
2026-08-01 00:52:49,669 [dual_prompt.py] => Learning on 30-40
2026-08-01 00:53:26,257 [dual_prompt.py] => Task 3, Epoch 10/10 => Loss 0.482, Train_accy 90.68, Test_accy nan
2026-08-01 00:53:34,785 [trainer.py] => CNN: {'total': 84.78, '00-09': 93.4, '10-19': 93.0, '20-29': 80.48, '30-39': 71.68, 'old': 88.91, 'new': 71.68, 'harmonic': 79.37}
2026-08-01 00:53:34,785 [trainer.py] => CNN top1 curve: [97.41, 94.66, 89.87, 84.78]
2026-08-01 00:53:34,785 [trainer.py] => CNN top5 curve: [100.0, 99.88, 99.92, 99.76]
2026-08-01 00:53:34,785 [trainer.py] => Average Accuracy (CNN top1): 91.68
2026-08-01 00:53:34,785 [dual_prompt.py] => Learning on 40-50
2026-08-01 00:54:12,320 [dual_prompt.py] => Task 4, Epoch 10/10 => Loss 0.291, Train_accy 100.00, Test_accy nan
2026-08-01 00:54:23,026 [trainer.py] => CNN: {'total': 79.1, '00-09': 90.8, '10-19': 75.5, '20-29': 78.33, '30-39': 64.03, '40-49': 85.82, 'old': 77.44, 'new': 85.82, 'harmonic': 81.41}
2026-08-01 00:54:23,026 [trainer.py] => CNN top1 curve: [97.41, 94.66, 89.87, 84.78, 79.1]
2026-08-01 00:54:23,027 [trainer.py] => CNN top5 curve: [100.0, 99.88, 99.92, 99.76, 99.36]
2026-08-01 00:54:23,027 [trainer.py] => Average Accuracy (CNN top1): 89.16400000000002
2026-08-01 00:54:23,027 [dual_prompt.py] => Learning on 50-60
2026-08-01 00:55:03,158 [dual_prompt.py] => Task 5, Epoch 10/10 => Loss 0.222, Train_accy 99.52, Test_accy nan
2026-08-01 00:55:15,763 [trainer.py] => CNN: {'total': 79.76, '00-09': 90.57, '10-19': 72.5, '20-29': 77.86, '30-39': 63.01, '40-49': 85.57, '50-59': 87.89, 'old': 78.12, 'new': 87.89, 'harmonic': 82.72}
2026-08-01 00:55:15,763 [trainer.py] => CNN top1 curve: [97.41, 94.66, 89.87, 84.78, 79.1, 79.76]
2026-08-01 00:55:15,764 [trainer.py] => CNN top5 curve: [100.0, 99.88, 99.92, 99.76, 99.36, 99.1]
2026-08-01 00:55:15,764 [trainer.py] => Average Accuracy (CNN top1): 87.59666666666668
2026-08-01 00:55:15,764 [dual_prompt.py] => Learning on 60-70
2026-08-01 00:55:54,733 [dual_prompt.py] => Task 6, Epoch 10/10 => Loss 0.413, Train_accy 94.00, Test_accy nan
2026-08-01 00:56:09,803 [trainer.py] => CNN: {'total': 78.08, '00-09': 90.57, '10-19': 72.0, '20-29': 77.14, '30-39': 63.01, '40-49': 85.57, '50-59': 84.75, '60-69': 72.37, 'old': 79.03, 'new': 72.37, 'harmonic': 75.55}
2026-08-01 00:56:09,803 [trainer.py] => CNN top1 curve: [97.41, 94.66, 89.87, 84.78, 79.1, 79.76, 78.08]
2026-08-01 00:56:09,804 [trainer.py] => CNN top5 curve: [100.0, 99.88, 99.92, 99.76, 99.36, 99.1, 98.81]
2026-08-01 00:56:09,804 [trainer.py] => Average Accuracy (CNN top1): 86.23714285714287
2026-08-01 00:56:09,804 [dual_prompt.py] => Learning on 70-80
2026-08-01 00:56:47,080 [dual_prompt.py] => Task 7, Epoch 10/10 => Loss 0.395, Train_accy 97.78, Test_accy nan
2026-08-01 00:57:04,358 [trainer.py] => CNN: {'total': 73.7, '00-09': 88.44, '10-19': 71.0, '20-29': 76.43, '30-39': 62.5, '40-49': 85.32, '50-59': 84.02, '60-69': 72.37, '70-79': 47.87, 'old': 77.31, 'new': 47.87, 'harmonic': 59.13}
2026-08-01 00:57:04,359 [trainer.py] => CNN top1 curve: [97.41, 94.66, 89.87, 84.78, 79.1, 79.76, 78.08, 73.7]
2026-08-01 00:57:04,359 [trainer.py] => CNN top5 curve: [100.0, 99.88, 99.92, 99.76, 99.36, 99.1, 98.81, 98.25]
2026-08-01 00:57:04,359 [trainer.py] => Average Accuracy (CNN top1): 84.67000000000002
2026-08-01 00:57:04,359 [dual_prompt.py] => Learning on 80-90
2026-08-01 00:57:45,111 [dual_prompt.py] => Task 8, Epoch 10/10 => Loss 0.335, Train_accy 99.29, Test_accy nan
2026-08-01 00:58:03,737 [trainer.py] => CNN: {'total': 71.59, '00-09': 86.56, '10-19': 61.25, '20-29': 72.14, '30-39': 63.01, '40-49': 84.83, '50-59': 83.78, '60-69': 66.26, '70-79': 47.37, '80-89': 77.33, 'old': 70.85, 'new': 77.33, 'harmonic': 73.95}
2026-08-01 00:58:03,737 [trainer.py] => CNN top1 curve: [97.41, 94.66, 89.87, 84.78, 79.1, 79.76, 78.08, 73.7, 71.59]
2026-08-01 00:58:03,737 [trainer.py] => CNN top5 curve: [100.0, 99.88, 99.92, 99.76, 99.36, 99.1, 98.81, 98.25, 98.04]
2026-08-01 00:58:03,737 [trainer.py] => Average Accuracy (CNN top1): 83.21666666666668
2026-08-01 00:58:03,737 [dual_prompt.py] => Learning on 90-100
2026-08-01 00:58:42,508 [dual_prompt.py] => Task 9, Epoch 10/10 => Loss 0.388, Train_accy 95.85, Test_accy nan
2026-08-01 01:00:04,487 [trainer.py] => CNN: {'total': 70.61, '00-09': 85.38, '10-19': 61.0, '20-29': 70.48, '30-39': 62.76, '40-49': 84.83, '50-59': 83.05, '60-69': 66.26, '70-79': 46.87, '80-89': 77.09, '90-99': 66.67, 'old': 71.04, 'new': 66.67, 'harmonic': 68.79}
2026-08-01 01:00:04,487 [trainer.py] => CNN top1 curve: [97.41, 94.66, 89.87, 84.78, 79.1, 79.76, 78.08, 73.7, 71.59, 70.61]
2026-08-01 01:00:04,487 [trainer.py] => CNN top5 curve: [100.0, 99.88, 99.92, 99.76, 99.36, 99.1, 98.81, 98.25, 98.04, 97.89]
2026-08-01 01:00:04,487 [trainer.py] => Average Accuracy (CNN top1): 81.95600000000002
2026-08-01 01:44:39,085 [trainer.py] => config: configs/dualprompt/dualprompt_cars_B0_Inc10.json
2026-08-01 01:44:39,099 [trainer.py] => prefix: -
2026-08-01 01:44:39,099 [trainer.py] => dataset: cars
2026-08-01 01:44:39,099 [trainer.py] => memory_size: 0
2026-08-01 01:44:39,099 [trainer.py] => memory_per_class: 0
2026-08-01 01:44:39,100 [trainer.py] => fixed_memory: False
2026-08-01 01:44:39,100 [trainer.py] => shuffle: True
2026-08-01 01:44:39,100 [trainer.py] => init_cls: 10
2026-08-01 01:44:39,100 [trainer.py] => increment: 10
2026-08-01 01:44:39,100 [trainer.py] => model_name: dualprompt
2026-08-01 01:44:39,100 [trainer.py] => backbone_type: clip
2026-08-01 01:44:39,100 [trainer.py] => get_original_backbone: True
2026-08-01 01:44:39,100 [trainer.py] => device: [device(type='cuda', index=2)]
2026-08-01 01:44:39,100 [trainer.py] => seed: 1993
2026-08-01 01:44:39,100 [trainer.py] => nb_classes: 100
2026-08-01 01:44:39,100 [trainer.py] => tuned_epoch: 10
2026-08-01 01:44:39,100 [trainer.py] => init_lr: 0.001
2026-08-01 01:44:39,100 [trainer.py] => batch_size: 64
2026-08-01 01:44:39,100 [trainer.py] => weight_decay: 0
2026-08-01 01:44:39,100 [trainer.py] => min_lr: 1e-05
2026-08-01 01:44:39,101 [trainer.py] => optimizer: adam
2026-08-01 01:44:39,101 [trainer.py] => scheduler: constant
2026-08-01 01:44:39,101 [trainer.py] => reinit_optimizer: True
2026-08-01 01:44:39,101 [trainer.py] => global_pool: token
2026-08-01 01:44:39,101 [trainer.py] => head_type: token
2026-08-01 01:44:39,101 [trainer.py] => freeze: ['blocks', 'patch_embed', 'cls_token', 'norm', 'pos_embed']
2026-08-01 01:44:39,101 [trainer.py] => pretrained: True
2026-08-01 01:44:39,101 [trainer.py] => drop: 0.0
2026-08-01 01:44:39,101 [trainer.py] => drop_path: 0.0
2026-08-01 01:44:39,101 [trainer.py] => use_g_prompt: True
2026-08-01 01:44:39,101 [trainer.py] => g_prompt_length: 5
2026-08-01 01:44:39,101 [trainer.py] => g_prompt_layer_idx: [0, 1]
2026-08-01 01:44:39,101 [trainer.py] => use_prefix_tune_for_g_prompt: True
2026-08-01 01:44:39,101 [trainer.py] => use_e_prompt: True
2026-08-01 01:44:39,101 [trainer.py] => e_prompt_layer_idx: [2, 3, 4]
2026-08-01 01:44:39,101 [trainer.py] => use_prefix_tune_for_e_prompt: True
2026-08-01 01:44:39,102 [trainer.py] => prompt_pool: True
2026-08-01 01:44:39,102 [trainer.py] => size: 10
2026-08-01 01:44:39,102 [trainer.py] => length: 5
2026-08-01 01:44:39,102 [trainer.py] => top_k: 1
2026-08-01 01:44:39,102 [trainer.py] => initializer: uniform
2026-08-01 01:44:39,102 [trainer.py] => prompt_key: True
2026-08-01 01:44:39,102 [trainer.py] => prompt_key_init: uniform
2026-08-01 01:44:39,102 [trainer.py] => use_prompt_mask: True
2026-08-01 01:44:39,102 [trainer.py] => shared_prompt_pool: True
2026-08-01 01:44:39,102 [trainer.py] => shared_prompt_key: False
2026-08-01 01:44:39,102 [trainer.py] => batchwise_prompt: True
2026-08-01 01:44:39,102 [trainer.py] => embedding_key: cls
2026-08-01 01:44:39,102 [trainer.py] => predefined_key: 
2026-08-01 01:44:39,102 [trainer.py] => pull_constraint: True
2026-08-01 01:44:39,102 [trainer.py] => pull_constraint_coeff: 0.1
2026-08-01 01:44:39,102 [trainer.py] => same_key_value: False
2026-08-01 01:44:39,103 [trainer.py] => total_class_num: 100
2026-08-01 01:44:39,327 [data_manager.py] => [68, 56, 78, 8, 23, 84, 90, 65, 74, 76, 40, 89, 3, 92, 55, 9, 26, 80, 43, 38, 58, 70, 77, 1, 85, 19, 17, 50, 28, 53, 13, 81, 45, 82, 6, 59, 83, 16, 15, 44, 91, 41, 72, 60, 79, 52, 20, 10, 31, 54, 37, 95, 14, 71, 96, 98, 97, 2, 64, 66, 42, 22, 35, 86, 24, 34, 87, 21, 99, 0, 88, 27, 18, 94, 11, 12, 47, 25, 30, 46, 62, 69, 36, 61, 7, 63, 75, 5, 32, 4, 51, 48, 73, 93, 39, 67, 29, 49, 57, 33]
2026-08-01 01:44:48,610 [instantiator.py] => Created a temporary directory at /tmp/tmpabntkg3y
2026-08-01 01:44:48,611 [instantiator.py] => Writing /tmp/tmpabntkg3y/_remote_module_non_scriptable.py
2026-08-01 01:44:50,168 [factory.py] => Loaded ViT-B-16 model config.
2026-08-01 01:44:51,620 [factory.py] => Loading pretrained ViT-B-16 weights (/public/home/hanlida/Dr.1/pretrained_models/open_clip_pytorch_model_laion400m_e32.bin).
2026-08-01 01:44:54,143 [dual_prompt.py] => 86,494,820 model total parameters.
2026-08-01 01:44:54,144 [dual_prompt.py] => 286,820 model training parameters.
2026-08-01 01:44:54,144 [dual_prompt.py] => e_prompt.prompt: 230400
2026-08-01 01:44:54,144 [dual_prompt.py] => e_prompt.prompt_key: 5120
2026-08-01 01:44:54,144 [dual_prompt.py] => head.weight: 51200
2026-08-01 01:44:54,144 [dual_prompt.py] => head.bias: 100
2026-08-01 01:44:54,444 [dual_prompt.py] => Learning on 0-10
2026-08-01 01:45:37,429 [dual_prompt.py] => Task 0, Epoch 10/10 => Loss 0.317, Train_accy 99.07, Test_accy nan
2026-08-01 01:45:40,271 [trainer.py] => CNN: {'total': 97.41, '00-09': 97.41, 'old': 0, 'new': 97.41, 'harmonic': 0.0}
2026-08-01 01:45:40,271 [trainer.py] => CNN top1 curve: [97.41]
2026-08-01 01:45:40,271 [trainer.py] => CNN top5 curve: [100.0]
2026-08-01 01:45:40,271 [trainer.py] => Average Accuracy (CNN top1): 97.41
2026-08-01 01:45:40,271 [dual_prompt.py] => Learning on 10-20
2026-08-01 01:46:20,144 [dual_prompt.py] => Task 1, Epoch 10/10 => Loss 0.322, Train_accy 100.00, Test_accy nan
2026-08-01 01:46:24,920 [trainer.py] => CNN: {'total': 94.66, '00-09': 95.75, '10-19': 93.5, 'old': 95.75, 'new': 93.5, 'harmonic': 94.61}
2026-08-01 01:46:24,920 [trainer.py] => CNN top1 curve: [97.41, 94.66]
2026-08-01 01:46:24,920 [trainer.py] => CNN top5 curve: [100.0, 99.88]
2026-08-01 01:46:24,920 [trainer.py] => Average Accuracy (CNN top1): 96.035
2026-08-01 01:46:24,921 [dual_prompt.py] => Learning on 20-30
2026-08-01 01:47:03,818 [dual_prompt.py] => Task 2, Epoch 10/10 => Loss 0.322, Train_accy 97.65, Test_accy nan
2026-08-01 01:47:10,506 [trainer.py] => CNN: {'total': 89.87, '00-09': 93.63, '10-19': 93.5, '20-29': 82.62, 'old': 93.57, 'new': 82.62, 'harmonic': 87.75}
2026-08-01 01:47:10,506 [trainer.py] => CNN top1 curve: [97.41, 94.66, 89.87]
2026-08-01 01:47:10,506 [trainer.py] => CNN top5 curve: [100.0, 99.88, 99.92]
2026-08-01 01:47:10,506 [trainer.py] => Average Accuracy (CNN top1): 93.98
2026-08-01 01:47:10,507 [dual_prompt.py] => Learning on 30-40
2026-08-01 01:47:47,388 [dual_prompt.py] => Task 3, Epoch 10/10 => Loss 0.482, Train_accy 90.68, Test_accy nan
2026-08-01 01:47:55,977 [trainer.py] => CNN: {'total': 84.78, '00-09': 93.4, '10-19': 93.0, '20-29': 80.48, '30-39': 71.68, 'old': 88.91, 'new': 71.68, 'harmonic': 79.37}
2026-08-01 01:47:55,977 [trainer.py] => CNN top1 curve: [97.41, 94.66, 89.87, 84.78]
2026-08-01 01:47:55,977 [trainer.py] => CNN top5 curve: [100.0, 99.88, 99.92, 99.76]
2026-08-01 01:47:55,978 [trainer.py] => Average Accuracy (CNN top1): 91.68
2026-08-01 01:47:55,978 [dual_prompt.py] => Learning on 40-50
2026-08-01 01:48:33,580 [dual_prompt.py] => Task 4, Epoch 10/10 => Loss 0.291, Train_accy 100.00, Test_accy nan
2026-08-01 01:48:44,032 [trainer.py] => CNN: {'total': 79.1, '00-09': 90.8, '10-19': 75.5, '20-29': 78.33, '30-39': 64.03, '40-49': 85.82, 'old': 77.44, 'new': 85.82, 'harmonic': 81.41}
2026-08-01 01:48:44,032 [trainer.py] => CNN top1 curve: [97.41, 94.66, 89.87, 84.78, 79.1]
2026-08-01 01:48:44,032 [trainer.py] => CNN top5 curve: [100.0, 99.88, 99.92, 99.76, 99.36]
2026-08-01 01:48:44,032 [trainer.py] => Average Accuracy (CNN top1): 89.16400000000002
2026-08-01 01:48:44,033 [dual_prompt.py] => Learning on 50-60
2026-08-01 01:49:23,275 [dual_prompt.py] => Task 5, Epoch 10/10 => Loss 0.222, Train_accy 99.52, Test_accy nan
2026-08-01 01:49:35,713 [trainer.py] => CNN: {'total': 79.76, '00-09': 90.57, '10-19': 72.5, '20-29': 77.86, '30-39': 63.01, '40-49': 85.57, '50-59': 87.89, 'old': 78.12, 'new': 87.89, 'harmonic': 82.72}
2026-08-01 01:49:35,714 [trainer.py] => CNN top1 curve: [97.41, 94.66, 89.87, 84.78, 79.1, 79.76]
2026-08-01 01:49:35,714 [trainer.py] => CNN top5 curve: [100.0, 99.88, 99.92, 99.76, 99.36, 99.1]
2026-08-01 01:49:35,714 [trainer.py] => Average Accuracy (CNN top1): 87.59666666666668
2026-08-01 01:49:35,714 [dual_prompt.py] => Learning on 60-70
2026-08-01 01:50:13,845 [dual_prompt.py] => Task 6, Epoch 10/10 => Loss 0.413, Train_accy 94.00, Test_accy nan
2026-08-01 01:50:28,370 [trainer.py] => CNN: {'total': 78.08, '00-09': 90.57, '10-19': 72.0, '20-29': 77.14, '30-39': 63.01, '40-49': 85.57, '50-59': 84.75, '60-69': 72.37, 'old': 79.03, 'new': 72.37, 'harmonic': 75.55}
2026-08-01 01:50:28,370 [trainer.py] => CNN top1 curve: [97.41, 94.66, 89.87, 84.78, 79.1, 79.76, 78.08]
2026-08-01 01:50:28,370 [trainer.py] => CNN top5 curve: [100.0, 99.88, 99.92, 99.76, 99.36, 99.1, 98.81]
2026-08-01 01:50:28,370 [trainer.py] => Average Accuracy (CNN top1): 86.23714285714287
2026-08-01 01:50:28,370 [dual_prompt.py] => Learning on 70-80
2026-08-01 01:51:04,695 [dual_prompt.py] => Task 7, Epoch 10/10 => Loss 0.395, Train_accy 97.78, Test_accy nan
2026-08-01 01:51:21,062 [trainer.py] => CNN: {'total': 73.7, '00-09': 88.44, '10-19': 71.0, '20-29': 76.43, '30-39': 62.5, '40-49': 85.32, '50-59': 84.02, '60-69': 72.37, '70-79': 47.87, 'old': 77.31, 'new': 47.87, 'harmonic': 59.13}
2026-08-01 01:51:21,062 [trainer.py] => CNN top1 curve: [97.41, 94.66, 89.87, 84.78, 79.1, 79.76, 78.08, 73.7]
2026-08-01 01:51:21,063 [trainer.py] => CNN top5 curve: [100.0, 99.88, 99.92, 99.76, 99.36, 99.1, 98.81, 98.25]
2026-08-01 01:51:21,063 [trainer.py] => Average Accuracy (CNN top1): 84.67000000000002
2026-08-01 01:51:21,063 [dual_prompt.py] => Learning on 80-90
2026-08-01 01:52:00,429 [dual_prompt.py] => Task 8, Epoch 10/10 => Loss 0.335, Train_accy 99.29, Test_accy nan
2026-08-01 01:52:18,841 [trainer.py] => CNN: {'total': 71.59, '00-09': 86.56, '10-19': 61.25, '20-29': 72.14, '30-39': 63.01, '40-49': 84.83, '50-59': 83.78, '60-69': 66.26, '70-79': 47.37, '80-89': 77.33, 'old': 70.85, 'new': 77.33, 'harmonic': 73.95}
2026-08-01 01:52:18,841 [trainer.py] => CNN top1 curve: [97.41, 94.66, 89.87, 84.78, 79.1, 79.76, 78.08, 73.7, 71.59]
2026-08-01 01:52:18,841 [trainer.py] => CNN top5 curve: [100.0, 99.88, 99.92, 99.76, 99.36, 99.1, 98.81, 98.25, 98.04]
2026-08-01 01:52:18,841 [trainer.py] => Average Accuracy (CNN top1): 83.21666666666668
2026-08-01 01:52:18,841 [dual_prompt.py] => Learning on 90-100
2026-08-01 01:52:59,306 [dual_prompt.py] => Task 9, Epoch 10/10 => Loss 0.388, Train_accy 95.85, Test_accy nan
2026-08-01 01:54:25,224 [trainer.py] => CNN: {'total': 70.61, '00-09': 85.38, '10-19': 61.0, '20-29': 70.48, '30-39': 62.76, '40-49': 84.83, '50-59': 83.05, '60-69': 66.26, '70-79': 46.87, '80-89': 77.09, '90-99': 66.67, 'old': 71.04, 'new': 66.67, 'harmonic': 68.79}
2026-08-01 01:54:25,224 [trainer.py] => CNN top1 curve: [97.41, 94.66, 89.87, 84.78, 79.1, 79.76, 78.08, 73.7, 71.59, 70.61]
2026-08-01 01:54:25,224 [trainer.py] => CNN top5 curve: [100.0, 99.88, 99.92, 99.76, 99.36, 99.1, 98.81, 98.25, 98.04, 97.89]
2026-08-01 01:54:25,225 [trainer.py] => Average Accuracy (CNN top1): 81.95600000000002
