2026-07-26 00:09:03,701 [trainer.py] => config: ./configs/dualprompt/dualprompt_cars_B50_Inc10.json
2026-07-26 00:09:03,701 [trainer.py] => prefix: -
2026-07-26 00:09:03,702 [trainer.py] => dataset: cars
2026-07-26 00:09:03,702 [trainer.py] => memory_size: 0
2026-07-26 00:09:03,702 [trainer.py] => memory_per_class: 0
2026-07-26 00:09:03,702 [trainer.py] => fixed_memory: False
2026-07-26 00:09:03,702 [trainer.py] => shuffle: True
2026-07-26 00:09:03,702 [trainer.py] => init_cls: 50
2026-07-26 00:09:03,702 [trainer.py] => increment: 10
2026-07-26 00:09:03,702 [trainer.py] => model_name: dualprompt
2026-07-26 00:09:03,702 [trainer.py] => backbone_type: clip
2026-07-26 00:09:03,702 [trainer.py] => get_original_backbone: True
2026-07-26 00:09:03,702 [trainer.py] => device: [device(type='cuda', index=2)]
2026-07-26 00:09:03,702 [trainer.py] => seed: 2026
2026-07-26 00:09:03,702 [trainer.py] => nb_classes: 100
2026-07-26 00:09:03,703 [trainer.py] => tuned_epoch: 10
2026-07-26 00:09:03,703 [trainer.py] => init_lr: 0.001
2026-07-26 00:09:03,703 [trainer.py] => batch_size: 64
2026-07-26 00:09:03,703 [trainer.py] => weight_decay: 0
2026-07-26 00:09:03,703 [trainer.py] => min_lr: 1e-05
2026-07-26 00:09:03,703 [trainer.py] => optimizer: adam
2026-07-26 00:09:03,703 [trainer.py] => scheduler: constant
2026-07-26 00:09:03,703 [trainer.py] => reinit_optimizer: True
2026-07-26 00:09:03,703 [trainer.py] => global_pool: token
2026-07-26 00:09:03,703 [trainer.py] => head_type: token
2026-07-26 00:09:03,703 [trainer.py] => freeze: ['blocks', 'patch_embed', 'cls_token', 'norm', 'pos_embed']
2026-07-26 00:09:03,703 [trainer.py] => pretrained: True
2026-07-26 00:09:03,703 [trainer.py] => drop: 0.0
2026-07-26 00:09:03,704 [trainer.py] => drop_path: 0.0
2026-07-26 00:09:03,704 [trainer.py] => use_g_prompt: True
2026-07-26 00:09:03,704 [trainer.py] => g_prompt_length: 5
2026-07-26 00:09:03,704 [trainer.py] => g_prompt_layer_idx: [0, 1]
2026-07-26 00:09:03,704 [trainer.py] => use_prefix_tune_for_g_prompt: True
2026-07-26 00:09:03,704 [trainer.py] => use_e_prompt: True
2026-07-26 00:09:03,704 [trainer.py] => e_prompt_layer_idx: [2, 3, 4]
2026-07-26 00:09:03,704 [trainer.py] => use_prefix_tune_for_e_prompt: True
2026-07-26 00:09:03,704 [trainer.py] => prompt_pool: True
2026-07-26 00:09:03,704 [trainer.py] => size: 10
2026-07-26 00:09:03,704 [trainer.py] => length: 5
2026-07-26 00:09:03,704 [trainer.py] => top_k: 1
2026-07-26 00:09:03,704 [trainer.py] => initializer: uniform
2026-07-26 00:09:03,704 [trainer.py] => prompt_key: True
2026-07-26 00:09:03,705 [trainer.py] => prompt_key_init: uniform
2026-07-26 00:09:03,705 [trainer.py] => use_prompt_mask: True
2026-07-26 00:09:03,705 [trainer.py] => shared_prompt_pool: True
2026-07-26 00:09:03,705 [trainer.py] => shared_prompt_key: False
2026-07-26 00:09:03,705 [trainer.py] => batchwise_prompt: True
2026-07-26 00:09:03,705 [trainer.py] => embedding_key: cls
2026-07-26 00:09:03,705 [trainer.py] => predefined_key: 
2026-07-26 00:09:03,705 [trainer.py] => pull_constraint: True
2026-07-26 00:09:03,705 [trainer.py] => pull_constraint_coeff: 0.1
2026-07-26 00:09:03,705 [trainer.py] => same_key_value: False
2026-07-26 00:09:03,705 [trainer.py] => total_class_num: 100
2026-07-26 00:09:04,246 [data_manager.py] => [98, 10, 4, 18, 88, 13, 8, 84, 79, 21, 85, 96, 53, 42, 52, 97, 74, 5, 58, 23, 90, 59, 16, 72, 75, 30, 43, 99, 44, 41, 0, 46, 61, 80, 65, 39, 70, 87, 89, 91, 82, 14, 12, 71, 50, 11, 15, 57, 22, 67, 45, 32, 78, 63, 66, 55, 31, 62, 35, 34, 19, 49, 24, 9, 37, 36, 3, 64, 40, 86, 81, 93, 47, 73, 17, 60, 68, 25, 38, 48, 33, 20, 83, 7, 27, 94, 54, 2, 92, 76, 69, 51, 28, 29, 95, 77, 56, 26, 6, 1]
2026-07-26 00:09:04,269 [factory.py] => Loaded ViT-B-16 model config.
2026-07-26 00:09:05,915 [factory.py] => Loading pretrained ViT-B-16 weights (/public/home/hanlida/Dr.1/pretrained_models/open_clip_pytorch_model_laion400m_e32.bin).
2026-07-26 00:09:13,854 [dual_prompt.py] => 86,494,820 model total parameters.
2026-07-26 00:09:13,854 [dual_prompt.py] => 286,820 model training parameters.
2026-07-26 00:09:13,855 [dual_prompt.py] => e_prompt.prompt: 230400
2026-07-26 00:09:13,855 [dual_prompt.py] => e_prompt.prompt_key: 5120
2026-07-26 00:09:13,855 [dual_prompt.py] => head.weight: 51200
2026-07-26 00:09:13,855 [dual_prompt.py] => head.bias: 100
2026-07-26 00:09:13,855 [dual_prompt.py] => Learning on 0-50
2026-07-26 00:19:52,449 [dual_prompt.py] => Task 0, Epoch 10/10 => Loss 0.295, Train_accy 97.32, Test_accy 94.22
2026-07-26 00:20:13,752 [trainer.py] => CNN: {'total': 94.22, '00-09': 89.16, '10-19': 96.39, '20-29': 96.06, '30-39': 97.57, '40-49': 91.95, 'old': 0, 'new': 94.22, 'harmonic': 0.0}
2026-07-26 00:20:13,753 [trainer.py] => CNN top1 curve: [94.22]
2026-07-26 00:20:13,753 [trainer.py] => CNN top5 curve: [100.0]
2026-07-26 00:20:13,753 [trainer.py] => Average Accuracy (CNN top1): 94.22
2026-07-26 00:20:13,753 [dual_prompt.py] => Learning on 50-60
2026-07-26 00:26:51,629 [dual_prompt.py] => Task 1, Epoch 10/10 => Loss 0.360, Train_accy 98.82, Test_accy 84.05
2026-07-26 00:27:20,502 [trainer.py] => CNN: {'total': 84.05, '00-09': 89.16, '10-19': 96.39, '20-29': 96.06, '30-39': 97.57, '40-49': 91.71, '50-59': 34.86, 'old': 94.17, 'new': 34.86, 'harmonic': 50.88}
2026-07-26 00:27:20,503 [trainer.py] => CNN top1 curve: [94.22, 84.05]
2026-07-26 00:27:20,503 [trainer.py] => CNN top5 curve: [100.0, 99.92]
2026-07-26 00:27:20,503 [trainer.py] => Average Accuracy (CNN top1): 89.13499999999999
2026-07-26 00:27:20,503 [dual_prompt.py] => Learning on 60-70
2026-07-26 00:34:33,524 [dual_prompt.py] => Task 2, Epoch 10/10 => Loss 0.284, Train_accy 99.28, Test_accy 74.89
2026-07-26 00:35:05,960 [trainer.py] => CNN: {'total': 74.89, '00-09': 89.16, '10-19': 96.39, '20-29': 96.06, '30-39': 97.57, '40-49': 91.71, '50-59': 31.49, '60-69': 24.03, 'old': 83.48, 'new': 24.03, 'harmonic': 37.32}
2026-07-26 00:35:05,961 [trainer.py] => CNN top1 curve: [94.22, 84.05, 74.89]
2026-07-26 00:35:05,961 [trainer.py] => CNN top5 curve: [100.0, 99.92, 99.72]
2026-07-26 00:35:05,971 [trainer.py] => Average Accuracy (CNN top1): 84.38666666666666
2026-07-26 00:35:05,971 [dual_prompt.py] => Learning on 70-80
2026-07-26 00:42:47,729 [dual_prompt.py] => Task 3, Epoch 10/10 => Loss 0.339, Train_accy 99.24, Test_accy 68.10
2026-07-26 00:43:28,013 [trainer.py] => CNN: {'total': 68.1, '00-09': 88.92, '10-19': 96.39, '20-29': 96.06, '30-39': 97.57, '40-49': 91.71, '50-59': 31.49, '60-69': 22.33, '70-79': 20.51, 'old': 74.61, 'new': 20.51, 'harmonic': 32.18}
2026-07-26 00:43:28,014 [trainer.py] => CNN top1 curve: [94.22, 84.05, 74.89, 68.1]
2026-07-26 00:43:28,014 [trainer.py] => CNN top5 curve: [100.0, 99.92, 99.72, 98.95]
2026-07-26 00:43:28,014 [trainer.py] => Average Accuracy (CNN top1): 80.315
2026-07-26 00:43:28,014 [dual_prompt.py] => Learning on 80-90
2026-07-26 00:52:34,443 [dual_prompt.py] => Task 4, Epoch 10/10 => Loss 0.329, Train_accy 99.29, Test_accy 63.93
2026-07-26 00:53:22,707 [trainer.py] => CNN: {'total': 63.93, '00-09': 88.92, '10-19': 96.39, '20-29': 96.06, '30-39': 97.57, '40-49': 91.71, '50-59': 31.49, '60-69': 22.33, '70-79': 20.51, '80-89': 31.74, 'old': 68.1, 'new': 31.74, 'harmonic': 43.3}
2026-07-26 00:53:22,707 [trainer.py] => CNN top1 curve: [94.22, 84.05, 74.89, 68.1, 63.93]
2026-07-26 00:53:22,707 [trainer.py] => CNN top5 curve: [100.0, 99.92, 99.72, 98.95, 98.55]
2026-07-26 00:53:22,707 [trainer.py] => Average Accuracy (CNN top1): 77.038
2026-07-26 00:53:22,707 [dual_prompt.py] => Learning on 90-100
2026-07-26 01:03:41,841 [dual_prompt.py] => Task 5, Epoch 10/10 => Loss 0.270, Train_accy 99.53, Test_accy 59.88
2026-07-26 01:04:30,942 [trainer.py] => CNN: {'total': 59.88, '00-09': 88.92, '10-19': 96.39, '20-29': 96.06, '30-39': 97.57, '40-49': 91.71, '50-59': 31.25, '60-69': 22.33, '70-79': 20.51, '80-89': 31.74, '90-99': 25.06, 'old': 63.91, 'new': 25.06, 'harmonic': 36.0}
2026-07-26 01:04:30,959 [trainer.py] => CNN top1 curve: [94.22, 84.05, 74.89, 68.1, 63.93, 59.88]
2026-07-26 01:04:30,959 [trainer.py] => CNN top5 curve: [100.0, 99.92, 99.72, 98.95, 98.55, 98.04]
2026-07-26 01:04:30,963 [trainer.py] => Average Accuracy (CNN top1): 74.17833333333333
