2026-07-25 23:20:51,117 [trainer.py] => config: ./configs/dualprompt/dualprompt_cars_B50_Inc10.json
2026-07-25 23:20:51,118 [trainer.py] => prefix: -
2026-07-25 23:20:51,118 [trainer.py] => dataset: cars
2026-07-25 23:20:51,118 [trainer.py] => memory_size: 0
2026-07-25 23:20:51,118 [trainer.py] => memory_per_class: 0
2026-07-25 23:20:51,118 [trainer.py] => fixed_memory: False
2026-07-25 23:20:51,118 [trainer.py] => shuffle: True
2026-07-25 23:20:51,118 [trainer.py] => init_cls: 50
2026-07-25 23:20:51,118 [trainer.py] => increment: 10
2026-07-25 23:20:51,118 [trainer.py] => model_name: dualprompt
2026-07-25 23:20:51,118 [trainer.py] => backbone_type: clip
2026-07-25 23:20:51,118 [trainer.py] => get_original_backbone: True
2026-07-25 23:20:51,118 [trainer.py] => device: [device(type='cuda', index=2)]
2026-07-25 23:20:51,118 [trainer.py] => seed: 42
2026-07-25 23:20:51,118 [trainer.py] => nb_classes: 100
2026-07-25 23:20:51,118 [trainer.py] => tuned_epoch: 10
2026-07-25 23:20:51,118 [trainer.py] => init_lr: 0.001
2026-07-25 23:20:51,118 [trainer.py] => batch_size: 64
2026-07-25 23:20:51,119 [trainer.py] => weight_decay: 0
2026-07-25 23:20:51,119 [trainer.py] => min_lr: 1e-05
2026-07-25 23:20:51,119 [trainer.py] => optimizer: adam
2026-07-25 23:20:51,119 [trainer.py] => scheduler: constant
2026-07-25 23:20:51,119 [trainer.py] => reinit_optimizer: True
2026-07-25 23:20:51,119 [trainer.py] => global_pool: token
2026-07-25 23:20:51,119 [trainer.py] => head_type: token
2026-07-25 23:20:51,119 [trainer.py] => freeze: ['blocks', 'patch_embed', 'cls_token', 'norm', 'pos_embed']
2026-07-25 23:20:51,119 [trainer.py] => pretrained: True
2026-07-25 23:20:51,119 [trainer.py] => drop: 0.0
2026-07-25 23:20:51,119 [trainer.py] => drop_path: 0.0
2026-07-25 23:20:51,119 [trainer.py] => use_g_prompt: True
2026-07-25 23:20:51,119 [trainer.py] => g_prompt_length: 5
2026-07-25 23:20:51,119 [trainer.py] => g_prompt_layer_idx: [0, 1]
2026-07-25 23:20:51,119 [trainer.py] => use_prefix_tune_for_g_prompt: True
2026-07-25 23:20:51,119 [trainer.py] => use_e_prompt: True
2026-07-25 23:20:51,119 [trainer.py] => e_prompt_layer_idx: [2, 3, 4]
2026-07-25 23:20:51,119 [trainer.py] => use_prefix_tune_for_e_prompt: True
2026-07-25 23:20:51,119 [trainer.py] => prompt_pool: True
2026-07-25 23:20:51,119 [trainer.py] => size: 10
2026-07-25 23:20:51,120 [trainer.py] => length: 5
2026-07-25 23:20:51,120 [trainer.py] => top_k: 1
2026-07-25 23:20:51,120 [trainer.py] => initializer: uniform
2026-07-25 23:20:51,120 [trainer.py] => prompt_key: True
2026-07-25 23:20:51,120 [trainer.py] => prompt_key_init: uniform
2026-07-25 23:20:51,120 [trainer.py] => use_prompt_mask: True
2026-07-25 23:20:51,120 [trainer.py] => shared_prompt_pool: True
2026-07-25 23:20:51,120 [trainer.py] => shared_prompt_key: False
2026-07-25 23:20:51,120 [trainer.py] => batchwise_prompt: True
2026-07-25 23:20:51,120 [trainer.py] => embedding_key: cls
2026-07-25 23:20:51,120 [trainer.py] => predefined_key: 
2026-07-25 23:20:51,120 [trainer.py] => pull_constraint: True
2026-07-25 23:20:51,120 [trainer.py] => pull_constraint_coeff: 0.1
2026-07-25 23:20:51,120 [trainer.py] => same_key_value: False
2026-07-25 23:20:51,120 [trainer.py] => total_class_num: 100
2026-07-25 23:20:51,277 [data_manager.py] => [83, 53, 70, 45, 44, 39, 22, 80, 10, 0, 18, 30, 73, 33, 90, 4, 76, 77, 12, 31, 55, 88, 26, 42, 69, 15, 40, 96, 9, 72, 11, 47, 85, 28, 93, 5, 66, 65, 35, 16, 49, 34, 7, 95, 27, 19, 81, 25, 62, 13, 24, 3, 17, 38, 8, 78, 6, 64, 36, 89, 56, 99, 54, 43, 50, 67, 46, 68, 61, 97, 79, 41, 58, 48, 98, 57, 75, 32, 94, 59, 63, 84, 37, 29, 1, 52, 21, 2, 23, 87, 91, 74, 86, 82, 20, 60, 71, 14, 92, 51]
2026-07-25 23:20:51,322 [factory.py] => Loaded ViT-B-16 model config.
2026-07-25 23:20:52,591 [factory.py] => Loading pretrained ViT-B-16 weights (/public/home/hanlida/Dr.1/pretrained_models/open_clip_pytorch_model_laion400m_e32.bin).
2026-07-25 23:20:54,898 [dual_prompt.py] => 86,494,820 model total parameters.
2026-07-25 23:20:54,899 [dual_prompt.py] => 286,820 model training parameters.
2026-07-25 23:20:54,899 [dual_prompt.py] => e_prompt.prompt: 230400
2026-07-25 23:20:54,899 [dual_prompt.py] => e_prompt.prompt_key: 5120
2026-07-25 23:20:54,899 [dual_prompt.py] => head.weight: 51200
2026-07-25 23:20:54,899 [dual_prompt.py] => head.bias: 100
2026-07-25 23:20:54,899 [dual_prompt.py] => Learning on 0-50
2026-07-25 23:29:47,964 [dual_prompt.py] => Task 0, Epoch 10/10 => Loss 0.304, Train_accy 96.94, Test_accy 92.73
2026-07-25 23:30:08,956 [trainer.py] => CNN: {'total': 92.73, '00-09': 94.26, '10-19': 93.75, '20-29': 90.28, '30-39': 96.87, '40-49': 88.35, 'old': 0, 'new': 92.73, 'harmonic': 0.0}
2026-07-25 23:30:08,957 [trainer.py] => CNN top1 curve: [92.73]
2026-07-25 23:30:08,957 [trainer.py] => CNN top5 curve: [99.9]
2026-07-25 23:30:08,957 [trainer.py] => Average Accuracy (CNN top1): 92.73
2026-07-25 23:30:08,957 [dual_prompt.py] => Learning on 50-60
2026-07-25 23:35:40,086 [dual_prompt.py] => Task 1, Epoch 10/10 => Loss 0.234, Train_accy 99.76, Test_accy 79.07
2026-07-25 23:36:06,040 [trainer.py] => CNN: {'total': 79.07, '00-09': 94.26, '10-19': 93.75, '20-29': 90.28, '30-39': 96.87, '40-49': 88.35, '50-59': 12.26, 'old': 92.73, 'new': 12.26, 'harmonic': 21.66}
2026-07-25 23:36:06,040 [trainer.py] => CNN top1 curve: [92.73, 79.07]
2026-07-25 23:36:06,041 [trainer.py] => CNN top5 curve: [99.9, 99.76]
2026-07-25 23:36:06,041 [trainer.py] => Average Accuracy (CNN top1): 85.9
2026-07-25 23:36:06,041 [dual_prompt.py] => Learning on 60-70
2026-07-25 23:42:21,072 [dual_prompt.py] => Task 2, Epoch 10/10 => Loss 0.337, Train_accy 96.15, Test_accy 74.10
2026-07-25 23:42:51,602 [trainer.py] => CNN: {'total': 74.1, '00-09': 94.01, '10-19': 93.51, '20-29': 90.28, '30-39': 96.87, '40-49': 88.11, '50-59': 12.26, '60-69': 45.12, 'old': 78.95, 'new': 45.12, 'harmonic': 57.42}
2026-07-25 23:42:51,603 [trainer.py] => CNN top1 curve: [92.73, 79.07, 74.1]
2026-07-25 23:42:51,603 [trainer.py] => CNN top5 curve: [99.9, 99.76, 98.01]
2026-07-25 23:42:51,603 [trainer.py] => Average Accuracy (CNN top1): 81.96666666666667
2026-07-25 23:42:51,603 [dual_prompt.py] => Learning on 70-80
2026-07-25 23:49:47,713 [dual_prompt.py] => Task 3, Epoch 10/10 => Loss 0.331, Train_accy 98.50, Test_accy 68.33
2026-07-25 23:50:21,430 [trainer.py] => CNN: {'total': 68.33, '00-09': 94.01, '10-19': 93.51, '20-29': 90.28, '30-39': 96.87, '40-49': 88.11, '50-59': 12.26, '60-69': 44.39, '70-79': 26.85, 'old': 74.0, 'new': 26.85, 'harmonic': 39.4}
2026-07-25 23:50:21,462 [trainer.py] => CNN top1 curve: [92.73, 79.07, 74.1, 68.33]
2026-07-25 23:50:21,462 [trainer.py] => CNN top5 curve: [99.9, 99.76, 98.01, 97.97]
2026-07-25 23:50:21,462 [trainer.py] => Average Accuracy (CNN top1): 78.5575
2026-07-25 23:50:21,462 [dual_prompt.py] => Learning on 80-90
2026-07-25 23:58:05,573 [dual_prompt.py] => Task 4, Epoch 10/10 => Loss 0.337, Train_accy 98.29, Test_accy 64.00
2026-07-25 23:58:42,490 [trainer.py] => CNN: {'total': 64.0, '00-09': 94.01, '10-19': 93.51, '20-29': 90.28, '30-39': 96.87, '40-49': 88.11, '50-59': 12.26, '60-69': 44.39, '70-79': 26.85, '80-89': 29.21, 'old': 68.33, 'new': 29.21, 'harmonic': 40.93}
2026-07-25 23:58:42,520 [trainer.py] => CNN top1 curve: [92.73, 79.07, 74.1, 68.33, 64.0]
2026-07-25 23:58:42,520 [trainer.py] => CNN top5 curve: [99.9, 99.76, 98.01, 97.97, 97.4]
2026-07-25 23:58:42,520 [trainer.py] => Average Accuracy (CNN top1): 75.646
2026-07-25 23:58:42,521 [dual_prompt.py] => Learning on 90-100
2026-07-26 00:08:16,537 [dual_prompt.py] => Task 5, Epoch 10/10 => Loss 0.312, Train_accy 99.77, Test_accy 58.95
2026-07-26 00:09:03,658 [trainer.py] => CNN: {'total': 58.95, '00-09': 94.01, '10-19': 93.51, '20-29': 90.28, '30-39': 96.87, '40-49': 88.11, '50-59': 12.26, '60-69': 44.39, '70-79': 26.34, '80-89': 28.96, '90-99': 16.39, 'old': 63.92, 'new': 16.39, 'harmonic': 26.09}
2026-07-26 00:09:03,658 [trainer.py] => CNN top1 curve: [92.73, 79.07, 74.1, 68.33, 64.0, 58.95]
2026-07-26 00:09:03,658 [trainer.py] => CNN top5 curve: [99.9, 99.76, 98.01, 97.97, 97.4, 96.69]
2026-07-26 00:09:03,658 [trainer.py] => Average Accuracy (CNN top1): 72.86333333333333
