2026-07-28 16:32:52,707 [trainer.py] => config: ./configs/dualprompt/dualprompt_food_B50_Inc10.json
2026-07-28 16:32:52,708 [trainer.py] => prefix: -
2026-07-28 16:32:52,708 [trainer.py] => dataset: food101
2026-07-28 16:32:52,708 [trainer.py] => memory_size: 0
2026-07-28 16:32:52,708 [trainer.py] => memory_per_class: 0
2026-07-28 16:32:52,709 [trainer.py] => fixed_memory: False
2026-07-28 16:32:52,709 [trainer.py] => shuffle: True
2026-07-28 16:32:52,709 [trainer.py] => init_cls: 50
2026-07-28 16:32:52,709 [trainer.py] => increment: 10
2026-07-28 16:32:52,709 [trainer.py] => model_name: dualprompt
2026-07-28 16:32:52,709 [trainer.py] => backbone_type: clip
2026-07-28 16:32:52,710 [trainer.py] => get_original_backbone: True
2026-07-28 16:32:52,710 [trainer.py] => device: [device(type='cuda', index=2)]
2026-07-28 16:32:52,710 [trainer.py] => seed: 42
2026-07-28 16:32:52,710 [trainer.py] => nb_classes: 101
2026-07-28 16:32:52,710 [trainer.py] => tuned_epoch: 10
2026-07-28 16:32:52,711 [trainer.py] => init_lr: 0.001
2026-07-28 16:32:52,711 [trainer.py] => batch_size: 64
2026-07-28 16:32:52,711 [trainer.py] => weight_decay: 0
2026-07-28 16:32:52,711 [trainer.py] => min_lr: 1e-05
2026-07-28 16:32:52,711 [trainer.py] => optimizer: adam
2026-07-28 16:32:52,711 [trainer.py] => scheduler: constant
2026-07-28 16:32:52,712 [trainer.py] => reinit_optimizer: True
2026-07-28 16:32:52,712 [trainer.py] => global_pool: token
2026-07-28 16:32:52,712 [trainer.py] => head_type: token
2026-07-28 16:32:52,712 [trainer.py] => freeze: ['blocks', 'patch_embed', 'cls_token', 'norm', 'pos_embed']
2026-07-28 16:32:52,712 [trainer.py] => pretrained: True
2026-07-28 16:32:52,712 [trainer.py] => drop: 0.0
2026-07-28 16:32:52,713 [trainer.py] => drop_path: 0.0
2026-07-28 16:32:52,713 [trainer.py] => use_g_prompt: True
2026-07-28 16:32:52,713 [trainer.py] => g_prompt_length: 5
2026-07-28 16:32:52,713 [trainer.py] => g_prompt_layer_idx: [0, 1]
2026-07-28 16:32:52,713 [trainer.py] => use_prefix_tune_for_g_prompt: True
2026-07-28 16:32:52,713 [trainer.py] => use_e_prompt: True
2026-07-28 16:32:52,714 [trainer.py] => e_prompt_layer_idx: [2, 3, 4]
2026-07-28 16:32:52,714 [trainer.py] => use_prefix_tune_for_e_prompt: True
2026-07-28 16:32:52,714 [trainer.py] => prompt_pool: True
2026-07-28 16:32:52,714 [trainer.py] => size: 10
2026-07-28 16:32:52,714 [trainer.py] => length: 5
2026-07-28 16:32:52,714 [trainer.py] => top_k: 1
2026-07-28 16:32:52,714 [trainer.py] => initializer: uniform
2026-07-28 16:32:52,715 [trainer.py] => prompt_key: True
2026-07-28 16:32:52,715 [trainer.py] => prompt_key_init: uniform
2026-07-28 16:32:52,715 [trainer.py] => use_prompt_mask: True
2026-07-28 16:32:52,715 [trainer.py] => shared_prompt_pool: True
2026-07-28 16:32:52,715 [trainer.py] => shared_prompt_key: False
2026-07-28 16:32:52,715 [trainer.py] => batchwise_prompt: True
2026-07-28 16:32:52,716 [trainer.py] => embedding_key: cls
2026-07-28 16:32:52,716 [trainer.py] => predefined_key: 
2026-07-28 16:32:52,716 [trainer.py] => pull_constraint: True
2026-07-28 16:32:52,716 [trainer.py] => pull_constraint_coeff: 0.1
2026-07-28 16:32:52,716 [trainer.py] => same_key_value: False
2026-07-28 16:32:52,716 [trainer.py] => total_class_num: 100
2026-07-28 16:32:53,786 [data_manager.py] => [83, 53, 70, 45, 44, 39, 22, 80, 10, 0, 18, 30, 73, 33, 90, 4, 76, 77, 12, 31, 55, 88, 26, 42, 69, 15, 40, 96, 9, 72, 11, 47, 85, 28, 93, 5, 66, 65, 35, 16, 49, 34, 7, 95, 27, 19, 81, 25, 62, 13, 24, 3, 17, 38, 8, 78, 6, 64, 36, 89, 56, 99, 54, 43, 50, 67, 46, 68, 61, 97, 79, 41, 58, 48, 98, 57, 75, 32, 94, 59, 63, 84, 37, 29, 1, 52, 21, 2, 23, 87, 91, 74, 86, 82, 20, 60, 71, 14, 92, 51]
2026-07-28 16:32:53,994 [factory.py] => Loaded ViT-B-16 model config.
2026-07-28 16:32:55,399 [factory.py] => Loading pretrained ViT-B-16 weights (/public/home/hanlida/Dr.1/pretrained_models/open_clip_pytorch_model_laion400m_e32.bin).
2026-07-28 16:32:59,576 [dual_prompt.py] => 86,495,333 model total parameters.
2026-07-28 16:32:59,577 [dual_prompt.py] => 287,333 model training parameters.
2026-07-28 16:32:59,577 [dual_prompt.py] => e_prompt.prompt: 230400
2026-07-28 16:32:59,577 [dual_prompt.py] => e_prompt.prompt_key: 5120
2026-07-28 16:32:59,577 [dual_prompt.py] => head.weight: 51712
2026-07-28 16:32:59,577 [dual_prompt.py] => head.bias: 101
2026-07-28 16:32:59,577 [dual_prompt.py] => Learning on 0-50
2026-07-28 17:33:58,302 [dual_prompt.py] => Task 0, Epoch 10/10 => Loss 0.133, Train_accy 94.29, Test_accy 91.44
2026-07-28 17:34:55,125 [trainer.py] => CNN: {'total': 91.44, '00-09': 89.61, '10-19': 93.84, '20-29': 91.69, '30-39': 90.87, '40-49': 91.33, 'old': 0, 'new': 91.44, 'harmonic': 0.0}
2026-07-28 17:34:55,160 [trainer.py] => CNN top1 curve: [91.44]
2026-07-28 17:34:55,160 [trainer.py] => CNN top5 curve: [98.53]
2026-07-28 17:34:55,160 [trainer.py] => Average Accuracy (CNN top1): 91.44
2026-07-28 17:34:55,161 [dual_prompt.py] => Learning on 50-60
2026-07-28 17:57:08,779 [dual_prompt.py] => Task 1, Epoch 10/10 => Loss -0.001, Train_accy 98.59, Test_accy 86.53
2026-07-28 17:58:09,601 [trainer.py] => CNN: {'total': 86.53, '00-09': 89.08, '10-19': 93.38, '20-29': 91.18, '30-39': 90.58, '40-49': 91.18, '50-59': 63.63, 'old': 91.05, 'new': 63.63, 'harmonic': 74.91}
2026-07-28 17:58:09,601 [trainer.py] => CNN top1 curve: [91.44, 86.53]
2026-07-28 17:58:09,602 [trainer.py] => CNN top5 curve: [98.53, 98.17]
2026-07-28 17:58:09,602 [trainer.py] => Average Accuracy (CNN top1): 88.985
2026-07-28 17:58:09,602 [dual_prompt.py] => Learning on 60-70
2026-07-28 18:21:38,297 [dual_prompt.py] => Task 2, Epoch 10/10 => Loss 0.014, Train_accy 98.10, Test_accy 83.37
2026-07-28 18:22:56,481 [trainer.py] => CNN: {'total': 83.37, '00-09': 88.7, '10-19': 93.02, '20-29': 91.08, '30-39': 90.1, '40-49': 90.93, '50-59': 63.03, '60-69': 66.58, 'old': 86.16, 'new': 66.58, 'harmonic': 75.12}
2026-07-28 18:22:56,507 [trainer.py] => CNN top1 curve: [91.44, 86.53, 83.37]
2026-07-28 18:22:56,507 [trainer.py] => CNN top5 curve: [98.53, 98.17, 97.76]
2026-07-28 18:22:56,507 [trainer.py] => Average Accuracy (CNN top1): 87.11333333333334
2026-07-28 18:22:56,507 [dual_prompt.py] => Learning on 70-80
2026-07-28 18:49:01,226 [dual_prompt.py] => Task 3, Epoch 10/10 => Loss 0.020, Train_accy 97.98, Test_accy 78.74
2026-07-28 18:50:25,096 [trainer.py] => CNN: {'total': 78.74, '00-09': 88.5, '10-19': 92.87, '20-29': 90.97, '30-39': 89.9, '40-49': 90.78, '50-59': 62.78, '60-69': 66.14, '70-79': 46.55, 'old': 83.16, 'new': 46.55, 'harmonic': 59.69}
2026-07-28 18:50:25,119 [trainer.py] => CNN top1 curve: [91.44, 86.53, 83.37, 78.74]
2026-07-28 18:50:25,119 [trainer.py] => CNN top5 curve: [98.53, 98.17, 97.76, 97.42]
2026-07-28 18:50:25,120 [trainer.py] => Average Accuracy (CNN top1): 85.02000000000001
2026-07-28 18:50:25,120 [dual_prompt.py] => Learning on 80-90
2026-07-28 19:17:55,536 [dual_prompt.py] => Task 4, Epoch 10/10 => Loss 0.003, Train_accy 98.25, Test_accy 75.78
2026-07-28 19:19:33,461 [trainer.py] => CNN: {'total': 75.78, '00-09': 87.97, '10-19': 92.61, '20-29': 90.77, '30-39': 89.23, '40-49': 90.54, '50-59': 62.27, '60-69': 65.34, '70-79': 45.83, '80-89': 55.65, 'old': 78.25, 'new': 55.65, 'harmonic': 65.04}
2026-07-28 19:19:33,476 [trainer.py] => CNN top1 curve: [91.44, 86.53, 83.37, 78.74, 75.78]
2026-07-28 19:19:33,476 [trainer.py] => CNN top5 curve: [98.53, 98.17, 97.76, 97.42, 96.84]
2026-07-28 19:19:33,476 [trainer.py] => Average Accuracy (CNN top1): 83.172
2026-07-28 19:19:33,477 [dual_prompt.py] => Learning on 90-100
2026-07-28 19:47:48,318 [dual_prompt.py] => Task 5, Epoch 10/10 => Loss -0.005, Train_accy 98.59, Test_accy 73.68
2026-07-28 19:49:32,583 [trainer.py] => CNN: {'total': 73.68, '00-09': 87.78, '10-19': 92.51, '20-29': 90.67, '30-39': 89.08, '40-49': 90.39, '50-59': 61.97, '60-69': 65.09, '70-79': 45.05, '80-89': 55.24, '90-99': 57.66, 'old': 75.51, 'new': 57.66, 'harmonic': 65.39}
2026-07-28 19:49:32,620 [trainer.py] => CNN top1 curve: [91.44, 86.53, 83.37, 78.74, 75.78, 73.68]
2026-07-28 19:49:32,621 [trainer.py] => CNN top5 curve: [98.53, 98.17, 97.76, 97.42, 96.84, 96.46]
2026-07-28 19:49:32,621 [trainer.py] => Average Accuracy (CNN top1): 81.59
