2026-07-28 19:49:32,631 [trainer.py] => config: ./configs/dualprompt/dualprompt_food_B50_Inc10.json
2026-07-28 19:49:32,631 [trainer.py] => prefix: -
2026-07-28 19:49:32,631 [trainer.py] => dataset: food101
2026-07-28 19:49:32,632 [trainer.py] => memory_size: 0
2026-07-28 19:49:32,632 [trainer.py] => memory_per_class: 0
2026-07-28 19:49:32,632 [trainer.py] => fixed_memory: False
2026-07-28 19:49:32,632 [trainer.py] => shuffle: True
2026-07-28 19:49:32,632 [trainer.py] => init_cls: 50
2026-07-28 19:49:32,632 [trainer.py] => increment: 10
2026-07-28 19:49:32,633 [trainer.py] => model_name: dualprompt
2026-07-28 19:49:32,633 [trainer.py] => backbone_type: clip
2026-07-28 19:49:32,633 [trainer.py] => get_original_backbone: True
2026-07-28 19:49:32,633 [trainer.py] => device: [device(type='cuda', index=2)]
2026-07-28 19:49:32,633 [trainer.py] => seed: 2026
2026-07-28 19:49:32,634 [trainer.py] => nb_classes: 101
2026-07-28 19:49:32,634 [trainer.py] => tuned_epoch: 10
2026-07-28 19:49:32,634 [trainer.py] => init_lr: 0.001
2026-07-28 19:49:32,634 [trainer.py] => batch_size: 64
2026-07-28 19:49:32,634 [trainer.py] => weight_decay: 0
2026-07-28 19:49:32,634 [trainer.py] => min_lr: 1e-05
2026-07-28 19:49:32,635 [trainer.py] => optimizer: adam
2026-07-28 19:49:32,635 [trainer.py] => scheduler: constant
2026-07-28 19:49:32,635 [trainer.py] => reinit_optimizer: True
2026-07-28 19:49:32,635 [trainer.py] => global_pool: token
2026-07-28 19:49:32,635 [trainer.py] => head_type: token
2026-07-28 19:49:32,635 [trainer.py] => freeze: ['blocks', 'patch_embed', 'cls_token', 'norm', 'pos_embed']
2026-07-28 19:49:32,636 [trainer.py] => pretrained: True
2026-07-28 19:49:32,636 [trainer.py] => drop: 0.0
2026-07-28 19:49:32,636 [trainer.py] => drop_path: 0.0
2026-07-28 19:49:32,636 [trainer.py] => use_g_prompt: True
2026-07-28 19:49:32,636 [trainer.py] => g_prompt_length: 5
2026-07-28 19:49:32,636 [trainer.py] => g_prompt_layer_idx: [0, 1]
2026-07-28 19:49:32,637 [trainer.py] => use_prefix_tune_for_g_prompt: True
2026-07-28 19:49:32,637 [trainer.py] => use_e_prompt: True
2026-07-28 19:49:32,637 [trainer.py] => e_prompt_layer_idx: [2, 3, 4]
2026-07-28 19:49:32,637 [trainer.py] => use_prefix_tune_for_e_prompt: True
2026-07-28 19:49:32,637 [trainer.py] => prompt_pool: True
2026-07-28 19:49:32,637 [trainer.py] => size: 10
2026-07-28 19:49:32,638 [trainer.py] => length: 5
2026-07-28 19:49:32,638 [trainer.py] => top_k: 1
2026-07-28 19:49:32,638 [trainer.py] => initializer: uniform
2026-07-28 19:49:32,638 [trainer.py] => prompt_key: True
2026-07-28 19:49:32,638 [trainer.py] => prompt_key_init: uniform
2026-07-28 19:49:32,638 [trainer.py] => use_prompt_mask: True
2026-07-28 19:49:32,639 [trainer.py] => shared_prompt_pool: True
2026-07-28 19:49:32,639 [trainer.py] => shared_prompt_key: False
2026-07-28 19:49:32,639 [trainer.py] => batchwise_prompt: True
2026-07-28 19:49:32,639 [trainer.py] => embedding_key: cls
2026-07-28 19:49:32,639 [trainer.py] => predefined_key: 
2026-07-28 19:49:32,639 [trainer.py] => pull_constraint: True
2026-07-28 19:49:32,640 [trainer.py] => pull_constraint_coeff: 0.1
2026-07-28 19:49:32,640 [trainer.py] => same_key_value: False
2026-07-28 19:49:32,640 [trainer.py] => total_class_num: 100
2026-07-28 19:49:33,369 [data_manager.py] => [98, 10, 4, 18, 88, 13, 8, 84, 79, 21, 85, 96, 53, 42, 52, 97, 74, 5, 58, 23, 90, 59, 16, 72, 75, 30, 43, 99, 44, 41, 0, 46, 61, 80, 65, 39, 70, 87, 89, 91, 82, 14, 12, 71, 50, 11, 15, 57, 22, 67, 45, 32, 78, 63, 66, 55, 31, 62, 35, 34, 19, 49, 24, 9, 37, 36, 3, 64, 40, 86, 81, 93, 47, 73, 17, 60, 68, 25, 38, 48, 33, 20, 83, 7, 27, 94, 54, 2, 92, 76, 69, 51, 28, 29, 95, 77, 56, 26, 6, 1]
2026-07-28 19:49:33,566 [factory.py] => Loaded ViT-B-16 model config.
2026-07-28 19:49:34,805 [factory.py] => Loading pretrained ViT-B-16 weights (/public/home/hanlida/Dr.1/pretrained_models/open_clip_pytorch_model_laion400m_e32.bin).
2026-07-28 19:49:38,133 [dual_prompt.py] => 86,495,333 model total parameters.
2026-07-28 19:49:38,133 [dual_prompt.py] => 287,333 model training parameters.
2026-07-28 19:49:38,134 [dual_prompt.py] => e_prompt.prompt: 230400
2026-07-28 19:49:38,134 [dual_prompt.py] => e_prompt.prompt_key: 5120
2026-07-28 19:49:38,134 [dual_prompt.py] => head.weight: 51712
2026-07-28 19:49:38,134 [dual_prompt.py] => head.bias: 101
2026-07-28 19:49:38,134 [dual_prompt.py] => Learning on 0-50
2026-07-28 20:51:01,959 [dual_prompt.py] => Task 0, Epoch 10/10 => Loss 0.182, Train_accy 92.82, Test_accy 89.58
2026-07-28 20:51:57,477 [trainer.py] => CNN: {'total': 89.58, '00-09': 89.68, '10-19': 91.38, '20-29': 90.42, '30-39': 89.74, '40-49': 86.61, 'old': 0, 'new': 89.58, 'harmonic': 0.0}
2026-07-28 20:51:57,494 [trainer.py] => CNN top1 curve: [89.58]
2026-07-28 20:51:57,494 [trainer.py] => CNN top5 curve: [98.45]
2026-07-28 20:51:57,494 [trainer.py] => Average Accuracy (CNN top1): 89.58
2026-07-28 20:51:57,494 [dual_prompt.py] => Learning on 50-60
2026-07-28 21:12:44,999 [dual_prompt.py] => Task 1, Epoch 10/10 => Loss -0.006, Train_accy 98.78, Test_accy 86.29
2026-07-28 21:13:46,282 [trainer.py] => CNN: {'total': 86.29, '00-09': 89.58, '10-19': 90.95, '20-29': 89.86, '30-39': 89.09, '40-49': 86.06, '50-59': 72.31, 'old': 89.12, 'new': 72.31, 'harmonic': 79.84}
2026-07-28 21:13:46,304 [trainer.py] => CNN top1 curve: [89.58, 86.29]
2026-07-28 21:13:46,304 [trainer.py] => CNN top5 curve: [98.45, 98.0]
2026-07-28 21:13:46,305 [trainer.py] => Average Accuracy (CNN top1): 87.935
2026-07-28 21:13:46,305 [dual_prompt.py] => Learning on 60-70
2026-07-28 21:36:34,518 [dual_prompt.py] => Task 2, Epoch 10/10 => Loss 0.014, Train_accy 98.09, Test_accy 83.77
2026-07-28 21:37:56,264 [trainer.py] => CNN: {'total': 83.77, '00-09': 88.72, '10-19': 90.43, '20-29': 89.81, '30-39': 88.5, '40-49': 85.46, '50-59': 71.67, '60-69': 71.65, 'old': 85.74, 'new': 71.65, 'harmonic': 78.06}
2026-07-28 21:37:56,301 [trainer.py] => CNN top1 curve: [89.58, 86.29, 83.77]
2026-07-28 21:37:56,302 [trainer.py] => CNN top5 curve: [98.45, 98.0, 97.65]
2026-07-28 21:37:56,302 [trainer.py] => Average Accuracy (CNN top1): 86.54666666666667
2026-07-28 21:37:56,302 [dual_prompt.py] => Learning on 70-80
2026-07-28 22:03:43,997 [dual_prompt.py] => Task 3, Epoch 10/10 => Loss 0.010, Train_accy 97.96, Test_accy 80.45
2026-07-28 22:05:05,790 [trainer.py] => CNN: {'total': 80.45, '00-09': 88.62, '10-19': 90.28, '20-29': 89.76, '30-39': 88.35, '40-49': 85.01, '50-59': 71.43, '60-69': 70.33, '70-79': 59.77, 'old': 83.42, 'new': 59.77, 'harmonic': 69.64}
2026-07-28 22:05:05,834 [trainer.py] => CNN top1 curve: [89.58, 86.29, 83.77, 80.45]
2026-07-28 22:05:05,835 [trainer.py] => CNN top5 curve: [98.45, 98.0, 97.65, 97.32]
2026-07-28 22:05:05,835 [trainer.py] => Average Accuracy (CNN top1): 85.0225
2026-07-28 22:05:05,835 [dual_prompt.py] => Learning on 80-90
2026-07-28 22:31:01,013 [dual_prompt.py] => Task 4, Epoch 10/10 => Loss -0.019, Train_accy 99.01, Test_accy 78.75
2026-07-28 22:32:33,393 [trainer.py] => CNN: {'total': 78.75, '00-09': 88.27, '10-19': 90.19, '20-29': 89.4, '30-39': 88.05, '40-49': 84.8, '50-59': 71.38, '60-69': 69.83, '70-79': 59.23, '80-89': 67.18, 'old': 80.15, 'new': 67.18, 'harmonic': 73.09}
2026-07-28 22:32:33,415 [trainer.py] => CNN top1 curve: [89.58, 86.29, 83.77, 80.45, 78.75]
2026-07-28 22:32:33,415 [trainer.py] => CNN top5 curve: [98.45, 98.0, 97.65, 97.32, 97.01]
2026-07-28 22:32:33,415 [trainer.py] => Average Accuracy (CNN top1): 83.768
2026-07-28 22:32:33,416 [dual_prompt.py] => Learning on 90-100
2026-07-28 23:02:25,334 [dual_prompt.py] => Task 5, Epoch 10/10 => Loss 0.009, Train_accy 98.05, Test_accy 77.12
2026-07-28 23:04:06,729 [trainer.py] => CNN: {'total': 77.12, '00-09': 88.07, '10-19': 90.14, '20-29': 89.35, '30-39': 87.61, '40-49': 84.5, '50-59': 70.25, '60-69': 68.46, '70-79': 59.03, '80-89': 66.72, '90-99': 66.57, 'old': 78.28, 'new': 66.57, 'harmonic': 71.95}
2026-07-28 23:04:06,737 [trainer.py] => CNN top1 curve: [89.58, 86.29, 83.77, 80.45, 78.75, 77.12]
2026-07-28 23:04:06,737 [trainer.py] => CNN top5 curve: [98.45, 98.0, 97.65, 97.32, 97.01, 96.65]
2026-07-28 23:04:06,737 [trainer.py] => Average Accuracy (CNN top1): 82.66
