2026-07-26 05:38:01,793 [trainer.py] => config: ./configs/dualprompt/dualprompt_inr_B0_Inc20.json
2026-07-26 05:38:01,793 [trainer.py] => prefix: -
2026-07-26 05:38:01,793 [trainer.py] => dataset: imagenetr
2026-07-26 05:38:01,793 [trainer.py] => memory_size: 0
2026-07-26 05:38:01,793 [trainer.py] => memory_per_class: 0
2026-07-26 05:38:01,793 [trainer.py] => fixed_memory: False
2026-07-26 05:38:01,793 [trainer.py] => shuffle: True
2026-07-26 05:38:01,793 [trainer.py] => init_cls: 20
2026-07-26 05:38:01,793 [trainer.py] => increment: 20
2026-07-26 05:38:01,793 [trainer.py] => model_name: dualprompt
2026-07-26 05:38:01,793 [trainer.py] => backbone_type: clip
2026-07-26 05:38:01,793 [trainer.py] => get_original_backbone: True
2026-07-26 05:38:01,794 [trainer.py] => device: [device(type='cuda', index=2)]
2026-07-26 05:38:01,794 [trainer.py] => seed: 2026
2026-07-26 05:38:01,794 [trainer.py] => nb_classes: 200
2026-07-26 05:38:01,794 [trainer.py] => tuned_epoch: 10
2026-07-26 05:38:01,794 [trainer.py] => init_lr: 0.001
2026-07-26 05:38:01,794 [trainer.py] => batch_size: 64
2026-07-26 05:38:01,794 [trainer.py] => weight_decay: 0
2026-07-26 05:38:01,794 [trainer.py] => min_lr: 1e-05
2026-07-26 05:38:01,794 [trainer.py] => optimizer: adam
2026-07-26 05:38:01,794 [trainer.py] => scheduler: constant
2026-07-26 05:38:01,794 [trainer.py] => reinit_optimizer: True
2026-07-26 05:38:01,794 [trainer.py] => global_pool: token
2026-07-26 05:38:01,794 [trainer.py] => head_type: token
2026-07-26 05:38:01,794 [trainer.py] => freeze: ['blocks', 'patch_embed', 'cls_token', 'norm', 'pos_embed']
2026-07-26 05:38:01,794 [trainer.py] => pretrained: True
2026-07-26 05:38:01,794 [trainer.py] => drop: 0.0
2026-07-26 05:38:01,794 [trainer.py] => drop_path: 0.0
2026-07-26 05:38:01,794 [trainer.py] => use_g_prompt: True
2026-07-26 05:38:01,794 [trainer.py] => g_prompt_length: 5
2026-07-26 05:38:01,794 [trainer.py] => g_prompt_layer_idx: [0, 1]
2026-07-26 05:38:01,794 [trainer.py] => use_prefix_tune_for_g_prompt: True
2026-07-26 05:38:01,795 [trainer.py] => use_e_prompt: True
2026-07-26 05:38:01,795 [trainer.py] => e_prompt_layer_idx: [2, 3, 4]
2026-07-26 05:38:01,795 [trainer.py] => use_prefix_tune_for_e_prompt: True
2026-07-26 05:38:01,795 [trainer.py] => prompt_pool: True
2026-07-26 05:38:01,795 [trainer.py] => size: 10
2026-07-26 05:38:01,795 [trainer.py] => length: 5
2026-07-26 05:38:01,795 [trainer.py] => top_k: 1
2026-07-26 05:38:01,795 [trainer.py] => initializer: uniform
2026-07-26 05:38:01,795 [trainer.py] => prompt_key: True
2026-07-26 05:38:01,795 [trainer.py] => prompt_key_init: uniform
2026-07-26 05:38:01,795 [trainer.py] => use_prompt_mask: True
2026-07-26 05:38:01,795 [trainer.py] => shared_prompt_pool: True
2026-07-26 05:38:01,795 [trainer.py] => shared_prompt_key: False
2026-07-26 05:38:01,795 [trainer.py] => batchwise_prompt: True
2026-07-26 05:38:01,795 [trainer.py] => embedding_key: cls
2026-07-26 05:38:01,795 [trainer.py] => predefined_key: 
2026-07-26 05:38:01,795 [trainer.py] => pull_constraint: True
2026-07-26 05:38:01,795 [trainer.py] => pull_constraint_coeff: 0.1
2026-07-26 05:38:01,795 [trainer.py] => same_key_value: False
2026-07-26 05:38:01,795 [trainer.py] => total_class_num: 200
2026-07-26 05:38:02,337 [data_manager.py] => [115, 91, 15, 57, 123, 5, 193, 196, 88, 185, 191, 168, 90, 80, 106, 146, 188, 118, 44, 151, 24, 56, 42, 127, 113, 119, 197, 194, 99, 12, 65, 71, 131, 6, 46, 186, 126, 31, 117, 30, 110, 82, 102, 165, 11, 76, 53, 138, 199, 18, 163, 149, 84, 133, 170, 189, 52, 104, 45, 114, 41, 23, 160, 171, 172, 169, 177, 142, 94, 50, 128, 39, 59, 120, 107, 162, 124, 9, 74, 198, 62, 174, 166, 122, 141, 81, 10, 63, 176, 100, 136, 187, 129, 16, 72, 147, 54, 0, 98, 150, 92, 155, 4, 167, 125, 97, 153, 8, 83, 159, 85, 86, 13, 34, 173, 93, 180, 33, 21, 132, 190, 87, 121, 108, 103, 145, 37, 158, 69, 89, 2, 19, 67, 175, 51, 78, 43, 64, 66, 143, 61, 20, 144, 154, 183, 14, 140, 139, 75, 79, 22, 58, 101, 109, 32, 178, 73, 164, 55, 35, 49, 152, 137, 36, 3, 40, 70, 95, 105, 181, 157, 47, 192, 17, 60, 112, 68, 25, 38, 48, 161, 148, 111, 135, 96, 7, 27, 182, 130, 28, 179, 156, 116, 29, 195, 77, 184, 26, 134, 1]
2026-07-26 05:38:02,505 [factory.py] => Loaded ViT-B-16 model config.
2026-07-26 05:38:03,695 [factory.py] => Loading pretrained ViT-B-16 weights (/public/home/hanlida/Dr.1/pretrained_models/open_clip_pytorch_model_laion400m_e32.bin).
2026-07-26 05:38:07,907 [dual_prompt.py] => 86,546,120 model total parameters.
2026-07-26 05:38:07,907 [dual_prompt.py] => 338,120 model training parameters.
2026-07-26 05:38:07,908 [dual_prompt.py] => e_prompt.prompt: 230400
2026-07-26 05:38:07,908 [dual_prompt.py] => e_prompt.prompt_key: 5120
2026-07-26 05:38:07,908 [dual_prompt.py] => head.weight: 102400
2026-07-26 05:38:07,908 [dual_prompt.py] => head.bias: 200
2026-07-26 05:38:07,908 [dual_prompt.py] => Learning on 0-20
2026-07-26 05:44:52,129 [dual_prompt.py] => Task 0, Epoch 10/10 => Loss 0.205, Train_accy 97.42, Test_accy 95.63
2026-07-26 05:44:59,189 [trainer.py] => CNN: {'total': 95.63, '00-09': 96.05, '10-19': 95.22, 'old': 0, 'new': 95.63, 'harmonic': 0.0}
2026-07-26 05:44:59,189 [trainer.py] => CNN top1 curve: [95.63]
2026-07-26 05:44:59,189 [trainer.py] => CNN top5 curve: [99.03]
2026-07-26 05:44:59,189 [trainer.py] => Average Accuracy (CNN top1): 95.63
2026-07-26 05:44:59,189 [dual_prompt.py] => Learning on 20-40
2026-07-26 05:53:06,391 [dual_prompt.py] => Task 1, Epoch 10/10 => Loss 0.202, Train_accy 97.04, Test_accy 89.66
2026-07-26 05:53:18,187 [trainer.py] => CNN: {'total': 89.66, '00-09': 89.47, '10-19': 89.49, '20-29': 88.84, '30-39': 90.49, 'old': 89.48, 'new': 89.84, 'harmonic': 89.66}
2026-07-26 05:53:18,187 [trainer.py] => CNN top1 curve: [95.63, 89.66]
2026-07-26 05:53:18,187 [trainer.py] => CNN top5 curve: [99.03, 98.45]
2026-07-26 05:53:18,187 [trainer.py] => Average Accuracy (CNN top1): 92.645
2026-07-26 05:53:18,187 [dual_prompt.py] => Learning on 40-60
2026-07-26 06:02:30,863 [dual_prompt.py] => Task 2, Epoch 10/10 => Loss 0.195, Train_accy 97.08, Test_accy 86.09
2026-07-26 06:02:50,550 [trainer.py] => CNN: {'total': 86.09, '00-09': 87.5, '10-19': 84.08, '20-29': 83.47, '30-39': 85.6, '40-49': 88.19, '50-59': 86.96, 'old': 85.26, 'new': 87.7, 'harmonic': 86.46}
2026-07-26 06:02:50,550 [trainer.py] => CNN top1 curve: [95.63, 89.66, 86.09]
2026-07-26 06:02:50,550 [trainer.py] => CNN top5 curve: [99.03, 98.45, 97.21]
2026-07-26 06:02:50,550 [trainer.py] => Average Accuracy (CNN top1): 90.46
2026-07-26 06:02:50,550 [dual_prompt.py] => Learning on 60-80
2026-07-26 06:13:14,857 [dual_prompt.py] => Task 3, Epoch 10/10 => Loss 0.191, Train_accy 97.84, Test_accy 84.01
2026-07-26 06:13:38,215 [trainer.py] => CNN: {'total': 84.01, '00-09': 85.86, '10-19': 81.21, '20-29': 76.45, '30-39': 83.97, '40-49': 87.14, '50-59': 85.38, '60-69': 85.67, '70-79': 84.46, 'old': 83.67, 'new': 85.07, 'harmonic': 84.36}
2026-07-26 06:13:38,216 [trainer.py] => CNN top1 curve: [95.63, 89.66, 86.09, 84.01]
2026-07-26 06:13:38,216 [trainer.py] => CNN top5 curve: [99.03, 98.45, 97.21, 96.09]
2026-07-26 06:13:38,216 [trainer.py] => Average Accuracy (CNN top1): 88.8475
2026-07-26 06:13:38,216 [dual_prompt.py] => Learning on 80-100
2026-07-26 06:24:37,158 [dual_prompt.py] => Task 4, Epoch 10/10 => Loss 0.160, Train_accy 98.13, Test_accy 82.68
2026-07-26 06:25:08,455 [trainer.py] => CNN: {'total': 82.68, '00-09': 84.21, '10-19': 80.25, '20-29': 74.79, '30-39': 83.15, '40-49': 82.41, '50-59': 86.17, '60-69': 85.0, '70-79': 83.11, '80-89': 79.94, '90-99': 87.41, 'old': 82.51, 'new': 83.36, 'harmonic': 82.93}
2026-07-26 06:25:08,456 [trainer.py] => CNN top1 curve: [95.63, 89.66, 86.09, 84.01, 82.68]
2026-07-26 06:25:08,456 [trainer.py] => CNN top5 curve: [99.03, 98.45, 97.21, 96.09, 95.62]
2026-07-26 06:25:08,456 [trainer.py] => Average Accuracy (CNN top1): 87.614
2026-07-26 06:25:08,456 [dual_prompt.py] => Learning on 100-120
2026-07-26 06:37:59,208 [dual_prompt.py] => Task 5, Epoch 10/10 => Loss 0.213, Train_accy 96.47, Test_accy 80.20
2026-07-26 06:38:36,647 [trainer.py] => CNN: {'total': 80.2, '00-09': 83.88, '10-19': 79.62, '20-29': 73.14, '30-39': 82.34, '40-49': 81.63, '50-59': 83.4, '60-69': 82.0, '70-79': 82.09, '80-89': 78.47, '90-99': 87.06, '100-109': 73.85, '110-119': 75.14, 'old': 81.45, 'new': 74.52, 'harmonic': 77.83}
2026-07-26 06:38:36,680 [trainer.py] => CNN top1 curve: [95.63, 89.66, 86.09, 84.01, 82.68, 80.2]
2026-07-26 06:38:36,681 [trainer.py] => CNN top5 curve: [99.03, 98.45, 97.21, 96.09, 95.62, 94.63]
2026-07-26 06:38:36,681 [trainer.py] => Average Accuracy (CNN top1): 86.37833333333333
2026-07-26 06:38:36,681 [dual_prompt.py] => Learning on 120-140
2026-07-26 06:50:38,525 [dual_prompt.py] => Task 6, Epoch 10/10 => Loss 0.141, Train_accy 98.37, Test_accy 78.49
2026-07-26 06:51:19,208 [trainer.py] => CNN: {'total': 78.49, '00-09': 82.89, '10-19': 78.03, '20-29': 72.31, '30-39': 81.52, '40-49': 81.63, '50-59': 80.63, '60-69': 81.67, '70-79': 81.42, '80-89': 77.29, '90-99': 86.71, '100-109': 73.54, '110-119': 73.73, '120-129': 77.15, '130-139': 65.7, 'old': 79.29, 'new': 72.15, 'harmonic': 75.55}
2026-07-26 06:51:19,221 [trainer.py] => CNN top1 curve: [95.63, 89.66, 86.09, 84.01, 82.68, 80.2, 78.49]
2026-07-26 06:51:19,221 [trainer.py] => CNN top5 curve: [99.03, 98.45, 97.21, 96.09, 95.62, 94.63, 94.07]
2026-07-26 06:51:19,221 [trainer.py] => Average Accuracy (CNN top1): 85.25142857142858
2026-07-26 06:51:19,221 [dual_prompt.py] => Learning on 140-160
2026-07-26 07:04:38,245 [dual_prompt.py] => Task 7, Epoch 10/10 => Loss 0.153, Train_accy 98.34, Test_accy 76.74
2026-07-26 07:05:24,177 [trainer.py] => CNN: {'total': 76.74, '00-09': 81.25, '10-19': 76.43, '20-29': 71.9, '30-39': 80.98, '40-49': 81.36, '50-59': 80.24, '60-69': 81.33, '70-79': 81.76, '80-89': 74.93, '90-99': 84.97, '100-109': 74.15, '110-119': 72.6, '120-129': 74.91, '130-139': 63.77, '140-149': 72.97, '150-159': 67.92, 'old': 77.55, 'new': 70.59, 'harmonic': 73.91}
2026-07-26 07:05:24,199 [trainer.py] => CNN top1 curve: [95.63, 89.66, 86.09, 84.01, 82.68, 80.2, 78.49, 76.74]
2026-07-26 07:05:24,199 [trainer.py] => CNN top5 curve: [99.03, 98.45, 97.21, 96.09, 95.62, 94.63, 94.07, 93.79]
2026-07-26 07:05:24,199 [trainer.py] => Average Accuracy (CNN top1): 84.1875
2026-07-26 07:05:24,199 [dual_prompt.py] => Learning on 160-180
2026-07-26 07:19:12,049 [dual_prompt.py] => Task 8, Epoch 10/10 => Loss 0.197, Train_accy 97.67, Test_accy 74.72
2026-07-26 07:20:04,775 [trainer.py] => CNN: {'total': 74.72, '00-09': 80.59, '10-19': 76.11, '20-29': 71.9, '30-39': 80.71, '40-49': 80.84, '50-59': 79.45, '60-69': 80.67, '70-79': 80.41, '80-89': 74.04, '90-99': 84.27, '100-109': 76.0, '110-119': 71.75, '120-129': 74.53, '130-139': 61.84, '140-149': 74.32, '150-159': 66.42, '160-169': 61.46, '170-179': 58.44, 'old': 76.3, 'new': 60.12, 'harmonic': 67.25}
2026-07-26 07:20:04,799 [trainer.py] => CNN top1 curve: [95.63, 89.66, 86.09, 84.01, 82.68, 80.2, 78.49, 76.74, 74.72]
2026-07-26 07:20:04,800 [trainer.py] => CNN top5 curve: [99.03, 98.45, 97.21, 96.09, 95.62, 94.63, 94.07, 93.79, 93.42]
2026-07-26 07:20:04,800 [trainer.py] => Average Accuracy (CNN top1): 83.13555555555556
2026-07-26 07:20:04,800 [dual_prompt.py] => Learning on 180-200
2026-07-26 07:36:00,494 [dual_prompt.py] => Task 9, Epoch 10/10 => Loss 0.142, Train_accy 97.86, Test_accy 74.25
2026-07-26 07:36:59,846 [trainer.py] => CNN: {'total': 74.25, '00-09': 80.59, '10-19': 76.75, '20-29': 71.07, '30-39': 79.08, '40-49': 80.58, '50-59': 75.1, '60-69': 80.33, '70-79': 79.05, '80-89': 73.16, '90-99': 82.52, '100-109': 75.69, '110-119': 71.19, '120-129': 74.16, '130-139': 59.42, '140-149': 73.65, '150-159': 64.91, '160-169': 59.72, '170-179': 57.58, '180-189': 77.68, '190-199': 79.09, 'old': 73.72, 'new': 78.36, 'harmonic': 75.97}
2026-07-26 07:36:59,875 [trainer.py] => CNN top1 curve: [95.63, 89.66, 86.09, 84.01, 82.68, 80.2, 78.49, 76.74, 74.72, 74.25]
2026-07-26 07:36:59,875 [trainer.py] => CNN top5 curve: [99.03, 98.45, 97.21, 96.09, 95.62, 94.63, 94.07, 93.79, 93.42, 93.07]
2026-07-26 07:36:59,876 [trainer.py] => Average Accuracy (CNN top1): 82.247
