2026-07-26 11:11:38,331 [trainer.py] => config: ./configs/dualprompt/dualprompt_inr_B100_Inc20.json
2026-07-26 11:11:38,331 [trainer.py] => prefix: -
2026-07-26 11:11:38,331 [trainer.py] => dataset: imagenetr
2026-07-26 11:11:38,331 [trainer.py] => memory_size: 0
2026-07-26 11:11:38,332 [trainer.py] => memory_per_class: 0
2026-07-26 11:11:38,332 [trainer.py] => fixed_memory: False
2026-07-26 11:11:38,332 [trainer.py] => shuffle: True
2026-07-26 11:11:38,332 [trainer.py] => init_cls: 100
2026-07-26 11:11:38,332 [trainer.py] => increment: 20
2026-07-26 11:11:38,332 [trainer.py] => model_name: dualprompt
2026-07-26 11:11:38,332 [trainer.py] => backbone_type: clip
2026-07-26 11:11:38,332 [trainer.py] => get_original_backbone: True
2026-07-26 11:11:38,332 [trainer.py] => device: [device(type='cuda', index=2)]
2026-07-26 11:11:38,332 [trainer.py] => seed: 2026
2026-07-26 11:11:38,332 [trainer.py] => nb_classes: 200
2026-07-26 11:11:38,332 [trainer.py] => tuned_epoch: 10
2026-07-26 11:11:38,332 [trainer.py] => init_lr: 0.001
2026-07-26 11:11:38,332 [trainer.py] => batch_size: 64
2026-07-26 11:11:38,332 [trainer.py] => weight_decay: 0
2026-07-26 11:11:38,332 [trainer.py] => min_lr: 1e-05
2026-07-26 11:11:38,332 [trainer.py] => optimizer: adam
2026-07-26 11:11:38,333 [trainer.py] => scheduler: constant
2026-07-26 11:11:38,333 [trainer.py] => reinit_optimizer: True
2026-07-26 11:11:38,333 [trainer.py] => global_pool: token
2026-07-26 11:11:38,333 [trainer.py] => head_type: token
2026-07-26 11:11:38,333 [trainer.py] => freeze: ['blocks', 'patch_embed', 'cls_token', 'norm', 'pos_embed']
2026-07-26 11:11:38,333 [trainer.py] => pretrained: True
2026-07-26 11:11:38,333 [trainer.py] => drop: 0.0
2026-07-26 11:11:38,333 [trainer.py] => drop_path: 0.0
2026-07-26 11:11:38,333 [trainer.py] => use_g_prompt: True
2026-07-26 11:11:38,333 [trainer.py] => g_prompt_length: 5
2026-07-26 11:11:38,333 [trainer.py] => g_prompt_layer_idx: [0, 1]
2026-07-26 11:11:38,333 [trainer.py] => use_prefix_tune_for_g_prompt: True
2026-07-26 11:11:38,333 [trainer.py] => use_e_prompt: True
2026-07-26 11:11:38,333 [trainer.py] => e_prompt_layer_idx: [2, 3, 4]
2026-07-26 11:11:38,333 [trainer.py] => use_prefix_tune_for_e_prompt: True
2026-07-26 11:11:38,333 [trainer.py] => prompt_pool: True
2026-07-26 11:11:38,333 [trainer.py] => size: 10
2026-07-26 11:11:38,333 [trainer.py] => length: 5
2026-07-26 11:11:38,333 [trainer.py] => top_k: 1
2026-07-26 11:11:38,333 [trainer.py] => initializer: uniform
2026-07-26 11:11:38,334 [trainer.py] => prompt_key: True
2026-07-26 11:11:38,334 [trainer.py] => prompt_key_init: uniform
2026-07-26 11:11:38,334 [trainer.py] => use_prompt_mask: True
2026-07-26 11:11:38,334 [trainer.py] => shared_prompt_pool: True
2026-07-26 11:11:38,334 [trainer.py] => shared_prompt_key: False
2026-07-26 11:11:38,334 [trainer.py] => batchwise_prompt: True
2026-07-26 11:11:38,334 [trainer.py] => embedding_key: cls
2026-07-26 11:11:38,334 [trainer.py] => predefined_key: 
2026-07-26 11:11:38,334 [trainer.py] => pull_constraint: True
2026-07-26 11:11:38,334 [trainer.py] => pull_constraint_coeff: 0.1
2026-07-26 11:11:38,334 [trainer.py] => same_key_value: False
2026-07-26 11:11:38,334 [trainer.py] => total_class_num: 200
2026-07-26 11:11:38,890 [data_manager.py] => [115, 91, 15, 57, 123, 5, 193, 196, 88, 185, 191, 168, 90, 80, 106, 146, 188, 118, 44, 151, 24, 56, 42, 127, 113, 119, 197, 194, 99, 12, 65, 71, 131, 6, 46, 186, 126, 31, 117, 30, 110, 82, 102, 165, 11, 76, 53, 138, 199, 18, 163, 149, 84, 133, 170, 189, 52, 104, 45, 114, 41, 23, 160, 171, 172, 169, 177, 142, 94, 50, 128, 39, 59, 120, 107, 162, 124, 9, 74, 198, 62, 174, 166, 122, 141, 81, 10, 63, 176, 100, 136, 187, 129, 16, 72, 147, 54, 0, 98, 150, 92, 155, 4, 167, 125, 97, 153, 8, 83, 159, 85, 86, 13, 34, 173, 93, 180, 33, 21, 132, 190, 87, 121, 108, 103, 145, 37, 158, 69, 89, 2, 19, 67, 175, 51, 78, 43, 64, 66, 143, 61, 20, 144, 154, 183, 14, 140, 139, 75, 79, 22, 58, 101, 109, 32, 178, 73, 164, 55, 35, 49, 152, 137, 36, 3, 40, 70, 95, 105, 181, 157, 47, 192, 17, 60, 112, 68, 25, 38, 48, 161, 148, 111, 135, 96, 7, 27, 182, 130, 28, 179, 156, 116, 29, 195, 77, 184, 26, 134, 1]
2026-07-26 11:11:39,045 [factory.py] => Loaded ViT-B-16 model config.
2026-07-26 11:11:40,352 [factory.py] => Loading pretrained ViT-B-16 weights (/public/home/hanlida/Dr.1/pretrained_models/open_clip_pytorch_model_laion400m_e32.bin).
2026-07-26 11:11:44,512 [dual_prompt.py] => 86,546,120 model total parameters.
2026-07-26 11:11:44,512 [dual_prompt.py] => 338,120 model training parameters.
2026-07-26 11:11:44,513 [dual_prompt.py] => e_prompt.prompt: 230400
2026-07-26 11:11:44,513 [dual_prompt.py] => e_prompt.prompt_key: 5120
2026-07-26 11:11:44,513 [dual_prompt.py] => head.weight: 102400
2026-07-26 11:11:44,513 [dual_prompt.py] => head.bias: 200
2026-07-26 11:11:44,513 [dual_prompt.py] => Learning on 0-100
2026-07-26 11:46:33,523 [dual_prompt.py] => Task 0, Epoch 10/10 => Loss 0.187, Train_accy 95.95, Test_accy 86.67
2026-07-26 11:47:03,981 [trainer.py] => CNN: {'total': 86.67, '00-09': 86.18, '10-19': 85.99, '20-29': 83.47, '30-39': 88.32, '40-49': 85.3, '50-59': 87.75, '60-69': 88.67, '70-79': 87.5, '80-89': 85.55, '90-99': 87.76, 'old': 0, 'new': 86.67, 'harmonic': 0.0}
2026-07-26 11:47:03,982 [trainer.py] => CNN top1 curve: [86.67]
2026-07-26 11:47:03,982 [trainer.py] => CNN top5 curve: [96.66]
2026-07-26 11:47:03,983 [trainer.py] => Average Accuracy (CNN top1): 86.67
2026-07-26 11:47:03,983 [dual_prompt.py] => Learning on 100-120
2026-07-26 12:00:11,392 [dual_prompt.py] => Task 1, Epoch 10/10 => Loss 0.207, Train_accy 96.66, Test_accy 77.86
2026-07-26 12:00:50,068 [trainer.py] => CNN: {'total': 77.86, '00-09': 85.86, '10-19': 85.99, '20-29': 83.47, '30-39': 88.32, '40-49': 85.3, '50-59': 87.35, '60-69': 88.33, '70-79': 87.16, '80-89': 85.55, '90-99': 87.76, '100-109': 31.08, '110-119': 45.2, 'old': 86.54, 'new': 38.44, 'harmonic': 53.23}
2026-07-26 12:00:50,098 [trainer.py] => CNN top1 curve: [86.67, 77.86]
2026-07-26 12:00:50,098 [trainer.py] => CNN top5 curve: [96.66, 95.11]
2026-07-26 12:00:50,098 [trainer.py] => Average Accuracy (CNN top1): 82.265
2026-07-26 12:00:50,098 [dual_prompt.py] => Learning on 120-140
2026-07-26 12:13:35,417 [dual_prompt.py] => Task 2, Epoch 10/10 => Loss 0.139, Train_accy 98.65, Test_accy 72.95
2026-07-26 12:14:17,872 [trainer.py] => CNN: {'total': 72.95, '00-09': 85.86, '10-19': 85.99, '20-29': 83.47, '30-39': 88.32, '40-49': 85.3, '50-59': 87.35, '60-69': 88.33, '70-79': 87.16, '80-89': 85.55, '90-99': 87.76, '100-109': 31.08, '110-119': 44.92, '120-129': 39.7, '130-139': 27.05, 'old': 77.83, 'new': 34.18, 'harmonic': 47.5}
2026-07-26 12:14:17,886 [trainer.py] => CNN top1 curve: [86.67, 77.86, 72.95]
2026-07-26 12:14:17,886 [trainer.py] => CNN top5 curve: [96.66, 95.11, 94.12]
2026-07-26 12:14:17,886 [trainer.py] => Average Accuracy (CNN top1): 79.16000000000001
2026-07-26 12:14:17,886 [dual_prompt.py] => Learning on 140-160
2026-07-26 12:28:09,324 [dual_prompt.py] => Task 3, Epoch 10/10 => Loss 0.153, Train_accy 98.08, Test_accy 67.63
2026-07-26 12:28:57,296 [trainer.py] => CNN: {'total': 67.63, '00-09': 85.2, '10-19': 85.99, '20-29': 83.47, '30-39': 88.32, '40-49': 85.04, '50-59': 87.35, '60-69': 88.33, '70-79': 87.16, '80-89': 85.55, '90-99': 87.76, '100-109': 31.08, '110-119': 44.63, '120-129': 39.7, '130-139': 26.09, '140-149': 35.81, '150-159': 20.38, 'old': 72.8, 'new': 28.52, 'harmonic': 40.98}
2026-07-26 12:28:57,326 [trainer.py] => CNN top1 curve: [86.67, 77.86, 72.95, 67.63]
2026-07-26 12:28:57,326 [trainer.py] => CNN top5 curve: [96.66, 95.11, 94.12, 93.35]
2026-07-26 12:28:57,326 [trainer.py] => Average Accuracy (CNN top1): 76.2775
2026-07-26 12:28:57,326 [dual_prompt.py] => Learning on 160-180
2026-07-26 12:43:07,874 [dual_prompt.py] => Task 4, Epoch 10/10 => Loss 0.197, Train_accy 97.63, Test_accy 63.24
2026-07-26 12:44:01,659 [trainer.py] => CNN: {'total': 63.24, '00-09': 85.2, '10-19': 85.99, '20-29': 83.47, '30-39': 88.32, '40-49': 85.04, '50-59': 87.35, '60-69': 88.33, '70-79': 87.16, '80-89': 85.55, '90-99': 87.76, '100-109': 31.08, '110-119': 44.35, '120-129': 39.7, '130-139': 25.12, '140-149': 35.81, '150-159': 20.38, '160-169': 32.64, '170-179': 11.69, 'old': 67.56, 'new': 23.31, 'harmonic': 34.66}
2026-07-26 12:44:01,675 [trainer.py] => CNN top1 curve: [86.67, 77.86, 72.95, 67.63, 63.24]
2026-07-26 12:44:01,675 [trainer.py] => CNN top5 curve: [96.66, 95.11, 94.12, 93.35, 92.16]
2026-07-26 12:44:01,675 [trainer.py] => Average Accuracy (CNN top1): 73.67
2026-07-26 12:44:01,675 [dual_prompt.py] => Learning on 180-200
2026-07-26 13:00:20,758 [dual_prompt.py] => Task 5, Epoch 10/10 => Loss 0.143, Train_accy 97.70, Test_accy 60.95
2026-07-26 13:01:20,027 [trainer.py] => CNN: {'total': 60.95, '00-09': 84.87, '10-19': 85.99, '20-29': 83.47, '30-39': 88.32, '40-49': 85.04, '50-59': 87.35, '60-69': 88.33, '70-79': 87.16, '80-89': 85.55, '90-99': 87.06, '100-109': 31.08, '110-119': 44.35, '120-129': 39.7, '130-139': 23.67, '140-149': 35.81, '150-159': 20.38, '160-169': 32.29, '170-179': 11.69, '180-189': 39.27, '190-199': 49.39, 'old': 63.11, 'new': 44.15, 'harmonic': 51.95}
2026-07-26 13:01:20,046 [trainer.py] => CNN top1 curve: [86.67, 77.86, 72.95, 67.63, 63.24, 60.95]
2026-07-26 13:01:20,046 [trainer.py] => CNN top5 curve: [96.66, 95.11, 94.12, 93.35, 92.16, 91.82]
2026-07-26 13:01:20,047 [trainer.py] => Average Accuracy (CNN top1): 71.55
