2026-07-29 07:27:28,914 [trainer.py] => config: ./configs/dualprompt/dualprompt_objectnet_B0_Inc20.json
2026-07-29 07:27:28,914 [trainer.py] => prefix: -
2026-07-29 07:27:28,915 [trainer.py] => dataset: objectnet
2026-07-29 07:27:28,915 [trainer.py] => memory_size: 0
2026-07-29 07:27:28,915 [trainer.py] => memory_per_class: 0
2026-07-29 07:27:28,915 [trainer.py] => fixed_memory: False
2026-07-29 07:27:28,915 [trainer.py] => shuffle: True
2026-07-29 07:27:28,915 [trainer.py] => init_cls: 20
2026-07-29 07:27:28,915 [trainer.py] => increment: 20
2026-07-29 07:27:28,915 [trainer.py] => model_name: dualprompt
2026-07-29 07:27:28,915 [trainer.py] => backbone_type: clip
2026-07-29 07:27:28,915 [trainer.py] => get_original_backbone: True
2026-07-29 07:27:28,916 [trainer.py] => device: [device(type='cuda', index=2)]
2026-07-29 07:27:28,916 [trainer.py] => seed: 2026
2026-07-29 07:27:28,916 [trainer.py] => nb_classes: 200
2026-07-29 07:27:28,916 [trainer.py] => tuned_epoch: 10
2026-07-29 07:27:28,916 [trainer.py] => init_lr: 0.001
2026-07-29 07:27:28,916 [trainer.py] => batch_size: 64
2026-07-29 07:27:28,916 [trainer.py] => weight_decay: 0
2026-07-29 07:27:28,916 [trainer.py] => min_lr: 1e-05
2026-07-29 07:27:28,916 [trainer.py] => optimizer: adam
2026-07-29 07:27:28,916 [trainer.py] => scheduler: constant
2026-07-29 07:27:28,917 [trainer.py] => reinit_optimizer: True
2026-07-29 07:27:28,917 [trainer.py] => global_pool: token
2026-07-29 07:27:28,917 [trainer.py] => head_type: token
2026-07-29 07:27:28,917 [trainer.py] => freeze: ['blocks', 'patch_embed', 'cls_token', 'norm', 'pos_embed']
2026-07-29 07:27:28,917 [trainer.py] => pretrained: True
2026-07-29 07:27:28,917 [trainer.py] => drop: 0.0
2026-07-29 07:27:28,917 [trainer.py] => drop_path: 0.0
2026-07-29 07:27:28,917 [trainer.py] => use_g_prompt: True
2026-07-29 07:27:28,917 [trainer.py] => g_prompt_length: 5
2026-07-29 07:27:28,917 [trainer.py] => g_prompt_layer_idx: [0, 1]
2026-07-29 07:27:28,918 [trainer.py] => use_prefix_tune_for_g_prompt: True
2026-07-29 07:27:28,918 [trainer.py] => use_e_prompt: True
2026-07-29 07:27:28,918 [trainer.py] => e_prompt_layer_idx: [2, 3, 4]
2026-07-29 07:27:28,918 [trainer.py] => use_prefix_tune_for_e_prompt: True
2026-07-29 07:27:28,918 [trainer.py] => prompt_pool: True
2026-07-29 07:27:28,918 [trainer.py] => size: 10
2026-07-29 07:27:28,918 [trainer.py] => length: 5
2026-07-29 07:27:28,918 [trainer.py] => top_k: 1
2026-07-29 07:27:28,918 [trainer.py] => initializer: uniform
2026-07-29 07:27:28,918 [trainer.py] => prompt_key: True
2026-07-29 07:27:28,919 [trainer.py] => prompt_key_init: uniform
2026-07-29 07:27:28,919 [trainer.py] => use_prompt_mask: True
2026-07-29 07:27:28,919 [trainer.py] => shared_prompt_pool: True
2026-07-29 07:27:28,919 [trainer.py] => shared_prompt_key: False
2026-07-29 07:27:28,919 [trainer.py] => batchwise_prompt: True
2026-07-29 07:27:28,919 [trainer.py] => embedding_key: cls
2026-07-29 07:27:28,919 [trainer.py] => predefined_key: 
2026-07-29 07:27:28,919 [trainer.py] => pull_constraint: True
2026-07-29 07:27:28,919 [trainer.py] => pull_constraint_coeff: 0.1
2026-07-29 07:27:28,919 [trainer.py] => same_key_value: False
2026-07-29 07:27:28,919 [trainer.py] => total_class_num: 200
2026-07-29 07:27:29,763 [data_manager.py] => [115, 91, 15, 57, 123, 5, 193, 196, 88, 185, 191, 168, 90, 80, 106, 146, 188, 118, 44, 151, 24, 56, 42, 127, 113, 119, 197, 194, 99, 12, 65, 71, 131, 6, 46, 186, 126, 31, 117, 30, 110, 82, 102, 165, 11, 76, 53, 138, 199, 18, 163, 149, 84, 133, 170, 189, 52, 104, 45, 114, 41, 23, 160, 171, 172, 169, 177, 142, 94, 50, 128, 39, 59, 120, 107, 162, 124, 9, 74, 198, 62, 174, 166, 122, 141, 81, 10, 63, 176, 100, 136, 187, 129, 16, 72, 147, 54, 0, 98, 150, 92, 155, 4, 167, 125, 97, 153, 8, 83, 159, 85, 86, 13, 34, 173, 93, 180, 33, 21, 132, 190, 87, 121, 108, 103, 145, 37, 158, 69, 89, 2, 19, 67, 175, 51, 78, 43, 64, 66, 143, 61, 20, 144, 154, 183, 14, 140, 139, 75, 79, 22, 58, 101, 109, 32, 178, 73, 164, 55, 35, 49, 152, 137, 36, 3, 40, 70, 95, 105, 181, 157, 47, 192, 17, 60, 112, 68, 25, 38, 48, 161, 148, 111, 135, 96, 7, 27, 182, 130, 28, 179, 156, 116, 29, 195, 77, 184, 26, 134, 1]
2026-07-29 07:27:29,870 [factory.py] => Loaded ViT-B-16 model config.
2026-07-29 07:27:31,158 [factory.py] => Loading pretrained ViT-B-16 weights (/public/home/hanlida/Dr.1/pretrained_models/open_clip_pytorch_model_laion400m_e32.bin).
2026-07-29 07:27:35,657 [dual_prompt.py] => 86,546,120 model total parameters.
2026-07-29 07:27:35,660 [dual_prompt.py] => 338,120 model training parameters.
2026-07-29 07:27:35,660 [dual_prompt.py] => e_prompt.prompt: 230400
2026-07-29 07:27:35,660 [dual_prompt.py] => e_prompt.prompt_key: 5120
2026-07-29 07:27:35,660 [dual_prompt.py] => head.weight: 102400
2026-07-29 07:27:35,660 [dual_prompt.py] => head.bias: 200
2026-07-29 07:27:35,660 [dual_prompt.py] => Learning on 0-20
2026-07-29 07:41:37,359 [dual_prompt.py] => Task 0, Epoch 10/10 => Loss 0.898, Train_accy 77.57, Test_accy 69.27
2026-07-29 07:41:58,088 [trainer.py] => CNN: {'total': 69.27, '00-09': 71.83, '10-19': 66.77, 'old': 0, 'new': 69.27, 'harmonic': 0.0}
2026-07-29 07:41:58,102 [trainer.py] => CNN top1 curve: [69.27]
2026-07-29 07:41:58,102 [trainer.py] => CNN top5 curve: [93.12]
2026-07-29 07:41:58,102 [trainer.py] => Average Accuracy (CNN top1): 69.27
2026-07-29 07:41:58,102 [dual_prompt.py] => Learning on 20-40
2026-07-29 07:58:17,954 [dual_prompt.py] => Task 1, Epoch 10/10 => Loss 0.731, Train_accy 80.47, Test_accy 61.88
2026-07-29 07:58:51,392 [trainer.py] => CNN: {'total': 61.88, '00-09': 68.73, '10-19': 60.73, '20-29': 64.0, '30-39': 54.04, 'old': 64.68, 'new': 59.04, 'harmonic': 61.73}
2026-07-29 07:58:51,419 [trainer.py] => CNN top1 curve: [69.27, 61.88]
2026-07-29 07:58:51,419 [trainer.py] => CNN top5 curve: [93.12, 86.09]
2026-07-29 07:58:51,420 [trainer.py] => Average Accuracy (CNN top1): 65.575
2026-07-29 07:58:51,420 [dual_prompt.py] => Learning on 40-60
2026-07-29 08:15:46,924 [dual_prompt.py] => Task 2, Epoch 10/10 => Loss 0.554, Train_accy 85.95, Test_accy 57.87
2026-07-29 08:16:27,520 [trainer.py] => CNN: {'total': 57.87, '00-09': 67.18, '10-19': 55.59, '20-29': 61.54, '30-39': 49.07, '40-49': 61.58, '50-59': 51.91, 'old': 58.34, 'new': 56.95, 'harmonic': 57.64}
2026-07-29 08:16:27,537 [trainer.py] => CNN top1 curve: [69.27, 61.88, 57.87]
2026-07-29 08:16:27,537 [trainer.py] => CNN top5 curve: [93.12, 86.09, 83.13]
2026-07-29 08:16:27,537 [trainer.py] => Average Accuracy (CNN top1): 63.00666666666667
2026-07-29 08:16:27,537 [dual_prompt.py] => Learning on 60-80
2026-07-29 08:35:54,589 [dual_prompt.py] => Task 3, Epoch 10/10 => Loss 0.421, Train_accy 89.98, Test_accy 54.35
2026-07-29 08:36:53,330 [trainer.py] => CNN: {'total': 54.35, '00-09': 57.59, '10-19': 49.85, '20-29': 58.15, '30-39': 44.72, '40-49': 55.72, '50-59': 48.09, '60-69': 59.74, '70-79': 60.7, 'old': 52.4, 'new': 60.25, 'harmonic': 56.05}
2026-07-29 08:36:53,351 [trainer.py] => CNN top1 curve: [69.27, 61.88, 57.87, 54.35]
2026-07-29 08:36:53,352 [trainer.py] => CNN top5 curve: [93.12, 86.09, 83.13, 80.65]
2026-07-29 08:36:53,352 [trainer.py] => Average Accuracy (CNN top1): 60.8425
2026-07-29 08:36:53,352 [dual_prompt.py] => Learning on 80-100
2026-07-29 08:58:34,347 [dual_prompt.py] => Task 4, Epoch 10/10 => Loss 0.501, Train_accy 86.81, Test_accy 51.81
2026-07-29 08:59:52,294 [trainer.py] => CNN: {'total': 51.81, '00-09': 51.08, '10-19': 45.02, '20-29': 55.08, '30-39': 43.17, '40-49': 52.49, '50-59': 44.27, '60-69': 58.09, '70-79': 57.48, '80-89': 61.56, '90-99': 50.17, 'old': 50.85, 'new': 56.0, 'harmonic': 53.3}
2026-07-29 08:59:52,318 [trainer.py] => CNN top1 curve: [69.27, 61.88, 57.87, 54.35, 51.81]
2026-07-29 08:59:52,318 [trainer.py] => CNN top5 curve: [93.12, 86.09, 83.13, 80.65, 78.81]
2026-07-29 08:59:52,318 [trainer.py] => Average Accuracy (CNN top1): 59.036
2026-07-29 08:59:52,318 [dual_prompt.py] => Learning on 100-120
2026-07-29 09:24:30,669 [dual_prompt.py] => Task 5, Epoch 10/10 => Loss 0.387, Train_accy 90.86, Test_accy 49.76
2026-07-29 09:25:57,928 [trainer.py] => CNN: {'total': 49.76, '00-09': 49.85, '10-19': 43.2, '20-29': 52.0, '30-39': 41.61, '40-49': 47.21, '50-59': 41.72, '60-69': 56.77, '70-79': 54.25, '80-89': 60.26, '90-99': 48.12, '100-109': 45.75, '110-119': 56.8, 'old': 49.44, 'new': 51.25, 'harmonic': 50.33}
2026-07-29 09:25:57,944 [trainer.py] => CNN top1 curve: [69.27, 61.88, 57.87, 54.35, 51.81, 49.76]
2026-07-29 09:25:57,944 [trainer.py] => CNN top5 curve: [93.12, 86.09, 83.13, 80.65, 78.81, 76.98]
2026-07-29 09:25:57,944 [trainer.py] => Average Accuracy (CNN top1): 57.49
2026-07-29 09:25:57,944 [dual_prompt.py] => Learning on 120-140
2026-07-29 09:54:08,679 [dual_prompt.py] => Task 6, Epoch 10/10 => Loss 0.464, Train_accy 87.58, Test_accy 46.95
2026-07-29 09:55:46,484 [trainer.py] => CNN: {'total': 46.95, '00-09': 46.13, '10-19': 41.39, '20-29': 50.77, '30-39': 40.06, '40-49': 45.45, '50-59': 40.45, '60-69': 56.11, '70-79': 53.08, '80-89': 59.61, '90-99': 45.39, '100-109': 45.45, '110-119': 48.82, '120-129': 39.62, '130-139': 45.66, 'old': 47.67, 'new': 42.98, 'harmonic': 45.2}
2026-07-29 09:55:46,517 [trainer.py] => CNN top1 curve: [69.27, 61.88, 57.87, 54.35, 51.81, 49.76, 46.95]
2026-07-29 09:55:46,517 [trainer.py] => CNN top5 curve: [93.12, 86.09, 83.13, 80.65, 78.81, 76.98, 74.21]
2026-07-29 09:55:46,517 [trainer.py] => Average Accuracy (CNN top1): 55.98428571428571
2026-07-29 09:55:46,517 [dual_prompt.py] => Learning on 140-160
2026-07-29 10:26:48,651 [dual_prompt.py] => Task 7, Epoch 10/10 => Loss 0.479, Train_accy 86.69, Test_accy 52.06
2026-07-29 10:28:48,442 [trainer.py] => CNN: {'total': 52.06, '00-09': 47.68, '10-19': 45.62, '20-29': 54.46, '30-39': 48.45, '40-49': 45.16, '50-59': 42.68, '60-69': 64.69, '70-79': 62.17, '80-89': 61.89, '90-99': 51.54, '100-109': 51.32, '110-119': 53.25, '120-129': 46.01, '130-139': 54.08, '140-149': 55.17, '150-159': 49.57, 'old': 52.05, 'new': 52.11, 'harmonic': 52.08}
2026-07-29 10:28:48,473 [trainer.py] => CNN top1 curve: [69.27, 61.88, 57.87, 54.35, 51.81, 49.76, 46.95, 52.06]
2026-07-29 10:28:48,473 [trainer.py] => CNN top5 curve: [93.12, 86.09, 83.13, 80.65, 78.81, 76.98, 74.21, 79.65]
2026-07-29 10:28:48,474 [trainer.py] => Average Accuracy (CNN top1): 55.49375
2026-07-29 10:28:48,474 [dual_prompt.py] => Learning on 160-180
2026-07-29 11:02:01,852 [dual_prompt.py] => Task 8, Epoch 10/10 => Loss 0.509, Train_accy 85.28, Test_accy 51.20
2026-07-29 11:04:11,192 [trainer.py] => CNN: {'total': 51.2, '00-09': 46.44, '10-19': 42.9, '20-29': 55.38, '30-39': 46.89, '40-49': 44.28, '50-59': 49.04, '60-69': 64.03, '70-79': 58.94, '80-89': 57.0, '90-99': 49.15, '100-109': 51.03, '110-119': 51.18, '120-129': 41.85, '130-139': 52.81, '140-149': 53.79, '150-159': 49.0, '160-169': 54.85, '170-179': 53.3, 'old': 50.81, 'new': 54.02, 'harmonic': 52.37}
2026-07-29 11:04:11,215 [trainer.py] => CNN top1 curve: [69.27, 61.88, 57.87, 54.35, 51.81, 49.76, 46.95, 52.06, 51.2]
2026-07-29 11:04:11,215 [trainer.py] => CNN top5 curve: [93.12, 86.09, 83.13, 80.65, 78.81, 76.98, 74.21, 79.65, 78.32]
2026-07-29 11:04:11,215 [trainer.py] => Average Accuracy (CNN top1): 55.016666666666666
2026-07-29 11:04:11,215 [dual_prompt.py] => Learning on 180-200
2026-07-29 11:39:15,875 [dual_prompt.py] => Task 9, Epoch 10/10 => Loss 0.470, Train_accy 87.10, Test_accy 49.31
2026-07-29 11:41:37,957 [trainer.py] => CNN: {'total': 49.31, '00-09': 45.82, '10-19': 41.99, '20-29': 53.85, '30-39': 45.65, '40-49': 44.28, '50-59': 47.45, '60-69': 61.06, '70-79': 58.36, '80-89': 54.4, '90-99': 48.12, '100-109': 48.97, '110-119': 50.0, '120-129': 40.58, '130-139': 50.77, '140-149': 52.41, '150-159': 47.85, '160-169': 53.94, '170-179': 51.98, '180-189': 49.21, '190-199': 39.31, 'old': 49.85, 'new': 44.68, 'harmonic': 47.12}
2026-07-29 11:41:37,987 [trainer.py] => CNN top1 curve: [69.27, 61.88, 57.87, 54.35, 51.81, 49.76, 46.95, 52.06, 51.2, 49.31]
2026-07-29 11:41:37,987 [trainer.py] => CNN top5 curve: [93.12, 86.09, 83.13, 80.65, 78.81, 76.98, 74.21, 79.65, 78.32, 77.04]
2026-07-29 11:41:37,987 [trainer.py] => Average Accuracy (CNN top1): 54.446000000000005
