2026-07-28 00:17:09,508 [trainer.py] => config: ./configs/dualprompt/dualprompt_sun_B150_Inc30.json
2026-07-28 00:17:09,509 [trainer.py] => prefix: -
2026-07-28 00:17:09,509 [trainer.py] => dataset: sun
2026-07-28 00:17:09,509 [trainer.py] => memory_size: 0
2026-07-28 00:17:09,509 [trainer.py] => memory_per_class: 0
2026-07-28 00:17:09,510 [trainer.py] => fixed_memory: False
2026-07-28 00:17:09,510 [trainer.py] => shuffle: True
2026-07-28 00:17:09,510 [trainer.py] => init_cls: 150
2026-07-28 00:17:09,510 [trainer.py] => increment: 30
2026-07-28 00:17:09,510 [trainer.py] => model_name: dualprompt
2026-07-28 00:17:09,510 [trainer.py] => backbone_type: clip
2026-07-28 00:17:09,511 [trainer.py] => get_original_backbone: True
2026-07-28 00:17:09,511 [trainer.py] => device: [device(type='cuda', index=2)]
2026-07-28 00:17:09,511 [trainer.py] => seed: 2026
2026-07-28 00:17:09,511 [trainer.py] => nb_classes: 397
2026-07-28 00:17:09,511 [trainer.py] => tuned_epoch: 10
2026-07-28 00:17:09,512 [trainer.py] => init_lr: 0.001
2026-07-28 00:17:09,512 [trainer.py] => batch_size: 64
2026-07-28 00:17:09,512 [trainer.py] => weight_decay: 0
2026-07-28 00:17:09,512 [trainer.py] => min_lr: 1e-05
2026-07-28 00:17:09,512 [trainer.py] => optimizer: adam
2026-07-28 00:17:09,512 [trainer.py] => scheduler: constant
2026-07-28 00:17:09,513 [trainer.py] => reinit_optimizer: True
2026-07-28 00:17:09,513 [trainer.py] => global_pool: token
2026-07-28 00:17:09,513 [trainer.py] => head_type: token
2026-07-28 00:17:09,513 [trainer.py] => freeze: ['blocks', 'patch_embed', 'cls_token', 'norm', 'pos_embed']
2026-07-28 00:17:09,513 [trainer.py] => pretrained: True
2026-07-28 00:17:09,513 [trainer.py] => drop: 0.0
2026-07-28 00:17:09,514 [trainer.py] => drop_path: 0.0
2026-07-28 00:17:09,514 [trainer.py] => use_g_prompt: True
2026-07-28 00:17:09,514 [trainer.py] => g_prompt_length: 5
2026-07-28 00:17:09,514 [trainer.py] => g_prompt_layer_idx: [0, 1]
2026-07-28 00:17:09,514 [trainer.py] => use_prefix_tune_for_g_prompt: True
2026-07-28 00:17:09,514 [trainer.py] => use_e_prompt: True
2026-07-28 00:17:09,515 [trainer.py] => e_prompt_layer_idx: [2, 3, 4]
2026-07-28 00:17:09,515 [trainer.py] => use_prefix_tune_for_e_prompt: True
2026-07-28 00:17:09,515 [trainer.py] => prompt_pool: True
2026-07-28 00:17:09,515 [trainer.py] => size: 10
2026-07-28 00:17:09,515 [trainer.py] => length: 5
2026-07-28 00:17:09,515 [trainer.py] => top_k: 1
2026-07-28 00:17:09,516 [trainer.py] => initializer: uniform
2026-07-28 00:17:09,516 [trainer.py] => prompt_key: True
2026-07-28 00:17:09,516 [trainer.py] => prompt_key_init: uniform
2026-07-28 00:17:09,516 [trainer.py] => use_prompt_mask: True
2026-07-28 00:17:09,516 [trainer.py] => shared_prompt_pool: True
2026-07-28 00:17:09,516 [trainer.py] => shared_prompt_key: False
2026-07-28 00:17:09,517 [trainer.py] => batchwise_prompt: True
2026-07-28 00:17:09,517 [trainer.py] => embedding_key: cls
2026-07-28 00:17:09,517 [trainer.py] => predefined_key: 
2026-07-28 00:17:09,517 [trainer.py] => pull_constraint: True
2026-07-28 00:17:09,517 [trainer.py] => pull_constraint_coeff: 0.1
2026-07-28 00:17:09,517 [trainer.py] => same_key_value: False
2026-07-28 00:17:09,518 [trainer.py] => total_class_num: 300
2026-07-28 00:17:10,757 [data_manager.py] => [224, 200, 247, 134, 144, 294, 287, 225, 131, 191, 158, 138, 7, 23, 40, 155, 269, 178, 126, 44, 181, 266, 179, 275, 193, 114, 6, 235, 42, 109, 286, 230, 121, 210, 208, 102, 24, 256, 5, 254, 115, 168, 61, 184, 211, 18, 272, 227, 292, 296, 239, 107, 299, 283, 189, 202, 262, 105, 174, 206, 281, 150, 87, 265, 192, 271, 125, 74, 62, 56, 252, 197, 88, 180, 204, 46, 293, 298, 258, 146, 53, 80, 71, 37, 12, 219, 119, 4, 267, 90, 273, 65, 236, 1, 170, 100, 91, 213, 242, 209, 128, 261, 26, 50, 248, 140, 270, 185, 291, 156, 240, 199, 183, 186, 175, 81, 228, 177, 76, 52, 277, 54, 34, 94, 278, 110, 218, 99, 149, 220, 133, 234, 39, 154, 15, 233, 253, 289, 172, 187, 169, 143, 31, 198, 84, 157, 86, 173, 104, 9, 203, 147, 190, 223, 120, 30, 36, 196, 11, 288, 297, 285, 118, 129, 57, 82, 141, 241, 280, 45, 41, 151, 279, 166, 153, 217, 106, 93, 276, 123, 237, 167, 59, 48, 136, 246, 274, 244, 117, 60, 70, 229, 122, 20, 10, 63, 68, 231, 238, 171, 16, 72, 127, 232, 32, 124, 182, 0, 98, 264, 92, 38, 132, 95, 260, 97, 35, 8, 83, 163, 85, 113, 214, 13, 162, 145, 221, 33, 21, 195, 176, 215, 108, 103, 268, 165, 55, 69, 89, 2, 19, 67, 188, 284, 51, 243, 160, 222, 78, 255, 43, 142, 64, 207, 66, 161, 212, 164, 194, 14, 251, 139, 75, 79, 22, 58, 101, 73, 259, 159, 216, 226, 49, 152, 137, 3, 245, 290, 148, 47, 295, 201, 250, 17, 112, 25, 111, 135, 96, 263, 249, 27, 205, 130, 28, 116, 29, 77, 282, 257]
2026-07-28 00:17:11,131 [factory.py] => Loaded ViT-B-16 model config.
2026-07-28 00:17:12,485 [factory.py] => Loading pretrained ViT-B-16 weights (/public/home/hanlida/Dr.1/pretrained_models/open_clip_pytorch_model_laion400m_e32.bin).
2026-07-28 00:17:16,883 [dual_prompt.py] => 86,647,181 model total parameters.
2026-07-28 00:17:16,883 [dual_prompt.py] => 439,181 model training parameters.
2026-07-28 00:17:16,884 [dual_prompt.py] => e_prompt.prompt: 230400
2026-07-28 00:17:16,884 [dual_prompt.py] => e_prompt.prompt_key: 5120
2026-07-28 00:17:16,884 [dual_prompt.py] => head.weight: 203264
2026-07-28 00:17:16,884 [dual_prompt.py] => head.bias: 397
2026-07-28 00:17:16,884 [dual_prompt.py] => Learning on 0-150
2026-07-28 01:14:30,494 [dual_prompt.py] => Task 0, Epoch 10/10 => Loss 0.091, Train_accy 95.72, Test_accy 88.94
2026-07-28 01:15:21,422 [trainer.py] => CNN: {'total': 88.94, '00-09': 88.32, '10-19': 90.53, '20-29': 91.88, '30-39': 93.83, '40-49': 84.94, '50-59': 84.4, '60-69': 92.39, '70-79': 91.52, '80-89': 87.74, '90-99': 89.0, '100-109': 90.25, '110-119': 83.79, '120-129': 92.01, '130-139': 78.42, '140-149': 81.12, 'old': 0, 'new': 88.94, 'harmonic': 0.0}
2026-07-28 01:15:21,454 [trainer.py] => CNN top1 curve: [88.94]
2026-07-28 01:15:21,454 [trainer.py] => CNN top5 curve: [99.11]
2026-07-28 01:15:21,454 [trainer.py] => Average Accuracy (CNN top1): 88.94
2026-07-28 01:15:21,454 [dual_prompt.py] => Learning on 150-180
2026-07-28 01:34:22,248 [dual_prompt.py] => Task 1, Epoch 10/10 => Loss 0.030, Train_accy 98.48, Test_accy 83.78
2026-07-28 01:35:21,057 [trainer.py] => CNN: {'total': 83.78, '00-09': 88.32, '10-19': 90.53, '20-29': 91.88, '30-39': 93.83, '40-49': 84.49, '50-59': 84.4, '60-69': 92.25, '70-79': 91.2, '80-89': 87.55, '90-99': 89.0, '100-109': 90.25, '110-119': 83.63, '120-129': 91.78, '130-139': 78.08, '140-149': 80.87, '150-159': 50.51, '160-169': 61.39, '170-179': 49.73, 'old': 88.81, 'new': 54.54, 'harmonic': 67.58}
2026-07-28 01:35:21,098 [trainer.py] => CNN top1 curve: [88.94, 83.78]
2026-07-28 01:35:21,098 [trainer.py] => CNN top5 curve: [99.11, 98.79]
2026-07-28 01:35:21,098 [trainer.py] => Average Accuracy (CNN top1): 86.36
2026-07-28 01:35:21,098 [dual_prompt.py] => Learning on 180-210
2026-07-28 01:56:27,429 [dual_prompt.py] => Task 2, Epoch 10/10 => Loss 0.031, Train_accy 98.68, Test_accy 78.92
2026-07-28 01:57:34,019 [trainer.py] => CNN: {'total': 78.92, '00-09': 88.32, '10-19': 90.53, '20-29': 91.88, '30-39': 93.83, '40-49': 84.49, '50-59': 84.23, '60-69': 91.97, '70-79': 91.2, '80-89': 87.55, '90-99': 89.0, '100-109': 90.07, '110-119': 83.31, '120-129': 91.78, '130-139': 78.08, '140-149': 80.87, '150-159': 49.66, '160-169': 60.89, '170-179': 49.45, '180-189': 55.57, '190-199': 53.2, '200-209': 31.26, 'old': 83.64, 'new': 47.81, 'harmonic': 60.84}
2026-07-28 01:57:34,061 [trainer.py] => CNN top1 curve: [88.94, 83.78, 78.92]
2026-07-28 01:57:34,061 [trainer.py] => CNN top5 curve: [99.11, 98.79, 98.31]
2026-07-28 01:57:34,061 [trainer.py] => Average Accuracy (CNN top1): 83.88
2026-07-28 01:57:34,061 [dual_prompt.py] => Learning on 210-240
2026-07-28 02:21:58,350 [dual_prompt.py] => Task 3, Epoch 10/10 => Loss 0.012, Train_accy 98.81, Test_accy 74.78
2026-07-28 02:23:13,295 [trainer.py] => CNN: {'total': 74.78, '00-09': 88.32, '10-19': 90.53, '20-29': 91.52, '30-39': 93.83, '40-49': 83.6, '50-59': 84.06, '60-69': 91.83, '70-79': 91.2, '80-89': 87.55, '90-99': 89.0, '100-109': 89.35, '110-119': 83.14, '120-129': 91.66, '130-139': 77.74, '140-149': 80.87, '150-159': 49.32, '160-169': 60.89, '170-179': 49.45, '180-189': 54.79, '190-199': 52.62, '200-209': 31.26, '210-219': 46.85, '220-229': 47.4, '230-239': 51.57, 'old': 78.72, 'new': 48.93, 'harmonic': 60.35}
2026-07-28 02:23:13,321 [trainer.py] => CNN top1 curve: [88.94, 83.78, 78.92, 74.78]
2026-07-28 02:23:13,321 [trainer.py] => CNN top5 curve: [99.11, 98.79, 98.31, 97.78]
2026-07-28 02:23:13,322 [trainer.py] => Average Accuracy (CNN top1): 81.60499999999999
2026-07-28 02:23:13,322 [dual_prompt.py] => Learning on 240-270
2026-07-28 02:52:27,962 [dual_prompt.py] => Task 4, Epoch 10/10 => Loss -0.016, Train_accy 99.04, Test_accy 70.16
2026-07-28 02:54:04,744 [trainer.py] => CNN: {'total': 70.16, '00-09': 88.32, '10-19': 90.67, '20-29': 91.52, '30-39': 93.57, '40-49': 83.6, '50-59': 84.06, '60-69': 91.41, '70-79': 90.99, '80-89': 87.17, '90-99': 88.51, '100-109': 89.35, '110-119': 82.98, '120-129': 91.3, '130-139': 77.74, '140-149': 80.87, '150-159': 42.57, '160-169': 60.89, '170-179': 48.63, '180-189': 52.75, '190-199': 49.71, '200-209': 30.41, '210-219': 45.77, '220-229': 47.22, '230-239': 51.31, '240-249': 41.34, '250-259': 61.44, '260-269': 31.88, 'old': 74.08, 'new': 47.6, 'harmonic': 57.96}
2026-07-28 02:54:04,783 [trainer.py] => CNN top1 curve: [88.94, 83.78, 78.92, 74.78, 70.16]
2026-07-28 02:54:04,784 [trainer.py] => CNN top5 curve: [99.11, 98.79, 98.31, 97.78, 97.36]
2026-07-28 02:54:04,784 [trainer.py] => Average Accuracy (CNN top1): 79.31599999999999
2026-07-28 02:54:04,784 [dual_prompt.py] => Learning on 270-300
2026-07-28 03:19:46,950 [dual_prompt.py] => Task 5, Epoch 10/10 => Loss 0.034, Train_accy 98.39, Test_accy 66.98
2026-07-28 03:21:26,449 [trainer.py] => CNN: {'total': 66.98, '00-09': 88.32, '10-19': 90.67, '20-29': 91.16, '30-39': 93.57, '40-49': 83.15, '50-59': 83.88, '60-69': 91.41, '70-79': 90.88, '80-89': 87.17, '90-99': 88.35, '100-109': 89.17, '110-119': 82.98, '120-129': 91.3, '130-139': 77.74, '140-149': 80.87, '150-159': 42.4, '160-169': 60.4, '170-179': 46.17, '180-189': 51.65, '190-199': 49.71, '200-209': 29.12, '210-219': 45.77, '220-229': 46.86, '230-239': 51.31, '240-249': 41.34, '250-259': 61.44, '260-269': 31.76, '270-279': 41.37, '280-289': 29.0, '290-299': 36.23, 'old': 69.94, 'new': 35.45, 'harmonic': 47.05}
2026-07-28 03:21:26,478 [trainer.py] => CNN top1 curve: [88.94, 83.78, 78.92, 74.78, 70.16, 66.98]
2026-07-28 03:21:26,479 [trainer.py] => CNN top5 curve: [99.11, 98.79, 98.31, 97.78, 97.36, 96.51]
2026-07-28 03:21:26,479 [trainer.py] => Average Accuracy (CNN top1): 77.25999999999999
