2026-07-27 05:01:56,740 [trainer.py] => config: ./configs/dualprompt/dualprompt_sun_B0_Inc30.json
2026-07-27 05:01:56,740 [trainer.py] => prefix: -
2026-07-27 05:01:56,740 [trainer.py] => dataset: sun
2026-07-27 05:01:56,740 [trainer.py] => memory_size: 0
2026-07-27 05:01:56,740 [trainer.py] => memory_per_class: 0
2026-07-27 05:01:56,741 [trainer.py] => fixed_memory: False
2026-07-27 05:01:56,741 [trainer.py] => shuffle: True
2026-07-27 05:01:56,741 [trainer.py] => init_cls: 30
2026-07-27 05:01:56,741 [trainer.py] => increment: 30
2026-07-27 05:01:56,741 [trainer.py] => model_name: dualprompt
2026-07-27 05:01:56,741 [trainer.py] => backbone_type: clip
2026-07-27 05:01:56,741 [trainer.py] => get_original_backbone: True
2026-07-27 05:01:56,741 [trainer.py] => device: [device(type='cuda', index=2)]
2026-07-27 05:01:56,741 [trainer.py] => seed: 42
2026-07-27 05:01:56,741 [trainer.py] => nb_classes: 397
2026-07-27 05:01:56,741 [trainer.py] => tuned_epoch: 10
2026-07-27 05:01:56,741 [trainer.py] => init_lr: 0.001
2026-07-27 05:01:56,741 [trainer.py] => batch_size: 64
2026-07-27 05:01:56,741 [trainer.py] => weight_decay: 0
2026-07-27 05:01:56,741 [trainer.py] => min_lr: 1e-05
2026-07-27 05:01:56,741 [trainer.py] => optimizer: adam
2026-07-27 05:01:56,742 [trainer.py] => scheduler: constant
2026-07-27 05:01:56,742 [trainer.py] => reinit_optimizer: True
2026-07-27 05:01:56,742 [trainer.py] => global_pool: token
2026-07-27 05:01:56,742 [trainer.py] => head_type: token
2026-07-27 05:01:56,742 [trainer.py] => freeze: ['blocks', 'patch_embed', 'cls_token', 'norm', 'pos_embed']
2026-07-27 05:01:56,742 [trainer.py] => pretrained: True
2026-07-27 05:01:56,742 [trainer.py] => drop: 0.0
2026-07-27 05:01:56,742 [trainer.py] => drop_path: 0.0
2026-07-27 05:01:56,742 [trainer.py] => use_g_prompt: True
2026-07-27 05:01:56,742 [trainer.py] => g_prompt_length: 5
2026-07-27 05:01:56,742 [trainer.py] => g_prompt_layer_idx: [0, 1]
2026-07-27 05:01:56,742 [trainer.py] => use_prefix_tune_for_g_prompt: True
2026-07-27 05:01:56,742 [trainer.py] => use_e_prompt: True
2026-07-27 05:01:56,742 [trainer.py] => e_prompt_layer_idx: [2, 3, 4]
2026-07-27 05:01:56,742 [trainer.py] => use_prefix_tune_for_e_prompt: True
2026-07-27 05:01:56,742 [trainer.py] => prompt_pool: True
2026-07-27 05:01:56,743 [trainer.py] => size: 10
2026-07-27 05:01:56,743 [trainer.py] => length: 5
2026-07-27 05:01:56,743 [trainer.py] => top_k: 1
2026-07-27 05:01:56,743 [trainer.py] => initializer: uniform
2026-07-27 05:01:56,743 [trainer.py] => prompt_key: True
2026-07-27 05:01:56,743 [trainer.py] => prompt_key_init: uniform
2026-07-27 05:01:56,743 [trainer.py] => use_prompt_mask: True
2026-07-27 05:01:56,743 [trainer.py] => shared_prompt_pool: True
2026-07-27 05:01:56,743 [trainer.py] => shared_prompt_key: False
2026-07-27 05:01:56,743 [trainer.py] => batchwise_prompt: True
2026-07-27 05:01:56,743 [trainer.py] => embedding_key: cls
2026-07-27 05:01:56,743 [trainer.py] => predefined_key: 
2026-07-27 05:01:56,743 [trainer.py] => pull_constraint: True
2026-07-27 05:01:56,743 [trainer.py] => pull_constraint_coeff: 0.1
2026-07-27 05:01:56,743 [trainer.py] => same_key_value: False
2026-07-27 05:01:56,743 [trainer.py] => total_class_num: 300
2026-07-27 05:01:58,110 [data_manager.py] => [203, 266, 152, 9, 233, 226, 196, 109, 5, 175, 237, 57, 218, 45, 182, 221, 289, 211, 148, 165, 78, 113, 249, 250, 104, 42, 281, 295, 157, 238, 17, 164, 33, 24, 215, 119, 7, 90, 46, 73, 93, 76, 286, 60, 77, 63, 234, 229, 111, 231, 180, 144, 239, 75, 297, 278, 97, 92, 192, 25, 232, 59, 6, 185, 173, 30, 22, 256, 56, 186, 108, 126, 230, 193, 129, 282, 82, 84, 66, 288, 163, 154, 19, 124, 79, 114, 118, 72, 15, 10, 194, 101, 68, 224, 37, 16, 179, 147, 274, 67, 228, 69, 31, 183, 265, 225, 140, 18, 181, 96, 132, 262, 86, 248, 245, 116, 146, 292, 197, 206, 55, 172, 184, 167, 139, 253, 38, 125, 195, 283, 137, 112, 168, 117, 277, 271, 155, 176, 178, 2, 115, 143, 177, 120, 210, 260, 127, 74, 29, 83, 269, 107, 223, 158, 280, 246, 222, 65, 198, 85, 213, 159, 12, 35, 28, 142, 284, 254, 170, 51, 95, 208, 247, 41, 89, 244, 136, 26, 293, 141, 200, 0, 268, 272, 100, 259, 255, 171, 98, 36, 61, 150, 236, 202, 242, 11, 296, 267, 27, 219, 4, 122, 32, 204, 162, 209, 285, 138, 62, 135, 128, 290, 8, 70, 264, 64, 44, 279, 156, 40, 123, 275, 216, 153, 23, 261, 110, 81, 207, 212, 39, 240, 291, 258, 199, 14, 47, 94, 263, 227, 273, 201, 161, 43, 217, 145, 190, 220, 251, 3, 105, 53, 133, 1, 131, 103, 49, 80, 205, 34, 91, 52, 241, 13, 88, 166, 294, 134, 287, 243, 54, 50, 174, 189, 298, 187, 169, 58, 48, 235, 252, 21, 160, 276, 191, 257, 149, 130, 151, 99, 87, 214, 121, 299, 20, 188, 71, 106, 270, 102]
2026-07-27 05:01:58,492 [factory.py] => Loaded ViT-B-16 model config.
2026-07-27 05:01:59,985 [factory.py] => Loading pretrained ViT-B-16 weights (/public/home/hanlida/Dr.1/pretrained_models/open_clip_pytorch_model_laion400m_e32.bin).
2026-07-27 05:02:04,715 [dual_prompt.py] => 86,647,181 model total parameters.
2026-07-27 05:02:04,715 [dual_prompt.py] => 439,181 model training parameters.
2026-07-27 05:02:04,716 [dual_prompt.py] => e_prompt.prompt: 230400
2026-07-27 05:02:04,716 [dual_prompt.py] => e_prompt.prompt_key: 5120
2026-07-27 05:02:04,716 [dual_prompt.py] => head.weight: 203264
2026-07-27 05:02:04,716 [dual_prompt.py] => head.bias: 397
2026-07-27 05:02:04,716 [dual_prompt.py] => Learning on 0-30
2026-07-27 05:16:40,096 [dual_prompt.py] => Task 0, Epoch 10/10 => Loss 0.038, Train_accy 98.76, Test_accy 97.76
2026-07-27 05:16:54,189 [trainer.py] => CNN: {'total': 97.76, '00-09': 96.28, '10-19': 98.11, '20-29': 98.63, 'old': 0, 'new': 97.76, 'harmonic': 0.0}
2026-07-27 05:16:54,190 [trainer.py] => CNN top1 curve: [97.76]
2026-07-27 05:16:54,190 [trainer.py] => CNN top5 curve: [100.0]
2026-07-27 05:16:54,190 [trainer.py] => Average Accuracy (CNN top1): 97.76
2026-07-27 05:16:54,191 [dual_prompt.py] => Learning on 30-60
2026-07-27 05:44:35,952 [dual_prompt.py] => Task 1, Epoch 10/10 => Loss -0.001, Train_accy 98.86, Test_accy 90.76
2026-07-27 05:45:12,862 [trainer.py] => CNN: {'total': 90.76, '00-09': 79.66, '10-19': 80.21, '20-29': 88.8, '30-39': 93.89, '40-49': 95.78, '50-59': 97.38, 'old': 82.48, 'new': 95.34, 'harmonic': 88.44}
2026-07-27 05:45:12,891 [trainer.py] => CNN top1 curve: [97.76, 90.76]
2026-07-27 05:45:12,891 [trainer.py] => CNN top5 curve: [100.0, 99.86]
2026-07-27 05:45:12,892 [trainer.py] => Average Accuracy (CNN top1): 94.26
2026-07-27 05:45:12,892 [dual_prompt.py] => Learning on 60-90
2026-07-27 06:08:43,652 [dual_prompt.py] => Task 2, Epoch 10/10 => Loss 0.021, Train_accy 98.95, Test_accy 88.33
2026-07-27 06:09:34,144 [trainer.py] => CNN: {'total': 88.33, '00-09': 73.07, '10-19': 78.31, '20-29': 81.69, '30-39': 91.82, '40-49': 94.75, '50-59': 94.57, '60-69': 90.69, '70-79': 81.6, '80-89': 92.17, 'old': 87.93, 'new': 89.27, 'harmonic': 88.59}
2026-07-27 06:09:34,172 [trainer.py] => CNN top1 curve: [97.76, 90.76, 88.33]
2026-07-27 06:09:34,172 [trainer.py] => CNN top5 curve: [100.0, 99.86, 99.52]
2026-07-27 06:09:34,172 [trainer.py] => Average Accuracy (CNN top1): 92.28333333333335
2026-07-27 06:09:34,172 [dual_prompt.py] => Learning on 90-120
2026-07-27 06:36:42,356 [dual_prompt.py] => Task 3, Epoch 10/10 => Loss 0.022, Train_accy 98.84, Test_accy 86.71
2026-07-27 06:37:51,906 [trainer.py] => CNN: {'total': 86.71, '00-09': 72.21, '10-19': 76.25, '20-29': 80.6, '30-39': 90.06, '40-49': 93.73, '50-59': 94.37, '60-69': 87.82, '70-79': 79.53, '80-89': 89.44, '90-99': 90.28, '100-109': 84.87, '110-119': 84.18, 'old': 86.65, 'new': 86.91, 'harmonic': 86.78}
2026-07-27 06:37:51,947 [trainer.py] => CNN top1 curve: [97.76, 90.76, 88.33, 86.71]
2026-07-27 06:37:51,947 [trainer.py] => CNN top5 curve: [100.0, 99.86, 99.52, 99.39]
2026-07-27 06:37:51,947 [trainer.py] => Average Accuracy (CNN top1): 90.89
2026-07-27 06:37:51,948 [dual_prompt.py] => Learning on 120-150
2026-07-27 07:10:23,300 [dual_prompt.py] => Task 4, Epoch 10/10 => Loss 0.010, Train_accy 98.47, Test_accy 83.84
2026-07-27 07:11:46,794 [trainer.py] => CNN: {'total': 83.84, '00-09': 69.91, '10-19': 73.15, '20-29': 76.78, '30-39': 89.13, '40-49': 93.39, '50-59': 93.76, '60-69': 85.96, '70-79': 76.26, '80-89': 85.25, '90-99': 81.27, '100-109': 82.0, '110-119': 75.78, '120-129': 82.08, '130-139': 88.38, '140-149': 83.84, 'old': 83.49, 'new': 85.11, 'harmonic': 84.29}
2026-07-27 07:11:46,805 [trainer.py] => CNN top1 curve: [97.76, 90.76, 88.33, 86.71, 83.84]
2026-07-27 07:11:46,805 [trainer.py] => CNN top5 curve: [100.0, 99.86, 99.52, 99.39, 99.09]
2026-07-27 07:11:46,805 [trainer.py] => Average Accuracy (CNN top1): 89.47999999999999
2026-07-27 07:11:46,805 [dual_prompt.py] => Learning on 150-180
2026-07-27 07:49:01,623 [dual_prompt.py] => Task 5, Epoch 10/10 => Loss 0.036, Train_accy 97.87, Test_accy 81.23
2026-07-27 07:50:46,482 [trainer.py] => CNN: {'total': 81.23, '00-09': 66.19, '10-19': 71.08, '20-29': 71.31, '30-39': 85.82, '40-49': 92.47, '50-59': 92.15, '60-69': 84.81, '70-79': 73.89, '80-89': 81.06, '90-99': 80.7, '100-109': 78.12, '110-119': 72.07, '120-129': 78.77, '130-139': 82.5, '140-149': 82.67, '150-159': 79.63, '160-169': 84.47, '170-179': 82.56, 'old': 81.03, 'new': 82.11, 'harmonic': 81.57}
2026-07-27 07:50:46,517 [trainer.py] => CNN top1 curve: [97.76, 90.76, 88.33, 86.71, 83.84, 81.23]
2026-07-27 07:50:46,517 [trainer.py] => CNN top5 curve: [100.0, 99.86, 99.52, 99.39, 99.09, 98.67]
2026-07-27 07:50:46,518 [trainer.py] => Average Accuracy (CNN top1): 88.105
2026-07-27 07:50:46,518 [dual_prompt.py] => Learning on 180-210
2026-07-27 08:27:22,827 [dual_prompt.py] => Task 6, Epoch 10/10 => Loss 0.050, Train_accy 97.56, Test_accy 79.54
2026-07-27 08:29:21,118 [trainer.py] => CNN: {'total': 79.54, '00-09': 65.04, '10-19': 69.88, '20-29': 71.31, '30-39': 85.71, '40-49': 91.79, '50-59': 92.15, '60-69': 82.23, '70-79': 73.29, '80-89': 79.23, '90-99': 80.28, '100-109': 77.1, '110-119': 70.9, '120-129': 78.16, '130-139': 81.99, '140-149': 80.56, '150-159': 79.35, '160-169': 83.82, '170-179': 81.82, '180-189': 70.63, '190-199': 75.8, '200-209': 75.56, 'old': 80.4, 'new': 74.16, 'harmonic': 77.15}
2026-07-27 08:29:21,145 [trainer.py] => CNN top1 curve: [97.76, 90.76, 88.33, 86.71, 83.84, 81.23, 79.54]
2026-07-27 08:29:21,145 [trainer.py] => CNN top5 curve: [100.0, 99.86, 99.52, 99.39, 99.09, 98.67, 98.29]
2026-07-27 08:29:21,145 [trainer.py] => Average Accuracy (CNN top1): 86.88142857142857
2026-07-27 08:29:21,145 [dual_prompt.py] => Learning on 210-240
2026-07-27 09:17:19,187 [dual_prompt.py] => Task 7, Epoch 10/10 => Loss -0.013, Train_accy 98.87, Test_accy 78.45
2026-07-27 09:19:42,216 [trainer.py] => CNN: {'total': 78.45, '00-09': 52.72, '10-19': 63.68, '20-29': 65.3, '30-39': 86.02, '40-49': 90.76, '50-59': 93.36, '60-69': 77.94, '70-79': 69.44, '80-89': 78.32, '90-99': 80.99, '100-109': 72.8, '110-119': 71.09, '120-129': 77.56, '130-139': 81.35, '140-149': 79.39, '150-159': 76.54, '160-169': 81.39, '170-179': 80.48, '180-189': 68.91, '190-199': 72.93, '200-209': 70.26, '210-219': 84.94, '220-229': 83.57, '230-239': 83.78, 'old': 77.3, 'new': 84.09, 'harmonic': 80.55}
2026-07-27 09:19:42,245 [trainer.py] => CNN top1 curve: [97.76, 90.76, 88.33, 86.71, 83.84, 81.23, 79.54, 78.45]
2026-07-27 09:19:42,245 [trainer.py] => CNN top5 curve: [100.0, 99.86, 99.52, 99.39, 99.09, 98.67, 98.29, 97.79]
2026-07-27 09:19:42,246 [trainer.py] => Average Accuracy (CNN top1): 85.8275
2026-07-27 09:19:42,246 [dual_prompt.py] => Learning on 240-270
2026-07-27 09:59:58,105 [dual_prompt.py] => Task 8, Epoch 10/10 => Loss 0.048, Train_accy 97.72, Test_accy 77.32
2026-07-27 10:02:33,235 [trainer.py] => CNN: {'total': 77.32, '00-09': 51.0, '10-19': 63.51, '20-29': 64.75, '30-39': 85.92, '40-49': 90.42, '50-59': 92.96, '60-69': 77.51, '70-79': 69.14, '80-89': 77.96, '90-99': 80.28, '100-109': 72.6, '110-119': 70.7, '120-129': 75.15, '130-139': 81.23, '140-149': 79.16, '150-159': 76.26, '160-169': 80.1, '170-179': 80.48, '180-189': 68.52, '190-199': 72.29, '200-209': 70.09, '210-219': 84.37, '220-229': 82.98, '230-239': 82.95, '240-249': 74.51, '250-259': 72.42, '260-269': 65.9, 'old': 77.92, 'new': 71.22, 'harmonic': 74.42}
2026-07-27 10:02:33,276 [trainer.py] => CNN top1 curve: [97.76, 90.76, 88.33, 86.71, 83.84, 81.23, 79.54, 78.45, 77.32]
2026-07-27 10:02:33,276 [trainer.py] => CNN top5 curve: [100.0, 99.86, 99.52, 99.39, 99.09, 98.67, 98.29, 97.79, 97.29]
2026-07-27 10:02:33,276 [trainer.py] => Average Accuracy (CNN top1): 84.88222222222223
2026-07-27 10:02:33,277 [dual_prompt.py] => Learning on 270-300
2026-07-27 10:47:55,283 [dual_prompt.py] => Task 9, Epoch 10/10 => Loss 0.006, Train_accy 98.80, Test_accy 75.98
2026-07-27 10:50:48,821 [trainer.py] => CNN: {'total': 75.98, '00-09': 49.0, '10-19': 63.17, '20-29': 64.75, '30-39': 85.82, '40-49': 89.97, '50-59': 92.35, '60-69': 77.36, '70-79': 64.09, '80-89': 72.31, '90-99': 78.87, '100-109': 70.55, '110-119': 69.92, '120-129': 74.1, '130-139': 80.84, '140-149': 78.92, '150-159': 75.28, '160-169': 79.94, '170-179': 80.18, '180-189': 67.75, '190-199': 71.66, '200-209': 69.91, '210-219': 84.14, '220-229': 82.72, '230-239': 82.74, '240-249': 73.73, '250-259': 71.86, '260-269': 64.3, '270-279': 58.17, '280-289': 78.99, '290-299': 70.86, 'old': 76.47, 'new': 70.93, 'harmonic': 73.6}
2026-07-27 10:50:48,834 [trainer.py] => CNN top1 curve: [97.76, 90.76, 88.33, 86.71, 83.84, 81.23, 79.54, 78.45, 77.32, 75.98]
2026-07-27 10:50:48,834 [trainer.py] => CNN top5 curve: [100.0, 99.86, 99.52, 99.39, 99.09, 98.67, 98.29, 97.79, 97.29, 96.98]
2026-07-27 10:50:48,835 [trainer.py] => Average Accuracy (CNN top1): 83.992
