2026-07-26 22:10:42,440 [trainer.py] => config: ./configs/dualprompt/dualprompt_ucf_B50_Inc10.json
2026-07-26 22:10:42,441 [trainer.py] => prefix: -
2026-07-26 22:10:42,441 [trainer.py] => dataset: ucf101
2026-07-26 22:10:42,441 [trainer.py] => memory_size: 0
2026-07-26 22:10:42,441 [trainer.py] => memory_per_class: 0
2026-07-26 22:10:42,442 [trainer.py] => fixed_memory: False
2026-07-26 22:10:42,442 [trainer.py] => shuffle: True
2026-07-26 22:10:42,442 [trainer.py] => init_cls: 50
2026-07-26 22:10:42,442 [trainer.py] => increment: 10
2026-07-26 22:10:42,442 [trainer.py] => model_name: dualprompt
2026-07-26 22:10:42,442 [trainer.py] => backbone_type: clip
2026-07-26 22:10:42,443 [trainer.py] => get_original_backbone: True
2026-07-26 22:10:42,443 [trainer.py] => device: [device(type='cuda', index=2)]
2026-07-26 22:10:42,443 [trainer.py] => seed: 2026
2026-07-26 22:10:42,443 [trainer.py] => nb_classes: 101
2026-07-26 22:10:42,443 [trainer.py] => tuned_epoch: 10
2026-07-26 22:10:42,444 [trainer.py] => init_lr: 0.001
2026-07-26 22:10:42,444 [trainer.py] => batch_size: 64
2026-07-26 22:10:42,444 [trainer.py] => weight_decay: 0
2026-07-26 22:10:42,444 [trainer.py] => min_lr: 1e-05
2026-07-26 22:10:42,444 [trainer.py] => optimizer: adam
2026-07-26 22:10:42,444 [trainer.py] => scheduler: constant
2026-07-26 22:10:42,445 [trainer.py] => reinit_optimizer: True
2026-07-26 22:10:42,445 [trainer.py] => global_pool: token
2026-07-26 22:10:42,445 [trainer.py] => head_type: token
2026-07-26 22:10:42,445 [trainer.py] => freeze: ['blocks', 'patch_embed', 'cls_token', 'norm', 'pos_embed']
2026-07-26 22:10:42,445 [trainer.py] => pretrained: True
2026-07-26 22:10:42,445 [trainer.py] => drop: 0.0
2026-07-26 22:10:42,446 [trainer.py] => drop_path: 0.0
2026-07-26 22:10:42,446 [trainer.py] => use_g_prompt: True
2026-07-26 22:10:42,446 [trainer.py] => g_prompt_length: 5
2026-07-26 22:10:42,446 [trainer.py] => g_prompt_layer_idx: [0, 1]
2026-07-26 22:10:42,446 [trainer.py] => use_prefix_tune_for_g_prompt: True
2026-07-26 22:10:42,446 [trainer.py] => use_e_prompt: True
2026-07-26 22:10:42,447 [trainer.py] => e_prompt_layer_idx: [2, 3, 4]
2026-07-26 22:10:42,447 [trainer.py] => use_prefix_tune_for_e_prompt: True
2026-07-26 22:10:42,447 [trainer.py] => prompt_pool: True
2026-07-26 22:10:42,447 [trainer.py] => size: 10
2026-07-26 22:10:42,447 [trainer.py] => length: 5
2026-07-26 22:10:42,447 [trainer.py] => top_k: 1
2026-07-26 22:10:42,448 [trainer.py] => initializer: uniform
2026-07-26 22:10:42,448 [trainer.py] => prompt_key: True
2026-07-26 22:10:42,448 [trainer.py] => prompt_key_init: uniform
2026-07-26 22:10:42,448 [trainer.py] => use_prompt_mask: True
2026-07-26 22:10:42,448 [trainer.py] => shared_prompt_pool: True
2026-07-26 22:10:42,448 [trainer.py] => shared_prompt_key: False
2026-07-26 22:10:42,449 [trainer.py] => batchwise_prompt: True
2026-07-26 22:10:42,449 [trainer.py] => embedding_key: cls
2026-07-26 22:10:42,449 [trainer.py] => predefined_key: 
2026-07-26 22:10:42,449 [trainer.py] => pull_constraint: True
2026-07-26 22:10:42,449 [trainer.py] => pull_constraint_coeff: 0.1
2026-07-26 22:10:42,449 [trainer.py] => same_key_value: False
2026-07-26 22:10:42,450 [trainer.py] => total_class_num: 100
2026-07-26 22:10:42,882 [data_manager.py] => [98, 10, 4, 18, 88, 13, 8, 84, 79, 21, 85, 96, 53, 42, 52, 97, 74, 5, 58, 23, 90, 59, 16, 72, 75, 30, 43, 99, 44, 41, 0, 46, 61, 80, 65, 39, 70, 87, 89, 91, 82, 14, 12, 71, 50, 11, 15, 57, 22, 67, 45, 32, 78, 63, 66, 55, 31, 62, 35, 34, 19, 49, 24, 9, 37, 36, 3, 64, 40, 86, 81, 93, 47, 73, 17, 60, 68, 25, 38, 48, 33, 20, 83, 7, 27, 94, 54, 2, 92, 76, 69, 51, 28, 29, 95, 77, 56, 26, 6, 1]
2026-07-26 22:10:42,948 [factory.py] => Loaded ViT-B-16 model config.
2026-07-26 22:10:44,196 [factory.py] => Loading pretrained ViT-B-16 weights (/public/home/hanlida/Dr.1/pretrained_models/open_clip_pytorch_model_laion400m_e32.bin).
2026-07-26 22:10:47,857 [dual_prompt.py] => 86,495,333 model total parameters.
2026-07-26 22:10:47,858 [dual_prompt.py] => 287,333 model training parameters.
2026-07-26 22:10:47,858 [dual_prompt.py] => e_prompt.prompt: 230400
2026-07-26 22:10:47,858 [dual_prompt.py] => e_prompt.prompt_key: 5120
2026-07-26 22:10:47,858 [dual_prompt.py] => head.weight: 51712
2026-07-26 22:10:47,858 [dual_prompt.py] => head.bias: 101
2026-07-26 22:10:47,858 [dual_prompt.py] => Learning on 0-50
2026-07-26 22:26:18,231 [dual_prompt.py] => Task 0, Epoch 10/10 => Loss 0.076, Train_accy 98.84, Test_accy 97.26
2026-07-26 22:26:31,754 [trainer.py] => CNN: {'total': 97.26, '00-09': 98.4, '10-19': 96.64, '20-29': 98.81, '30-39': 96.58, '40-49': 96.06, 'old': 0, 'new': 97.26, 'harmonic': 0.0}
2026-07-26 22:26:31,754 [trainer.py] => CNN top1 curve: [97.26]
2026-07-26 22:26:31,755 [trainer.py] => CNN top5 curve: [99.77]
2026-07-26 22:26:31,755 [trainer.py] => Average Accuracy (CNN top1): 97.26
2026-07-26 22:26:31,755 [dual_prompt.py] => Learning on 50-60
2026-07-26 22:31:58,049 [dual_prompt.py] => Task 1, Epoch 10/10 => Loss 0.168, Train_accy 98.01, Test_accy 87.93
2026-07-26 22:32:14,919 [trainer.py] => CNN: {'total': 87.93, '00-09': 97.6, '10-19': 96.64, '20-29': 98.81, '30-39': 96.23, '40-49': 96.06, '50-59': 44.36, 'old': 97.04, 'new': 44.36, 'harmonic': 60.89}
2026-07-26 22:32:14,919 [trainer.py] => CNN top1 curve: [97.26, 87.93]
2026-07-26 22:32:14,919 [trainer.py] => CNN top5 curve: [99.77, 99.37]
2026-07-26 22:32:14,920 [trainer.py] => Average Accuracy (CNN top1): 92.595
2026-07-26 22:32:14,920 [dual_prompt.py] => Learning on 60-70
2026-07-26 22:37:59,125 [dual_prompt.py] => Task 2, Epoch 10/10 => Loss 0.114, Train_accy 98.93, Test_accy 80.71
2026-07-26 22:38:17,377 [trainer.py] => CNN: {'total': 80.71, '00-09': 97.2, '10-19': 96.64, '20-29': 98.41, '30-39': 96.23, '40-49': 95.67, '50-59': 44.0, '60-69': 38.87, 'old': 87.68, 'new': 38.87, 'harmonic': 53.86}
2026-07-26 22:38:17,377 [trainer.py] => CNN top1 curve: [97.26, 87.93, 80.71]
2026-07-26 22:38:17,378 [trainer.py] => CNN top5 curve: [99.77, 99.37, 99.14]
2026-07-26 22:38:17,378 [trainer.py] => Average Accuracy (CNN top1): 88.63333333333333
2026-07-26 22:38:17,378 [dual_prompt.py] => Learning on 70-80
2026-07-26 22:44:37,431 [dual_prompt.py] => Task 3, Epoch 10/10 => Loss 0.101, Train_accy 99.34, Test_accy 76.33
2026-07-26 22:44:59,211 [trainer.py] => CNN: {'total': 76.33, '00-09': 97.2, '10-19': 96.64, '20-29': 98.41, '30-39': 96.23, '40-49': 95.67, '50-59': 44.0, '60-69': 38.87, '70-79': 47.9, 'old': 80.71, 'new': 47.9, 'harmonic': 60.12}
2026-07-26 22:44:59,212 [trainer.py] => CNN top1 curve: [97.26, 87.93, 80.71, 76.33]
2026-07-26 22:44:59,212 [trainer.py] => CNN top5 curve: [99.77, 99.37, 99.14, 98.65]
2026-07-26 22:44:59,212 [trainer.py] => Average Accuracy (CNN top1): 85.55749999999999
2026-07-26 22:44:59,212 [dual_prompt.py] => Learning on 80-90
2026-07-26 22:51:45,635 [dual_prompt.py] => Task 4, Epoch 10/10 => Loss 0.145, Train_accy 99.31, Test_accy 73.27
2026-07-26 22:52:09,625 [trainer.py] => CNN: {'total': 73.27, '00-09': 97.2, '10-19': 96.64, '20-29': 98.41, '30-39': 96.23, '40-49': 95.67, '50-59': 43.27, '60-69': 38.49, '70-79': 47.9, '80-89': 50.55, 'old': 76.19, 'new': 50.55, 'harmonic': 60.78}
2026-07-26 22:52:09,625 [trainer.py] => CNN top1 curve: [97.26, 87.93, 80.71, 76.33, 73.27]
2026-07-26 22:52:09,625 [trainer.py] => CNN top5 curve: [99.77, 99.37, 99.14, 98.65, 98.1]
2026-07-26 22:52:09,626 [trainer.py] => Average Accuracy (CNN top1): 83.1
2026-07-26 22:52:09,626 [dual_prompt.py] => Learning on 90-100
2026-07-26 22:59:20,490 [dual_prompt.py] => Task 5, Epoch 10/10 => Loss 0.176, Train_accy 97.26, Test_accy 70.37
2026-07-26 22:59:46,751 [trainer.py] => CNN: {'total': 70.37, '00-09': 97.2, '10-19': 96.64, '20-29': 98.41, '30-39': 96.23, '40-49': 95.67, '50-59': 43.27, '60-69': 38.49, '70-79': 47.9, '80-89': 50.55, '90-99': 38.74, 'old': 73.27, 'new': 38.74, 'harmonic': 50.68}
2026-07-26 22:59:46,752 [trainer.py] => CNN top1 curve: [97.26, 87.93, 80.71, 76.33, 73.27, 70.37]
2026-07-26 22:59:46,752 [trainer.py] => CNN top5 curve: [99.77, 99.37, 99.14, 98.65, 98.1, 97.65]
2026-07-26 22:59:46,752 [trainer.py] => Average Accuracy (CNN top1): 80.97833333333332
