2026-07-26 18:41:01,379 [trainer.py] => config: ./configs/dualprompt/dualprompt_ucf_B0_Inc10.json
2026-07-26 18:41:01,379 [trainer.py] => prefix: -
2026-07-26 18:41:01,379 [trainer.py] => dataset: ucf101
2026-07-26 18:41:01,379 [trainer.py] => memory_size: 0
2026-07-26 18:41:01,379 [trainer.py] => memory_per_class: 0
2026-07-26 18:41:01,379 [trainer.py] => fixed_memory: False
2026-07-26 18:41:01,379 [trainer.py] => shuffle: True
2026-07-26 18:41:01,379 [trainer.py] => init_cls: 10
2026-07-26 18:41:01,379 [trainer.py] => increment: 10
2026-07-26 18:41:01,379 [trainer.py] => model_name: dualprompt
2026-07-26 18:41:01,379 [trainer.py] => backbone_type: clip
2026-07-26 18:41:01,379 [trainer.py] => get_original_backbone: True
2026-07-26 18:41:01,380 [trainer.py] => device: [device(type='cuda', index=2)]
2026-07-26 18:41:01,380 [trainer.py] => seed: 42
2026-07-26 18:41:01,380 [trainer.py] => nb_classes: 101
2026-07-26 18:41:01,380 [trainer.py] => tuned_epoch: 10
2026-07-26 18:41:01,380 [trainer.py] => init_lr: 0.001
2026-07-26 18:41:01,380 [trainer.py] => batch_size: 64
2026-07-26 18:41:01,380 [trainer.py] => weight_decay: 0
2026-07-26 18:41:01,380 [trainer.py] => min_lr: 1e-05
2026-07-26 18:41:01,380 [trainer.py] => optimizer: adam
2026-07-26 18:41:01,380 [trainer.py] => scheduler: constant
2026-07-26 18:41:01,380 [trainer.py] => reinit_optimizer: True
2026-07-26 18:41:01,380 [trainer.py] => global_pool: token
2026-07-26 18:41:01,380 [trainer.py] => head_type: token
2026-07-26 18:41:01,380 [trainer.py] => freeze: ['blocks', 'patch_embed', 'cls_token', 'norm', 'pos_embed']
2026-07-26 18:41:01,380 [trainer.py] => pretrained: True
2026-07-26 18:41:01,380 [trainer.py] => drop: 0.0
2026-07-26 18:41:01,380 [trainer.py] => drop_path: 0.0
2026-07-26 18:41:01,380 [trainer.py] => use_g_prompt: True
2026-07-26 18:41:01,380 [trainer.py] => g_prompt_length: 5
2026-07-26 18:41:01,380 [trainer.py] => g_prompt_layer_idx: [0, 1]
2026-07-26 18:41:01,380 [trainer.py] => use_prefix_tune_for_g_prompt: True
2026-07-26 18:41:01,380 [trainer.py] => use_e_prompt: True
2026-07-26 18:41:01,380 [trainer.py] => e_prompt_layer_idx: [2, 3, 4]
2026-07-26 18:41:01,381 [trainer.py] => use_prefix_tune_for_e_prompt: True
2026-07-26 18:41:01,381 [trainer.py] => prompt_pool: True
2026-07-26 18:41:01,381 [trainer.py] => size: 10
2026-07-26 18:41:01,381 [trainer.py] => length: 5
2026-07-26 18:41:01,381 [trainer.py] => top_k: 1
2026-07-26 18:41:01,381 [trainer.py] => initializer: uniform
2026-07-26 18:41:01,381 [trainer.py] => prompt_key: True
2026-07-26 18:41:01,381 [trainer.py] => prompt_key_init: uniform
2026-07-26 18:41:01,381 [trainer.py] => use_prompt_mask: True
2026-07-26 18:41:01,381 [trainer.py] => shared_prompt_pool: True
2026-07-26 18:41:01,381 [trainer.py] => shared_prompt_key: False
2026-07-26 18:41:01,381 [trainer.py] => batchwise_prompt: True
2026-07-26 18:41:01,381 [trainer.py] => embedding_key: cls
2026-07-26 18:41:01,381 [trainer.py] => predefined_key: 
2026-07-26 18:41:01,381 [trainer.py] => pull_constraint: True
2026-07-26 18:41:01,381 [trainer.py] => pull_constraint_coeff: 0.1
2026-07-26 18:41:01,381 [trainer.py] => same_key_value: False
2026-07-26 18:41:01,381 [trainer.py] => total_class_num: 100
2026-07-26 18:41:01,685 [data_manager.py] => [83, 53, 70, 45, 44, 39, 22, 80, 10, 0, 18, 30, 73, 33, 90, 4, 76, 77, 12, 31, 55, 88, 26, 42, 69, 15, 40, 96, 9, 72, 11, 47, 85, 28, 93, 5, 66, 65, 35, 16, 49, 34, 7, 95, 27, 19, 81, 25, 62, 13, 24, 3, 17, 38, 8, 78, 6, 64, 36, 89, 56, 99, 54, 43, 50, 67, 46, 68, 61, 97, 79, 41, 58, 48, 98, 57, 75, 32, 94, 59, 63, 84, 37, 29, 1, 52, 21, 2, 23, 87, 91, 74, 86, 82, 20, 60, 71, 14, 92, 51]
2026-07-26 18:41:01,705 [factory.py] => Loaded ViT-B-16 model config.
2026-07-26 18:41:03,089 [factory.py] => Loading pretrained ViT-B-16 weights (/public/home/hanlida/Dr.1/pretrained_models/open_clip_pytorch_model_laion400m_e32.bin).
2026-07-26 18:41:07,606 [dual_prompt.py] => 86,495,333 model total parameters.
2026-07-26 18:41:07,607 [dual_prompt.py] => 287,333 model training parameters.
2026-07-26 18:41:07,607 [dual_prompt.py] => e_prompt.prompt: 230400
2026-07-26 18:41:07,607 [dual_prompt.py] => e_prompt.prompt_key: 5120
2026-07-26 18:41:07,607 [dual_prompt.py] => head.weight: 51712
2026-07-26 18:41:07,607 [dual_prompt.py] => head.bias: 101
2026-07-26 18:41:07,607 [dual_prompt.py] => Learning on 0-10
2026-07-26 18:44:26,904 [dual_prompt.py] => Task 0, Epoch 10/10 => Loss 0.186, Train_accy 98.30, Test_accy 96.30
2026-07-26 18:44:30,380 [trainer.py] => CNN: {'total': 96.3, '00-09': 96.3, 'old': 0, 'new': 96.3, 'harmonic': 0.0}
2026-07-26 18:44:30,380 [trainer.py] => CNN top1 curve: [96.3]
2026-07-26 18:44:30,380 [trainer.py] => CNN top5 curve: [100.0]
2026-07-26 18:44:30,380 [trainer.py] => Average Accuracy (CNN top1): 96.3
2026-07-26 18:44:30,380 [dual_prompt.py] => Learning on 10-20
2026-07-26 18:48:10,045 [dual_prompt.py] => Task 1, Epoch 10/10 => Loss 0.210, Train_accy 95.51, Test_accy 93.74
2026-07-26 18:48:16,062 [trainer.py] => CNN: {'total': 93.74, '00-09': 95.29, '10-19': 91.87, 'old': 95.29, 'new': 91.87, 'harmonic': 93.55}
2026-07-26 18:48:16,063 [trainer.py] => CNN top1 curve: [96.3, 93.74]
2026-07-26 18:48:16,063 [trainer.py] => CNN top5 curve: [100.0, 100.0]
2026-07-26 18:48:16,063 [trainer.py] => Average Accuracy (CNN top1): 95.02
2026-07-26 18:48:16,063 [dual_prompt.py] => Learning on 20-30
2026-07-26 18:52:23,358 [dual_prompt.py] => Task 2, Epoch 10/10 => Loss 0.112, Train_accy 99.24, Test_accy 91.29
2026-07-26 18:52:32,074 [trainer.py] => CNN: {'total': 91.29, '00-09': 91.58, '10-19': 86.59, '20-29': 95.4, 'old': 89.32, 'new': 95.4, 'harmonic': 92.26}
2026-07-26 18:52:32,075 [trainer.py] => CNN top1 curve: [96.3, 93.74, 91.29]
2026-07-26 18:52:32,075 [trainer.py] => CNN top5 curve: [100.0, 100.0, 100.0]
2026-07-26 18:52:32,075 [trainer.py] => Average Accuracy (CNN top1): 93.77666666666666
2026-07-26 18:52:32,075 [dual_prompt.py] => Learning on 30-40
2026-07-26 18:57:06,269 [dual_prompt.py] => Task 3, Epoch 10/10 => Loss 0.086, Train_accy 99.90, Test_accy 91.16
2026-07-26 18:57:17,448 [trainer.py] => CNN: {'total': 91.16, '00-09': 90.91, '10-19': 85.77, '20-29': 93.1, '30-39': 94.46, 'old': 90.05, 'new': 94.46, 'harmonic': 92.2}
2026-07-26 18:57:17,448 [trainer.py] => CNN top1 curve: [96.3, 93.74, 91.29, 91.16]
2026-07-26 18:57:17,448 [trainer.py] => CNN top5 curve: [100.0, 100.0, 100.0, 99.91]
2026-07-26 18:57:17,449 [trainer.py] => Average Accuracy (CNN top1): 93.1225
2026-07-26 18:57:17,449 [dual_prompt.py] => Learning on 40-50
2026-07-26 19:01:30,811 [dual_prompt.py] => Task 4, Epoch 10/10 => Loss 0.076, Train_accy 99.80, Test_accy 89.16
2026-07-26 19:01:45,185 [trainer.py] => CNN: {'total': 89.16, '00-09': 88.55, '10-19': 76.02, '20-29': 91.57, '30-39': 93.73, '40-49': 95.28, 'old': 87.72, 'new': 95.28, 'harmonic': 91.34}
2026-07-26 19:01:45,185 [trainer.py] => CNN top1 curve: [96.3, 93.74, 91.29, 91.16, 89.16]
2026-07-26 19:01:45,186 [trainer.py] => CNN top5 curve: [100.0, 100.0, 100.0, 99.91, 99.92]
2026-07-26 19:01:45,186 [trainer.py] => Average Accuracy (CNN top1): 92.33
2026-07-26 19:01:45,186 [dual_prompt.py] => Learning on 50-60
2026-07-26 19:07:30,715 [dual_prompt.py] => Task 5, Epoch 10/10 => Loss 0.083, Train_accy 99.72, Test_accy 88.15
2026-07-26 19:07:47,261 [trainer.py] => CNN: {'total': 88.15, '00-09': 85.19, '10-19': 73.58, '20-29': 90.8, '30-39': 92.25, '40-49': 95.28, '50-59': 91.17, 'old': 87.51, 'new': 91.17, 'harmonic': 89.3}
2026-07-26 19:07:47,261 [trainer.py] => CNN top1 curve: [96.3, 93.74, 91.29, 91.16, 89.16, 88.15]
2026-07-26 19:07:47,262 [trainer.py] => CNN top5 curve: [100.0, 100.0, 100.0, 99.91, 99.92, 99.75]
2026-07-26 19:07:47,262 [trainer.py] => Average Accuracy (CNN top1): 91.63333333333333
2026-07-26 19:07:47,262 [dual_prompt.py] => Learning on 60-70
2026-07-26 19:13:50,660 [dual_prompt.py] => Task 6, Epoch 10/10 => Loss 0.170, Train_accy 98.81, Test_accy 85.21
2026-07-26 19:14:10,360 [trainer.py] => CNN: {'total': 85.21, '00-09': 83.5, '10-19': 73.17, '20-29': 90.8, '30-39': 87.82, '40-49': 94.09, '50-59': 88.69, '60-69': 77.99, 'old': 86.41, 'new': 77.99, 'harmonic': 81.98}
2026-07-26 19:14:10,360 [trainer.py] => CNN top1 curve: [96.3, 93.74, 91.29, 91.16, 89.16, 88.15, 85.21]
2026-07-26 19:14:10,361 [trainer.py] => CNN top5 curve: [100.0, 100.0, 100.0, 99.91, 99.92, 99.75, 99.31]
2026-07-26 19:14:10,361 [trainer.py] => Average Accuracy (CNN top1): 90.71571428571428
2026-07-26 19:14:10,361 [dual_prompt.py] => Learning on 70-80
2026-07-26 19:20:49,066 [dual_prompt.py] => Task 7, Epoch 10/10 => Loss 0.080, Train_accy 99.64, Test_accy 84.17
2026-07-26 19:21:11,332 [trainer.py] => CNN: {'total': 84.17, '00-09': 82.49, '10-19': 72.36, '20-29': 86.59, '30-39': 84.13, '40-49': 94.09, '50-59': 86.22, '60-69': 77.24, '70-79': 89.78, 'old': 83.35, 'new': 89.78, 'harmonic': 86.45}
2026-07-26 19:21:11,333 [trainer.py] => CNN top1 curve: [96.3, 93.74, 91.29, 91.16, 89.16, 88.15, 85.21, 84.17]
2026-07-26 19:21:11,333 [trainer.py] => CNN top5 curve: [100.0, 100.0, 100.0, 99.91, 99.92, 99.75, 99.31, 99.07]
2026-07-26 19:21:11,333 [trainer.py] => Average Accuracy (CNN top1): 89.8975
2026-07-26 19:21:11,333 [dual_prompt.py] => Learning on 80-90
2026-07-26 19:28:03,063 [dual_prompt.py] => Task 8, Epoch 10/10 => Loss 0.096, Train_accy 99.90, Test_accy 81.69
2026-07-26 19:28:28,341 [trainer.py] => CNN: {'total': 81.69, '00-09': 79.46, '10-19': 68.7, '20-29': 83.91, '30-39': 81.55, '40-49': 89.76, '50-59': 81.98, '60-69': 75.0, '70-79': 89.05, '80-89': 85.49, 'old': 81.24, 'new': 85.49, 'harmonic': 83.31}
2026-07-26 19:28:28,341 [trainer.py] => CNN top1 curve: [96.3, 93.74, 91.29, 91.16, 89.16, 88.15, 85.21, 84.17, 81.69]
2026-07-26 19:28:28,341 [trainer.py] => CNN top5 curve: [100.0, 100.0, 100.0, 99.91, 99.92, 99.75, 99.31, 99.07, 98.59]
2026-07-26 19:28:28,342 [trainer.py] => Average Accuracy (CNN top1): 88.98555555555555
2026-07-26 19:28:28,342 [dual_prompt.py] => Learning on 90-100
2026-07-26 19:35:41,703 [dual_prompt.py] => Task 9, Epoch 10/10 => Loss 0.273, Train_accy 95.53, Test_accy 78.97
2026-07-26 19:36:08,985 [trainer.py] => CNN: {'total': 78.97, '00-09': 78.45, '10-19': 68.29, '20-29': 83.91, '30-39': 79.7, '40-49': 88.58, '50-59': 81.27, '60-69': 75.0, '70-79': 89.05, '80-89': 85.49, '90-99': 56.52, 'old': 81.11, 'new': 56.52, 'harmonic': 66.62}
2026-07-26 19:36:08,985 [trainer.py] => CNN top1 curve: [96.3, 93.74, 91.29, 91.16, 89.16, 88.15, 85.21, 84.17, 81.69, 78.97]
2026-07-26 19:36:08,985 [trainer.py] => CNN top5 curve: [100.0, 100.0, 100.0, 99.91, 99.92, 99.75, 99.31, 99.07, 98.59, 97.31]
2026-07-26 19:36:08,985 [trainer.py] => Average Accuracy (CNN top1): 87.984
